2025-06-23T19:18:48.6675340Z Current runner version: '2.325.0'
2025-06-23T19:18:48.6705928Z ##[group]Runner Image Provisioner
2025-06-23T19:18:48.6707177Z Hosted Compute Agent
2025-06-23T19:18:48.6707970Z Version: 20250620.352
2025-06-23T19:18:48.6709016Z Commit: f262f3aba23b10ea191b2a62bdee1ca4c3d344da
2025-06-23T19:18:48.6710084Z Build Date: 2025-06-20T19:27:17Z
2025-06-23T19:18:48.6710923Z ##[endgroup]
2025-06-23T19:18:48.6711640Z ##[group]Operating System
2025-06-23T19:18:48.6712435Z Microsoft Windows Server 2022
2025-06-23T19:18:48.6713346Z 10.0.20348
2025-06-23T19:18:48.6714032Z Datacenter
2025-06-23T19:18:48.6714725Z ##[endgroup]
2025-06-23T19:18:48.6715451Z ##[group]Runner Image
2025-06-23T19:18:48.6716241Z Image: windows-2022
2025-06-23T19:18:48.6716933Z Version: 20250602.1.0
2025-06-23T19:18:48.6719144Z Included Software: https://github.com/actions/runner-images/blob/win22/20250602.1/images/windows/Windows2022-Readme.md
2025-06-23T19:18:48.6722115Z Image Release: https://github.com/actions/runner-images/releases/tag/win22%2F20250602.1
2025-06-23T19:18:48.6723753Z ##[endgroup]
2025-06-23T19:18:48.6727984Z ##[group]GITHUB_TOKEN Permissions
2025-06-23T19:18:48.6730878Z Actions: write
2025-06-23T19:18:48.6731598Z Attestations: write
2025-06-23T19:18:48.6732334Z Checks: write
2025-06-23T19:18:48.6733100Z Contents: write
2025-06-23T19:18:48.6733851Z Deployments: write
2025-06-23T19:18:48.6734664Z Discussions: write
2025-06-23T19:18:48.6735417Z Issues: write
2025-06-23T19:18:48.6736153Z Metadata: read
2025-06-23T19:18:48.6736832Z Models: read
2025-06-23T19:18:48.6737554Z Packages: write
2025-06-23T19:18:48.6738251Z Pages: write
2025-06-23T19:18:48.6739002Z PullRequests: write
2025-06-23T19:18:48.6739770Z RepositoryProjects: write
2025-06-23T19:18:48.6740683Z SecurityEvents: write
2025-06-23T19:18:48.6741606Z Statuses: write
2025-06-23T19:18:48.6742322Z ##[endgroup]
2025-06-23T19:18:48.6744970Z Secret source: Actions
2025-06-23T19:18:48.6745949Z Prepare workflow directory
2025-06-23T19:18:48.7421373Z Prepare all required actions
2025-06-23T19:18:48.7458220Z Getting action download info
2025-06-23T19:18:49.1251716Z ##[group]Download immutable action package 'actions/checkout@v4'
2025-06-23T19:18:49.1253024Z Version: 4.2.2
2025-06-23T19:18:49.1254194Z Digest: sha256:ccb2698953eaebd21c7bf6268a94f9c26518a7e38e27e0b83c1fe1ad049819b1
2025-06-23T19:18:49.1255657Z Source commit SHA: 11bd71901bbe5b1630ceea73d27597364c9af683
2025-06-23T19:18:49.1256557Z ##[endgroup]
2025-06-23T19:18:49.2286988Z ##[group]Download immutable action package 'actions/setup-python@v5'
2025-06-23T19:18:49.2287854Z Version: 5.6.0
2025-06-23T19:18:49.2288540Z Digest: sha256:0b35a0c11c97499e4e0576589036d450b9f5f9da74b7774225b3614b57324404
2025-06-23T19:18:49.2289530Z Source commit SHA: a26af69be951a213d495a4c3e4e4022e16d87065
2025-06-23T19:18:49.2290163Z ##[endgroup]
2025-06-23T19:18:49.6549956Z ##[group]Download immutable action package 'actions/cache@v4'
2025-06-23T19:18:49.6550770Z Version: 4.2.3
2025-06-23T19:18:49.6551517Z Digest: sha256:c8a3bb963e1f1826d8fcc8d1354f0dd29d8ac1db1d4f6f20247055ae11b81ed9
2025-06-23T19:18:49.6552521Z Source commit SHA: 5a3ec84eff668545956fd18022155c47e93e2684
2025-06-23T19:18:49.6553196Z ##[endgroup]
2025-06-23T19:18:49.7854437Z Download action repository 'ilammy/msvc-dev-cmd@v1' (SHA:0b201ec74fa43914dc39ae48a89fd1d8cb592756)
2025-06-23T19:18:50.1964642Z Download action repository 'lukka/run-vcpkg@v11' (SHA:7d259227a1fb6471a0253dd5ab7419835228f7d7)
2025-06-23T19:18:50.6950561Z ##[group]Download immutable action package 'actions/upload-artifact@v4'
2025-06-23T19:18:50.6951951Z Version: 4.6.2
2025-06-23T19:18:50.6953716Z Digest: sha256:290722aa3281d5caf23d0acdc3dbeb3424786a1a01a9cc97e72f147225e37c38
2025-06-23T19:18:50.6955646Z Source commit SHA: ea165f8d65b6e75b540449e92b4886f43607fa02
2025-06-23T19:18:50.6956823Z ##[endgroup]
2025-06-23T19:18:51.0044227Z Complete job name: Build Windows (x86) Python 3.8
2025-06-23T19:18:51.1866599Z ##[group]Run actions/checkout@v4
2025-06-23T19:18:51.1869174Z with:
2025-06-23T19:18:51.1869825Z   submodules: recursive
2025-06-23T19:18:51.1870584Z   repository: Ambro86/synthizer3d
2025-06-23T19:18:51.1871649Z   token: ***
2025-06-23T19:18:51.1872322Z   ssh-strict: true
2025-06-23T19:18:51.1873012Z   ssh-user: git
2025-06-23T19:18:51.1873720Z   persist-credentials: true
2025-06-23T19:18:51.1874482Z   clean: true
2025-06-23T19:18:51.1875178Z   sparse-checkout-cone-mode: true
2025-06-23T19:18:51.1876011Z   fetch-depth: 1
2025-06-23T19:18:51.1876682Z   fetch-tags: false
2025-06-23T19:18:51.1877365Z   show-progress: true
2025-06-23T19:18:51.1878055Z   lfs: false
2025-06-23T19:18:51.1878706Z   set-safe-directory: true
2025-06-23T19:18:51.1879654Z env:
2025-06-23T19:18:51.1880263Z   PYVERSION: 3.8
2025-06-23T19:18:51.1880939Z   CI_ARCH_LOWER: x86
2025-06-23T19:18:51.1881625Z   CI_WINDOWS: 1
2025-06-23T19:18:51.1882268Z   CI_ARCH_ENV: x86
2025-06-23T19:18:51.1883016Z   VCPKG_DEFAULT_TRIPLET: x86-windows
2025-06-23T19:18:51.1884249Z   EFFECTIVE_VCPKG_INSTALLED_DIR_BASE: D:\a\synthizer3d\synthizer3d\vcpkg_installed
2025-06-23T19:18:51.1885504Z ##[endgroup]
2025-06-23T19:18:51.3522725Z Syncing repository: Ambro86/synthizer3d
2025-06-23T19:18:51.3524947Z ##[group]Getting Git version info
2025-06-23T19:18:51.3526949Z Working directory is 'D:\a\synthizer3d\synthizer3d'
2025-06-23T19:18:51.4528366Z [command]"C:\Program Files\Git\bin\git.exe" version
2025-06-23T19:18:51.7346844Z git version 2.49.0.windows.1
2025-06-23T19:18:51.7397243Z ##[endgroup]
2025-06-23T19:18:51.7417579Z Temporarily overriding HOME='D:\a\_temp\be0a49d1-9b8e-4a63-8d8c-76d90b810fda' before making global git config changes
2025-06-23T19:18:51.7419691Z Adding repository directory to the temporary git global config as a safe directory
2025-06-23T19:18:51.7429339Z [command]"C:\Program Files\Git\bin\git.exe" config --global --add safe.directory D:\a\synthizer3d\synthizer3d
2025-06-23T19:18:51.7882867Z Deleting the contents of 'D:\a\synthizer3d\synthizer3d'
2025-06-23T19:18:51.7888297Z ##[group]Initializing the repository
2025-06-23T19:18:51.7897736Z [command]"C:\Program Files\Git\bin\git.exe" init D:\a\synthizer3d\synthizer3d
2025-06-23T19:18:51.8549222Z Initialized empty Git repository in D:/a/synthizer3d/synthizer3d/.git/
2025-06-23T19:18:51.8555138Z [command]"C:\Program Files\Git\bin\git.exe" remote add origin https://github.com/Ambro86/synthizer3d
2025-06-23T19:18:51.8899102Z ##[endgroup]
2025-06-23T19:18:51.8900315Z ##[group]Disabling automatic garbage collection
2025-06-23T19:18:51.8908222Z [command]"C:\Program Files\Git\bin\git.exe" config --local gc.auto 0
2025-06-23T19:18:51.9123022Z ##[endgroup]
2025-06-23T19:18:51.9124148Z ##[group]Setting up auth
2025-06-23T19:18:51.9135488Z [command]"C:\Program Files\Git\bin\git.exe" config --local --name-only --get-regexp core\.sshCommand
2025-06-23T19:18:51.9361717Z [command]"C:\Program Files\Git\bin\git.exe" submodule foreach --recursive "sh -c \"git config --local --name-only --get-regexp 'core\.sshCommand' && git config --local --unset-all 'core.sshCommand' || :\""
2025-06-23T19:18:52.9554865Z [command]"C:\Program Files\Git\bin\git.exe" config --local --name-only --get-regexp http\.https\:\/\/github\.com\/\.extraheader
2025-06-23T19:18:52.9787363Z [command]"C:\Program Files\Git\bin\git.exe" submodule foreach --recursive "sh -c \"git config --local --name-only --get-regexp 'http\.https\:\/\/github\.com\/\.extraheader' && git config --local --unset-all 'http.https://github.com/.extraheader' || :\""
2025-06-23T19:18:53.3657209Z [command]"C:\Program Files\Git\bin\git.exe" config --local http.https://github.com/.extraheader "AUTHORIZATION: basic ***"
2025-06-23T19:18:53.3883275Z ##[endgroup]
2025-06-23T19:18:53.3883907Z ##[group]Fetching the repository
2025-06-23T19:18:53.3899619Z [command]"C:\Program Files\Git\bin\git.exe" -c protocol.version=2 fetch --no-tags --prune --no-recurse-submodules --depth=1 origin +7f973e5f095eea02aed3099f8cb04abae4b93159:refs/remotes/origin/master
2025-06-23T19:18:54.9811383Z From https://github.com/Ambro86/synthizer3d
2025-06-23T19:18:54.9813339Z  * [new ref]         7f973e5f095eea02aed3099f8cb04abae4b93159 -> origin/master
2025-06-23T19:18:54.9987310Z ##[endgroup]
2025-06-23T19:18:54.9987820Z ##[group]Determining the checkout info
2025-06-23T19:18:54.9991233Z ##[endgroup]
2025-06-23T19:18:55.0004728Z [command]"C:\Program Files\Git\bin\git.exe" sparse-checkout disable
2025-06-23T19:18:55.0307387Z [command]"C:\Program Files\Git\bin\git.exe" config --local --unset-all extensions.worktreeConfig
2025-06-23T19:18:55.0535144Z ##[group]Checking out the ref
2025-06-23T19:18:55.0545549Z [command]"C:\Program Files\Git\bin\git.exe" checkout --progress --force -B master refs/remotes/origin/master
2025-06-23T19:18:55.7993721Z branch 'master' set up to track 'origin/master'.
2025-06-23T19:18:55.7998380Z Reset branch 'master'
2025-06-23T19:18:55.8047557Z ##[endgroup]
2025-06-23T19:18:55.8048158Z ##[group]Setting up auth for fetching submodules
2025-06-23T19:18:55.8057957Z [command]"C:\Program Files\Git\bin\git.exe" config --global http.https://github.com/.extraheader "AUTHORIZATION: basic ***"
2025-06-23T19:18:55.8293747Z [command]"C:\Program Files\Git\bin\git.exe" config --global --unset-all url.https://github.com/.insteadOf
2025-06-23T19:18:55.8507556Z [command]"C:\Program Files\Git\bin\git.exe" config --global --add url.https://github.com/.insteadOf git@github.com:
2025-06-23T19:18:55.8724332Z [command]"C:\Program Files\Git\bin\git.exe" config --global --add url.https://github.com/.insteadOf org-58132298@github.com:
2025-06-23T19:18:55.8931049Z ##[endgroup]
2025-06-23T19:18:55.8931436Z ##[group]Fetching submodules
2025-06-23T19:18:55.8939529Z [command]"C:\Program Files\Git\bin\git.exe" submodule sync --recursive
2025-06-23T19:18:56.3075954Z [command]"C:\Program Files\Git\bin\git.exe" -c protocol.version=2 submodule update --init --force --depth=1 --recursive
2025-06-23T19:18:56.6995721Z [command]"C:\Program Files\Git\bin\git.exe" submodule foreach --recursive "git config --local gc.auto 0"
2025-06-23T19:18:57.1041594Z ##[endgroup]
2025-06-23T19:18:57.1042201Z ##[group]Persisting credentials for submodules
2025-06-23T19:18:57.1054394Z [command]"C:\Program Files\Git\bin\git.exe" submodule foreach --recursive "sh -c \"git config --local --name-only --get-regexp 'url\.https\:\/\/github\.com\/\.insteadOf' && git config --local --unset-all 'url.https://github.com/.insteadOf' || :\""
2025-06-23T19:18:57.4959240Z [command]"C:\Program Files\Git\bin\git.exe" submodule foreach --recursive "sh -c \"git config --local 'http.https://github.com/.extraheader' 'AUTHORIZATION: basic ***' && git config --local --show-origin --name-only --get-regexp remote.origin.url\""
2025-06-23T19:18:57.8862005Z [command]"C:\Program Files\Git\bin\git.exe" submodule foreach --recursive "git config --local --add 'url.https://github.com/.insteadOf' 'git@github.com:'"
2025-06-23T19:18:58.2785579Z [command]"C:\Program Files\Git\bin\git.exe" submodule foreach --recursive "git config --local --add 'url.https://github.com/.insteadOf' 'org-58132298@github.com:'"
2025-06-23T19:18:58.6689654Z ##[endgroup]
2025-06-23T19:18:58.6947833Z [command]"C:\Program Files\Git\bin\git.exe" log -1 --format=%H
2025-06-23T19:18:58.7142888Z 7f973e5f095eea02aed3099f8cb04abae4b93159
2025-06-23T19:18:58.7466450Z ##[group]Run actions/setup-python@v5
2025-06-23T19:18:58.7466738Z with:
2025-06-23T19:18:58.7466905Z   python-version: 3.8
2025-06-23T19:18:58.7467090Z   architecture: x86
2025-06-23T19:18:58.7467269Z   check-latest: false
2025-06-23T19:18:58.7467565Z   token: ***
2025-06-23T19:18:58.7467734Z   update-environment: true
2025-06-23T19:18:58.7467933Z   allow-prereleases: false
2025-06-23T19:18:58.7468122Z   freethreaded: false
2025-06-23T19:18:58.7468296Z env:
2025-06-23T19:18:58.7468427Z   PYVERSION: 3.8
2025-06-23T19:18:58.7468584Z   CI_ARCH_LOWER: x86
2025-06-23T19:18:58.7468733Z   CI_WINDOWS: 1
2025-06-23T19:18:58.7468883Z   CI_ARCH_ENV: x86
2025-06-23T19:18:58.7469051Z   VCPKG_DEFAULT_TRIPLET: x86-windows
2025-06-23T19:18:58.7469567Z   EFFECTIVE_VCPKG_INSTALLED_DIR_BASE: D:\a\synthizer3d\synthizer3d\vcpkg_installed
2025-06-23T19:18:58.7469894Z ##[endgroup]
2025-06-23T19:18:58.9661756Z ##[group]Installed versions
2025-06-23T19:18:58.9885788Z Successfully set up CPython (3.8.10)
2025-06-23T19:18:58.9887483Z ##[endgroup]
2025-06-23T19:18:59.0126807Z ##[group]Run python -m pip install --upgrade pip
2025-06-23T19:18:59.0127217Z [36;1mpython -m pip install --upgrade pip[0m
2025-06-23T19:18:59.0358826Z shell: C:\Program Files\PowerShell\7\pwsh.EXE -command ". '{0}'"
2025-06-23T19:18:59.0359209Z env:
2025-06-23T19:18:59.0359386Z   PYVERSION: 3.8
2025-06-23T19:18:59.0359586Z   CI_ARCH_LOWER: x86
2025-06-23T19:18:59.0359787Z   CI_WINDOWS: 1
2025-06-23T19:18:59.0359974Z   CI_ARCH_ENV: x86
2025-06-23T19:18:59.0360186Z   VCPKG_DEFAULT_TRIPLET: x86-windows
2025-06-23T19:18:59.0360630Z   EFFECTIVE_VCPKG_INSTALLED_DIR_BASE: D:\a\synthizer3d\synthizer3d\vcpkg_installed
2025-06-23T19:18:59.0361169Z   pythonLocation: C:\hostedtoolcache\windows\Python\3.8.10\x86
2025-06-23T19:18:59.0361695Z   PKG_CONFIG_PATH: C:\hostedtoolcache\windows\Python\3.8.10\x86/lib/pkgconfig
2025-06-23T19:18:59.0362195Z   Python_ROOT_DIR: C:\hostedtoolcache\windows\Python\3.8.10\x86
2025-06-23T19:18:59.0362662Z   Python2_ROOT_DIR: C:\hostedtoolcache\windows\Python\3.8.10\x86
2025-06-23T19:18:59.0363105Z   Python3_ROOT_DIR: C:\hostedtoolcache\windows\Python\3.8.10\x86
2025-06-23T19:18:59.0363454Z ##[endgroup]
2025-06-23T19:19:06.3597762Z Requirement already satisfied: pip in c:\hostedtoolcache\windows\python\3.8.10\x86\lib\site-packages (25.0.1)
2025-06-23T19:19:07.3515783Z ##[group]Run python synthizer-c/vendor.py synthizer-vendored
2025-06-23T19:19:07.3516238Z [36;1mpython synthizer-c/vendor.py synthizer-vendored[0m
2025-06-23T19:19:07.3546665Z shell: C:\Program Files\PowerShell\7\pwsh.EXE -command ". '{0}'"
2025-06-23T19:19:07.3546958Z env:
2025-06-23T19:19:07.3547102Z   PYVERSION: 3.8
2025-06-23T19:19:07.3547264Z   CI_ARCH_LOWER: x86
2025-06-23T19:19:07.3547436Z   CI_WINDOWS: 1
2025-06-23T19:19:07.3547583Z   CI_ARCH_ENV: x86
2025-06-23T19:19:07.3547756Z   VCPKG_DEFAULT_TRIPLET: x86-windows
2025-06-23T19:19:07.3548089Z   EFFECTIVE_VCPKG_INSTALLED_DIR_BASE: D:\a\synthizer3d\synthizer3d\vcpkg_installed
2025-06-23T19:19:07.3548505Z   pythonLocation: C:\hostedtoolcache\windows\Python\3.8.10\x86
2025-06-23T19:19:07.3548881Z   PKG_CONFIG_PATH: C:\hostedtoolcache\windows\Python\3.8.10\x86/lib/pkgconfig
2025-06-23T19:19:07.3549258Z   Python_ROOT_DIR: C:\hostedtoolcache\windows\Python\3.8.10\x86
2025-06-23T19:19:07.3549655Z   Python2_ROOT_DIR: C:\hostedtoolcache\windows\Python\3.8.10\x86
2025-06-23T19:19:07.3549998Z   Python3_ROOT_DIR: C:\hostedtoolcache\windows\Python\3.8.10\x86
2025-06-23T19:19:07.3550264Z ##[endgroup]
2025-06-23T19:19:09.5687361Z ##[group]Run actions/cache@v4
2025-06-23T19:19:09.5687628Z with:
2025-06-23T19:19:09.5687799Z   path: ~\AppData\Local\pip\Cache
2025-06-23T19:19:09.5688198Z   key: Windows-pip-3.8-x86-7bb05f23c3f96376e1221853e6931719cecbbb5da9517de533d3a2e015d61e31
2025-06-23T19:19:09.5688664Z   restore-keys: Windows-pip-3.8-x86-

2025-06-23T19:19:09.5688907Z   enableCrossOsArchive: false
2025-06-23T19:19:09.5689106Z   fail-on-cache-miss: false
2025-06-23T19:19:09.5689295Z   lookup-only: false
2025-06-23T19:19:09.5689453Z   save-always: false
2025-06-23T19:19:09.5689600Z env:
2025-06-23T19:19:09.5689727Z   PYVERSION: 3.8
2025-06-23T19:19:09.5689876Z   CI_ARCH_LOWER: x86
2025-06-23T19:19:09.5690021Z   CI_WINDOWS: 1
2025-06-23T19:19:09.5690167Z   CI_ARCH_ENV: x86
2025-06-23T19:19:09.5690326Z   VCPKG_DEFAULT_TRIPLET: x86-windows
2025-06-23T19:19:09.5690659Z   EFFECTIVE_VCPKG_INSTALLED_DIR_BASE: D:\a\synthizer3d\synthizer3d\vcpkg_installed
2025-06-23T19:19:09.5691109Z   pythonLocation: C:\hostedtoolcache\windows\Python\3.8.10\x86
2025-06-23T19:19:09.5691492Z   PKG_CONFIG_PATH: C:\hostedtoolcache\windows\Python\3.8.10\x86/lib/pkgconfig
2025-06-23T19:19:09.5691867Z   Python_ROOT_DIR: C:\hostedtoolcache\windows\Python\3.8.10\x86
2025-06-23T19:19:09.5692375Z   Python2_ROOT_DIR: C:\hostedtoolcache\windows\Python\3.8.10\x86
2025-06-23T19:19:09.5692709Z   Python3_ROOT_DIR: C:\hostedtoolcache\windows\Python\3.8.10\x86
2025-06-23T19:19:09.5692966Z ##[endgroup]
2025-06-23T19:19:10.0315360Z Cache hit for: Windows-pip-3.8-x86-7bb05f23c3f96376e1221853e6931719cecbbb5da9517de533d3a2e015d61e31
2025-06-23T19:19:10.7881974Z Received 36981770 of 36981770 (100.0%), 55.8 MBs/sec
2025-06-23T19:19:10.7885214Z Cache Size: ~35 MB (36981770 B)
2025-06-23T19:19:10.7917003Z [command]"C:\Program Files\Git\usr\bin\tar.exe" -xf D:/a/_temp/f27a931b-4b9e-4ce4-aa53-c84c9ebae88a/cache.tzst -P -C D:/a/synthizer3d/synthizer3d --force-local --use-compress-program "zstd -d"
2025-06-23T19:19:11.0540022Z Cache restored successfully
2025-06-23T19:19:11.0685647Z Cache restored from key: Windows-pip-3.8-x86-7bb05f23c3f96376e1221853e6931719cecbbb5da9517de533d3a2e015d61e31
2025-06-23T19:19:11.0899999Z ##[group]Run ilammy/msvc-dev-cmd@v1
2025-06-23T19:19:11.0900311Z with:
2025-06-23T19:19:11.0900463Z   arch: x86
2025-06-23T19:19:11.0900609Z env:
2025-06-23T19:19:11.0900743Z   PYVERSION: 3.8
2025-06-23T19:19:11.0900910Z   CI_ARCH_LOWER: x86
2025-06-23T19:19:11.0901080Z   CI_WINDOWS: 1
2025-06-23T19:19:11.0901223Z   CI_ARCH_ENV: x86
2025-06-23T19:19:11.0901394Z   VCPKG_DEFAULT_TRIPLET: x86-windows
2025-06-23T19:19:11.0901746Z   EFFECTIVE_VCPKG_INSTALLED_DIR_BASE: D:\a\synthizer3d\synthizer3d\vcpkg_installed
2025-06-23T19:19:11.0902171Z   pythonLocation: C:\hostedtoolcache\windows\Python\3.8.10\x86
2025-06-23T19:19:11.0902562Z   PKG_CONFIG_PATH: C:\hostedtoolcache\windows\Python\3.8.10\x86/lib/pkgconfig
2025-06-23T19:19:11.0902945Z   Python_ROOT_DIR: C:\hostedtoolcache\windows\Python\3.8.10\x86
2025-06-23T19:19:11.0903295Z   Python2_ROOT_DIR: C:\hostedtoolcache\windows\Python\3.8.10\x86
2025-06-23T19:19:11.0903664Z   Python3_ROOT_DIR: C:\hostedtoolcache\windows\Python\3.8.10\x86
2025-06-23T19:19:11.0903929Z ##[endgroup]
2025-06-23T19:19:11.3965207Z Found with vswhere: C:\Program Files\Microsoft Visual Studio\2022\Enterprise\VC\Auxiliary\Build\vcvarsall.bat
2025-06-23T19:19:13.9116963Z ##[group]Environment variables
2025-06-23T19:19:13.9117421Z Setting CommandPromptType
2025-06-23T19:19:13.9129703Z Setting DevEnvDir
2025-06-23T19:19:13.9133105Z Setting ExtensionSdkDir
2025-06-23T19:19:13.9135571Z Setting EXTERNAL_INCLUDE
2025-06-23T19:19:13.9141460Z Setting Framework40Version
2025-06-23T19:19:13.9143768Z Setting FrameworkDir
2025-06-23T19:19:13.9146040Z Setting FrameworkDir32
2025-06-23T19:19:13.9149281Z Setting FrameworkVersion
2025-06-23T19:19:13.9151851Z Setting FrameworkVersion32
2025-06-23T19:19:13.9155191Z Setting FSHARPINSTALLDIR
2025-06-23T19:19:13.9158332Z Setting HTMLHelpDir
2025-06-23T19:19:13.9160679Z Setting IFCPATH
2025-06-23T19:19:13.9163907Z Setting INCLUDE
2025-06-23T19:19:13.9168521Z Setting LIB
2025-06-23T19:19:13.9176967Z Setting LIBPATH
2025-06-23T19:19:13.9179320Z Setting NETFXSDKDir
2025-06-23T19:19:13.9181480Z Setting Path
2025-06-23T19:19:13.9185210Z Setting Platform
2025-06-23T19:19:13.9187857Z Setting UCRTVersion
2025-06-23T19:19:13.9189826Z Setting UniversalCRTSdkDir
2025-06-23T19:19:13.9191785Z Setting VCIDEInstallDir
2025-06-23T19:19:13.9193871Z Setting VCINSTALLDIR
2025-06-23T19:19:13.9197260Z Setting VCPKG_ROOT
2025-06-23T19:19:13.9199889Z Setting VCToolsInstallDir
2025-06-23T19:19:13.9202410Z Setting VCToolsRedistDir
2025-06-23T19:19:13.9205089Z Setting VCToolsVersion
2025-06-23T19:19:13.9207686Z Setting VisualStudioVersion
2025-06-23T19:19:13.9210156Z Setting VS170COMNTOOLS
2025-06-23T19:19:13.9212512Z Setting VSCMD_ARG_app_plat
2025-06-23T19:19:13.9215010Z Setting VSCMD_ARG_HOST_ARCH
2025-06-23T19:19:13.9217381Z Setting VSCMD_ARG_TGT_ARCH
2025-06-23T19:19:13.9219801Z Setting VSCMD_VER
2025-06-23T19:19:13.9222463Z Setting VSINSTALLDIR
2025-06-23T19:19:13.9225216Z Setting VSSDK150INSTALL
2025-06-23T19:19:13.9227684Z Setting VSSDKINSTALL
2025-06-23T19:19:13.9230255Z Setting WindowsLibPath
2025-06-23T19:19:13.9233066Z Setting WindowsSdkBinPath
2025-06-23T19:19:13.9235976Z Setting WindowsSdkDir
2025-06-23T19:19:13.9237923Z Setting WindowsSDKLibVersion
2025-06-23T19:19:13.9239805Z Setting WindowsSdkVerBinPath
2025-06-23T19:19:13.9241686Z Setting WindowsSDKVersion
2025-06-23T19:19:13.9243630Z Setting WindowsSDK_ExecutablePath_x64
2025-06-23T19:19:13.9245457Z Setting WindowsSDK_ExecutablePath_x86
2025-06-23T19:19:13.9247288Z Setting __DOTNET_ADD_32BIT
2025-06-23T19:19:13.9249237Z Setting __DOTNET_PREFERRED_BITNESS
2025-06-23T19:19:13.9251047Z Setting __VSCMD_PREINIT_PATH
2025-06-23T19:19:13.9253854Z ##[endgroup]
2025-06-23T19:19:13.9254114Z Configured Developer Command Prompt
2025-06-23T19:19:13.9441040Z ##[group]Run lukka/run-vcpkg@v11
2025-06-23T19:19:13.9441340Z with:
2025-06-23T19:19:13.9441508Z   vcpkgJsonGlob: vcpkg.json
2025-06-23T19:19:13.9441725Z   runVcpkgInstall: true
2025-06-23T19:19:13.9441956Z   vcpkgDirectory: D:\a\synthizer3d\synthizer3d/vcpkg
2025-06-23T19:19:13.9442292Z   vcpkgGitURL: https://github.com/microsoft/vcpkg.git
2025-06-23T19:19:13.9442581Z   doNotUpdateVcpkg: false
2025-06-23T19:19:13.9442778Z   doNotCache: true
2025-06-23T19:19:13.9442956Z   vcpkgJsonIgnores: ['**/vcpkg/**']
2025-06-23T19:19:13.9443255Z   vcpkgConfigurationJsonGlob: **/vcpkg-configuration.json
2025-06-23T19:19:13.9443894Z   runVcpkgFormatString: [`install`, `--recurse`, `--clean-after-build`, `--x-install-root`, `$[env.VCPKG_INSTALLED_DIR]`, `--triplet`, `$[env.VCPKG_DEFAULT_TRIPLET]`]
2025-06-23T19:19:13.9444459Z   useShell: true
2025-06-23T19:19:13.9444889Z   logCollectionRegExps: \s*"(.+CMakeOutput\.log)"\.\s*;\s*"(.+CMakeError\.log)"\.\s*;\s*(.+out\.log)\s*;\s+(.+err\.log)\s*;\s*(.+vcpkg.+\.log)\s*
2025-06-23T19:19:13.9445316Z env:
2025-06-23T19:19:13.9445454Z   PYVERSION: 3.8
2025-06-23T19:19:13.9445618Z   CI_ARCH_LOWER: x86
2025-06-23T19:19:13.9445846Z   CI_WINDOWS: 1
2025-06-23T19:19:13.9446012Z   CI_ARCH_ENV: x86
2025-06-23T19:19:13.9446200Z   VCPKG_DEFAULT_TRIPLET: x86-windows
2025-06-23T19:19:13.9446572Z   EFFECTIVE_VCPKG_INSTALLED_DIR_BASE: D:\a\synthizer3d\synthizer3d\vcpkg_installed
2025-06-23T19:19:13.9446991Z   pythonLocation: C:\hostedtoolcache\windows\Python\3.8.10\x86
2025-06-23T19:19:13.9447369Z   PKG_CONFIG_PATH: C:\hostedtoolcache\windows\Python\3.8.10\x86/lib/pkgconfig
2025-06-23T19:19:13.9447748Z   Python_ROOT_DIR: C:\hostedtoolcache\windows\Python\3.8.10\x86
2025-06-23T19:19:13.9448091Z   Python2_ROOT_DIR: C:\hostedtoolcache\windows\Python\3.8.10\x86
2025-06-23T19:19:13.9448430Z   Python3_ROOT_DIR: C:\hostedtoolcache\windows\Python\3.8.10\x86
2025-06-23T19:19:13.9448703Z   CommandPromptType: Native
2025-06-23T19:19:13.9449018Z   DevEnvDir: C:\Program Files\Microsoft Visual Studio\2022\Enterprise\Common7\IDE\
2025-06-23T19:19:13.9449475Z   ExtensionSdkDir: C:\Program Files (x86)\Microsoft SDKs\Windows Kits\10\ExtensionSDKs
2025-06-23T19:19:13.9451463Z   EXTERNAL_INCLUDE: C:\Program Files\Microsoft Visual Studio\2022\Enterprise\VC\Tools\MSVC\14.43.34808\include;C:\Program Files\Microsoft Visual Studio\2022\Enterprise\VC\Tools\MSVC\14.43.34808\ATLMFC\include;C:\Program Files\Microsoft Visual Studio\2022\Enterprise\VC\Auxiliary\VS\include;C:\Program Files (x86)\Windows Kits\10\include\10.0.26100.0\ucrt;C:\Program Files (x86)\Windows Kits\10\\include\10.0.26100.0\\um;C:\Program Files (x86)\Windows Kits\10\\include\10.0.26100.0\\shared;C:\Program Files (x86)\Windows Kits\10\\include\10.0.26100.0\\winrt;C:\Program Files (x86)\Windows Kits\10\\include\10.0.26100.0\\cppwinrt;C:\Program Files (x86)\Windows Kits\NETFXSDK\4.8\include\um
2025-06-23T19:19:13.9453310Z   Framework40Version: v4.0
2025-06-23T19:19:13.9453542Z   FrameworkDir: C:\Windows\Microsoft.NET\Framework\
2025-06-23T19:19:13.9453835Z   FrameworkDir32: C:\Windows\Microsoft.NET\Framework\
2025-06-23T19:19:13.9454087Z   FrameworkVersion: v4.0.30319
2025-06-23T19:19:13.9454287Z   FrameworkVersion32: v4.0.30319
2025-06-23T19:19:13.9454754Z   FSHARPINSTALLDIR: C:\Program Files\Microsoft Visual Studio\2022\Enterprise\Common7\IDE\CommonExtensions\Microsoft\FSharp\Tools
2025-06-23T19:19:13.9455428Z   HTMLHelpDir: C:\Program Files (x86)\HTML Help Workshop
2025-06-23T19:19:13.9455850Z   IFCPATH: C:\Program Files\Microsoft Visual Studio\2022\Enterprise\VC\Tools\MSVC\14.43.34808\ifc\x86
2025-06-23T19:19:13.9459152Z   INCLUDE: C:\Program Files\Microsoft Visual Studio\2022\Enterprise\VC\Tools\MSVC\14.43.34808\include;C:\Program Files\Microsoft Visual Studio\2022\Enterprise\VC\Tools\MSVC\14.43.34808\ATLMFC\include;C:\Program Files\Microsoft Visual Studio\2022\Enterprise\VC\Auxiliary\VS\include;C:\Program Files (x86)\Windows Kits\10\include\10.0.26100.0\ucrt;C:\Program Files (x86)\Windows Kits\10\\include\10.0.26100.0\\um;C:\Program Files (x86)\Windows Kits\10\\include\10.0.26100.0\\shared;C:\Program Files (x86)\Windows Kits\10\\include\10.0.26100.0\\winrt;C:\Program Files (x86)\Windows Kits\10\\include\10.0.26100.0\\cppwinrt;C:\Program Files (x86)\Windows Kits\NETFXSDK\4.8\include\um
2025-06-23T19:19:13.9461896Z   LIB: C:\Program Files\Microsoft Visual Studio\2022\Enterprise\VC\Tools\MSVC\14.43.34808\ATLMFC\lib\x86;C:\Program Files\Microsoft Visual Studio\2022\Enterprise\VC\Tools\MSVC\14.43.34808\lib\x86;C:\Program Files (x86)\Windows Kits\NETFXSDK\4.8\lib\um\x86;C:\Program Files (x86)\Windows Kits\10\lib\10.0.26100.0\ucrt\x86;C:\Program Files (x86)\Windows Kits\10\\lib\10.0.26100.0\\um\x86
2025-06-23T19:19:13.9464102Z   LIBPATH: C:\Program Files\Microsoft Visual Studio\2022\Enterprise\VC\Tools\MSVC\14.43.34808\ATLMFC\lib\x86;C:\Program Files\Microsoft Visual Studio\2022\Enterprise\VC\Tools\MSVC\14.43.34808\lib\x86;C:\Program Files\Microsoft Visual Studio\2022\Enterprise\VC\Tools\MSVC\14.43.34808\lib\x86\store\references;C:\Program Files (x86)\Windows Kits\10\UnionMetadata\10.0.26100.0;C:\Program Files (x86)\Windows Kits\10\References\10.0.26100.0;C:\Windows\Microsoft.NET\Framework\v4.0.30319
2025-06-23T19:19:13.9465536Z   NETFXSDKDir: C:\Program Files (x86)\Windows Kits\NETFXSDK\4.8\
2025-06-23T19:19:13.9478815Z   Path: C:\Program Files\Microsoft Visual Studio\2022\Enterprise\VC\Tools\MSVC\14.43.34808\bin\HostX86\x86;C:\Program Files\Microsoft Visual Studio\2022\Enterprise\Common7\IDE\VC\VCPackages;C:\Program Files\Microsoft Visual Studio\2022\Enterprise\Common7\IDE\CommonExtensions\Microsoft\TestWindow;C:\Program Files\Microsoft Visual Studio\2022\Enterprise\Common7\IDE\CommonExtensions\Microsoft\TeamFoundation\Team Explorer;C:\Program Files\Microsoft Visual Studio\2022\Enterprise\MSBuild\Current\bin\Roslyn;C:\Program Files (x86)\Microsoft SDKs\Windows\v10.0A\bin\NETFX 4.8 Tools\;C:\Program Files (x86)\HTML Help Workshop;C:\Program Files\Microsoft Visual Studio\2022\Enterprise\Common7\IDE\CommonExtensions\Microsoft\FSharp\Tools;C:\Program Files\Microsoft Visual Studio\2022\Enterprise\Team Tools\DiagnosticsHub\Collector;C:\Program Files\Microsoft Visual Studio\2022\Enterprise\Common7\IDE\Extensions\Microsoft\CodeCoverage.Console;C:\Program Files (x86)\Windows Kits\10\bin\10.0.26100.0\\x86;C:\Program Files (x86)\Windows Kits\10\bin\\x86;C:\Program Files\Microsoft Visual Studio\2022\Enterprise\\MSBuild\Current\Bin\amd64;C:\Windows\Microsoft.NET\Framework\v4.0.30319;C:\Program Files\Microsoft Visual Studio\2022\Enterprise\Common7\IDE\;C:\Program Files\Microsoft Visual Studio\2022\Enterprise\Common7\Tools\;C:\Users\runneradmin\AppData\Roaming\Python\Python38\Scripts;C:\hostedtoolcache\windows\Python\3.8.10\x86\Scripts;C:\hostedtoolcache\windows\Python\3.8.10\x86;C:\Program Files\MongoDB\Server\5.0\bin;C:\aliyun-cli;C:\vcpkg;C:\Program Files (x86)\NSIS\;C:\tools\zstd;C:\Program Files\Mercurial\;C:\hostedtoolcache\windows\stack\3.5.1\x64;C:\cabal\bin;C:\\ghcup\bin;C:\mingw64\bin;C:\Program Files\dotnet;C:\Program Files\MySQL\MySQL Server 8.0\bin;C:\Program Files\R\R-4.4.2\bin\x64;C:\SeleniumWebDrivers\GeckoDriver;C:\SeleniumWebDrivers\EdgeDriver\;C:\SeleniumWebDrivers\ChromeDriver;C:\Program Files (x86)\sbt\bin;C:\Program Files (x86)\GitHub CLI;C:\Program Files\Git\bin;C:\Program Files (x86)\pipx_bin;C:\npm\prefix;C:\hostedtoolcache\windows\go\1.24.3\x64\bin;C:\hostedtoolcache\windows\Python\3.9.13\x64\Scripts;C:\hostedtoolcache\windows\Python\3.9.13\x64;C:\hostedtoolcache\windows\Ruby\3.3.8\x64\bin;C:\Program Files\OpenSSL\bin;C:\tools\kotlinc\bin;C:\hostedtoolcache\windows\Java_Temurin-Hotspot_jdk\8.0.452-9\x64\bin;C:\Program Files\ImageMagick-7.1.1-Q16-HDRI;C:\Program Files\Microsoft SDKs\Azure\CLI2\wbin;C:\ProgramData\kind;C:\ProgramData\Chocolatey\bin;C:\Windows\system32;C:\Windows;C:\Windows\System32\Wbem;C:\Windows\System32\WindowsPowerShell\v1.0\;C:\Windows\System32\OpenSSH\;C:\Program Files\dotnet\;C:\Program Files\PowerShell\7\;C:\Program Files\Microsoft\Web Platform Installer\;C:\Program Files\TortoiseSVN\bin;C:\Program Files\Microsoft SQL Server\Client SDK\ODBC\170\Tools\Binn\;C:\Program Files\Microsoft SQL Server\150\Tools\Binn\;C:\Program Files (x86)\Windows Kits\10\Windows Performance Toolkit\;C:\Program Files (x86)\WiX Toolset v3.14\bin;C:\Program Files\Microsoft SQL Server\130\DTS\Binn\;C:\Program Files\Microsoft SQL Server\140\DTS\Binn\;C:\Program Files\Microsoft SQL Server\150\DTS\Binn\;C:\Program Files\Microsoft SQL Server\160\DTS\Binn\;C:\Strawberry\c\bin;C:\Strawberry\perl\site\bin;C:\Strawberry\perl\bin;C:\ProgramData\chocolatey\lib\pulumi\tools\Pulumi\bin;C:\Program Files\CMake\bin;C:\ProgramData\chocolatey\lib\maven\apache-maven-3.9.9\bin;C:\Program Files\Microsoft Service Fabric\bin\Fabric\Fabric.Code;C:\Program Files\Microsoft SDKs\Service Fabric\Tools\ServiceFabricLocalClusterManager;C:\Program Files\nodejs\;C:\Program Files\Git\cmd;C:\Program Files\Git\mingw64\bin;C:\Program Files\Git\usr\bin;C:\Program Files\GitHub CLI\;c:\tools\php;C:\Program Files\Amazon\AWSCLIV2\;C:\Program Files\Amazon\SessionManagerPlugin\bin\;C:\Program Files\Amazon\AWSSAMCLI\bin\;C:\Program Files\Microsoft SQL Server\130\Tools\Binn\;C:\Program Files\LLVM\bin;C:\Users\runneradmin\.dotnet\tools;C:\Users\runneradmin\.cargo\bin;C:\Users\runneradmin\AppData\Local\Microsoft\WindowsApps;C:\Program Files (x86)\Microsoft Visual Studio\Installer;C:\Program Files\Microsoft Visual Studio\2022\Enterprise\VC\Tools\Llvm\bin;C:\Program Files\Microsoft Visual Studio\2022\Enterprise\Common7\IDE\CommonExtensions\Microsoft\CMake\CMake\bin;C:\Program Files\Microsoft Visual Studio\2022\Enterprise\Common7\IDE\CommonExtensions\Microsoft\CMake\Ninja;C:\Program Files\Microsoft Visual Studio\2022\Enterprise\Common7\IDE\VC\Linux\bin\ConnectionManagerExe;C:\Program Files\Microsoft Visual Studio\2022\Enterprise\VC\vcpkg
2025-06-23T19:19:13.9491788Z   Platform: x86
2025-06-23T19:19:13.9491952Z   UCRTVersion: 10.0.26100.0
2025-06-23T19:19:13.9492209Z   UniversalCRTSdkDir: C:\Program Files (x86)\Windows Kits\10\
2025-06-23T19:19:13.9492643Z   VCIDEInstallDir: C:\Program Files\Microsoft Visual Studio\2022\Enterprise\Common7\IDE\VC\
2025-06-23T19:19:13.9493110Z   VCINSTALLDIR: C:\Program Files\Microsoft Visual Studio\2022\Enterprise\VC\
2025-06-23T19:19:13.9493532Z   VCPKG_ROOT: C:\Program Files\Microsoft Visual Studio\2022\Enterprise\VC\vcpkg
2025-06-23T19:19:13.9494029Z   VCToolsInstallDir: C:\Program Files\Microsoft Visual Studio\2022\Enterprise\VC\Tools\MSVC\14.43.34808\
2025-06-23T19:19:13.9494607Z   VCToolsRedistDir: C:\Program Files\Microsoft Visual Studio\2022\Enterprise\VC\Redist\MSVC\14.42.34433\
2025-06-23T19:19:13.9495004Z   VCToolsVersion: 14.43.34808
2025-06-23T19:19:13.9495197Z   VisualStudioVersion: 17.0
2025-06-23T19:19:13.9495578Z   VS170COMNTOOLS: C:\Program Files\Microsoft Visual Studio\2022\Enterprise\Common7\Tools\
2025-06-23T19:19:13.9495931Z   VSCMD_ARG_app_plat: Desktop
2025-06-23T19:19:13.9496115Z   VSCMD_ARG_HOST_ARCH: x86
2025-06-23T19:19:13.9496286Z   VSCMD_ARG_TGT_ARCH: x86
2025-06-23T19:19:13.9496459Z   VSCMD_VER: 17.13.2
2025-06-23T19:19:13.9496719Z   VSINSTALLDIR: C:\Program Files\Microsoft Visual Studio\2022\Enterprise\
2025-06-23T19:19:13.9497134Z   VSSDK150INSTALL: C:\Program Files\Microsoft Visual Studio\2022\Enterprise\VSSDK
2025-06-23T19:19:13.9497563Z   VSSDKINSTALL: C:\Program Files\Microsoft Visual Studio\2022\Enterprise\VSSDK
2025-06-23T19:19:13.9498232Z   WindowsLibPath: C:\Program Files (x86)\Windows Kits\10\UnionMetadata\10.0.26100.0;C:\Program Files (x86)\Windows Kits\10\References\10.0.26100.0
2025-06-23T19:19:13.9498806Z   WindowsSdkBinPath: C:\Program Files (x86)\Windows Kits\10\bin\
2025-06-23T19:19:13.9499137Z   WindowsSdkDir: C:\Program Files (x86)\Windows Kits\10\
2025-06-23T19:19:13.9499404Z   WindowsSDKLibVersion: 10.0.26100.0\
2025-06-23T19:19:13.9499735Z   WindowsSdkVerBinPath: C:\Program Files (x86)\Windows Kits\10\bin\10.0.26100.0\
2025-06-23T19:19:13.9500076Z   WindowsSDKVersion: 10.0.26100.0\
2025-06-23T19:19:13.9500535Z   WindowsSDK_ExecutablePath_x64: C:\Program Files (x86)\Microsoft SDKs\Windows\v10.0A\bin\NETFX 4.8 Tools\x64\
2025-06-23T19:19:13.9501127Z   WindowsSDK_ExecutablePath_x86: C:\Program Files (x86)\Microsoft SDKs\Windows\v10.0A\bin\NETFX 4.8 Tools\
2025-06-23T19:19:13.9501515Z   __DOTNET_ADD_32BIT: 1
2025-06-23T19:19:13.9501699Z   __DOTNET_PREFERRED_BITNESS: 32
2025-06-23T19:19:13.9509458Z   __VSCMD_PREINIT_PATH: C:\Users\runneradmin\AppData\Roaming\Python\Python38\Scripts;C:\hostedtoolcache\windows\Python\3.8.10\x86\Scripts;C:\hostedtoolcache\windows\Python\3.8.10\x86;C:\Program Files\MongoDB\Server\5.0\bin;C:\aliyun-cli;C:\vcpkg;C:\Program Files (x86)\NSIS\;C:\tools\zstd;C:\Program Files\Mercurial\;C:\hostedtoolcache\windows\stack\3.5.1\x64;C:\cabal\bin;C:\\ghcup\bin;C:\mingw64\bin;C:\Program Files\dotnet;C:\Program Files\MySQL\MySQL Server 8.0\bin;C:\Program Files\R\R-4.4.2\bin\x64;C:\SeleniumWebDrivers\GeckoDriver;C:\SeleniumWebDrivers\EdgeDriver\;C:\SeleniumWebDrivers\ChromeDriver;C:\Program Files (x86)\sbt\bin;C:\Program Files (x86)\GitHub CLI;C:\Program Files\Git\bin;C:\Program Files (x86)\pipx_bin;C:\npm\prefix;C:\hostedtoolcache\windows\go\1.24.3\x64\bin;C:\hostedtoolcache\windows\Python\3.9.13\x64\Scripts;C:\hostedtoolcache\windows\Python\3.9.13\x64;C:\hostedtoolcache\windows\Ruby\3.3.8\x64\bin;C:\Program Files\OpenSSL\bin;C:\tools\kotlinc\bin;C:\hostedtoolcache\windows\Java_Temurin-Hotspot_jdk\8.0.452-9\x64\bin;C:\Program Files\ImageMagick-7.1.1-Q16-HDRI;C:\Program Files\Microsoft SDKs\Azure\CLI2\wbin;C:\ProgramData\kind;C:\ProgramData\Chocolatey\bin;C:\Windows\system32;C:\Windows;C:\Windows\System32\Wbem;C:\Windows\System32\WindowsPowerShell\v1.0\;C:\Windows\System32\OpenSSH\;C:\Program Files\dotnet\;C:\Program Files\PowerShell\7\;C:\Program Files\Microsoft\Web Platform Installer\;C:\Program Files\TortoiseSVN\bin;C:\Program Files\Microsoft SQL Server\Client SDK\ODBC\170\Tools\Binn\;C:\Program Files\Microsoft SQL Server\150\Tools\Binn\;C:\Program Files (x86)\Windows Kits\10\Windows Performance Toolkit\;C:\Program Files (x86)\WiX Toolset v3.14\bin;C:\Program Files\Microsoft SQL Server\130\DTS\Binn\;C:\Program Files\Microsoft SQL Server\140\DTS\Binn\;C:\Program Files\Microsoft SQL Server\150\DTS\Binn\;C:\Program Files\Microsoft SQL Server\160\DTS\Binn\;C:\Strawberry\c\bin;C:\Strawberry\perl\site\bin;C:\Strawberry\perl\bin;C:\ProgramData\chocolatey\lib\pulumi\tools\Pulumi\bin;C:\Program Files\CMake\bin;C:\ProgramData\chocolatey\lib\maven\apache-maven-3.9.9\bin;C:\Program Files\Microsoft Service Fabric\bin\Fabric\Fabric.Code;C:\Program Files\Microsoft SDKs\Service Fabric\Tools\ServiceFabricLocalClusterManager;C:\Program Files\nodejs\;C:\Program Files\Git\cmd;C:\Program Files\Git\mingw64\bin;C:\Program Files\Git\usr\bin;C:\Program Files\GitHub CLI\;c:\tools\php;C:\Program Files (x86)\sbt\bin;C:\Program Files\Amazon\AWSCLIV2\;C:\Program Files\Amazon\SessionManagerPlugin\bin\;C:\Program Files\Amazon\AWSSAMCLI\bin\;C:\Program Files\Microsoft SQL Server\130\Tools\Binn\;C:\Program Files\LLVM\bin;C:\Users\runneradmin\.dotnet\tools;C:\Users\runneradmin\.cargo\bin;C:\Users\runneradmin\AppData\Local\Microsoft\WindowsApps;C:\Program Files (x86)\Microsoft Visual Studio\Installer
2025-06-23T19:19:13.9517353Z ##[endgroup]
2025-06-23T19:19:14.2143801Z ##[group]Prepare output directories
2025-06-23T19:19:14.2146647Z The vpckg root directory: 'D:\a\synthizer3d\synthizer3d\vcpkg'
2025-06-23T19:19:14.2187981Z ##[endgroup]
2025-06-23T19:19:14.2188661Z ⏱ elapsed: 0.004 seconds
2025-06-23T19:19:14.3876977Z Running command '"C:\Program Files\Git\bin\git.exe"' with args '^"submodule^",^"status^",^"D:\a\synthizer3d\synthizer3d\vcpkg^"' in current directory 'D:\a\synthizer3d\synthizer3d'.
2025-06-23T19:19:14.8603531Z error: pathspec 'D:\a\synthizer3d\synthizer3d\vcpkg' did not match any file(s) known to git
2025-06-23T19:19:14.8816433Z ##[group]Searching for vcpkg.json with glob expression 'vcpkg.json'
2025-06-23T19:19:14.8916455Z Found vcpkg.json at 'vcpkg.json'.
2025-06-23T19:19:14.8919323Z ##[endgroup]
2025-06-23T19:19:14.8919907Z ⏱ elapsed: 0.010 seconds
2025-06-23T19:19:14.8921189Z ##[group]The vcpkgCommitId is not provided, searching for a vcpkg-configuration.json using **/vcpkg-configuration.json
2025-06-23T19:19:14.8925087Z Searching for 'vcpkg-configuration.json' using: '**/vcpkg-configuration.json'
2025-06-23T19:19:14.9402601Z The file 'vcpkg-configuration.json' was not found with glob expression '**/vcpkg-configuration.json'.
2025-06-23T19:19:14.9408943Z A vcpkg-configuration.json is not found.
2025-06-23T19:19:14.9440972Z ##[endgroup]
2025-06-23T19:19:14.9441481Z ⏱ elapsed: 0.052 seconds
2025-06-23T19:19:14.9442736Z Found baseline '8f63c9ed5897d7367a92a442a79f91721e0fd38f', this is the Git commit id going to be used to fetch vcpkg from the repository
2025-06-23T19:19:14.9463781Z ##[group]Setup to run on GitHub Action runners
2025-06-23T19:19:14.9464523Z Set the workflow environment variable 'VCPKG_BINARY_SOURCES' to value 'clear;x-gha,readwrite'
2025-06-23T19:19:14.9465853Z Set the workflow environment variable 'ACTIONS_CACHE_URL' to value 'https://acghubeus2.actions.githubusercontent.com/bwbzopuV3oKlbowlUKWdOnf6KF0vjv7EYqCB3ZHqukKhTVgy74/'
2025-06-23T19:19:14.9515648Z Set the workflow environment variable 'ACTIONS_RUNTIME_TOKEN' to value '***'
2025-06-23T19:19:14.9516618Z ##[endgroup]
2025-06-23T19:19:14.9517072Z ⏱ elapsed: 0.002 seconds
2025-06-23T19:19:14.9517682Z ##[group]Retrieving the vcpkg Git commit id at: 'D:\a\synthizer3d\synthizer3d\vcpkg'
2025-06-23T19:19:15.1014638Z Fetching the Git commit id at 'D:\a\synthizer3d\synthizer3d\vcpkg' ...
2025-06-23T19:19:15.1019740Z Running command '"C:\Program Files\Git\bin\git.exe"' with args '^"rev-parse^",^"HEAD^"' in current directory 'D:\a\synthizer3d\synthizer3d\vcpkg'.
2025-06-23T19:19:15.1324554Z 7f973e5f095eea02aed3099f8cb04abae4b93159
2025-06-23T19:19:15.1372712Z ##[endgroup]
2025-06-23T19:19:15.1373415Z ⏱ elapsed: 0.190 seconds
2025-06-23T19:19:15.1374033Z ##[group]Check whether vcpkg repository is up to date
2025-06-23T19:19:15.1376144Z Checking whether vcpkg's repository is updated to commit id '7f973e5f095eea02aed3099f8cb04abae4b93159' ...
2025-06-23T19:19:15.1378416Z Current commit id of vcpkg: '7f973e5f095eea02aed3099f8cb04abae4b93159'.
2025-06-23T19:19:15.1379078Z Is vcpkg repository updated? No
2025-06-23T19:19:15.1379614Z ##[endgroup]
2025-06-23T19:19:15.1380191Z ⏱ elapsed: 0.001 seconds
2025-06-23T19:19:15.1380604Z ##[group]Download vcpkg source code repository
2025-06-23T19:19:15.1382526Z Cloning vcpkg in 'D:\a\synthizer3d\synthizer3d\vcpkg'...
2025-06-23T19:19:15.2759386Z Running command '"C:\Program Files\Git\bin\git.exe"' with args '^"clone^",^"https://github.com/microsoft/vcpkg.git^",^"-n^",^".^"' in current directory 'D:\a\synthizer3d\synthizer3d\vcpkg'.
2025-06-23T19:19:15.3168825Z Cloning into '.'...
2025-06-23T19:19:25.3462978Z Running command '"C:\Program Files\Git\bin\git.exe"' with args '^"checkout^",^"--force^",^"8f63c9ed5897d7367a92a442a79f91721e0fd38f^"' in current directory 'D:\a\synthizer3d\synthizer3d\vcpkg'.
2025-06-23T19:19:27.3864350Z Note: switching to '8f63c9ed5897d7367a92a442a79f91721e0fd38f'.
2025-06-23T19:19:27.3864642Z 
2025-06-23T19:19:27.3864923Z You are in 'detached HEAD' state. You can look around, make experimental
2025-06-23T19:19:27.3865436Z changes and commit them, and you can discard any commits you make in this
2025-06-23T19:19:27.3865929Z state without impacting any branches by switching back to a branch.
2025-06-23T19:19:27.3866437Z 
2025-06-23T19:19:27.3866695Z If you want to create a new branch to retain commits you create, you may
2025-06-23T19:19:27.3867183Z do so (now or later) by using -c with the switch command. Example:
2025-06-23T19:19:27.3867425Z 
2025-06-23T19:19:27.3867565Z   git switch -c <new-branch-name>
2025-06-23T19:19:27.3867726Z 
2025-06-23T19:19:27.3867854Z Or undo this operation with:
2025-06-23T19:19:27.3867997Z 
2025-06-23T19:19:27.3868078Z   git switch -
2025-06-23T19:19:27.3868189Z 
2025-06-23T19:19:27.3868478Z Turn off this advice by setting config variable advice.detachedHead to false
2025-06-23T19:19:27.3870517Z 
2025-06-23T19:19:27.3870949Z HEAD is now at 8f63c9ed58 [tree-sitter-c] update to 0.24.1 (#45715)
2025-06-23T19:19:27.3918463Z Clone vcpkg in 'D:\a\synthizer3d\synthizer3d\vcpkg'.
2025-06-23T19:19:27.3919285Z ##[endgroup]
2025-06-23T19:19:27.3919715Z ⏱ elapsed: 12.254 seconds
2025-06-23T19:19:27.3920067Z ##[group]Build vcpkg executable
2025-06-23T19:19:27.5131024Z Running command '"C:\Windows\system32\cmd.exe"' with args '^"/c^",^"D:\a\synthizer3d\synthizer3d\vcpkg\bootstrap-vcpkg.bat^"' in current directory 'D:\a\synthizer3d\synthizer3d\vcpkg'.
2025-06-23T19:19:28.4069033Z Downloading https://github.com/microsoft/vcpkg-tool/releases/download/2025-05-19/vcpkg.exe -> D:\a\synthizer3d\synthizer3d\vcpkg\vcpkg.exe... done.
2025-06-23T19:19:28.5640282Z Validating signature... done.
2025-06-23T19:19:28.5733991Z 
2025-06-23T19:19:28.5907032Z vcpkg package management program version 2025-05-19-ece4c0f6b8fae9e94513d544c7aa753dd2c82337
2025-06-23T19:19:28.5907440Z 
2025-06-23T19:19:28.5907632Z See LICENSE.txt for license information.
2025-06-23T19:19:28.5930488Z Telemetry
2025-06-23T19:19:28.5930756Z ---------
2025-06-23T19:19:28.5931364Z vcpkg collects usage data in order to help us improve your experience.
2025-06-23T19:19:28.5931812Z The data collected by Microsoft is anonymous.
2025-06-23T19:19:28.5932842Z You can opt-out of telemetry by re-running the bootstrap-vcpkg script with -disableMetrics,
2025-06-23T19:19:28.5933715Z passing --disable-metrics to vcpkg on the command line,
2025-06-23T19:19:28.5934359Z or by setting the VCPKG_DISABLE_METRICS environment variable.
2025-06-23T19:19:28.5934577Z 
2025-06-23T19:19:28.5937442Z Read more about vcpkg telemetry at docs/about/privacy.md
2025-06-23T19:19:28.7192106Z Fetching the Git commit id at 'D:\a\synthizer3d\synthizer3d\vcpkg' ...
2025-06-23T19:19:28.7194131Z Running command '"C:\Program Files\Git\bin\git.exe"' with args '^"rev-parse^",^"HEAD^"' in current directory 'D:\a\synthizer3d\synthizer3d\vcpkg'.
2025-06-23T19:19:28.7462622Z 8f63c9ed5897d7367a92a442a79f91721e0fd38f
2025-06-23T19:19:28.7500516Z Stored last built vcpkg commit id '8f63c9ed5897d7367a92a442a79f91721e0fd38f' in file 'D:\a\synthizer3d\synthizer3d\vcpkg\vcpkgLastBuiltCommitId'.
2025-06-23T19:19:28.7501384Z ##[endgroup]
2025-06-23T19:19:28.7501943Z ⏱ elapsed: 1.358 seconds
2025-06-23T19:19:28.7502440Z ##[group]Add to PATH vcpkg at 'D:\a\synthizer3d\synthizer3d\vcpkg'
2025-06-23T19:19:28.7506428Z ##[endgroup]
2025-06-23T19:19:28.7507805Z ⏱ elapsed: 0.001 seconds
2025-06-23T19:19:28.7509421Z ##[group]Install/Update ports using vcpkg.json
2025-06-23T19:19:28.7512983Z Running 'vcpkg install,--recurse,--clean-after-build,--x-install-root,D:/a/synthizer3d/synthizer3d/969f6665-88a2-4c98-938e-ca9259871fec/vcpkg_installed,--triplet,x86-windows' in directory 'D:\a\synthizer3d\synthizer3d' ...
2025-06-23T19:19:28.7515608Z Running command '"D:\a\synthizer3d\synthizer3d\vcpkg\vcpkg.exe"' with args '^"install^",^"--recurse^",^"--clean-after-build^",^"--x-install-root^",^"D:/a/synthizer3d/synthizer3d/969f6665-88a2-4c98-938e-ca9259871fec/vcpkg_installed^",^"--triplet^",^"x86-windows^"' in current directory 'D:\a\synthizer3d\synthizer3d'.
2025-06-23T19:19:28.7684926Z warning: The vcpkg D:\a\synthizer3d\synthizer3d\vcpkg\vcpkg.exe is using detected vcpkg root D:\a\synthizer3d\synthizer3d\vcpkg and ignoring mismatched VCPKG_ROOT environment value C:\Program Files\Microsoft Visual Studio\2022\Enterprise\VC\vcpkg. To suppress this message, unset the environment variable or use the --vcpkg-root command line switch.
2025-06-23T19:19:29.8845501Z Detecting compiler hash for triplet x64-windows...
2025-06-23T19:19:35.6771406Z Compiler found: C:/Program Files/Microsoft Visual Studio/2022/Enterprise/VC/Tools/MSVC/14.43.34808/bin/Hostx64/x64/cl.exe
2025-06-23T19:19:35.6853237Z Detecting compiler hash for triplet x86-windows...
2025-06-23T19:19:39.9071215Z Compiler found: C:/Program Files/Microsoft Visual Studio/2022/Enterprise/VC/Tools/MSVC/14.43.34808/bin/Hostx64/x86/cl.exe
2025-06-23T19:19:39.9116505Z The following packages will be built and installed:
2025-06-23T19:19:39.9117092Z   * atl:x86-windows@0
2025-06-23T19:19:39.9117466Z   * atlmfc:x86-windows@0#3
2025-06-23T19:19:39.9117876Z     libogg:x86-windows@1.3.5#2
2025-06-23T19:19:39.9118305Z     libvorbis:x86-windows@1.3.7#4
2025-06-23T19:19:39.9118769Z     opus:x86-windows@1.5.2
2025-06-23T19:19:39.9119194Z     opusfile:x86-windows@0.12+20221121#1
2025-06-23T19:19:39.9119668Z     soundtouch:x86-windows@2.3.3
2025-06-23T19:19:39.9120137Z   * vcpkg-cmake:x64-windows@2024-04-23
2025-06-23T19:19:39.9120645Z   * vcpkg-cmake-config:x64-windows@2024-05-23
2025-06-23T19:19:39.9121378Z Additional packages (*) will be modified to complete this operation.
2025-06-23T19:19:39.9126754Z %VCPKG_BINARY_SOURCES%: warning: The 'x-gha' binary caching backend has been removed. Consider using a NuGet-based binary caching provider instead, see extended documentation at https://learn.microsoft.com/vcpkg/users/binarycaching?WT.mc_id=vcpkg_inproduct_cli.
2025-06-23T19:19:39.9128280Z   on expression: clear;x-gha,readwrite
2025-06-23T19:19:39.9128572Z                                       ^
2025-06-23T19:19:39.9128938Z Installing 1/9 vcpkg-cmake-config:x64-windows@2024-05-23...
2025-06-23T19:19:39.9129357Z Building vcpkg-cmake-config:x64-windows@2024-05-23...
2025-06-23T19:19:39.9408401Z -- Installing: D:/a/synthizer3d/synthizer3d/vcpkg/packages/vcpkg-cmake-config_x64-windows/share/vcpkg-cmake-config/vcpkg_cmake_config_fixup.cmake
2025-06-23T19:19:39.9415679Z -- Installing: D:/a/synthizer3d/synthizer3d/vcpkg/packages/vcpkg-cmake-config_x64-windows/share/vcpkg-cmake-config/vcpkg-port-config.cmake
2025-06-23T19:19:39.9427877Z -- Installing: D:/a/synthizer3d/synthizer3d/vcpkg/packages/vcpkg-cmake-config_x64-windows/share/vcpkg-cmake-config/copyright
2025-06-23T19:19:39.9458523Z -- Skipping post-build validation due to VCPKG_POLICY_EMPTY_PACKAGE
2025-06-23T19:19:39.9495779Z Elapsed time to handle vcpkg-cmake-config:x64-windows: 37.5 ms
2025-06-23T19:19:39.9496738Z vcpkg-cmake-config:x64-windows package ABI: 842797583f0500a3cabbedf03fb083636fe11e4fd3fd19d9a475485e484445fb
2025-06-23T19:19:39.9506658Z Installing 2/9 vcpkg-cmake:x64-windows@2024-04-23...
2025-06-23T19:19:39.9507174Z Building vcpkg-cmake:x64-windows@2024-04-23...
2025-06-23T19:19:39.9784635Z -- Installing: D:/a/synthizer3d/synthizer3d/vcpkg/packages/vcpkg-cmake_x64-windows/share/vcpkg-cmake/vcpkg_cmake_configure.cmake
2025-06-23T19:19:39.9792101Z -- Installing: D:/a/synthizer3d/synthizer3d/vcpkg/packages/vcpkg-cmake_x64-windows/share/vcpkg-cmake/vcpkg_cmake_build.cmake
2025-06-23T19:19:39.9799574Z -- Installing: D:/a/synthizer3d/synthizer3d/vcpkg/packages/vcpkg-cmake_x64-windows/share/vcpkg-cmake/vcpkg_cmake_install.cmake
2025-06-23T19:19:39.9801353Z -- Installing: D:/a/synthizer3d/synthizer3d/vcpkg/packages/vcpkg-cmake_x64-windows/share/vcpkg-cmake/vcpkg-port-config.cmake
2025-06-23T19:19:39.9805101Z -- Installing: D:/a/synthizer3d/synthizer3d/vcpkg/packages/vcpkg-cmake_x64-windows/share/vcpkg-cmake/copyright
2025-06-23T19:19:39.9838518Z -- Performing post-build validation
2025-06-23T19:19:39.9884757Z Elapsed time to handle vcpkg-cmake:x64-windows: 39.3 ms
2025-06-23T19:19:39.9885806Z vcpkg-cmake:x64-windows package ABI: a500b93f9e0b831ca946128005613d551eeb943040c8f073dc3184f7e15c9834
2025-06-23T19:19:39.9890614Z Installing 3/9 libogg:x86-windows@1.3.5#2...
2025-06-23T19:19:39.9891077Z Building libogg:x86-windows@1.3.5#2...
2025-06-23T19:19:40.0271181Z Downloading https://gitlab.xiph.org/xiph/ogg/-/archive/v1.3.5/ogg-v1.3.5.tar.gz -> xiph-ogg-v1.3.5.tar.gz
2025-06-23T19:19:40.5945932Z Successfully downloaded xiph-ogg-v1.3.5.tar.gz
2025-06-23T19:19:40.5985584Z -- Extracting source D:/a/synthizer3d/synthizer3d/vcpkg/downloads/xiph-ogg-v1.3.5.tar.gz
2025-06-23T19:19:40.7701469Z -- Using source at D:/a/synthizer3d/synthizer3d/vcpkg/buildtrees/libogg/src/v1.3.5-1a4243fef9.clean
2025-06-23T19:19:40.7815178Z -- Found external ninja('1.12.1').
2025-06-23T19:19:40.7854070Z -- Configuring x86-windows
2025-06-23T19:19:47.5518036Z -- Building x86-windows-dbg
2025-06-23T19:19:47.9120375Z -- Building x86-windows-rel
2025-06-23T19:19:48.3697500Z -- Fixing pkgconfig file: D:/a/synthizer3d/synthizer3d/vcpkg/packages/libogg_x86-windows/lib/pkgconfig/ogg.pc
2025-06-23T19:19:48.3887649Z Downloading msys2-mingw-w64-x86_64-pkgconf-1~2.3.0-1-any.pkg.tar.zst, trying https://mirror.msys2.org/mingw/mingw64/mingw-w64-x86_64-pkgconf-1~2.3.0-1-any.pkg.tar.zst
2025-06-23T19:19:50.0281765Z Successfully downloaded msys2-mingw-w64-x86_64-pkgconf-1~2.3.0-1-any.pkg.tar.zst
2025-06-23T19:19:50.0403643Z Downloading msys2-msys2-runtime-3.5.4-2-x86_64.pkg.tar.zst, trying https://mirror.msys2.org/msys/x86_64/msys2-runtime-3.5.4-2-x86_64.pkg.tar.zst
2025-06-23T19:19:51.3691067Z Successfully downloaded msys2-msys2-runtime-3.5.4-2-x86_64.pkg.tar.zst
2025-06-23T19:19:51.4243153Z -- Using msys root at D:/a/synthizer3d/synthizer3d/vcpkg/downloads/tools/msys2/21caed2f81ec917b
2025-06-23T19:19:51.4336218Z -- Fixing pkgconfig file: D:/a/synthizer3d/synthizer3d/vcpkg/packages/libogg_x86-windows/debug/lib/pkgconfig/ogg.pc
2025-06-23T19:19:51.4402038Z -- Installing: D:/a/synthizer3d/synthizer3d/vcpkg/packages/libogg_x86-windows/share/libogg/copyright
2025-06-23T19:19:51.4457706Z -- Performing post-build validation
2025-06-23T19:19:51.4666584Z Elapsed time to handle libogg:x86-windows: 11 s
2025-06-23T19:19:51.4667934Z libogg:x86-windows package ABI: 9d3116e61295141536d65bb41b5ea55c2d7e70816845fe2fcdb939f844d32951
2025-06-23T19:19:51.4669077Z Installing 4/9 libvorbis:x86-windows@1.3.7#4...
2025-06-23T19:19:51.4672542Z Building libvorbis:x86-windows@1.3.7#4...
2025-06-23T19:19:51.5059317Z Downloading https://github.com/xiph/vorbis/archive/v1.3.7.tar.gz -> xiph-vorbis-v1.3.7.tar.gz
2025-06-23T19:19:51.9552342Z Successfully downloaded xiph-vorbis-v1.3.7.tar.gz
2025-06-23T19:19:51.9626190Z -- Extracting source D:/a/synthizer3d/synthizer3d/vcpkg/downloads/xiph-vorbis-v1.3.7.tar.gz
2025-06-23T19:19:52.1499525Z -- Applying patch 0001-Dont-export-vorbisenc-functions.patch
2025-06-23T19:19:52.1711872Z -- Applying patch 0002-Fixup-pkgconfig-libs.patch
2025-06-23T19:19:52.1904294Z -- Applying patch 0003-def-mingw-compat.patch
2025-06-23T19:19:52.2108662Z -- Applying patch 0004-ogg-find-dependency.patch
2025-06-23T19:19:52.2312614Z -- Using source at D:/a/synthizer3d/synthizer3d/vcpkg/buildtrees/libvorbis/src/v1.3.7-c32164610e.clean
2025-06-23T19:19:52.2420205Z -- Found external ninja('1.12.1').
2025-06-23T19:19:52.2453567Z -- Configuring x86-windows
2025-06-23T19:19:53.7517802Z -- Building x86-windows-dbg
2025-06-23T19:19:54.9377605Z -- Building x86-windows-rel
2025-06-23T19:19:56.8884200Z -- Fixing pkgconfig file: D:/a/synthizer3d/synthizer3d/vcpkg/packages/libvorbis_x86-windows/lib/pkgconfig/vorbis.pc
2025-06-23T19:19:56.8890432Z -- Fixing pkgconfig file: D:/a/synthizer3d/synthizer3d/vcpkg/packages/libvorbis_x86-windows/lib/pkgconfig/vorbisenc.pc
2025-06-23T19:19:56.8897103Z -- Fixing pkgconfig file: D:/a/synthizer3d/synthizer3d/vcpkg/packages/libvorbis_x86-windows/lib/pkgconfig/vorbisfile.pc
2025-06-23T19:19:56.9088875Z Downloading msys2-mingw-w64-x86_64-pkgconf-1~2.3.0-1-any.pkg.tar.zst, trying https://mirror.msys2.org/mingw/mingw64/mingw-w64-x86_64-pkgconf-1~2.3.0-1-any.pkg.tar.zst
2025-06-23T19:19:57.7680255Z Successfully downloaded msys2-mingw-w64-x86_64-pkgconf-1~2.3.0-1-any.pkg.tar.zst
2025-06-23T19:19:57.7802237Z Downloading msys2-msys2-runtime-3.5.4-2-x86_64.pkg.tar.zst, trying https://mirror.msys2.org/msys/x86_64/msys2-runtime-3.5.4-2-x86_64.pkg.tar.zst
2025-06-23T19:19:59.7775112Z Successfully downloaded msys2-msys2-runtime-3.5.4-2-x86_64.pkg.tar.zst
2025-06-23T19:19:59.7805897Z -- Using msys root at D:/a/synthizer3d/synthizer3d/vcpkg/downloads/tools/msys2/21caed2f81ec917b
2025-06-23T19:19:59.7987388Z -- Fixing pkgconfig file: D:/a/synthizer3d/synthizer3d/vcpkg/packages/libvorbis_x86-windows/debug/lib/pkgconfig/vorbis.pc
2025-06-23T19:19:59.7993657Z -- Fixing pkgconfig file: D:/a/synthizer3d/synthizer3d/vcpkg/packages/libvorbis_x86-windows/debug/lib/pkgconfig/vorbisenc.pc
2025-06-23T19:19:59.8002012Z -- Fixing pkgconfig file: D:/a/synthizer3d/synthizer3d/vcpkg/packages/libvorbis_x86-windows/debug/lib/pkgconfig/vorbisfile.pc
2025-06-23T19:19:59.9230090Z -- Installing: D:/a/synthizer3d/synthizer3d/vcpkg/packages/libvorbis_x86-windows/share/libvorbis/usage
2025-06-23T19:19:59.9237981Z -- Installing: D:/a/synthizer3d/synthizer3d/vcpkg/packages/libvorbis_x86-windows/share/libvorbis/copyright
2025-06-23T19:19:59.9289587Z -- Performing post-build validation
2025-06-23T19:19:59.9730103Z Elapsed time to handle libvorbis:x86-windows: 8.5 s
2025-06-23T19:19:59.9731183Z libvorbis:x86-windows package ABI: adab93becfac965458b82252da84893d8ac078e2f991ea5f3087e5b9a3a939e0
2025-06-23T19:19:59.9732028Z Installing 5/9 opus:x86-windows@1.5.2...
2025-06-23T19:19:59.9734374Z Building opus:x86-windows@1.5.2...
2025-06-23T19:20:00.0139509Z Downloading https://github.com/xiph/opus/archive/v1.5.2.tar.gz -> xiph-opus-v1.5.2.tar.gz
2025-06-23T19:20:00.5190870Z Successfully downloaded xiph-opus-v1.5.2.tar.gz
2025-06-23T19:20:00.5358694Z -- Extracting source D:/a/synthizer3d/synthizer3d/vcpkg/downloads/xiph-opus-v1.5.2.tar.gz
2025-06-23T19:20:00.7837073Z -- Applying patch fix-pkgconfig-version.patch
2025-06-23T19:20:00.8053993Z -- Using source at D:/a/synthizer3d/synthizer3d/vcpkg/buildtrees/opus/src/v1.5.2-81ed242155.clean
2025-06-23T19:20:00.8185083Z -- Found external ninja('1.12.1').
2025-06-23T19:20:00.8220173Z -- Configuring x86-windows
2025-06-23T19:20:06.5007953Z -- Building x86-windows-dbg
2025-06-23T19:20:11.6818597Z -- Building x86-windows-rel
2025-06-23T19:20:18.9681985Z -- Fixing pkgconfig file: D:/a/synthizer3d/synthizer3d/vcpkg/packages/opus_x86-windows/lib/pkgconfig/opus.pc
2025-06-23T19:20:18.9873661Z Downloading msys2-mingw-w64-x86_64-pkgconf-1~2.3.0-1-any.pkg.tar.zst, trying https://mirror.msys2.org/mingw/mingw64/mingw-w64-x86_64-pkgconf-1~2.3.0-1-any.pkg.tar.zst
2025-06-23T19:20:19.8468678Z Successfully downloaded msys2-mingw-w64-x86_64-pkgconf-1~2.3.0-1-any.pkg.tar.zst
2025-06-23T19:20:19.8587220Z Downloading msys2-msys2-runtime-3.5.4-2-x86_64.pkg.tar.zst, trying https://mirror.msys2.org/msys/x86_64/msys2-runtime-3.5.4-2-x86_64.pkg.tar.zst
2025-06-23T19:20:21.8579909Z Successfully downloaded msys2-msys2-runtime-3.5.4-2-x86_64.pkg.tar.zst
2025-06-23T19:20:21.8608752Z -- Using msys root at D:/a/synthizer3d/synthizer3d/vcpkg/downloads/tools/msys2/21caed2f81ec917b
2025-06-23T19:20:21.8677636Z -- Fixing pkgconfig file: D:/a/synthizer3d/synthizer3d/vcpkg/packages/opus_x86-windows/debug/lib/pkgconfig/opus.pc
2025-06-23T19:20:21.8750498Z -- Installing: D:/a/synthizer3d/synthizer3d/vcpkg/packages/opus_x86-windows/share/opus/copyright
2025-06-23T19:20:21.8807655Z -- Performing post-build validation
2025-06-23T19:20:21.9466931Z Elapsed time to handle opus:x86-windows: 22 s
2025-06-23T19:20:21.9467705Z opus:x86-windows package ABI: 83e5b95bc9fc04c66845576db4b179fe11bca26089260af25c339303740be4b4
2025-06-23T19:20:21.9468571Z Installing 6/9 opusfile:x86-windows@0.12+20221121#1...
2025-06-23T19:20:21.9469030Z Building opusfile:x86-windows@0.12+20221121#1...
2025-06-23T19:20:21.9778004Z -- Note: opusfile only supports static library linkage. Building static library.
2025-06-23T19:20:21.9870747Z Downloading https://github.com/xiph/opusfile/archive/9d718345ce03b2fad5d7d28e0bcd1cc69ab2b166.tar.gz -> xiph-opusfile-9d718345ce03b2fad5d7d28e0bcd1cc69ab2b166.tar.gz
2025-06-23T19:20:22.3373973Z Successfully downloaded xiph-opusfile-9d718345ce03b2fad5d7d28e0bcd1cc69ab2b166.tar.gz
2025-06-23T19:20:22.3409399Z -- Extracting source D:/a/synthizer3d/synthizer3d/vcpkg/downloads/xiph-opusfile-9d718345ce03b2fad5d7d28e0bcd1cc69ab2b166.tar.gz
2025-06-23T19:20:22.4721461Z -- Using source at D:/a/synthizer3d/synthizer3d/vcpkg/buildtrees/opusfile/src/c69ab2b166-6cc7de23ec.clean
2025-06-23T19:20:22.4835046Z -- Found external ninja('1.12.1').
2025-06-23T19:20:22.4873019Z -- Configuring x86-windows
2025-06-23T19:20:23.6871513Z -- Building x86-windows-dbg
2025-06-23T19:20:24.5794982Z -- Building x86-windows-rel
2025-06-23T19:20:25.0184254Z -- Fixing pkgconfig file: D:/a/synthizer3d/synthizer3d/vcpkg/packages/opusfile_x86-windows/lib/pkgconfig/opusfile.pc
2025-06-23T19:20:25.0379742Z Downloading msys2-mingw-w64-x86_64-pkgconf-1~2.3.0-1-any.pkg.tar.zst, trying https://mirror.msys2.org/mingw/mingw64/mingw-w64-x86_64-pkgconf-1~2.3.0-1-any.pkg.tar.zst
2025-06-23T19:20:25.8992616Z Successfully downloaded msys2-mingw-w64-x86_64-pkgconf-1~2.3.0-1-any.pkg.tar.zst
2025-06-23T19:20:25.9110352Z Downloading msys2-msys2-runtime-3.5.4-2-x86_64.pkg.tar.zst, trying https://mirror.msys2.org/msys/x86_64/msys2-runtime-3.5.4-2-x86_64.pkg.tar.zst
2025-06-23T19:20:27.8997480Z Successfully downloaded msys2-msys2-runtime-3.5.4-2-x86_64.pkg.tar.zst
2025-06-23T19:20:27.9026871Z -- Using msys root at D:/a/synthizer3d/synthizer3d/vcpkg/downloads/tools/msys2/21caed2f81ec917b
2025-06-23T19:20:27.9098942Z -- Fixing pkgconfig file: D:/a/synthizer3d/synthizer3d/vcpkg/packages/opusfile_x86-windows/debug/lib/pkgconfig/opusfile.pc
2025-06-23T19:20:27.9196222Z -- Installing: D:/a/synthizer3d/synthizer3d/vcpkg/packages/opusfile_x86-windows/share/opusfile/copyright
2025-06-23T19:20:27.9203696Z -- Installing: D:/a/synthizer3d/synthizer3d/vcpkg/packages/opusfile_x86-windows/share/opusfile/usage
2025-06-23T19:20:27.9256678Z -- Performing post-build validation
2025-06-23T19:20:27.9407934Z Elapsed time to handle opusfile:x86-windows: 6 s
2025-06-23T19:20:27.9409496Z opusfile:x86-windows package ABI: 558f8d0c1725b77c6cd28062f718be9e4baef5d64a4d6297e504b882d2ce8a04
2025-06-23T19:20:27.9414078Z Installing 7/9 atl:x86-windows@0...
2025-06-23T19:20:27.9414592Z Building atl:x86-windows@0...
2025-06-23T19:20:27.9746350Z -- Skipping post-build validation due to VCPKG_POLICY_EMPTY_PACKAGE
2025-06-23T19:20:27.9771992Z Elapsed time to handle atl:x86-windows: 36.4 ms
2025-06-23T19:20:27.9773229Z atl:x86-windows package ABI: 342d8acf1d4b00c8d8f5437e477585b33bd67c023be49b90ef63dc559637cb14
2025-06-23T19:20:27.9774271Z Installing 8/9 atlmfc:x86-windows@0#3...
2025-06-23T19:20:27.9778210Z Building atlmfc:x86-windows@0#3...
2025-06-23T19:20:28.0144712Z -- Skipping post-build validation due to VCPKG_POLICY_EMPTY_PACKAGE
2025-06-23T19:20:28.0174475Z Elapsed time to handle atlmfc:x86-windows: 40.3 ms
2025-06-23T19:20:28.0175551Z atlmfc:x86-windows package ABI: a0ff26a5f4a3e69d6e49f9851c85c9537d1d5ce7c541b6be746af6ec50c22239
2025-06-23T19:20:28.0176447Z Installing 9/9 soundtouch:x86-windows@2.3.3...
2025-06-23T19:20:28.0177895Z Building soundtouch:x86-windows@2.3.3...
2025-06-23T19:20:28.0565745Z Downloading https://codeberg.org/soundtouch/soundtouch/archive/2.3.3.tar.gz -> soundtouch-soundtouch-2.3.3.tar.gz
2025-06-23T19:20:29.2733566Z Successfully downloaded soundtouch-soundtouch-2.3.3.tar.gz
2025-06-23T19:20:29.2782577Z -- Extracting source D:/a/synthizer3d/synthizer3d/vcpkg/downloads/soundtouch-soundtouch-2.3.3.tar.gz
2025-06-23T19:20:29.4207195Z -- Using source at D:/a/synthizer3d/synthizer3d/vcpkg/buildtrees/soundtouch/src/2.3.3-309213044d.clean
2025-06-23T19:20:29.4319435Z -- Found external ninja('1.12.1').
2025-06-23T19:20:29.4359443Z -- Configuring x86-windows
2025-06-23T19:20:30.8588430Z -- Building x86-windows-dbg
2025-06-23T19:20:33.2072590Z -- Building x86-windows-rel
2025-06-23T19:20:35.4691542Z -- Fixing pkgconfig file: D:/a/synthizer3d/synthizer3d/vcpkg/packages/soundtouch_x86-windows/lib/pkgconfig/soundtouch.pc
2025-06-23T19:20:35.4886269Z Downloading msys2-mingw-w64-x86_64-pkgconf-1~2.3.0-1-any.pkg.tar.zst, trying https://mirror.msys2.org/mingw/mingw64/mingw-w64-x86_64-pkgconf-1~2.3.0-1-any.pkg.tar.zst
2025-06-23T19:20:36.3230605Z Successfully downloaded msys2-mingw-w64-x86_64-pkgconf-1~2.3.0-1-any.pkg.tar.zst
2025-06-23T19:20:36.3350460Z Downloading msys2-msys2-runtime-3.5.4-2-x86_64.pkg.tar.zst, trying https://mirror.msys2.org/msys/x86_64/msys2-runtime-3.5.4-2-x86_64.pkg.tar.zst
2025-06-23T19:20:37.8847311Z Successfully downloaded msys2-msys2-runtime-3.5.4-2-x86_64.pkg.tar.zst
2025-06-23T19:20:37.8880498Z -- Using msys root at D:/a/synthizer3d/synthizer3d/vcpkg/downloads/tools/msys2/21caed2f81ec917b
2025-06-23T19:20:37.8948242Z -- Fixing pkgconfig file: D:/a/synthizer3d/synthizer3d/vcpkg/packages/soundtouch_x86-windows/debug/lib/pkgconfig/soundtouch.pc
2025-06-23T19:20:37.9387151Z -- Installing: D:/a/synthizer3d/synthizer3d/vcpkg/packages/soundtouch_x86-windows/share/soundtouch/copyright
2025-06-23T19:20:37.9445570Z -- Performing post-build validation
2025-06-23T19:20:37.9683452Z Elapsed time to handle soundtouch:x86-windows: 10 s
2025-06-23T19:20:37.9684557Z soundtouch:x86-windows package ABI: a4eae149255f87cebc15fabf8773d05c612b36e615eedb07f38d5b9c01102cba
2025-06-23T19:20:37.9704786Z libogg provides CMake targets:
2025-06-23T19:20:37.9705087Z 
2025-06-23T19:20:37.9705481Z   # this is heuristically generated, and may not be correct
2025-06-23T19:20:37.9706095Z   find_package(Ogg CONFIG REQUIRED)
2025-06-23T19:20:37.9706752Z   target_link_libraries(main PRIVATE Ogg::ogg)
2025-06-23T19:20:37.9707119Z 
2025-06-23T19:20:37.9707373Z libogg provides pkg-config modules:
2025-06-23T19:20:37.9707638Z 
2025-06-23T19:20:37.9707850Z   # ogg is a library for manipulating ogg bitstreams
2025-06-23T19:20:37.9708254Z   ogg
2025-06-23T19:20:37.9708807Z 
2025-06-23T19:20:37.9712498Z The package libvorbis provides CMake targets:
2025-06-23T19:20:37.9712869Z 
2025-06-23T19:20:37.9713210Z     # Vorbis reference encoder and decoder, low-level API
2025-06-23T19:20:37.9714150Z     find_package(Vorbis CONFIG REQUIRED)
2025-06-23T19:20:37.9714739Z     target_link_libraries(main PRIVATE Vorbis::vorbis)
2025-06-23T19:20:37.9715086Z 
2025-06-23T19:20:37.9715796Z     # Audio stream decoding and basic manipulation, high-level API
2025-06-23T19:20:37.9716431Z     find_package(Vorbis CONFIG REQUIRED)
2025-06-23T19:20:37.9717067Z     target_link_libraries(main PRIVATE Vorbis::vorbisfile)
2025-06-23T19:20:37.9717428Z 
2025-06-23T19:20:37.9717795Z     # Convenience API for setting up an encoding environment
2025-06-23T19:20:37.9718388Z     find_package(Vorbis CONFIG REQUIRED)
2025-06-23T19:20:37.9719004Z     target_link_libraries(main PRIVATE Vorbis::vorbisenc)
2025-06-23T19:20:37.9719349Z 
2025-06-23T19:20:37.9719551Z opus provides CMake targets:
2025-06-23T19:20:37.9719782Z 
2025-06-23T19:20:37.9720135Z   # this is heuristically generated, and may not be correct
2025-06-23T19:20:37.9720708Z   find_package(Opus CONFIG REQUIRED)
2025-06-23T19:20:37.9721262Z   target_link_libraries(main PRIVATE Opus::opus)
2025-06-23T19:20:37.9721581Z 
2025-06-23T19:20:37.9721807Z opus provides pkg-config modules:
2025-06-23T19:20:37.9722061Z 
2025-06-23T19:20:37.9722276Z   # Opus IETF audio codec ( build)
2025-06-23T19:20:37.9722614Z   opus
2025-06-23T19:20:37.9722754Z 
2025-06-23T19:20:37.9723076Z The package opusfile provides CMake targets:
2025-06-23T19:20:37.9723373Z 
2025-06-23T19:20:37.9723624Z     find_package(OpusFile CONFIG REQUIRED)
2025-06-23T19:20:37.9724594Z     target_link_libraries(main PRIVATE OpusFile::opusfile)
2025-06-23T19:20:37.9724968Z 
2025-06-23T19:20:37.9725167Z     # To use the opusurl API
2025-06-23T19:20:37.9725890Z     target_link_libraries(main PRIVATE OpusFile::opusurl)
2025-06-23T19:20:37.9726244Z 
2025-06-23T19:20:37.9727001Z soundtouch provides CMake targets:
2025-06-23T19:20:37.9727564Z 
2025-06-23T19:20:37.9727927Z   # this is heuristically generated, and may not be correct
2025-06-23T19:20:37.9729618Z   find_package(SoundTouch CONFIG REQUIRED)
2025-06-23T19:20:37.9730358Z   target_link_libraries(main PRIVATE SoundTouch::SoundTouch)
2025-06-23T19:20:37.9730736Z 
2025-06-23T19:20:37.9730993Z soundtouch provides pkg-config modules:
2025-06-23T19:20:37.9731276Z 
2025-06-23T19:20:37.9732104Z   # SoundTouch is an open-source audio processing library for changing the Tempo, Pitch and Playback Rates of audio streams or files
2025-06-23T19:20:37.9732930Z   soundtouch
2025-06-23T19:20:37.9733093Z 
2025-06-23T19:20:37.9733679Z All requested installations completed successfully in: 58 s
2025-06-23T19:20:37.9751882Z ##[endgroup]
2025-06-23T19:20:37.9752655Z ⏱ elapsed: 69.224 seconds
2025-06-23T19:20:37.9753411Z ##[group]Set output environment variables
2025-06-23T19:20:37.9754854Z Set the workflow environment variable 'RUNVCPKG_VCPKG_ROOT' to value 'D:\a\synthizer3d\synthizer3d\vcpkg'
2025-06-23T19:20:37.9759799Z Set the workflow environment variable 'VCPKG_ROOT' to value 'D:\a\synthizer3d\synthizer3d\vcpkg'
2025-06-23T19:20:37.9763894Z Set the step output variable 'RUNVCPKG_VCPKG_ROOT_OUT' to value 'D:\a\synthizer3d\synthizer3d\vcpkg''
2025-06-23T19:20:37.9767188Z Set the workflow environment variable 'VCPKG_DEFAULT_TRIPLET' to value 'x86-windows'
2025-06-23T19:20:37.9770256Z Set the step output variable 'RUNVCPKG_VCPKG_DEFAULT_TRIPLET_OUT' to value 'x86-windows''
2025-06-23T19:20:37.9773108Z ##[endgroup]
2025-06-23T19:20:37.9773701Z ⏱ elapsed: 0.002 seconds
2025-06-23T19:20:37.9777480Z run-vcpkg action execution succeeded
2025-06-23T19:20:37.9971417Z ##[group]Run Write-Host "VCPKG_ROOT (tool directory from lukka/run-vcpkg) is $env:VCPKG_ROOT"
2025-06-23T19:20:37.9972338Z [36;1mWrite-Host "VCPKG_ROOT (tool directory from lukka/run-vcpkg) is $env:VCPKG_ROOT"[0m
2025-06-23T19:20:37.9972841Z [36;1mWrite-Host "VCPKG_DEFAULT_TRIPLET is $env:VCPKG_DEFAULT_TRIPLET"[0m
2025-06-23T19:20:37.9973282Z [36;1mWrite-Host "GITHUB_WORKSPACE is $env:GITHUB_WORKSPACE"[0m
2025-06-23T19:20:37.9973922Z [36;1mWrite-Host "Initial EFFECTIVE_VCPKG_INSTALLED_DIR_BASE (from job env, target for manifest install) is $env:EFFECTIVE_VCPKG_INSTALLED_DIR_BASE"[0m
2025-06-23T19:20:37.9974484Z [36;1m[0m
2025-06-23T19:20:37.9974654Z [36;1mif (-not $env:VCPKG_ROOT) {[0m
2025-06-23T19:20:37.9975039Z [36;1m  Write-Error "VCPKG_ROOT not set. This should be set by the lukka/run-vcpkg action."[0m
2025-06-23T19:20:37.9975400Z [36;1m  exit 1[0m
2025-06-23T19:20:37.9975559Z [36;1m}[0m
2025-06-23T19:20:37.9975703Z [36;1m[0m
2025-06-23T19:20:37.9976001Z [36;1m# Esegui vcpkg install. Se vcpkg.json è in $env:GITHUB_WORKSPACE (CWD),[0m
2025-06-23T19:20:37.9976503Z [36;1m# installerà in $env:GITHUB_WORKSPACE/vcpkg_installed/$env:VCPKG_DEFAULT_TRIPLET[0m
2025-06-23T19:20:37.9977053Z [36;1m# che corrisponde a $env:EFFECTIVE_VCPKG_INSTALLED_DIR_BASE/$env:VCPKG_DEFAULT_TRIPLET[0m
2025-06-23T19:20:37.9977600Z [36;1m# La CurrentWorkingDirectory per gli script eseguiti da 'run:' è $GITHUB_WORKSPACE.[0m
2025-06-23T19:20:37.9978087Z [36;1m& "$env:VCPKG_ROOT\vcpkg.exe" install --triplet $env:VCPKG_DEFAULT_TRIPLET[0m
2025-06-23T19:20:37.9978458Z [36;1mWrite-Host "Finished vcpkg install command."[0m
2025-06-23T19:20:37.9978717Z [36;1m[0m
2025-06-23T19:20:37.9979025Z [36;1m# CMAKE_PREFIX_PATH deve puntare a dove vcpkg ha effettivamente installato i pacchetti.[0m
2025-06-23T19:20:37.9979599Z [36;1m# Con la modalità manifest, questo è $env:EFFECTIVE_VCPKG_INSTALLED_DIR_BASE/$env:VCPKG_DEFAULT_TRIPLET.[0m
2025-06-23T19:20:37.9980240Z [36;1m$cmakePrefixPathValue = Join-Path $env:EFFECTIVE_VCPKG_INSTALLED_DIR_BASE $env:VCPKG_DEFAULT_TRIPLET[0m
2025-06-23T19:20:37.9980660Z [36;1m[0m
2025-06-23T19:20:37.9980975Z [36;1mWrite-Host "Verifying existence of target CMAKE_PREFIX_PATH: $cmakePrefixPathValue"[0m
2025-06-23T19:20:37.9981466Z [36;1mif (-not (Test-Path $cmakePrefixPathValue -PathType Container)) {[0m
2025-06-23T19:20:37.9982903Z [36;1m  Write-Warning "ATTENZIONE: La directory $cmakePrefixPathValue (target per CMAKE_PREFIX_PATH) NON esiste dopo vcpkg install."[0m
2025-06-23T19:20:37.9983584Z [36;1m  Write-Warning "Questo indica che vcpkg non ha installato nella posizione manifest attesa."[0m
2025-06-23T19:20:37.9984113Z [36;1m  Write-Warning "Contenuto di $env:EFFECTIVE_VCPKG_INSTALLED_DIR_BASE per debug:"[0m
2025-06-23T19:20:37.9984927Z [36;1m  Get-ChildItem -Path $env:EFFECTIVE_VCPKG_INSTALLED_DIR_BASE -ErrorAction SilentlyContinue -Depth 1 || Write-Warning "$env:EFFECTIVE_VCPKG_INSTALLED_DIR_BASE non esiste o è vuoto."[0m
2025-06-23T19:20:37.9985579Z [36;1m  [0m
2025-06-23T19:20:37.9985867Z [36;1m  # Fallback per debug: controlla la directory di installazione classica di vcpkg[0m
2025-06-23T19:20:37.9986434Z [36;1m  $classicVcpkgInstalledPath = Join-Path (Join-Path $env:VCPKG_ROOT "installed") $env:VCPKG_DEFAULT_TRIPLET[0m
2025-06-23T19:20:37.9987121Z [36;1m  Write-Warning "Controllo del percorso di installazione classico di vcpkg per debug: $classicVcpkgInstalledPath"[0m
2025-06-23T19:20:37.9987665Z [36;1m  if(Test-Path $classicVcpkgInstalledPath -PathType Container){[0m
2025-06-23T19:20:37.9988303Z [36;1m      Write-Warning "Il percorso classico $classicVcpkgInstalledPath ESISTE. Questo è fonte di confusione se era prevista la modalità manifest."[0m
2025-06-23T19:20:37.9988850Z [36;1m  } else {[0m
2025-06-23T19:20:37.9989177Z [36;1m      Write-Warning "Anche il percorso classico $classicVcpkgInstalledPath NON esiste."[0m
2025-06-23T19:20:37.9989528Z [36;1m  }[0m
2025-06-23T19:20:37.9990908Z [36;1m} else {[0m
2025-06-23T19:20:37.9991318Z [36;1m  Write-Host "Confermato: La directory target per CMAKE_PREFIX_PATH esiste: $cmakePrefixPathValue"[0m
2025-06-23T19:20:37.9991727Z [36;1m}[0m
2025-06-23T19:20:37.9991865Z [36;1m[0m
2025-06-23T19:20:37.9992247Z [36;1mecho "CMAKE_PREFIX_PATH=$cmakePrefixPathValue" | Out-File -FilePath $env:GITHUB_ENV -Encoding utf8 -Append[0m
2025-06-23T19:20:37.9992815Z [36;1mWrite-Host "CMAKE_PREFIX_PATH impostato a $cmakePrefixPathValue"[0m
2025-06-23T19:20:37.9993360Z [36;1m# EFFECTIVE_VCPKG_INSTALLED_DIR_BASE è già corretto dall'env del job, non serve aggiornarlo di nuovo in GITHUB_ENV[0m
2025-06-23T19:20:37.9993881Z [36;1m# se la nostra assunzione sulla modalità manifest è corretta.[0m
2025-06-23T19:20:38.0026495Z shell: C:\Program Files\PowerShell\7\pwsh.EXE -command ". '{0}'"
2025-06-23T19:20:38.0026807Z env:
2025-06-23T19:20:38.0026954Z   PYVERSION: 3.8
2025-06-23T19:20:38.0027124Z   CI_ARCH_LOWER: x86
2025-06-23T19:20:38.0027297Z   CI_WINDOWS: 1
2025-06-23T19:20:38.0027454Z   CI_ARCH_ENV: x86
2025-06-23T19:20:38.0027626Z   VCPKG_DEFAULT_TRIPLET: x86-windows
2025-06-23T19:20:38.0027970Z   EFFECTIVE_VCPKG_INSTALLED_DIR_BASE: D:\a\synthizer3d\synthizer3d\vcpkg_installed
2025-06-23T19:20:38.0028391Z   pythonLocation: C:\hostedtoolcache\windows\Python\3.8.10\x86
2025-06-23T19:20:38.0028803Z   PKG_CONFIG_PATH: C:\hostedtoolcache\windows\Python\3.8.10\x86/lib/pkgconfig
2025-06-23T19:20:38.0029185Z   Python_ROOT_DIR: C:\hostedtoolcache\windows\Python\3.8.10\x86
2025-06-23T19:20:38.0029526Z   Python2_ROOT_DIR: C:\hostedtoolcache\windows\Python\3.8.10\x86
2025-06-23T19:20:38.0029888Z   Python3_ROOT_DIR: C:\hostedtoolcache\windows\Python\3.8.10\x86
2025-06-23T19:20:38.0030178Z   CommandPromptType: Native
2025-06-23T19:20:38.0030494Z   DevEnvDir: C:\Program Files\Microsoft Visual Studio\2022\Enterprise\Common7\IDE\
2025-06-23T19:20:38.0030958Z   ExtensionSdkDir: C:\Program Files (x86)\Microsoft SDKs\Windows Kits\10\ExtensionSDKs
2025-06-23T19:20:38.0032954Z   EXTERNAL_INCLUDE: C:\Program Files\Microsoft Visual Studio\2022\Enterprise\VC\Tools\MSVC\14.43.34808\include;C:\Program Files\Microsoft Visual Studio\2022\Enterprise\VC\Tools\MSVC\14.43.34808\ATLMFC\include;C:\Program Files\Microsoft Visual Studio\2022\Enterprise\VC\Auxiliary\VS\include;C:\Program Files (x86)\Windows Kits\10\include\10.0.26100.0\ucrt;C:\Program Files (x86)\Windows Kits\10\\include\10.0.26100.0\\um;C:\Program Files (x86)\Windows Kits\10\\include\10.0.26100.0\\shared;C:\Program Files (x86)\Windows Kits\10\\include\10.0.26100.0\\winrt;C:\Program Files (x86)\Windows Kits\10\\include\10.0.26100.0\\cppwinrt;C:\Program Files (x86)\Windows Kits\NETFXSDK\4.8\include\um
2025-06-23T19:20:38.0034929Z   Framework40Version: v4.0
2025-06-23T19:20:38.0035152Z   FrameworkDir: C:\Windows\Microsoft.NET\Framework\
2025-06-23T19:20:38.0035445Z   FrameworkDir32: C:\Windows\Microsoft.NET\Framework\
2025-06-23T19:20:38.0035702Z   FrameworkVersion: v4.0.30319
2025-06-23T19:20:38.0035905Z   FrameworkVersion32: v4.0.30319
2025-06-23T19:20:38.0036373Z   FSHARPINSTALLDIR: C:\Program Files\Microsoft Visual Studio\2022\Enterprise\Common7\IDE\CommonExtensions\Microsoft\FSharp\Tools
2025-06-23T19:20:38.0036905Z   HTMLHelpDir: C:\Program Files (x86)\HTML Help Workshop
2025-06-23T19:20:38.0037327Z   IFCPATH: C:\Program Files\Microsoft Visual Studio\2022\Enterprise\VC\Tools\MSVC\14.43.34808\ifc\x86
2025-06-23T19:20:38.0039869Z   INCLUDE: C:\Program Files\Microsoft Visual Studio\2022\Enterprise\VC\Tools\MSVC\14.43.34808\include;C:\Program Files\Microsoft Visual Studio\2022\Enterprise\VC\Tools\MSVC\14.43.34808\ATLMFC\include;C:\Program Files\Microsoft Visual Studio\2022\Enterprise\VC\Auxiliary\VS\include;C:\Program Files (x86)\Windows Kits\10\include\10.0.26100.0\ucrt;C:\Program Files (x86)\Windows Kits\10\\include\10.0.26100.0\\um;C:\Program Files (x86)\Windows Kits\10\\include\10.0.26100.0\\shared;C:\Program Files (x86)\Windows Kits\10\\include\10.0.26100.0\\winrt;C:\Program Files (x86)\Windows Kits\10\\include\10.0.26100.0\\cppwinrt;C:\Program Files (x86)\Windows Kits\NETFXSDK\4.8\include\um
2025-06-23T19:20:38.0042583Z   LIB: C:\Program Files\Microsoft Visual Studio\2022\Enterprise\VC\Tools\MSVC\14.43.34808\ATLMFC\lib\x86;C:\Program Files\Microsoft Visual Studio\2022\Enterprise\VC\Tools\MSVC\14.43.34808\lib\x86;C:\Program Files (x86)\Windows Kits\NETFXSDK\4.8\lib\um\x86;C:\Program Files (x86)\Windows Kits\10\lib\10.0.26100.0\ucrt\x86;C:\Program Files (x86)\Windows Kits\10\\lib\10.0.26100.0\\um\x86
2025-06-23T19:20:38.0044788Z   LIBPATH: C:\Program Files\Microsoft Visual Studio\2022\Enterprise\VC\Tools\MSVC\14.43.34808\ATLMFC\lib\x86;C:\Program Files\Microsoft Visual Studio\2022\Enterprise\VC\Tools\MSVC\14.43.34808\lib\x86;C:\Program Files\Microsoft Visual Studio\2022\Enterprise\VC\Tools\MSVC\14.43.34808\lib\x86\store\references;C:\Program Files (x86)\Windows Kits\10\UnionMetadata\10.0.26100.0;C:\Program Files (x86)\Windows Kits\10\References\10.0.26100.0;C:\Windows\Microsoft.NET\Framework\v4.0.30319
2025-06-23T19:20:38.0046217Z   NETFXSDKDir: C:\Program Files (x86)\Windows Kits\NETFXSDK\4.8\
2025-06-23T19:20:38.0059186Z   Path: C:\Program Files\Microsoft Visual Studio\2022\Enterprise\VC\Tools\MSVC\14.43.34808\bin\HostX86\x86;C:\Program Files\Microsoft Visual Studio\2022\Enterprise\Common7\IDE\VC\VCPackages;C:\Program Files\Microsoft Visual Studio\2022\Enterprise\Common7\IDE\CommonExtensions\Microsoft\TestWindow;C:\Program Files\Microsoft Visual Studio\2022\Enterprise\Common7\IDE\CommonExtensions\Microsoft\TeamFoundation\Team Explorer;C:\Program Files\Microsoft Visual Studio\2022\Enterprise\MSBuild\Current\bin\Roslyn;C:\Program Files (x86)\Microsoft SDKs\Windows\v10.0A\bin\NETFX 4.8 Tools\;C:\Program Files (x86)\HTML Help Workshop;C:\Program Files\Microsoft Visual Studio\2022\Enterprise\Common7\IDE\CommonExtensions\Microsoft\FSharp\Tools;C:\Program Files\Microsoft Visual Studio\2022\Enterprise\Team Tools\DiagnosticsHub\Collector;C:\Program Files\Microsoft Visual Studio\2022\Enterprise\Common7\IDE\Extensions\Microsoft\CodeCoverage.Console;C:\Program Files (x86)\Windows Kits\10\bin\10.0.26100.0\\x86;C:\Program Files (x86)\Windows Kits\10\bin\\x86;C:\Program Files\Microsoft Visual Studio\2022\Enterprise\\MSBuild\Current\Bin\amd64;C:\Windows\Microsoft.NET\Framework\v4.0.30319;C:\Program Files\Microsoft Visual Studio\2022\Enterprise\Common7\IDE\;C:\Program Files\Microsoft Visual Studio\2022\Enterprise\Common7\Tools\;C:\Users\runneradmin\AppData\Roaming\Python\Python38\Scripts;C:\hostedtoolcache\windows\Python\3.8.10\x86\Scripts;C:\hostedtoolcache\windows\Python\3.8.10\x86;C:\Program Files\MongoDB\Server\5.0\bin;C:\aliyun-cli;C:\vcpkg;C:\Program Files (x86)\NSIS\;C:\tools\zstd;C:\Program Files\Mercurial\;C:\hostedtoolcache\windows\stack\3.5.1\x64;C:\cabal\bin;C:\\ghcup\bin;C:\mingw64\bin;C:\Program Files\dotnet;C:\Program Files\MySQL\MySQL Server 8.0\bin;C:\Program Files\R\R-4.4.2\bin\x64;C:\SeleniumWebDrivers\GeckoDriver;C:\SeleniumWebDrivers\EdgeDriver\;C:\SeleniumWebDrivers\ChromeDriver;C:\Program Files (x86)\sbt\bin;C:\Program Files (x86)\GitHub CLI;C:\Program Files\Git\bin;C:\Program Files (x86)\pipx_bin;C:\npm\prefix;C:\hostedtoolcache\windows\go\1.24.3\x64\bin;C:\hostedtoolcache\windows\Python\3.9.13\x64\Scripts;C:\hostedtoolcache\windows\Python\3.9.13\x64;C:\hostedtoolcache\windows\Ruby\3.3.8\x64\bin;C:\Program Files\OpenSSL\bin;C:\tools\kotlinc\bin;C:\hostedtoolcache\windows\Java_Temurin-Hotspot_jdk\8.0.452-9\x64\bin;C:\Program Files\ImageMagick-7.1.1-Q16-HDRI;C:\Program Files\Microsoft SDKs\Azure\CLI2\wbin;C:\ProgramData\kind;C:\ProgramData\Chocolatey\bin;C:\Windows\system32;C:\Windows;C:\Windows\System32\Wbem;C:\Windows\System32\WindowsPowerShell\v1.0\;C:\Windows\System32\OpenSSH\;C:\Program Files\dotnet\;C:\Program Files\PowerShell\7\;C:\Program Files\Microsoft\Web Platform Installer\;C:\Program Files\TortoiseSVN\bin;C:\Program Files\Microsoft SQL Server\Client SDK\ODBC\170\Tools\Binn\;C:\Program Files\Microsoft SQL Server\150\Tools\Binn\;C:\Program Files (x86)\Windows Kits\10\Windows Performance Toolkit\;C:\Program Files (x86)\WiX Toolset v3.14\bin;C:\Program Files\Microsoft SQL Server\130\DTS\Binn\;C:\Program Files\Microsoft SQL Server\140\DTS\Binn\;C:\Program Files\Microsoft SQL Server\150\DTS\Binn\;C:\Program Files\Microsoft SQL Server\160\DTS\Binn\;C:\Strawberry\c\bin;C:\Strawberry\perl\site\bin;C:\Strawberry\perl\bin;C:\ProgramData\chocolatey\lib\pulumi\tools\Pulumi\bin;C:\Program Files\CMake\bin;C:\ProgramData\chocolatey\lib\maven\apache-maven-3.9.9\bin;C:\Program Files\Microsoft Service Fabric\bin\Fabric\Fabric.Code;C:\Program Files\Microsoft SDKs\Service Fabric\Tools\ServiceFabricLocalClusterManager;C:\Program Files\nodejs\;C:\Program Files\Git\cmd;C:\Program Files\Git\mingw64\bin;C:\Program Files\Git\usr\bin;C:\Program Files\GitHub CLI\;c:\tools\php;C:\Program Files\Amazon\AWSCLIV2\;C:\Program Files\Amazon\SessionManagerPlugin\bin\;C:\Program Files\Amazon\AWSSAMCLI\bin\;C:\Program Files\Microsoft SQL Server\130\Tools\Binn\;C:\Program Files\LLVM\bin;C:\Users\runneradmin\.dotnet\tools;C:\Users\runneradmin\.cargo\bin;C:\Users\runneradmin\AppData\Local\Microsoft\WindowsApps;C:\Program Files (x86)\Microsoft Visual Studio\Installer;C:\Program Files\Microsoft Visual Studio\2022\Enterprise\VC\Tools\Llvm\bin;C:\Program Files\Microsoft Visual Studio\2022\Enterprise\Common7\IDE\CommonExtensions\Microsoft\CMake\CMake\bin;C:\Program Files\Microsoft Visual Studio\2022\Enterprise\Common7\IDE\CommonExtensions\Microsoft\CMake\Ninja;C:\Program Files\Microsoft Visual Studio\2022\Enterprise\Common7\IDE\VC\Linux\bin\ConnectionManagerExe;C:\Program Files\Microsoft Visual Studio\2022\Enterprise\VC\vcpkg
2025-06-23T19:20:38.0072162Z   Platform: x86
2025-06-23T19:20:38.0072324Z   UCRTVersion: 10.0.26100.0
2025-06-23T19:20:38.0072579Z   UniversalCRTSdkDir: C:\Program Files (x86)\Windows Kits\10\
2025-06-23T19:20:38.0073012Z   VCIDEInstallDir: C:\Program Files\Microsoft Visual Studio\2022\Enterprise\Common7\IDE\VC\
2025-06-23T19:20:38.0073477Z   VCINSTALLDIR: C:\Program Files\Microsoft Visual Studio\2022\Enterprise\VC\
2025-06-23T19:20:38.0073828Z   VCPKG_ROOT: D:\a\synthizer3d\synthizer3d\vcpkg
2025-06-23T19:20:38.0074249Z   VCToolsInstallDir: C:\Program Files\Microsoft Visual Studio\2022\Enterprise\VC\Tools\MSVC\14.43.34808\
2025-06-23T19:20:38.0074828Z   VCToolsRedistDir: C:\Program Files\Microsoft Visual Studio\2022\Enterprise\VC\Redist\MSVC\14.42.34433\
2025-06-23T19:20:38.0075296Z   VCToolsVersion: 14.43.34808
2025-06-23T19:20:38.0075489Z   VisualStudioVersion: 17.0
2025-06-23T19:20:38.0075824Z   VS170COMNTOOLS: C:\Program Files\Microsoft Visual Studio\2022\Enterprise\Common7\Tools\
2025-06-23T19:20:38.0076178Z   VSCMD_ARG_app_plat: Desktop
2025-06-23T19:20:38.0076366Z   VSCMD_ARG_HOST_ARCH: x86
2025-06-23T19:20:38.0076540Z   VSCMD_ARG_TGT_ARCH: x86
2025-06-23T19:20:38.0076710Z   VSCMD_VER: 17.13.2
2025-06-23T19:20:38.0076974Z   VSINSTALLDIR: C:\Program Files\Microsoft Visual Studio\2022\Enterprise\
2025-06-23T19:20:38.0077388Z   VSSDK150INSTALL: C:\Program Files\Microsoft Visual Studio\2022\Enterprise\VSSDK
2025-06-23T19:20:38.0077819Z   VSSDKINSTALL: C:\Program Files\Microsoft Visual Studio\2022\Enterprise\VSSDK
2025-06-23T19:20:38.0078422Z   WindowsLibPath: C:\Program Files (x86)\Windows Kits\10\UnionMetadata\10.0.26100.0;C:\Program Files (x86)\Windows Kits\10\References\10.0.26100.0
2025-06-23T19:20:38.0079004Z   WindowsSdkBinPath: C:\Program Files (x86)\Windows Kits\10\bin\
2025-06-23T19:20:38.0079346Z   WindowsSdkDir: C:\Program Files (x86)\Windows Kits\10\
2025-06-23T19:20:38.0079619Z   WindowsSDKLibVersion: 10.0.26100.0\
2025-06-23T19:20:38.0079951Z   WindowsSdkVerBinPath: C:\Program Files (x86)\Windows Kits\10\bin\10.0.26100.0\
2025-06-23T19:20:38.0080289Z   WindowsSDKVersion: 10.0.26100.0\
2025-06-23T19:20:38.0080688Z   WindowsSDK_ExecutablePath_x64: C:\Program Files (x86)\Microsoft SDKs\Windows\v10.0A\bin\NETFX 4.8 Tools\x64\
2025-06-23T19:20:38.0081285Z   WindowsSDK_ExecutablePath_x86: C:\Program Files (x86)\Microsoft SDKs\Windows\v10.0A\bin\NETFX 4.8 Tools\
2025-06-23T19:20:38.0081810Z   __DOTNET_ADD_32BIT: 1
2025-06-23T19:20:38.0081994Z   __DOTNET_PREFERRED_BITNESS: 32
2025-06-23T19:20:38.0089946Z   __VSCMD_PREINIT_PATH: C:\Users\runneradmin\AppData\Roaming\Python\Python38\Scripts;C:\hostedtoolcache\windows\Python\3.8.10\x86\Scripts;C:\hostedtoolcache\windows\Python\3.8.10\x86;C:\Program Files\MongoDB\Server\5.0\bin;C:\aliyun-cli;C:\vcpkg;C:\Program Files (x86)\NSIS\;C:\tools\zstd;C:\Program Files\Mercurial\;C:\hostedtoolcache\windows\stack\3.5.1\x64;C:\cabal\bin;C:\\ghcup\bin;C:\mingw64\bin;C:\Program Files\dotnet;C:\Program Files\MySQL\MySQL Server 8.0\bin;C:\Program Files\R\R-4.4.2\bin\x64;C:\SeleniumWebDrivers\GeckoDriver;C:\SeleniumWebDrivers\EdgeDriver\;C:\SeleniumWebDrivers\ChromeDriver;C:\Program Files (x86)\sbt\bin;C:\Program Files (x86)\GitHub CLI;C:\Program Files\Git\bin;C:\Program Files (x86)\pipx_bin;C:\npm\prefix;C:\hostedtoolcache\windows\go\1.24.3\x64\bin;C:\hostedtoolcache\windows\Python\3.9.13\x64\Scripts;C:\hostedtoolcache\windows\Python\3.9.13\x64;C:\hostedtoolcache\windows\Ruby\3.3.8\x64\bin;C:\Program Files\OpenSSL\bin;C:\tools\kotlinc\bin;C:\hostedtoolcache\windows\Java_Temurin-Hotspot_jdk\8.0.452-9\x64\bin;C:\Program Files\ImageMagick-7.1.1-Q16-HDRI;C:\Program Files\Microsoft SDKs\Azure\CLI2\wbin;C:\ProgramData\kind;C:\ProgramData\Chocolatey\bin;C:\Windows\system32;C:\Windows;C:\Windows\System32\Wbem;C:\Windows\System32\WindowsPowerShell\v1.0\;C:\Windows\System32\OpenSSH\;C:\Program Files\dotnet\;C:\Program Files\PowerShell\7\;C:\Program Files\Microsoft\Web Platform Installer\;C:\Program Files\TortoiseSVN\bin;C:\Program Files\Microsoft SQL Server\Client SDK\ODBC\170\Tools\Binn\;C:\Program Files\Microsoft SQL Server\150\Tools\Binn\;C:\Program Files (x86)\Windows Kits\10\Windows Performance Toolkit\;C:\Program Files (x86)\WiX Toolset v3.14\bin;C:\Program Files\Microsoft SQL Server\130\DTS\Binn\;C:\Program Files\Microsoft SQL Server\140\DTS\Binn\;C:\Program Files\Microsoft SQL Server\150\DTS\Binn\;C:\Program Files\Microsoft SQL Server\160\DTS\Binn\;C:\Strawberry\c\bin;C:\Strawberry\perl\site\bin;C:\Strawberry\perl\bin;C:\ProgramData\chocolatey\lib\pulumi\tools\Pulumi\bin;C:\Program Files\CMake\bin;C:\ProgramData\chocolatey\lib\maven\apache-maven-3.9.9\bin;C:\Program Files\Microsoft Service Fabric\bin\Fabric\Fabric.Code;C:\Program Files\Microsoft SDKs\Service Fabric\Tools\ServiceFabricLocalClusterManager;C:\Program Files\nodejs\;C:\Program Files\Git\cmd;C:\Program Files\Git\mingw64\bin;C:\Program Files\Git\usr\bin;C:\Program Files\GitHub CLI\;c:\tools\php;C:\Program Files (x86)\sbt\bin;C:\Program Files\Amazon\AWSCLIV2\;C:\Program Files\Amazon\SessionManagerPlugin\bin\;C:\Program Files\Amazon\AWSSAMCLI\bin\;C:\Program Files\Microsoft SQL Server\130\Tools\Binn\;C:\Program Files\LLVM\bin;C:\Users\runneradmin\.dotnet\tools;C:\Users\runneradmin\.cargo\bin;C:\Users\runneradmin\AppData\Local\Microsoft\WindowsApps;C:\Program Files (x86)\Microsoft Visual Studio\Installer
2025-06-23T19:20:38.0098214Z   VCPKG_DEFAULT_BINARY_CACHE: D:/a/synthizer3d/synthizer3d/969f6665-88a2-4c98-938e-ca9259871fec/vcpkg_cache
2025-06-23T19:20:38.0098659Z   VCPKG_BINARY_SOURCES: clear;x-gha,readwrite
2025-06-23T19:20:38.0099201Z   ACTIONS_CACHE_URL: https://acghubeus2.actions.githubusercontent.com/bwbzopuV3oKlbowlUKWdOnf6KF0vjv7EYqCB3ZHqukKhTVgy74/
2025-06-23T19:20:38.0135304Z   ACTIONS_RUNTIME_TOKEN: ***
2025-06-23T19:20:38.0135564Z   RUNVCPKG_VCPKG_ROOT: D:\a\synthizer3d\synthizer3d\vcpkg
2025-06-23T19:20:38.0135832Z ##[endgroup]
2025-06-23T19:20:38.2771185Z VCPKG_ROOT (tool directory from lukka/run-vcpkg) is D:\a\synthizer3d\synthizer3d\vcpkg
2025-06-23T19:20:38.2777109Z VCPKG_DEFAULT_TRIPLET is x86-windows
2025-06-23T19:20:38.2782686Z GITHUB_WORKSPACE is D:\a\synthizer3d\synthizer3d
2025-06-23T19:20:38.2788590Z Initial EFFECTIVE_VCPKG_INSTALLED_DIR_BASE (from job env, target for manifest install) is D:\a\synthizer3d\synthizer3d\vcpkg_installed
2025-06-23T19:20:38.4897162Z Detecting compiler hash for triplet x64-windows...
2025-06-23T19:20:40.4426213Z Compiler found: C:/Program Files/Microsoft Visual Studio/2022/Enterprise/VC/Tools/MSVC/14.43.34808/bin/Hostx64/x64/cl.exe
2025-06-23T19:20:40.4506488Z Detecting compiler hash for triplet x86-windows...
2025-06-23T19:20:42.1678540Z Compiler found: C:/Program Files/Microsoft Visual Studio/2022/Enterprise/VC/Tools/MSVC/14.43.34808/bin/Hostx64/x86/cl.exe
2025-06-23T19:20:42.1710839Z The following packages will be built and installed:
2025-06-23T19:20:42.1711508Z   * atl:x86-windows@0
2025-06-23T19:20:42.1711936Z   * atlmfc:x86-windows@0#3
2025-06-23T19:20:42.1712251Z     libogg:x86-windows@1.3.5#2
2025-06-23T19:20:42.1712567Z     libvorbis:x86-windows@1.3.7#4
2025-06-23T19:20:42.1712885Z     opus:x86-windows@1.5.2
2025-06-23T19:20:42.1713202Z     opusfile:x86-windows@0.12+20221121#1
2025-06-23T19:20:42.1713672Z     soundtouch:x86-windows@2.3.3
2025-06-23T19:20:42.1714144Z   * vcpkg-cmake:x64-windows@2024-04-23
2025-06-23T19:20:42.1715385Z   * vcpkg-cmake-config:x64-windows@2024-05-23
2025-06-23T19:20:42.1715967Z Additional packages (*) will be modified to complete this operation.
2025-06-23T19:20:42.1717609Z %VCPKG_BINARY_SOURCES%: warning: The 'x-gha' binary caching backend has been removed. Consider using a NuGet-based binary caching provider instead, see extended documentation at https://learn.microsoft.com/vcpkg/users/binarycaching?WT.mc_id=vcpkg_inproduct_cli.
2025-06-23T19:20:42.1718841Z   on expression: clear;x-gha,readwrite
2025-06-23T19:20:42.1719189Z                                       ^
2025-06-23T19:20:42.1719630Z Installing 1/9 vcpkg-cmake-config:x64-windows@2024-05-23...
2025-06-23T19:20:42.1720127Z Building vcpkg-cmake-config:x64-windows@2024-05-23...
2025-06-23T19:20:42.2006617Z -- Installing: D:/a/synthizer3d/synthizer3d/vcpkg/packages/vcpkg-cmake-config_x64-windows/share/vcpkg-cmake-config/vcpkg_cmake_config_fixup.cmake
2025-06-23T19:20:42.2012900Z -- Installing: D:/a/synthizer3d/synthizer3d/vcpkg/packages/vcpkg-cmake-config_x64-windows/share/vcpkg-cmake-config/vcpkg-port-config.cmake
2025-06-23T19:20:42.2017355Z -- Installing: D:/a/synthizer3d/synthizer3d/vcpkg/packages/vcpkg-cmake-config_x64-windows/share/vcpkg-cmake-config/copyright
2025-06-23T19:20:42.2054611Z -- Skipping post-build validation due to VCPKG_POLICY_EMPTY_PACKAGE
2025-06-23T19:20:42.2081760Z Elapsed time to handle vcpkg-cmake-config:x64-windows: 36.6 ms
2025-06-23T19:20:42.2082678Z vcpkg-cmake-config:x64-windows package ABI: 842797583f0500a3cabbedf03fb083636fe11e4fd3fd19d9a475485e484445fb
2025-06-23T19:20:42.2083720Z Installing 2/9 vcpkg-cmake:x64-windows@2024-04-23...
2025-06-23T19:20:42.2084213Z Building vcpkg-cmake:x64-windows@2024-04-23...
2025-06-23T19:20:42.2361182Z -- Installing: D:/a/synthizer3d/synthizer3d/vcpkg/packages/vcpkg-cmake_x64-windows/share/vcpkg-cmake/vcpkg_cmake_configure.cmake
2025-06-23T19:20:42.2366626Z -- Installing: D:/a/synthizer3d/synthizer3d/vcpkg/packages/vcpkg-cmake_x64-windows/share/vcpkg-cmake/vcpkg_cmake_build.cmake
2025-06-23T19:20:42.2371433Z -- Installing: D:/a/synthizer3d/synthizer3d/vcpkg/packages/vcpkg-cmake_x64-windows/share/vcpkg-cmake/vcpkg_cmake_install.cmake
2025-06-23T19:20:42.2376130Z -- Installing: D:/a/synthizer3d/synthizer3d/vcpkg/packages/vcpkg-cmake_x64-windows/share/vcpkg-cmake/vcpkg-port-config.cmake
2025-06-23T19:20:42.2380984Z -- Installing: D:/a/synthizer3d/synthizer3d/vcpkg/packages/vcpkg-cmake_x64-windows/share/vcpkg-cmake/copyright
2025-06-23T19:20:42.2417675Z -- Performing post-build validation
2025-06-23T19:20:42.2456305Z Elapsed time to handle vcpkg-cmake:x64-windows: 37.4 ms
2025-06-23T19:20:42.2457006Z vcpkg-cmake:x64-windows package ABI: a500b93f9e0b831ca946128005613d551eeb943040c8f073dc3184f7e15c9834
2025-06-23T19:20:42.2457539Z Installing 3/9 libogg:x86-windows@1.3.5#2...
2025-06-23T19:20:42.2457855Z Building libogg:x86-windows@1.3.5#2...
2025-06-23T19:20:42.2833091Z Downloading https://gitlab.xiph.org/xiph/ogg/-/archive/v1.3.5/ogg-v1.3.5.tar.gz -> xiph-ogg-v1.3.5.tar.gz
2025-06-23T19:20:42.8264174Z Successfully downloaded xiph-ogg-v1.3.5.tar.gz
2025-06-23T19:20:43.0641541Z -- Extracting source D:/a/synthizer3d/synthizer3d/vcpkg/downloads/xiph-ogg-v1.3.5.tar.gz
2025-06-23T19:20:43.1999422Z -- Using source at D:/a/synthizer3d/synthizer3d/vcpkg/buildtrees/libogg/src/v1.3.5-1a4243fef9.clean
2025-06-23T19:20:43.2112691Z -- Found external ninja('1.12.1').
2025-06-23T19:20:43.2146931Z -- Configuring x86-windows
2025-06-23T19:20:49.3202604Z -- Building x86-windows-dbg
2025-06-23T19:20:49.6142402Z -- Building x86-windows-rel
2025-06-23T19:20:49.9125408Z -- Fixing pkgconfig file: D:/a/synthizer3d/synthizer3d/vcpkg/packages/libogg_x86-windows/lib/pkgconfig/ogg.pc
2025-06-23T19:20:49.9318458Z Downloading msys2-mingw-w64-x86_64-pkgconf-1~2.3.0-1-any.pkg.tar.zst, trying https://mirror.msys2.org/mingw/mingw64/mingw-w64-x86_64-pkgconf-1~2.3.0-1-any.pkg.tar.zst
2025-06-23T19:20:50.7904284Z Successfully downloaded msys2-mingw-w64-x86_64-pkgconf-1~2.3.0-1-any.pkg.tar.zst
2025-06-23T19:20:50.8107995Z Downloading msys2-msys2-runtime-3.5.4-2-x86_64.pkg.tar.zst, trying https://mirror.msys2.org/msys/x86_64/msys2-runtime-3.5.4-2-x86_64.pkg.tar.zst
2025-06-23T19:20:51.9837826Z Successfully downloaded msys2-msys2-runtime-3.5.4-2-x86_64.pkg.tar.zst
2025-06-23T19:20:51.9937708Z -- Using msys root at D:/a/synthizer3d/synthizer3d/vcpkg/downloads/tools/msys2/21caed2f81ec917b
2025-06-23T19:20:52.0030469Z -- Fixing pkgconfig file: D:/a/synthizer3d/synthizer3d/vcpkg/packages/libogg_x86-windows/debug/lib/pkgconfig/ogg.pc
2025-06-23T19:20:52.0115907Z -- Installing: D:/a/synthizer3d/synthizer3d/vcpkg/packages/libogg_x86-windows/share/libogg/copyright
2025-06-23T19:20:52.0178759Z -- Performing post-build validation
2025-06-23T19:20:52.0255109Z Elapsed time to handle libogg:x86-windows: 9.8 s
2025-06-23T19:20:52.0256139Z libogg:x86-windows package ABI: 9d3116e61295141536d65bb41b5ea55c2d7e70816845fe2fcdb939f844d32951
2025-06-23T19:20:52.0257024Z Installing 4/9 libvorbis:x86-windows@1.3.7#4...
2025-06-23T19:20:52.0257604Z Building libvorbis:x86-windows@1.3.7#4...
2025-06-23T19:20:52.0666845Z Downloading https://github.com/xiph/vorbis/archive/v1.3.7.tar.gz -> xiph-vorbis-v1.3.7.tar.gz
2025-06-23T19:20:52.5018688Z Successfully downloaded xiph-vorbis-v1.3.7.tar.gz
2025-06-23T19:20:52.5174240Z -- Extracting source D:/a/synthizer3d/synthizer3d/vcpkg/downloads/xiph-vorbis-v1.3.7.tar.gz
2025-06-23T19:20:52.7027530Z -- Applying patch 0001-Dont-export-vorbisenc-functions.patch
2025-06-23T19:20:52.7237734Z -- Applying patch 0002-Fixup-pkgconfig-libs.patch
2025-06-23T19:20:52.7433816Z -- Applying patch 0003-def-mingw-compat.patch
2025-06-23T19:20:52.7631840Z -- Applying patch 0004-ogg-find-dependency.patch
2025-06-23T19:20:52.7832121Z -- Using source at D:/a/synthizer3d/synthizer3d/vcpkg/buildtrees/libvorbis/src/v1.3.7-c32164610e.clean
2025-06-23T19:20:52.7939430Z -- Found external ninja('1.12.1').
2025-06-23T19:20:52.7973212Z -- Configuring x86-windows
2025-06-23T19:20:54.2917166Z -- Building x86-windows-dbg
2025-06-23T19:20:55.4456557Z -- Building x86-windows-rel
2025-06-23T19:20:57.3653965Z -- Fixing pkgconfig file: D:/a/synthizer3d/synthizer3d/vcpkg/packages/libvorbis_x86-windows/lib/pkgconfig/vorbis.pc
2025-06-23T19:20:57.3660647Z -- Fixing pkgconfig file: D:/a/synthizer3d/synthizer3d/vcpkg/packages/libvorbis_x86-windows/lib/pkgconfig/vorbisenc.pc
2025-06-23T19:20:57.3668052Z -- Fixing pkgconfig file: D:/a/synthizer3d/synthizer3d/vcpkg/packages/libvorbis_x86-windows/lib/pkgconfig/vorbisfile.pc
2025-06-23T19:20:57.3791643Z -- Using cached msys2-mingw-w64-x86_64-pkgconf-1~2.3.0-1-any.pkg.tar.zst
2025-06-23T19:20:57.3857725Z -- Using cached msys2-msys2-runtime-3.5.4-2-x86_64.pkg.tar.zst
2025-06-23T19:20:57.3862775Z -- Using msys root at D:/a/synthizer3d/synthizer3d/vcpkg/downloads/tools/msys2/21caed2f81ec917b
2025-06-23T19:20:57.4066788Z -- Fixing pkgconfig file: D:/a/synthizer3d/synthizer3d/vcpkg/packages/libvorbis_x86-windows/debug/lib/pkgconfig/vorbis.pc
2025-06-23T19:20:57.4073570Z -- Fixing pkgconfig file: D:/a/synthizer3d/synthizer3d/vcpkg/packages/libvorbis_x86-windows/debug/lib/pkgconfig/vorbisenc.pc
2025-06-23T19:20:57.4080728Z -- Fixing pkgconfig file: D:/a/synthizer3d/synthizer3d/vcpkg/packages/libvorbis_x86-windows/debug/lib/pkgconfig/vorbisfile.pc
2025-06-23T19:20:57.5542917Z -- Installing: D:/a/synthizer3d/synthizer3d/vcpkg/packages/libvorbis_x86-windows/share/libvorbis/usage
2025-06-23T19:20:57.5547771Z -- Installing: D:/a/synthizer3d/synthizer3d/vcpkg/packages/libvorbis_x86-windows/share/libvorbis/copyright
2025-06-23T19:20:57.5609098Z -- Performing post-build validation
2025-06-23T19:20:57.5715451Z Elapsed time to handle libvorbis:x86-windows: 5.5 s
2025-06-23T19:20:57.5716739Z libvorbis:x86-windows package ABI: adab93becfac965458b82252da84893d8ac078e2f991ea5f3087e5b9a3a939e0
2025-06-23T19:20:57.5717788Z Installing 5/9 opus:x86-windows@1.5.2...
2025-06-23T19:20:57.5718246Z Building opus:x86-windows@1.5.2...
2025-06-23T19:20:57.6156476Z Downloading https://github.com/xiph/opus/archive/v1.5.2.tar.gz -> xiph-opus-v1.5.2.tar.gz
2025-06-23T19:20:58.1225146Z Successfully downloaded xiph-opus-v1.5.2.tar.gz
2025-06-23T19:20:58.1502398Z -- Extracting source D:/a/synthizer3d/synthizer3d/vcpkg/downloads/xiph-opus-v1.5.2.tar.gz
2025-06-23T19:20:58.4241288Z -- Applying patch fix-pkgconfig-version.patch
2025-06-23T19:20:58.4457908Z -- Using source at D:/a/synthizer3d/synthizer3d/vcpkg/buildtrees/opus/src/v1.5.2-81ed242155.clean
2025-06-23T19:20:58.4598699Z -- Found external ninja('1.12.1').
2025-06-23T19:20:58.4634172Z -- Configuring x86-windows
2025-06-23T19:21:04.0037864Z -- Building x86-windows-dbg
2025-06-23T19:21:09.2561241Z -- Building x86-windows-rel
2025-06-23T19:21:16.6136380Z -- Fixing pkgconfig file: D:/a/synthizer3d/synthizer3d/vcpkg/packages/opus_x86-windows/lib/pkgconfig/opus.pc
2025-06-23T19:21:16.6243659Z -- Using cached msys2-mingw-w64-x86_64-pkgconf-1~2.3.0-1-any.pkg.tar.zst
2025-06-23T19:21:16.6313407Z -- Using cached msys2-msys2-runtime-3.5.4-2-x86_64.pkg.tar.zst
2025-06-23T19:21:16.6317592Z -- Using msys root at D:/a/synthizer3d/synthizer3d/vcpkg/downloads/tools/msys2/21caed2f81ec917b
2025-06-23T19:21:16.6385212Z -- Fixing pkgconfig file: D:/a/synthizer3d/synthizer3d/vcpkg/packages/opus_x86-windows/debug/lib/pkgconfig/opus.pc
2025-06-23T19:21:16.6457985Z -- Installing: D:/a/synthizer3d/synthizer3d/vcpkg/packages/opus_x86-windows/share/opus/copyright
2025-06-23T19:21:16.6513909Z -- Performing post-build validation
2025-06-23T19:21:16.6591733Z Elapsed time to handle opus:x86-windows: 19 s
2025-06-23T19:21:16.6592385Z opus:x86-windows package ABI: 83e5b95bc9fc04c66845576db4b179fe11bca26089260af25c339303740be4b4
2025-06-23T19:21:16.6592918Z Installing 6/9 opusfile:x86-windows@0.12+20221121#1...
2025-06-23T19:21:16.6593279Z Building opusfile:x86-windows@0.12+20221121#1...
2025-06-23T19:21:16.6901668Z -- Note: opusfile only supports static library linkage. Building static library.
2025-06-23T19:21:16.6994300Z Downloading https://github.com/xiph/opusfile/archive/9d718345ce03b2fad5d7d28e0bcd1cc69ab2b166.tar.gz -> xiph-opusfile-9d718345ce03b2fad5d7d28e0bcd1cc69ab2b166.tar.gz
2025-06-23T19:21:17.1353411Z Successfully downloaded xiph-opusfile-9d718345ce03b2fad5d7d28e0bcd1cc69ab2b166.tar.gz
2025-06-23T19:21:17.1464865Z -- Extracting source D:/a/synthizer3d/synthizer3d/vcpkg/downloads/xiph-opusfile-9d718345ce03b2fad5d7d28e0bcd1cc69ab2b166.tar.gz
2025-06-23T19:21:17.2741717Z -- Using source at D:/a/synthizer3d/synthizer3d/vcpkg/buildtrees/opusfile/src/c69ab2b166-6cc7de23ec.clean
2025-06-23T19:21:17.2859432Z -- Found external ninja('1.12.1').
2025-06-23T19:21:17.2893072Z -- Configuring x86-windows
2025-06-23T19:21:18.4665502Z -- Building x86-windows-dbg
2025-06-23T19:21:18.7237167Z -- Building x86-windows-rel
2025-06-23T19:21:19.1613277Z -- Fixing pkgconfig file: D:/a/synthizer3d/synthizer3d/vcpkg/packages/opusfile_x86-windows/lib/pkgconfig/opusfile.pc
2025-06-23T19:21:19.1724551Z -- Using cached msys2-mingw-w64-x86_64-pkgconf-1~2.3.0-1-any.pkg.tar.zst
2025-06-23T19:21:19.1794196Z -- Using cached msys2-msys2-runtime-3.5.4-2-x86_64.pkg.tar.zst
2025-06-23T19:21:19.1798606Z -- Using msys root at D:/a/synthizer3d/synthizer3d/vcpkg/downloads/tools/msys2/21caed2f81ec917b
2025-06-23T19:21:19.1868364Z -- Fixing pkgconfig file: D:/a/synthizer3d/synthizer3d/vcpkg/packages/opusfile_x86-windows/debug/lib/pkgconfig/opusfile.pc
2025-06-23T19:21:19.1962932Z -- Installing: D:/a/synthizer3d/synthizer3d/vcpkg/packages/opusfile_x86-windows/share/opusfile/copyright
2025-06-23T19:21:19.1971963Z -- Installing: D:/a/synthizer3d/synthizer3d/vcpkg/packages/opusfile_x86-windows/share/opusfile/usage
2025-06-23T19:21:19.2021842Z -- Performing post-build validation
2025-06-23T19:21:19.2090009Z Elapsed time to handle opusfile:x86-windows: 2.5 s
2025-06-23T19:21:19.2090628Z opusfile:x86-windows package ABI: 558f8d0c1725b77c6cd28062f718be9e4baef5d64a4d6297e504b882d2ce8a04
2025-06-23T19:21:19.2091183Z Installing 7/9 atl:x86-windows@0...
2025-06-23T19:21:19.2091929Z Building atl:x86-windows@0...
2025-06-23T19:21:19.2427579Z -- Skipping post-build validation due to VCPKG_POLICY_EMPTY_PACKAGE
2025-06-23T19:21:19.2449237Z Elapsed time to handle atl:x86-windows: 35.9 ms
2025-06-23T19:21:19.2449921Z atl:x86-windows package ABI: 342d8acf1d4b00c8d8f5437e477585b33bd67c023be49b90ef63dc559637cb14
2025-06-23T19:21:19.2450505Z Installing 8/9 atlmfc:x86-windows@0#3...
2025-06-23T19:21:19.2450862Z Building atlmfc:x86-windows@0#3...
2025-06-23T19:21:19.2779566Z -- Skipping post-build validation due to VCPKG_POLICY_EMPTY_PACKAGE
2025-06-23T19:21:19.2804954Z Elapsed time to handle atlmfc:x86-windows: 35.5 ms
2025-06-23T19:21:19.2805584Z atlmfc:x86-windows package ABI: a0ff26a5f4a3e69d6e49f9851c85c9537d1d5ce7c541b6be746af6ec50c22239
2025-06-23T19:21:19.2806099Z Installing 9/9 soundtouch:x86-windows@2.3.3...
2025-06-23T19:21:19.2806426Z Building soundtouch:x86-windows@2.3.3...
2025-06-23T19:21:19.3190962Z Downloading https://codeberg.org/soundtouch/soundtouch/archive/2.3.3.tar.gz -> soundtouch-soundtouch-2.3.3.tar.gz
2025-06-23T19:21:20.4924136Z Successfully downloaded soundtouch-soundtouch-2.3.3.tar.gz
2025-06-23T19:21:20.5042187Z -- Extracting source D:/a/synthizer3d/synthizer3d/vcpkg/downloads/soundtouch-soundtouch-2.3.3.tar.gz
2025-06-23T19:21:20.6517917Z -- Using source at D:/a/synthizer3d/synthizer3d/vcpkg/buildtrees/soundtouch/src/2.3.3-309213044d.clean
2025-06-23T19:21:20.6631570Z -- Found external ninja('1.12.1').
2025-06-23T19:21:20.6665147Z -- Configuring x86-windows
2025-06-23T19:21:22.0338913Z -- Building x86-windows-dbg
2025-06-23T19:21:24.1700298Z -- Building x86-windows-rel
2025-06-23T19:21:26.3365717Z -- Fixing pkgconfig file: D:/a/synthizer3d/synthizer3d/vcpkg/packages/soundtouch_x86-windows/lib/pkgconfig/soundtouch.pc
2025-06-23T19:21:26.3474405Z -- Using cached msys2-mingw-w64-x86_64-pkgconf-1~2.3.0-1-any.pkg.tar.zst
2025-06-23T19:21:26.3544159Z -- Using cached msys2-msys2-runtime-3.5.4-2-x86_64.pkg.tar.zst
2025-06-23T19:21:26.3548199Z -- Using msys root at D:/a/synthizer3d/synthizer3d/vcpkg/downloads/tools/msys2/21caed2f81ec917b
2025-06-23T19:21:26.3617990Z -- Fixing pkgconfig file: D:/a/synthizer3d/synthizer3d/vcpkg/packages/soundtouch_x86-windows/debug/lib/pkgconfig/soundtouch.pc
2025-06-23T19:21:26.4062343Z -- Installing: D:/a/synthizer3d/synthizer3d/vcpkg/packages/soundtouch_x86-windows/share/soundtouch/copyright
2025-06-23T19:21:26.4121985Z -- Performing post-build validation
2025-06-23T19:21:26.4231455Z Elapsed time to handle soundtouch:x86-windows: 7.1 s
2025-06-23T19:21:26.4232319Z soundtouch:x86-windows package ABI: a4eae149255f87cebc15fabf8773d05c612b36e615eedb07f38d5b9c01102cba
2025-06-23T19:21:26.4251752Z libogg provides CMake targets:
2025-06-23T19:21:26.4252011Z 
2025-06-23T19:21:26.4252346Z   # this is heuristically generated, and may not be correct
2025-06-23T19:21:26.4252921Z   find_package(Ogg CONFIG REQUIRED)
2025-06-23T19:21:26.4253481Z   target_link_libraries(main PRIVATE Ogg::ogg)
2025-06-23T19:21:26.4253737Z 
2025-06-23T19:21:26.4253928Z libogg provides pkg-config modules:
2025-06-23T19:21:26.4254165Z 
2025-06-23T19:21:26.4255825Z   # ogg is a library for manipulating ogg bitstreams
2025-06-23T19:21:26.4256363Z   ogg
2025-06-23T19:21:26.4256511Z 
2025-06-23T19:21:26.4256830Z The package libvorbis provides CMake targets:
2025-06-23T19:21:26.4257063Z 
2025-06-23T19:21:26.4257306Z     # Vorbis reference encoder and decoder, low-level API
2025-06-23T19:21:26.4257731Z     find_package(Vorbis CONFIG REQUIRED)
2025-06-23T19:21:26.4258216Z     target_link_libraries(main PRIVATE Vorbis::vorbis)
2025-06-23T19:21:26.4258461Z 
2025-06-23T19:21:26.4258779Z     # Audio stream decoding and basic manipulation, high-level API
2025-06-23T19:21:26.4259429Z     find_package(Vorbis CONFIG REQUIRED)
2025-06-23T19:21:26.4260006Z     target_link_libraries(main PRIVATE Vorbis::vorbisfile)
2025-06-23T19:21:26.4260269Z 
2025-06-23T19:21:26.4260518Z     # Convenience API for setting up an encoding environment
2025-06-23T19:21:26.4261047Z     find_package(Vorbis CONFIG REQUIRED)
2025-06-23T19:21:26.4261693Z     target_link_libraries(main PRIVATE Vorbis::vorbisenc)
2025-06-23T19:21:26.4262098Z 
2025-06-23T19:21:26.4262327Z opus provides CMake targets:
2025-06-23T19:21:26.4262517Z 
2025-06-23T19:21:26.4262759Z   # this is heuristically generated, and may not be correct
2025-06-23T19:21:26.4263162Z   find_package(Opus CONFIG REQUIRED)
2025-06-23T19:21:26.4263563Z   target_link_libraries(main PRIVATE Opus::opus)
2025-06-23T19:21:26.4263800Z 
2025-06-23T19:21:26.4263959Z opus provides pkg-config modules:
2025-06-23T19:21:26.4264157Z 
2025-06-23T19:21:26.4264307Z   # Opus IETF audio codec ( build)
2025-06-23T19:21:26.4264509Z   opus
2025-06-23T19:21:26.4264588Z 
2025-06-23T19:21:26.4264954Z The package opusfile provides CMake targets:
2025-06-23T19:21:26.4265131Z 
2025-06-23T19:21:26.4265273Z     find_package(OpusFile CONFIG REQUIRED)
2025-06-23T19:21:26.4265632Z     target_link_libraries(main PRIVATE OpusFile::opusfile)
2025-06-23T19:21:26.4265832Z 
2025-06-23T19:21:26.4265944Z     # To use the opusurl API
2025-06-23T19:21:26.4266266Z     target_link_libraries(main PRIVATE OpusFile::opusurl)
2025-06-23T19:21:26.4266463Z 
2025-06-23T19:21:26.4266596Z soundtouch provides CMake targets:
2025-06-23T19:21:26.4266747Z 
2025-06-23T19:21:26.4266937Z   # this is heuristically generated, and may not be correct
2025-06-23T19:21:26.4267273Z   find_package(SoundTouch CONFIG REQUIRED)
2025-06-23T19:21:26.4267823Z   target_link_libraries(main PRIVATE SoundTouch::SoundTouch)
2025-06-23T19:21:26.4268032Z 
2025-06-23T19:21:26.4268164Z soundtouch provides pkg-config modules:
2025-06-23T19:21:26.4268328Z 
2025-06-23T19:21:26.4268819Z   # SoundTouch is an open-source audio processing library for changing the Tempo, Pitch and Playback Rates of audio streams or files
2025-06-23T19:21:26.4269292Z   soundtouch
2025-06-23T19:21:26.4269382Z 
2025-06-23T19:21:26.4269591Z All requested installations completed successfully in: 44 s
2025-06-23T19:21:26.4370389Z Finished vcpkg install command.
2025-06-23T19:21:26.4659910Z Verifying existence of target CMAKE_PREFIX_PATH: D:\a\synthizer3d\synthizer3d\vcpkg_installed\x86-windows
2025-06-23T19:21:26.4692220Z Confermato: La directory target per CMAKE_PREFIX_PATH esiste: D:\a\synthizer3d\synthizer3d\vcpkg_installed\x86-windows
2025-06-23T19:21:26.4846007Z CMAKE_PREFIX_PATH impostato a D:\a\synthizer3d\synthizer3d\vcpkg_installed\x86-windows
2025-06-23T19:21:26.5200661Z ##[group]Run python -m pip install --upgrade pip
2025-06-23T19:21:26.5201118Z [36;1mpython -m pip install --upgrade pip[0m
2025-06-23T19:21:26.5201595Z [36;1mpip install ninja cmake wheel tomli setuptools packaging distro scikit-build cython build delvewheel[0m
2025-06-23T19:21:26.5232977Z shell: C:\Program Files\PowerShell\7\pwsh.EXE -command ". '{0}'"
2025-06-23T19:21:26.5233294Z env:
2025-06-23T19:21:26.5233454Z   PYVERSION: 3.8
2025-06-23T19:21:26.5233623Z   CI_ARCH_LOWER: x86
2025-06-23T19:21:26.5233793Z   CI_WINDOWS: 1
2025-06-23T19:21:26.5233951Z   CI_ARCH_ENV: x86
2025-06-23T19:21:26.5234129Z   VCPKG_DEFAULT_TRIPLET: x86-windows
2025-06-23T19:21:26.5234484Z   EFFECTIVE_VCPKG_INSTALLED_DIR_BASE: D:\a\synthizer3d\synthizer3d\vcpkg_installed
2025-06-23T19:21:26.5234932Z   pythonLocation: C:\hostedtoolcache\windows\Python\3.8.10\x86
2025-06-23T19:21:26.5235352Z   PKG_CONFIG_PATH: C:\hostedtoolcache\windows\Python\3.8.10\x86/lib/pkgconfig
2025-06-23T19:21:26.5235777Z   Python_ROOT_DIR: C:\hostedtoolcache\windows\Python\3.8.10\x86
2025-06-23T19:21:26.5236136Z   Python2_ROOT_DIR: C:\hostedtoolcache\windows\Python\3.8.10\x86
2025-06-23T19:21:26.5236490Z   Python3_ROOT_DIR: C:\hostedtoolcache\windows\Python\3.8.10\x86
2025-06-23T19:21:26.5236791Z   CommandPromptType: Native
2025-06-23T19:21:26.5237114Z   DevEnvDir: C:\Program Files\Microsoft Visual Studio\2022\Enterprise\Common7\IDE\
2025-06-23T19:21:26.5237579Z   ExtensionSdkDir: C:\Program Files (x86)\Microsoft SDKs\Windows Kits\10\ExtensionSDKs
2025-06-23T19:21:26.5239570Z   EXTERNAL_INCLUDE: C:\Program Files\Microsoft Visual Studio\2022\Enterprise\VC\Tools\MSVC\14.43.34808\include;C:\Program Files\Microsoft Visual Studio\2022\Enterprise\VC\Tools\MSVC\14.43.34808\ATLMFC\include;C:\Program Files\Microsoft Visual Studio\2022\Enterprise\VC\Auxiliary\VS\include;C:\Program Files (x86)\Windows Kits\10\include\10.0.26100.0\ucrt;C:\Program Files (x86)\Windows Kits\10\\include\10.0.26100.0\\um;C:\Program Files (x86)\Windows Kits\10\\include\10.0.26100.0\\shared;C:\Program Files (x86)\Windows Kits\10\\include\10.0.26100.0\\winrt;C:\Program Files (x86)\Windows Kits\10\\include\10.0.26100.0\\cppwinrt;C:\Program Files (x86)\Windows Kits\NETFXSDK\4.8\include\um
2025-06-23T19:21:26.5241442Z   Framework40Version: v4.0
2025-06-23T19:21:26.5241681Z   FrameworkDir: C:\Windows\Microsoft.NET\Framework\
2025-06-23T19:21:26.5241982Z   FrameworkDir32: C:\Windows\Microsoft.NET\Framework\
2025-06-23T19:21:26.5242248Z   FrameworkVersion: v4.0.30319
2025-06-23T19:21:26.5242449Z   FrameworkVersion32: v4.0.30319
2025-06-23T19:21:26.5242930Z   FSHARPINSTALLDIR: C:\Program Files\Microsoft Visual Studio\2022\Enterprise\Common7\IDE\CommonExtensions\Microsoft\FSharp\Tools
2025-06-23T19:21:26.5243471Z   HTMLHelpDir: C:\Program Files (x86)\HTML Help Workshop
2025-06-23T19:21:26.5243896Z   IFCPATH: C:\Program Files\Microsoft Visual Studio\2022\Enterprise\VC\Tools\MSVC\14.43.34808\ifc\x86
2025-06-23T19:21:26.5245892Z   INCLUDE: C:\Program Files\Microsoft Visual Studio\2022\Enterprise\VC\Tools\MSVC\14.43.34808\include;C:\Program Files\Microsoft Visual Studio\2022\Enterprise\VC\Tools\MSVC\14.43.34808\ATLMFC\include;C:\Program Files\Microsoft Visual Studio\2022\Enterprise\VC\Auxiliary\VS\include;C:\Program Files (x86)\Windows Kits\10\include\10.0.26100.0\ucrt;C:\Program Files (x86)\Windows Kits\10\\include\10.0.26100.0\\um;C:\Program Files (x86)\Windows Kits\10\\include\10.0.26100.0\\shared;C:\Program Files (x86)\Windows Kits\10\\include\10.0.26100.0\\winrt;C:\Program Files (x86)\Windows Kits\10\\include\10.0.26100.0\\cppwinrt;C:\Program Files (x86)\Windows Kits\NETFXSDK\4.8\include\um
2025-06-23T19:21:26.5252006Z   LIB: C:\Program Files\Microsoft Visual Studio\2022\Enterprise\VC\Tools\MSVC\14.43.34808\ATLMFC\lib\x86;C:\Program Files\Microsoft Visual Studio\2022\Enterprise\VC\Tools\MSVC\14.43.34808\lib\x86;C:\Program Files (x86)\Windows Kits\NETFXSDK\4.8\lib\um\x86;C:\Program Files (x86)\Windows Kits\10\lib\10.0.26100.0\ucrt\x86;C:\Program Files (x86)\Windows Kits\10\\lib\10.0.26100.0\\um\x86
2025-06-23T19:21:26.5254406Z   LIBPATH: C:\Program Files\Microsoft Visual Studio\2022\Enterprise\VC\Tools\MSVC\14.43.34808\ATLMFC\lib\x86;C:\Program Files\Microsoft Visual Studio\2022\Enterprise\VC\Tools\MSVC\14.43.34808\lib\x86;C:\Program Files\Microsoft Visual Studio\2022\Enterprise\VC\Tools\MSVC\14.43.34808\lib\x86\store\references;C:\Program Files (x86)\Windows Kits\10\UnionMetadata\10.0.26100.0;C:\Program Files (x86)\Windows Kits\10\References\10.0.26100.0;C:\Windows\Microsoft.NET\Framework\v4.0.30319
2025-06-23T19:21:26.5255877Z   NETFXSDKDir: C:\Program Files (x86)\Windows Kits\NETFXSDK\4.8\
2025-06-23T19:21:26.5270084Z   Path: C:\Program Files\Microsoft Visual Studio\2022\Enterprise\VC\Tools\MSVC\14.43.34808\bin\HostX86\x86;C:\Program Files\Microsoft Visual Studio\2022\Enterprise\Common7\IDE\VC\VCPackages;C:\Program Files\Microsoft Visual Studio\2022\Enterprise\Common7\IDE\CommonExtensions\Microsoft\TestWindow;C:\Program Files\Microsoft Visual Studio\2022\Enterprise\Common7\IDE\CommonExtensions\Microsoft\TeamFoundation\Team Explorer;C:\Program Files\Microsoft Visual Studio\2022\Enterprise\MSBuild\Current\bin\Roslyn;C:\Program Files (x86)\Microsoft SDKs\Windows\v10.0A\bin\NETFX 4.8 Tools\;C:\Program Files (x86)\HTML Help Workshop;C:\Program Files\Microsoft Visual Studio\2022\Enterprise\Common7\IDE\CommonExtensions\Microsoft\FSharp\Tools;C:\Program Files\Microsoft Visual Studio\2022\Enterprise\Team Tools\DiagnosticsHub\Collector;C:\Program Files\Microsoft Visual Studio\2022\Enterprise\Common7\IDE\Extensions\Microsoft\CodeCoverage.Console;C:\Program Files (x86)\Windows Kits\10\bin\10.0.26100.0\\x86;C:\Program Files (x86)\Windows Kits\10\bin\\x86;C:\Program Files\Microsoft Visual Studio\2022\Enterprise\\MSBuild\Current\Bin\amd64;C:\Windows\Microsoft.NET\Framework\v4.0.30319;C:\Program Files\Microsoft Visual Studio\2022\Enterprise\Common7\IDE\;C:\Program Files\Microsoft Visual Studio\2022\Enterprise\Common7\Tools\;C:\Users\runneradmin\AppData\Roaming\Python\Python38\Scripts;C:\hostedtoolcache\windows\Python\3.8.10\x86\Scripts;C:\hostedtoolcache\windows\Python\3.8.10\x86;C:\Program Files\MongoDB\Server\5.0\bin;C:\aliyun-cli;C:\vcpkg;C:\Program Files (x86)\NSIS\;C:\tools\zstd;C:\Program Files\Mercurial\;C:\hostedtoolcache\windows\stack\3.5.1\x64;C:\cabal\bin;C:\\ghcup\bin;C:\mingw64\bin;C:\Program Files\dotnet;C:\Program Files\MySQL\MySQL Server 8.0\bin;C:\Program Files\R\R-4.4.2\bin\x64;C:\SeleniumWebDrivers\GeckoDriver;C:\SeleniumWebDrivers\EdgeDriver\;C:\SeleniumWebDrivers\ChromeDriver;C:\Program Files (x86)\sbt\bin;C:\Program Files (x86)\GitHub CLI;C:\Program Files\Git\bin;C:\Program Files (x86)\pipx_bin;C:\npm\prefix;C:\hostedtoolcache\windows\go\1.24.3\x64\bin;C:\hostedtoolcache\windows\Python\3.9.13\x64\Scripts;C:\hostedtoolcache\windows\Python\3.9.13\x64;C:\hostedtoolcache\windows\Ruby\3.3.8\x64\bin;C:\Program Files\OpenSSL\bin;C:\tools\kotlinc\bin;C:\hostedtoolcache\windows\Java_Temurin-Hotspot_jdk\8.0.452-9\x64\bin;C:\Program Files\ImageMagick-7.1.1-Q16-HDRI;C:\Program Files\Microsoft SDKs\Azure\CLI2\wbin;C:\ProgramData\kind;C:\ProgramData\Chocolatey\bin;C:\Windows\system32;C:\Windows;C:\Windows\System32\Wbem;C:\Windows\System32\WindowsPowerShell\v1.0\;C:\Windows\System32\OpenSSH\;C:\Program Files\dotnet\;C:\Program Files\PowerShell\7\;C:\Program Files\Microsoft\Web Platform Installer\;C:\Program Files\TortoiseSVN\bin;C:\Program Files\Microsoft SQL Server\Client SDK\ODBC\170\Tools\Binn\;C:\Program Files\Microsoft SQL Server\150\Tools\Binn\;C:\Program Files (x86)\Windows Kits\10\Windows Performance Toolkit\;C:\Program Files (x86)\WiX Toolset v3.14\bin;C:\Program Files\Microsoft SQL Server\130\DTS\Binn\;C:\Program Files\Microsoft SQL Server\140\DTS\Binn\;C:\Program Files\Microsoft SQL Server\150\DTS\Binn\;C:\Program Files\Microsoft SQL Server\160\DTS\Binn\;C:\Strawberry\c\bin;C:\Strawberry\perl\site\bin;C:\Strawberry\perl\bin;C:\ProgramData\chocolatey\lib\pulumi\tools\Pulumi\bin;C:\Program Files\CMake\bin;C:\ProgramData\chocolatey\lib\maven\apache-maven-3.9.9\bin;C:\Program Files\Microsoft Service Fabric\bin\Fabric\Fabric.Code;C:\Program Files\Microsoft SDKs\Service Fabric\Tools\ServiceFabricLocalClusterManager;C:\Program Files\nodejs\;C:\Program Files\Git\cmd;C:\Program Files\Git\mingw64\bin;C:\Program Files\Git\usr\bin;C:\Program Files\GitHub CLI\;c:\tools\php;C:\Program Files\Amazon\AWSCLIV2\;C:\Program Files\Amazon\SessionManagerPlugin\bin\;C:\Program Files\Amazon\AWSSAMCLI\bin\;C:\Program Files\Microsoft SQL Server\130\Tools\Binn\;C:\Program Files\LLVM\bin;C:\Users\runneradmin\.dotnet\tools;C:\Users\runneradmin\.cargo\bin;C:\Users\runneradmin\AppData\Local\Microsoft\WindowsApps;C:\Program Files (x86)\Microsoft Visual Studio\Installer;C:\Program Files\Microsoft Visual Studio\2022\Enterprise\VC\Tools\Llvm\bin;C:\Program Files\Microsoft Visual Studio\2022\Enterprise\Common7\IDE\CommonExtensions\Microsoft\CMake\CMake\bin;C:\Program Files\Microsoft Visual Studio\2022\Enterprise\Common7\IDE\CommonExtensions\Microsoft\CMake\Ninja;C:\Program Files\Microsoft Visual Studio\2022\Enterprise\Common7\IDE\VC\Linux\bin\ConnectionManagerExe;C:\Program Files\Microsoft Visual Studio\2022\Enterprise\VC\vcpkg
2025-06-23T19:21:26.5283147Z   Platform: x86
2025-06-23T19:21:26.5283324Z   UCRTVersion: 10.0.26100.0
2025-06-23T19:21:26.5283601Z   UniversalCRTSdkDir: C:\Program Files (x86)\Windows Kits\10\
2025-06-23T19:21:26.5284052Z   VCIDEInstallDir: C:\Program Files\Microsoft Visual Studio\2022\Enterprise\Common7\IDE\VC\
2025-06-23T19:21:26.5284528Z   VCINSTALLDIR: C:\Program Files\Microsoft Visual Studio\2022\Enterprise\VC\
2025-06-23T19:21:26.5284886Z   VCPKG_ROOT: D:\a\synthizer3d\synthizer3d\vcpkg
2025-06-23T19:21:26.5285319Z   VCToolsInstallDir: C:\Program Files\Microsoft Visual Studio\2022\Enterprise\VC\Tools\MSVC\14.43.34808\
2025-06-23T19:21:26.5285913Z   VCToolsRedistDir: C:\Program Files\Microsoft Visual Studio\2022\Enterprise\VC\Redist\MSVC\14.42.34433\
2025-06-23T19:21:26.5286321Z   VCToolsVersion: 14.43.34808
2025-06-23T19:21:26.5286528Z   VisualStudioVersion: 17.0
2025-06-23T19:21:26.5286869Z   VS170COMNTOOLS: C:\Program Files\Microsoft Visual Studio\2022\Enterprise\Common7\Tools\
2025-06-23T19:21:26.5287235Z   VSCMD_ARG_app_plat: Desktop
2025-06-23T19:21:26.5287429Z   VSCMD_ARG_HOST_ARCH: x86
2025-06-23T19:21:26.5287608Z   VSCMD_ARG_TGT_ARCH: x86
2025-06-23T19:21:26.5287789Z   VSCMD_VER: 17.13.2
2025-06-23T19:21:26.5288062Z   VSINSTALLDIR: C:\Program Files\Microsoft Visual Studio\2022\Enterprise\
2025-06-23T19:21:26.5288488Z   VSSDK150INSTALL: C:\Program Files\Microsoft Visual Studio\2022\Enterprise\VSSDK
2025-06-23T19:21:26.5288930Z   VSSDKINSTALL: C:\Program Files\Microsoft Visual Studio\2022\Enterprise\VSSDK
2025-06-23T19:21:26.5289534Z   WindowsLibPath: C:\Program Files (x86)\Windows Kits\10\UnionMetadata\10.0.26100.0;C:\Program Files (x86)\Windows Kits\10\References\10.0.26100.0
2025-06-23T19:21:26.5290105Z   WindowsSdkBinPath: C:\Program Files (x86)\Windows Kits\10\bin\
2025-06-23T19:21:26.5290451Z   WindowsSdkDir: C:\Program Files (x86)\Windows Kits\10\
2025-06-23T19:21:26.5290729Z   WindowsSDKLibVersion: 10.0.26100.0\
2025-06-23T19:21:26.5291147Z   WindowsSdkVerBinPath: C:\Program Files (x86)\Windows Kits\10\bin\10.0.26100.0\
2025-06-23T19:21:26.5291496Z   WindowsSDKVersion: 10.0.26100.0\
2025-06-23T19:21:26.5291900Z   WindowsSDK_ExecutablePath_x64: C:\Program Files (x86)\Microsoft SDKs\Windows\v10.0A\bin\NETFX 4.8 Tools\x64\
2025-06-23T19:21:26.5292494Z   WindowsSDK_ExecutablePath_x86: C:\Program Files (x86)\Microsoft SDKs\Windows\v10.0A\bin\NETFX 4.8 Tools\
2025-06-23T19:21:26.5292891Z   __DOTNET_ADD_32BIT: 1
2025-06-23T19:21:26.5293077Z   __DOTNET_PREFERRED_BITNESS: 32
2025-06-23T19:21:26.5301072Z   __VSCMD_PREINIT_PATH: C:\Users\runneradmin\AppData\Roaming\Python\Python38\Scripts;C:\hostedtoolcache\windows\Python\3.8.10\x86\Scripts;C:\hostedtoolcache\windows\Python\3.8.10\x86;C:\Program Files\MongoDB\Server\5.0\bin;C:\aliyun-cli;C:\vcpkg;C:\Program Files (x86)\NSIS\;C:\tools\zstd;C:\Program Files\Mercurial\;C:\hostedtoolcache\windows\stack\3.5.1\x64;C:\cabal\bin;C:\\ghcup\bin;C:\mingw64\bin;C:\Program Files\dotnet;C:\Program Files\MySQL\MySQL Server 8.0\bin;C:\Program Files\R\R-4.4.2\bin\x64;C:\SeleniumWebDrivers\GeckoDriver;C:\SeleniumWebDrivers\EdgeDriver\;C:\SeleniumWebDrivers\ChromeDriver;C:\Program Files (x86)\sbt\bin;C:\Program Files (x86)\GitHub CLI;C:\Program Files\Git\bin;C:\Program Files (x86)\pipx_bin;C:\npm\prefix;C:\hostedtoolcache\windows\go\1.24.3\x64\bin;C:\hostedtoolcache\windows\Python\3.9.13\x64\Scripts;C:\hostedtoolcache\windows\Python\3.9.13\x64;C:\hostedtoolcache\windows\Ruby\3.3.8\x64\bin;C:\Program Files\OpenSSL\bin;C:\tools\kotlinc\bin;C:\hostedtoolcache\windows\Java_Temurin-Hotspot_jdk\8.0.452-9\x64\bin;C:\Program Files\ImageMagick-7.1.1-Q16-HDRI;C:\Program Files\Microsoft SDKs\Azure\CLI2\wbin;C:\ProgramData\kind;C:\ProgramData\Chocolatey\bin;C:\Windows\system32;C:\Windows;C:\Windows\System32\Wbem;C:\Windows\System32\WindowsPowerShell\v1.0\;C:\Windows\System32\OpenSSH\;C:\Program Files\dotnet\;C:\Program Files\PowerShell\7\;C:\Program Files\Microsoft\Web Platform Installer\;C:\Program Files\TortoiseSVN\bin;C:\Program Files\Microsoft SQL Server\Client SDK\ODBC\170\Tools\Binn\;C:\Program Files\Microsoft SQL Server\150\Tools\Binn\;C:\Program Files (x86)\Windows Kits\10\Windows Performance Toolkit\;C:\Program Files (x86)\WiX Toolset v3.14\bin;C:\Program Files\Microsoft SQL Server\130\DTS\Binn\;C:\Program Files\Microsoft SQL Server\140\DTS\Binn\;C:\Program Files\Microsoft SQL Server\150\DTS\Binn\;C:\Program Files\Microsoft SQL Server\160\DTS\Binn\;C:\Strawberry\c\bin;C:\Strawberry\perl\site\bin;C:\Strawberry\perl\bin;C:\ProgramData\chocolatey\lib\pulumi\tools\Pulumi\bin;C:\Program Files\CMake\bin;C:\ProgramData\chocolatey\lib\maven\apache-maven-3.9.9\bin;C:\Program Files\Microsoft Service Fabric\bin\Fabric\Fabric.Code;C:\Program Files\Microsoft SDKs\Service Fabric\Tools\ServiceFabricLocalClusterManager;C:\Program Files\nodejs\;C:\Program Files\Git\cmd;C:\Program Files\Git\mingw64\bin;C:\Program Files\Git\usr\bin;C:\Program Files\GitHub CLI\;c:\tools\php;C:\Program Files (x86)\sbt\bin;C:\Program Files\Amazon\AWSCLIV2\;C:\Program Files\Amazon\SessionManagerPlugin\bin\;C:\Program Files\Amazon\AWSSAMCLI\bin\;C:\Program Files\Microsoft SQL Server\130\Tools\Binn\;C:\Program Files\LLVM\bin;C:\Users\runneradmin\.dotnet\tools;C:\Users\runneradmin\.cargo\bin;C:\Users\runneradmin\AppData\Local\Microsoft\WindowsApps;C:\Program Files (x86)\Microsoft Visual Studio\Installer
2025-06-23T19:21:26.5309296Z   VCPKG_DEFAULT_BINARY_CACHE: D:/a/synthizer3d/synthizer3d/969f6665-88a2-4c98-938e-ca9259871fec/vcpkg_cache
2025-06-23T19:21:26.5309750Z   VCPKG_BINARY_SOURCES: clear;x-gha,readwrite
2025-06-23T19:21:26.5310304Z   ACTIONS_CACHE_URL: https://acghubeus2.actions.githubusercontent.com/bwbzopuV3oKlbowlUKWdOnf6KF0vjv7EYqCB3ZHqukKhTVgy74/
2025-06-23T19:21:26.5347112Z   ACTIONS_RUNTIME_TOKEN: ***
2025-06-23T19:21:26.5347399Z   RUNVCPKG_VCPKG_ROOT: D:\a\synthizer3d\synthizer3d\vcpkg
2025-06-23T19:21:26.5347786Z   CMAKE_PREFIX_PATH: D:\a\synthizer3d\synthizer3d\vcpkg_installed\x86-windows
2025-06-23T19:21:26.5348206Z ##[endgroup]
2025-06-23T19:21:27.6990462Z Requirement already satisfied: pip in c:\hostedtoolcache\windows\python\3.8.10\x86\lib\site-packages (25.0.1)
2025-06-23T19:21:28.9303676Z Collecting ninja
2025-06-23T19:21:28.9335744Z   Using cached ninja-1.11.1.4-py3-none-win32.whl.metadata (5.0 kB)
2025-06-23T19:21:29.0858418Z Collecting cmake
2025-06-23T19:21:29.0890847Z   Using cached cmake-4.0.3-py3-none-win32.whl.metadata (6.3 kB)
2025-06-23T19:21:29.1367937Z Collecting wheel
2025-06-23T19:21:29.1402249Z   Using cached wheel-0.45.1-py3-none-any.whl.metadata (2.3 kB)
2025-06-23T19:21:29.1778660Z Collecting tomli
2025-06-23T19:21:29.1809907Z   Using cached tomli-2.2.1-py3-none-any.whl.metadata (10 kB)
2025-06-23T19:21:29.1832975Z Requirement already satisfied: setuptools in c:\hostedtoolcache\windows\python\3.8.10\x86\lib\site-packages (56.0.0)
2025-06-23T19:21:29.2220365Z Collecting packaging
2025-06-23T19:21:29.2251306Z   Using cached packaging-25.0-py3-none-any.whl.metadata (3.3 kB)
2025-06-23T19:21:29.2548125Z Collecting distro
2025-06-23T19:21:29.2578863Z   Using cached distro-1.9.0-py3-none-any.whl.metadata (6.8 kB)
2025-06-23T19:21:29.2971755Z Collecting scikit-build
2025-06-23T19:21:29.3003161Z   Using cached scikit_build-0.18.1-py3-none-any.whl.metadata (18 kB)
2025-06-23T19:21:29.5626949Z Collecting cython
2025-06-23T19:21:29.5660635Z   Using cached cython-3.1.2-cp38-cp38-win32.whl.metadata (5.8 kB)
2025-06-23T19:21:29.5988979Z Collecting build
2025-06-23T19:21:29.6020823Z   Using cached build-1.2.2.post1-py3-none-any.whl.metadata (6.5 kB)
2025-06-23T19:21:29.6551894Z Collecting delvewheel
2025-06-23T19:21:29.6583832Z   Using cached delvewheel-1.10.0-py3-none-any.whl.metadata (17 kB)
2025-06-23T19:21:29.7190774Z Collecting pyproject_hooks (from build)
2025-06-23T19:21:29.7224317Z   Using cached pyproject_hooks-1.2.0-py3-none-any.whl.metadata (1.3 kB)
2025-06-23T19:21:29.7569151Z Collecting colorama (from build)
2025-06-23T19:21:29.7600441Z   Using cached colorama-0.4.6-py2.py3-none-any.whl.metadata (17 kB)
2025-06-23T19:21:29.8181594Z Collecting importlib-metadata>=4.6 (from build)
2025-06-23T19:21:29.8234515Z   Using cached importlib_metadata-8.5.0-py3-none-any.whl.metadata (4.8 kB)
2025-06-23T19:21:29.8643549Z Collecting pefile>=2024.8.26 (from delvewheel)
2025-06-23T19:21:29.8674339Z   Using cached pefile-2024.8.26-py3-none-any.whl.metadata (1.4 kB)
2025-06-23T19:21:29.9077940Z Collecting zipp>=3.20 (from importlib-metadata>=4.6->build)
2025-06-23T19:21:29.9108542Z   Using cached zipp-3.20.2-py3-none-any.whl.metadata (3.7 kB)
2025-06-23T19:21:29.9255672Z Using cached ninja-1.11.1.4-py3-none-win32.whl (255 kB)
2025-06-23T19:21:29.9287800Z Using cached cmake-4.0.3-py3-none-win32.whl (33.7 MB)
2025-06-23T19:21:29.9475624Z Using cached wheel-0.45.1-py3-none-any.whl (72 kB)
2025-06-23T19:21:29.9527922Z Using cached tomli-2.2.1-py3-none-any.whl (14 kB)
2025-06-23T19:21:29.9560620Z Using cached packaging-25.0-py3-none-any.whl (66 kB)
2025-06-23T19:21:29.9592820Z Using cached distro-1.9.0-py3-none-any.whl (20 kB)
2025-06-23T19:21:29.9624298Z Using cached scikit_build-0.18.1-py3-none-any.whl (85 kB)
2025-06-23T19:21:29.9656119Z Using cached cython-3.1.2-cp38-cp38-win32.whl (2.5 MB)
2025-06-23T19:21:29.9699157Z Using cached build-1.2.2.post1-py3-none-any.whl (22 kB)
2025-06-23T19:21:29.9733793Z Using cached delvewheel-1.10.0-py3-none-any.whl (58 kB)
2025-06-23T19:21:29.9765855Z Using cached importlib_metadata-8.5.0-py3-none-any.whl (26 kB)
2025-06-23T19:21:29.9797479Z Using cached pefile-2024.8.26-py3-none-any.whl (74 kB)
2025-06-23T19:21:29.9829414Z Using cached colorama-0.4.6-py2.py3-none-any.whl (25 kB)
2025-06-23T19:21:29.9861945Z Using cached pyproject_hooks-1.2.0-py3-none-any.whl (10 kB)
2025-06-23T19:21:29.9894001Z Using cached zipp-3.20.2-py3-none-any.whl (9.2 kB)
2025-06-23T19:21:30.4866251Z Installing collected packages: zipp, wheel, tomli, pyproject_hooks, pefile, packaging, ninja, distro, cython, colorama, cmake, scikit-build, importlib-metadata, delvewheel, build
2025-06-23T19:21:40.5077801Z Successfully installed build-1.2.2.post1 cmake-4.0.3 colorama-0.4.6 cython-3.1.2 delvewheel-1.10.0 distro-1.9.0 importlib-metadata-8.5.0 ninja-1.11.1.4 packaging-25.0 pefile-2024.8.26 pyproject_hooks-1.2.0 scikit-build-0.18.1 tomli-2.2.1 wheel-0.45.1 zipp-3.20.2
2025-06-23T19:21:40.6505396Z ##[group]Run Set-Location $Env:GITHUB_WORKSPACE
2025-06-23T19:21:40.6505795Z [36;1mSet-Location $Env:GITHUB_WORKSPACE[0m
2025-06-23T19:21:40.6506066Z [36;1mWrite-Host "Arch: x86"[0m
2025-06-23T19:21:40.6506441Z [36;1mWrite-Host "Current CMAKE_PREFIX_PATH for build is: $env:CMAKE_PREFIX_PATH"[0m
2025-06-23T19:21:40.6507049Z [36;1mWrite-Host "EFFECTIVE_VCPKG_INSTALLED_DIR_BASE for build is: $env:EFFECTIVE_VCPKG_INSTALLED_DIR_BASE"[0m
2025-06-23T19:21:40.6507760Z [36;1mWrite-Host "Synthizer expects vcpkg path (for debug/verification): $env:SYNTHIZER_EXPECTED_VCPKG_PATH_FOR_DEBUG"[0m
2025-06-23T19:21:40.6508284Z [36;1mpython -m build --wheel --no-isolation[0m
2025-06-23T19:21:40.6538392Z shell: C:\Windows\System32\WindowsPowerShell\v1.0\powershell.EXE -command ". '{0}'"
2025-06-23T19:21:40.6538778Z env:
2025-06-23T19:21:40.6538933Z   PYVERSION: 3.8
2025-06-23T19:21:40.6539092Z   CI_ARCH_LOWER: x86
2025-06-23T19:21:40.6539267Z   CI_WINDOWS: 1
2025-06-23T19:21:40.6539451Z   CI_ARCH_ENV: x86
2025-06-23T19:21:40.6539630Z   VCPKG_DEFAULT_TRIPLET: x86-windows
2025-06-23T19:21:40.6539979Z   EFFECTIVE_VCPKG_INSTALLED_DIR_BASE: D:\a\synthizer3d\synthizer3d\vcpkg_installed
2025-06-23T19:21:40.6540401Z   pythonLocation: C:\hostedtoolcache\windows\Python\3.8.10\x86
2025-06-23T19:21:40.6540793Z   PKG_CONFIG_PATH: C:\hostedtoolcache\windows\Python\3.8.10\x86/lib/pkgconfig
2025-06-23T19:21:40.6541189Z   Python_ROOT_DIR: C:\hostedtoolcache\windows\Python\3.8.10\x86
2025-06-23T19:21:40.6541551Z   Python2_ROOT_DIR: C:\hostedtoolcache\windows\Python\3.8.10\x86
2025-06-23T19:21:40.6541907Z   Python3_ROOT_DIR: C:\hostedtoolcache\windows\Python\3.8.10\x86
2025-06-23T19:21:40.6542199Z   CommandPromptType: Native
2025-06-23T19:21:40.6542519Z   DevEnvDir: C:\Program Files\Microsoft Visual Studio\2022\Enterprise\Common7\IDE\
2025-06-23T19:21:40.6542988Z   ExtensionSdkDir: C:\Program Files (x86)\Microsoft SDKs\Windows Kits\10\ExtensionSDKs
2025-06-23T19:21:40.6545009Z   EXTERNAL_INCLUDE: C:\Program Files\Microsoft Visual Studio\2022\Enterprise\VC\Tools\MSVC\14.43.34808\include;C:\Program Files\Microsoft Visual Studio\2022\Enterprise\VC\Tools\MSVC\14.43.34808\ATLMFC\include;C:\Program Files\Microsoft Visual Studio\2022\Enterprise\VC\Auxiliary\VS\include;C:\Program Files (x86)\Windows Kits\10\include\10.0.26100.0\ucrt;C:\Program Files (x86)\Windows Kits\10\\include\10.0.26100.0\\um;C:\Program Files (x86)\Windows Kits\10\\include\10.0.26100.0\\shared;C:\Program Files (x86)\Windows Kits\10\\include\10.0.26100.0\\winrt;C:\Program Files (x86)\Windows Kits\10\\include\10.0.26100.0\\cppwinrt;C:\Program Files (x86)\Windows Kits\NETFXSDK\4.8\include\um
2025-06-23T19:21:40.6546892Z   Framework40Version: v4.0
2025-06-23T19:21:40.6547127Z   FrameworkDir: C:\Windows\Microsoft.NET\Framework\
2025-06-23T19:21:40.6547420Z   FrameworkDir32: C:\Windows\Microsoft.NET\Framework\
2025-06-23T19:21:40.6547685Z   FrameworkVersion: v4.0.30319
2025-06-23T19:21:40.6547897Z   FrameworkVersion32: v4.0.30319
2025-06-23T19:21:40.6548372Z   FSHARPINSTALLDIR: C:\Program Files\Microsoft Visual Studio\2022\Enterprise\Common7\IDE\CommonExtensions\Microsoft\FSharp\Tools
2025-06-23T19:21:40.6548911Z   HTMLHelpDir: C:\Program Files (x86)\HTML Help Workshop
2025-06-23T19:21:40.6549399Z   IFCPATH: C:\Program Files\Microsoft Visual Studio\2022\Enterprise\VC\Tools\MSVC\14.43.34808\ifc\x86
2025-06-23T19:21:40.6552966Z   INCLUDE: C:\Program Files\Microsoft Visual Studio\2022\Enterprise\VC\Tools\MSVC\14.43.34808\include;C:\Program Files\Microsoft Visual Studio\2022\Enterprise\VC\Tools\MSVC\14.43.34808\ATLMFC\include;C:\Program Files\Microsoft Visual Studio\2022\Enterprise\VC\Auxiliary\VS\include;C:\Program Files (x86)\Windows Kits\10\include\10.0.26100.0\ucrt;C:\Program Files (x86)\Windows Kits\10\\include\10.0.26100.0\\um;C:\Program Files (x86)\Windows Kits\10\\include\10.0.26100.0\\shared;C:\Program Files (x86)\Windows Kits\10\\include\10.0.26100.0\\winrt;C:\Program Files (x86)\Windows Kits\10\\include\10.0.26100.0\\cppwinrt;C:\Program Files (x86)\Windows Kits\NETFXSDK\4.8\include\um
2025-06-23T19:21:40.6555883Z   LIB: C:\Program Files\Microsoft Visual Studio\2022\Enterprise\VC\Tools\MSVC\14.43.34808\ATLMFC\lib\x86;C:\Program Files\Microsoft Visual Studio\2022\Enterprise\VC\Tools\MSVC\14.43.34808\lib\x86;C:\Program Files (x86)\Windows Kits\NETFXSDK\4.8\lib\um\x86;C:\Program Files (x86)\Windows Kits\10\lib\10.0.26100.0\ucrt\x86;C:\Program Files (x86)\Windows Kits\10\\lib\10.0.26100.0\\um\x86
2025-06-23T19:21:40.6558095Z   LIBPATH: C:\Program Files\Microsoft Visual Studio\2022\Enterprise\VC\Tools\MSVC\14.43.34808\ATLMFC\lib\x86;C:\Program Files\Microsoft Visual Studio\2022\Enterprise\VC\Tools\MSVC\14.43.34808\lib\x86;C:\Program Files\Microsoft Visual Studio\2022\Enterprise\VC\Tools\MSVC\14.43.34808\lib\x86\store\references;C:\Program Files (x86)\Windows Kits\10\UnionMetadata\10.0.26100.0;C:\Program Files (x86)\Windows Kits\10\References\10.0.26100.0;C:\Windows\Microsoft.NET\Framework\v4.0.30319
2025-06-23T19:21:40.6559558Z   NETFXSDKDir: C:\Program Files (x86)\Windows Kits\NETFXSDK\4.8\
2025-06-23T19:21:40.6572943Z   Path: C:\Program Files\Microsoft Visual Studio\2022\Enterprise\VC\Tools\MSVC\14.43.34808\bin\HostX86\x86;C:\Program Files\Microsoft Visual Studio\2022\Enterprise\Common7\IDE\VC\VCPackages;C:\Program Files\Microsoft Visual Studio\2022\Enterprise\Common7\IDE\CommonExtensions\Microsoft\TestWindow;C:\Program Files\Microsoft Visual Studio\2022\Enterprise\Common7\IDE\CommonExtensions\Microsoft\TeamFoundation\Team Explorer;C:\Program Files\Microsoft Visual Studio\2022\Enterprise\MSBuild\Current\bin\Roslyn;C:\Program Files (x86)\Microsoft SDKs\Windows\v10.0A\bin\NETFX 4.8 Tools\;C:\Program Files (x86)\HTML Help Workshop;C:\Program Files\Microsoft Visual Studio\2022\Enterprise\Common7\IDE\CommonExtensions\Microsoft\FSharp\Tools;C:\Program Files\Microsoft Visual Studio\2022\Enterprise\Team Tools\DiagnosticsHub\Collector;C:\Program Files\Microsoft Visual Studio\2022\Enterprise\Common7\IDE\Extensions\Microsoft\CodeCoverage.Console;C:\Program Files (x86)\Windows Kits\10\bin\10.0.26100.0\\x86;C:\Program Files (x86)\Windows Kits\10\bin\\x86;C:\Program Files\Microsoft Visual Studio\2022\Enterprise\\MSBuild\Current\Bin\amd64;C:\Windows\Microsoft.NET\Framework\v4.0.30319;C:\Program Files\Microsoft Visual Studio\2022\Enterprise\Common7\IDE\;C:\Program Files\Microsoft Visual Studio\2022\Enterprise\Common7\Tools\;C:\Users\runneradmin\AppData\Roaming\Python\Python38\Scripts;C:\hostedtoolcache\windows\Python\3.8.10\x86\Scripts;C:\hostedtoolcache\windows\Python\3.8.10\x86;C:\Program Files\MongoDB\Server\5.0\bin;C:\aliyun-cli;C:\vcpkg;C:\Program Files (x86)\NSIS\;C:\tools\zstd;C:\Program Files\Mercurial\;C:\hostedtoolcache\windows\stack\3.5.1\x64;C:\cabal\bin;C:\\ghcup\bin;C:\mingw64\bin;C:\Program Files\dotnet;C:\Program Files\MySQL\MySQL Server 8.0\bin;C:\Program Files\R\R-4.4.2\bin\x64;C:\SeleniumWebDrivers\GeckoDriver;C:\SeleniumWebDrivers\EdgeDriver\;C:\SeleniumWebDrivers\ChromeDriver;C:\Program Files (x86)\sbt\bin;C:\Program Files (x86)\GitHub CLI;C:\Program Files\Git\bin;C:\Program Files (x86)\pipx_bin;C:\npm\prefix;C:\hostedtoolcache\windows\go\1.24.3\x64\bin;C:\hostedtoolcache\windows\Python\3.9.13\x64\Scripts;C:\hostedtoolcache\windows\Python\3.9.13\x64;C:\hostedtoolcache\windows\Ruby\3.3.8\x64\bin;C:\Program Files\OpenSSL\bin;C:\tools\kotlinc\bin;C:\hostedtoolcache\windows\Java_Temurin-Hotspot_jdk\8.0.452-9\x64\bin;C:\Program Files\ImageMagick-7.1.1-Q16-HDRI;C:\Program Files\Microsoft SDKs\Azure\CLI2\wbin;C:\ProgramData\kind;C:\ProgramData\Chocolatey\bin;C:\Windows\system32;C:\Windows;C:\Windows\System32\Wbem;C:\Windows\System32\WindowsPowerShell\v1.0\;C:\Windows\System32\OpenSSH\;C:\Program Files\dotnet\;C:\Program Files\PowerShell\7\;C:\Program Files\Microsoft\Web Platform Installer\;C:\Program Files\TortoiseSVN\bin;C:\Program Files\Microsoft SQL Server\Client SDK\ODBC\170\Tools\Binn\;C:\Program Files\Microsoft SQL Server\150\Tools\Binn\;C:\Program Files (x86)\Windows Kits\10\Windows Performance Toolkit\;C:\Program Files (x86)\WiX Toolset v3.14\bin;C:\Program Files\Microsoft SQL Server\130\DTS\Binn\;C:\Program Files\Microsoft SQL Server\140\DTS\Binn\;C:\Program Files\Microsoft SQL Server\150\DTS\Binn\;C:\Program Files\Microsoft SQL Server\160\DTS\Binn\;C:\Strawberry\c\bin;C:\Strawberry\perl\site\bin;C:\Strawberry\perl\bin;C:\ProgramData\chocolatey\lib\pulumi\tools\Pulumi\bin;C:\Program Files\CMake\bin;C:\ProgramData\chocolatey\lib\maven\apache-maven-3.9.9\bin;C:\Program Files\Microsoft Service Fabric\bin\Fabric\Fabric.Code;C:\Program Files\Microsoft SDKs\Service Fabric\Tools\ServiceFabricLocalClusterManager;C:\Program Files\nodejs\;C:\Program Files\Git\cmd;C:\Program Files\Git\mingw64\bin;C:\Program Files\Git\usr\bin;C:\Program Files\GitHub CLI\;c:\tools\php;C:\Program Files\Amazon\AWSCLIV2\;C:\Program Files\Amazon\SessionManagerPlugin\bin\;C:\Program Files\Amazon\AWSSAMCLI\bin\;C:\Program Files\Microsoft SQL Server\130\Tools\Binn\;C:\Program Files\LLVM\bin;C:\Users\runneradmin\.dotnet\tools;C:\Users\runneradmin\.cargo\bin;C:\Users\runneradmin\AppData\Local\Microsoft\WindowsApps;C:\Program Files (x86)\Microsoft Visual Studio\Installer;C:\Program Files\Microsoft Visual Studio\2022\Enterprise\VC\Tools\Llvm\bin;C:\Program Files\Microsoft Visual Studio\2022\Enterprise\Common7\IDE\CommonExtensions\Microsoft\CMake\CMake\bin;C:\Program Files\Microsoft Visual Studio\2022\Enterprise\Common7\IDE\CommonExtensions\Microsoft\CMake\Ninja;C:\Program Files\Microsoft Visual Studio\2022\Enterprise\Common7\IDE\VC\Linux\bin\ConnectionManagerExe;C:\Program Files\Microsoft Visual Studio\2022\Enterprise\VC\vcpkg
2025-06-23T19:21:40.6586503Z   Platform: x86
2025-06-23T19:21:40.6586685Z   UCRTVersion: 10.0.26100.0
2025-06-23T19:21:40.6586960Z   UniversalCRTSdkDir: C:\Program Files (x86)\Windows Kits\10\
2025-06-23T19:21:40.6587405Z   VCIDEInstallDir: C:\Program Files\Microsoft Visual Studio\2022\Enterprise\Common7\IDE\VC\
2025-06-23T19:21:40.6587880Z   VCINSTALLDIR: C:\Program Files\Microsoft Visual Studio\2022\Enterprise\VC\
2025-06-23T19:21:40.6588235Z   VCPKG_ROOT: D:\a\synthizer3d\synthizer3d\vcpkg
2025-06-23T19:21:40.6588670Z   VCToolsInstallDir: C:\Program Files\Microsoft Visual Studio\2022\Enterprise\VC\Tools\MSVC\14.43.34808\
2025-06-23T19:21:40.6589250Z   VCToolsRedistDir: C:\Program Files\Microsoft Visual Studio\2022\Enterprise\VC\Redist\MSVC\14.42.34433\
2025-06-23T19:21:40.6589652Z   VCToolsVersion: 14.43.34808
2025-06-23T19:21:40.6589855Z   VisualStudioVersion: 17.0
2025-06-23T19:21:40.6590187Z   VS170COMNTOOLS: C:\Program Files\Microsoft Visual Studio\2022\Enterprise\Common7\Tools\
2025-06-23T19:21:40.6590544Z   VSCMD_ARG_app_plat: Desktop
2025-06-23T19:21:40.6590740Z   VSCMD_ARG_HOST_ARCH: x86
2025-06-23T19:21:40.6590928Z   VSCMD_ARG_TGT_ARCH: x86
2025-06-23T19:21:40.6591096Z   VSCMD_VER: 17.13.2
2025-06-23T19:21:40.6591365Z   VSINSTALLDIR: C:\Program Files\Microsoft Visual Studio\2022\Enterprise\
2025-06-23T19:21:40.6591801Z   VSSDK150INSTALL: C:\Program Files\Microsoft Visual Studio\2022\Enterprise\VSSDK
2025-06-23T19:21:40.6592232Z   VSSDKINSTALL: C:\Program Files\Microsoft Visual Studio\2022\Enterprise\VSSDK
2025-06-23T19:21:40.6592842Z   WindowsLibPath: C:\Program Files (x86)\Windows Kits\10\UnionMetadata\10.0.26100.0;C:\Program Files (x86)\Windows Kits\10\References\10.0.26100.0
2025-06-23T19:21:40.6593408Z   WindowsSdkBinPath: C:\Program Files (x86)\Windows Kits\10\bin\
2025-06-23T19:21:40.6593749Z   WindowsSdkDir: C:\Program Files (x86)\Windows Kits\10\
2025-06-23T19:21:40.6594015Z   WindowsSDKLibVersion: 10.0.26100.0\
2025-06-23T19:21:40.6594347Z   WindowsSdkVerBinPath: C:\Program Files (x86)\Windows Kits\10\bin\10.0.26100.0\
2025-06-23T19:21:40.6594684Z   WindowsSDKVersion: 10.0.26100.0\
2025-06-23T19:21:40.6595181Z   WindowsSDK_ExecutablePath_x64: C:\Program Files (x86)\Microsoft SDKs\Windows\v10.0A\bin\NETFX 4.8 Tools\x64\
2025-06-23T19:21:40.6595773Z   WindowsSDK_ExecutablePath_x86: C:\Program Files (x86)\Microsoft SDKs\Windows\v10.0A\bin\NETFX 4.8 Tools\
2025-06-23T19:21:40.6596171Z   __DOTNET_ADD_32BIT: 1
2025-06-23T19:21:40.6596427Z   __DOTNET_PREFERRED_BITNESS: 32
2025-06-23T19:21:40.6604332Z   __VSCMD_PREINIT_PATH: C:\Users\runneradmin\AppData\Roaming\Python\Python38\Scripts;C:\hostedtoolcache\windows\Python\3.8.10\x86\Scripts;C:\hostedtoolcache\windows\Python\3.8.10\x86;C:\Program Files\MongoDB\Server\5.0\bin;C:\aliyun-cli;C:\vcpkg;C:\Program Files (x86)\NSIS\;C:\tools\zstd;C:\Program Files\Mercurial\;C:\hostedtoolcache\windows\stack\3.5.1\x64;C:\cabal\bin;C:\\ghcup\bin;C:\mingw64\bin;C:\Program Files\dotnet;C:\Program Files\MySQL\MySQL Server 8.0\bin;C:\Program Files\R\R-4.4.2\bin\x64;C:\SeleniumWebDrivers\GeckoDriver;C:\SeleniumWebDrivers\EdgeDriver\;C:\SeleniumWebDrivers\ChromeDriver;C:\Program Files (x86)\sbt\bin;C:\Program Files (x86)\GitHub CLI;C:\Program Files\Git\bin;C:\Program Files (x86)\pipx_bin;C:\npm\prefix;C:\hostedtoolcache\windows\go\1.24.3\x64\bin;C:\hostedtoolcache\windows\Python\3.9.13\x64\Scripts;C:\hostedtoolcache\windows\Python\3.9.13\x64;C:\hostedtoolcache\windows\Ruby\3.3.8\x64\bin;C:\Program Files\OpenSSL\bin;C:\tools\kotlinc\bin;C:\hostedtoolcache\windows\Java_Temurin-Hotspot_jdk\8.0.452-9\x64\bin;C:\Program Files\ImageMagick-7.1.1-Q16-HDRI;C:\Program Files\Microsoft SDKs\Azure\CLI2\wbin;C:\ProgramData\kind;C:\ProgramData\Chocolatey\bin;C:\Windows\system32;C:\Windows;C:\Windows\System32\Wbem;C:\Windows\System32\WindowsPowerShell\v1.0\;C:\Windows\System32\OpenSSH\;C:\Program Files\dotnet\;C:\Program Files\PowerShell\7\;C:\Program Files\Microsoft\Web Platform Installer\;C:\Program Files\TortoiseSVN\bin;C:\Program Files\Microsoft SQL Server\Client SDK\ODBC\170\Tools\Binn\;C:\Program Files\Microsoft SQL Server\150\Tools\Binn\;C:\Program Files (x86)\Windows Kits\10\Windows Performance Toolkit\;C:\Program Files (x86)\WiX Toolset v3.14\bin;C:\Program Files\Microsoft SQL Server\130\DTS\Binn\;C:\Program Files\Microsoft SQL Server\140\DTS\Binn\;C:\Program Files\Microsoft SQL Server\150\DTS\Binn\;C:\Program Files\Microsoft SQL Server\160\DTS\Binn\;C:\Strawberry\c\bin;C:\Strawberry\perl\site\bin;C:\Strawberry\perl\bin;C:\ProgramData\chocolatey\lib\pulumi\tools\Pulumi\bin;C:\Program Files\CMake\bin;C:\ProgramData\chocolatey\lib\maven\apache-maven-3.9.9\bin;C:\Program Files\Microsoft Service Fabric\bin\Fabric\Fabric.Code;C:\Program Files\Microsoft SDKs\Service Fabric\Tools\ServiceFabricLocalClusterManager;C:\Program Files\nodejs\;C:\Program Files\Git\cmd;C:\Program Files\Git\mingw64\bin;C:\Program Files\Git\usr\bin;C:\Program Files\GitHub CLI\;c:\tools\php;C:\Program Files (x86)\sbt\bin;C:\Program Files\Amazon\AWSCLIV2\;C:\Program Files\Amazon\SessionManagerPlugin\bin\;C:\Program Files\Amazon\AWSSAMCLI\bin\;C:\Program Files\Microsoft SQL Server\130\Tools\Binn\;C:\Program Files\LLVM\bin;C:\Users\runneradmin\.dotnet\tools;C:\Users\runneradmin\.cargo\bin;C:\Users\runneradmin\AppData\Local\Microsoft\WindowsApps;C:\Program Files (x86)\Microsoft Visual Studio\Installer
2025-06-23T19:21:40.6612509Z   VCPKG_DEFAULT_BINARY_CACHE: D:/a/synthizer3d/synthizer3d/969f6665-88a2-4c98-938e-ca9259871fec/vcpkg_cache
2025-06-23T19:21:40.6612978Z   VCPKG_BINARY_SOURCES: clear;x-gha,readwrite
2025-06-23T19:21:40.6613527Z   ACTIONS_CACHE_URL: https://acghubeus2.actions.githubusercontent.com/bwbzopuV3oKlbowlUKWdOnf6KF0vjv7EYqCB3ZHqukKhTVgy74/
2025-06-23T19:21:40.6649719Z   ACTIONS_RUNTIME_TOKEN: ***
2025-06-23T19:21:40.6649990Z   RUNVCPKG_VCPKG_ROOT: D:\a\synthizer3d\synthizer3d\vcpkg
2025-06-23T19:21:40.6650364Z   CMAKE_PREFIX_PATH: D:\a\synthizer3d\synthizer3d\vcpkg_installed\x86-windows
2025-06-23T19:21:40.6650846Z   SYNTHIZER_EXPECTED_VCPKG_PATH_FOR_DEBUG: D:\a\synthizer3d\synthizer3d\vcpkg_installed\x86-windows
2025-06-23T19:21:40.6651224Z ##[endgroup]
2025-06-23T19:21:40.9392364Z Arch: x86
2025-06-23T19:21:40.9409696Z Current CMAKE_PREFIX_PATH for build is: D:\a\synthizer3d\synthizer3d\vcpkg_installed\x86-windows
2025-06-23T19:21:40.9417164Z EFFECTIVE_VCPKG_INSTALLED_DIR_BASE for build is: D:\a\synthizer3d\synthizer3d\vcpkg_installed
2025-06-23T19:21:40.9424681Z Synthizer expects vcpkg path (for debug/verification): D:\a\synthizer3d\synthizer3d\vcpkg_installed\x86-windows
2025-06-23T19:21:41.0641412Z * Getting build dependencies for wheel...
2025-06-23T19:21:41.8637113Z Generating grammar tables from C:\hostedtoolcache\windows\Python\3.8.10\x86\lib\lib2to3\Grammar.txt
2025-06-23T19:21:41.8914421Z Writing grammar tables to C:\hostedtoolcache\windows\Python\3.8.10\x86\lib\lib2to3\Grammar3.8.10.final.0.pickle
2025-06-23T19:21:41.8926189Z Generating grammar tables from C:\hostedtoolcache\windows\Python\3.8.10\x86\lib\lib2to3\PatternGrammar.txt
2025-06-23T19:21:41.8977646Z Writing grammar tables to C:\hostedtoolcache\windows\Python\3.8.10\x86\lib\lib2to3\PatternGrammar3.8.10.final.0.pickle
2025-06-23T19:21:50.6671402Z Set VCPKG_INSTALLED_PATH to D:\a\synthizer3d\synthizer3d\vcpkg_installed\x86-windows
2025-06-23T19:21:50.6671835Z 
2025-06-23T19:21:50.6671845Z 
2025-06-23T19:21:50.6672161Z --------------------------------------------------------------------------------
2025-06-23T19:21:50.6672740Z -- Trying 'Ninja (Visual Studio 17 2022 Win32 v144)' generator
2025-06-23T19:21:50.6673158Z --------------------------------
2025-06-23T19:21:50.6673469Z ---------------------------
2025-06-23T19:21:50.6673734Z ----------------------
2025-06-23T19:21:50.6673975Z -----------------
2025-06-23T19:21:50.6674174Z ------------
2025-06-23T19:21:50.6674356Z -------
2025-06-23T19:21:50.6674517Z --
2025-06-23T19:21:50.6824749Z Not searching for unused variables given on the command line.
2025-06-23T19:21:50.7867266Z CMake Deprecation Warning at CMakeLists.txt:1 (cmake_minimum_required):
2025-06-23T19:21:50.7868261Z   Compatibility with CMake < 3.10 will be removed from a future version of
2025-06-23T19:21:50.7868765Z   CMake.
2025-06-23T19:21:50.7868890Z 
2025-06-23T19:21:50.7869299Z   Update the VERSION argument <min> value.  Or, use the <min>...<max> syntax
2025-06-23T19:21:50.7870089Z   to tell CMake that the project requires at least <min> but has been updated
2025-06-23T19:21:50.7870752Z   to work with policies introduced by <max> or earlier.
2025-06-23T19:21:50.7871044Z 
2025-06-23T19:21:50.7871052Z 
2025-06-23T19:21:52.4396281Z -- The C compiler identification is MSVC 19.43.34808.0
2025-06-23T19:21:52.5117517Z -- Detecting C compiler ABI info
2025-06-23T19:21:53.8144668Z -- Detecting C compiler ABI info - done
2025-06-23T19:21:53.8551603Z -- Check for working C compiler: C:/Program Files/Microsoft Visual Studio/2022/Enterprise/VC/Tools/MSVC/14.43.34808/bin/Hostx86/x86/cl.exe - skipped
2025-06-23T19:21:53.8555748Z -- Detecting C compile features
2025-06-23T19:21:53.8562803Z -- Detecting C compile features - done
2025-06-23T19:21:54.4836256Z -- The CXX compiler identification is MSVC 19.43.34808.0
2025-06-23T19:21:54.4929948Z -- Detecting CXX compiler ABI info
2025-06-23T19:21:54.8701700Z -- Detecting CXX compiler ABI info - done
2025-06-23T19:21:54.8832688Z -- Check for working CXX compiler: C:/Program Files/Microsoft Visual Studio/2022/Enterprise/VC/Tools/MSVC/14.43.34808/bin/Hostx86/x86/cl.exe - skipped
2025-06-23T19:21:54.8837232Z -- Detecting CXX compile features
2025-06-23T19:21:54.8850288Z -- Detecting CXX compile features - done
2025-06-23T19:21:54.8881875Z -- Configuring done (4.2s)
2025-06-23T19:21:54.9057243Z -- Generating done (0.0s)
2025-06-23T19:21:54.9066388Z -- Build files have been written to: D:/a/synthizer3d/synthizer3d/_cmake_test_compile/build
2025-06-23T19:21:54.9144783Z --
2025-06-23T19:21:54.9145785Z -------
2025-06-23T19:21:54.9148414Z ------------
2025-06-23T19:21:54.9150295Z -----------------
2025-06-23T19:21:54.9150698Z ----------------------
2025-06-23T19:21:54.9152660Z ---------------------------
2025-06-23T19:21:54.9153340Z --------------------------------
2025-06-23T19:21:54.9156655Z -- Trying 'Ninja (Visual Studio 17 2022 Win32 v144)' generator - success
2025-06-23T19:21:54.9159818Z --------------------------------------------------------------------------------
2025-06-23T19:21:54.9160237Z 
2025-06-23T19:21:54.9310210Z Configuring Project
2025-06-23T19:21:54.9311666Z   Working directory:
2025-06-23T19:21:54.9312329Z     D:\a\synthizer3d\synthizer3d\_skbuild\win32-3.8\cmake-build
2025-06-23T19:21:54.9313044Z   Command:
2025-06-23T19:21:54.9322818Z     'C:\hostedtoolcache\windows\Python\3.8.10\x86\Lib\site-packages\cmake\data\bin/cmake.exe' 'D:\a\synthizer3d\synthizer3d\synthizer-vendored' -G Ninja '-DCMAKE_MAKE_PROGRAM:FILEPATH=C:\hostedtoolcache\windows\Python\3.8.10\x86\Scripts\ninja' -D_SKBUILD_FORCE_MSVC=1930 --no-warn-unused-cli '-DCMAKE_INSTALL_PREFIX:PATH=D:\a\synthizer3d\synthizer3d\_skbuild\win32-3.8\cmake-install' -DPYTHON_VERSION_STRING:STRING=3.8.10 -DSKBUILD:INTERNAL=TRUE '-DCMAKE_MODULE_PATH:PATH=C:\hostedtoolcache\windows\Python\3.8.10\x86\lib\site-packages\skbuild\resources\cmake' '-DPYTHON_EXECUTABLE:PATH=C:\hostedtoolcache\windows\Python\3.8.10\x86\python.exe' '-DPYTHON_INCLUDE_DIR:PATH=C:\hostedtoolcache\windows\Python\3.8.10\x86\Include' '-DPYTHON_LIBRARY:PATH=C:\hostedtoolcache\windows\Python\3.8.10\x86\libs\python38.lib' '-DPython_EXECUTABLE:PATH=C:\hostedtoolcache\windows\Python\3.8.10\x86\python.exe' '-DPython_ROOT_DIR:PATH=C:\hostedtoolcache\windows\Python\3.8.10\x86' -DPython_FIND_REGISTRY:STRING=NEVER '-DPython_INCLUDE_DIR:PATH=C:\hostedtoolcache\windows\Python\3.8.10\x86\Include' '-DPython_LIBRARY:PATH=C:\hostedtoolcache\windows\Python\3.8.10\x86\libs\python38.lib' '-DPython3_EXECUTABLE:PATH=C:\hostedtoolcache\windows\Python\3.8.10\x86\python.exe' '-DPython3_ROOT_DIR:PATH=C:\hostedtoolcache\windows\Python\3.8.10\x86' -DPython3_FIND_REGISTRY:STRING=NEVER '-DPython3_INCLUDE_DIR:PATH=C:\hostedtoolcache\windows\Python\3.8.10\x86\Include' '-DPython3_LIBRARY:PATH=C:\hostedtoolcache\windows\Python\3.8.10\x86\libs\python38.lib' '-DCMAKE_MAKE_PROGRAM:FILEPATH=C:\hostedtoolcache\windows\Python\3.8.10\x86\Scripts\ninja' -DCMAKE_BUILD_TYPE=Release -DCMAKE_MSVC_RUNTIME_LIBRARY=MultiThreadedDLL -DSYZ_STATIC_RUNTIME=OFF -DCMAKE_POSITION_INDEPENDENT_CODE=TRUE -DSYZ_INTEGRATING=ON
2025-06-23T19:21:54.9330591Z 
2025-06-23T19:21:54.9468798Z Not searching for unused variables given on the command line.
2025-06-23T19:21:55.3200801Z -- The C compiler identification is MSVC 19.43.34808.0
2025-06-23T19:21:55.6542647Z -- The CXX compiler identification is MSVC 19.43.34808.0
2025-06-23T19:21:55.7008666Z -- Detecting C compiler ABI info
2025-06-23T19:21:56.0719614Z -- Detecting C compiler ABI info - done
2025-06-23T19:21:56.0851449Z -- Check for working C compiler: C:/Program Files/Microsoft Visual Studio/2022/Enterprise/VC/Tools/MSVC/14.43.34808/bin/Hostx86/x86/cl.exe - skipped
2025-06-23T19:21:56.0855601Z -- Detecting C compile features
2025-06-23T19:21:56.0862332Z -- Detecting C compile features - done
2025-06-23T19:21:56.0958736Z -- Detecting CXX compiler ABI info
2025-06-23T19:21:56.4448005Z -- Detecting CXX compiler ABI info - done
2025-06-23T19:21:56.4579013Z -- Check for working CXX compiler: C:/Program Files/Microsoft Visual Studio/2022/Enterprise/VC/Tools/MSVC/14.43.34808/bin/Hostx86/x86/cl.exe - skipped
2025-06-23T19:21:56.4583576Z -- Detecting CXX compile features
2025-06-23T19:21:56.4595805Z -- Detecting CXX compile features - done
2025-06-23T19:21:56.8102654Z -- Performing Test CMAKE_HAVE_LIBC_PTHREAD
2025-06-23T19:21:56.9034225Z -- Performing Test CMAKE_HAVE_LIBC_PTHREAD - Failed
2025-06-23T19:21:56.9034905Z -- Looking for pthread_create in pthreads
2025-06-23T19:21:57.0524241Z -- Looking for pthread_create in pthreads - not found
2025-06-23T19:21:57.0524810Z -- Looking for pthread_create in pthread
2025-06-23T19:21:57.1893146Z -- Looking for pthread_create in pthread - not found
2025-06-23T19:21:57.1905166Z -- Found Threads: TRUE
2025-06-23T19:21:57.2989445Z -- Found SoundTouch: D:/a/synthizer3d/synthizer3d/vcpkg_installed/x86-windows/debug/bin/SoundTouch.dll
2025-06-23T19:21:57.2996299Z -- Performing Test OP_READ_FLOAT_AVAILABLE
2025-06-23T19:21:57.8068363Z -- Performing Test OP_READ_FLOAT_AVAILABLE - Success
2025-06-23T19:21:57.8068845Z -- op_read_float is available
2025-06-23T19:22:02.5931018Z -- Performing Test FILESYSTEM_OK
2025-06-23T19:22:04.1735709Z -- Performing Test FILESYSTEM_OK - Success
2025-06-23T19:22:04.1736205Z -- Found C++17 filesystem support
2025-06-23T19:22:04.1746611Z -- Using vcpkg includes from VCPKG_INSTALLED_PATH: D:\a\synthizer3d\synthizer3d\vcpkg_installed\x86-windows/include
2025-06-23T19:22:05.3466494Z -- Math library not found
2025-06-23T19:22:05.3478110Z -- Configuring done (10.4s)
2025-06-23T19:22:05.3947876Z -- Generating done (0.0s)
2025-06-23T19:22:05.3958777Z -- Build files have been written to: D:/a/synthizer3d/synthizer3d/_skbuild/win32-3.8/cmake-build
2025-06-23T19:22:09.7653351Z [1/28] Building CXX object CMakeFiles\synthizer.dir\src\base_object.cpp.obj
2025-06-23T19:22:09.8203927Z [2/28] Building CXX object CMakeFiles\synthizer.dir\src\byte_stream.cpp.obj
2025-06-23T19:22:09.9619338Z [3/28] Building CXX object CMakeFiles\synthizer.dir\src\audio_output.cpp.obj
2025-06-23T19:22:10.0391142Z [4/28] Building CXX object CMakeFiles\synthizer.dir\src\c_api\unity.cpp.obj
2025-06-23T19:22:10.1953403Z FAILED: CMakeFiles/synthizer.dir/src/c_api/unity.cpp.obj 
2025-06-23T19:22:10.2751829Z C:\PROGRA~1\MICROS~2\2022\ENTERP~1\VC\Tools\MSVC\1443~1.348\bin\Hostx86\x86\cl.exe  /nologo /TP -DBUILDING_SYNTHIZER -DNOMINMAX -DOP_READ_FLOAT_AVAILABLE -DSYZ_MAJOR=0 -DSYZ_MINOR=1 -DSYZ_PATCH=9 -DSYZ_USE_FILESYSTEM -DWDL_RESAMPLE_TYPE=float -ID:\a\synthizer3d\synthizer3d\synthizer-vendored\include -ID:\a\synthizer3d\synthizer3d\synthizer-vendored\deps\deps\third_party\wdl -ID:\a\synthizer3d\synthizer3d\vcpkg_installed\x86-windows\include -ID:\a\synthizer3d\synthizer3d\synthizer-vendored\deps\deps\third_party\boost_partial -ID:\a\synthizer3d\synthizer3d\synthizer-vendored\deps\deps\third_party\concurrentqueue -ID:\a\synthizer3d\synthizer3d\synthizer-vendored\deps\deps\third_party\cpp11-on-multicore\common -ID:\a\synthizer3d\synthizer3d\synthizer-vendored\deps\deps\third_party\dr_libs -ID:\a\synthizer3d\synthizer3d\synthizer-vendored\deps\deps\third_party\hedley -ID:\a\synthizer3d\synthizer3d\synthizer-vendored\deps\deps\third_party\miniaudio -ID:\a\synthizer3d\synthizer3d\synthizer-vendored\deps\deps\third_party\pdqsort /DWIN32 /D_WINDOWS /GR /EHsc /O2 /Ob2 /DNDEBUG -std:c++17 -MD /wd4068 /wd5030 /wd4244 /wd4267 /Zc:preprocessor /wd5105 /wd4127 /experimental:external /external:W0 /external:anglebrackets /wd4702 /W4 /WX /showIncludes /FoCMakeFiles\synthizer.dir\src\c_api\unity.cpp.obj /FdCMakeFiles\synthizer.dir\synthizer.pdb /FS -c D:\a\synthizer3d\synthizer3d\synthizer-vendored\src\c_api\unity.cpp
2025-06-23T19:22:10.3936858Z ##[error]D:\a\synthizer3d\synthizer3d\synthizer-vendored\include\synthizer/generators/buffer.hpp(54): error C2059: syntax error: 'do'
2025-06-23T19:22:10.4785714Z ##[error]D:\a\synthizer3d\synthizer3d\synthizer-vendored\include\synthizer/generators/buffer.hpp(54): error C2334: unexpected token(s) preceding '{'; skipping apparent function body
2025-06-23T19:22:10.6032955Z ##[error]D:\a\synthizer3d\synthizer3d\synthizer-vendored\include\synthizer/generators/buffer.hpp(54): error C2059: syntax error: 'while'
2025-06-23T19:22:10.7131009Z ##[error]D:\a\synthizer3d\synthizer3d\synthizer-vendored\include\synthizer/generators/buffer.hpp(54): error C2334: unexpected token(s) preceding '{'; skipping apparent function body
2025-06-23T19:22:10.8066944Z ##[error]D:\a\synthizer3d\synthizer3d\synthizer-vendored\include\synthizer/generators/buffer.hpp(68): error C2059: syntax error: 'do'
2025-06-23T19:22:10.9158386Z ##[error]D:\a\synthizer3d\synthizer3d\synthizer-vendored\include\synthizer/generators/buffer.hpp(68): error C2334: unexpected token(s) preceding '{'; skipping apparent function body
2025-06-23T19:22:11.0102090Z ##[error]D:\a\synthizer3d\synthizer3d\synthizer-vendored\include\synthizer/generators/buffer.hpp(68): error C2059: syntax error: 'while'
2025-06-23T19:22:11.1189695Z ##[error]D:\a\synthizer3d\synthizer3d\synthizer-vendored\include\synthizer/generators/buffer.hpp(68): error C2334: unexpected token(s) preceding '{'; skipping apparent function body
2025-06-23T19:22:11.2142288Z ##[error]D:\a\synthizer3d\synthizer3d\synthizer-vendored\include\synthizer/generators/buffer.hpp(36): error C3861: 'getSynthizerInitialized': identifier not found
2025-06-23T19:22:11.3871475Z ##[error]D:\a\synthizer3d\synthizer3d\synthizer-vendored\include\synthizer/generators/buffer.hpp(37): error C3861: 'getSynthizerLogFile': identifier not found
2025-06-23T19:22:11.5250463Z ##[error]D:\a\synthizer3d\synthizer3d\synthizer-vendored\include\synthizer/generators/buffer.hpp(38): error C3861: 'getSynthizerStartTime': identifier not found
2025-06-23T19:22:11.6345344Z ##[error]D:\a\synthizer3d\synthizer3d\synthizer-vendored\include\synthizer/generators/buffer.hpp(39): error C3861: 'getSynthizerInitialized': identifier not found
2025-06-23T19:22:11.6683847Z ##[error]D:\a\synthizer3d\synthizer3d\synthizer-vendored\include\synthizer/generators/buffer.hpp(41): error C3861: 'getSynthizerLogFile': identifier not found
2025-06-23T19:22:11.7282595Z ##[error]D:\a\synthizer3d\synthizer3d\synthizer-vendored\include\synthizer/generators/buffer.hpp(43): error C3861: 'getSynthizerLogFile': identifier not found
2025-06-23T19:22:11.7286240Z ##[error]D:\a\synthizer3d\synthizer3d\synthizer-vendored\include\synthizer/generators/buffer.hpp(44): error C3861: 'getSynthizerLogFile': identifier not found
2025-06-23T19:22:11.8383190Z ##[error]D:\a\synthizer3d\synthizer3d\synthizer-vendored\include\synthizer/generators/buffer.hpp(50): error C3861: 'getSynthizerStartTime': identifier not found
2025-06-23T19:22:11.8714044Z ##[error]D:\a\synthizer3d\synthizer3d\synthizer-vendored\include\synthizer/generators/buffer.hpp(50): error C2678: binary '-': no operator found which takes a left-hand operand of type 'std::chrono::steady_clock::time_point' (or there is no acceptable conversion)
2025-06-23T19:22:11.9321674Z C:\Program Files\Microsoft Visual Studio\2022\Enterprise\VC\Tools\MSVC\14.43.34808\include\__msvc_int128.hpp(843): note: could be 'std::_Unsigned128 std::operator -(const std::_Base128 &,const std::_Base128 &) noexcept' [found using argument-dependent lookup]
2025-06-23T19:22:12.0418573Z D:\a\synthizer3d\synthizer3d\synthizer-vendored\include\synthizer/generators/buffer.hpp(50): note: 'std::_Unsigned128 std::operator -(const std::_Base128 &,const std::_Base128 &) noexcept': cannot convert argument 1 from 'std::chrono::steady_clock::time_point' to 'const std::_Base128 &'
2025-06-23T19:22:12.1827539Z D:\a\synthizer3d\synthizer3d\synthizer-vendored\include\synthizer/generators/buffer.hpp(50): note: Reason: cannot convert from 'std::chrono::steady_clock::time_point' to 'const std::_Base128'
2025-06-23T19:22:12.4485468Z D:\a\synthizer3d\synthizer3d\synthizer-vendored\include\synthizer/generators/buffer.hpp(50): note: No user-defined-conversion operator available that can perform this conversion, or the operator cannot be called
2025-06-23T19:22:12.6672888Z C:\Program Files\Microsoft Visual Studio\2022\Enterprise\VC\Tools\MSVC\14.43.34808\include\__msvc_int128.hpp(1183): note: or       'std::_Signed128 std::operator -(const std::_Signed128 &,const std::_Signed128 &) noexcept' [found using argument-dependent lookup]
2025-06-23T19:22:12.9162106Z D:\a\synthizer3d\synthizer3d\synthizer-vendored\include\synthizer/generators/buffer.hpp(50): note: 'std::_Signed128 std::operator -(const std::_Signed128 &,const std::_Signed128 &) noexcept': cannot convert argument 1 from 'std::chrono::steady_clock::time_point' to 'const std::_Signed128 &'
2025-06-23T19:22:13.1212193Z D:\a\synthizer3d\synthizer3d\synthizer-vendored\include\synthizer/generators/buffer.hpp(50): note: Reason: cannot convert from 'std::chrono::steady_clock::time_point' to 'const std::_Signed128'
2025-06-23T19:22:13.1215366Z D:\a\synthizer3d\synthizer3d\synthizer-vendored\include\synthizer/generators/buffer.hpp(50): note: No user-defined-conversion operator available that can perform this conversion, or the operator cannot be called
2025-06-23T19:22:13.2778165Z C:\Program Files\Microsoft Visual Studio\2022\Enterprise\VC\Tools\MSVC\14.43.34808\include\xutility(2007): note: or       'unknown-type std::operator -(const std::reverse_iterator<_BidIt> &,const std::reverse_iterator<_BidIt2> &) noexcept(<expr>)'
2025-06-23T19:22:13.3169148Z D:\a\synthizer3d\synthizer3d\synthizer-vendored\include\synthizer/generators/buffer.hpp(50): note: 'unknown-type std::operator -(const std::reverse_iterator<_BidIt> &,const std::reverse_iterator<_BidIt2> &) noexcept(<expr>)': could not deduce template argument for 'const std::reverse_iterator<_BidIt> &' from 'std::chrono::steady_clock::time_point'
2025-06-23T19:22:13.4772103Z C:\Program Files\Microsoft Visual Studio\2022\Enterprise\VC\Tools\MSVC\14.43.34808\include\xutility(4544): note: or       'unknown-type std::operator -(const std::move_iterator<_Iter> &,const std::move_iterator<_Iter2> &) noexcept(<expr>)'
2025-06-23T19:22:13.5126926Z D:\a\synthizer3d\synthizer3d\synthizer-vendored\include\synthizer/generators/buffer.hpp(50): note: 'unknown-type std::operator -(const std::move_iterator<_Iter> &,const std::move_iterator<_Iter2> &) noexcept(<expr>)': could not deduce template argument for 'const std::move_iterator<_Iter> &' from 'std::chrono::steady_clock::time_point'
2025-06-23T19:22:13.5756796Z C:\Program Files\Microsoft Visual Studio\2022\Enterprise\VC\Tools\MSVC\14.43.34808\include\__msvc_chrono.hpp(296): note: or       'common_type<std::chrono::duration<_Rep,_Period>,std::chrono::duration<_Rep2,_Period2>>::type std::chrono::operator -(const std::chrono::duration<_Rep,_Period> &,const std::chrono::duration<_Rep2,_Period2> &) noexcept(<expr>)'
2025-06-23T19:22:13.7013903Z D:\a\synthizer3d\synthizer3d\synthizer-vendored\include\synthizer/generators/buffer.hpp(50): note: 'common_type<std::chrono::duration<_Rep,_Period>,std::chrono::duration<_Rep2,_Period2>>::type std::chrono::operator -(const std::chrono::duration<_Rep,_Period> &,const std::chrono::duration<_Rep2,_Period2> &) noexcept(<expr>)': could not deduce template argument for 'const std::chrono::duration<_Rep,_Period> &' from 'std::chrono::steady_clock::time_point'
2025-06-23T19:22:13.7021883Z C:\Program Files\Microsoft Visual Studio\2022\Enterprise\VC\Tools\MSVC\14.43.34808\include\__msvc_chrono.hpp(545): note: or       'std::chrono::time_point<_Clock,common_type<_Duration,std::chrono::duration<_Rep2,_Period2>>::type> std::chrono::operator -(const std::chrono::time_point<_Clock,_Duration> &,const std::chrono::duration<_Rep2,_Period2> &) noexcept(<expr>)'
2025-06-23T19:22:13.7481013Z D:\a\synthizer3d\synthizer3d\synthizer-vendored\include\synthizer/generators/buffer.hpp(50): note: 'std::chrono::time_point<_Clock,common_type<_Duration,std::chrono::duration<_Rep2,_Period2>>::type> std::chrono::operator -(const std::chrono::time_point<_Clock,_Duration> &,const std::chrono::duration<_Rep2,_Period2> &) noexcept(<expr>)': could not deduce template argument for 'const std::chrono::duration<_Rep2,_Period2> &' from 'unknown-type'
2025-06-23T19:22:13.7789503Z C:\Program Files\Microsoft Visual Studio\2022\Enterprise\VC\Tools\MSVC\14.43.34808\include\__msvc_chrono.hpp(553): note: or       'common_type<_Duration1,_Duration2>::type std::chrono::operator -(const std::chrono::time_point<_Clock,_Duration> &,const std::chrono::time_point<_Clock,_Duration2> &) noexcept(<expr>)'
2025-06-23T19:22:13.9038326Z D:\a\synthizer3d\synthizer3d\synthizer-vendored\include\synthizer/generators/buffer.hpp(50): note: 'common_type<_Duration1,_Duration2>::type std::chrono::operator -(const std::chrono::time_point<_Clock,_Duration> &,const std::chrono::time_point<_Clock,_Duration2> &) noexcept(<expr>)': could not deduce template argument for 'const std::chrono::time_point<_Clock,_Duration2> &' from 'unknown-type'
2025-06-23T19:22:13.9512062Z D:\a\synthizer3d\synthizer3d\synthizer-vendored\include\synthizer/generators/buffer.hpp(50): note: while trying to match the argument list '(std::chrono::steady_clock::time_point, unknown-type)'
2025-06-23T19:22:13.9826736Z ##[error]D:\a\synthizer3d\synthizer3d\synthizer-vendored\include\synthizer/generators/buffer.hpp(50): error C2672: 'std::chrono::duration_cast': no matching overloaded function found
2025-06-23T19:22:14.1076460Z C:\Program Files\Microsoft Visual Studio\2022\Enterprise\VC\Tools\MSVC\14.43.34808\include\__msvc_chrono.hpp(87): note: could be '_To std::chrono::duration_cast(const std::chrono::duration<_Rep,_Period> &) noexcept(<expr>)'
2025-06-23T19:22:14.1863801Z ##[error]D:\a\synthizer3d\synthizer3d\synthizer-vendored\include\synthizer/generators/buffer.hpp(51): error C3861: 'getSynthizerLogFile': identifier not found
2025-06-23T19:22:14.3299851Z ##[error]D:\a\synthizer3d\synthizer3d\synthizer-vendored\include\synthizer/generators/buffer.hpp(51): error C3536: 'elapsed': cannot be used before it is initialized
2025-06-23T19:22:14.3641157Z ##[error]D:\a\synthizer3d\synthizer3d\synthizer-vendored\include\synthizer/generators/buffer.hpp(62): error C3861: 'getSynthizerInitialized': identifier not found
2025-06-23T19:22:14.3885686Z ##[error]D:\a\synthizer3d\synthizer3d\synthizer-vendored\include\synthizer/generators/buffer.hpp(64): error C3861: 'getSynthizerLogFile': identifier not found
2025-06-23T19:22:14.4329612Z ##[error]D:\a\synthizer3d\synthizer3d\synthizer-vendored\include\synthizer/generators/buffer.hpp(65): error C3861: 'getSynthizerLogFile': identifier not found
2025-06-23T19:22:14.5139102Z ##[error]D:\a\synthizer3d\synthizer3d\synthizer-vendored\include\synthizer/generators/buffer.hpp(77): error C3861: 'getSynthizerInitialized': identifier not found
2025-06-23T19:22:14.5295157Z ##[error]D:\a\synthizer3d\synthizer3d\synthizer-vendored\include\synthizer/generators/buffer.hpp(79): error C3861: 'getSynthizerLogFile': identifier not found
2025-06-23T19:22:14.5608364Z ##[error]D:\a\synthizer3d\synthizer3d\synthizer-vendored\include\synthizer/generators/buffer.hpp(82): error C3861: 'getSynthizerLogFile': identifier not found
2025-06-23T19:22:14.5917414Z ##[error]D:\a\synthizer3d\synthizer3d\synthizer-vendored\include\synthizer/generators/buffer.hpp(87): error C3861: 'getSynthizerInitialized': identifier not found
2025-06-23T19:22:14.7168891Z ##[error]D:\a\synthizer3d\synthizer3d\synthizer-vendored\include\synthizer/generators/buffer.hpp(89): error C3861: 'getSynthizerLogFile': identifier not found
2025-06-23T19:22:14.7326570Z ##[error]D:\a\synthizer3d\synthizer3d\synthizer-vendored\include\synthizer/generators/buffer.hpp(91): error C3861: 'getSynthizerLogFile': identifier not found
2025-06-23T19:22:14.7637415Z ##[error]D:\a\synthizer3d\synthizer3d\synthizer-vendored\include\synthizer/generators/buffer.hpp(201): error C2589: 'do': illegal token on right side of '::'
2025-06-23T19:22:14.7958816Z ##[error]D:\a\synthizer3d\synthizer3d\synthizer-vendored\include\synthizer/generators/buffer.hpp(201): error C2059: syntax error: 'if'
2025-06-23T19:22:14.8693733Z ##[error]D:\a\synthizer3d\synthizer3d\synthizer-vendored\include\synthizer/generators/buffer.hpp(201): error C2059: syntax error: 'while'
2025-06-23T19:22:14.8715025Z ##[error]D:\a\synthizer3d\synthizer3d\synthizer-vendored\include\synthizer/generators/buffer.hpp(675): error C2589: 'do': illegal token on right side of '::'
2025-06-23T19:22:14.8872927Z ##[error]D:\a\synthizer3d\synthizer3d\synthizer-vendored\include\synthizer/generators/buffer.hpp(675): error C2059: syntax error: 'if'
2025-06-23T19:22:14.9526797Z ##[error]D:\a\synthizer3d\synthizer3d\synthizer-vendored\include\synthizer/generators/buffer.hpp(685): error C2589: 'do': illegal token on right side of '::'
2025-06-23T19:22:15.0508243Z ##[error]D:\a\synthizer3d\synthizer3d\synthizer-vendored\include\synthizer/generators/buffer.hpp(685): error C2059: syntax error: 'if'
2025-06-23T19:22:15.0584137Z ##[error]D:\a\synthizer3d\synthizer3d\synthizer-vendored\include\synthizer/generators/buffer.hpp(688): error C2046: illegal case
2025-06-23T19:22:15.0759896Z ##[error]D:\a\synthizer3d\synthizer3d\synthizer-vendored\include\synthizer/generators/buffer.hpp(694): error C2589: 'do': illegal token on right side of '::'
2025-06-23T19:22:15.1085339Z ##[error]D:\a\synthizer3d\synthizer3d\synthizer-vendored\include\synthizer/generators/buffer.hpp(694): error C2059: syntax error: 'if'
2025-06-23T19:22:15.1387353Z ##[error]D:\a\synthizer3d\synthizer3d\synthizer-vendored\include\synthizer/generators/buffer.hpp(686): error C2043: illegal break
2025-06-23T19:22:15.1401667Z ##[error]D:\a\synthizer3d\synthizer3d\synthizer-vendored\include\synthizer/generators/buffer.hpp(694): error C2059: syntax error: 'while'
2025-06-23T19:22:15.1413456Z ##[error]D:\a\synthizer3d\synthizer3d\synthizer-vendored\include\synthizer/generators/buffer.hpp(695): error C2059: syntax error: 'break'
2025-06-23T19:22:15.1482391Z ##[error]D:\a\synthizer3d\synthizer3d\synthizer-vendored\include\synthizer/generators/buffer.hpp(697): error C2059: syntax error: 'case'
2025-06-23T19:22:15.1488009Z ##[error]D:\a\synthizer3d\synthizer3d\synthizer-vendored\include\synthizer/generators/buffer.hpp(698): error C2059: syntax error: 'this'
2025-06-23T19:22:15.1491673Z ##[error]D:\a\synthizer3d\synthizer3d\synthizer-vendored\include\synthizer/generators/buffer.hpp(699): error C2059: syntax error: 'this'
2025-06-23T19:22:15.1496686Z ##[error]D:\a\synthizer3d\synthizer3d\synthizer-vendored\include\synthizer/generators/buffer.hpp(700): error C2059: syntax error: 'this'
2025-06-23T19:22:15.1502077Z ##[error]D:\a\synthizer3d\synthizer3d\synthizer-vendored\include\synthizer/generators/buffer.hpp(701): error C2059: syntax error: 'this'
2025-06-23T19:22:15.1507737Z ##[error]D:\a\synthizer3d\synthizer3d\synthizer-vendored\include\synthizer/generators/buffer.hpp(702): error C2059: syntax error: 'this'
2025-06-23T19:22:15.1513795Z ##[error]D:\a\synthizer3d\synthizer3d\synthizer-vendored\include\synthizer/generators/buffer.hpp(703): error C2589: 'do': illegal token on right side of '::'
2025-06-23T19:22:15.1519656Z ##[error]D:\a\synthizer3d\synthizer3d\synthizer-vendored\include\synthizer/generators/buffer.hpp(703): error C2059: syntax error: 'function-style cast'
2025-06-23T19:22:15.1525805Z ##[error]D:\a\synthizer3d\synthizer3d\synthizer-vendored\include\synthizer/generators/buffer.hpp(703): error C2143: syntax error: missing ';' before '{'
2025-06-23T19:22:15.1531762Z ##[error]D:\a\synthizer3d\synthizer3d\synthizer-vendored\include\synthizer/generators/buffer.hpp(703): error C2447: '{': missing function header (old-style formal list?)
2025-06-23T19:22:15.1537313Z ##[error]D:\a\synthizer3d\synthizer3d\synthizer-vendored\include\synthizer/generators/buffer.hpp(703): error C2059: syntax error: 'while'
2025-06-23T19:22:15.1543205Z ##[error]D:\a\synthizer3d\synthizer3d\synthizer-vendored\include\synthizer/generators/buffer.hpp(704): error C2059: syntax error: 'break'
2025-06-23T19:22:15.1550695Z ##[error]D:\a\synthizer3d\synthizer3d\synthizer-vendored\include\synthizer/generators/buffer.hpp(705): error C2059: syntax error: '}'
2025-06-23T19:22:15.1556637Z ##[error]D:\a\synthizer3d\synthizer3d\synthizer-vendored\include\synthizer/generators/buffer.hpp(705): error C2143: syntax error: missing ';' before '}'
2025-06-23T19:22:15.1562196Z ##[error]D:\a\synthizer3d\synthizer3d\synthizer-vendored\include\synthizer/generators/buffer.hpp(709): error C2059: syntax error: 'this'
2025-06-23T19:22:15.1572908Z ##[error]D:\a\synthizer3d\synthizer3d\synthizer-vendored\include\synthizer/generators/buffer.hpp(711): error C2059: syntax error: 'this'
2025-06-23T19:22:15.1580997Z ##[error]D:\a\synthizer3d\synthizer3d\synthizer-vendored\include\synthizer/generators/buffer.hpp(712): error C2059: syntax error: 'this'
2025-06-23T19:22:15.1597403Z ##[error]D:\a\synthizer3d\synthizer3d\synthizer-vendored\include\synthizer/generators/buffer.hpp(715): error C2059: syntax error: 'this'
2025-06-23T19:22:15.1611640Z ##[error]D:\a\synthizer3d\synthizer3d\synthizer-vendored\include\synthizer/generators/buffer.hpp(716): error C2059: syntax error: 'this'
2025-06-23T19:22:15.1617407Z ##[error]D:\a\synthizer3d\synthizer3d\synthizer-vendored\include\synthizer/generators/buffer.hpp(717): error C2059: syntax error: 'this'
2025-06-23T19:22:15.1620974Z ##[error]D:\a\synthizer3d\synthizer3d\synthizer-vendored\include\synthizer/generators/buffer.hpp(724): error C2059: syntax error: '}'
2025-06-23T19:22:15.1626832Z ##[error]D:\a\synthizer3d\synthizer3d\synthizer-vendored\include\synthizer/generators/buffer.hpp(724): error C2143: syntax error: missing ';' before '}'
2025-06-23T19:22:15.1633199Z ##[error]D:\a\synthizer3d\synthizer3d\synthizer-vendored\include\synthizer/generators/buffer.hpp(725): error C2143: syntax error: missing ';' before '}'
2025-06-23T19:22:15.1639141Z ##[error]D:\a\synthizer3d\synthizer3d\synthizer-vendored\include\synthizer/generators/buffer.hpp(725): error C2059: syntax error: '}'
2025-06-23T19:22:15.1646822Z ##[error]D:\a\synthizer3d\synthizer3d\synthizer-vendored\include\synthizer/generators/buffer.hpp(727): error C2143: syntax error: missing ';' before '{'
2025-06-23T19:22:15.1721717Z ##[error]D:\a\synthizer3d\synthizer3d\synthizer-vendored\include\synthizer/generators/buffer.hpp(727): error C2447: '{': missing function header (old-style formal list?)
2025-06-23T19:22:15.1888951Z ##[error]D:\a\synthizer3d\synthizer3d\synthizer-vendored\include\synthizer/generators/buffer.hpp(1231): error C2059: syntax error: '}'
2025-06-23T19:22:15.1894838Z ##[error]D:\a\synthizer3d\synthizer3d\synthizer-vendored\include\synthizer/generators/buffer.hpp(1231): error C2143: syntax error: missing ';' before '}'
2025-06-23T19:22:15.1901270Z ##[error]D:\a\synthizer3d\synthizer3d\synthizer-vendored\include\synthizer/fast_sine_bank.hpp(27): error C2143: syntax error: missing ';' before '{'
2025-06-23T19:22:15.1905193Z ##[error]D:\a\synthizer3d\synthizer3d\synthizer-vendored\include\synthizer/fast_sine_bank.hpp(27): error C2447: '{': missing function header (old-style formal list?)
2025-06-23T19:22:15.1911217Z ##[error]D:\a\synthizer3d\synthizer3d\synthizer-vendored\include\synthizer/generators/fast_sine_bank.hpp(33): error C3646: 'bank': unknown override specifier
2025-06-23T19:22:15.1915446Z ##[error]D:\a\synthizer3d\synthizer3d\synthizer-vendored\include\synthizer/generators/fast_sine_bank.hpp(33): error C4430: missing type specifier - int assumed. Note: C++ does not support default-int
2025-06-23T19:22:15.1922259Z ##[error]D:\a\synthizer3d\synthizer3d\synthizer-vendored\include\synthizer/generators/fast_sine_bank.hpp(38): error C2614: 'synthizer::FastSineBankGenerator': illegal member initialization: 'bank' is not a base or member
2025-06-23T19:22:15.1929023Z ##[error]D:\a\synthizer3d\synthizer3d\synthizer-vendored\include\synthizer/generators/fast_sine_bank.hpp(40): error C2065: 'SineWaveConfig': undeclared identifier
2025-06-23T19:22:15.1935395Z ##[error]D:\a\synthizer3d\synthizer3d\synthizer-vendored\include\synthizer/generators/fast_sine_bank.hpp(40): error C2146: syntax error: missing ';' before identifier 'wave'
2025-06-23T19:22:15.1941852Z ##[error]D:\a\synthizer3d\synthizer3d\synthizer-vendored\include\synthizer/generators/fast_sine_bank.hpp(40): error C2065: 'wave': undeclared identifier
2025-06-23T19:22:15.1947855Z ##[error]D:\a\synthizer3d\synthizer3d\synthizer-vendored\include\synthizer/generators/fast_sine_bank.hpp(41): error C2039: 'bank': is not a member of 'synthizer::FastSineBankGenerator'
2025-06-23T19:22:15.1953772Z D:\a\synthizer3d\synthizer3d\synthizer-vendored\include\synthizer/generators/fast_sine_bank.hpp(18): note: see declaration of 'synthizer::FastSineBankGenerator'
2025-06-23T19:22:15.1957073Z ##[error]D:\a\synthizer3d\synthizer3d\synthizer-vendored\include\synthizer/generators/fast_sine_bank.hpp(41): error C2065: 'wave': undeclared identifier
2025-06-23T19:22:15.1963666Z ##[error]D:\a\synthizer3d\synthizer3d\synthizer-vendored\include\synthizer/generators/fast_sine_bank.hpp(60): error C2039: 'bank': is not a member of 'synthizer::FastSineBankGenerator'
2025-06-23T19:22:15.1969424Z D:\a\synthizer3d\synthizer3d\synthizer-vendored\include\synthizer/generators/fast_sine_bank.hpp(18): note: see declaration of 'synthizer::FastSineBankGenerator'
2025-06-23T19:22:15.1975863Z ##[error]D:\a\synthizer3d\synthizer3d\synthizer-vendored\include\synthizer/generators/fast_sine_bank.hpp(61): error C2039: 'bank': is not a member of 'synthizer::FastSineBankGenerator'
2025-06-23T19:22:16.0610581Z D:\a\synthizer3d\synthizer3d\synthizer-vendored\include\synthizer/generators/fast_sine_bank.hpp(18): note: see declaration of 'synthizer::FastSineBankGenerator'
2025-06-23T19:22:16.0612530Z [5/28] Building C object CMakeFiles\synthizer_single_file_libs.dir\src\single_file_libs.c.obj
2025-06-23T19:22:16.0613789Z [6/28] Building CXX object CMakeFiles\synthizer.dir\src\context.cpp.obj
2025-06-23T19:22:16.0614839Z [7/28] Building CXX object CMakeFiles\synthizer.dir\src\error.cpp.obj
2025-06-23T19:22:16.0615738Z [8/28] Building CXX object CMakeFiles\synthizer.dir\src\decoding.cpp.obj
2025-06-23T19:22:16.0909815Z cl : Command line warning D9025 : overriding '/WX' with '/WX-'
2025-06-23T19:22:16.0910435Z [9/28] Building CXX object CMakeFiles\synthizer.dir\src\event_timeline.cpp.obj
2025-06-23T19:22:16.0910892Z ninja: build stopped: subcommand failed.
2025-06-23T19:22:16.1080877Z Traceback (most recent call last):
2025-06-23T19:22:16.1081887Z   File "C:\hostedtoolcache\windows\Python\3.8.10\x86\lib\site-packages\pyproject_hooks\_in_process\_in_process.py", line 389, in <module>
2025-06-23T19:22:16.1082520Z     main()
2025-06-23T19:22:16.1083259Z   File "C:\hostedtoolcache\windows\Python\3.8.10\x86\lib\site-packages\pyproject_hooks\_in_process\_in_process.py", line 373, in main
2025-06-23T19:22:16.1083997Z     json_out["return_val"] = hook(**hook_input["kwargs"])
2025-06-23T19:22:16.1084976Z   File "C:\hostedtoolcache\windows\Python\3.8.10\x86\lib\site-packages\pyproject_hooks\_in_process\_in_process.py", line 143, in get_requires_for_build_wheel
2025-06-23T19:22:16.1085708Z     return hook(config_settings)
2025-06-23T19:22:16.1086536Z   File "C:\hostedtoolcache\windows\Python\3.8.10\x86\lib\site-packages\setuptools\build_meta.py", line 154, in get_requires_for_build_wheel
2025-06-23T19:22:16.1087225Z     return self._get_build_requires(
2025-06-23T19:22:16.1088021Z   File "C:\hostedtoolcache\windows\Python\3.8.10\x86\lib\site-packages\setuptools\build_meta.py", line 135, in _get_build_requires
2025-06-23T19:22:16.1088632Z     self.run_setup()
2025-06-23T19:22:16.1089318Z   File "C:\hostedtoolcache\windows\Python\3.8.10\x86\lib\site-packages\setuptools\build_meta.py", line 258, in run_setup
2025-06-23T19:22:16.1089952Z     super(_BuildMetaLegacyBackend,
2025-06-23T19:22:16.1090691Z   File "C:\hostedtoolcache\windows\Python\3.8.10\x86\lib\site-packages\setuptools\build_meta.py", line 150, in run_setup
2025-06-23T19:22:16.1091353Z     exec(compile(code, __file__, 'exec'), locals())
2025-06-23T19:22:16.1092269Z   File "setup.py", line 68, in <module>
2025-06-23T19:22:16.1092572Z     cmake.make()
2025-06-23T19:22:16.1093182Z   File "C:\hostedtoolcache\windows\Python\3.8.10\x86\lib\site-packages\skbuild\cmaker.py", line 696, in make
2025-06-23T19:22:16.1094090Z     self.make_impl(clargs=clargs, config=config, source_dir=source_dir, install_target=install_target, env=env)
2025-06-23T19:22:16.1095027Z   File "C:\hostedtoolcache\windows\Python\3.8.10\x86\lib\site-packages\skbuild\cmaker.py", line 741, in make_impl
2025-06-23T19:22:16.1095598Z     raise SKBuildError(msg)
2025-06-23T19:22:16.1096108Z skbuild.exceptions.SKBuildError: An error occurred while building with CMake.
2025-06-23T19:22:16.1096513Z   Command:
2025-06-23T19:22:16.1097261Z     'C:\hostedtoolcache\windows\Python\3.8.10\x86\Lib\site-packages\cmake\data\bin/cmake.exe' --build . --target install --config Release --
2025-06-23T19:22:16.1097887Z   Install target:
2025-06-23T19:22:16.1098092Z     install
2025-06-23T19:22:16.1098291Z   Source directory:
2025-06-23T19:22:16.1098558Z     D:\a\synthizer3d\synthizer3d
2025-06-23T19:22:16.1098839Z   Working directory:
2025-06-23T19:22:16.1099200Z     D:\a\synthizer3d\synthizer3d\_skbuild\win32-3.8\cmake-build
2025-06-23T19:22:16.1099942Z Please check the install target is valid and see CMake's output for more information.
2025-06-23T19:22:16.1100238Z 
2025-06-23T19:22:16.1309003Z 
2025-06-23T19:22:16.1310035Z ERROR Backend subprocess exited when trying to invoke get_requires_for_build_wheel
2025-06-23T19:22:16.1602924Z ##[error]Process completed with exit code 1.
2025-06-23T19:22:16.1769179Z Post job cleanup.
2025-06-23T19:22:16.4310576Z [command]"C:\Program Files\Git\bin\git.exe" version
2025-06-23T19:22:16.4525530Z git version 2.49.0.windows.1
2025-06-23T19:22:16.4590896Z Temporarily overriding HOME='D:\a\_temp\193fb00e-4137-4253-bed3-767ac0c40b44' before making global git config changes
2025-06-23T19:22:16.4591701Z Adding repository directory to the temporary git global config as a safe directory
2025-06-23T19:22:16.4603052Z [command]"C:\Program Files\Git\bin\git.exe" config --global --add safe.directory D:\a\synthizer3d\synthizer3d
2025-06-23T19:22:16.4841046Z [command]"C:\Program Files\Git\bin\git.exe" config --local --name-only --get-regexp core\.sshCommand
2025-06-23T19:22:16.5072513Z [command]"C:\Program Files\Git\bin\git.exe" submodule foreach --recursive "sh -c \"git config --local --name-only --get-regexp 'core\.sshCommand' && git config --local --unset-all 'core.sshCommand' || :\""
2025-06-23T19:22:16.9041666Z [command]"C:\Program Files\Git\bin\git.exe" config --local --name-only --get-regexp http\.https\:\/\/github\.com\/\.extraheader
2025-06-23T19:22:16.9237285Z http.https://github.com/.extraheader
2025-06-23T19:22:16.9272190Z [command]"C:\Program Files\Git\bin\git.exe" config --local --unset-all http.https://github.com/.extraheader
2025-06-23T19:22:16.9497583Z [command]"C:\Program Files\Git\bin\git.exe" submodule foreach --recursive "sh -c \"git config --local --name-only --get-regexp 'http\.https\:\/\/github\.com\/\.extraheader' && git config --local --unset-all 'http.https://github.com/.extraheader' || :\""
2025-06-23T19:22:17.3683414Z Cleaning up orphan processes
2025-06-23T19:22:17.3957846Z Terminate orphan process: pid (3168) (vctip)
2025-06-23T19:22:17.4093053Z Terminate orphan process: pid (1676) (mspdbsrv)