2025-10-09T19:16:22.1380396Z Current runner version: '2.328.0'
2025-10-09T19:16:22.1404927Z ##[group]Runner Image Provisioner
2025-10-09T19:16:22.1405738Z Hosted Compute Agent
2025-10-09T19:16:22.1406321Z Version: 20250912.392
2025-10-09T19:16:22.1406902Z Commit: d921fda672a98b64f4f82364647e2f10b2267d0b
2025-10-09T19:16:22.1407972Z Build Date: 2025-09-12T15:23:14Z
2025-10-09T19:16:22.1408571Z ##[endgroup]
2025-10-09T19:16:22.1409145Z ##[group]Operating System
2025-10-09T19:16:22.1409810Z Ubuntu
2025-10-09T19:16:22.1410280Z 24.04.3
2025-10-09T19:16:22.1410752Z LTS
2025-10-09T19:16:22.1411250Z ##[endgroup]
2025-10-09T19:16:22.1411762Z ##[group]Runner Image
2025-10-09T19:16:22.1412324Z Image: ubuntu-24.04
2025-10-09T19:16:22.1412906Z Version: 20250929.60.1
2025-10-09T19:16:22.1413920Z Included Software: https://github.com/actions/runner-images/blob/ubuntu24/20250929.60/images/ubuntu/Ubuntu2404-Readme.md
2025-10-09T19:16:22.1415624Z Image Release: https://github.com/actions/runner-images/releases/tag/ubuntu24%2F20250929.60
2025-10-09T19:16:22.1416659Z ##[endgroup]
2025-10-09T19:16:22.1419595Z ##[group]GITHUB_TOKEN Permissions
2025-10-09T19:16:22.1421946Z Actions: write
2025-10-09T19:16:22.1422524Z Attestations: write
2025-10-09T19:16:22.1423138Z Checks: write
2025-10-09T19:16:22.1423652Z Contents: write
2025-10-09T19:16:22.1424154Z Deployments: write
2025-10-09T19:16:22.1424747Z Discussions: write
2025-10-09T19:16:22.1425280Z Issues: write
2025-10-09T19:16:22.1425788Z Metadata: read
2025-10-09T19:16:22.1426339Z Models: read
2025-10-09T19:16:22.1426817Z Packages: write
2025-10-09T19:16:22.1427792Z Pages: write
2025-10-09T19:16:22.1428654Z PullRequests: write
2025-10-09T19:16:22.1429424Z RepositoryProjects: write
2025-10-09T19:16:22.1429993Z SecurityEvents: write
2025-10-09T19:16:22.1430726Z Statuses: write
2025-10-09T19:16:22.1431297Z ##[endgroup]
2025-10-09T19:16:22.1433322Z Secret source: Actions
2025-10-09T19:16:22.1434499Z Prepare workflow directory
2025-10-09T19:16:22.1748668Z Prepare all required actions
2025-10-09T19:16:22.1787600Z Getting action download info
2025-10-09T19:16:22.5303344Z Download action repository 'actions/checkout@v4' (SHA:08eba0b27e820071cde6df949e0beb9ba4906955)
2025-10-09T19:16:22.7282188Z Download action repository 'actions/setup-python@v5' (SHA:a26af69be951a213d495a4c3e4e4022e16d87065)
2025-10-09T19:16:22.8522470Z Download action repository 'actions/upload-artifact@v4' (SHA:ea165f8d65b6e75b540449e92b4886f43607fa02)
2025-10-09T19:16:23.0468817Z Complete job name: Build Source Distribution
2025-10-09T19:16:23.1164580Z ##[group]Run actions/checkout@v4
2025-10-09T19:16:23.1165388Z with:
2025-10-09T19:16:23.1165775Z   submodules: recursive
2025-10-09T19:16:23.1166213Z   repository: Ambro86/synthizer3d
2025-10-09T19:16:23.1166830Z   token: ***
2025-10-09T19:16:23.1167431Z   ssh-strict: true
2025-10-09T19:16:23.1167813Z   ssh-user: git
2025-10-09T19:16:23.1168203Z   persist-credentials: true
2025-10-09T19:16:23.1168635Z   clean: true
2025-10-09T19:16:23.1169033Z   sparse-checkout-cone-mode: true
2025-10-09T19:16:23.1169492Z   fetch-depth: 1
2025-10-09T19:16:23.1169892Z   fetch-tags: false
2025-10-09T19:16:23.1170282Z   show-progress: true
2025-10-09T19:16:23.1170679Z   lfs: false
2025-10-09T19:16:23.1171050Z   set-safe-directory: true
2025-10-09T19:16:23.1171732Z ##[endgroup]
2025-10-09T19:16:23.2351769Z Syncing repository: Ambro86/synthizer3d
2025-10-09T19:16:23.2353465Z ##[group]Getting Git version info
2025-10-09T19:16:23.2354183Z Working directory is '/home/runner/work/synthizer3d/synthizer3d'
2025-10-09T19:16:23.2355195Z [command]/usr/bin/git version
2025-10-09T19:16:23.2424668Z git version 2.51.0
2025-10-09T19:16:23.2451138Z ##[endgroup]
2025-10-09T19:16:23.2473716Z Temporarily overriding HOME='/home/runner/work/_temp/e6f2fdda-98bf-4b36-8de2-1312540a538b' before making global git config changes
2025-10-09T19:16:23.2476082Z Adding repository directory to the temporary git global config as a safe directory
2025-10-09T19:16:23.2480351Z [command]/usr/bin/git config --global --add safe.directory /home/runner/work/synthizer3d/synthizer3d
2025-10-09T19:16:23.2517386Z Deleting the contents of '/home/runner/work/synthizer3d/synthizer3d'
2025-10-09T19:16:23.2521243Z ##[group]Initializing the repository
2025-10-09T19:16:23.2525865Z [command]/usr/bin/git init /home/runner/work/synthizer3d/synthizer3d
2025-10-09T19:16:23.2624814Z hint: Using 'master' as the name for the initial branch. This default branch name
2025-10-09T19:16:23.2626173Z hint: is subject to change. To configure the initial branch name to use in all
2025-10-09T19:16:23.2627299Z hint: of your new repositories, which will suppress this warning, call:
2025-10-09T19:16:23.2628462Z hint:
2025-10-09T19:16:23.2629271Z hint: 	git config --global init.defaultBranch <name>
2025-10-09T19:16:23.2630061Z hint:
2025-10-09T19:16:23.2631046Z hint: Names commonly chosen instead of 'master' are 'main', 'trunk' and
2025-10-09T19:16:23.2632654Z hint: 'development'. The just-created branch can be renamed via this command:
2025-10-09T19:16:23.2633930Z hint:
2025-10-09T19:16:23.2634629Z hint: 	git branch -m <name>
2025-10-09T19:16:23.2635481Z hint:
2025-10-09T19:16:23.2636510Z hint: Disable this message with "git config set advice.defaultBranchName false"
2025-10-09T19:16:23.2638467Z Initialized empty Git repository in /home/runner/work/synthizer3d/synthizer3d/.git/
2025-10-09T19:16:23.2642493Z [command]/usr/bin/git remote add origin https://github.com/Ambro86/synthizer3d
2025-10-09T19:16:23.2678854Z ##[endgroup]
2025-10-09T19:16:23.2680061Z ##[group]Disabling automatic garbage collection
2025-10-09T19:16:23.2683737Z [command]/usr/bin/git config --local gc.auto 0
2025-10-09T19:16:23.2712594Z ##[endgroup]
2025-10-09T19:16:23.2713791Z ##[group]Setting up auth
2025-10-09T19:16:23.2720186Z [command]/usr/bin/git config --local --name-only --get-regexp core\.sshCommand
2025-10-09T19:16:23.2751026Z [command]/usr/bin/git submodule foreach --recursive sh -c "git config --local --name-only --get-regexp 'core\.sshCommand' && git config --local --unset-all 'core.sshCommand' || :"
2025-10-09T19:16:23.3068599Z [command]/usr/bin/git config --local --name-only --get-regexp http\.https\:\/\/github\.com\/\.extraheader
2025-10-09T19:16:23.3098191Z [command]/usr/bin/git submodule foreach --recursive sh -c "git config --local --name-only --get-regexp 'http\.https\:\/\/github\.com\/\.extraheader' && git config --local --unset-all 'http.https://github.com/.extraheader' || :"
2025-10-09T19:16:23.3319158Z [command]/usr/bin/git config --local http.https://github.com/.extraheader AUTHORIZATION: basic ***
2025-10-09T19:16:23.3355343Z ##[endgroup]
2025-10-09T19:16:23.3356570Z ##[group]Fetching the repository
2025-10-09T19:16:23.3365163Z [command]/usr/bin/git -c protocol.version=2 fetch --no-tags --prune --no-recurse-submodules --depth=1 origin +5352a3e47df5d8576cd20ddfe0e28fcf17673e71:refs/remotes/origin/master
2025-10-09T19:16:24.3602300Z From https://github.com/Ambro86/synthizer3d
2025-10-09T19:16:24.3603393Z  * [new ref]         5352a3e47df5d8576cd20ddfe0e28fcf17673e71 -> origin/master
2025-10-09T19:16:24.3635629Z ##[endgroup]
2025-10-09T19:16:24.3637182Z ##[group]Determining the checkout info
2025-10-09T19:16:24.3639473Z ##[endgroup]
2025-10-09T19:16:24.3644272Z [command]/usr/bin/git sparse-checkout disable
2025-10-09T19:16:24.3689882Z [command]/usr/bin/git config --local --unset-all extensions.worktreeConfig
2025-10-09T19:16:24.3720541Z ##[group]Checking out the ref
2025-10-09T19:16:24.3724944Z [command]/usr/bin/git checkout --progress --force -B master refs/remotes/origin/master
2025-10-09T19:16:24.6372634Z Reset branch 'master'
2025-10-09T19:16:24.6374007Z branch 'master' set up to track 'origin/master'.
2025-10-09T19:16:24.6389659Z ##[endgroup]
2025-10-09T19:16:24.6390842Z ##[group]Setting up auth for fetching submodules
2025-10-09T19:16:24.6395319Z [command]/usr/bin/git config --global http.https://github.com/.extraheader AUTHORIZATION: basic ***
2025-10-09T19:16:24.6432365Z [command]/usr/bin/git config --global --unset-all url.https://github.com/.insteadOf
2025-10-09T19:16:24.6461787Z [command]/usr/bin/git config --global --add url.https://github.com/.insteadOf git@github.com:
2025-10-09T19:16:24.6492489Z [command]/usr/bin/git config --global --add url.https://github.com/.insteadOf org-58132298@github.com:
2025-10-09T19:16:24.6518840Z ##[endgroup]
2025-10-09T19:16:24.6520844Z ##[group]Fetching submodules
2025-10-09T19:16:24.6522522Z [command]/usr/bin/git submodule sync --recursive
2025-10-09T19:16:24.6746232Z [command]/usr/bin/git -c protocol.version=2 submodule update --init --force --depth=1 --recursive
2025-10-09T19:16:24.6970780Z [command]/usr/bin/git submodule foreach --recursive git config --local gc.auto 0
2025-10-09T19:16:24.7198086Z ##[endgroup]
2025-10-09T19:16:24.7200181Z ##[group]Persisting credentials for submodules
2025-10-09T19:16:24.7205275Z [command]/usr/bin/git submodule foreach --recursive sh -c "git config --local --name-only --get-regexp 'url\.https\:\/\/github\.com\/\.insteadOf' && git config --local --unset-all 'url.https://github.com/.insteadOf' || :"
2025-10-09T19:16:24.7426777Z [command]/usr/bin/git submodule foreach --recursive sh -c "git config --local 'http.https://github.com/.extraheader' 'AUTHORIZATION: basic ***' && git config --local --show-origin --name-only --get-regexp remote.origin.url"
2025-10-09T19:16:24.7647820Z [command]/usr/bin/git submodule foreach --recursive git config --local --add 'url.https://github.com/.insteadOf' 'git@github.com:'
2025-10-09T19:16:24.7866470Z [command]/usr/bin/git submodule foreach --recursive git config --local --add 'url.https://github.com/.insteadOf' 'org-58132298@github.com:'
2025-10-09T19:16:24.8083745Z ##[endgroup]
2025-10-09T19:16:24.8119620Z [command]/usr/bin/git log -1 --format=%H
2025-10-09T19:16:24.8142400Z 5352a3e47df5d8576cd20ddfe0e28fcf17673e71
2025-10-09T19:16:24.8425736Z ##[group]Run actions/setup-python@v5
2025-10-09T19:16:24.8426842Z with:
2025-10-09T19:16:24.8427879Z   python-version: 3.11
2025-10-09T19:16:24.8428807Z   check-latest: false
2025-10-09T19:16:24.8429969Z   token: ***
2025-10-09T19:16:24.8430829Z   update-environment: true
2025-10-09T19:16:24.8431864Z   allow-prereleases: false
2025-10-09T19:16:24.8432839Z   freethreaded: false
2025-10-09T19:16:24.8433721Z ##[endgroup]
2025-10-09T19:16:25.0100726Z ##[group]Installed versions
2025-10-09T19:16:25.0616217Z Successfully set up CPython (3.11.13)
2025-10-09T19:16:25.0617589Z ##[endgroup]
2025-10-09T19:16:25.0727908Z ##[group]Run python -m pip install --upgrade pip
2025-10-09T19:16:25.0728406Z [36;1mpython -m pip install --upgrade pip[0m
2025-10-09T19:16:25.0877980Z shell: /usr/bin/bash -e {0}
2025-10-09T19:16:25.0878277Z env:
2025-10-09T19:16:25.0878565Z   pythonLocation: /opt/hostedtoolcache/Python/3.11.13/x64
2025-10-09T19:16:25.0879020Z   PKG_CONFIG_PATH: /opt/hostedtoolcache/Python/3.11.13/x64/lib/pkgconfig
2025-10-09T19:16:25.0879449Z   Python_ROOT_DIR: /opt/hostedtoolcache/Python/3.11.13/x64
2025-10-09T19:16:25.0879828Z   Python2_ROOT_DIR: /opt/hostedtoolcache/Python/3.11.13/x64
2025-10-09T19:16:25.0880211Z   Python3_ROOT_DIR: /opt/hostedtoolcache/Python/3.11.13/x64
2025-10-09T19:16:25.0880623Z   LD_LIBRARY_PATH: /opt/hostedtoolcache/Python/3.11.13/x64/lib
2025-10-09T19:16:25.0880954Z ##[endgroup]
2025-10-09T19:16:28.8373187Z Requirement already satisfied: pip in /opt/hostedtoolcache/Python/3.11.13/x64/lib/python3.11/site-packages (25.2)
2025-10-09T19:16:29.0859599Z ##[group]Run python synthizer-c/vendor.py synthizer-vendored
2025-10-09T19:16:29.0860107Z [36;1mpython synthizer-c/vendor.py synthizer-vendored[0m
2025-10-09T19:16:29.0895141Z shell: /usr/bin/bash -e {0}
2025-10-09T19:16:29.0895366Z env:
2025-10-09T19:16:29.0895610Z   pythonLocation: /opt/hostedtoolcache/Python/3.11.13/x64
2025-10-09T19:16:29.0896011Z   PKG_CONFIG_PATH: /opt/hostedtoolcache/Python/3.11.13/x64/lib/pkgconfig
2025-10-09T19:16:29.0896399Z   Python_ROOT_DIR: /opt/hostedtoolcache/Python/3.11.13/x64
2025-10-09T19:16:29.0896748Z   Python2_ROOT_DIR: /opt/hostedtoolcache/Python/3.11.13/x64
2025-10-09T19:16:29.0897408Z   Python3_ROOT_DIR: /opt/hostedtoolcache/Python/3.11.13/x64
2025-10-09T19:16:29.0897765Z   LD_LIBRARY_PATH: /opt/hostedtoolcache/Python/3.11.13/x64/lib
2025-10-09T19:16:29.0898296Z ##[endgroup]
2025-10-09T19:16:29.3879971Z ##[group]Run python -m pip install build
2025-10-09T19:16:29.3880326Z [36;1mpython -m pip install build[0m
2025-10-09T19:16:29.3918179Z shell: /usr/bin/bash -e {0}
2025-10-09T19:16:29.3918444Z env:
2025-10-09T19:16:29.3918689Z   pythonLocation: /opt/hostedtoolcache/Python/3.11.13/x64
2025-10-09T19:16:29.3919116Z   PKG_CONFIG_PATH: /opt/hostedtoolcache/Python/3.11.13/x64/lib/pkgconfig
2025-10-09T19:16:29.3919537Z   Python_ROOT_DIR: /opt/hostedtoolcache/Python/3.11.13/x64
2025-10-09T19:16:29.3919915Z   Python2_ROOT_DIR: /opt/hostedtoolcache/Python/3.11.13/x64
2025-10-09T19:16:29.3920278Z   Python3_ROOT_DIR: /opt/hostedtoolcache/Python/3.11.13/x64
2025-10-09T19:16:29.3920651Z   LD_LIBRARY_PATH: /opt/hostedtoolcache/Python/3.11.13/x64/lib
2025-10-09T19:16:29.3920947Z ##[endgroup]
2025-10-09T19:16:30.2451209Z Collecting build
2025-10-09T19:16:30.3018527Z   Downloading build-1.3.0-py3-none-any.whl.metadata (5.6 kB)
2025-10-09T19:16:30.3268918Z Collecting packaging>=19.1 (from build)
2025-10-09T19:16:30.3344184Z   Downloading packaging-25.0-py3-none-any.whl.metadata (3.3 kB)
2025-10-09T19:16:30.3490689Z Collecting pyproject_hooks (from build)
2025-10-09T19:16:30.3565910Z   Downloading pyproject_hooks-1.2.0-py3-none-any.whl.metadata (1.3 kB)
2025-10-09T19:16:30.3683868Z Downloading build-1.3.0-py3-none-any.whl (23 kB)
2025-10-09T19:16:30.3808606Z Downloading packaging-25.0-py3-none-any.whl (66 kB)
2025-10-09T19:16:30.3951891Z Downloading pyproject_hooks-1.2.0-py3-none-any.whl (10 kB)
2025-10-09T19:16:30.4161219Z Installing collected packages: pyproject_hooks, packaging, build
2025-10-09T19:16:30.4855384Z 
2025-10-09T19:16:30.4864147Z Successfully installed build-1.3.0 packaging-25.0 pyproject_hooks-1.2.0
2025-10-09T19:16:30.5363403Z ##[group]Run python -m build --sdist
2025-10-09T19:16:30.5363727Z [36;1mpython -m build --sdist[0m
2025-10-09T19:16:30.5396601Z shell: /usr/bin/bash -e {0}
2025-10-09T19:16:30.5396837Z env:
2025-10-09T19:16:30.5397251Z   pythonLocation: /opt/hostedtoolcache/Python/3.11.13/x64
2025-10-09T19:16:30.5397670Z   PKG_CONFIG_PATH: /opt/hostedtoolcache/Python/3.11.13/x64/lib/pkgconfig
2025-10-09T19:16:30.5398056Z   Python_ROOT_DIR: /opt/hostedtoolcache/Python/3.11.13/x64
2025-10-09T19:16:30.5398398Z   Python2_ROOT_DIR: /opt/hostedtoolcache/Python/3.11.13/x64
2025-10-09T19:16:30.5398743Z   Python3_ROOT_DIR: /opt/hostedtoolcache/Python/3.11.13/x64
2025-10-09T19:16:30.5399079Z   LD_LIBRARY_PATH: /opt/hostedtoolcache/Python/3.11.13/x64/lib
2025-10-09T19:16:30.5399370Z ##[endgroup]
2025-10-09T19:16:30.6372354Z * Creating isolated environment: venv+pip...
2025-10-09T19:16:30.6808363Z * Installing packages in isolated environment:
2025-10-09T19:16:33.9764234Z   - Cython
2025-10-09T19:16:33.9764832Z   - cmake
2025-10-09T19:16:33.9765091Z   - ninja
2025-10-09T19:16:33.9765362Z   - scikit-build
2025-10-09T19:16:33.9765676Z   - setuptools
2025-10-09T19:16:33.9765967Z   - wheel
2025-10-09T19:16:33.9766288Z * Getting build dependencies for sdist...
2025-10-09T19:16:34.5315165Z Warning: EFFECTIVE_VCPKG_INSTALLED_DIR_BASE not set or invalid: None
2025-10-09T19:16:34.5315702Z 
2025-10-09T19:16:34.5318032Z 
2025-10-09T19:16:34.5318447Z --------------------------------------------------------------------------------
2025-10-09T19:16:34.5319045Z -- Trying 'Ninja' generator
2025-10-09T19:16:34.5319419Z --------------------------------
2025-10-09T19:16:34.5319944Z ---------------------------
2025-10-09T19:16:34.5320357Z ----------------------
2025-10-09T19:16:34.5320678Z -----------------
2025-10-09T19:16:34.5320967Z ------------
2025-10-09T19:16:34.5321246Z -------
2025-10-09T19:16:34.5321528Z --
2025-10-09T19:16:34.5347334Z CMake Deprecation Warning at CMakeLists.txt:1 (cmake_minimum_required):
2025-10-09T19:16:34.5348272Z   Compatibility with CMake < 3.10 will be removed from a future version of
2025-10-09T19:16:34.5348902Z   CMake.
2025-10-09T19:16:34.5349072Z 
2025-10-09T19:16:34.5349435Z   Update the VERSION argument <min> value.  Or, use the <min>...<max> syntax
2025-10-09T19:16:34.5350592Z   to tell CMake that the project requires at least <min> but has been updated
2025-10-09T19:16:34.5351319Z   to work with policies introduced by <max> or earlier.
2025-10-09T19:16:34.5351693Z 
2025-10-09T19:16:34.5351702Z 
2025-10-09T19:16:34.5351978Z Not searching for unused variables given on the command line.
2025-10-09T19:16:34.6702135Z -- The C compiler identification is GNU 13.3.0
2025-10-09T19:16:34.6805361Z -- Detecting C compiler ABI info
2025-10-09T19:16:34.7402915Z -- Detecting C compiler ABI info - done
2025-10-09T19:16:34.7551520Z -- Check for working C compiler: /usr/bin/cc - skipped
2025-10-09T19:16:34.7555146Z -- Detecting C compile features
2025-10-09T19:16:34.7559945Z -- Detecting C compile features - done
2025-10-09T19:16:35.6451840Z -- The CXX compiler identification is GNU 13.3.0
2025-10-09T19:16:35.6533320Z -- Detecting CXX compiler ABI info
2025-10-09T19:16:35.7271071Z -- Detecting CXX compiler ABI info - done
2025-10-09T19:16:35.7423805Z -- Check for working CXX compiler: /usr/bin/c++ - skipped
2025-10-09T19:16:35.7428130Z -- Detecting CXX compile features
2025-10-09T19:16:35.7436385Z -- Detecting CXX compile features - done
2025-10-09T19:16:35.7512191Z -- Configuring done (1.2s)
2025-10-09T19:16:35.7566877Z -- Generating done (0.0s)
2025-10-09T19:16:35.7570895Z -- Build files have been written to: /home/runner/work/synthizer3d/synthizer3d/_cmake_test_compile/build
2025-10-09T19:16:35.7600916Z --
2025-10-09T19:16:35.7601081Z -------
2025-10-09T19:16:35.7601240Z ------------
2025-10-09T19:16:35.7601401Z -----------------
2025-10-09T19:16:35.7601582Z ----------------------
2025-10-09T19:16:35.7601774Z ---------------------------
2025-10-09T19:16:35.7601980Z --------------------------------
2025-10-09T19:16:35.7602488Z -- Trying 'Ninja' generator - success
2025-10-09T19:16:35.7602806Z --------------------------------------------------------------------------------
2025-10-09T19:16:35.7603043Z 
2025-10-09T19:16:35.7738834Z Configuring Project
2025-10-09T19:16:35.7739103Z   Working directory:
2025-10-09T19:16:35.7739459Z     /home/runner/work/synthizer3d/synthizer3d/_skbuild/linux-x86_64-3.11/cmake-build
2025-10-09T19:16:35.7739840Z   Command:
2025-10-09T19:16:35.7747612Z     /tmp/build-env-grfw6gt8/lib/python3.11/site-packages/cmake/data/bin/cmake /home/runner/work/synthizer3d/synthizer3d/synthizer-vendored -G Ninja -DCMAKE_MAKE_PROGRAM:FILEPATH=/tmp/build-env-grfw6gt8/bin/ninja --no-warn-unused-cli -DCMAKE_INSTALL_PREFIX:PATH=/home/runner/work/synthizer3d/synthizer3d/_skbuild/linux-x86_64-3.11/cmake-install -DPYTHON_VERSION_STRING:STRING=3.11.13 -DSKBUILD:INTERNAL=TRUE -DCMAKE_MODULE_PATH:PATH=/tmp/build-env-grfw6gt8/lib/python3.11/site-packages/skbuild/resources/cmake -DPYTHON_EXECUTABLE:PATH=/tmp/build-env-grfw6gt8/bin/python -DPYTHON_INCLUDE_DIR:PATH=/opt/hostedtoolcache/Python/3.11.13/x64/include/python3.11 -DPYTHON_LIBRARY:PATH=/opt/hostedtoolcache/Python/3.11.13/x64/lib/libpython3.11.so -DPython_EXECUTABLE:PATH=/tmp/build-env-grfw6gt8/bin/python -DPython_ROOT_DIR:PATH=/tmp/build-env-grfw6gt8 -DPython_FIND_REGISTRY:STRING=NEVER -DPython_INCLUDE_DIR:PATH=/opt/hostedtoolcache/Python/3.11.13/x64/include/python3.11 -DPython3_EXECUTABLE:PATH=/tmp/build-env-grfw6gt8/bin/python -DPython3_ROOT_DIR:PATH=/tmp/build-env-grfw6gt8 -DPython3_FIND_REGISTRY:STRING=NEVER -DPython3_INCLUDE_DIR:PATH=/opt/hostedtoolcache/Python/3.11.13/x64/include/python3.11 -DCMAKE_MAKE_PROGRAM:FILEPATH=/tmp/build-env-grfw6gt8/bin/ninja -DCMAKE_BUILD_TYPE=Release -DCMAKE_MSVC_RUNTIME_LIBRARY=MultiThreadedDLL -DSYZ_STATIC_RUNTIME=OFF -DCMAKE_POSITION_INDEPENDENT_CODE=TRUE -DSYZ_INTEGRATING=ON
2025-10-09T19:16:35.7752556Z 
2025-10-09T19:16:35.8196478Z Not searching for unused variables given on the command line.
2025-10-09T19:16:35.8197355Z -- The C compiler identification is GNU 13.3.0
2025-10-09T19:16:35.8798282Z -- The CXX compiler identification is GNU 13.3.0
2025-10-09T19:16:35.8881734Z -- Detecting C compiler ABI info
2025-10-09T19:16:35.9335506Z -- Detecting C compiler ABI info - done
2025-10-09T19:16:35.9486917Z -- Check for working C compiler: /usr/bin/cc - skipped
2025-10-09T19:16:35.9490349Z -- Detecting C compile features
2025-10-09T19:16:35.9494675Z -- Detecting C compile features - done
2025-10-09T19:16:35.9625850Z -- Detecting CXX compiler ABI info
2025-10-09T19:16:36.0167401Z -- Detecting CXX compiler ABI info - done
2025-10-09T19:16:36.0321362Z -- Check for working CXX compiler: /usr/bin/c++ - skipped
2025-10-09T19:16:36.0325142Z -- Detecting CXX compile features
2025-10-09T19:16:36.0333230Z -- Detecting CXX compile features - done
2025-10-09T19:16:36.0535259Z -- Performing Test CMAKE_HAVE_LIBC_PTHREAD
2025-10-09T19:16:36.1817953Z -- Performing Test CMAKE_HAVE_LIBC_PTHREAD - Success
2025-10-09T19:16:36.1827207Z -- Found Threads: TRUE
2025-10-09T19:16:36.1932712Z CMake Error at CMakeLists.txt:27 (find_package):
2025-10-09T19:16:36.1933360Z   By not providing "FindVorbis.cmake" in CMAKE_MODULE_PATH this project has
2025-10-09T19:16:36.1934089Z   asked CMake to find a package configuration file provided by "Vorbis", but
2025-10-09T19:16:36.1934622Z   CMake did not find one.
2025-10-09T19:16:36.1934819Z 
2025-10-09T19:16:36.1935095Z   Could not find a package configuration file provided by "Vorbis" with any
2025-10-09T19:16:36.1935623Z   of the following names:
2025-10-09T19:16:36.1935815Z 
2025-10-09T19:16:36.1935949Z     VorbisConfig.cmake
2025-10-09T19:16:36.1936292Z     vorbis-config.cmake
2025-10-09T19:16:36.1936439Z 
2025-10-09T19:16:36.1936621Z   Add the installation prefix of "Vorbis" to CMAKE_PREFIX_PATH or set
2025-10-09T19:16:36.1937282Z   "Vorbis_DIR" to a directory containing one of the above files.  If "Vorbis"
2025-10-09T19:16:36.1937734Z   provides a separate development package or SDK, be sure it has been
2025-10-09T19:16:36.1938309Z   installed.
2025-10-09T19:16:36.1938429Z 
2025-10-09T19:16:36.1938442Z 
2025-10-09T19:16:36.1938881Z -- Configuring incomplete, errors occurred!
2025-10-09T19:16:36.1994022Z Traceback (most recent call last):
2025-10-09T19:16:36.2003188Z   File "/opt/hostedtoolcache/Python/3.11.13/x64/lib/python3.11/site-packages/pyproject_hooks/_in_process/_in_process.py", line 389, in <module>
2025-10-09T19:16:36.2004332Z     main()
2025-10-09T19:16:36.2005336Z   File "/opt/hostedtoolcache/Python/3.11.13/x64/lib/python3.11/site-packages/pyproject_hooks/_in_process/_in_process.py", line 373, in main
2025-10-09T19:16:36.2006494Z     json_out["return_val"] = hook(**hook_input["kwargs"])
2025-10-09T19:16:36.2007229Z                              ^^^^^^^^^^^^^^^^^^^^^^^^^^^^
2025-10-09T19:16:36.2008472Z   File "/opt/hostedtoolcache/Python/3.11.13/x64/lib/python3.11/site-packages/pyproject_hooks/_in_process/_in_process.py", line 317, in get_requires_for_build_sdist
2025-10-09T19:16:36.2009623Z     return hook(config_settings)
2025-10-09T19:16:36.2009977Z            ^^^^^^^^^^^^^^^^^^^^^
2025-10-09T19:16:36.2010882Z   File "/tmp/build-env-grfw6gt8/lib/python3.11/site-packages/setuptools/build_meta.py", line 334, in get_requires_for_build_sdist
2025-10-09T19:16:36.2011861Z     return self._get_build_requires(config_settings, requirements=[])
2025-10-09T19:16:36.2012348Z            ^^^^^^^^^^^^^^^^^^^^^^^^^^^^^^^^^^^^^^^^^^^^^^^^^^^^^^^^^^
2025-10-09T19:16:36.2013208Z   File "/tmp/build-env-grfw6gt8/lib/python3.11/site-packages/setuptools/build_meta.py", line 301, in _get_build_requires
2025-10-09T19:16:36.2013980Z     self.run_setup()
2025-10-09T19:16:36.2014724Z   File "/tmp/build-env-grfw6gt8/lib/python3.11/site-packages/setuptools/build_meta.py", line 512, in run_setup
2025-10-09T19:16:36.2015500Z     super().run_setup(setup_script=setup_script)
2025-10-09T19:16:36.2016261Z   File "/tmp/build-env-grfw6gt8/lib/python3.11/site-packages/setuptools/build_meta.py", line 317, in run_setup
2025-10-09T19:16:36.2017126Z     exec(code, locals())
2025-10-09T19:16:36.2017494Z   File "<string>", line 77, in <module>
2025-10-09T19:16:36.2018229Z   File "/tmp/build-env-grfw6gt8/lib/python3.11/site-packages/skbuild/cmaker.py", line 354, in configure
2025-10-09T19:16:36.2019200Z     raise SKBuildError(msg)
2025-10-09T19:16:36.2019733Z skbuild.exceptions.SKBuildError: An error occurred while configuring with CMake.
2025-10-09T19:16:36.2020273Z   Command:
2025-10-09T19:16:36.2028033Z     /tmp/build-env-grfw6gt8/lib/python3.11/site-packages/cmake/data/bin/cmake /home/runner/work/synthizer3d/synthizer3d/synthizer-vendored -G Ninja -DCMAKE_MAKE_PROGRAM:FILEPATH=/tmp/build-env-grfw6gt8/bin/ninja --no-warn-unused-cli -DCMAKE_INSTALL_PREFIX:PATH=/home/runner/work/synthizer3d/synthizer3d/_skbuild/linux-x86_64-3.11/cmake-install -DPYTHON_VERSION_STRING:STRING=3.11.13 -DSKBUILD:INTERNAL=TRUE -DCMAKE_MODULE_PATH:PATH=/tmp/build-env-grfw6gt8/lib/python3.11/site-packages/skbuild/resources/cmake -DPYTHON_EXECUTABLE:PATH=/tmp/build-env-grfw6gt8/bin/python -DPYTHON_INCLUDE_DIR:PATH=/opt/hostedtoolcache/Python/3.11.13/x64/include/python3.11 -DPYTHON_LIBRARY:PATH=/opt/hostedtoolcache/Python/3.11.13/x64/lib/libpython3.11.so -DPython_EXECUTABLE:PATH=/tmp/build-env-grfw6gt8/bin/python -DPython_ROOT_DIR:PATH=/tmp/build-env-grfw6gt8 -DPython_FIND_REGISTRY:STRING=NEVER -DPython_INCLUDE_DIR:PATH=/opt/hostedtoolcache/Python/3.11.13/x64/include/python3.11 -DPython3_EXECUTABLE:PATH=/tmp/build-env-grfw6gt8/bin/python -DPython3_ROOT_DIR:PATH=/tmp/build-env-grfw6gt8 -DPython3_FIND_REGISTRY:STRING=NEVER -DPython3_INCLUDE_DIR:PATH=/opt/hostedtoolcache/Python/3.11.13/x64/include/python3.11 -DCMAKE_MAKE_PROGRAM:FILEPATH=/tmp/build-env-grfw6gt8/bin/ninja -DCMAKE_BUILD_TYPE=Release -DCMAKE_MSVC_RUNTIME_LIBRARY=MultiThreadedDLL -DSYZ_STATIC_RUNTIME=OFF -DCMAKE_POSITION_INDEPENDENT_CODE=TRUE -DSYZ_INTEGRATING=ON
2025-10-09T19:16:36.2035241Z   Source directory:
2025-10-09T19:16:36.2035634Z     /home/runner/work/synthizer3d/synthizer3d/synthizer-vendored
2025-10-09T19:16:36.2036290Z   Working directory:
2025-10-09T19:16:36.2036793Z     /home/runner/work/synthizer3d/synthizer3d/_skbuild/linux-x86_64-3.11/cmake-build
2025-10-09T19:16:36.2037545Z Please see CMake's output for more information.
2025-10-09T19:16:36.2037842Z 
2025-10-09T19:16:36.3545909Z 
2025-10-09T19:16:36.3546489Z ERROR Backend subprocess exited when trying to invoke get_requires_for_build_sdist
2025-10-09T19:16:36.3689893Z ##[error]Process completed with exit code 1.
2025-10-09T19:16:36.3789409Z Post job cleanup.
2025-10-09T19:16:36.4733571Z [command]/usr/bin/git version
2025-10-09T19:16:36.4769206Z git version 2.51.0
2025-10-09T19:16:36.4813830Z Temporarily overriding HOME='/home/runner/work/_temp/ae779488-6d74-428a-8d63-ce40de44b24b' before making global git config changes
2025-10-09T19:16:36.4815095Z Adding repository directory to the temporary git global config as a safe directory
2025-10-09T19:16:36.4820529Z [command]/usr/bin/git config --global --add safe.directory /home/runner/work/synthizer3d/synthizer3d
2025-10-09T19:16:36.4860516Z [command]/usr/bin/git config --local --name-only --get-regexp core\.sshCommand
2025-10-09T19:16:36.4892811Z [command]/usr/bin/git submodule foreach --recursive sh -c "git config --local --name-only --get-regexp 'core\.sshCommand' && git config --local --unset-all 'core.sshCommand' || :"
2025-10-09T19:16:36.5140247Z [command]/usr/bin/git config --local --name-only --get-regexp http\.https\:\/\/github\.com\/\.extraheader
2025-10-09T19:16:36.5165264Z http.https://github.com/.extraheader
2025-10-09T19:16:36.5182488Z [command]/usr/bin/git config --local --unset-all http.https://github.com/.extraheader
2025-10-09T19:16:36.5218495Z [command]/usr/bin/git submodule foreach --recursive sh -c "git config --local --name-only --get-regexp 'http\.https\:\/\/github\.com\/\.extraheader' && git config --local --unset-all 'http.https://github.com/.extraheader' || :"
2025-10-09T19:16:36.5576738Z Cleaning up orphan processes