2025-06-25T00:35:25.5692800Z Current runner version: '2.325.0'
2025-06-25T00:35:25.5716041Z ##[group]Runner Image Provisioner
2025-06-25T00:35:25.5716960Z Hosted Compute Agent
2025-06-25T00:35:25.5717487Z Version: 20250620.352
2025-06-25T00:35:25.5718072Z Commit: f262f3aba23b10ea191b2a62bdee1ca4c3d344da
2025-06-25T00:35:25.5719243Z Build Date: 2025-06-20T19:27:17Z
2025-06-25T00:35:25.5719866Z ##[endgroup]
2025-06-25T00:35:25.5720367Z ##[group]Operating System
2025-06-25T00:35:25.5721005Z Ubuntu
2025-06-25T00:35:25.5721459Z 24.04.2
2025-06-25T00:35:25.5721968Z LTS
2025-06-25T00:35:25.5722516Z ##[endgroup]
2025-06-25T00:35:25.5722993Z ##[group]Runner Image
2025-06-25T00:35:25.5723556Z Image: ubuntu-24.04
2025-06-25T00:35:25.5724068Z Version: 20250602.3.0
2025-06-25T00:35:25.5725396Z Included Software: https://github.com/actions/runner-images/blob/ubuntu24/20250602.3/images/ubuntu/Ubuntu2404-Readme.md
2025-06-25T00:35:25.5727106Z Image Release: https://github.com/actions/runner-images/releases/tag/ubuntu24%2F20250602.3
2025-06-25T00:35:25.5728076Z ##[endgroup]
2025-06-25T00:35:25.5730568Z ##[group]GITHUB_TOKEN Permissions
2025-06-25T00:35:25.5732758Z Actions: write
2025-06-25T00:35:25.5733308Z Attestations: write
2025-06-25T00:35:25.5733920Z Checks: write
2025-06-25T00:35:25.5734391Z Contents: write
2025-06-25T00:35:25.5734902Z Deployments: write
2025-06-25T00:35:25.5735760Z Discussions: write
2025-06-25T00:35:25.5736345Z Issues: write
2025-06-25T00:35:25.5736809Z Metadata: read
2025-06-25T00:35:25.5737342Z Models: read
2025-06-25T00:35:25.5737882Z Packages: write
2025-06-25T00:35:25.5738361Z Pages: write
2025-06-25T00:35:25.5738915Z PullRequests: write
2025-06-25T00:35:25.5739464Z RepositoryProjects: write
2025-06-25T00:35:25.5740038Z SecurityEvents: write
2025-06-25T00:35:25.5740750Z Statuses: write
2025-06-25T00:35:25.5741232Z ##[endgroup]
2025-06-25T00:35:25.5743266Z Secret source: Actions
2025-06-25T00:35:25.5744014Z Prepare workflow directory
2025-06-25T00:35:25.6316646Z Prepare all required actions
2025-06-25T00:35:25.6354441Z Getting action download info
2025-06-25T00:35:26.0589990Z ##[group]Download immutable action package 'actions/checkout@v4'
2025-06-25T00:35:26.0591096Z Version: 4.2.2
2025-06-25T00:35:26.0592198Z Digest: sha256:ccb2698953eaebd21c7bf6268a94f9c26518a7e38e27e0b83c1fe1ad049819b1
2025-06-25T00:35:26.0593537Z Source commit SHA: 11bd71901bbe5b1630ceea73d27597364c9af683
2025-06-25T00:35:26.0594308Z ##[endgroup]
2025-06-25T00:35:26.1418110Z ##[group]Download immutable action package 'actions/cache@v4'
2025-06-25T00:35:26.1418929Z Version: 4.2.3
2025-06-25T00:35:26.1419777Z Digest: sha256:c8a3bb963e1f1826d8fcc8d1354f0dd29d8ac1db1d4f6f20247055ae11b81ed9
2025-06-25T00:35:26.1420823Z Source commit SHA: 5a3ec84eff668545956fd18022155c47e93e2684
2025-06-25T00:35:26.1421612Z ##[endgroup]
2025-06-25T00:35:26.2485655Z Download action repository 'lukka/run-vcpkg@v11' (SHA:7d259227a1fb6471a0253dd5ab7419835228f7d7)
2025-06-25T00:35:26.5620403Z ##[group]Download immutable action package 'actions/upload-artifact@v4'
2025-06-25T00:35:26.5621435Z Version: 4.6.2
2025-06-25T00:35:26.5622260Z Digest: sha256:290722aa3281d5caf23d0acdc3dbeb3424786a1a01a9cc97e72f147225e37c38
2025-06-25T00:35:26.5623301Z Source commit SHA: ea165f8d65b6e75b540449e92b4886f43607fa02
2025-06-25T00:35:26.5624125Z ##[endgroup]
2025-06-25T00:35:26.7665917Z Complete job name: Build Linux (x86_64) Python 3.10
2025-06-25T00:35:26.8140207Z ##[group]Checking docker version
2025-06-25T00:35:26.8153436Z ##[command]/usr/bin/docker version --format '{{.Server.APIVersion}}'
2025-06-25T00:35:26.9010935Z '1.48'
2025-06-25T00:35:26.9022137Z Docker daemon API version: '1.48'
2025-06-25T00:35:26.9023511Z ##[command]/usr/bin/docker version --format '{{.Client.APIVersion}}'
2025-06-25T00:35:26.9211728Z '1.48'
2025-06-25T00:35:26.9235433Z Docker client API version: '1.48'
2025-06-25T00:35:26.9241225Z ##[endgroup]
2025-06-25T00:35:26.9245267Z ##[group]Clean up resources from previous jobs
2025-06-25T00:35:26.9251109Z ##[command]/usr/bin/docker ps --all --quiet --no-trunc --filter "label=da79a7"
2025-06-25T00:35:26.9449658Z ##[command]/usr/bin/docker network prune --force --filter "label=da79a7"
2025-06-25T00:35:26.9616374Z ##[endgroup]
2025-06-25T00:35:26.9616932Z ##[group]Create local container network
2025-06-25T00:35:26.9627425Z ##[command]/usr/bin/docker network create --label da79a7 github_network_6fa0ff0da3114b52affab6963fe0df9a
2025-06-25T00:35:27.0257274Z a2a5b2223abb2a809ea2f30ca434718395f44ebe0c7d6d1a048050c474cd1cf1
2025-06-25T00:35:27.0279606Z ##[endgroup]
2025-06-25T00:35:27.0310208Z ##[group]Starting job container
2025-06-25T00:35:27.0336398Z ##[command]/usr/bin/docker pull quay.io/pypa/manylinux_2_28_x86_64
2025-06-25T00:35:27.0482357Z Using default tag: latest
2025-06-25T00:35:27.3523586Z latest: Pulling from pypa/manylinux_2_28_x86_64
2025-06-25T00:35:27.3561454Z 1609df1ab4d8: Pulling fs layer
2025-06-25T00:35:27.3562727Z 07277fe42816: Pulling fs layer
2025-06-25T00:35:27.3563927Z 3e71ff1da8ba: Pulling fs layer
2025-06-25T00:35:27.3565418Z e9a89bd7d45e: Pulling fs layer
2025-06-25T00:35:27.3566919Z 3dac7dfb7d2c: Pulling fs layer
2025-06-25T00:35:27.3568142Z 63ca810b93e1: Pulling fs layer
2025-06-25T00:35:27.3569126Z ec2f2dcf031c: Pulling fs layer
2025-06-25T00:35:27.3570094Z 891e8728a965: Pulling fs layer
2025-06-25T00:35:27.3571086Z 8daa6cd1f516: Pulling fs layer
2025-06-25T00:35:27.3571974Z a367f8476dea: Pulling fs layer
2025-06-25T00:35:27.3572817Z 0687e6c25f32: Pulling fs layer
2025-06-25T00:35:27.3573649Z e4ee168ece01: Pulling fs layer
2025-06-25T00:35:27.3574506Z 059fa8db8343: Pulling fs layer
2025-06-25T00:35:27.3575533Z 45b3a7323b63: Pulling fs layer
2025-06-25T00:35:27.3576434Z 51f2a9252993: Pulling fs layer
2025-06-25T00:35:27.3577317Z 4f4fb700ef54: Pulling fs layer
2025-06-25T00:35:27.3578250Z 44a7d70d0172: Pulling fs layer
2025-06-25T00:35:27.3579190Z 1e79ecd82ceb: Pulling fs layer
2025-06-25T00:35:27.3580124Z b3c5e8ab0974: Pulling fs layer
2025-06-25T00:35:27.3581046Z 929bd3643518: Pulling fs layer
2025-06-25T00:35:27.3581995Z 894bb7e47db6: Pulling fs layer
2025-06-25T00:35:27.3582969Z b9a087c621b3: Pulling fs layer
2025-06-25T00:35:27.3583876Z e9a89bd7d45e: Waiting
2025-06-25T00:35:27.3584721Z 3dac7dfb7d2c: Waiting
2025-06-25T00:35:27.3585740Z 63ca810b93e1: Waiting
2025-06-25T00:35:27.3586876Z ec2f2dcf031c: Waiting
2025-06-25T00:35:27.3588019Z 891e8728a965: Waiting
2025-06-25T00:35:27.3589182Z 8daa6cd1f516: Waiting
2025-06-25T00:35:27.3590378Z a367f8476dea: Waiting
2025-06-25T00:35:27.3592016Z 0687e6c25f32: Waiting
2025-06-25T00:35:27.3593631Z e4ee168ece01: Waiting
2025-06-25T00:35:27.3595567Z 059fa8db8343: Waiting
2025-06-25T00:35:27.3596849Z 45b3a7323b63: Waiting
2025-06-25T00:35:27.3598023Z 51f2a9252993: Waiting
2025-06-25T00:35:27.3599208Z 4f4fb700ef54: Waiting
2025-06-25T00:35:27.3600371Z b9a087c621b3: Waiting
2025-06-25T00:35:27.3601540Z 44a7d70d0172: Waiting
2025-06-25T00:35:27.3602831Z 929bd3643518: Waiting
2025-06-25T00:35:27.3604368Z 1e79ecd82ceb: Waiting
2025-06-25T00:35:27.3606082Z b3c5e8ab0974: Waiting
2025-06-25T00:35:27.4049306Z 3e71ff1da8ba: Verifying Checksum
2025-06-25T00:35:27.4051685Z 3e71ff1da8ba: Download complete
2025-06-25T00:35:27.4092611Z 07277fe42816: Verifying Checksum
2025-06-25T00:35:27.4094661Z 07277fe42816: Download complete
2025-06-25T00:35:27.4521010Z 3dac7dfb7d2c: Verifying Checksum
2025-06-25T00:35:27.4542294Z 3dac7dfb7d2c: Download complete
2025-06-25T00:35:27.4547379Z e9a89bd7d45e: Verifying Checksum
2025-06-25T00:35:27.4549838Z e9a89bd7d45e: Download complete
2025-06-25T00:35:27.4982804Z 63ca810b93e1: Verifying Checksum
2025-06-25T00:35:27.4986073Z 63ca810b93e1: Download complete
2025-06-25T00:35:27.5548544Z 891e8728a965: Verifying Checksum
2025-06-25T00:35:27.5550376Z 891e8728a965: Download complete
2025-06-25T00:35:27.6122522Z 8daa6cd1f516: Verifying Checksum
2025-06-25T00:35:27.6132531Z 8daa6cd1f516: Download complete
2025-06-25T00:35:27.6717104Z a367f8476dea: Verifying Checksum
2025-06-25T00:35:27.6722445Z a367f8476dea: Download complete
2025-06-25T00:35:27.6725231Z 1609df1ab4d8: Verifying Checksum
2025-06-25T00:35:27.6727727Z 1609df1ab4d8: Download complete
2025-06-25T00:35:27.7282762Z 0687e6c25f32: Verifying Checksum
2025-06-25T00:35:27.7284998Z 0687e6c25f32: Download complete
2025-06-25T00:35:27.7302399Z e4ee168ece01: Verifying Checksum
2025-06-25T00:35:27.7304719Z e4ee168ece01: Download complete
2025-06-25T00:35:27.7741901Z 059fa8db8343: Verifying Checksum
2025-06-25T00:35:27.7744117Z 059fa8db8343: Download complete
2025-06-25T00:35:27.7816570Z 45b3a7323b63: Verifying Checksum
2025-06-25T00:35:27.7818568Z 45b3a7323b63: Download complete
2025-06-25T00:35:27.8201936Z 51f2a9252993: Verifying Checksum
2025-06-25T00:35:27.8204254Z 51f2a9252993: Download complete
2025-06-25T00:35:27.8288943Z 4f4fb700ef54: Verifying Checksum
2025-06-25T00:35:27.8290950Z 4f4fb700ef54: Download complete
2025-06-25T00:35:27.8678872Z 44a7d70d0172: Download complete
2025-06-25T00:35:27.9072378Z 1e79ecd82ceb: Verifying Checksum
2025-06-25T00:35:27.9074662Z 1e79ecd82ceb: Download complete
2025-06-25T00:35:27.9591255Z 929bd3643518: Download complete
2025-06-25T00:35:27.9902510Z b3c5e8ab0974: Verifying Checksum
2025-06-25T00:35:27.9912046Z b3c5e8ab0974: Download complete
2025-06-25T00:35:28.0370055Z b9a087c621b3: Verifying Checksum
2025-06-25T00:35:28.0372058Z b9a087c621b3: Download complete
2025-06-25T00:35:28.5148398Z ec2f2dcf031c: Verifying Checksum
2025-06-25T00:35:28.5151329Z ec2f2dcf031c: Download complete
2025-06-25T00:35:28.9841062Z 894bb7e47db6: Verifying Checksum
2025-06-25T00:35:28.9846887Z 894bb7e47db6: Download complete
2025-06-25T00:35:30.9804386Z 1609df1ab4d8: Pull complete
2025-06-25T00:35:32.3805964Z 07277fe42816: Pull complete
2025-06-25T00:35:32.3905312Z 3e71ff1da8ba: Pull complete
2025-06-25T00:35:32.4008927Z e9a89bd7d45e: Pull complete
2025-06-25T00:35:32.4161241Z 3dac7dfb7d2c: Pull complete
2025-06-25T00:35:32.4244664Z 63ca810b93e1: Pull complete
2025-06-25T00:35:39.2762827Z ec2f2dcf031c: Pull complete
2025-06-25T00:35:39.2865241Z 891e8728a965: Pull complete
2025-06-25T00:35:39.2954325Z 8daa6cd1f516: Pull complete
2025-06-25T00:35:39.3406410Z a367f8476dea: Pull complete
2025-06-25T00:35:39.3487638Z 0687e6c25f32: Pull complete
2025-06-25T00:35:39.3995261Z e4ee168ece01: Pull complete
2025-06-25T00:35:39.4076305Z 059fa8db8343: Pull complete
2025-06-25T00:35:39.4486352Z 45b3a7323b63: Pull complete
2025-06-25T00:35:39.4567077Z 51f2a9252993: Pull complete
2025-06-25T00:35:39.4637401Z 4f4fb700ef54: Pull complete
2025-06-25T00:35:39.4822588Z 44a7d70d0172: Pull complete
2025-06-25T00:35:39.5093807Z 1e79ecd82ceb: Pull complete
2025-06-25T00:35:39.6975507Z b3c5e8ab0974: Pull complete
2025-06-25T00:35:39.7138671Z 929bd3643518: Pull complete
2025-06-25T00:35:53.0783307Z 894bb7e47db6: Pull complete
2025-06-25T00:35:53.0951536Z b9a087c621b3: Pull complete
2025-06-25T00:35:53.0990900Z Digest: sha256:afceced13f5f580c67c3297f197240aa8c7c942dff2426a56d246382d62888c6
2025-06-25T00:35:53.1002210Z Status: Downloaded newer image for quay.io/pypa/manylinux_2_28_x86_64:latest
2025-06-25T00:35:53.1015387Z quay.io/pypa/manylinux_2_28_x86_64:latest
2025-06-25T00:35:53.1096275Z ##[command]/usr/bin/docker create --name f80d2180b11942d2879c088d6a40cc1d_quayiopypamanylinux_2_28_x86_64_566bdf --label da79a7 --workdir /__w/synthizer3d/synthizer3d --network github_network_6fa0ff0da3114b52affab6963fe0df9a --user root -e "HOME=/github/home" -e GITHUB_ACTIONS=true -e CI=true -v "/var/run/docker.sock":"/var/run/docker.sock" -v "/home/runner/work":"/__w" -v "/home/runner/actions-runner/cached/externals":"/__e":ro -v "/home/runner/work/_temp":"/__w/_temp" -v "/home/runner/work/_actions":"/__w/_actions" -v "/opt/hostedtoolcache":"/__t" -v "/home/runner/work/_temp/_github_home":"/github/home" -v "/home/runner/work/_temp/_github_workflow":"/github/workflow" --entrypoint "tail" quay.io/pypa/manylinux_2_28_x86_64 "-f" "/dev/null"
2025-06-25T00:35:53.1364208Z 2eb089b9df5b1af93af10558807c5a9c423badea36837d1adc5f282d9c11042d
2025-06-25T00:35:53.1386546Z ##[command]/usr/bin/docker start 2eb089b9df5b1af93af10558807c5a9c423badea36837d1adc5f282d9c11042d
2025-06-25T00:35:53.2948882Z 2eb089b9df5b1af93af10558807c5a9c423badea36837d1adc5f282d9c11042d
2025-06-25T00:35:53.2971160Z ##[command]/usr/bin/docker ps --all --filter id=2eb089b9df5b1af93af10558807c5a9c423badea36837d1adc5f282d9c11042d --filter status=running --no-trunc --format "{{.ID}} {{.Status}}"
2025-06-25T00:35:53.3087270Z 2eb089b9df5b1af93af10558807c5a9c423badea36837d1adc5f282d9c11042d Up Less than a second
2025-06-25T00:35:53.3104428Z ##[command]/usr/bin/docker inspect --format "{{range .Config.Env}}{{println .}}{{end}}" 2eb089b9df5b1af93af10558807c5a9c423badea36837d1adc5f282d9c11042d
2025-06-25T00:35:53.3326241Z HOME=/github/home
2025-06-25T00:35:53.3326690Z GITHUB_ACTIONS=true
2025-06-25T00:35:53.3327188Z CI=true
2025-06-25T00:35:53.3328048Z PATH=/opt/rh/gcc-toolset-14/root/usr/bin:/usr/local/sbin:/usr/local/bin:/usr/sbin:/usr/bin:/sbin:/bin
2025-06-25T00:35:53.3329112Z LANG=en_US.UTF-8
2025-06-25T00:35:53.3329575Z AUDITWHEEL_POLICY=manylinux_2_28
2025-06-25T00:35:53.3330113Z AUDITWHEEL_ARCH=x86_64
2025-06-25T00:35:53.3330606Z AUDITWHEEL_PLAT=manylinux_2_28_x86_64
2025-06-25T00:35:53.3331175Z LC_ALL=en_US.UTF-8
2025-06-25T00:35:53.3331598Z LANGUAGE=en_US.UTF-8
2025-06-25T00:35:53.3332122Z DEVTOOLSET_ROOTPATH=/opt/rh/gcc-toolset-14/root
2025-06-25T00:35:53.3333913Z LD_LIBRARY_PATH=/opt/rh/gcc-toolset-14/root/usr/lib64:/opt/rh/gcc-toolset-14/root/usr/lib:/opt/rh/gcc-toolset-14/root/usr/lib64/dyninst:/opt/rh/gcc-toolset-14/root/usr/lib/dyninst
2025-06-25T00:35:53.3335847Z PKG_CONFIG_PATH=/usr/local/lib/pkgconfig
2025-06-25T00:35:53.3336384Z SSL_CERT_FILE=/opt/_internal/certs.pem
2025-06-25T00:35:53.3349987Z ##[endgroup]
2025-06-25T00:35:53.3359006Z ##[group]Waiting for all services to be ready
2025-06-25T00:35:53.3360470Z ##[endgroup]
2025-06-25T00:35:53.3587759Z ##[group]Run actions/checkout@v4
2025-06-25T00:35:53.3588293Z with:
2025-06-25T00:35:53.3588484Z   submodules: recursive
2025-06-25T00:35:53.3588698Z   repository: Ambro86/synthizer3d
2025-06-25T00:35:53.3589077Z   token: ***
2025-06-25T00:35:53.3589258Z   ssh-strict: true
2025-06-25T00:35:53.3589430Z   ssh-user: git
2025-06-25T00:35:53.3589637Z   persist-credentials: true
2025-06-25T00:35:53.3589846Z   clean: true
2025-06-25T00:35:53.3590041Z   sparse-checkout-cone-mode: true
2025-06-25T00:35:53.3590261Z   fetch-depth: 1
2025-06-25T00:35:53.3590435Z   fetch-tags: false
2025-06-25T00:35:53.3590611Z   show-progress: true
2025-06-25T00:35:53.3590801Z   lfs: false
2025-06-25T00:35:53.3590968Z   set-safe-directory: true
2025-06-25T00:35:53.3591435Z env:
2025-06-25T00:35:53.3591603Z   CI_ARCH: x86_64
2025-06-25T00:35:53.3591794Z   MANYLINUX_VERSION: manylinux_2_28
2025-06-25T00:35:53.3592024Z   PYVERSION: 3.10
2025-06-25T00:35:53.3592212Z   VCPKG_DEFAULT_TRIPLET: x64-linux
2025-06-25T00:35:53.3592656Z   EFFECTIVE_VCPKG_INSTALLED_DIR_BASE: /home/runner/work/synthizer3d/synthizer3d/vcpkg_installed
2025-06-25T00:35:53.3593060Z ##[endgroup]
2025-06-25T00:35:53.3648482Z ##[command]/usr/bin/docker exec  2eb089b9df5b1af93af10558807c5a9c423badea36837d1adc5f282d9c11042d sh -c "cat /etc/*release | grep ^ID"
2025-06-25T00:35:53.5788088Z Syncing repository: Ambro86/synthizer3d
2025-06-25T00:35:53.5789968Z ##[group]Getting Git version info
2025-06-25T00:35:53.5790566Z Working directory is '/__w/synthizer3d/synthizer3d'
2025-06-25T00:35:53.5791446Z [command]/usr/local/bin/git version
2025-06-25T00:35:53.5791891Z git version 2.49.0
2025-06-25T00:35:53.5808774Z ##[endgroup]
2025-06-25T00:35:53.5824816Z Temporarily overriding HOME='/__w/_temp/1190e1bc-c1c7-4c83-b46c-b1a0a900f18d' before making global git config changes
2025-06-25T00:35:53.5826948Z Adding repository directory to the temporary git global config as a safe directory
2025-06-25T00:35:53.5831919Z [command]/usr/local/bin/git config --global --add safe.directory /__w/synthizer3d/synthizer3d
2025-06-25T00:35:53.5864050Z Deleting the contents of '/__w/synthizer3d/synthizer3d'
2025-06-25T00:35:53.5874139Z ##[group]Initializing the repository
2025-06-25T00:35:53.5878433Z [command]/usr/local/bin/git init /__w/synthizer3d/synthizer3d
2025-06-25T00:35:53.5919768Z hint: Using 'master' as the name for the initial branch. This default branch name
2025-06-25T00:35:53.5921390Z hint: is subject to change. To configure the initial branch name to use in all
2025-06-25T00:35:53.5922263Z hint: of your new repositories, which will suppress this warning, call:
2025-06-25T00:35:53.5922883Z hint:
2025-06-25T00:35:53.5923326Z hint: 	git config --global init.defaultBranch <name>
2025-06-25T00:35:53.5923866Z hint:
2025-06-25T00:35:53.5924370Z hint: Names commonly chosen instead of 'master' are 'main', 'trunk' and
2025-06-25T00:35:53.5925427Z hint: 'development'. The just-created branch can be renamed via this command:
2025-06-25T00:35:53.5926112Z hint:
2025-06-25T00:35:53.5926478Z hint: 	git branch -m <name>
2025-06-25T00:35:53.5927135Z Initialized empty Git repository in /__w/synthizer3d/synthizer3d/.git/
2025-06-25T00:35:53.5933574Z [command]/usr/local/bin/git remote add origin https://github.com/Ambro86/synthizer3d
2025-06-25T00:35:53.5965463Z ##[endgroup]
2025-06-25T00:35:53.5966065Z ##[group]Disabling automatic garbage collection
2025-06-25T00:35:53.5969954Z [command]/usr/local/bin/git config --local gc.auto 0
2025-06-25T00:35:53.6000388Z ##[endgroup]
2025-06-25T00:35:53.6001012Z ##[group]Setting up auth
2025-06-25T00:35:53.6008053Z [command]/usr/local/bin/git config --local --name-only --get-regexp core\.sshCommand
2025-06-25T00:35:53.6039891Z [command]/usr/local/bin/git submodule foreach --recursive sh -c "git config --local --name-only --get-regexp 'core\.sshCommand' && git config --local --unset-all 'core.sshCommand' || :"
2025-06-25T00:35:53.6398863Z [command]/usr/local/bin/git config --local --name-only --get-regexp http\.https\:\/\/github\.com\/\.extraheader
2025-06-25T00:35:53.6429695Z [command]/usr/local/bin/git submodule foreach --recursive sh -c "git config --local --name-only --get-regexp 'http\.https\:\/\/github\.com\/\.extraheader' && git config --local --unset-all 'http.https://github.com/.extraheader' || :"
2025-06-25T00:35:53.6784777Z [command]/usr/local/bin/git config --local http.https://github.com/.extraheader AUTHORIZATION: basic ***
2025-06-25T00:35:53.6822794Z ##[endgroup]
2025-06-25T00:35:53.6823447Z ##[group]Fetching the repository
2025-06-25T00:35:53.6831623Z [command]/usr/local/bin/git -c protocol.version=2 fetch --no-tags --prune --no-recurse-submodules --depth=1 origin +26b822614d9446b79d35067f5e835b3b699b9787:refs/remotes/origin/master
2025-06-25T00:35:54.3853388Z From https://github.com/Ambro86/synthizer3d
2025-06-25T00:35:54.3853933Z  * [new ref]         26b822614d9446b79d35067f5e835b3b699b9787 -> origin/master
2025-06-25T00:35:54.3877810Z ##[endgroup]
2025-06-25T00:35:54.3878278Z ##[group]Determining the checkout info
2025-06-25T00:35:54.3880832Z ##[endgroup]
2025-06-25T00:35:54.3886481Z [command]/usr/local/bin/git sparse-checkout disable
2025-06-25T00:35:54.3926820Z [command]/usr/local/bin/git config --local --unset-all extensions.worktreeConfig
2025-06-25T00:35:54.3963803Z ##[group]Checking out the ref
2025-06-25T00:35:54.3967411Z [command]/usr/local/bin/git checkout --progress --force -B master refs/remotes/origin/master
2025-06-25T00:35:54.6829271Z Reset branch 'master'
2025-06-25T00:35:54.6830847Z branch 'master' set up to track 'origin/master'.
2025-06-25T00:35:54.6846783Z ##[endgroup]
2025-06-25T00:35:54.6847155Z ##[group]Setting up auth for fetching submodules
2025-06-25T00:35:54.6853466Z [command]/usr/local/bin/git config --global http.https://github.com/.extraheader AUTHORIZATION: basic ***
2025-06-25T00:35:54.6893758Z [command]/usr/local/bin/git config --global --unset-all url.https://github.com/.insteadOf
2025-06-25T00:35:54.6927213Z [command]/usr/local/bin/git config --global --add url.https://github.com/.insteadOf git@github.com:
2025-06-25T00:35:54.6961001Z [command]/usr/local/bin/git config --global --add url.https://github.com/.insteadOf org-58132298@github.com:
2025-06-25T00:35:54.6989447Z ##[endgroup]
2025-06-25T00:35:54.6989875Z ##[group]Fetching submodules
2025-06-25T00:35:54.6992615Z [command]/usr/local/bin/git submodule sync --recursive
2025-06-25T00:35:54.7351134Z [command]/usr/local/bin/git -c protocol.version=2 submodule update --init --force --depth=1 --recursive
2025-06-25T00:35:54.7708217Z [command]/usr/local/bin/git submodule foreach --recursive git config --local gc.auto 0
2025-06-25T00:35:54.8061219Z ##[endgroup]
2025-06-25T00:35:54.8061582Z ##[group]Persisting credentials for submodules
2025-06-25T00:35:54.8067296Z [command]/usr/local/bin/git submodule foreach --recursive sh -c "git config --local --name-only --get-regexp 'url\.https\:\/\/github\.com\/\.insteadOf' && git config --local --unset-all 'url.https://github.com/.insteadOf' || :"
2025-06-25T00:35:54.8429116Z [command]/usr/local/bin/git submodule foreach --recursive sh -c "git config --local 'http.https://github.com/.extraheader' 'AUTHORIZATION: basic ***' && git config --local --show-origin --name-only --get-regexp remote.origin.url"
2025-06-25T00:35:54.8784649Z [command]/usr/local/bin/git submodule foreach --recursive git config --local --add 'url.https://github.com/.insteadOf' 'git@github.com:'
2025-06-25T00:35:54.9140803Z [command]/usr/local/bin/git submodule foreach --recursive git config --local --add 'url.https://github.com/.insteadOf' 'org-58132298@github.com:'
2025-06-25T00:35:54.9491546Z ##[endgroup]
2025-06-25T00:35:54.9528912Z [command]/usr/local/bin/git log -1 --format=%H
2025-06-25T00:35:54.9554147Z 26b822614d9446b79d35067f5e835b3b699b9787
2025-06-25T00:35:54.9742124Z ##[group]Run echo "🐍 Setting up Python 3.10 environment..."
2025-06-25T00:35:54.9742570Z [36;1mecho "🐍 Setting up Python 3.10 environment..."[0m
2025-06-25T00:35:54.9742968Z [36;1mif [ "3.10" = "3.8" ]; then echo "PYTHON_PATH=/opt/python/cp38-cp38" >> $GITHUB_ENV[0m
2025-06-25T00:35:54.9743428Z [36;1melif [ "3.10" = "3.9" ]; then echo "PYTHON_PATH=/opt/python/cp39-cp39" >> $GITHUB_ENV[0m
2025-06-25T00:35:54.9743883Z [36;1melif [ "3.10" = "3.10" ]; then echo "PYTHON_PATH=/opt/python/cp310-cp310" >> $GITHUB_ENV[0m
2025-06-25T00:35:54.9744334Z [36;1melif [ "3.10" = "3.11" ]; then echo "PYTHON_PATH=/opt/python/cp311-cp311" >> $GITHUB_ENV[0m
2025-06-25T00:35:54.9744795Z [36;1melif [ "3.10" = "3.12" ]; then echo "PYTHON_PATH=/opt/python/cp312-cp312" >> $GITHUB_ENV[0m
2025-06-25T00:35:54.9745403Z [36;1melif [ "3.10" = "3.13" ]; then echo "PYTHON_PATH=/opt/python/cp313-cp313" >> $GITHUB_ENV[0m
2025-06-25T00:35:54.9745727Z [36;1mfi[0m
2025-06-25T00:35:54.9748885Z shell: sh -e {0}
2025-06-25T00:35:54.9749087Z env:
2025-06-25T00:35:54.9749260Z   CI_ARCH: x86_64
2025-06-25T00:35:54.9749455Z   MANYLINUX_VERSION: manylinux_2_28
2025-06-25T00:35:54.9749688Z   PYVERSION: 3.10
2025-06-25T00:35:54.9749872Z   VCPKG_DEFAULT_TRIPLET: x64-linux
2025-06-25T00:35:54.9750281Z   EFFECTIVE_VCPKG_INSTALLED_DIR_BASE: /home/runner/work/synthizer3d/synthizer3d/vcpkg_installed
2025-06-25T00:35:54.9750691Z ##[endgroup]
2025-06-25T00:35:55.0331518Z 🐍 Setting up Python 3.10 environment...
2025-06-25T00:35:55.0388965Z ##[group]Run echo "📦 Installing system dependencies..."
2025-06-25T00:35:55.0389370Z [36;1mecho "📦 Installing system dependencies..."[0m
2025-06-25T00:35:55.0389693Z [36;1mif command -v dnf >/dev/null 2>&1; then[0m
2025-06-25T00:35:55.0390046Z [36;1m  dnf install -y curl zip unzip tar cmake make gcc-c++ openssl-devel[0m
2025-06-25T00:35:55.0390401Z [36;1melif command -v yum >/dev/null 2>&1; then[0m
2025-06-25T00:35:55.0390746Z [36;1m  yum install -y curl zip unzip tar cmake make gcc-c++ openssl-devel[0m
2025-06-25T00:35:55.0391058Z [36;1mfi[0m
2025-06-25T00:35:55.0391212Z [36;1m[0m
2025-06-25T00:35:55.0391459Z [36;1mecho "📦 Installing Python build tools (including ninja)..."[0m
2025-06-25T00:35:55.0391862Z [36;1m$PYTHON_PATH/bin/python -m pip install --upgrade pip[0m
2025-06-25T00:35:55.0392445Z [36;1m$PYTHON_PATH/bin/pip install ninja cmake wheel tomli setuptools packaging distro scikit-build cython build auditwheel twine[0m
2025-06-25T00:35:55.0393083Z shell: sh -e {0}
2025-06-25T00:35:55.0393249Z env:
2025-06-25T00:35:55.0393403Z   CI_ARCH: x86_64
2025-06-25T00:35:55.0393582Z   MANYLINUX_VERSION: manylinux_2_28
2025-06-25T00:35:55.0393975Z   PYVERSION: 3.10
2025-06-25T00:35:55.0394158Z   VCPKG_DEFAULT_TRIPLET: x64-linux
2025-06-25T00:35:55.0394557Z   EFFECTIVE_VCPKG_INSTALLED_DIR_BASE: /home/runner/work/synthizer3d/synthizer3d/vcpkg_installed
2025-06-25T00:35:55.0394989Z   PYTHON_PATH: /opt/python/cp310-cp310
2025-06-25T00:35:55.0395511Z ##[endgroup]
2025-06-25T00:35:55.0960622Z 📦 Installing system dependencies...
2025-06-25T00:35:55.6043645Z AlmaLinux 8 - BaseOS                            106 MB/s |  27 MB     00:00    
2025-06-25T00:35:59.0880602Z AlmaLinux 8 - AppStream                         105 MB/s |  19 MB     00:00    
2025-06-25T00:36:02.1173840Z AlmaLinux 8 - Extras                            148 kB/s |  14 kB     00:00    
2025-06-25T00:36:02.3184746Z AlmaLinux 8 - PowerTools                         32 MB/s | 4.6 MB     00:00    
2025-06-25T00:36:03.8275907Z Extra Packages for Enterprise Linux 8 - x86_64   19 MB/s |  14 MB     00:00    
2025-06-25T00:36:09.3118018Z Package curl-7.61.1-34.el8_10.3.x86_64 is already installed.
2025-06-25T00:36:09.3126923Z Package unzip-6.0-48.el8_10.x86_64 is already installed.
2025-06-25T00:36:09.3133679Z Package tar-2:1.30-10.el8_10.x86_64 is already installed.
2025-06-25T00:36:09.3145576Z Package make-1:4.2.1-11.el8.x86_64 is already installed.
2025-06-25T00:36:09.3434014Z Dependencies resolved.
2025-06-25T00:36:09.3456357Z ================================================================================
2025-06-25T00:36:09.3457130Z  Package                Arch      Version                    Repository    Size
2025-06-25T00:36:09.3457786Z ================================================================================
2025-06-25T00:36:09.3458296Z Installing:
2025-06-25T00:36:09.3458738Z  cmake                  x86_64    3.26.5-2.el8               appstream     14 M
2025-06-25T00:36:09.3459467Z  gcc-c++                x86_64    8.5.0-26.el8_10.alma.1     appstream     12 M
2025-06-25T00:36:09.3460191Z  openssl-devel          x86_64    1:1.1.1k-14.el8_6          baseos       2.3 M
2025-06-25T00:36:09.3460911Z  zip                    x86_64    3.0-23.el8                 baseos       270 k
2025-06-25T00:36:09.3461481Z Installing dependencies:
2025-06-25T00:36:09.3462038Z  cmake-data             noarch    3.26.5-2.el8               appstream    1.9 M
2025-06-25T00:36:09.3462576Z  cmake-filesystem       x86_64    3.26.5-2.el8               appstream     44 k
2025-06-25T00:36:09.3463097Z  cmake-rpm-macros       noarch    3.26.5-2.el8               appstream     43 k
2025-06-25T00:36:09.3463678Z  keyutils-libs-devel    x86_64    1.5.10-9.el8               baseos        47 k
2025-06-25T00:36:09.3464206Z  krb5-devel             x86_64    1.18.2-32.el8_10           baseos       562 k
2025-06-25T00:36:09.3464687Z  libcom_err-devel       x86_64    1.45.6-6.el8_10            baseos        38 k
2025-06-25T00:36:09.3465979Z  libselinux-devel       x86_64    2.9-10.el8_10              baseos       199 k
2025-06-25T00:36:09.3466928Z  libsepol-devel         x86_64    2.9-3.el8                  baseos        86 k
2025-06-25T00:36:09.3467763Z  libuv                  x86_64    1:1.41.1-2.el8_10          appstream    155 k
2025-06-25T00:36:09.3468438Z  libverto-devel         x86_64    0.3.2-2.el8                baseos        17 k
2025-06-25T00:36:09.3468984Z  pcre2-devel            x86_64    10.32-3.el8_6              baseos       604 k
2025-06-25T00:36:09.3469347Z  pcre2-utf16            x86_64    10.32-3.el8_6              baseos       228 k
2025-06-25T00:36:09.3469685Z  pcre2-utf32            x86_64    10.32-3.el8_6              baseos       219 k
2025-06-25T00:36:09.3470052Z  vim-filesystem         noarch    2:8.0.1763-19.el8_6.4      appstream     49 k
2025-06-25T00:36:09.3470290Z 
2025-06-25T00:36:09.3470403Z Transaction Summary
2025-06-25T00:36:09.3470748Z ================================================================================
2025-06-25T00:36:09.3471227Z Install  18 Packages
2025-06-25T00:36:09.3471448Z 
2025-06-25T00:36:09.3471577Z Total download size: 33 M
2025-06-25T00:36:09.3472208Z Installed size: 84 M
2025-06-25T00:36:09.3472571Z Downloading Packages:
2025-06-25T00:36:09.4882401Z (1/18): libcom_err-devel-1.45.6-6.el8_10.x86_64 6.2 MB/s |  38 kB     00:00    
2025-06-25T00:36:09.4912126Z (2/18): keyutils-libs-devel-1.5.10-9.el8.x86_64 5.0 MB/s |  47 kB     00:00    
2025-06-25T00:36:09.4934731Z (3/18): libselinux-devel-2.9-10.el8_10.x86_64.r  40 MB/s | 199 kB     00:00    
2025-06-25T00:36:09.4972401Z (4/18): krb5-devel-1.18.2-32.el8_10.x86_64.rpm   36 MB/s | 562 kB     00:00    
2025-06-25T00:36:09.4981921Z (5/18): libverto-devel-0.3.2-2.el8.x86_64.rpm   3.7 MB/s |  17 kB     00:00    
2025-06-25T00:36:09.5032840Z (6/18): libsepol-devel-2.9-3.el8.x86_64.rpm     7.2 MB/s |  86 kB     00:00    
2025-06-25T00:36:09.5065424Z (7/18): pcre2-devel-10.32-3.el8_6.x86_64.rpm     74 MB/s | 604 kB     00:00    
2025-06-25T00:36:09.5110717Z (8/18): pcre2-utf32-10.32-3.el8_6.x86_64.rpm     53 MB/s | 219 kB     00:00    
2025-06-25T00:36:09.5139006Z (9/18): pcre2-utf16-10.32-3.el8_6.x86_64.rpm     22 MB/s | 228 kB     00:00    
2025-06-25T00:36:09.5171880Z (10/18): zip-3.0-23.el8.x86_64.rpm               44 MB/s | 270 kB     00:00    
2025-06-25T00:36:09.5246947Z (11/18): openssl-devel-1.1.1k-14.el8_6.x86_64.r  86 MB/s | 2.3 MB     00:00    
2025-06-25T00:36:09.5290994Z (12/18): cmake-filesystem-3.26.5-2.el8.x86_64.r  11 MB/s |  44 kB     00:00    
2025-06-25T00:36:09.5321445Z (13/18): cmake-rpm-macros-3.26.5-2.el8.noarch.r  14 MB/s |  43 kB     00:00    
2025-06-25T00:36:09.5380823Z (14/18): cmake-data-3.26.5-2.el8.noarch.rpm      93 MB/s | 1.9 MB     00:00    
2025-06-25T00:36:09.5426078Z (15/18): libuv-1.41.1-2.el8_10.x86_64.rpm        37 MB/s | 155 kB     00:00    
2025-06-25T00:36:09.5476100Z (16/18): vim-filesystem-8.0.1763-19.el8_6.4.noa  11 MB/s |  49 kB     00:00    
2025-06-25T00:36:09.5959925Z (17/18): gcc-c++-8.5.0-26.el8_10.alma.1.x86_64. 194 MB/s |  12 MB     00:00    
2025-06-25T00:36:09.6842440Z (18/18): cmake-3.26.5-2.el8.x86_64.rpm           80 MB/s |  14 MB     00:00    
2025-06-25T00:36:09.6846398Z --------------------------------------------------------------------------------
2025-06-25T00:36:09.6848526Z Total                                            97 MB/s |  33 MB     00:00     
2025-06-25T00:36:09.9526447Z Running transaction check
2025-06-25T00:36:09.9766305Z Transaction check succeeded.
2025-06-25T00:36:09.9767384Z Running transaction test
2025-06-25T00:36:10.1441808Z Transaction test succeeded.
2025-06-25T00:36:10.1459599Z Running transaction
2025-06-25T00:36:10.3582544Z   Preparing        :                                                        1/1 
2025-06-25T00:36:10.3673006Z   Installing       : cmake-rpm-macros-3.26.5-2.el8.noarch                  1/18 
2025-06-25T00:36:10.3761409Z   Installing       : cmake-filesystem-3.26.5-2.el8.x86_64                  2/18 
2025-06-25T00:36:10.3908559Z   Installing       : vim-filesystem-2:8.0.1763-19.el8_6.4.noarch           3/18 
2025-06-25T00:36:10.8805985Z   Installing       : libuv-1:1.41.1-2.el8_10.x86_64                        4/18 
2025-06-25T00:36:11.7557891Z   Installing       : cmake-data-3.26.5-2.el8.noarch                        5/18 
2025-06-25T00:36:11.7750934Z   Installing       : cmake-3.26.5-2.el8.x86_64                             6/18 
2025-06-25T00:36:11.7952556Z   Installing       : pcre2-utf32-10.32-3.el8_6.x86_64                      7/18 
2025-06-25T00:36:11.8344361Z   Installing       : pcre2-utf16-10.32-3.el8_6.x86_64                      8/18 
2025-06-25T00:36:11.8403581Z   Installing       : pcre2-devel-10.32-3.el8_6.x86_64                      9/18 
2025-06-25T00:36:11.8511930Z   Installing       : libverto-devel-0.3.2-2.el8.x86_64                    10/18 
2025-06-25T00:36:11.8638804Z   Installing       : libsepol-devel-2.9-3.el8.x86_64                      11/18 
2025-06-25T00:36:11.8702610Z   Installing       : libselinux-devel-2.9-10.el8_10.x86_64                12/18 
2025-06-25T00:36:11.8755526Z   Installing       : libcom_err-devel-1.45.6-6.el8_10.x86_64              13/18 
2025-06-25T00:36:11.9209602Z   Installing       : keyutils-libs-devel-1.5.10-9.el8.x86_64              14/18 
2025-06-25T00:36:12.0952571Z   Installing       : krb5-devel-1.18.2-32.el8_10.x86_64                   15/18 
2025-06-25T00:36:12.8653610Z   Installing       : openssl-devel-1:1.1.1k-14.el8_6.x86_64               16/18 
2025-06-25T00:36:12.8904760Z   Installing       : gcc-c++-8.5.0-26.el8_10.alma.1.x86_64                17/18 
2025-06-25T00:36:12.8966067Z   Installing       : zip-3.0-23.el8.x86_64                                18/18 
2025-06-25T00:36:12.9795855Z   Running scriptlet: zip-3.0-23.el8.x86_64                                18/18 
2025-06-25T00:36:12.9796752Z   Verifying        : keyutils-libs-devel-1.5.10-9.el8.x86_64               1/18 
2025-06-25T00:36:12.9797519Z   Verifying        : krb5-devel-1.18.2-32.el8_10.x86_64                    2/18 
2025-06-25T00:36:12.9798324Z   Verifying        : libcom_err-devel-1.45.6-6.el8_10.x86_64               3/18 
2025-06-25T00:36:12.9799095Z   Verifying        : libselinux-devel-2.9-10.el8_10.x86_64                 4/18 
2025-06-25T00:36:12.9799906Z   Verifying        : libsepol-devel-2.9-3.el8.x86_64                       5/18 
2025-06-25T00:36:12.9800656Z   Verifying        : libverto-devel-0.3.2-2.el8.x86_64                     6/18 
2025-06-25T00:36:12.9801392Z   Verifying        : openssl-devel-1:1.1.1k-14.el8_6.x86_64                7/18 
2025-06-25T00:36:12.9802138Z   Verifying        : pcre2-devel-10.32-3.el8_6.x86_64                      8/18 
2025-06-25T00:36:12.9802851Z   Verifying        : pcre2-utf16-10.32-3.el8_6.x86_64                      9/18 
2025-06-25T00:36:12.9803576Z   Verifying        : pcre2-utf32-10.32-3.el8_6.x86_64                     10/18 
2025-06-25T00:36:12.9804280Z   Verifying        : zip-3.0-23.el8.x86_64                                11/18 
2025-06-25T00:36:12.9807862Z   Verifying        : cmake-3.26.5-2.el8.x86_64                            12/18 
2025-06-25T00:36:12.9808593Z   Verifying        : cmake-data-3.26.5-2.el8.noarch                       13/18 
2025-06-25T00:36:12.9809321Z   Verifying        : cmake-filesystem-3.26.5-2.el8.x86_64                 14/18 
2025-06-25T00:36:12.9810075Z   Verifying        : cmake-rpm-macros-3.26.5-2.el8.noarch                 15/18 
2025-06-25T00:36:12.9810785Z   Verifying        : gcc-c++-8.5.0-26.el8_10.alma.1.x86_64                16/18 
2025-06-25T00:36:12.9811439Z   Verifying        : libuv-1:1.41.1-2.el8_10.x86_64                       17/18 
2025-06-25T00:36:13.0573721Z   Verifying        : vim-filesystem-2:8.0.1763-19.el8_6.4.noarch          18/18 
2025-06-25T00:36:13.0574310Z 
2025-06-25T00:36:13.0574447Z Installed:
2025-06-25T00:36:13.0574776Z   cmake-3.26.5-2.el8.x86_64                                                     
2025-06-25T00:36:13.0575589Z   cmake-data-3.26.5-2.el8.noarch                                                
2025-06-25T00:36:13.0576424Z   cmake-filesystem-3.26.5-2.el8.x86_64                                          
2025-06-25T00:36:13.0577053Z   cmake-rpm-macros-3.26.5-2.el8.noarch                                          
2025-06-25T00:36:13.0577654Z   gcc-c++-8.5.0-26.el8_10.alma.1.x86_64                                         
2025-06-25T00:36:13.0578183Z   keyutils-libs-devel-1.5.10-9.el8.x86_64                                       
2025-06-25T00:36:13.0578704Z   krb5-devel-1.18.2-32.el8_10.x86_64                                            
2025-06-25T00:36:13.0579211Z   libcom_err-devel-1.45.6-6.el8_10.x86_64                                       
2025-06-25T00:36:13.0579743Z   libselinux-devel-2.9-10.el8_10.x86_64                                         
2025-06-25T00:36:13.0580267Z   libsepol-devel-2.9-3.el8.x86_64                                               
2025-06-25T00:36:13.0580753Z   libuv-1:1.41.1-2.el8_10.x86_64                                                
2025-06-25T00:36:13.0581236Z   libverto-devel-0.3.2-2.el8.x86_64                                             
2025-06-25T00:36:13.0581756Z   openssl-devel-1:1.1.1k-14.el8_6.x86_64                                        
2025-06-25T00:36:13.0582413Z   pcre2-devel-10.32-3.el8_6.x86_64                                              
2025-06-25T00:36:13.0582908Z   pcre2-utf16-10.32-3.el8_6.x86_64                                              
2025-06-25T00:36:13.0583398Z   pcre2-utf32-10.32-3.el8_6.x86_64                                              
2025-06-25T00:36:13.0583908Z   vim-filesystem-2:8.0.1763-19.el8_6.4.noarch                                   
2025-06-25T00:36:13.0584390Z   zip-3.0-23.el8.x86_64                                                         
2025-06-25T00:36:13.0584663Z 
2025-06-25T00:36:13.0584746Z Complete!
2025-06-25T00:36:13.1195365Z 📦 Installing Python build tools (including ninja)...
2025-06-25T00:36:14.3247988Z WARNING: The directory '/github/home/.cache/pip' or its parent directory is not owned or is not writable by the current user. The cache has been disabled. Check the permissions and owner of that directory. If executing pip with sudo, you should use sudo's -H flag.
2025-06-25T00:36:14.4438668Z Requirement already satisfied: pip in /opt/_internal/cpython-3.10.18/lib/python3.10/site-packages (25.1.1)
2025-06-25T00:36:14.5322266Z WARNING: Running pip as the 'root' user can result in broken permissions and conflicting behaviour with the system package manager, possibly rendering your system unusable. It is recommended to use a virtual environment instead: https://pip.pypa.io/warnings/venv. Use the --root-user-action option if you know what you are doing and want to suppress this warning.
2025-06-25T00:36:14.8939584Z WARNING: The directory '/github/home/.cache/pip' or its parent directory is not owned or is not writable by the current user. The cache has been disabled. Check the permissions and owner of that directory. If executing pip with sudo, you should use sudo's -H flag.
2025-06-25T00:36:14.9866105Z Collecting ninja
2025-06-25T00:36:15.0048905Z   Downloading ninja-1.11.1.4-py3-none-manylinux_2_12_x86_64.manylinux2010_x86_64.whl.metadata (5.0 kB)
2025-06-25T00:36:15.1569077Z Collecting cmake
2025-06-25T00:36:15.1609313Z   Downloading cmake-4.0.3-py3-none-manylinux_2_17_x86_64.manylinux2014_x86_64.whl.metadata (6.3 kB)
2025-06-25T00:36:15.1624268Z Requirement already satisfied: wheel in /opt/_internal/cpython-3.10.18/lib/python3.10/site-packages (0.45.1)
2025-06-25T00:36:15.1629258Z Requirement already satisfied: tomli in /opt/_internal/cpython-3.10.18/lib/python3.10/site-packages (2.2.1)
2025-06-25T00:36:15.1633667Z Requirement already satisfied: setuptools in /opt/_internal/cpython-3.10.18/lib/python3.10/site-packages (80.9.0)
2025-06-25T00:36:15.1638536Z Requirement already satisfied: packaging in /opt/_internal/cpython-3.10.18/lib/python3.10/site-packages (25.0)
2025-06-25T00:36:15.1714508Z Collecting distro
2025-06-25T00:36:15.1751159Z   Downloading distro-1.9.0-py3-none-any.whl.metadata (6.8 kB)
2025-06-25T00:36:15.1890000Z Collecting scikit-build
2025-06-25T00:36:15.1943979Z   Downloading scikit_build-0.18.1-py3-none-any.whl.metadata (18 kB)
2025-06-25T00:36:15.4596399Z Collecting cython
2025-06-25T00:36:15.4771839Z   Downloading cython-3.1.2-cp310-cp310-manylinux_2_17_x86_64.manylinux2014_x86_64.whl.metadata (5.9 kB)
2025-06-25T00:36:15.4785317Z Requirement already satisfied: build in /opt/_internal/cpython-3.10.18/lib/python3.10/site-packages (1.2.2.post1)
2025-06-25T00:36:15.4924101Z Collecting auditwheel
2025-06-25T00:36:15.4976287Z   Downloading auditwheel-6.4.0-py3-none-any.whl.metadata (7.3 kB)
2025-06-25T00:36:15.5163073Z Collecting twine
2025-06-25T00:36:15.5200740Z   Downloading twine-6.1.0-py3-none-any.whl.metadata (3.7 kB)
2025-06-25T00:36:15.5487125Z Requirement already satisfied: pyproject_hooks in /opt/_internal/cpython-3.10.18/lib/python3.10/site-packages (from build) (1.2.0)
2025-06-25T00:36:15.5572144Z Collecting pyelftools>=0.24 (from auditwheel)
2025-06-25T00:36:15.5621775Z   Downloading pyelftools-0.32-py3-none-any.whl.metadata (372 bytes)
2025-06-25T00:36:15.5751320Z Collecting readme-renderer>=35.0 (from twine)
2025-06-25T00:36:15.5788855Z   Downloading readme_renderer-44.0-py3-none-any.whl.metadata (2.8 kB)
2025-06-25T00:36:15.6062021Z Collecting requests>=2.20 (from twine)
2025-06-25T00:36:15.6100212Z   Downloading requests-2.32.4-py3-none-any.whl.metadata (4.9 kB)
2025-06-25T00:36:15.6207822Z Collecting requests-toolbelt!=0.9.0,>=0.8.0 (from twine)
2025-06-25T00:36:15.6244017Z   Downloading requests_toolbelt-1.0.0-py2.py3-none-any.whl.metadata (14 kB)
2025-06-25T00:36:15.6495662Z Collecting urllib3>=1.26.0 (from twine)
2025-06-25T00:36:15.6532409Z   Downloading urllib3-2.5.0-py3-none-any.whl.metadata (6.5 kB)
2025-06-25T00:36:15.7097379Z Collecting keyring>=15.1 (from twine)
2025-06-25T00:36:15.7142305Z   Downloading keyring-25.6.0-py3-none-any.whl.metadata (20 kB)
2025-06-25T00:36:15.7284316Z Collecting rfc3986>=1.4.0 (from twine)
2025-06-25T00:36:15.7320015Z   Downloading rfc3986-2.0.0-py2.py3-none-any.whl.metadata (6.6 kB)
2025-06-25T00:36:15.7748759Z Collecting rich>=12.0.0 (from twine)
2025-06-25T00:36:15.7787241Z   Downloading rich-14.0.0-py3-none-any.whl.metadata (18 kB)
2025-06-25T00:36:15.7871799Z Collecting id (from twine)
2025-06-25T00:36:15.7907388Z   Downloading id-1.5.0-py3-none-any.whl.metadata (5.2 kB)
2025-06-25T00:36:15.8018138Z Collecting SecretStorage>=3.2 (from keyring>=15.1->twine)
2025-06-25T00:36:15.8053566Z   Downloading SecretStorage-3.3.3-py3-none-any.whl.metadata (4.0 kB)
2025-06-25T00:36:15.8139774Z Collecting jeepney>=0.4.2 (from keyring>=15.1->twine)
2025-06-25T00:36:15.8176174Z   Downloading jeepney-0.9.0-py3-none-any.whl.metadata (1.2 kB)
2025-06-25T00:36:15.8499871Z Collecting importlib_metadata>=4.11.4 (from keyring>=15.1->twine)
2025-06-25T00:36:15.8536181Z   Downloading importlib_metadata-8.7.0-py3-none-any.whl.metadata (4.8 kB)
2025-06-25T00:36:15.8674311Z Collecting jaraco.classes (from keyring>=15.1->twine)
2025-06-25T00:36:15.8713918Z   Downloading jaraco.classes-3.4.0-py3-none-any.whl.metadata (2.6 kB)
2025-06-25T00:36:15.8879522Z Collecting jaraco.functools (from keyring>=15.1->twine)
2025-06-25T00:36:15.8917551Z   Downloading jaraco_functools-4.2.1-py3-none-any.whl.metadata (2.9 kB)
2025-06-25T00:36:15.9043469Z Collecting jaraco.context (from keyring>=15.1->twine)
2025-06-25T00:36:15.9078976Z   Downloading jaraco.context-6.0.1-py3-none-any.whl.metadata (4.1 kB)
2025-06-25T00:36:15.9270430Z Collecting zipp>=3.20 (from importlib_metadata>=4.11.4->keyring>=15.1->twine)
2025-06-25T00:36:15.9305911Z   Downloading zipp-3.23.0-py3-none-any.whl.metadata (3.6 kB)
2025-06-25T00:36:15.9692658Z Collecting nh3>=0.2.14 (from readme-renderer>=35.0->twine)
2025-06-25T00:36:15.9729235Z   Downloading nh3-0.2.21-cp38-abi3-manylinux_2_17_x86_64.manylinux2014_x86_64.whl.metadata (2.0 kB)
2025-06-25T00:36:15.9847387Z Collecting docutils>=0.21.2 (from readme-renderer>=35.0->twine)
2025-06-25T00:36:15.9883150Z   Downloading docutils-0.21.2-py3-none-any.whl.metadata (2.8 kB)
2025-06-25T00:36:16.0073818Z Collecting Pygments>=2.5.1 (from readme-renderer>=35.0->twine)
2025-06-25T00:36:16.0110486Z   Downloading pygments-2.19.2-py3-none-any.whl.metadata (2.5 kB)
2025-06-25T00:36:16.1043973Z Collecting charset_normalizer<4,>=2 (from requests>=2.20->twine)
2025-06-25T00:36:16.1084133Z   Downloading charset_normalizer-3.4.2-cp310-cp310-manylinux_2_17_x86_64.manylinux2014_x86_64.whl.metadata (35 kB)
2025-06-25T00:36:16.1217011Z Collecting idna<4,>=2.5 (from requests>=2.20->twine)
2025-06-25T00:36:16.1254243Z   Downloading idna-3.10-py3-none-any.whl.metadata (10 kB)
2025-06-25T00:36:16.1578795Z Collecting certifi>=2017.4.17 (from requests>=2.20->twine)
2025-06-25T00:36:16.1617891Z   Downloading certifi-2025.6.15-py3-none-any.whl.metadata (2.4 kB)
2025-06-25T00:36:16.1954178Z Collecting markdown-it-py>=2.2.0 (from rich>=12.0.0->twine)
2025-06-25T00:36:16.1994688Z   Downloading markdown_it_py-3.0.0-py3-none-any.whl.metadata (6.9 kB)
2025-06-25T00:36:16.2285238Z Collecting typing-extensions<5.0,>=4.0.0 (from rich>=12.0.0->twine)
2025-06-25T00:36:16.2323387Z   Downloading typing_extensions-4.14.0-py3-none-any.whl.metadata (3.0 kB)
2025-06-25T00:36:16.2414499Z Collecting mdurl~=0.1 (from markdown-it-py>=2.2.0->rich>=12.0.0->twine)
2025-06-25T00:36:16.2450264Z   Downloading mdurl-0.1.2-py3-none-any.whl.metadata (1.6 kB)
2025-06-25T00:36:16.4572600Z Collecting cryptography>=2.0 (from SecretStorage>=3.2->keyring>=15.1->twine)
2025-06-25T00:36:16.4611882Z   Downloading cryptography-45.0.4-cp37-abi3-manylinux_2_28_x86_64.whl.metadata (5.7 kB)
2025-06-25T00:36:16.6128104Z Collecting cffi>=1.14 (from cryptography>=2.0->SecretStorage>=3.2->keyring>=15.1->twine)
2025-06-25T00:36:16.6167733Z   Downloading cffi-1.17.1-cp310-cp310-manylinux_2_17_x86_64.manylinux2014_x86_64.whl.metadata (1.5 kB)
2025-06-25T00:36:16.6255267Z Collecting pycparser (from cffi>=1.14->cryptography>=2.0->SecretStorage>=3.2->keyring>=15.1->twine)
2025-06-25T00:36:16.6290933Z   Downloading pycparser-2.22-py3-none-any.whl.metadata (943 bytes)
2025-06-25T00:36:16.6487329Z Collecting more-itertools (from jaraco.classes->keyring>=15.1->twine)
2025-06-25T00:36:16.6527411Z   Downloading more_itertools-10.7.0-py3-none-any.whl.metadata (37 kB)
2025-06-25T00:36:16.6608775Z Collecting backports.tarfile (from jaraco.context->keyring>=15.1->twine)
2025-06-25T00:36:16.6649201Z   Downloading backports.tarfile-1.2.0-py3-none-any.whl.metadata (2.0 kB)
2025-06-25T00:36:16.6783268Z Downloading ninja-1.11.1.4-py3-none-manylinux_2_12_x86_64.manylinux2010_x86_64.whl (422 kB)
2025-06-25T00:36:16.6854942Z Downloading cmake-4.0.3-py3-none-manylinux_2_17_x86_64.manylinux2014_x86_64.whl (27.9 MB)
2025-06-25T00:36:16.7694489Z    ━━━━━━━━━━━━━━━━━━━━━━━━━━━━━━━━━━━━━━━━ 27.9/27.9 MB 355.0 MB/s eta 0:00:00
2025-06-25T00:36:16.7715325Z Downloading distro-1.9.0-py3-none-any.whl (20 kB)
2025-06-25T00:36:16.7763682Z Downloading scikit_build-0.18.1-py3-none-any.whl (85 kB)
2025-06-25T00:36:16.7807460Z Downloading cython-3.1.2-cp310-cp310-manylinux_2_17_x86_64.manylinux2014_x86_64.whl (3.3 MB)
2025-06-25T00:36:16.7910648Z    ━━━━━━━━━━━━━━━━━━━━━━━━━━━━━━━━━━━━━━━━ 3.3/3.3 MB 403.7 MB/s eta 0:00:00
2025-06-25T00:36:16.7966479Z Downloading auditwheel-6.4.0-py3-none-any.whl (50 kB)
2025-06-25T00:36:16.8002927Z Downloading twine-6.1.0-py3-none-any.whl (40 kB)
2025-06-25T00:36:16.8040271Z Downloading keyring-25.6.0-py3-none-any.whl (39 kB)
2025-06-25T00:36:16.8078875Z Downloading importlib_metadata-8.7.0-py3-none-any.whl (27 kB)
2025-06-25T00:36:16.8114198Z Downloading jeepney-0.9.0-py3-none-any.whl (49 kB)
2025-06-25T00:36:16.8167241Z Downloading pyelftools-0.32-py3-none-any.whl (188 kB)
2025-06-25T00:36:16.8217938Z Downloading readme_renderer-44.0-py3-none-any.whl (13 kB)
2025-06-25T00:36:16.8254171Z Downloading docutils-0.21.2-py3-none-any.whl (587 kB)
2025-06-25T00:36:16.8287103Z    ━━━━━━━━━━━━━━━━━━━━━━━━━━━━━━━━━━━━━━━ 587.4/587.4 kB 595.4 MB/s eta 0:00:00
2025-06-25T00:36:16.8324200Z Downloading nh3-0.2.21-cp38-abi3-manylinux_2_17_x86_64.manylinux2014_x86_64.whl (739 kB)
2025-06-25T00:36:16.8360388Z    ━━━━━━━━━━━━━━━━━━━━━━━━━━━━━━━━━━━━━━━ 739.0/739.0 kB 563.6 MB/s eta 0:00:00
2025-06-25T00:36:16.8395733Z Downloading pygments-2.19.2-py3-none-any.whl (1.2 MB)
2025-06-25T00:36:16.8442598Z    ━━━━━━━━━━━━━━━━━━━━━━━━━━━━━━━━━━━━━━━━ 1.2/1.2 MB 441.7 MB/s eta 0:00:00
2025-06-25T00:36:16.8476928Z Downloading requests-2.32.4-py3-none-any.whl (64 kB)
2025-06-25T00:36:16.8514648Z Downloading charset_normalizer-3.4.2-cp310-cp310-manylinux_2_17_x86_64.manylinux2014_x86_64.whl (149 kB)
2025-06-25T00:36:16.8554657Z Downloading idna-3.10-py3-none-any.whl (70 kB)
2025-06-25T00:36:16.8593811Z Downloading urllib3-2.5.0-py3-none-any.whl (129 kB)
2025-06-25T00:36:16.8631591Z Downloading certifi-2025.6.15-py3-none-any.whl (157 kB)
2025-06-25T00:36:16.8687169Z Downloading requests_toolbelt-1.0.0-py2.py3-none-any.whl (54 kB)
2025-06-25T00:36:16.8726318Z Downloading rfc3986-2.0.0-py2.py3-none-any.whl (31 kB)
2025-06-25T00:36:16.8766567Z Downloading rich-14.0.0-py3-none-any.whl (243 kB)
2025-06-25T00:36:16.8808413Z Downloading typing_extensions-4.14.0-py3-none-any.whl (43 kB)
2025-06-25T00:36:16.8844766Z Downloading markdown_it_py-3.0.0-py3-none-any.whl (87 kB)
2025-06-25T00:36:16.8882076Z Downloading mdurl-0.1.2-py3-none-any.whl (10.0 kB)
2025-06-25T00:36:16.8918018Z Downloading SecretStorage-3.3.3-py3-none-any.whl (15 kB)
2025-06-25T00:36:16.8954760Z Downloading cryptography-45.0.4-cp37-abi3-manylinux_2_28_x86_64.whl (4.5 MB)
2025-06-25T00:36:16.9093308Z    ━━━━━━━━━━━━━━━━━━━━━━━━━━━━━━━━━━━━━━━━ 4.5/4.5 MB 368.5 MB/s eta 0:00:00
2025-06-25T00:36:16.9130076Z Downloading cffi-1.17.1-cp310-cp310-manylinux_2_17_x86_64.manylinux2014_x86_64.whl (446 kB)
2025-06-25T00:36:16.9177938Z Downloading zipp-3.23.0-py3-none-any.whl (10 kB)
2025-06-25T00:36:16.9213018Z Downloading id-1.5.0-py3-none-any.whl (13 kB)
2025-06-25T00:36:16.9249529Z Downloading jaraco.classes-3.4.0-py3-none-any.whl (6.8 kB)
2025-06-25T00:36:16.9286524Z Downloading jaraco.context-6.0.1-py3-none-any.whl (6.8 kB)
2025-06-25T00:36:16.9322311Z Downloading backports.tarfile-1.2.0-py3-none-any.whl (30 kB)
2025-06-25T00:36:16.9358698Z Downloading jaraco_functools-4.2.1-py3-none-any.whl (10 kB)
2025-06-25T00:36:16.9395626Z Downloading more_itertools-10.7.0-py3-none-any.whl (65 kB)
2025-06-25T00:36:16.9433629Z Downloading pycparser-2.22-py3-none-any.whl (117 kB)
2025-06-25T00:36:17.1391636Z Installing collected packages: pyelftools, zipp, urllib3, typing-extensions, rfc3986, Pygments, pycparser, ninja, nh3, more-itertools, mdurl, jeepney, idna, docutils, distro, cython, cmake, charset_normalizer, certifi, backports.tarfile, auditwheel, scikit-build, requests, readme-renderer, markdown-it-py, jaraco.functools, jaraco.context, jaraco.classes, importlib_metadata, cffi, rich, requests-toolbelt, id, cryptography, SecretStorage, keyring, twine
2025-06-25T00:36:21.2238984Z 
2025-06-25T00:36:21.2329040Z Successfully installed Pygments-2.19.2 SecretStorage-3.3.3 auditwheel-6.4.0 backports.tarfile-1.2.0 certifi-2025.6.15 cffi-1.17.1 charset_normalizer-3.4.2 cmake-4.0.3 cryptography-45.0.4 cython-3.1.2 distro-1.9.0 docutils-0.21.2 id-1.5.0 idna-3.10 importlib_metadata-8.7.0 jaraco.classes-3.4.0 jaraco.context-6.0.1 jaraco.functools-4.2.1 jeepney-0.9.0 keyring-25.6.0 markdown-it-py-3.0.0 mdurl-0.1.2 more-itertools-10.7.0 nh3-0.2.21 ninja-1.11.1.4 pycparser-2.22 pyelftools-0.32 readme-renderer-44.0 requests-2.32.4 requests-toolbelt-1.0.0 rfc3986-2.0.0 rich-14.0.0 scikit-build-0.18.1 twine-6.1.0 typing-extensions-4.14.0 urllib3-2.5.0 zipp-3.23.0
2025-06-25T00:36:21.2333992Z WARNING: Running pip as the 'root' user can result in broken permissions and conflicting behaviour with the system package manager, possibly rendering your system unusable. It is recommended to use a virtual environment instead: https://pip.pypa.io/warnings/venv. Use the --root-user-action option if you know what you are doing and want to suppress this warning.
2025-06-25T00:36:21.4510344Z ##[group]Run echo "VCPKG_DEFAULT_BINARY_CACHE=/home/runner/work/synthizer3d/synthizer3d/vcpkg_cache" >> $GITHUB_ENV
2025-06-25T00:36:21.4511132Z [36;1mecho "VCPKG_DEFAULT_BINARY_CACHE=/home/runner/work/synthizer3d/synthizer3d/vcpkg_cache" >> $GITHUB_ENV[0m
2025-06-25T00:36:21.4511903Z [36;1mecho "VCPKG_BINARY_SOURCES=clear;files,/home/runner/work/synthizer3d/synthizer3d/vcpkg_cache,readwrite" >> $GITHUB_ENV[0m
2025-06-25T00:36:21.4512500Z shell: sh -e {0}
2025-06-25T00:36:21.4512679Z env:
2025-06-25T00:36:21.4512837Z   CI_ARCH: x86_64
2025-06-25T00:36:21.4513031Z   MANYLINUX_VERSION: manylinux_2_28
2025-06-25T00:36:21.4513259Z   PYVERSION: 3.10
2025-06-25T00:36:21.4513454Z   VCPKG_DEFAULT_TRIPLET: x64-linux
2025-06-25T00:36:21.4513863Z   EFFECTIVE_VCPKG_INSTALLED_DIR_BASE: /home/runner/work/synthizer3d/synthizer3d/vcpkg_installed
2025-06-25T00:36:21.4514281Z   PYTHON_PATH: /opt/python/cp310-cp310
2025-06-25T00:36:21.4514515Z ##[endgroup]
2025-06-25T00:36:21.5131676Z ##[group]Run mkdir -p /home/runner/work/synthizer3d/synthizer3d/vcpkg_cache
2025-06-25T00:36:21.5132180Z [36;1mmkdir -p /home/runner/work/synthizer3d/synthizer3d/vcpkg_cache[0m
2025-06-25T00:36:21.5132609Z shell: sh -e {0}
2025-06-25T00:36:21.5132785Z env:
2025-06-25T00:36:21.5132937Z   CI_ARCH: x86_64
2025-06-25T00:36:21.5133326Z   MANYLINUX_VERSION: manylinux_2_28
2025-06-25T00:36:21.5133551Z   PYVERSION: 3.10
2025-06-25T00:36:21.5133746Z   VCPKG_DEFAULT_TRIPLET: x64-linux
2025-06-25T00:36:21.5134149Z   EFFECTIVE_VCPKG_INSTALLED_DIR_BASE: /home/runner/work/synthizer3d/synthizer3d/vcpkg_installed
2025-06-25T00:36:21.5134576Z   PYTHON_PATH: /opt/python/cp310-cp310
2025-06-25T00:36:21.5134938Z   VCPKG_DEFAULT_BINARY_CACHE: /home/runner/work/synthizer3d/synthizer3d/vcpkg_cache
2025-06-25T00:36:21.5135752Z   VCPKG_BINARY_SOURCES: clear;files,/home/runner/work/synthizer3d/synthizer3d/vcpkg_cache,readwrite
2025-06-25T00:36:21.5136167Z ##[endgroup]
2025-06-25T00:36:21.8825305Z ##[group]Run actions/cache@v4
2025-06-25T00:36:21.8825571Z with:
2025-06-25T00:36:21.8825834Z   path: /home/runner/work/synthizer3d/synthizer3d/vcpkg_cache
2025-06-25T00:36:21.8826341Z   key: vcpkg-cache-x64-linux-273c35d681697f0895a813231a37b93419c85dfe881f4aab6b1bf75a6d928ed8
2025-06-25T00:36:21.8826802Z   restore-keys: vcpkg-cache-x64-linux-

2025-06-25T00:36:21.8827085Z   enableCrossOsArchive: false
2025-06-25T00:36:21.8827299Z   fail-on-cache-miss: false
2025-06-25T00:36:21.8827501Z   lookup-only: false
2025-06-25T00:36:21.8827677Z   save-always: false
2025-06-25T00:36:21.8827848Z env:
2025-06-25T00:36:21.8827993Z   CI_ARCH: x86_64
2025-06-25T00:36:21.8828176Z   MANYLINUX_VERSION: manylinux_2_28
2025-06-25T00:36:21.8828401Z   PYVERSION: 3.10
2025-06-25T00:36:21.8828582Z   VCPKG_DEFAULT_TRIPLET: x64-linux
2025-06-25T00:36:21.8828990Z   EFFECTIVE_VCPKG_INSTALLED_DIR_BASE: /home/runner/work/synthizer3d/synthizer3d/vcpkg_installed
2025-06-25T00:36:21.8829458Z   PYTHON_PATH: /opt/python/cp310-cp310
2025-06-25T00:36:21.8829828Z   VCPKG_DEFAULT_BINARY_CACHE: /home/runner/work/synthizer3d/synthizer3d/vcpkg_cache
2025-06-25T00:36:21.8830386Z   VCPKG_BINARY_SOURCES: clear;files,/home/runner/work/synthizer3d/synthizer3d/vcpkg_cache,readwrite
2025-06-25T00:36:21.8830809Z ##[endgroup]
2025-06-25T00:36:21.8833956Z ##[command]/usr/bin/docker exec  2eb089b9df5b1af93af10558807c5a9c423badea36837d1adc5f282d9c11042d sh -c "cat /etc/*release | grep ^ID"
2025-06-25T00:36:22.2212220Z Cache not found for input keys: vcpkg-cache-x64-linux-273c35d681697f0895a813231a37b93419c85dfe881f4aab6b1bf75a6d928ed8, vcpkg-cache-x64-linux-
2025-06-25T00:36:22.2331197Z ##[group]Run mkdir -p /home/runner/work/synthizer3d/synthizer3d/vcpkg_installed
2025-06-25T00:36:22.2331739Z [36;1mmkdir -p /home/runner/work/synthizer3d/synthizer3d/vcpkg_installed[0m
2025-06-25T00:36:22.2332276Z shell: sh -e {0}
2025-06-25T00:36:22.2332456Z env:
2025-06-25T00:36:22.2332609Z   CI_ARCH: x86_64
2025-06-25T00:36:22.2332798Z   MANYLINUX_VERSION: manylinux_2_28
2025-06-25T00:36:22.2333021Z   PYVERSION: 3.10
2025-06-25T00:36:22.2333208Z   VCPKG_DEFAULT_TRIPLET: x64-linux
2025-06-25T00:36:22.2333601Z   EFFECTIVE_VCPKG_INSTALLED_DIR_BASE: /home/runner/work/synthizer3d/synthizer3d/vcpkg_installed
2025-06-25T00:36:22.2334023Z   PYTHON_PATH: /opt/python/cp310-cp310
2025-06-25T00:36:22.2334378Z   VCPKG_DEFAULT_BINARY_CACHE: /home/runner/work/synthizer3d/synthizer3d/vcpkg_cache
2025-06-25T00:36:22.2334938Z   VCPKG_BINARY_SOURCES: clear;files,/home/runner/work/synthizer3d/synthizer3d/vcpkg_cache,readwrite
2025-06-25T00:36:22.2335665Z ##[endgroup]
2025-06-25T00:36:22.6201545Z ##[group]Run actions/cache@v4
2025-06-25T00:36:22.6201798Z with:
2025-06-25T00:36:22.6202059Z   path: /home/runner/work/synthizer3d/synthizer3d/vcpkg_installed
2025-06-25T00:36:22.6202615Z   key: vcpkg-packages-x64-linux-273c35d681697f0895a813231a37b93419c85dfe881f4aab6b1bf75a6d928ed8
2025-06-25T00:36:22.6203096Z   restore-keys: vcpkg-packages-x64-linux-

2025-06-25T00:36:22.6203369Z   enableCrossOsArchive: false
2025-06-25T00:36:22.6203588Z   fail-on-cache-miss: false
2025-06-25T00:36:22.6203799Z   lookup-only: false
2025-06-25T00:36:22.6203977Z   save-always: false
2025-06-25T00:36:22.6204154Z env:
2025-06-25T00:36:22.6204307Z   CI_ARCH: x86_64
2025-06-25T00:36:22.6204492Z   MANYLINUX_VERSION: manylinux_2_28
2025-06-25T00:36:22.6204715Z   PYVERSION: 3.10
2025-06-25T00:36:22.6205471Z   VCPKG_DEFAULT_TRIPLET: x64-linux
2025-06-25T00:36:22.6205876Z   EFFECTIVE_VCPKG_INSTALLED_DIR_BASE: /home/runner/work/synthizer3d/synthizer3d/vcpkg_installed
2025-06-25T00:36:22.6206334Z   PYTHON_PATH: /opt/python/cp310-cp310
2025-06-25T00:36:22.6206700Z   VCPKG_DEFAULT_BINARY_CACHE: /home/runner/work/synthizer3d/synthizer3d/vcpkg_cache
2025-06-25T00:36:22.6207255Z   VCPKG_BINARY_SOURCES: clear;files,/home/runner/work/synthizer3d/synthizer3d/vcpkg_cache,readwrite
2025-06-25T00:36:22.6207680Z ##[endgroup]
2025-06-25T00:36:22.6210596Z ##[command]/usr/bin/docker exec  2eb089b9df5b1af93af10558807c5a9c423badea36837d1adc5f282d9c11042d sh -c "cat /etc/*release | grep ^ID"
2025-06-25T00:36:22.9110985Z Cache not found for input keys: vcpkg-packages-x64-linux-273c35d681697f0895a813231a37b93419c85dfe881f4aab6b1bf75a6d928ed8, vcpkg-packages-x64-linux-
2025-06-25T00:36:22.9229537Z ##[group]Run lukka/run-vcpkg@v11
2025-06-25T00:36:22.9229796Z with:
2025-06-25T00:36:22.9229975Z   vcpkgJsonGlob: vcpkg.json
2025-06-25T00:36:22.9230213Z   runVcpkgInstall: true
2025-06-25T00:36:22.9230500Z   vcpkgDirectory: /home/runner/work/synthizer3d/synthizer3d/vcpkg
2025-06-25T00:36:22.9230879Z   vcpkgGitURL: https://github.com/microsoft/vcpkg.git
2025-06-25T00:36:22.9231178Z   doNotUpdateVcpkg: false
2025-06-25T00:36:22.9231377Z   doNotCache: true
2025-06-25T00:36:22.9231568Z   vcpkgJsonIgnores: ['**/vcpkg/**']
2025-06-25T00:36:22.9231861Z   vcpkgConfigurationJsonGlob: **/vcpkg-configuration.json
2025-06-25T00:36:22.9232492Z   runVcpkgFormatString: [`install`, `--recurse`, `--clean-after-build`, `--x-install-root`, `$[env.VCPKG_INSTALLED_DIR]`, `--triplet`, `$[env.VCPKG_DEFAULT_TRIPLET]`]
2025-06-25T00:36:22.9233053Z   useShell: true
2025-06-25T00:36:22.9233497Z   logCollectionRegExps: \s*"(.+CMakeOutput\.log)"\.\s*;\s*"(.+CMakeError\.log)"\.\s*;\s*(.+out\.log)\s*;\s+(.+err\.log)\s*;\s*(.+vcpkg.+\.log)\s*
2025-06-25T00:36:22.9233948Z env:
2025-06-25T00:36:22.9234099Z   CI_ARCH: x86_64
2025-06-25T00:36:22.9234276Z   MANYLINUX_VERSION: manylinux_2_28
2025-06-25T00:36:22.9234499Z   PYVERSION: 3.10
2025-06-25T00:36:22.9234675Z   VCPKG_DEFAULT_TRIPLET: x64-linux
2025-06-25T00:36:22.9235337Z   EFFECTIVE_VCPKG_INSTALLED_DIR_BASE: /home/runner/work/synthizer3d/synthizer3d/vcpkg_installed
2025-06-25T00:36:22.9235771Z   PYTHON_PATH: /opt/python/cp310-cp310
2025-06-25T00:36:22.9236144Z   VCPKG_DEFAULT_BINARY_CACHE: /home/runner/work/synthizer3d/synthizer3d/vcpkg_cache
2025-06-25T00:36:22.9236696Z   VCPKG_BINARY_SOURCES: clear;files,/home/runner/work/synthizer3d/synthizer3d/vcpkg_cache,readwrite
2025-06-25T00:36:22.9237102Z ##[endgroup]
2025-06-25T00:36:22.9240909Z ##[command]/usr/bin/docker exec  2eb089b9df5b1af93af10558807c5a9c423badea36837d1adc5f282d9c11042d sh -c "cat /etc/*release | grep ^ID"
2025-06-25T00:36:23.2041346Z ##[group]Prepare output directories
2025-06-25T00:36:23.2043371Z The vpckg root directory: '/__w/synthizer3d/synthizer3d/vcpkg'
2025-06-25T00:36:23.2066078Z ##[endgroup]
2025-06-25T00:36:23.2067506Z ⏱ elapsed: 0.002 seconds
2025-06-25T00:36:23.2104615Z Running command '/usr/local/bin/git' with args 'submodule,status,/__w/synthizer3d/synthizer3d/vcpkg' in current directory '/__w/synthizer3d/synthizer3d'.
2025-06-25T00:36:23.2382504Z fatal: detected dubious ownership in repository at '/__w/synthizer3d/synthizer3d'
2025-06-25T00:36:23.2384522Z To add an exception for this directory, call:
2025-06-25T00:36:23.2384892Z 
2025-06-25T00:36:23.2385661Z 	git config --global --add safe.directory /__w/synthizer3d/synthizer3d
2025-06-25T00:36:23.2410899Z ##[group]Searching for vcpkg.json with glob expression 'vcpkg.json'
2025-06-25T00:36:23.2471381Z Found vcpkg.json at 'vcpkg.json'.
2025-06-25T00:36:23.2494720Z ##[endgroup]
2025-06-25T00:36:23.2495492Z ⏱ elapsed: 0.007 seconds
2025-06-25T00:36:23.2496625Z ##[group]The vcpkgCommitId is not provided, searching for a vcpkg-configuration.json using **/vcpkg-configuration.json
2025-06-25T00:36:23.2498035Z Searching for 'vcpkg-configuration.json' using: '**/vcpkg-configuration.json'
2025-06-25T00:36:23.2786629Z The file 'vcpkg-configuration.json' was not found with glob expression '**/vcpkg-configuration.json'.
2025-06-25T00:36:23.2789096Z A vcpkg-configuration.json is not found.
2025-06-25T00:36:23.2807144Z ##[endgroup]
2025-06-25T00:36:23.2807811Z ⏱ elapsed: 0.033 seconds
2025-06-25T00:36:23.2809407Z Found baseline '8f63c9ed5897d7367a92a442a79f91721e0fd38f', this is the Git commit id going to be used to fetch vcpkg from the repository
2025-06-25T00:36:23.2848969Z ##[group]Setup to run on GitHub Action runners
2025-06-25T00:36:23.2851574Z Set the workflow environment variable 'ACTIONS_CACHE_URL' to value 'https://acghubeus2.actions.githubusercontent.com/bwbzopuV3oKlbowlUKWdOnf6KF0vjv7EYqCB3ZHqukKhTVgy74/'
2025-06-25T00:36:23.2944381Z Set the workflow environment variable 'ACTIONS_RUNTIME_TOKEN' to value '***'
2025-06-25T00:36:23.2945595Z ##[endgroup]
2025-06-25T00:36:23.2946046Z ⏱ elapsed: 0.001 seconds
2025-06-25T00:36:23.2946531Z ##[group]Retrieving the vcpkg Git commit id at: '/__w/synthizer3d/synthizer3d/vcpkg'
2025-06-25T00:36:23.2947614Z Fetching the Git commit id at '/__w/synthizer3d/synthizer3d/vcpkg' ...
2025-06-25T00:36:23.2948536Z Running command '/usr/local/bin/git' with args 'rev-parse,HEAD' in current directory '/__w/synthizer3d/synthizer3d/vcpkg'.
2025-06-25T00:36:23.2949425Z fatal: detected dubious ownership in repository at '/__w/synthizer3d/synthizer3d'
2025-06-25T00:36:23.2949896Z To add an exception for this directory, call:
2025-06-25T00:36:23.2950084Z 
2025-06-25T00:36:23.2950367Z 	git config --global --add safe.directory /__w/synthizer3d/synthizer3d
2025-06-25T00:36:23.2951120Z Git commit id not found.
2025-06-25T00:36:23.2951539Z ##[endgroup]
2025-06-25T00:36:23.2951789Z ⏱ elapsed: 0.008 seconds
2025-06-25T00:36:23.2952147Z ##[group]Check whether vcpkg repository is up to date
2025-06-25T00:36:23.2952637Z Checking whether vcpkg's repository is updated to commit id '' ...
2025-06-25T00:36:23.2953147Z Current commit id of vcpkg: ''.
2025-06-25T00:36:23.2953433Z Is vcpkg repository updated? No
2025-06-25T00:36:23.2953761Z ##[endgroup]
2025-06-25T00:36:23.2954028Z ⏱ elapsed: 0.001 seconds
2025-06-25T00:36:23.2954481Z ##[group]Download vcpkg source code repository
2025-06-25T00:36:23.2955003Z Cloning vcpkg in '/__w/synthizer3d/synthizer3d/vcpkg'...
2025-06-25T00:36:23.2956522Z Running command '/usr/local/bin/git' with args 'clone,https://github.com/microsoft/vcpkg.git,-n,.' in current directory '/__w/synthizer3d/synthizer3d/vcpkg'.
2025-06-25T00:36:23.2981283Z Cloning into '.'...
2025-06-25T00:36:32.5475733Z Running command '/usr/local/bin/git' with args 'checkout,--force,8f63c9ed5897d7367a92a442a79f91721e0fd38f' in current directory '/__w/synthizer3d/synthizer3d/vcpkg'.
2025-06-25T00:36:33.2207495Z Note: switching to '8f63c9ed5897d7367a92a442a79f91721e0fd38f'.
2025-06-25T00:36:33.2207892Z 
2025-06-25T00:36:33.2208271Z You are in 'detached HEAD' state. You can look around, make experimental
2025-06-25T00:36:33.2208892Z changes and commit them, and you can discard any commits you make in this
2025-06-25T00:36:33.2209512Z state without impacting any branches by switching back to a branch.
2025-06-25T00:36:33.2209793Z 
2025-06-25T00:36:33.2210224Z If you want to create a new branch to retain commits you create, you may
2025-06-25T00:36:33.2210798Z do so (now or later) by using -c with the switch command. Example:
2025-06-25T00:36:33.2211053Z 
2025-06-25T00:36:33.2211228Z   git switch -c <new-branch-name>
2025-06-25T00:36:33.2211398Z 
2025-06-25T00:36:33.2211546Z Or undo this operation with:
2025-06-25T00:36:33.2211712Z 
2025-06-25T00:36:33.2211811Z   git switch -
2025-06-25T00:36:33.2211926Z 
2025-06-25T00:36:33.2212269Z Turn off this advice by setting config variable advice.detachedHead to false
2025-06-25T00:36:33.2212588Z 
2025-06-25T00:36:33.2212877Z HEAD is now at 8f63c9ed58 [tree-sitter-c] update to 0.24.1 (#45715)
2025-06-25T00:36:33.2231231Z Clone vcpkg in '/__w/synthizer3d/synthizer3d/vcpkg'.
2025-06-25T00:36:33.2232023Z ##[endgroup]
2025-06-25T00:36:33.2232542Z ⏱ elapsed: 9.932 seconds
2025-06-25T00:36:33.2233576Z ##[group]Build vcpkg executable
2025-06-25T00:36:33.2246390Z Running command 'chmod' with args '+x,/__w/synthizer3d/synthizer3d/vcpkg/bootstrap-vcpkg.sh' in current directory 'undefined'.
2025-06-25T00:36:33.2300599Z Running command '/usr/bin/sh' with args '-c,/__w/synthizer3d/synthizer3d/vcpkg/bootstrap-vcpkg.sh' in current directory '/__w/synthizer3d/synthizer3d/vcpkg'.
2025-06-25T00:36:33.2483220Z Downloading vcpkg-glibc...
2025-06-25T00:36:33.4603717Z vcpkg package management program version 2025-05-19-ece4c0f6b8fae9e94513d544c7aa753dd2c82337
2025-06-25T00:36:33.4604367Z 
2025-06-25T00:36:33.4604684Z See LICENSE.txt for license information.
2025-06-25T00:36:33.4623995Z Telemetry
2025-06-25T00:36:33.4624277Z ---------
2025-06-25T00:36:33.4624933Z vcpkg collects usage data in order to help us improve your experience.
2025-06-25T00:36:33.4625895Z The data collected by Microsoft is anonymous.
2025-06-25T00:36:33.4626494Z You can opt-out of telemetry by re-running the bootstrap-vcpkg script with -disableMetrics,
2025-06-25T00:36:33.4627103Z passing --disable-metrics to vcpkg on the command line,
2025-06-25T00:36:33.4627942Z or by setting the VCPKG_DISABLE_METRICS environment variable.
2025-06-25T00:36:33.4628359Z 
2025-06-25T00:36:33.4628766Z Read more about vcpkg telemetry at docs/about/privacy.md
2025-06-25T00:36:33.4639328Z Fetching the Git commit id at '/__w/synthizer3d/synthizer3d/vcpkg' ...
2025-06-25T00:36:33.4640906Z Running command '/usr/local/bin/git' with args 'rev-parse,HEAD' in current directory '/__w/synthizer3d/synthizer3d/vcpkg'.
2025-06-25T00:36:33.4683193Z 8f63c9ed5897d7367a92a442a79f91721e0fd38f
2025-06-25T00:36:33.4691242Z Stored last built vcpkg commit id '8f63c9ed5897d7367a92a442a79f91721e0fd38f' in file '/__w/synthizer3d/synthizer3d/vcpkg/vcpkgLastBuiltCommitId'.
2025-06-25T00:36:33.4692475Z ##[endgroup]
2025-06-25T00:36:33.4693185Z ⏱ elapsed: 0.246 seconds
2025-06-25T00:36:33.4693956Z ##[group]Add to PATH vcpkg at '/__w/synthizer3d/synthizer3d/vcpkg'
2025-06-25T00:36:33.4694689Z ##[endgroup]
2025-06-25T00:36:33.4695353Z ⏱ elapsed: 0.000 seconds
2025-06-25T00:36:33.4696295Z ##[group]Install/Update ports using vcpkg.json
2025-06-25T00:36:33.4700475Z Running 'vcpkg install,--recurse,--clean-after-build,--x-install-root,/__w/synthizer3d/synthizer3d/969f6665-88a2-4c98-938e-ca9259871fec/vcpkg_installed,--triplet,x64-linux' in directory '/__w/synthizer3d/synthizer3d' ...
2025-06-25T00:36:33.4707903Z Running command '/__w/synthizer3d/synthizer3d/vcpkg/vcpkg' with args 'install,--recurse,--clean-after-build,--x-install-root,/__w/synthizer3d/synthizer3d/969f6665-88a2-4c98-938e-ca9259871fec/vcpkg_installed,--triplet,x64-linux' in current directory '/__w/synthizer3d/synthizer3d'.
2025-06-25T00:36:34.3913292Z Detecting compiler hash for triplet x64-linux...
2025-06-25T00:36:35.0924330Z Compiler found: /opt/rh/gcc-toolset-14/root/usr/bin/c++
2025-06-25T00:36:35.0998551Z The following packages will be built and installed:
2025-06-25T00:36:35.0999439Z     libogg:x64-linux@1.3.5#2
2025-06-25T00:36:35.1000208Z     libvorbis:x64-linux@1.3.7#4
2025-06-25T00:36:35.1000896Z     opus:x64-linux@1.5.2
2025-06-25T00:36:35.1001629Z     opusfile:x64-linux@0.12+20221121#1
2025-06-25T00:36:35.1002417Z     soundtouch:x64-linux@2.3.3
2025-06-25T00:36:35.1003163Z   * vcpkg-cmake:x64-linux@2024-04-23
2025-06-25T00:36:35.1003870Z   * vcpkg-cmake-config:x64-linux@2024-05-23
2025-06-25T00:36:35.1004731Z Additional packages (*) will be modified to complete this operation.
2025-06-25T00:36:35.1006103Z Restored 0 package(s) from /home/runner/work/synthizer3d/synthizer3d/vcpkg_cache in 52.6 us. Use --debug to see more details.
2025-06-25T00:36:35.1006943Z Installing 1/7 vcpkg-cmake-config:x64-linux@2024-05-23...
2025-06-25T00:36:35.1007455Z Building vcpkg-cmake-config:x64-linux@2024-05-23...
2025-06-25T00:36:35.2711149Z -- Installing: /__w/synthizer3d/synthizer3d/vcpkg/packages/vcpkg-cmake-config_x64-linux/share/vcpkg-cmake-config/vcpkg_cmake_config_fixup.cmake
2025-06-25T00:36:35.2716233Z -- Installing: /__w/synthizer3d/synthizer3d/vcpkg/packages/vcpkg-cmake-config_x64-linux/share/vcpkg-cmake-config/vcpkg-port-config.cmake
2025-06-25T00:36:35.2718551Z -- Installing: /__w/synthizer3d/synthizer3d/vcpkg/packages/vcpkg-cmake-config_x64-linux/share/vcpkg-cmake-config/copyright
2025-06-25T00:36:35.2738460Z -- Skipping post-build validation due to VCPKG_POLICY_EMPTY_PACKAGE
2025-06-25T00:36:35.2751148Z Starting submission of vcpkg-cmake-config:x64-linux@2024-05-23 to 1 binary cache(s) in the background
2025-06-25T00:36:35.2760329Z Elapsed time to handle vcpkg-cmake-config:x64-linux: 175 ms
2025-06-25T00:36:35.2761685Z vcpkg-cmake-config:x64-linux package ABI: 363882f17f4f2571030827d3e78269b7dbea395d63cab8f644e26c1685d891d7
2025-06-25T00:36:35.2763854Z Installing 2/7 vcpkg-cmake:x64-linux@2024-04-23...
2025-06-25T00:36:35.2764880Z Building vcpkg-cmake:x64-linux@2024-04-23...
2025-06-25T00:36:35.4474336Z -- Installing: /__w/synthizer3d/synthizer3d/vcpkg/packages/vcpkg-cmake_x64-linux/share/vcpkg-cmake/vcpkg_cmake_configure.cmake
2025-06-25T00:36:35.4482329Z -- Installing: /__w/synthizer3d/synthizer3d/vcpkg/packages/vcpkg-cmake_x64-linux/share/vcpkg-cmake/vcpkg_cmake_build.cmake
2025-06-25T00:36:35.4484718Z -- Installing: /__w/synthizer3d/synthizer3d/vcpkg/packages/vcpkg-cmake_x64-linux/share/vcpkg-cmake/vcpkg_cmake_install.cmake
2025-06-25T00:36:35.4486606Z -- Installing: /__w/synthizer3d/synthizer3d/vcpkg/packages/vcpkg-cmake_x64-linux/share/vcpkg-cmake/vcpkg-port-config.cmake
2025-06-25T00:36:35.4488287Z -- Installing: /__w/synthizer3d/synthizer3d/vcpkg/packages/vcpkg-cmake_x64-linux/share/vcpkg-cmake/copyright
2025-06-25T00:36:35.4503867Z -- Performing post-build validation
2025-06-25T00:36:35.4522890Z Starting submission of vcpkg-cmake:x64-linux@2024-04-23 to 1 binary cache(s) in the background
2025-06-25T00:36:35.4533385Z Elapsed time to handle vcpkg-cmake:x64-linux: 177 ms
2025-06-25T00:36:35.4535701Z vcpkg-cmake:x64-linux package ABI: ac88e4dec74e861499ccff4bec61abd7477a39fecbe216b4bdc885c7b3fdeee5
2025-06-25T00:36:35.4537082Z Completed submission of vcpkg-cmake-config:x64-linux@2024-05-23 to 1 binary cache(s) in 6.1 ms
2025-06-25T00:36:35.4537940Z Installing 3/7 libogg:x64-linux@1.3.5#2...
2025-06-25T00:36:35.4538486Z Building libogg:x64-linux@1.3.5#2...
2025-06-25T00:36:35.6254042Z Downloading https://gitlab.xiph.org/xiph/ogg/-/archive/v1.3.5/ogg-v1.3.5.tar.gz -> xiph-ogg-v1.3.5.tar.gz
2025-06-25T00:36:36.4995534Z Successfully downloaded xiph-ogg-v1.3.5.tar.gz
2025-06-25T00:36:36.5010094Z -- Extracting source /__w/synthizer3d/synthizer3d/vcpkg/downloads/xiph-ogg-v1.3.5.tar.gz
2025-06-25T00:36:36.5122574Z -- Using source at /__w/synthizer3d/synthizer3d/vcpkg/buildtrees/libogg/src/v1.3.5-1a4243fef9.clean
2025-06-25T00:36:36.5183522Z -- Configuring x64-linux
2025-06-25T00:36:37.9580161Z -- Building x64-linux-dbg
2025-06-25T00:36:38.0568705Z -- Building x64-linux-rel
2025-06-25T00:36:38.4431125Z -- Fixing pkgconfig file: /__w/synthizer3d/synthizer3d/vcpkg/packages/libogg_x64-linux/lib/pkgconfig/ogg.pc
2025-06-25T00:36:38.4462678Z -- Fixing pkgconfig file: /__w/synthizer3d/synthizer3d/vcpkg/packages/libogg_x64-linux/debug/lib/pkgconfig/ogg.pc
2025-06-25T00:36:38.4491944Z -- Installing: /__w/synthizer3d/synthizer3d/vcpkg/packages/libogg_x64-linux/share/libogg/copyright
2025-06-25T00:36:38.4523225Z -- Performing post-build validation
2025-06-25T00:36:38.4609514Z Starting submission of libogg:x64-linux@1.3.5#2 to 1 binary cache(s) in the background
2025-06-25T00:36:38.4615463Z Elapsed time to handle libogg:x64-linux: 3 s
2025-06-25T00:36:38.4616578Z libogg:x64-linux package ABI: d8b44cc3ade59b8efaffc796447810e39d0f97191561856b8f993fecff5206c7
2025-06-25T00:36:38.4617849Z Completed submission of vcpkg-cmake:x64-linux@2024-04-23 to 1 binary cache(s) in 5.06 ms
2025-06-25T00:36:38.4618681Z Installing 4/7 libvorbis:x64-linux@1.3.7#4...
2025-06-25T00:36:38.4619290Z Building libvorbis:x64-linux@1.3.7#4...
2025-06-25T00:36:38.6367842Z Downloading https://github.com/xiph/vorbis/archive/v1.3.7.tar.gz -> xiph-vorbis-v1.3.7.tar.gz
2025-06-25T00:36:38.9389332Z Successfully downloaded xiph-vorbis-v1.3.7.tar.gz
2025-06-25T00:36:38.9426361Z -- Extracting source /__w/synthizer3d/synthizer3d/vcpkg/downloads/xiph-vorbis-v1.3.7.tar.gz
2025-06-25T00:36:38.9741011Z -- Applying patch 0001-Dont-export-vorbisenc-functions.patch
2025-06-25T00:36:38.9765456Z -- Applying patch 0002-Fixup-pkgconfig-libs.patch
2025-06-25T00:36:38.9788994Z -- Applying patch 0003-def-mingw-compat.patch
2025-06-25T00:36:38.9813845Z -- Applying patch 0004-ogg-find-dependency.patch
2025-06-25T00:36:38.9839703Z -- Using source at /__w/synthizer3d/synthizer3d/vcpkg/buildtrees/libvorbis/src/v1.3.7-c32164610e.clean
2025-06-25T00:36:38.9898006Z -- Configuring x64-linux
2025-06-25T00:36:39.4967192Z -- Building x64-linux-dbg
2025-06-25T00:36:40.5375320Z -- Building x64-linux-rel
2025-06-25T00:36:43.5181095Z -- Fixing pkgconfig file: /__w/synthizer3d/synthizer3d/vcpkg/packages/libvorbis_x64-linux/lib/pkgconfig/vorbis.pc
2025-06-25T00:36:43.5186759Z -- Fixing pkgconfig file: /__w/synthizer3d/synthizer3d/vcpkg/packages/libvorbis_x64-linux/lib/pkgconfig/vorbisenc.pc
2025-06-25T00:36:43.5192536Z -- Fixing pkgconfig file: /__w/synthizer3d/synthizer3d/vcpkg/packages/libvorbis_x64-linux/lib/pkgconfig/vorbisfile.pc
2025-06-25T00:36:43.5271453Z -- Fixing pkgconfig file: /__w/synthizer3d/synthizer3d/vcpkg/packages/libvorbis_x64-linux/debug/lib/pkgconfig/vorbis.pc
2025-06-25T00:36:43.5278838Z -- Fixing pkgconfig file: /__w/synthizer3d/synthizer3d/vcpkg/packages/libvorbis_x64-linux/debug/lib/pkgconfig/vorbisenc.pc
2025-06-25T00:36:43.5287487Z -- Fixing pkgconfig file: /__w/synthizer3d/synthizer3d/vcpkg/packages/libvorbis_x64-linux/debug/lib/pkgconfig/vorbisfile.pc
2025-06-25T00:36:43.5369798Z -- Installing: /__w/synthizer3d/synthizer3d/vcpkg/packages/libvorbis_x64-linux/share/libvorbis/usage
2025-06-25T00:36:43.5379370Z -- Installing: /__w/synthizer3d/synthizer3d/vcpkg/packages/libvorbis_x64-linux/share/libvorbis/copyright
2025-06-25T00:36:43.5444742Z -- Performing post-build validation
2025-06-25T00:36:43.5624795Z Starting submission of libvorbis:x64-linux@1.3.7#4 to 1 binary cache(s) in the background
2025-06-25T00:36:43.5631565Z Elapsed time to handle libvorbis:x64-linux: 5.1 s
2025-06-25T00:36:43.5632793Z libvorbis:x64-linux package ABI: f382c4569460cf6689ec63ea01d5f3fc4abeb00efa059b9f7be7f85d2443987b
2025-06-25T00:36:43.5633990Z Completed submission of libogg:x64-linux@1.3.5#2 to 1 binary cache(s) in 11 ms
2025-06-25T00:36:43.5634724Z Installing 5/7 opus:x64-linux@1.5.2...
2025-06-25T00:36:43.5635568Z Building opus:x64-linux@1.5.2...
2025-06-25T00:36:43.7385997Z Downloading https://github.com/xiph/opus/archive/v1.5.2.tar.gz -> xiph-opus-v1.5.2.tar.gz
2025-06-25T00:36:43.8720317Z Successfully downloaded xiph-opus-v1.5.2.tar.gz
2025-06-25T00:36:43.8817590Z -- Extracting source /__w/synthizer3d/synthizer3d/vcpkg/downloads/xiph-opus-v1.5.2.tar.gz
2025-06-25T00:36:43.9534558Z -- Applying patch fix-pkgconfig-version.patch
2025-06-25T00:36:43.9564684Z -- Using source at /__w/synthizer3d/synthizer3d/vcpkg/buildtrees/opus/src/v1.5.2-81ed242155.clean
2025-06-25T00:36:43.9635609Z -- Configuring x64-linux
2025-06-25T00:36:46.0226602Z -- Building x64-linux-dbg
2025-06-25T00:36:48.9697760Z -- Building x64-linux-rel
2025-06-25T00:36:56.5638829Z -- Fixing pkgconfig file: /__w/synthizer3d/synthizer3d/vcpkg/packages/opus_x64-linux/lib/pkgconfig/opus.pc
2025-06-25T00:36:56.5673144Z -- Fixing pkgconfig file: /__w/synthizer3d/synthizer3d/vcpkg/packages/opus_x64-linux/debug/lib/pkgconfig/opus.pc
2025-06-25T00:36:56.5707627Z -- Installing: /__w/synthizer3d/synthizer3d/vcpkg/packages/opus_x64-linux/share/opus/copyright
2025-06-25T00:36:56.5735297Z -- Performing post-build validation
2025-06-25T00:36:56.6052080Z Starting submission of opus:x64-linux@1.5.2 to 1 binary cache(s) in the background
2025-06-25T00:36:56.6071667Z Elapsed time to handle opus:x64-linux: 13 s
2025-06-25T00:36:56.6073552Z opus:x64-linux package ABI: 04f9dad90a5c36dd9951b4320c6722e27baf1ea313be502ce109428f71906b14
2025-06-25T00:36:56.6074786Z Completed submission of libvorbis:x64-linux@1.3.7#4 to 1 binary cache(s) in 111 ms
2025-06-25T00:36:56.6076238Z Installing 6/7 opusfile:x64-linux@0.12+20221121#1...
2025-06-25T00:36:56.6076908Z Building opusfile:x64-linux@0.12+20221121#1...
2025-06-25T00:36:56.7841763Z Downloading https://github.com/xiph/opusfile/archive/9d718345ce03b2fad5d7d28e0bcd1cc69ab2b166.tar.gz -> xiph-opusfile-9d718345ce03b2fad5d7d28e0bcd1cc69ab2b166.tar.gz
2025-06-25T00:36:56.9712694Z Successfully downloaded xiph-opusfile-9d718345ce03b2fad5d7d28e0bcd1cc69ab2b166.tar.gz
2025-06-25T00:36:56.9723814Z -- Extracting source /__w/synthizer3d/synthizer3d/vcpkg/downloads/xiph-opusfile-9d718345ce03b2fad5d7d28e0bcd1cc69ab2b166.tar.gz
2025-06-25T00:36:56.9807311Z -- Using source at /__w/synthizer3d/synthizer3d/vcpkg/buildtrees/opusfile/src/c69ab2b166-6cc7de23ec.clean
2025-06-25T00:36:56.9869781Z -- Configuring x64-linux
2025-06-25T00:36:57.3129720Z -- Building x64-linux-dbg
2025-06-25T00:36:57.5598271Z -- Building x64-linux-rel
2025-06-25T00:36:58.6896164Z -- Fixing pkgconfig file: /__w/synthizer3d/synthizer3d/vcpkg/packages/opusfile_x64-linux/lib/pkgconfig/opusfile.pc
2025-06-25T00:36:58.6927103Z -- Fixing pkgconfig file: /__w/synthizer3d/synthizer3d/vcpkg/packages/opusfile_x64-linux/debug/lib/pkgconfig/opusfile.pc
2025-06-25T00:36:58.6969185Z -- Installing: /__w/synthizer3d/synthizer3d/vcpkg/packages/opusfile_x64-linux/share/opusfile/copyright
2025-06-25T00:36:58.6973427Z -- Installing: /__w/synthizer3d/synthizer3d/vcpkg/packages/opusfile_x64-linux/share/opusfile/usage
2025-06-25T00:36:58.7041140Z -- Performing post-build validation
2025-06-25T00:36:58.7106035Z Starting submission of opusfile:x64-linux@0.12+20221121#1 to 1 binary cache(s) in the background
2025-06-25T00:36:58.7112719Z Elapsed time to handle opusfile:x64-linux: 2.1 s
2025-06-25T00:36:58.7113861Z opusfile:x64-linux package ABI: fd7612ad2bcd93fc69239f81d47b9bc3a46993db1f75734c5126e65414d71bef
2025-06-25T00:36:58.7114585Z Completed submission of opus:x64-linux@1.5.2 to 1 binary cache(s) in 147 ms
2025-06-25T00:36:58.7115254Z Installing 7/7 soundtouch:x64-linux@2.3.3...
2025-06-25T00:36:58.7115740Z Building soundtouch:x64-linux@2.3.3...
2025-06-25T00:36:58.8860840Z Downloading https://codeberg.org/soundtouch/soundtouch/archive/2.3.3.tar.gz -> soundtouch-soundtouch-2.3.3.tar.gz
2025-06-25T00:36:59.8414191Z Successfully downloaded soundtouch-soundtouch-2.3.3.tar.gz
2025-06-25T00:36:59.8438026Z -- Extracting source /__w/synthizer3d/synthizer3d/vcpkg/downloads/soundtouch-soundtouch-2.3.3.tar.gz
2025-06-25T00:36:59.8591068Z -- Using source at /__w/synthizer3d/synthizer3d/vcpkg/buildtrees/soundtouch/src/2.3.3-309213044d.clean
2025-06-25T00:36:59.8650408Z -- Configuring x64-linux
2025-06-25T00:37:00.3117021Z -- Building x64-linux-dbg
2025-06-25T00:37:02.5462076Z -- Building x64-linux-rel
2025-06-25T00:37:04.6406129Z -- Fixing pkgconfig file: /__w/synthizer3d/synthizer3d/vcpkg/packages/soundtouch_x64-linux/lib/pkgconfig/soundtouch.pc
2025-06-25T00:37:04.6439895Z -- Fixing pkgconfig file: /__w/synthizer3d/synthizer3d/vcpkg/packages/soundtouch_x64-linux/debug/lib/pkgconfig/soundtouch.pc
2025-06-25T00:37:04.6471483Z -- Installing: /__w/synthizer3d/synthizer3d/vcpkg/packages/soundtouch_x64-linux/share/soundtouch/copyright
2025-06-25T00:37:04.6501252Z -- Performing post-build validation
2025-06-25T00:37:04.6596765Z Starting submission of soundtouch:x64-linux@2.3.3 to 1 binary cache(s) in the background
2025-06-25T00:37:04.6602613Z Elapsed time to handle soundtouch:x64-linux: 5.9 s
2025-06-25T00:37:04.6603776Z soundtouch:x64-linux package ABI: f8bb33b2215e63dd46f37dca44d85bc7ca902aefd1f9e387243d7f5b5d273a3b
2025-06-25T00:37:04.6612771Z libogg provides CMake targets:
2025-06-25T00:37:04.6613228Z 
2025-06-25T00:37:04.6613750Z   # this is heuristically generated, and may not be correct
2025-06-25T00:37:04.6614411Z   find_package(Ogg CONFIG REQUIRED)
2025-06-25T00:37:04.6622896Z   target_link_libraries(main PRIVATE Ogg::ogg)
2025-06-25T00:37:04.6623263Z 
2025-06-25T00:37:04.6623572Z libogg provides pkg-config modules:
2025-06-25T00:37:04.6624185Z 
2025-06-25T00:37:04.6624566Z   # ogg is a library for manipulating ogg bitstreams
2025-06-25T00:37:04.6626521Z   ogg
2025-06-25T00:37:04.6626726Z 
2025-06-25T00:37:04.6627085Z The package libvorbis provides CMake targets:
2025-06-25T00:37:04.6627436Z 
2025-06-25T00:37:04.6627827Z     # Vorbis reference encoder and decoder, low-level API
2025-06-25T00:37:04.6628478Z     find_package(Vorbis CONFIG REQUIRED)
2025-06-25T00:37:04.6629160Z     target_link_libraries(main PRIVATE Vorbis::vorbis)
2025-06-25T00:37:04.6629515Z 
2025-06-25T00:37:04.6629998Z     # Audio stream decoding and basic manipulation, high-level API
2025-06-25T00:37:04.6630684Z     find_package(Vorbis CONFIG REQUIRED)
2025-06-25T00:37:04.6631383Z     target_link_libraries(main PRIVATE Vorbis::vorbisfile)
2025-06-25T00:37:04.6631750Z 
2025-06-25T00:37:04.6632429Z     # Convenience API for setting up an encoding environment
2025-06-25T00:37:04.6633092Z     find_package(Vorbis CONFIG REQUIRED)
2025-06-25T00:37:04.6633800Z     target_link_libraries(main PRIVATE Vorbis::vorbisenc)
2025-06-25T00:37:04.6634189Z 
2025-06-25T00:37:04.6634426Z opus provides CMake targets:
2025-06-25T00:37:04.6634680Z 
2025-06-25T00:37:04.6635262Z   # this is heuristically generated, and may not be correct
2025-06-25T00:37:04.6635910Z   find_package(Opus CONFIG REQUIRED)
2025-06-25T00:37:04.6636531Z   target_link_libraries(main PRIVATE Opus::opus)
2025-06-25T00:37:04.6636842Z 
2025-06-25T00:37:04.6637067Z opus provides pkg-config modules:
2025-06-25T00:37:04.6637285Z 
2025-06-25T00:37:04.6637498Z   # Opus IETF audio codec ( build)
2025-06-25T00:37:04.6637797Z   opus
2025-06-25T00:37:04.6637934Z 
2025-06-25T00:37:04.6638203Z The package opusfile provides CMake targets:
2025-06-25T00:37:04.6638463Z 
2025-06-25T00:37:04.6638755Z     find_package(OpusFile CONFIG REQUIRED)
2025-06-25T00:37:04.6639457Z     target_link_libraries(main PRIVATE OpusFile::opusfile)
2025-06-25T00:37:04.6639816Z 
2025-06-25T00:37:04.6640042Z     # To use the opusurl API
2025-06-25T00:37:04.6640676Z     target_link_libraries(main PRIVATE OpusFile::opusurl)
2025-06-25T00:37:04.6641043Z 
2025-06-25T00:37:04.6641305Z soundtouch provides CMake targets:
2025-06-25T00:37:04.6641572Z 
2025-06-25T00:37:04.6641965Z   # this is heuristically generated, and may not be correct
2025-06-25T00:37:04.6642621Z   find_package(SoundTouch CONFIG REQUIRED)
2025-06-25T00:37:04.6643332Z   target_link_libraries(main PRIVATE SoundTouch::SoundTouch)
2025-06-25T00:37:04.6643718Z 
2025-06-25T00:37:04.6644053Z soundtouch provides pkg-config modules:
2025-06-25T00:37:04.6644350Z 
2025-06-25T00:37:04.6645472Z   # SoundTouch is an open-source audio processing library for changing the Tempo, Pitch and Playback Rates of audio streams or files
2025-06-25T00:37:04.6646291Z   soundtouch
2025-06-25T00:37:04.6646464Z 
2025-06-25T00:37:04.6647102Z Completed submission of opusfile:x64-linux@0.12+20221121#1 to 1 binary cache(s) in 20.6 ms
2025-06-25T00:37:04.6647965Z Waiting for 1 remaining binary cache submissions...
2025-06-25T00:37:04.7274815Z Completed submission of soundtouch:x64-linux@2.3.3 to 1 binary cache(s) in 67.8 ms (1/1)
2025-06-25T00:37:04.7278632Z All requested installations completed successfully in: 30 s
2025-06-25T00:37:04.7287128Z ##[endgroup]
2025-06-25T00:37:04.7287884Z ⏱ elapsed: 31.259 seconds
2025-06-25T00:37:04.7288573Z ##[group]Set output environment variables
2025-06-25T00:37:04.7289713Z Set the workflow environment variable 'RUNVCPKG_VCPKG_ROOT' to value '/__w/synthizer3d/synthizer3d/vcpkg'
2025-06-25T00:37:04.7291422Z Set the workflow environment variable 'VCPKG_ROOT' to value '/__w/synthizer3d/synthizer3d/vcpkg'
2025-06-25T00:37:04.7293101Z Set the step output variable 'RUNVCPKG_VCPKG_ROOT_OUT' to value '/__w/synthizer3d/synthizer3d/vcpkg''
2025-06-25T00:37:04.7294370Z Set the workflow environment variable 'VCPKG_DEFAULT_TRIPLET' to value 'x64-linux'
2025-06-25T00:37:04.7296095Z Set the step output variable 'RUNVCPKG_VCPKG_DEFAULT_TRIPLET_OUT' to value 'x64-linux''
2025-06-25T00:37:04.7297146Z ##[endgroup]
2025-06-25T00:37:04.7298013Z ⏱ elapsed: 0.001 seconds
2025-06-25T00:37:04.7300578Z run-vcpkg action execution succeeded
2025-06-25T00:37:04.7423143Z ##[group]Run $PYTHON_PATH/bin/python synthizer-c/vendor.py synthizer-vendored
2025-06-25T00:37:04.7423667Z [36;1m$PYTHON_PATH/bin/python synthizer-c/vendor.py synthizer-vendored[0m
2025-06-25T00:37:04.7424233Z shell: sh -e {0}
2025-06-25T00:37:04.7424410Z env:
2025-06-25T00:37:04.7424558Z   CI_ARCH: x86_64
2025-06-25T00:37:04.7424739Z   MANYLINUX_VERSION: manylinux_2_28
2025-06-25T00:37:04.7424957Z   PYVERSION: 3.10
2025-06-25T00:37:04.7425463Z   VCPKG_DEFAULT_TRIPLET: x64-linux
2025-06-25T00:37:04.7425895Z   EFFECTIVE_VCPKG_INSTALLED_DIR_BASE: /home/runner/work/synthizer3d/synthizer3d/vcpkg_installed
2025-06-25T00:37:04.7426315Z   PYTHON_PATH: /opt/python/cp310-cp310
2025-06-25T00:37:04.7426761Z   VCPKG_DEFAULT_BINARY_CACHE: /__w/synthizer3d/synthizer3d/969f6665-88a2-4c98-938e-ca9259871fec/vcpkg_cache
2025-06-25T00:37:04.7427370Z   VCPKG_BINARY_SOURCES: clear;files,/home/runner/work/synthizer3d/synthizer3d/vcpkg_cache,readwrite
2025-06-25T00:37:04.7428137Z   ACTIONS_CACHE_URL: https://acghubeus2.actions.githubusercontent.com/bwbzopuV3oKlbowlUKWdOnf6KF0vjv7EYqCB3ZHqukKhTVgy74/
2025-06-25T00:37:04.7471686Z   ACTIONS_RUNTIME_TOKEN: ***
2025-06-25T00:37:04.7471978Z   RUNVCPKG_VCPKG_ROOT: /__w/synthizer3d/synthizer3d/vcpkg
2025-06-25T00:37:04.7472293Z   VCPKG_ROOT: /__w/synthizer3d/synthizer3d/vcpkg
2025-06-25T00:37:04.7472552Z ##[endgroup]
2025-06-25T00:37:05.2023636Z ##[group]Run echo "🔧 Fixing C++ compilation issues..."
2025-06-25T00:37:05.2024066Z [36;1mecho "🔧 Fixing C++ compilation issues..."[0m
2025-06-25T00:37:05.2024569Z [36;1mif [ -f "synthizer-vendored/include/synthizer/property_automation_timeline.hpp" ]; then[0m
2025-06-25T00:37:05.2025935Z [36;1m  sed -i 's/PropertyAutomationPoint<N>(const PropertyAutomationPoint<N> &) = default;/PropertyAutomationPoint(const PropertyAutomationPoint<N> \&) = default;/g' \[0m
2025-06-25T00:37:05.2026739Z [36;1m    synthizer-vendored/include/synthizer/property_automation_timeline.hpp[0m
2025-06-25T00:37:05.2027121Z [36;1mfi[0m
2025-06-25T00:37:05.2027404Z [36;1mif [ -f "synthizer-vendored/include/synthizer/decoders/mp3.hpp" ]; then[0m
2025-06-25T00:37:05.2028017Z [36;1m  sed -i 's/local_seek_cb_for_init = (drmp3_seek_proc)seek_cb;/local_seek_cb_for_init = reinterpret_cast<drmp3_seek_proc>(seek_cb);/g' \[0m
2025-06-25T00:37:05.2028620Z [36;1m    synthizer-vendored/include/synthizer/decoders/mp3.hpp[0m
2025-06-25T00:37:05.2028913Z [36;1mfi[0m
2025-06-25T00:37:05.2029231Z [36;1mfind synthizer-vendored -name "CMakeLists.txt" -exec sed -i 's/-Werror//g' {} \;[0m
2025-06-25T00:37:05.2029733Z [36;1mfind synthizer-vendored -name "*.cmake" -exec sed -i 's/-Werror//g' {} \;[0m
2025-06-25T00:37:05.2030171Z shell: sh -e {0}
2025-06-25T00:37:05.2030346Z env:
2025-06-25T00:37:05.2030501Z   CI_ARCH: x86_64
2025-06-25T00:37:05.2030689Z   MANYLINUX_VERSION: manylinux_2_28
2025-06-25T00:37:05.2030912Z   PYVERSION: 3.10
2025-06-25T00:37:05.2031135Z   VCPKG_DEFAULT_TRIPLET: x64-linux
2025-06-25T00:37:05.2031534Z   EFFECTIVE_VCPKG_INSTALLED_DIR_BASE: /home/runner/work/synthizer3d/synthizer3d/vcpkg_installed
2025-06-25T00:37:05.2031961Z   PYTHON_PATH: /opt/python/cp310-cp310
2025-06-25T00:37:05.2032401Z   VCPKG_DEFAULT_BINARY_CACHE: /__w/synthizer3d/synthizer3d/969f6665-88a2-4c98-938e-ca9259871fec/vcpkg_cache
2025-06-25T00:37:05.2033015Z   VCPKG_BINARY_SOURCES: clear;files,/home/runner/work/synthizer3d/synthizer3d/vcpkg_cache,readwrite
2025-06-25T00:37:05.2033758Z   ACTIONS_CACHE_URL: https://acghubeus2.actions.githubusercontent.com/bwbzopuV3oKlbowlUKWdOnf6KF0vjv7EYqCB3ZHqukKhTVgy74/
2025-06-25T00:37:05.2077829Z   ACTIONS_RUNTIME_TOKEN: ***
2025-06-25T00:37:05.2078127Z   RUNVCPKG_VCPKG_ROOT: /__w/synthizer3d/synthizer3d/vcpkg
2025-06-25T00:37:05.2078441Z   VCPKG_ROOT: /__w/synthizer3d/synthizer3d/vcpkg
2025-06-25T00:37:05.2078697Z ##[endgroup]
2025-06-25T00:37:05.2656992Z 🔧 Fixing C++ compilation issues...
2025-06-25T00:37:05.3686467Z ##[group]Run echo "🔧 Setting up CMake paths for vcpkg libraries..."
2025-06-25T00:37:05.3686988Z [36;1mecho "🔧 Setting up CMake paths for vcpkg libraries..."[0m
2025-06-25T00:37:05.3687291Z [36;1m[0m
2025-06-25T00:37:05.3687542Z [36;1mecho "🔍 Debug: Environment variables from run-vcpkg action..."[0m
2025-06-25T00:37:05.3687881Z [36;1mecho "VCPKG_ROOT: $VCPKG_ROOT"[0m
2025-06-25T00:37:05.3688198Z [36;1mecho "VCPKG_DEFAULT_TRIPLET: $VCPKG_DEFAULT_TRIPLET"[0m
2025-06-25T00:37:05.3688484Z [36;1m[0m
2025-06-25T00:37:05.3688698Z [36;1m# Find the actual vcpkg installation directory[0m
2025-06-25T00:37:05.3689040Z [36;1mecho "🔍 Searching for vcpkg installation directory..."[0m
2025-06-25T00:37:05.3689353Z [36;1mVCPKG_INSTALLED_PATH=""[0m
2025-06-25T00:37:05.3689553Z [36;1m[0m
2025-06-25T00:37:05.3689772Z [36;1m# Method 1: Look for the actual installation directory[0m
2025-06-25T00:37:05.3690091Z [36;1mif [ -d "$(pwd)/vcpkg_installed" ]; then[0m
2025-06-25T00:37:05.3690501Z [36;1m  VCPKG_INSTALLED_PATH="$(pwd)/vcpkg_installed/$VCPKG_DEFAULT_TRIPLET"[0m
2025-06-25T00:37:05.3690888Z [36;1m  echo "✅ Found Method 1: $VCPKG_INSTALLED_PATH"[0m
2025-06-25T00:37:05.3691149Z [36;1mfi[0m
2025-06-25T00:37:05.3691297Z [36;1m[0m
2025-06-25T00:37:05.3691539Z [36;1m# Method 2: Search in workspace for any vcpkg_installed directory[0m
2025-06-25T00:37:05.3691956Z [36;1mif [ -z "$VCPKG_INSTALLED_PATH" ] || [ ! -d "$VCPKG_INSTALLED_PATH" ]; then[0m
2025-06-25T00:37:05.3692376Z [36;1m  SEARCH_PATH=$(find "$(pwd)" -name "vcpkg_installed" -type d | head -1)[0m
2025-06-25T00:37:05.3692721Z [36;1m  if [ -n "$SEARCH_PATH" ]; then[0m
2025-06-25T00:37:05.3693033Z [36;1m    VCPKG_INSTALLED_PATH="$SEARCH_PATH/$VCPKG_DEFAULT_TRIPLET"[0m
2025-06-25T00:37:05.3693385Z [36;1m    echo "✅ Found Method 2: $VCPKG_INSTALLED_PATH"[0m
2025-06-25T00:37:05.3693644Z [36;1m  fi[0m
2025-06-25T00:37:05.3693797Z [36;1mfi[0m
2025-06-25T00:37:05.3693946Z [36;1m[0m
2025-06-25T00:37:05.3694150Z [36;1m# Method 3: Use the RUNVCPKG output (if available)[0m
2025-06-25T00:37:05.3694528Z [36;1mif [ -z "$VCPKG_INSTALLED_PATH" ] || [ ! -d "$VCPKG_INSTALLED_PATH" ]; then[0m
2025-06-25T00:37:05.3694904Z [36;1m  # Look for any directory containing the triplet name[0m
2025-06-25T00:37:05.3695711Z [36;1m  TRIPLET_DIR=$(find "$(pwd)" -name "$VCPKG_DEFAULT_TRIPLET" -type d | grep vcpkg | head -1)[0m
2025-06-25T00:37:05.3696108Z [36;1m  if [ -n "$TRIPLET_DIR" ]; then[0m
2025-06-25T00:37:05.3696361Z [36;1m    VCPKG_INSTALLED_PATH="$TRIPLET_DIR"[0m
2025-06-25T00:37:05.3696653Z [36;1m    echo "✅ Found Method 3: $VCPKG_INSTALLED_PATH"[0m
2025-06-25T00:37:05.3696906Z [36;1m  fi[0m
2025-06-25T00:37:05.3697065Z [36;1mfi[0m
2025-06-25T00:37:05.3697212Z [36;1m[0m
2025-06-25T00:37:05.3697381Z [36;1m# Verify the path exists[0m
2025-06-25T00:37:05.3697698Z [36;1mif [ -z "$VCPKG_INSTALLED_PATH" ] || [ ! -d "$VCPKG_INSTALLED_PATH" ]; then[0m
2025-06-25T00:37:05.3698096Z [36;1m  echo "❌ Could not find vcpkg installation directory"[0m
2025-06-25T00:37:05.3698403Z [36;1m  echo "📂 Workspace contents:"[0m
2025-06-25T00:37:05.3698676Z [36;1m  find "$(pwd)" -name "*vcpkg*" -type d | head -10[0m
2025-06-25T00:37:05.3699022Z [36;1m  echo "📂 Looking for any $VCPKG_DEFAULT_TRIPLET directories:"[0m
2025-06-25T00:37:05.3699390Z [36;1m  find "$(pwd)" -name "$VCPKG_DEFAULT_TRIPLET" -type d | head -5[0m
2025-06-25T00:37:05.3699683Z [36;1m  exit 1[0m
2025-06-25T00:37:05.3699845Z [36;1mfi[0m
2025-06-25T00:37:05.3699998Z [36;1m[0m
2025-06-25T00:37:05.3700208Z [36;1mecho "✅ Using vcpkg path: $VCPKG_INSTALLED_PATH"[0m
2025-06-25T00:37:05.3700466Z [36;1m[0m
2025-06-25T00:37:05.3700638Z [36;1m# Verify libraries are installed[0m
2025-06-25T00:37:05.3700903Z [36;1mecho "📂 Checking installed libraries..."[0m
2025-06-25T00:37:05.3701290Z [36;1mls -la "$VCPKG_INSTALLED_PATH/lib/" | head -10 || echo "No lib directory found"[0m
2025-06-25T00:37:05.3701991Z [36;1mls -la "$VCPKG_INSTALLED_PATH/include/" | head -5 || echo "No include directory found"[0m
2025-06-25T00:37:05.3702521Z [36;1m[0m
2025-06-25T00:37:05.3702707Z [36;1m# Set environment variables for the build[0m
2025-06-25T00:37:05.3703040Z [36;1mecho "CMAKE_PREFIX_PATH=${VCPKG_INSTALLED_PATH}" >> $GITHUB_ENV[0m
2025-06-25T00:37:05.3703531Z [36;1mecho "PKG_CONFIG_PATH=${VCPKG_INSTALLED_PATH}/lib/pkgconfig:${PKG_CONFIG_PATH}" >> $GITHUB_ENV[0m
2025-06-25T00:37:05.3704162Z [36;1mecho "LD_LIBRARY_PATH=${VCPKG_INSTALLED_PATH}/lib:${LD_LIBRARY_PATH}" >> $GITHUB_ENV[0m
2025-06-25T00:37:05.3704630Z [36;1mecho "VCPKG_INSTALLED_PATH=${VCPKG_INSTALLED_PATH}" >> $GITHUB_ENV[0m
2025-06-25T00:37:05.3705339Z [36;1mecho "CMAKE_TOOLCHAIN_FILE=${VCPKG_ROOT}/scripts/buildsystems/vcpkg.cmake" >> $GITHUB_ENV[0m
2025-06-25T00:37:05.3705723Z [36;1m[0m
2025-06-25T00:37:05.3705934Z [36;1mecho "✅ Environment variables set for CMake build"[0m
2025-06-25T00:37:05.3706545Z shell: sh -e {0}
2025-06-25T00:37:05.3706720Z env:
2025-06-25T00:37:05.3706877Z   CI_ARCH: x86_64
2025-06-25T00:37:05.3707068Z   MANYLINUX_VERSION: manylinux_2_28
2025-06-25T00:37:05.3707290Z   PYVERSION: 3.10
2025-06-25T00:37:05.3707483Z   VCPKG_DEFAULT_TRIPLET: x64-linux
2025-06-25T00:37:05.3708056Z   EFFECTIVE_VCPKG_INSTALLED_DIR_BASE: /home/runner/work/synthizer3d/synthizer3d/vcpkg_installed
2025-06-25T00:37:05.3708612Z   PYTHON_PATH: /opt/python/cp310-cp310
2025-06-25T00:37:05.3709060Z   VCPKG_DEFAULT_BINARY_CACHE: /__w/synthizer3d/synthizer3d/969f6665-88a2-4c98-938e-ca9259871fec/vcpkg_cache
2025-06-25T00:37:05.3709720Z   VCPKG_BINARY_SOURCES: clear;files,/home/runner/work/synthizer3d/synthizer3d/vcpkg_cache,readwrite
2025-06-25T00:37:05.3710464Z   ACTIONS_CACHE_URL: https://acghubeus2.actions.githubusercontent.com/bwbzopuV3oKlbowlUKWdOnf6KF0vjv7EYqCB3ZHqukKhTVgy74/
2025-06-25T00:37:05.3753951Z   ACTIONS_RUNTIME_TOKEN: ***
2025-06-25T00:37:05.3754235Z   RUNVCPKG_VCPKG_ROOT: /__w/synthizer3d/synthizer3d/vcpkg
2025-06-25T00:37:05.3754554Z   VCPKG_ROOT: /__w/synthizer3d/synthizer3d/vcpkg
2025-06-25T00:37:05.3754817Z ##[endgroup]
2025-06-25T00:37:05.4308595Z 🔧 Setting up CMake paths for vcpkg libraries...
2025-06-25T00:37:05.4309179Z 🔍 Debug: Environment variables from run-vcpkg action...
2025-06-25T00:37:05.4309603Z VCPKG_ROOT: /__w/synthizer3d/synthizer3d/vcpkg
2025-06-25T00:37:05.4309950Z VCPKG_DEFAULT_TRIPLET: x64-linux
2025-06-25T00:37:05.4310485Z 🔍 Searching for vcpkg installation directory...
2025-06-25T00:37:05.5166148Z ✅ Found Method 2: /__w/synthizer3d/synthizer3d/969f6665-88a2-4c98-938e-ca9259871fec/vcpkg_installed/x64-linux
2025-06-25T00:37:05.5167813Z ✅ Using vcpkg path: /__w/synthizer3d/synthizer3d/969f6665-88a2-4c98-938e-ca9259871fec/vcpkg_installed/x64-linux
2025-06-25T00:37:05.5168862Z 📂 Checking installed libraries...
2025-06-25T00:37:05.5192524Z total 2388
2025-06-25T00:37:05.5193175Z drwxr-xr-x 3 root root   4096 Jun 25 00:37 .
2025-06-25T00:37:05.5193825Z drwxr-xr-x 6 root root   4096 Jun 25 00:36 ..
2025-06-25T00:37:05.5194530Z -rw-r--r-- 1 root root  39554 Jun 25 00:36 libogg.a
2025-06-25T00:37:05.5195398Z -rw-r--r-- 1 root root 954000 Jun 25 00:36 libopus.a
2025-06-25T00:37:05.5196086Z -rw-r--r-- 1 root root  69724 Jun 25 00:36 libopusfile.a
2025-06-25T00:37:05.5196791Z -rw-r--r-- 1 root root 190472 Jun 25 00:37 libSoundTouch.a
2025-06-25T00:37:05.5197230Z -rw-r--r-- 1 root root 316694 Jun 25 00:36 libvorbis.a
2025-06-25T00:37:05.5197646Z -rw-r--r-- 1 root root 804150 Jun 25 00:36 libvorbisenc.a
2025-06-25T00:37:05.5198061Z -rw-r--r-- 1 root root  41012 Jun 25 00:36 libvorbisfile.a
2025-06-25T00:37:05.5221890Z total 24
2025-06-25T00:37:05.5222376Z drwxr-xr-x 6 root root 4096 Jun 25 00:37 .
2025-06-25T00:37:05.5222986Z drwxr-xr-x 6 root root 4096 Jun 25 00:36 ..
2025-06-25T00:37:05.5223588Z drwxr-xr-x 2 root root 4096 Jun 25 00:36 ogg
2025-06-25T00:37:05.5224229Z drwxr-xr-x 2 root root 4096 Jun 25 00:36 opus
2025-06-25T00:37:05.5229003Z ✅ Environment variables set for CMake build
2025-06-25T00:37:05.5287671Z ##[group]Run echo "🔨 Building Python wheel with vcpkg toolchain..."
2025-06-25T00:37:05.5288375Z [36;1mecho "🔨 Building Python wheel with vcpkg toolchain..."[0m
2025-06-25T00:37:05.5288682Z [36;1m[0m
2025-06-25T00:37:05.5288851Z [36;1mecho "📍 Using paths:"[0m
2025-06-25T00:37:05.5289117Z [36;1mecho "  CMAKE_PREFIX_PATH: $CMAKE_PREFIX_PATH"[0m
2025-06-25T00:37:05.5289412Z [36;1mecho "  PKG_CONFIG_PATH: $PKG_CONFIG_PATH"[0m
2025-06-25T00:37:05.5289702Z [36;1mecho "  VCPKG_ROOT: $VCPKG_ROOT"[0m
2025-06-25T00:37:05.5289998Z [36;1mecho "  VCPKG_INSTALLED_PATH: $VCPKG_INSTALLED_PATH"[0m
2025-06-25T00:37:05.5290275Z [36;1m[0m
2025-06-25T00:37:05.5290490Z [36;1mecho "🔍 Final verification of vcpkg installation:"[0m
2025-06-25T00:37:05.5290967Z [36;1m"$VCPKG_ROOT/vcpkg" list | grep -E "(vorbis|opus|ogg|faad)" || echo "No audio libraries found in vcpkg list"[0m
2025-06-25T00:37:05.5291384Z [36;1m[0m
2025-06-25T00:37:05.5291684Z [36;1mecho "🔍 Checking for op_read_float symbol in opusfile library:"[0m
2025-06-25T00:37:05.5292043Z [36;1mecho "📂 Available opusfile libraries:"[0m
2025-06-25T00:37:05.5292398Z [36;1mfind "${VCPKG_INSTALLED_PATH}" -name "*opus*" -type f | head -10[0m
2025-06-25T00:37:05.5292696Z [36;1m[0m
2025-06-25T00:37:05.5292923Z [36;1mif [ -f "${VCPKG_INSTALLED_PATH}/lib/libopusfile.a" ]; then[0m
2025-06-25T00:37:05.5293233Z [36;1m  echo "✅ Found libopusfile.a"[0m
2025-06-25T00:37:05.5293703Z [36;1m  nm "${VCPKG_INSTALLED_PATH}/lib/libopusfile.a" | grep -E "(op_read|U op_)" || echo "No op_read symbols found in libopusfile.a"[0m
2025-06-25T00:37:05.5294232Z [36;1m  echo "🔍 All symbols in libopusfile.a containing 'op_':"[0m
2025-06-25T00:37:05.5294730Z [36;1m  nm "${VCPKG_INSTALLED_PATH}/lib/libopusfile.a" | grep " T " | grep "op_" | head -10 || echo "No exported op_ symbols"[0m
2025-06-25T00:37:05.5295462Z [36;1m  echo "🔍 Specifically checking for op_read_float:"[0m
2025-06-25T00:37:05.5296000Z [36;1m  nm "${VCPKG_INSTALLED_PATH}/lib/libopusfile.a" | grep "op_read_float" || echo "❌ op_read_float symbol NOT found in static library"[0m
2025-06-25T00:37:05.5296460Z [36;1m  [0m
2025-06-25T00:37:05.5296618Z [36;1melse[0m
2025-06-25T00:37:05.5296799Z [36;1m  echo "❌ libopusfile.a not found"[0m
2025-06-25T00:37:05.5297030Z [36;1mfi[0m
2025-06-25T00:37:05.5297182Z [36;1m[0m
2025-06-25T00:37:05.5297404Z [36;1mif [ -f "${VCPKG_INSTALLED_PATH}/lib/libopusfile.so" ]; then[0m
2025-06-25T00:37:05.5297717Z [36;1m  echo "✅ Found libopusfile.so"[0m
2025-06-25T00:37:05.5298177Z [36;1m  nm -D "${VCPKG_INSTALLED_PATH}/lib/libopusfile.so" | grep op_read_float || echo "op_read_float not found in libopusfile.so"[0m
2025-06-25T00:37:05.5298620Z [36;1melse[0m
2025-06-25T00:37:05.5298801Z [36;1m  echo "❌ libopusfile.so not found"[0m
2025-06-25T00:37:05.5299182Z [36;1mfi[0m
2025-06-25T00:37:05.5299403Z [36;1m[0m
2025-06-25T00:37:05.5299696Z [36;1mecho "🔍 Checking opusfile header availability:"[0m
2025-06-25T00:37:05.5315241Z [36;1mif [ -f "${VCPKG_INSTALLED_PATH}/include/opus/opusfile.h" ]; then[0m
2025-06-25T00:37:05.5315853Z [36;1m  echo "✅ opusfile.h header found"[0m
2025-06-25T00:37:05.5316364Z [36;1m  grep -n "op_read_float" "${VCPKG_INSTALLED_PATH}/include/opus/opusfile.h" | head -3[0m
2025-06-25T00:37:05.5316745Z [36;1melse[0m
2025-06-25T00:37:05.5316947Z [36;1m  echo "❌ opusfile.h header not found"[0m
2025-06-25T00:37:05.5317271Z [36;1m  find "${VCPKG_INSTALLED_PATH}" -name "opusfile.h" -type f[0m
2025-06-25T00:37:05.5317562Z [36;1mfi[0m
2025-06-25T00:37:05.5317715Z [36;1m[0m
2025-06-25T00:37:05.5318018Z [36;1mecho "🚀 Starting Python wheel build with automatic op_read_float detection..."[0m
2025-06-25T00:37:05.5318470Z [36;1m$PYTHON_PATH/bin/python -m build --wheel --no-isolation \[0m
2025-06-25T00:37:05.5318993Z [36;1m  --config-setting="cmake.args=-DCMAKE_TOOLCHAIN_FILE=${VCPKG_ROOT}/scripts/buildsystems/vcpkg.cmake" \[0m
2025-06-25T00:37:05.5319779Z [36;1m  --config-setting="cmake.args=-DVCPKG_TARGET_TRIPLET=${VCPKG_DEFAULT_TRIPLET}" \[0m
2025-06-25T00:37:05.5320291Z [36;1m  --config-setting="cmake.args=-DCMAKE_PREFIX_PATH=${VCPKG_INSTALLED_PATH}" \[0m
2025-06-25T00:37:05.5320917Z [36;1m  --config-setting="cmake.args=-DVorbis_DIR=${VCPKG_INSTALLED_PATH}/share/Vorbis" \[0m
2025-06-25T00:37:05.5321397Z [36;1m  --config-setting="cmake.args=-DOgg_DIR=${VCPKG_INSTALLED_PATH}/share/Ogg" \[0m
2025-06-25T00:37:05.5321871Z [36;1m  --config-setting="cmake.args=-DOpus_DIR=${VCPKG_INSTALLED_PATH}/share/Opus" \[0m
2025-06-25T00:37:05.5322384Z [36;1m  --config-setting="cmake.args=-DOpusFile_DIR=${VCPKG_INSTALLED_PATH}/share/opusfile" \[0m
2025-06-25T00:37:05.5322930Z [36;1m  --config-setting="cmake.args=-DCMAKE_EXE_LINKER_FLAGS=-static-libgcc -static-libstdc++" \[0m
2025-06-25T00:37:05.5323507Z [36;1m  --config-setting="cmake.args=-DCMAKE_SHARED_LINKER_FLAGS=-static-libgcc -static-libstdc++" \[0m
2025-06-25T00:37:05.5323958Z [36;1m  --config-setting="cmake.verbose=True"[0m
2025-06-25T00:37:05.5324307Z shell: sh -e {0}
2025-06-25T00:37:05.5324480Z env:
2025-06-25T00:37:05.5324631Z   CI_ARCH: x86_64
2025-06-25T00:37:05.5324825Z   MANYLINUX_VERSION: manylinux_2_28
2025-06-25T00:37:05.5325246Z   PYVERSION: 3.10
2025-06-25T00:37:05.5325454Z   VCPKG_DEFAULT_TRIPLET: x64-linux
2025-06-25T00:37:05.5325854Z   EFFECTIVE_VCPKG_INSTALLED_DIR_BASE: /home/runner/work/synthizer3d/synthizer3d/vcpkg_installed
2025-06-25T00:37:05.5326276Z   PYTHON_PATH: /opt/python/cp310-cp310
2025-06-25T00:37:05.5326730Z   VCPKG_DEFAULT_BINARY_CACHE: /__w/synthizer3d/synthizer3d/969f6665-88a2-4c98-938e-ca9259871fec/vcpkg_cache
2025-06-25T00:37:05.5327345Z   VCPKG_BINARY_SOURCES: clear;files,/home/runner/work/synthizer3d/synthizer3d/vcpkg_cache,readwrite
2025-06-25T00:37:05.5328075Z   ACTIONS_CACHE_URL: https://acghubeus2.actions.githubusercontent.com/bwbzopuV3oKlbowlUKWdOnf6KF0vjv7EYqCB3ZHqukKhTVgy74/
2025-06-25T00:37:05.5371506Z   ACTIONS_RUNTIME_TOKEN: ***
2025-06-25T00:37:05.5371797Z   RUNVCPKG_VCPKG_ROOT: /__w/synthizer3d/synthizer3d/vcpkg
2025-06-25T00:37:05.5372113Z   VCPKG_ROOT: /__w/synthizer3d/synthizer3d/vcpkg
2025-06-25T00:37:05.5372589Z   CMAKE_PREFIX_PATH: /__w/synthizer3d/synthizer3d/969f6665-88a2-4c98-938e-ca9259871fec/vcpkg_installed/x64-linux
2025-06-25T00:37:05.5373381Z   PKG_CONFIG_PATH: /__w/synthizer3d/synthizer3d/969f6665-88a2-4c98-938e-ca9259871fec/vcpkg_installed/x64-linux/lib/pkgconfig:/usr/local/lib/pkgconfig
2025-06-25T00:37:05.5374706Z   LD_LIBRARY_PATH: /__w/synthizer3d/synthizer3d/969f6665-88a2-4c98-938e-ca9259871fec/vcpkg_installed/x64-linux/lib:/opt/rh/gcc-toolset-14/root/usr/lib64:/opt/rh/gcc-toolset-14/root/usr/lib:/opt/rh/gcc-toolset-14/root/usr/lib64/dyninst:/opt/rh/gcc-toolset-14/root/usr/lib/dyninst
2025-06-25T00:37:05.5376079Z   VCPKG_INSTALLED_PATH: /__w/synthizer3d/synthizer3d/969f6665-88a2-4c98-938e-ca9259871fec/vcpkg_installed/x64-linux
2025-06-25T00:37:05.5376691Z   CMAKE_TOOLCHAIN_FILE: /__w/synthizer3d/synthizer3d/vcpkg/scripts/buildsystems/vcpkg.cmake
2025-06-25T00:37:05.5377087Z   RUSTFLAGS: -A warnings
2025-06-25T00:37:05.5377394Z   CXXFLAGS: -Wno-template-id-cdtor -Wno-cast-function-type -Wno-error
2025-06-25T00:37:05.5377736Z   CFLAGS: -Wno-error -D_DEFAULT_SOURCE
2025-06-25T00:37:05.5377969Z ##[endgroup]
2025-06-25T00:37:05.5994119Z 🔨 Building Python wheel with vcpkg toolchain...
2025-06-25T00:37:05.5994608Z 📍 Using paths:
2025-06-25T00:37:05.5995554Z   CMAKE_PREFIX_PATH: /__w/synthizer3d/synthizer3d/969f6665-88a2-4c98-938e-ca9259871fec/vcpkg_installed/x64-linux
2025-06-25T00:37:05.5997472Z   PKG_CONFIG_PATH: /__w/synthizer3d/synthizer3d/969f6665-88a2-4c98-938e-ca9259871fec/vcpkg_installed/x64-linux/lib/pkgconfig:/usr/local/lib/pkgconfig
2025-06-25T00:37:05.5998768Z   VCPKG_ROOT: /__w/synthizer3d/synthizer3d/vcpkg
2025-06-25T00:37:05.6000034Z   VCPKG_INSTALLED_PATH: /__w/synthizer3d/synthizer3d/969f6665-88a2-4c98-938e-ca9259871fec/vcpkg_installed/x64-linux
2025-06-25T00:37:05.6001165Z 🔍 Final verification of vcpkg installation:
2025-06-25T00:37:05.6016586Z No packages are installed. Did you mean `search`?
2025-06-25T00:37:05.6437834Z No audio libraries found in vcpkg list
2025-06-25T00:37:05.6439105Z 🔍 Checking for op_read_float symbol in opusfile library:
2025-06-25T00:37:05.6440208Z 📂 Available opusfile libraries:
2025-06-25T00:37:05.6466078Z /__w/synthizer3d/synthizer3d/969f6665-88a2-4c98-938e-ca9259871fec/vcpkg_installed/x64-linux/include/opus/opusfile.h
2025-06-25T00:37:05.6469653Z /__w/synthizer3d/synthizer3d/969f6665-88a2-4c98-938e-ca9259871fec/vcpkg_installed/x64-linux/include/opus/opus_projection.h
2025-06-25T00:37:05.6471516Z /__w/synthizer3d/synthizer3d/969f6665-88a2-4c98-938e-ca9259871fec/vcpkg_installed/x64-linux/include/opus/opus_defines.h
2025-06-25T00:37:05.6473365Z /__w/synthizer3d/synthizer3d/969f6665-88a2-4c98-938e-ca9259871fec/vcpkg_installed/x64-linux/include/opus/opus_multistream.h
2025-06-25T00:37:05.6475289Z /__w/synthizer3d/synthizer3d/969f6665-88a2-4c98-938e-ca9259871fec/vcpkg_installed/x64-linux/include/opus/opus.h
2025-06-25T00:37:05.6477056Z /__w/synthizer3d/synthizer3d/969f6665-88a2-4c98-938e-ca9259871fec/vcpkg_installed/x64-linux/include/opus/opus_types.h
2025-06-25T00:37:05.6478786Z /__w/synthizer3d/synthizer3d/969f6665-88a2-4c98-938e-ca9259871fec/vcpkg_installed/x64-linux/debug/lib/libopus.a
2025-06-25T00:37:05.6480551Z /__w/synthizer3d/synthizer3d/969f6665-88a2-4c98-938e-ca9259871fec/vcpkg_installed/x64-linux/debug/lib/pkgconfig/opus.pc
2025-06-25T00:37:05.6482383Z /__w/synthizer3d/synthizer3d/969f6665-88a2-4c98-938e-ca9259871fec/vcpkg_installed/x64-linux/debug/lib/pkgconfig/opusfile.pc
2025-06-25T00:37:05.6484163Z /__w/synthizer3d/synthizer3d/969f6665-88a2-4c98-938e-ca9259871fec/vcpkg_installed/x64-linux/debug/lib/libopusfile.a
2025-06-25T00:37:05.6485863Z ✅ Found libopusfile.a
2025-06-25T00:37:05.6512083Z                  U op_strncasecmp
2025-06-25T00:37:05.6513918Z                  U op_fopen
2025-06-25T00:37:05.6514443Z                  U op_mem_stream_create
2025-06-25T00:37:05.6514945Z 0000000000006af0 T op_read
2025-06-25T00:37:05.6515822Z 0000000000007210 T op_read_float
2025-06-25T00:37:05.6516337Z 0000000000007f80 T op_read_float_stereo
2025-06-25T00:37:05.6516917Z 00000000000020a0 t op_read_native.part.0
2025-06-25T00:37:05.6517477Z 0000000000007230 T op_read_stereo
2025-06-25T00:37:05.6518347Z 🔍 All symbols in libopusfile.a containing 'op_':
2025-06-25T00:37:05.6550595Z 0000000000000000 T op_strncasecmp
2025-06-25T00:37:05.6552661Z 0000000000004370 T op_bitrate
2025-06-25T00:37:05.6553208Z 0000000000004480 T op_bitrate_instant
2025-06-25T00:37:05.6553741Z 00000000000042c0 T op_channel_count
2025-06-25T00:37:05.6554253Z 0000000000004350 T op_current_link
2025-06-25T00:37:05.6554728Z 0000000000004080 T op_free
2025-06-25T00:37:05.6555468Z 0000000000004270 T op_head
2025-06-25T00:37:05.6555930Z 00000000000040c0 T op_link_count
2025-06-25T00:37:05.6556428Z 0000000000003ae0 T op_open_callbacks
2025-06-25T00:37:05.6556938Z 0000000000003cd0 T op_open_file
2025-06-25T00:37:05.6557640Z 🔍 Specifically checking for op_read_float:
2025-06-25T00:37:05.6587185Z 0000000000007210 T op_read_float
2025-06-25T00:37:05.6587605Z 0000000000007f80 T op_read_float_stereo
2025-06-25T00:37:05.6590209Z ❌ libopusfile.so not found
2025-06-25T00:37:05.6590990Z 🔍 Checking opusfile header availability:
2025-06-25T00:37:05.6591589Z ✅ opusfile.h header found
2025-06-25T00:37:05.6610379Z 1563:    op_read_float() or its associated functions, or, after a seek, the link
2025-06-25T00:37:05.6611434Z 1700:   The general functions, op_read() and op_read_float() return 16-bit or
2025-06-25T00:37:05.6612459Z 1704:   There are special functions, op_read_stereo() and op_read_float_stereo(),
2025-06-25T00:37:05.6613611Z 🚀 Starting Python wheel build with automatic op_read_float detection...
2025-06-25T00:37:05.7582924Z * Getting build dependencies for wheel...
2025-06-25T00:37:06.1704970Z Warning: EFFECTIVE_VCPKG_INSTALLED_DIR_BASE not set or invalid: /__w/synthizer3d/synthizer3d/vcpkg_installed
2025-06-25T00:37:06.1705671Z 
2025-06-25T00:37:06.1705677Z 
2025-06-25T00:37:06.1706205Z --------------------------------------------------------------------------------
2025-06-25T00:37:06.1706853Z -- Trying 'Ninja' generator
2025-06-25T00:37:06.1707332Z --------------------------------
2025-06-25T00:37:06.1707592Z ---------------------------
2025-06-25T00:37:06.1707810Z ----------------------
2025-06-25T00:37:06.1708024Z -----------------
2025-06-25T00:37:06.1708189Z ------------
2025-06-25T00:37:06.1708348Z -------
2025-06-25T00:37:06.1708502Z --
2025-06-25T00:37:06.1736387Z CMake Deprecation Warning at CMakeLists.txt:1 (cmake_minimum_required):
2025-06-25T00:37:06.1737390Z   Compatibility with CMake < 3.10 will be removed from a future version of
2025-06-25T00:37:06.1737941Z   CMake.
2025-06-25T00:37:06.1738099Z 
2025-06-25T00:37:06.1738617Z   Update the VERSION argument <min> value.  Or, use the <min>...<max> syntax
2025-06-25T00:37:06.1739593Z   to tell CMake that the project requires at least <min> but has been updated
2025-06-25T00:37:06.1740390Z   to work with policies introduced by <max> or earlier.
2025-06-25T00:37:06.1740745Z 
2025-06-25T00:37:06.1740767Z 
2025-06-25T00:37:06.1741200Z Not searching for unused variables given on the command line.
2025-06-25T00:37:06.2296357Z -- The C compiler identification is GNU 14.2.1
2025-06-25T00:37:06.2598801Z -- Detecting C compiler ABI info
2025-06-25T00:37:06.3117833Z -- Detecting C compiler ABI info - done
2025-06-25T00:37:06.3266887Z -- Check for working C compiler: /opt/rh/gcc-toolset-14/root/usr/bin/cc - skipped
2025-06-25T00:37:06.3270560Z -- Detecting C compile features
2025-06-25T00:37:06.3276107Z -- Detecting C compile features - done
2025-06-25T00:37:06.4167811Z -- The CXX compiler identification is GNU 14.2.1
2025-06-25T00:37:06.4340365Z -- Detecting CXX compiler ABI info
2025-06-25T00:37:06.5108899Z -- Detecting CXX compiler ABI info - done
2025-06-25T00:37:06.5264887Z -- Check for working CXX compiler: /opt/rh/gcc-toolset-14/root/usr/bin/c++ - skipped
2025-06-25T00:37:06.5269564Z -- Detecting CXX compile features
2025-06-25T00:37:06.5281623Z -- Detecting CXX compile features - done
2025-06-25T00:37:06.5368852Z -- Configuring done (0.4s)
2025-06-25T00:37:06.5427061Z -- Generating done (0.0s)
2025-06-25T00:37:06.5432217Z -- Build files have been written to: /__w/synthizer3d/synthizer3d/_cmake_test_compile/build
2025-06-25T00:37:06.5462455Z --
2025-06-25T00:37:06.5462747Z -------
2025-06-25T00:37:06.5463008Z ------------
2025-06-25T00:37:06.5463347Z -----------------
2025-06-25T00:37:06.5463717Z ----------------------
2025-06-25T00:37:06.5464135Z ---------------------------
2025-06-25T00:37:06.5464570Z --------------------------------
2025-06-25T00:37:06.5465214Z -- Trying 'Ninja' generator - success
2025-06-25T00:37:06.5465749Z --------------------------------------------------------------------------------
2025-06-25T00:37:06.5465988Z 
2025-06-25T00:37:06.5486594Z Configuring Project
2025-06-25T00:37:06.5487013Z   Working directory:
2025-06-25T00:37:06.5487447Z     /__w/synthizer3d/synthizer3d/_skbuild/linux-x86_64-3.10/cmake-build
2025-06-25T00:37:06.5487780Z   Command:
2025-06-25T00:37:06.5494195Z     /opt/_internal/cpython-3.10.18/lib/python3.10/site-packages/cmake/data/bin/cmake /__w/synthizer3d/synthizer3d/synthizer-vendored -G Ninja -DCMAKE_MAKE_PROGRAM:FILEPATH=/opt/python/cp310-cp310/bin/ninja --no-warn-unused-cli -DCMAKE_INSTALL_PREFIX:PATH=/__w/synthizer3d/synthizer3d/_skbuild/linux-x86_64-3.10/cmake-install -DPYTHON_VERSION_STRING:STRING=3.10.18 -DSKBUILD:INTERNAL=TRUE -DCMAKE_MODULE_PATH:PATH=/opt/python/cp310-cp310/lib/python3.10/site-packages/skbuild/resources/cmake -DPYTHON_EXECUTABLE:PATH=/opt/python/cp310-cp310/bin/python -DPYTHON_INCLUDE_DIR:PATH=/opt/_internal/cpython-3.10.18/include/python3.10 -DPython_EXECUTABLE:PATH=/opt/python/cp310-cp310/bin/python -DPython_ROOT_DIR:PATH=/opt/python/cp310-cp310 -DPython_FIND_REGISTRY:STRING=NEVER -DPython_INCLUDE_DIR:PATH=/opt/_internal/cpython-3.10.18/include/python3.10 -DPython3_EXECUTABLE:PATH=/opt/python/cp310-cp310/bin/python -DPython3_ROOT_DIR:PATH=/opt/python/cp310-cp310 -DPython3_FIND_REGISTRY:STRING=NEVER -DPython3_INCLUDE_DIR:PATH=/opt/_internal/cpython-3.10.18/include/python3.10 -DCMAKE_MAKE_PROGRAM:FILEPATH=/opt/python/cp310-cp310/bin/ninja -DCMAKE_BUILD_TYPE=Release -DCMAKE_MSVC_RUNTIME_LIBRARY=MultiThreadedDLL -DSYZ_STATIC_RUNTIME=OFF -DCMAKE_POSITION_INDEPENDENT_CODE=TRUE -DSYZ_INTEGRATING=ON
2025-06-25T00:37:06.5499034Z 
2025-06-25T00:37:06.6052728Z Not searching for unused variables given on the command line.
2025-06-25T00:37:06.6053213Z -- The C compiler identification is GNU 14.2.1
2025-06-25T00:37:06.6928940Z -- The CXX compiler identification is GNU 14.2.1
2025-06-25T00:37:06.7043143Z -- Detecting C compiler ABI info
2025-06-25T00:37:06.7567888Z -- Detecting C compiler ABI info - done
2025-06-25T00:37:06.7716988Z -- Check for working C compiler: /opt/rh/gcc-toolset-14/root/usr/bin/cc - skipped
2025-06-25T00:37:06.7720537Z -- Detecting C compile features
2025-06-25T00:37:06.7725757Z -- Detecting C compile features - done
2025-06-25T00:37:06.7872878Z -- Detecting CXX compiler ABI info
2025-06-25T00:37:06.8626953Z -- Detecting CXX compiler ABI info - done
2025-06-25T00:37:06.8780759Z -- Check for working CXX compiler: /opt/rh/gcc-toolset-14/root/usr/bin/c++ - skipped
2025-06-25T00:37:06.8784958Z -- Detecting CXX compile features
2025-06-25T00:37:06.8796600Z -- Detecting CXX compile features - done
2025-06-25T00:37:06.9045287Z -- Performing Test CMAKE_HAVE_LIBC_PTHREAD
2025-06-25T00:37:06.9642579Z -- Performing Test CMAKE_HAVE_LIBC_PTHREAD - Failed
2025-06-25T00:37:06.9643204Z -- Looking for pthread_create in pthreads
2025-06-25T00:37:07.0098028Z -- Looking for pthread_create in pthreads - not found
2025-06-25T00:37:07.0098584Z -- Looking for pthread_create in pthread
2025-06-25T00:37:07.0627961Z -- Looking for pthread_create in pthread - found
2025-06-25T00:37:07.0637500Z -- Found Threads: TRUE
2025-06-25T00:37:07.0772457Z -- Found SoundTouch: /__w/synthizer3d/synthizer3d/969f6665-88a2-4c98-938e-ca9259871fec/vcpkg_installed/x64-linux/debug/lib/libSoundTouch.a
2025-06-25T00:37:07.0777849Z -- Performing Test OP_READ_FLOAT_AVAILABLE
2025-06-25T00:37:07.1889944Z -- Performing Test OP_READ_FLOAT_AVAILABLE - Success
2025-06-25T00:37:07.1890419Z -- op_read_float is available
2025-06-25T00:37:08.0103382Z -- Performing Test FILESYSTEM_OK
2025-06-25T00:37:08.4909450Z -- Performing Test FILESYSTEM_OK - Success
2025-06-25T00:37:08.4910055Z -- Found C++17 filesystem support
2025-06-25T00:37:08.4919728Z -- Using vcpkg includes from VCPKG_INSTALLED_PATH: /__w/synthizer3d/synthizer3d/969f6665-88a2-4c98-938e-ca9259871fec/vcpkg_installed/x64-linux/include
2025-06-25T00:37:08.4971914Z -- Math library found: /usr/lib64/libm.so
2025-06-25T00:37:08.4980801Z -- Configuring done (1.9s)
2025-06-25T00:37:08.5176687Z -- Generating done (0.0s)
2025-06-25T00:37:08.5183160Z -- Build files have been written to: /__w/synthizer3d/synthizer3d/_skbuild/linux-x86_64-3.10/cmake-build
2025-06-25T00:37:10.4265471Z [1/28] Building CXX object CMakeFiles/synthizer.dir/src/audio_output.cpp.o
2025-06-25T00:37:11.0610952Z [2/28] Building CXX object CMakeFiles/synthizer.dir/src/byte_stream.cpp.o
2025-06-25T00:37:11.2345446Z [3/28] Building CXX object CMakeFiles/synthizer.dir/src/base_object.cpp.o
2025-06-25T00:37:11.4751174Z [4/28] Building CXX object CMakeFiles/synthizer.dir/src/error.cpp.o
2025-06-25T00:37:13.2904262Z [5/28] Building CXX object CMakeFiles/synthizer.dir/src/event_timeline.cpp.o
2025-06-25T00:37:13.8352027Z [6/28] Building CXX object CMakeFiles/synthizer.dir/src/decoding.cpp.o
2025-06-25T00:37:14.2395613Z [7/28] Building CXX object CMakeFiles/synthizer.dir/src/events.cpp.o
2025-06-25T00:37:14.5061041Z [8/28] Building CXX object CMakeFiles/synthizer.dir/src/logging.cpp.o
2025-06-25T00:37:16.3071213Z [9/28] Building CXX object CMakeFiles/synthizer.dir/src/memory.cpp.o
2025-06-25T00:37:16.3979198Z [10/28] Building CXX object CMakeFiles/synthizer.dir/src/generator.cpp.o
2025-06-25T00:37:17.2977493Z [11/28] Building CXX object CMakeFiles/synthizer.dir/src/pausable.cpp.o
2025-06-25T00:37:17.6771866Z [12/28] Building CXX object CMakeFiles/synthizer.dir/src/property_internals.cpp.o
2025-06-25T00:37:17.7674308Z [13/28] Building CXX object CMakeFiles/synthizer.dir/src/shared_object.cpp.o
2025-06-25T00:37:18.0658104Z [14/28] Building CXX object CMakeFiles/synthizer.dir/src/data/arrays.cpp.o
2025-06-25T00:37:18.3399983Z [15/28] Building CXX object CMakeFiles/synthizer.dir/src/routable.cpp.o
2025-06-25T00:37:18.4039392Z [16/28] Building CXX object CMakeFiles/synthizer.dir/src/data/hrtf.cpp.o
2025-06-25T00:37:19.9287397Z [17/28] Building CXX object CMakeFiles/synthizer.dir/src/streams/custom_stream.cpp.o
2025-06-25T00:37:20.1455254Z [18/28] Building CXX object CMakeFiles/synthizer.dir/src/streams/file.cpp.o
2025-06-25T00:37:21.2037957Z [19/28] Building CXX object CMakeFiles/synthizer.dir/src/streams/memory_stream.cpp.o
2025-06-25T00:37:21.3931844Z [20/28] Building CXX object CMakeFiles/synthizer.dir/include/synthizer/decoders/ogg.cpp.o
2025-06-25T00:37:21.3940455Z In file included from /__w/synthizer3d/synthizer3d/synthizer-vendored/include/synthizer/decoders/ogg.cpp:7:
2025-06-25T00:37:21.3986045Z ##[warning]/__w/synthizer3d/synthizer3d/969f6665-88a2-4c98-938e-ca9259871fec/vcpkg_installed/x64-linux/include/vorbis/vorbisfile.h:95:21: warning: ‘OV_CALLBACKS_STREAMONLY_NOCLOSE’ defined but not used [-Wunused-variable]
2025-06-25T00:37:21.3999836Z    95 | static ov_callbacks OV_CALLBACKS_STREAMONLY_NOCLOSE = {
2025-06-25T00:37:21.4000553Z       |                     ^~~~~~~~~~~~~~~~~~~~~~~~~~~~~~~
2025-06-25T00:37:21.4003441Z ##[warning]/__w/synthizer3d/synthizer3d/969f6665-88a2-4c98-938e-ca9259871fec/vcpkg_installed/x64-linux/include/vorbis/vorbisfile.h:88:21: warning: ‘OV_CALLBACKS_STREAMONLY’ defined but not used [-Wunused-variable]
2025-06-25T00:37:21.4005994Z    88 | static ov_callbacks OV_CALLBACKS_STREAMONLY = {
2025-06-25T00:37:21.4006665Z       |                     ^~~~~~~~~~~~~~~~~~~~~~~
2025-06-25T00:37:21.4009064Z ##[warning]/__w/synthizer3d/synthizer3d/969f6665-88a2-4c98-938e-ca9259871fec/vcpkg_installed/x64-linux/include/vorbis/vorbisfile.h:81:21: warning: ‘OV_CALLBACKS_NOCLOSE’ defined but not used [-Wunused-variable]
2025-06-25T00:37:21.4011307Z    81 | static ov_callbacks OV_CALLBACKS_NOCLOSE = {
2025-06-25T00:37:21.4011973Z       |                     ^~~~~~~~~~~~~~~~~~~~
2025-06-25T00:37:21.4014277Z ##[warning]/__w/synthizer3d/synthizer3d/969f6665-88a2-4c98-938e-ca9259871fec/vcpkg_installed/x64-linux/include/vorbis/vorbisfile.h:74:21: warning: ‘OV_CALLBACKS_DEFAULT’ defined but not used [-Wunused-variable]
2025-06-25T00:37:21.4016787Z    74 | static ov_callbacks OV_CALLBACKS_DEFAULT = {
2025-06-25T00:37:21.4017382Z       |                     ^~~~~~~~~~~~~~~~~~~~
2025-06-25T00:37:22.5127804Z [21/28] Building CXX object CMakeFiles/synthizer.dir/include/synthizer/decoders/opus.cpp.o
2025-06-25T00:37:22.9281873Z [22/28] Building CXX object _deps/wdl-build/CMakeFiles/wdl_objlib.dir/WDL/resample.cpp.o
2025-06-25T00:37:27.3516197Z [23/28] Building CXX object CMakeFiles/synthizer.dir/src/context.cpp.o
2025-06-25T00:37:30.0087031Z [24/28] Building CXX object CMakeFiles/synthizer.dir/src/router.cpp.o
2025-06-25T00:37:31.8555329Z [25/28] Building C object CMakeFiles/synthizer_single_file_libs.dir/src/single_file_libs.c.o
2025-06-25T00:37:34.8319217Z [26/28] Building CXX object CMakeFiles/synthizer.dir/src/c_api/unity.cpp.o
2025-06-25T00:37:34.8820893Z [27/28] Linking CXX static library libsynthizer.a
2025-06-25T00:37:34.8821610Z [27/28] Install the project...
2025-06-25T00:37:34.8863462Z -- Install configuration: "Release"
2025-06-25T00:37:34.8875736Z -- Installing: /__w/synthizer3d/synthizer3d/_skbuild/linux-x86_64-3.10/cmake-install/lib/libsynthizer.a
2025-06-25T00:37:35.2426164Z 
2025-06-25T00:37:35.2426734Z Error compiling Cython file:
2025-06-25T00:37:35.2427285Z ------------------------------------------------------------
2025-06-25T00:37:35.2427695Z ...
2025-06-25T00:37:35.2428276Z # In Python 3.7+, the GIL is always initialized, so PyEval_InitThreads() is deprecated.
2025-06-25T00:37:35.2428918Z # We only call it for older Python versions.
2025-06-25T00:37:35.2429555Z import sys
2025-06-25T00:37:35.2429926Z if sys.version_info < (3, 9):
2025-06-25T00:37:35.2430350Z     from libc.stdint cimport uintptr_t
2025-06-25T00:37:35.2430965Z     cdef extern from "Python.h":
2025-06-25T00:37:35.2431261Z          ^
2025-06-25T00:37:35.2431634Z ------------------------------------------------------------
2025-06-25T00:37:35.2431931Z 
2025-06-25T00:37:35.2434484Z synthizer/synthizer.pyx:22:9: cdef statement not allowed here
2025-06-25T00:37:35.2435470Z Traceback (most recent call last):
2025-06-25T00:37:35.2437171Z Found vcpkg lib directory from environment: /__w/synthizer3d/synthizer3d/969f6665-88a2-4c98-938e-ca9259871fec/vcpkg_installed/x64-linux/lib
2025-06-25T00:37:35.2439245Z Using vcpkg lib dir: /__w/synthizer3d/synthizer3d/969f6665-88a2-4c98-938e-ca9259871fec/vcpkg_installed/x64-linux/lib for Linux x86_64
2025-06-25T00:37:35.2440663Z Linux: Using --whole-archive for ALL 7 libraries with modern feature macros
2025-06-25T00:37:35.2442176Z Static libraries found: ['libogg.a', 'libopus.a', 'libvorbis.a', 'libvorbisenc.a', 'libopusfile.a', 'libvorbisfile.a', 'libSoundTouch.a']
2025-06-25T00:37:35.2443968Z   File "/opt/python/cp310-cp310/lib/python3.10/site-packages/pyproject_hooks/_in_process/_in_process.py", line 389, in <module>
2025-06-25T00:37:35.2444843Z     main()
2025-06-25T00:37:35.2446105Z   File "/opt/python/cp310-cp310/lib/python3.10/site-packages/pyproject_hooks/_in_process/_in_process.py", line 373, in main
2025-06-25T00:37:35.2447252Z     json_out["return_val"] = hook(**hook_input["kwargs"])
2025-06-25T00:37:35.2448749Z   File "/opt/python/cp310-cp310/lib/python3.10/site-packages/pyproject_hooks/_in_process/_in_process.py", line 143, in get_requires_for_build_wheel
2025-06-25T00:37:35.2449871Z     return hook(config_settings)
2025-06-25T00:37:35.2451113Z   File "/opt/python/cp310-cp310/lib/python3.10/site-packages/setuptools/build_meta.py", line 331, in get_requires_for_build_wheel
2025-06-25T00:37:35.2452370Z     return self._get_build_requires(config_settings, requirements=[])
2025-06-25T00:37:35.2453707Z   File "/opt/python/cp310-cp310/lib/python3.10/site-packages/setuptools/build_meta.py", line 301, in _get_build_requires
2025-06-25T00:37:35.2454643Z     self.run_setup()
2025-06-25T00:37:35.2455504Z   File "/opt/python/cp310-cp310/lib/python3.10/site-packages/setuptools/build_meta.py", line 512, in run_setup
2025-06-25T00:37:35.2460957Z Link args: ['-Wl,--whole-archive', '/__w/synthizer3d/synthizer3d/969f6665-88a2-4c98-938e-ca9259871fec/vcpkg_installed/x64-linux/lib/libogg.a', '-Wl,--no-whole-archive', '-Wl,--whole-archive', '/__w/synthizer3d/synthizer3d/969f6665-88a2-4c98-938e-ca9259871fec/vcpkg_installed/x64-linux/lib/libopus.a', '-Wl,--no-whole-archive', '-Wl,--whole-archive', '/__w/synthizer3d/synthizer3d/969f6665-88a2-4c98-938e-ca9259871fec/vcpkg_installed/x64-linux/lib/libvorbis.a', '-Wl,--no-whole-archive', '-Wl,--whole-archive', '/__w/synthizer3d/synthizer3d/969f6665-88a2-4c98-938e-ca9259871fec/vcpkg_installed/x64-linux/lib/libvorbisenc.a', '-Wl,--no-whole-archive', '-Wl,--whole-archive', '/__w/synthizer3d/synthizer3d/969f6665-88a2-4c98-938e-ca9259871fec/vcpkg_installed/x64-linux/lib/libopusfile.a', '-Wl,--no-whole-archive', '-Wl,--whole-archive', '/__w/synthizer3d/synthizer3d/969f6665-88a2-4c98-938e-ca9259871fec/vcpkg_installed/x64-linux/lib/libvorbisfile.a', '-Wl,--no-whole-archive', '-Wl,--whole-archive', '/__w/synthizer3d/synthizer3d/969f6665-88a2-4c98-938e-ca9259871fec/vcpkg_installed/x64-linux/lib/libSoundTouch.a', '-Wl,--no-whole-archive']
2025-06-25T00:37:35.2464828Z Compiling synthizer/synthizer.pyx because it changed.
2025-06-25T00:37:35.2465418Z [1/1] Cythonizing synthizer/synthizer.pyx
2025-06-25T00:37:35.2465800Z     super().run_setup(setup_script=setup_script)
2025-06-25T00:37:35.2466454Z   File "/opt/python/cp310-cp310/lib/python3.10/site-packages/setuptools/build_meta.py", line 317, in run_setup
2025-06-25T00:37:35.2466964Z     exec(code, locals())
2025-06-25T00:37:35.2467233Z   File "<string>", line 193, in <module>
2025-06-25T00:37:35.2468066Z   File "/opt/python/cp310-cp310/lib/python3.10/site-packages/Cython/Build/Dependencies.py", line 1154, in cythonize
2025-06-25T00:37:35.2468725Z     cythonize_one(*args)
2025-06-25T00:37:35.2469357Z   File "/opt/python/cp310-cp310/lib/python3.10/site-packages/Cython/Build/Dependencies.py", line 1298, in cythonize_one
2025-06-25T00:37:35.2469925Z     raise CompileError(None, pyx_file)
2025-06-25T00:37:35.2470357Z Cython.Compiler.Errors.CompileError: synthizer/synthizer.pyx
2025-06-25T00:37:35.3186554Z 
2025-06-25T00:37:35.3187538Z ERROR Backend subprocess exited when trying to invoke get_requires_for_build_wheel
2025-06-25T00:37:35.3316528Z ##[error]Process completed with exit code 1.
2025-06-25T00:37:35.3387960Z Post job cleanup.
2025-06-25T00:37:35.3391619Z ##[command]/usr/bin/docker exec  2eb089b9df5b1af93af10558807c5a9c423badea36837d1adc5f282d9c11042d sh -c "cat /etc/*release | grep ^ID"
2025-06-25T00:37:35.5329905Z [command]/usr/local/bin/git version
2025-06-25T00:37:35.5366489Z git version 2.49.0
2025-06-25T00:37:35.5411618Z Temporarily overriding HOME='/__w/_temp/ab825632-6738-493a-b6aa-380b6c6afeb7' before making global git config changes
2025-06-25T00:37:35.5413044Z Adding repository directory to the temporary git global config as a safe directory
2025-06-25T00:37:35.5417877Z [command]/usr/local/bin/git config --global --add safe.directory /__w/synthizer3d/synthizer3d
2025-06-25T00:37:35.5453417Z [command]/usr/local/bin/git config --local --name-only --get-regexp core\.sshCommand
2025-06-25T00:37:35.5495897Z [command]/usr/local/bin/git submodule foreach --recursive sh -c "git config --local --name-only --get-regexp 'core\.sshCommand' && git config --local --unset-all 'core.sshCommand' || :"
2025-06-25T00:37:35.5871216Z [command]/usr/local/bin/git config --local --name-only --get-regexp http\.https\:\/\/github\.com\/\.extraheader
2025-06-25T00:37:35.5893685Z http.https://github.com/.extraheader
2025-06-25T00:37:35.5905879Z [command]/usr/local/bin/git config --local --unset-all http.https://github.com/.extraheader
2025-06-25T00:37:35.5937929Z [command]/usr/local/bin/git submodule foreach --recursive sh -c "git config --local --name-only --get-regexp 'http\.https\:\/\/github\.com\/\.extraheader' && git config --local --unset-all 'http.https://github.com/.extraheader' || :"
2025-06-25T00:37:35.6417664Z Stop and remove container: f80d2180b11942d2879c088d6a40cc1d_quayiopypamanylinux_2_28_x86_64_566bdf
2025-06-25T00:37:35.6422159Z ##[command]/usr/bin/docker rm --force 2eb089b9df5b1af93af10558807c5a9c423badea36837d1adc5f282d9c11042d
2025-06-25T00:37:36.1408759Z 2eb089b9df5b1af93af10558807c5a9c423badea36837d1adc5f282d9c11042d
2025-06-25T00:37:36.1438829Z Remove container network: github_network_6fa0ff0da3114b52affab6963fe0df9a
2025-06-25T00:37:36.1443341Z ##[command]/usr/bin/docker network rm github_network_6fa0ff0da3114b52affab6963fe0df9a
2025-06-25T00:37:36.2579115Z github_network_6fa0ff0da3114b52affab6963fe0df9a
2025-06-25T00:37:36.2636271Z Cleaning up orphan processes