2025-06-23T20:02:23.5198778Z Current runner version: '2.325.0'
2025-06-23T20:02:23.5222768Z ##[group]Runner Image Provisioner
2025-06-23T20:02:23.5223495Z Hosted Compute Agent
2025-06-23T20:02:23.5224042Z Version: 20250620.352
2025-06-23T20:02:23.5224598Z Commit: f262f3aba23b10ea191b2a62bdee1ca4c3d344da
2025-06-23T20:02:23.5225178Z Build Date: 2025-06-20T19:27:17Z
2025-06-23T20:02:23.5225738Z ##[endgroup]
2025-06-23T20:02:23.5226177Z ##[group]Operating System
2025-06-23T20:02:23.5226680Z Microsoft Windows Server 2022
2025-06-23T20:02:23.5227208Z 10.0.20348
2025-06-23T20:02:23.5227644Z Datacenter
2025-06-23T20:02:23.5228041Z ##[endgroup]
2025-06-23T20:02:23.5228500Z ##[group]Runner Image
2025-06-23T20:02:23.5228957Z Image: windows-2022
2025-06-23T20:02:23.5229355Z Version: 20250602.1.0
2025-06-23T20:02:23.5230591Z Included Software: https://github.com/actions/runner-images/blob/win22/20250602.1/images/windows/Windows2022-Readme.md
2025-06-23T20:02:23.5232082Z Image Release: https://github.com/actions/runner-images/releases/tag/win22%2F20250602.1
2025-06-23T20:02:23.5233053Z ##[endgroup]
2025-06-23T20:02:23.5235314Z ##[group]GITHUB_TOKEN Permissions
2025-06-23T20:02:23.5237490Z Actions: write
2025-06-23T20:02:23.5237982Z Attestations: write
2025-06-23T20:02:23.5238440Z Checks: write
2025-06-23T20:02:23.5238849Z Contents: write
2025-06-23T20:02:23.5239301Z Deployments: write
2025-06-23T20:02:23.5239727Z Discussions: write
2025-06-23T20:02:23.5240180Z Issues: write
2025-06-23T20:02:23.5240581Z Metadata: read
2025-06-23T20:02:23.5241000Z Models: read
2025-06-23T20:02:23.5241361Z Packages: write
2025-06-23T20:02:23.5241813Z Pages: write
2025-06-23T20:02:23.5242193Z PullRequests: write
2025-06-23T20:02:23.5242677Z RepositoryProjects: write
2025-06-23T20:02:23.5243180Z SecurityEvents: write
2025-06-23T20:02:23.5243687Z Statuses: write
2025-06-23T20:02:23.5244150Z ##[endgroup]
2025-06-23T20:02:23.5246318Z Secret source: Actions
2025-06-23T20:02:23.5246937Z Prepare workflow directory
2025-06-23T20:02:23.5840708Z Prepare all required actions
2025-06-23T20:02:23.5877398Z Getting action download info
2025-06-23T20:02:27.1233004Z ##[group]Download immutable action package 'actions/checkout@v4'
2025-06-23T20:02:27.1233699Z Version: 4.2.2
2025-06-23T20:02:27.1234371Z Digest: sha256:ccb2698953eaebd21c7bf6268a94f9c26518a7e38e27e0b83c1fe1ad049819b1
2025-06-23T20:02:27.1235068Z Source commit SHA: 11bd71901bbe5b1630ceea73d27597364c9af683
2025-06-23T20:02:27.1235471Z ##[endgroup]
2025-06-23T20:02:27.2521654Z ##[group]Download immutable action package 'actions/setup-python@v5'
2025-06-23T20:02:27.2522114Z Version: 5.6.0
2025-06-23T20:02:27.2522528Z Digest: sha256:0b35a0c11c97499e4e0576589036d450b9f5f9da74b7774225b3614b57324404
2025-06-23T20:02:27.2523017Z Source commit SHA: a26af69be951a213d495a4c3e4e4022e16d87065
2025-06-23T20:02:27.2523428Z ##[endgroup]
2025-06-23T20:02:27.6451732Z ##[group]Download immutable action package 'actions/cache@v4'
2025-06-23T20:02:27.6452218Z Version: 4.2.3
2025-06-23T20:02:27.6452647Z Digest: sha256:c8a3bb963e1f1826d8fcc8d1354f0dd29d8ac1db1d4f6f20247055ae11b81ed9
2025-06-23T20:02:27.6453202Z Source commit SHA: 5a3ec84eff668545956fd18022155c47e93e2684
2025-06-23T20:02:27.6453558Z ##[endgroup]
2025-06-23T20:02:27.7988603Z Download action repository 'ilammy/msvc-dev-cmd@v1' (SHA:0b201ec74fa43914dc39ae48a89fd1d8cb592756)
2025-06-23T20:02:28.3115618Z Download action repository 'lukka/run-vcpkg@v11' (SHA:7d259227a1fb6471a0253dd5ab7419835228f7d7)
2025-06-23T20:02:28.8521751Z ##[group]Download immutable action package 'actions/upload-artifact@v4'
2025-06-23T20:02:28.8522202Z Version: 4.6.2
2025-06-23T20:02:28.8522594Z Digest: sha256:290722aa3281d5caf23d0acdc3dbeb3424786a1a01a9cc97e72f147225e37c38
2025-06-23T20:02:28.8523056Z Source commit SHA: ea165f8d65b6e75b540449e92b4886f43607fa02
2025-06-23T20:02:28.8523393Z ##[endgroup]
2025-06-23T20:02:29.2066348Z Complete job name: Build Windows (x64) Python 3.9
2025-06-23T20:02:29.4285605Z ##[group]Run actions/checkout@v4
2025-06-23T20:02:29.4288102Z with:
2025-06-23T20:02:29.4288360Z   submodules: recursive
2025-06-23T20:02:29.4288664Z   repository: Ambro86/synthizer3d
2025-06-23T20:02:29.4289164Z   token: ***
2025-06-23T20:02:29.4289401Z   ssh-strict: true
2025-06-23T20:02:29.4289671Z   ssh-user: git
2025-06-23T20:02:29.4289948Z   persist-credentials: true
2025-06-23T20:02:29.4290244Z   clean: true
2025-06-23T20:02:29.4290504Z   sparse-checkout-cone-mode: true
2025-06-23T20:02:29.4290811Z   fetch-depth: 1
2025-06-23T20:02:29.4291048Z   fetch-tags: false
2025-06-23T20:02:29.4291300Z   show-progress: true
2025-06-23T20:02:29.4291544Z   lfs: false
2025-06-23T20:02:29.4291769Z   set-safe-directory: true
2025-06-23T20:02:29.4292161Z env:
2025-06-23T20:02:29.4292351Z   PYVERSION: 3.9
2025-06-23T20:02:29.4292555Z   CI_ARCH_LOWER: x64
2025-06-23T20:02:29.4292755Z   CI_WINDOWS: 1
2025-06-23T20:02:29.4292946Z   CI_ARCH_ENV: x64
2025-06-23T20:02:29.4293202Z   VCPKG_DEFAULT_TRIPLET: x64-windows
2025-06-23T20:02:29.4293579Z   EFFECTIVE_VCPKG_INSTALLED_DIR_BASE: D:\a\synthizer3d\synthizer3d\vcpkg_installed
2025-06-23T20:02:29.4293973Z ##[endgroup]
2025-06-23T20:02:29.6065529Z Syncing repository: Ambro86/synthizer3d
2025-06-23T20:02:29.6067334Z ##[group]Getting Git version info
2025-06-23T20:02:29.6067903Z Working directory is 'D:\a\synthizer3d\synthizer3d'
2025-06-23T20:02:29.7509249Z [command]"C:\Program Files\Git\bin\git.exe" version
2025-06-23T20:02:30.1840551Z git version 2.49.0.windows.1
2025-06-23T20:02:30.1891361Z ##[endgroup]
2025-06-23T20:02:30.1912829Z Temporarily overriding HOME='D:\a\_temp\be99871e-494c-4b08-975e-80e3a8b32ecc' before making global git config changes
2025-06-23T20:02:30.1914171Z Adding repository directory to the temporary git global config as a safe directory
2025-06-23T20:02:30.1926402Z [command]"C:\Program Files\Git\bin\git.exe" config --global --add safe.directory D:\a\synthizer3d\synthizer3d
2025-06-23T20:02:30.2684789Z Deleting the contents of 'D:\a\synthizer3d\synthizer3d'
2025-06-23T20:02:30.2690352Z ##[group]Initializing the repository
2025-06-23T20:02:30.2701054Z [command]"C:\Program Files\Git\bin\git.exe" init D:\a\synthizer3d\synthizer3d
2025-06-23T20:02:30.3556060Z Initialized empty Git repository in D:/a/synthizer3d/synthizer3d/.git/
2025-06-23T20:02:30.3648408Z [command]"C:\Program Files\Git\bin\git.exe" remote add origin https://github.com/Ambro86/synthizer3d
2025-06-23T20:02:30.4145882Z ##[endgroup]
2025-06-23T20:02:30.4146309Z ##[group]Disabling automatic garbage collection
2025-06-23T20:02:30.4159456Z [command]"C:\Program Files\Git\bin\git.exe" config --local gc.auto 0
2025-06-23T20:02:30.4421815Z ##[endgroup]
2025-06-23T20:02:30.4422474Z ##[group]Setting up auth
2025-06-23T20:02:30.4436402Z [command]"C:\Program Files\Git\bin\git.exe" config --local --name-only --get-regexp core\.sshCommand
2025-06-23T20:02:30.4676747Z [command]"C:\Program Files\Git\bin\git.exe" submodule foreach --recursive "sh -c \"git config --local --name-only --get-regexp 'core\.sshCommand' && git config --local --unset-all 'core.sshCommand' || :\""
2025-06-23T20:02:31.7937404Z [command]"C:\Program Files\Git\bin\git.exe" config --local --name-only --get-regexp http\.https\:\/\/github\.com\/\.extraheader
2025-06-23T20:02:31.8173788Z [command]"C:\Program Files\Git\bin\git.exe" submodule foreach --recursive "sh -c \"git config --local --name-only --get-regexp 'http\.https\:\/\/github\.com\/\.extraheader' && git config --local --unset-all 'http.https://github.com/.extraheader' || :\""
2025-06-23T20:02:32.2620228Z [command]"C:\Program Files\Git\bin\git.exe" config --local http.https://github.com/.extraheader "AUTHORIZATION: basic ***"
2025-06-23T20:02:32.2855373Z ##[endgroup]
2025-06-23T20:02:32.2856234Z ##[group]Fetching the repository
2025-06-23T20:02:32.2872330Z [command]"C:\Program Files\Git\bin\git.exe" -c protocol.version=2 fetch --no-tags --prune --no-recurse-submodules --depth=1 origin +b75ffb0d1c2034a03f4ec38f8afd2d3b15296d0e:refs/remotes/origin/master
2025-06-23T20:02:36.9499405Z From https://github.com/Ambro86/synthizer3d
2025-06-23T20:02:36.9501470Z  * [new ref]         b75ffb0d1c2034a03f4ec38f8afd2d3b15296d0e -> origin/master
2025-06-23T20:02:36.9689363Z ##[endgroup]
2025-06-23T20:02:36.9689794Z ##[group]Determining the checkout info
2025-06-23T20:02:36.9692504Z ##[endgroup]
2025-06-23T20:02:36.9703496Z [command]"C:\Program Files\Git\bin\git.exe" sparse-checkout disable
2025-06-23T20:02:37.0012828Z [command]"C:\Program Files\Git\bin\git.exe" config --local --unset-all extensions.worktreeConfig
2025-06-23T20:02:37.0224288Z ##[group]Checking out the ref
2025-06-23T20:02:37.0237573Z [command]"C:\Program Files\Git\bin\git.exe" checkout --progress --force -B master refs/remotes/origin/master
2025-06-23T20:02:37.7532012Z branch 'master' set up to track 'origin/master'.
2025-06-23T20:02:37.7535696Z Reset branch 'master'
2025-06-23T20:02:37.7584189Z ##[endgroup]
2025-06-23T20:02:37.7584820Z ##[group]Setting up auth for fetching submodules
2025-06-23T20:02:37.7595025Z [command]"C:\Program Files\Git\bin\git.exe" config --global http.https://github.com/.extraheader "AUTHORIZATION: basic ***"
2025-06-23T20:02:37.7821148Z [command]"C:\Program Files\Git\bin\git.exe" config --global --unset-all url.https://github.com/.insteadOf
2025-06-23T20:02:37.8030985Z [command]"C:\Program Files\Git\bin\git.exe" config --global --add url.https://github.com/.insteadOf git@github.com:
2025-06-23T20:02:37.8251127Z [command]"C:\Program Files\Git\bin\git.exe" config --global --add url.https://github.com/.insteadOf org-58132298@github.com:
2025-06-23T20:02:37.8458179Z ##[endgroup]
2025-06-23T20:02:37.8458557Z ##[group]Fetching submodules
2025-06-23T20:02:37.8471652Z [command]"C:\Program Files\Git\bin\git.exe" submodule sync --recursive
2025-06-23T20:02:38.2402258Z [command]"C:\Program Files\Git\bin\git.exe" -c protocol.version=2 submodule update --init --force --depth=1 --recursive
2025-06-23T20:02:38.6325230Z [command]"C:\Program Files\Git\bin\git.exe" submodule foreach --recursive "git config --local gc.auto 0"
2025-06-23T20:02:39.0402268Z ##[endgroup]
2025-06-23T20:02:39.0402883Z ##[group]Persisting credentials for submodules
2025-06-23T20:02:39.0415694Z [command]"C:\Program Files\Git\bin\git.exe" submodule foreach --recursive "sh -c \"git config --local --name-only --get-regexp 'url\.https\:\/\/github\.com\/\.insteadOf' && git config --local --unset-all 'url.https://github.com/.insteadOf' || :\""
2025-06-23T20:02:39.4617860Z [command]"C:\Program Files\Git\bin\git.exe" submodule foreach --recursive "sh -c \"git config --local 'http.https://github.com/.extraheader' 'AUTHORIZATION: basic ***' && git config --local --show-origin --name-only --get-regexp remote.origin.url\""
2025-06-23T20:02:39.8911588Z [command]"C:\Program Files\Git\bin\git.exe" submodule foreach --recursive "git config --local --add 'url.https://github.com/.insteadOf' 'git@github.com:'"
2025-06-23T20:02:40.2969572Z [command]"C:\Program Files\Git\bin\git.exe" submodule foreach --recursive "git config --local --add 'url.https://github.com/.insteadOf' 'org-58132298@github.com:'"
2025-06-23T20:02:40.7041158Z ##[endgroup]
2025-06-23T20:02:40.7292769Z [command]"C:\Program Files\Git\bin\git.exe" log -1 --format=%H
2025-06-23T20:02:40.7495744Z b75ffb0d1c2034a03f4ec38f8afd2d3b15296d0e
2025-06-23T20:02:40.7829860Z ##[group]Run actions/setup-python@v5
2025-06-23T20:02:40.7830158Z with:
2025-06-23T20:02:40.7830325Z   python-version: 3.9
2025-06-23T20:02:40.7830518Z   architecture: x64
2025-06-23T20:02:40.7830692Z   check-latest: false
2025-06-23T20:02:40.7831020Z   token: ***
2025-06-23T20:02:40.7831196Z   update-environment: true
2025-06-23T20:02:40.7831391Z   allow-prereleases: false
2025-06-23T20:02:40.7831579Z   freethreaded: false
2025-06-23T20:02:40.7831759Z env:
2025-06-23T20:02:40.7831894Z   PYVERSION: 3.9
2025-06-23T20:02:40.7832060Z   CI_ARCH_LOWER: x64
2025-06-23T20:02:40.7832214Z   CI_WINDOWS: 1
2025-06-23T20:02:40.7832368Z   CI_ARCH_ENV: x64
2025-06-23T20:02:40.7832532Z   VCPKG_DEFAULT_TRIPLET: x64-windows
2025-06-23T20:02:40.7833060Z   EFFECTIVE_VCPKG_INSTALLED_DIR_BASE: D:\a\synthizer3d\synthizer3d\vcpkg_installed
2025-06-23T20:02:40.7833393Z ##[endgroup]
2025-06-23T20:02:41.0023798Z ##[group]Installed versions
2025-06-23T20:02:41.0259122Z Successfully set up CPython (3.9.13)
2025-06-23T20:02:41.0260328Z ##[endgroup]
2025-06-23T20:02:41.0505227Z ##[group]Run python -m pip install --upgrade pip
2025-06-23T20:02:41.0505657Z [36;1mpython -m pip install --upgrade pip[0m
2025-06-23T20:02:41.0597254Z shell: C:\Program Files\PowerShell\7\pwsh.EXE -command ". '{0}'"
2025-06-23T20:02:41.0597650Z env:
2025-06-23T20:02:41.0597831Z   PYVERSION: 3.9
2025-06-23T20:02:41.0598043Z   CI_ARCH_LOWER: x64
2025-06-23T20:02:41.0598249Z   CI_WINDOWS: 1
2025-06-23T20:02:41.0598444Z   CI_ARCH_ENV: x64
2025-06-23T20:02:41.0598667Z   VCPKG_DEFAULT_TRIPLET: x64-windows
2025-06-23T20:02:41.0599134Z   EFFECTIVE_VCPKG_INSTALLED_DIR_BASE: D:\a\synthizer3d\synthizer3d\vcpkg_installed
2025-06-23T20:02:41.0599703Z   pythonLocation: C:\hostedtoolcache\windows\Python\3.9.13\x64
2025-06-23T20:02:41.0600255Z   PKG_CONFIG_PATH: C:\hostedtoolcache\windows\Python\3.9.13\x64/lib/pkgconfig
2025-06-23T20:02:41.0600778Z   Python_ROOT_DIR: C:\hostedtoolcache\windows\Python\3.9.13\x64
2025-06-23T20:02:41.0601289Z   Python2_ROOT_DIR: C:\hostedtoolcache\windows\Python\3.9.13\x64
2025-06-23T20:02:41.0601755Z   Python3_ROOT_DIR: C:\hostedtoolcache\windows\Python\3.9.13\x64
2025-06-23T20:02:41.0602119Z ##[endgroup]
2025-06-23T20:02:51.8750651Z Requirement already satisfied: pip in c:\hostedtoolcache\windows\python\3.9.13\x64\lib\site-packages (25.1.1)
2025-06-23T20:02:52.9842144Z ##[group]Run python synthizer-c/vendor.py synthizer-vendored
2025-06-23T20:02:52.9842601Z [36;1mpython synthizer-c/vendor.py synthizer-vendored[0m
2025-06-23T20:02:52.9874293Z shell: C:\Program Files\PowerShell\7\pwsh.EXE -command ". '{0}'"
2025-06-23T20:02:52.9874600Z env:
2025-06-23T20:02:52.9874745Z   PYVERSION: 3.9
2025-06-23T20:02:52.9874911Z   CI_ARCH_LOWER: x64
2025-06-23T20:02:52.9875086Z   CI_WINDOWS: 1
2025-06-23T20:02:52.9875232Z   CI_ARCH_ENV: x64
2025-06-23T20:02:52.9875402Z   VCPKG_DEFAULT_TRIPLET: x64-windows
2025-06-23T20:02:52.9875758Z   EFFECTIVE_VCPKG_INSTALLED_DIR_BASE: D:\a\synthizer3d\synthizer3d\vcpkg_installed
2025-06-23T20:02:52.9876170Z   pythonLocation: C:\hostedtoolcache\windows\Python\3.9.13\x64
2025-06-23T20:02:52.9876550Z   PKG_CONFIG_PATH: C:\hostedtoolcache\windows\Python\3.9.13\x64/lib/pkgconfig
2025-06-23T20:02:52.9876924Z   Python_ROOT_DIR: C:\hostedtoolcache\windows\Python\3.9.13\x64
2025-06-23T20:02:52.9877312Z   Python2_ROOT_DIR: C:\hostedtoolcache\windows\Python\3.9.13\x64
2025-06-23T20:02:52.9877651Z   Python3_ROOT_DIR: C:\hostedtoolcache\windows\Python\3.9.13\x64
2025-06-23T20:02:52.9877916Z ##[endgroup]
2025-06-23T20:02:55.0773047Z ##[group]Run actions/cache@v4
2025-06-23T20:02:55.0773368Z with:
2025-06-23T20:02:55.0773552Z   path: ~\AppData\Local\pip\Cache
2025-06-23T20:02:55.0773990Z   key: Windows-pip-3.9-x64-7bb05f23c3f96376e1221853e6931719cecbbb5da9517de533d3a2e015d61e31
2025-06-23T20:02:55.0774505Z   restore-keys: Windows-pip-3.9-x64-

2025-06-23T20:02:55.0774762Z   enableCrossOsArchive: false
2025-06-23T20:02:55.0774978Z   fail-on-cache-miss: false
2025-06-23T20:02:55.0775182Z   lookup-only: false
2025-06-23T20:02:55.0775353Z   save-always: false
2025-06-23T20:02:55.0775513Z env:
2025-06-23T20:02:55.0775652Z   PYVERSION: 3.9
2025-06-23T20:02:55.0775805Z   CI_ARCH_LOWER: x64
2025-06-23T20:02:55.0775956Z   CI_WINDOWS: 1
2025-06-23T20:02:55.0776095Z   CI_ARCH_ENV: x64
2025-06-23T20:02:55.0776267Z   VCPKG_DEFAULT_TRIPLET: x64-windows
2025-06-23T20:02:55.0776602Z   EFFECTIVE_VCPKG_INSTALLED_DIR_BASE: D:\a\synthizer3d\synthizer3d\vcpkg_installed
2025-06-23T20:02:55.0777061Z   pythonLocation: C:\hostedtoolcache\windows\Python\3.9.13\x64
2025-06-23T20:02:55.0777458Z   PKG_CONFIG_PATH: C:\hostedtoolcache\windows\Python\3.9.13\x64/lib/pkgconfig
2025-06-23T20:02:55.0777838Z   Python_ROOT_DIR: C:\hostedtoolcache\windows\Python\3.9.13\x64
2025-06-23T20:02:55.0778411Z   Python2_ROOT_DIR: C:\hostedtoolcache\windows\Python\3.9.13\x64
2025-06-23T20:02:55.0778755Z   Python3_ROOT_DIR: C:\hostedtoolcache\windows\Python\3.9.13\x64
2025-06-23T20:02:55.0779025Z ##[endgroup]
2025-06-23T20:02:55.6871895Z Cache hit for: Windows-pip-3.9-x64-7bb05f23c3f96376e1221853e6931719cecbbb5da9517de533d3a2e015d61e31
2025-06-23T20:02:57.0773830Z Received 12582912 of 40280248 (31.2%), 11.9 MBs/sec
2025-06-23T20:02:57.3817703Z Received 40280248 of 40280248 (100.0%), 29.3 MBs/sec
2025-06-23T20:02:57.3820896Z Cache Size: ~38 MB (40280248 B)
2025-06-23T20:02:57.3852056Z [command]"C:\Program Files\Git\usr\bin\tar.exe" -xf D:/a/_temp/77228fa4-5d95-4cdb-913f-8d29c65e951d/cache.tzst -P -C D:/a/synthizer3d/synthizer3d --force-local --use-compress-program "zstd -d"
2025-06-23T20:02:57.6608064Z Cache restored successfully
2025-06-23T20:02:57.6760943Z Cache restored from key: Windows-pip-3.9-x64-7bb05f23c3f96376e1221853e6931719cecbbb5da9517de533d3a2e015d61e31
2025-06-23T20:02:57.6980862Z ##[group]Run ilammy/msvc-dev-cmd@v1
2025-06-23T20:02:57.6981168Z with:
2025-06-23T20:02:57.6981324Z   arch: x64
2025-06-23T20:02:57.6981473Z env:
2025-06-23T20:02:57.6981611Z   PYVERSION: 3.9
2025-06-23T20:02:57.6981778Z   CI_ARCH_LOWER: x64
2025-06-23T20:02:57.6981948Z   CI_WINDOWS: 1
2025-06-23T20:02:57.6982101Z   CI_ARCH_ENV: x64
2025-06-23T20:02:57.6982288Z   VCPKG_DEFAULT_TRIPLET: x64-windows
2025-06-23T20:02:57.6982652Z   EFFECTIVE_VCPKG_INSTALLED_DIR_BASE: D:\a\synthizer3d\synthizer3d\vcpkg_installed
2025-06-23T20:02:57.6983089Z   pythonLocation: C:\hostedtoolcache\windows\Python\3.9.13\x64
2025-06-23T20:02:57.6983490Z   PKG_CONFIG_PATH: C:\hostedtoolcache\windows\Python\3.9.13\x64/lib/pkgconfig
2025-06-23T20:02:57.6983876Z   Python_ROOT_DIR: C:\hostedtoolcache\windows\Python\3.9.13\x64
2025-06-23T20:02:57.6984231Z   Python2_ROOT_DIR: C:\hostedtoolcache\windows\Python\3.9.13\x64
2025-06-23T20:02:57.6984615Z   Python3_ROOT_DIR: C:\hostedtoolcache\windows\Python\3.9.13\x64
2025-06-23T20:02:57.6984902Z ##[endgroup]
2025-06-23T20:02:58.2468139Z Found with vswhere: C:\Program Files\Microsoft Visual Studio\2022\Enterprise\VC\Auxiliary\Build\vcvarsall.bat
2025-06-23T20:03:02.6306782Z ##[group]Environment variables
2025-06-23T20:03:02.6307477Z Setting CommandPromptType
2025-06-23T20:03:02.6321681Z Setting DevEnvDir
2025-06-23T20:03:02.6326025Z Setting ExtensionSdkDir
2025-06-23T20:03:02.6328962Z Setting EXTERNAL_INCLUDE
2025-06-23T20:03:02.6334423Z Setting Framework40Version
2025-06-23T20:03:02.6336976Z Setting FrameworkDir
2025-06-23T20:03:02.6339251Z Setting FrameworkDir64
2025-06-23T20:03:02.6342671Z Setting FrameworkVersion
2025-06-23T20:03:02.6345325Z Setting FrameworkVersion64
2025-06-23T20:03:02.6348805Z Setting FSHARPINSTALLDIR
2025-06-23T20:03:02.6352289Z Setting HTMLHelpDir
2025-06-23T20:03:02.6362587Z Setting IFCPATH
2025-06-23T20:03:02.6365975Z Setting INCLUDE
2025-06-23T20:03:02.6370455Z Setting is_x64_arch
2025-06-23T20:03:02.6372948Z Setting LIB
2025-06-23T20:03:02.6375515Z Setting LIBPATH
2025-06-23T20:03:02.6378964Z Setting NETFXSDKDir
2025-06-23T20:03:02.6383150Z Setting Path
2025-06-23T20:03:02.6387070Z Setting Platform
2025-06-23T20:03:02.6390278Z Setting UCRTVersion
2025-06-23T20:03:02.6392783Z Setting UniversalCRTSdkDir
2025-06-23T20:03:02.6395643Z Setting VCIDEInstallDir
2025-06-23T20:03:02.6399719Z Setting VCINSTALLDIR
2025-06-23T20:03:02.6402388Z Setting VCPKG_ROOT
2025-06-23T20:03:02.6404871Z Setting VCToolsInstallDir
2025-06-23T20:03:02.6407430Z Setting VCToolsRedistDir
2025-06-23T20:03:02.6410221Z Setting VCToolsVersion
2025-06-23T20:03:02.6412223Z Setting VisualStudioVersion
2025-06-23T20:03:02.6413865Z Setting VS170COMNTOOLS
2025-06-23T20:03:02.6415483Z Setting VSCMD_ARG_app_plat
2025-06-23T20:03:02.6417066Z Setting VSCMD_ARG_HOST_ARCH
2025-06-23T20:03:02.6418633Z Setting VSCMD_ARG_TGT_ARCH
2025-06-23T20:03:02.6420151Z Setting VSCMD_VER
2025-06-23T20:03:02.6421975Z Setting VSINSTALLDIR
2025-06-23T20:03:02.6423716Z Setting VSSDK150INSTALL
2025-06-23T20:03:02.6425607Z Setting VSSDKINSTALL
2025-06-23T20:03:02.6427129Z Setting WindowsLibPath
2025-06-23T20:03:02.6428974Z Setting WindowsSdkBinPath
2025-06-23T20:03:02.6430550Z Setting WindowsSdkDir
2025-06-23T20:03:02.6432167Z Setting WindowsSDKLibVersion
2025-06-23T20:03:02.6433700Z Setting WindowsSdkVerBinPath
2025-06-23T20:03:02.6435235Z Setting WindowsSDKVersion
2025-06-23T20:03:02.6436843Z Setting WindowsSDK_ExecutablePath_x64
2025-06-23T20:03:02.6438358Z Setting WindowsSDK_ExecutablePath_x86
2025-06-23T20:03:02.6439893Z Setting __DOTNET_ADD_64BIT
2025-06-23T20:03:02.6441604Z Setting __DOTNET_PREFERRED_BITNESS
2025-06-23T20:03:02.6443200Z Setting __VSCMD_PREINIT_PATH
2025-06-23T20:03:02.6445874Z ##[endgroup]
2025-06-23T20:03:02.6446316Z Configured Developer Command Prompt
2025-06-23T20:03:02.6640565Z ##[group]Run lukka/run-vcpkg@v11
2025-06-23T20:03:02.6640867Z with:
2025-06-23T20:03:02.6641042Z   vcpkgJsonGlob: vcpkg.json
2025-06-23T20:03:02.6641274Z   runVcpkgInstall: true
2025-06-23T20:03:02.6641508Z   vcpkgDirectory: D:\a\synthizer3d\synthizer3d/vcpkg
2025-06-23T20:03:02.6641827Z   vcpkgGitURL: https://github.com/microsoft/vcpkg.git
2025-06-23T20:03:02.6642114Z   doNotUpdateVcpkg: false
2025-06-23T20:03:02.6642307Z   doNotCache: true
2025-06-23T20:03:02.6642485Z   vcpkgJsonIgnores: ['**/vcpkg/**']
2025-06-23T20:03:02.6642776Z   vcpkgConfigurationJsonGlob: **/vcpkg-configuration.json
2025-06-23T20:03:02.6643418Z   runVcpkgFormatString: [`install`, `--recurse`, `--clean-after-build`, `--x-install-root`, `$[env.VCPKG_INSTALLED_DIR]`, `--triplet`, `$[env.VCPKG_DEFAULT_TRIPLET]`]
2025-06-23T20:03:02.6643982Z   useShell: true
2025-06-23T20:03:02.6644423Z   logCollectionRegExps: \s*"(.+CMakeOutput\.log)"\.\s*;\s*"(.+CMakeError\.log)"\.\s*;\s*(.+out\.log)\s*;\s+(.+err\.log)\s*;\s*(.+vcpkg.+\.log)\s*
2025-06-23T20:03:02.6644865Z env:
2025-06-23T20:03:02.6645009Z   PYVERSION: 3.9
2025-06-23T20:03:02.6645235Z   CI_ARCH_LOWER: x64
2025-06-23T20:03:02.6645441Z   CI_WINDOWS: 1
2025-06-23T20:03:02.6645595Z   CI_ARCH_ENV: x64
2025-06-23T20:03:02.6645775Z   VCPKG_DEFAULT_TRIPLET: x64-windows
2025-06-23T20:03:02.6646120Z   EFFECTIVE_VCPKG_INSTALLED_DIR_BASE: D:\a\synthizer3d\synthizer3d\vcpkg_installed
2025-06-23T20:03:02.6646551Z   pythonLocation: C:\hostedtoolcache\windows\Python\3.9.13\x64
2025-06-23T20:03:02.6646938Z   PKG_CONFIG_PATH: C:\hostedtoolcache\windows\Python\3.9.13\x64/lib/pkgconfig
2025-06-23T20:03:02.6647327Z   Python_ROOT_DIR: C:\hostedtoolcache\windows\Python\3.9.13\x64
2025-06-23T20:03:02.6647688Z   Python2_ROOT_DIR: C:\hostedtoolcache\windows\Python\3.9.13\x64
2025-06-23T20:03:02.6648037Z   Python3_ROOT_DIR: C:\hostedtoolcache\windows\Python\3.9.13\x64
2025-06-23T20:03:02.6648322Z   CommandPromptType: Native
2025-06-23T20:03:02.6648649Z   DevEnvDir: C:\Program Files\Microsoft Visual Studio\2022\Enterprise\Common7\IDE\
2025-06-23T20:03:02.6649118Z   ExtensionSdkDir: C:\Program Files (x86)\Microsoft SDKs\Windows Kits\10\ExtensionSDKs
2025-06-23T20:03:02.6651144Z   EXTERNAL_INCLUDE: C:\Program Files\Microsoft Visual Studio\2022\Enterprise\VC\Tools\MSVC\14.43.34808\include;C:\Program Files\Microsoft Visual Studio\2022\Enterprise\VC\Tools\MSVC\14.43.34808\ATLMFC\include;C:\Program Files\Microsoft Visual Studio\2022\Enterprise\VC\Auxiliary\VS\include;C:\Program Files (x86)\Windows Kits\10\include\10.0.26100.0\ucrt;C:\Program Files (x86)\Windows Kits\10\\include\10.0.26100.0\\um;C:\Program Files (x86)\Windows Kits\10\\include\10.0.26100.0\\shared;C:\Program Files (x86)\Windows Kits\10\\include\10.0.26100.0\\winrt;C:\Program Files (x86)\Windows Kits\10\\include\10.0.26100.0\\cppwinrt;C:\Program Files (x86)\Windows Kits\NETFXSDK\4.8\include\um
2025-06-23T20:03:02.6653087Z   Framework40Version: v4.0
2025-06-23T20:03:02.6653348Z   FrameworkDir: C:\Windows\Microsoft.NET\Framework64\
2025-06-23T20:03:02.6653656Z   FrameworkDir64: C:\Windows\Microsoft.NET\Framework64\
2025-06-23T20:03:02.6653932Z   FrameworkVersion: v4.0.30319
2025-06-23T20:03:02.6654325Z   FrameworkVersion64: v4.0.30319
2025-06-23T20:03:02.6654812Z   FSHARPINSTALLDIR: C:\Program Files\Microsoft Visual Studio\2022\Enterprise\Common7\IDE\CommonExtensions\Microsoft\FSharp\Tools
2025-06-23T20:03:02.6655348Z   HTMLHelpDir: C:\Program Files (x86)\HTML Help Workshop
2025-06-23T20:03:02.6655789Z   IFCPATH: C:\Program Files\Microsoft Visual Studio\2022\Enterprise\VC\Tools\MSVC\14.43.34808\ifc\x64
2025-06-23T20:03:02.6659215Z   INCLUDE: C:\Program Files\Microsoft Visual Studio\2022\Enterprise\VC\Tools\MSVC\14.43.34808\include;C:\Program Files\Microsoft Visual Studio\2022\Enterprise\VC\Tools\MSVC\14.43.34808\ATLMFC\include;C:\Program Files\Microsoft Visual Studio\2022\Enterprise\VC\Auxiliary\VS\include;C:\Program Files (x86)\Windows Kits\10\include\10.0.26100.0\ucrt;C:\Program Files (x86)\Windows Kits\10\\include\10.0.26100.0\\um;C:\Program Files (x86)\Windows Kits\10\\include\10.0.26100.0\\shared;C:\Program Files (x86)\Windows Kits\10\\include\10.0.26100.0\\winrt;C:\Program Files (x86)\Windows Kits\10\\include\10.0.26100.0\\cppwinrt;C:\Program Files (x86)\Windows Kits\NETFXSDK\4.8\include\um
2025-06-23T20:03:02.6661157Z   is_x64_arch: true
2025-06-23T20:03:02.6662209Z   LIB: C:\Program Files\Microsoft Visual Studio\2022\Enterprise\VC\Tools\MSVC\14.43.34808\ATLMFC\lib\x64;C:\Program Files\Microsoft Visual Studio\2022\Enterprise\VC\Tools\MSVC\14.43.34808\lib\x64;C:\Program Files (x86)\Windows Kits\NETFXSDK\4.8\lib\um\x64;C:\Program Files (x86)\Windows Kits\10\lib\10.0.26100.0\ucrt\x64;C:\Program Files (x86)\Windows Kits\10\\lib\10.0.26100.0\\um\x64
2025-06-23T20:03:02.6664462Z   LIBPATH: C:\Program Files\Microsoft Visual Studio\2022\Enterprise\VC\Tools\MSVC\14.43.34808\ATLMFC\lib\x64;C:\Program Files\Microsoft Visual Studio\2022\Enterprise\VC\Tools\MSVC\14.43.34808\lib\x64;C:\Program Files\Microsoft Visual Studio\2022\Enterprise\VC\Tools\MSVC\14.43.34808\lib\x86\store\references;C:\Program Files (x86)\Windows Kits\10\UnionMetadata\10.0.26100.0;C:\Program Files (x86)\Windows Kits\10\References\10.0.26100.0;C:\Windows\Microsoft.NET\Framework64\v4.0.30319
2025-06-23T20:03:02.6665934Z   NETFXSDKDir: C:\Program Files (x86)\Windows Kits\NETFXSDK\4.8\
2025-06-23T20:03:02.6679274Z   Path: C:\Program Files\Microsoft Visual Studio\2022\Enterprise\VC\Tools\MSVC\14.43.34808\bin\HostX64\x64;C:\Program Files\Microsoft Visual Studio\2022\Enterprise\Common7\IDE\VC\VCPackages;C:\Program Files\Microsoft Visual Studio\2022\Enterprise\Common7\IDE\CommonExtensions\Microsoft\TestWindow;C:\Program Files\Microsoft Visual Studio\2022\Enterprise\Common7\IDE\CommonExtensions\Microsoft\TeamFoundation\Team Explorer;C:\Program Files\Microsoft Visual Studio\2022\Enterprise\MSBuild\Current\bin\Roslyn;C:\Program Files (x86)\Microsoft SDKs\Windows\v10.0A\bin\NETFX 4.8 Tools\x64\;C:\Program Files (x86)\HTML Help Workshop;C:\Program Files\Microsoft Visual Studio\2022\Enterprise\Common7\IDE\CommonExtensions\Microsoft\FSharp\Tools;C:\Program Files\Microsoft Visual Studio\2022\Enterprise\Team Tools\DiagnosticsHub\Collector;C:\Program Files\Microsoft Visual Studio\2022\Enterprise\Common7\IDE\Extensions\Microsoft\CodeCoverage.Console;C:\Program Files (x86)\Windows Kits\10\bin\10.0.26100.0\\x64;C:\Program Files (x86)\Windows Kits\10\bin\\x64;C:\Program Files\Microsoft Visual Studio\2022\Enterprise\\MSBuild\Current\Bin\amd64;C:\Windows\Microsoft.NET\Framework64\v4.0.30319;C:\Program Files\Microsoft Visual Studio\2022\Enterprise\Common7\IDE\;C:\Program Files\Microsoft Visual Studio\2022\Enterprise\Common7\Tools\;C:\Users\runneradmin\AppData\Roaming\Python\Python39\Scripts;C:\hostedtoolcache\windows\Python\3.9.13\x64\Scripts;C:\hostedtoolcache\windows\Python\3.9.13\x64;C:\Program Files\MongoDB\Server\5.0\bin;C:\aliyun-cli;C:\vcpkg;C:\Program Files (x86)\NSIS\;C:\tools\zstd;C:\Program Files\Mercurial\;C:\hostedtoolcache\windows\stack\3.5.1\x64;C:\cabal\bin;C:\\ghcup\bin;C:\mingw64\bin;C:\Program Files\dotnet;C:\Program Files\MySQL\MySQL Server 8.0\bin;C:\Program Files\R\R-4.4.2\bin\x64;C:\SeleniumWebDrivers\GeckoDriver;C:\SeleniumWebDrivers\EdgeDriver\;C:\SeleniumWebDrivers\ChromeDriver;C:\Program Files (x86)\sbt\bin;C:\Program Files (x86)\GitHub CLI;C:\Program Files\Git\bin;C:\Program Files (x86)\pipx_bin;C:\npm\prefix;C:\hostedtoolcache\windows\go\1.24.3\x64\bin;C:\hostedtoolcache\windows\Ruby\3.3.8\x64\bin;C:\Program Files\OpenSSL\bin;C:\tools\kotlinc\bin;C:\hostedtoolcache\windows\Java_Temurin-Hotspot_jdk\8.0.452-9\x64\bin;C:\Program Files\ImageMagick-7.1.1-Q16-HDRI;C:\Program Files\Microsoft SDKs\Azure\CLI2\wbin;C:\ProgramData\kind;C:\ProgramData\Chocolatey\bin;C:\Windows\system32;C:\Windows;C:\Windows\System32\Wbem;C:\Windows\System32\WindowsPowerShell\v1.0\;C:\Windows\System32\OpenSSH\;C:\Program Files\dotnet\;C:\Program Files\PowerShell\7\;C:\Program Files\Microsoft\Web Platform Installer\;C:\Program Files\TortoiseSVN\bin;C:\Program Files\Microsoft SQL Server\Client SDK\ODBC\170\Tools\Binn\;C:\Program Files\Microsoft SQL Server\150\Tools\Binn\;C:\Program Files (x86)\Windows Kits\10\Windows Performance Toolkit\;C:\Program Files (x86)\WiX Toolset v3.14\bin;C:\Program Files\Microsoft SQL Server\130\DTS\Binn\;C:\Program Files\Microsoft SQL Server\140\DTS\Binn\;C:\Program Files\Microsoft SQL Server\150\DTS\Binn\;C:\Program Files\Microsoft SQL Server\160\DTS\Binn\;C:\Strawberry\c\bin;C:\Strawberry\perl\site\bin;C:\Strawberry\perl\bin;C:\ProgramData\chocolatey\lib\pulumi\tools\Pulumi\bin;C:\Program Files\CMake\bin;C:\ProgramData\chocolatey\lib\maven\apache-maven-3.9.9\bin;C:\Program Files\Microsoft Service Fabric\bin\Fabric\Fabric.Code;C:\Program Files\Microsoft SDKs\Service Fabric\Tools\ServiceFabricLocalClusterManager;C:\Program Files\nodejs\;C:\Program Files\Git\cmd;C:\Program Files\Git\mingw64\bin;C:\Program Files\Git\usr\bin;C:\Program Files\GitHub CLI\;c:\tools\php;C:\Program Files\Amazon\AWSCLIV2\;C:\Program Files\Amazon\SessionManagerPlugin\bin\;C:\Program Files\Amazon\AWSSAMCLI\bin\;C:\Program Files\Microsoft SQL Server\130\Tools\Binn\;C:\Program Files\LLVM\bin;C:\Users\runneradmin\.dotnet\tools;C:\Users\runneradmin\.cargo\bin;C:\Users\runneradmin\AppData\Local\Microsoft\WindowsApps;C:\Program Files (x86)\Microsoft Visual Studio\Installer;C:\Program Files\Microsoft Visual Studio\2022\Enterprise\VC\Tools\Llvm\x64\bin;C:\Program Files\Microsoft Visual Studio\2022\Enterprise\Common7\IDE\CommonExtensions\Microsoft\CMake\CMake\bin;C:\Program Files\Microsoft Visual Studio\2022\Enterprise\Common7\IDE\CommonExtensions\Microsoft\CMake\Ninja;C:\Program Files\Microsoft Visual Studio\2022\Enterprise\Common7\IDE\VC\Linux\bin\ConnectionManagerExe;C:\Program Files\Microsoft Visual Studio\2022\Enterprise\VC\vcpkg
2025-06-23T20:03:02.6692336Z   Platform: x64
2025-06-23T20:03:02.6692508Z   UCRTVersion: 10.0.26100.0
2025-06-23T20:03:02.6692773Z   UniversalCRTSdkDir: C:\Program Files (x86)\Windows Kits\10\
2025-06-23T20:03:02.6693216Z   VCIDEInstallDir: C:\Program Files\Microsoft Visual Studio\2022\Enterprise\Common7\IDE\VC\
2025-06-23T20:03:02.6693696Z   VCINSTALLDIR: C:\Program Files\Microsoft Visual Studio\2022\Enterprise\VC\
2025-06-23T20:03:02.6694126Z   VCPKG_ROOT: C:\Program Files\Microsoft Visual Studio\2022\Enterprise\VC\vcpkg
2025-06-23T20:03:02.6694627Z   VCToolsInstallDir: C:\Program Files\Microsoft Visual Studio\2022\Enterprise\VC\Tools\MSVC\14.43.34808\
2025-06-23T20:03:02.6695216Z   VCToolsRedistDir: C:\Program Files\Microsoft Visual Studio\2022\Enterprise\VC\Redist\MSVC\14.42.34433\
2025-06-23T20:03:02.6695641Z   VCToolsVersion: 14.43.34808
2025-06-23T20:03:02.6695836Z   VisualStudioVersion: 17.0
2025-06-23T20:03:02.6696168Z   VS170COMNTOOLS: C:\Program Files\Microsoft Visual Studio\2022\Enterprise\Common7\Tools\
2025-06-23T20:03:02.6696530Z   VSCMD_ARG_app_plat: Desktop
2025-06-23T20:03:02.6696721Z   VSCMD_ARG_HOST_ARCH: x64
2025-06-23T20:03:02.6696901Z   VSCMD_ARG_TGT_ARCH: x64
2025-06-23T20:03:02.6697077Z   VSCMD_VER: 17.13.2
2025-06-23T20:03:02.6697349Z   VSINSTALLDIR: C:\Program Files\Microsoft Visual Studio\2022\Enterprise\
2025-06-23T20:03:02.6697774Z   VSSDK150INSTALL: C:\Program Files\Microsoft Visual Studio\2022\Enterprise\VSSDK
2025-06-23T20:03:02.6698289Z   VSSDKINSTALL: C:\Program Files\Microsoft Visual Studio\2022\Enterprise\VSSDK
2025-06-23T20:03:02.6698891Z   WindowsLibPath: C:\Program Files (x86)\Windows Kits\10\UnionMetadata\10.0.26100.0;C:\Program Files (x86)\Windows Kits\10\References\10.0.26100.0
2025-06-23T20:03:02.6699463Z   WindowsSdkBinPath: C:\Program Files (x86)\Windows Kits\10\bin\
2025-06-23T20:03:02.6699804Z   WindowsSdkDir: C:\Program Files (x86)\Windows Kits\10\
2025-06-23T20:03:02.6700079Z   WindowsSDKLibVersion: 10.0.26100.0\
2025-06-23T20:03:02.6700412Z   WindowsSdkVerBinPath: C:\Program Files (x86)\Windows Kits\10\bin\10.0.26100.0\
2025-06-23T20:03:02.6700752Z   WindowsSDKVersion: 10.0.26100.0\
2025-06-23T20:03:02.6701218Z   WindowsSDK_ExecutablePath_x64: C:\Program Files (x86)\Microsoft SDKs\Windows\v10.0A\bin\NETFX 4.8 Tools\x64\
2025-06-23T20:03:02.6701822Z   WindowsSDK_ExecutablePath_x86: C:\Program Files (x86)\Microsoft SDKs\Windows\v10.0A\bin\NETFX 4.8 Tools\
2025-06-23T20:03:02.6702224Z   __DOTNET_ADD_64BIT: 1
2025-06-23T20:03:02.6702410Z   __DOTNET_PREFERRED_BITNESS: 64
2025-06-23T20:03:02.6710336Z   __VSCMD_PREINIT_PATH: C:\Users\runneradmin\AppData\Roaming\Python\Python39\Scripts;C:\hostedtoolcache\windows\Python\3.9.13\x64\Scripts;C:\hostedtoolcache\windows\Python\3.9.13\x64;C:\Program Files\MongoDB\Server\5.0\bin;C:\aliyun-cli;C:\vcpkg;C:\Program Files (x86)\NSIS\;C:\tools\zstd;C:\Program Files\Mercurial\;C:\hostedtoolcache\windows\stack\3.5.1\x64;C:\cabal\bin;C:\\ghcup\bin;C:\mingw64\bin;C:\Program Files\dotnet;C:\Program Files\MySQL\MySQL Server 8.0\bin;C:\Program Files\R\R-4.4.2\bin\x64;C:\SeleniumWebDrivers\GeckoDriver;C:\SeleniumWebDrivers\EdgeDriver\;C:\SeleniumWebDrivers\ChromeDriver;C:\Program Files (x86)\sbt\bin;C:\Program Files (x86)\GitHub CLI;C:\Program Files\Git\bin;C:\Program Files (x86)\pipx_bin;C:\npm\prefix;C:\hostedtoolcache\windows\go\1.24.3\x64\bin;C:\hostedtoolcache\windows\Python\3.9.13\x64\Scripts;C:\hostedtoolcache\windows\Python\3.9.13\x64;C:\hostedtoolcache\windows\Ruby\3.3.8\x64\bin;C:\Program Files\OpenSSL\bin;C:\tools\kotlinc\bin;C:\hostedtoolcache\windows\Java_Temurin-Hotspot_jdk\8.0.452-9\x64\bin;C:\Program Files\ImageMagick-7.1.1-Q16-HDRI;C:\Program Files\Microsoft SDKs\Azure\CLI2\wbin;C:\ProgramData\kind;C:\ProgramData\Chocolatey\bin;C:\Windows\system32;C:\Windows;C:\Windows\System32\Wbem;C:\Windows\System32\WindowsPowerShell\v1.0\;C:\Windows\System32\OpenSSH\;C:\Program Files\dotnet\;C:\Program Files\PowerShell\7\;C:\Program Files\Microsoft\Web Platform Installer\;C:\Program Files\TortoiseSVN\bin;C:\Program Files\Microsoft SQL Server\Client SDK\ODBC\170\Tools\Binn\;C:\Program Files\Microsoft SQL Server\150\Tools\Binn\;C:\Program Files (x86)\Windows Kits\10\Windows Performance Toolkit\;C:\Program Files (x86)\WiX Toolset v3.14\bin;C:\Program Files\Microsoft SQL Server\130\DTS\Binn\;C:\Program Files\Microsoft SQL Server\140\DTS\Binn\;C:\Program Files\Microsoft SQL Server\150\DTS\Binn\;C:\Program Files\Microsoft SQL Server\160\DTS\Binn\;C:\Strawberry\c\bin;C:\Strawberry\perl\site\bin;C:\Strawberry\perl\bin;C:\ProgramData\chocolatey\lib\pulumi\tools\Pulumi\bin;C:\Program Files\CMake\bin;C:\ProgramData\chocolatey\lib\maven\apache-maven-3.9.9\bin;C:\Program Files\Microsoft Service Fabric\bin\Fabric\Fabric.Code;C:\Program Files\Microsoft SDKs\Service Fabric\Tools\ServiceFabricLocalClusterManager;C:\Program Files\nodejs\;C:\Program Files\Git\cmd;C:\Program Files\Git\mingw64\bin;C:\Program Files\Git\usr\bin;C:\Program Files\GitHub CLI\;c:\tools\php;C:\Program Files (x86)\sbt\bin;C:\Program Files\Amazon\AWSCLIV2\;C:\Program Files\Amazon\SessionManagerPlugin\bin\;C:\Program Files\Amazon\AWSSAMCLI\bin\;C:\Program Files\Microsoft SQL Server\130\Tools\Binn\;C:\Program Files\LLVM\bin;C:\Users\runneradmin\.dotnet\tools;C:\Users\runneradmin\.cargo\bin;C:\Users\runneradmin\AppData\Local\Microsoft\WindowsApps;C:\Program Files (x86)\Microsoft Visual Studio\Installer
2025-06-23T20:03:02.6718469Z ##[endgroup]
2025-06-23T20:03:02.9113220Z ##[group]Prepare output directories
2025-06-23T20:03:02.9115707Z The vpckg root directory: 'D:\a\synthizer3d\synthizer3d\vcpkg'
2025-06-23T20:03:02.9157413Z ##[endgroup]
2025-06-23T20:03:02.9158028Z ⏱ elapsed: 0.004 seconds
2025-06-23T20:03:03.1546242Z Running command '"C:\Program Files\Git\bin\git.exe"' with args '^"submodule^",^"status^",^"D:\a\synthizer3d\synthizer3d\vcpkg^"' in current directory 'D:\a\synthizer3d\synthizer3d'.
2025-06-23T20:03:03.6380817Z error: pathspec 'D:\a\synthizer3d\synthizer3d\vcpkg' did not match any file(s) known to git
2025-06-23T20:03:03.6464909Z ##[group]Searching for vcpkg.json with glob expression 'vcpkg.json'
2025-06-23T20:03:03.6543591Z Found vcpkg.json at 'vcpkg.json'.
2025-06-23T20:03:03.6546443Z ##[endgroup]
2025-06-23T20:03:03.6547264Z ⏱ elapsed: 0.008 seconds
2025-06-23T20:03:03.6548639Z ##[group]The vcpkgCommitId is not provided, searching for a vcpkg-configuration.json using **/vcpkg-configuration.json
2025-06-23T20:03:03.6552075Z Searching for 'vcpkg-configuration.json' using: '**/vcpkg-configuration.json'
2025-06-23T20:03:03.7039172Z The file 'vcpkg-configuration.json' was not found with glob expression '**/vcpkg-configuration.json'.
2025-06-23T20:03:03.7040547Z A vcpkg-configuration.json is not found.
2025-06-23T20:03:03.7076154Z ##[endgroup]
2025-06-23T20:03:03.7076889Z ⏱ elapsed: 0.053 seconds
2025-06-23T20:03:03.7077969Z Found baseline '8f63c9ed5897d7367a92a442a79f91721e0fd38f', this is the Git commit id going to be used to fetch vcpkg from the repository
2025-06-23T20:03:03.7103092Z ##[group]Setup to run on GitHub Action runners
2025-06-23T20:03:03.7105283Z Set the workflow environment variable 'VCPKG_BINARY_SOURCES' to value 'clear;x-gha,readwrite'
2025-06-23T20:03:03.7106875Z Set the workflow environment variable 'ACTIONS_CACHE_URL' to value 'https://acghubeus2.actions.githubusercontent.com/bwbzopuV3oKlbowlUKWdOnf6KF0vjv7EYqCB3ZHqukKhTVgy74/'
2025-06-23T20:03:03.7171490Z Set the workflow environment variable 'ACTIONS_RUNTIME_TOKEN' to value '***'
2025-06-23T20:03:03.7172996Z ##[endgroup]
2025-06-23T20:03:03.7173605Z ⏱ elapsed: 0.002 seconds
2025-06-23T20:03:03.7174448Z ##[group]Retrieving the vcpkg Git commit id at: 'D:\a\synthizer3d\synthizer3d\vcpkg'
2025-06-23T20:03:03.8329333Z Fetching the Git commit id at 'D:\a\synthizer3d\synthizer3d\vcpkg' ...
2025-06-23T20:03:03.8334117Z Running command '"C:\Program Files\Git\bin\git.exe"' with args '^"rev-parse^",^"HEAD^"' in current directory 'D:\a\synthizer3d\synthizer3d\vcpkg'.
2025-06-23T20:03:03.8629673Z b75ffb0d1c2034a03f4ec38f8afd2d3b15296d0e
2025-06-23T20:03:03.8665018Z ##[endgroup]
2025-06-23T20:03:03.8665778Z ⏱ elapsed: 0.156 seconds
2025-06-23T20:03:03.8666457Z ##[group]Check whether vcpkg repository is up to date
2025-06-23T20:03:03.8667774Z Checking whether vcpkg's repository is updated to commit id 'b75ffb0d1c2034a03f4ec38f8afd2d3b15296d0e' ...
2025-06-23T20:03:03.8670222Z Current commit id of vcpkg: 'b75ffb0d1c2034a03f4ec38f8afd2d3b15296d0e'.
2025-06-23T20:03:03.8670677Z Is vcpkg repository updated? No
2025-06-23T20:03:03.8671457Z ##[endgroup]
2025-06-23T20:03:03.8671934Z ⏱ elapsed: 0.001 seconds
2025-06-23T20:03:03.8672300Z ##[group]Download vcpkg source code repository
2025-06-23T20:03:03.8673751Z Cloning vcpkg in 'D:\a\synthizer3d\synthizer3d\vcpkg'...
2025-06-23T20:03:03.9673129Z Running command '"C:\Program Files\Git\bin\git.exe"' with args '^"clone^",^"https://github.com/microsoft/vcpkg.git^",^"-n^",^".^"' in current directory 'D:\a\synthizer3d\synthizer3d\vcpkg'.
2025-06-23T20:03:04.0035501Z Cloning into '.'...
2025-06-23T20:03:14.3646079Z Running command '"C:\Program Files\Git\bin\git.exe"' with args '^"checkout^",^"--force^",^"8f63c9ed5897d7367a92a442a79f91721e0fd38f^"' in current directory 'D:\a\synthizer3d\synthizer3d\vcpkg'.
2025-06-23T20:03:16.3699639Z Note: switching to '8f63c9ed5897d7367a92a442a79f91721e0fd38f'.
2025-06-23T20:03:16.3699938Z 
2025-06-23T20:03:16.3700249Z You are in 'detached HEAD' state. You can look around, make experimental
2025-06-23T20:03:16.3700785Z changes and commit them, and you can discard any commits you make in this
2025-06-23T20:03:16.3701586Z state without impacting any branches by switching back to a branch.
2025-06-23T20:03:16.3701846Z 
2025-06-23T20:03:16.3702120Z If you want to create a new branch to retain commits you create, you may
2025-06-23T20:03:16.3702627Z do so (now or later) by using -c with the switch command. Example:
2025-06-23T20:03:16.3702857Z 
2025-06-23T20:03:16.3703008Z   git switch -c <new-branch-name>
2025-06-23T20:03:16.3703167Z 
2025-06-23T20:03:16.3703300Z Or undo this operation with:
2025-06-23T20:03:16.3703446Z 
2025-06-23T20:03:16.3703530Z   git switch -
2025-06-23T20:03:16.3703643Z 
2025-06-23T20:03:16.3703947Z Turn off this advice by setting config variable advice.detachedHead to false
2025-06-23T20:03:16.3704232Z 
2025-06-23T20:03:16.3705790Z HEAD is now at 8f63c9ed58 [tree-sitter-c] update to 0.24.1 (#45715)
2025-06-23T20:03:16.3759221Z Clone vcpkg in 'D:\a\synthizer3d\synthizer3d\vcpkg'.
2025-06-23T20:03:16.3760043Z ##[endgroup]
2025-06-23T20:03:16.3760659Z ⏱ elapsed: 12.509 seconds
2025-06-23T20:03:16.3761050Z ##[group]Build vcpkg executable
2025-06-23T20:03:16.5148056Z Running command '"C:\Windows\system32\cmd.exe"' with args '^"/c^",^"D:\a\synthizer3d\synthizer3d\vcpkg\bootstrap-vcpkg.bat^"' in current directory 'D:\a\synthizer3d\synthizer3d\vcpkg'.
2025-06-23T20:03:17.4802561Z Downloading https://github.com/microsoft/vcpkg-tool/releases/download/2025-05-19/vcpkg.exe -> D:\a\synthizer3d\synthizer3d\vcpkg\vcpkg.exe... done.
2025-06-23T20:03:17.5909756Z Validating signature... done.
2025-06-23T20:03:17.6008069Z 
2025-06-23T20:03:17.6186911Z vcpkg package management program version 2025-05-19-ece4c0f6b8fae9e94513d544c7aa753dd2c82337
2025-06-23T20:03:17.6187465Z 
2025-06-23T20:03:17.6187687Z See LICENSE.txt for license information.
2025-06-23T20:03:17.6211360Z Telemetry
2025-06-23T20:03:17.6211907Z ---------
2025-06-23T20:03:17.6212412Z vcpkg collects usage data in order to help us improve your experience.
2025-06-23T20:03:17.6213355Z The data collected by Microsoft is anonymous.
2025-06-23T20:03:17.6214316Z You can opt-out of telemetry by re-running the bootstrap-vcpkg script with -disableMetrics,
2025-06-23T20:03:17.6215147Z passing --disable-metrics to vcpkg on the command line,
2025-06-23T20:03:17.6215676Z or by setting the VCPKG_DISABLE_METRICS environment variable.
2025-06-23T20:03:17.6215945Z 
2025-06-23T20:03:17.6217790Z Read more about vcpkg telemetry at docs/about/privacy.md
2025-06-23T20:03:17.7453637Z Fetching the Git commit id at 'D:\a\synthizer3d\synthizer3d\vcpkg' ...
2025-06-23T20:03:17.7455752Z Running command '"C:\Program Files\Git\bin\git.exe"' with args '^"rev-parse^",^"HEAD^"' in current directory 'D:\a\synthizer3d\synthizer3d\vcpkg'.
2025-06-23T20:03:17.7741793Z 8f63c9ed5897d7367a92a442a79f91721e0fd38f
2025-06-23T20:03:17.7784477Z Stored last built vcpkg commit id '8f63c9ed5897d7367a92a442a79f91721e0fd38f' in file 'D:\a\synthizer3d\synthizer3d\vcpkg\vcpkgLastBuiltCommitId'.
2025-06-23T20:03:17.7785266Z ##[endgroup]
2025-06-23T20:03:17.7785729Z ⏱ elapsed: 1.402 seconds
2025-06-23T20:03:17.7786171Z ##[group]Add to PATH vcpkg at 'D:\a\synthizer3d\synthizer3d\vcpkg'
2025-06-23T20:03:17.7789441Z ##[endgroup]
2025-06-23T20:03:17.7790768Z ⏱ elapsed: 0.001 seconds
2025-06-23T20:03:17.7792234Z ##[group]Install/Update ports using vcpkg.json
2025-06-23T20:03:17.7795740Z Running 'vcpkg install,--recurse,--clean-after-build,--x-install-root,D:/a/synthizer3d/synthizer3d/969f6665-88a2-4c98-938e-ca9259871fec/vcpkg_installed,--triplet,x64-windows' in directory 'D:\a\synthizer3d\synthizer3d' ...
2025-06-23T20:03:17.7798196Z Running command '"D:\a\synthizer3d\synthizer3d\vcpkg\vcpkg.exe"' with args '^"install^",^"--recurse^",^"--clean-after-build^",^"--x-install-root^",^"D:/a/synthizer3d/synthizer3d/969f6665-88a2-4c98-938e-ca9259871fec/vcpkg_installed^",^"--triplet^",^"x64-windows^"' in current directory 'D:\a\synthizer3d\synthizer3d'.
2025-06-23T20:03:17.7981301Z warning: The vcpkg D:\a\synthizer3d\synthizer3d\vcpkg\vcpkg.exe is using detected vcpkg root D:\a\synthizer3d\synthizer3d\vcpkg and ignoring mismatched VCPKG_ROOT environment value C:\Program Files\Microsoft Visual Studio\2022\Enterprise\VC\vcpkg. To suppress this message, unset the environment variable or use the --vcpkg-root command line switch.
2025-06-23T20:03:20.9616071Z Detecting compiler hash for triplet x64-windows...
2025-06-23T20:03:40.5561262Z Compiler found: C:/Program Files/Microsoft Visual Studio/2022/Enterprise/VC/Tools/MSVC/14.43.34808/bin/Hostx64/x64/cl.exe
2025-06-23T20:03:40.5694303Z The following packages will be built and installed:
2025-06-23T20:03:40.5694903Z   * atl:x64-windows@0
2025-06-23T20:03:40.5695299Z   * atlmfc:x64-windows@0#3
2025-06-23T20:03:40.5695749Z     libogg:x64-windows@1.3.5#2
2025-06-23T20:03:40.5696477Z     libvorbis:x64-windows@1.3.7#4
2025-06-23T20:03:40.5696975Z     opus:x64-windows@1.5.2
2025-06-23T20:03:40.5697423Z     opusfile:x64-windows@0.12+20221121#1
2025-06-23T20:03:40.5697952Z     soundtouch:x64-windows@2.3.3
2025-06-23T20:03:40.5698438Z   * vcpkg-cmake:x64-windows@2024-04-23
2025-06-23T20:03:40.5698983Z   * vcpkg-cmake-config:x64-windows@2024-05-23
2025-06-23T20:03:40.5699759Z Additional packages (*) will be modified to complete this operation.
2025-06-23T20:03:40.5713306Z %VCPKG_BINARY_SOURCES%: warning: The 'x-gha' binary caching backend has been removed. Consider using a NuGet-based binary caching provider instead, see extended documentation at https://learn.microsoft.com/vcpkg/users/binarycaching?WT.mc_id=vcpkg_inproduct_cli.
2025-06-23T20:03:40.5715056Z   on expression: clear;x-gha,readwrite
2025-06-23T20:03:40.5715377Z                                       ^
2025-06-23T20:03:40.5715764Z Installing 1/9 vcpkg-cmake-config:x64-windows@2024-05-23...
2025-06-23T20:03:40.5716194Z Building vcpkg-cmake-config:x64-windows@2024-05-23...
2025-06-23T20:03:40.6001431Z -- Installing: D:/a/synthizer3d/synthizer3d/vcpkg/packages/vcpkg-cmake-config_x64-windows/share/vcpkg-cmake-config/vcpkg_cmake_config_fixup.cmake
2025-06-23T20:03:40.6014947Z -- Installing: D:/a/synthizer3d/synthizer3d/vcpkg/packages/vcpkg-cmake-config_x64-windows/share/vcpkg-cmake-config/vcpkg-port-config.cmake
2025-06-23T20:03:40.6016331Z -- Installing: D:/a/synthizer3d/synthizer3d/vcpkg/packages/vcpkg-cmake-config_x64-windows/share/vcpkg-cmake-config/copyright
2025-06-23T20:03:40.6054779Z -- Skipping post-build validation due to VCPKG_POLICY_EMPTY_PACKAGE
2025-06-23T20:03:40.6091976Z Elapsed time to handle vcpkg-cmake-config:x64-windows: 39.4 ms
2025-06-23T20:03:40.6093474Z vcpkg-cmake-config:x64-windows package ABI: 842797583f0500a3cabbedf03fb083636fe11e4fd3fd19d9a475485e484445fb
2025-06-23T20:03:40.6099371Z Installing 2/9 vcpkg-cmake:x64-windows@2024-04-23...
2025-06-23T20:03:40.6099956Z Building vcpkg-cmake:x64-windows@2024-04-23...
2025-06-23T20:03:40.6388117Z -- Installing: D:/a/synthizer3d/synthizer3d/vcpkg/packages/vcpkg-cmake_x64-windows/share/vcpkg-cmake/vcpkg_cmake_configure.cmake
2025-06-23T20:03:40.6402525Z -- Installing: D:/a/synthizer3d/synthizer3d/vcpkg/packages/vcpkg-cmake_x64-windows/share/vcpkg-cmake/vcpkg_cmake_build.cmake
2025-06-23T20:03:40.6404784Z -- Installing: D:/a/synthizer3d/synthizer3d/vcpkg/packages/vcpkg-cmake_x64-windows/share/vcpkg-cmake/vcpkg_cmake_install.cmake
2025-06-23T20:03:40.6408682Z -- Installing: D:/a/synthizer3d/synthizer3d/vcpkg/packages/vcpkg-cmake_x64-windows/share/vcpkg-cmake/vcpkg-port-config.cmake
2025-06-23T20:03:40.6409887Z -- Installing: D:/a/synthizer3d/synthizer3d/vcpkg/packages/vcpkg-cmake_x64-windows/share/vcpkg-cmake/copyright
2025-06-23T20:03:40.6449317Z -- Performing post-build validation
2025-06-23T20:03:40.6495829Z Elapsed time to handle vcpkg-cmake:x64-windows: 40.7 ms
2025-06-23T20:03:40.6497001Z vcpkg-cmake:x64-windows package ABI: a500b93f9e0b831ca946128005613d551eeb943040c8f073dc3184f7e15c9834
2025-06-23T20:03:40.6501014Z Installing 3/9 libogg:x64-windows@1.3.5#2...
2025-06-23T20:03:40.6501593Z Building libogg:x64-windows@1.3.5#2...
2025-06-23T20:03:40.6898284Z Downloading https://gitlab.xiph.org/xiph/ogg/-/archive/v1.3.5/ogg-v1.3.5.tar.gz -> xiph-ogg-v1.3.5.tar.gz
2025-06-23T20:03:40.9982053Z Successfully downloaded xiph-ogg-v1.3.5.tar.gz
2025-06-23T20:03:41.0017970Z -- Extracting source D:/a/synthizer3d/synthizer3d/vcpkg/downloads/xiph-ogg-v1.3.5.tar.gz
2025-06-23T20:03:41.3606111Z -- Using source at D:/a/synthizer3d/synthizer3d/vcpkg/buildtrees/libogg/src/v1.3.5-1a4243fef9.clean
2025-06-23T20:03:41.3719411Z -- Found external ninja('1.12.1').
2025-06-23T20:03:41.3759205Z -- Configuring x64-windows
2025-06-23T20:03:51.4845328Z -- Building x64-windows-dbg
2025-06-23T20:03:52.1143358Z -- Building x64-windows-rel
2025-06-23T20:03:53.0514009Z -- Fixing pkgconfig file: D:/a/synthizer3d/synthizer3d/vcpkg/packages/libogg_x64-windows/lib/pkgconfig/ogg.pc
2025-06-23T20:03:53.0724238Z Downloading msys2-mingw-w64-x86_64-pkgconf-1~2.3.0-1-any.pkg.tar.zst, trying https://mirror.msys2.org/mingw/mingw64/mingw-w64-x86_64-pkgconf-1~2.3.0-1-any.pkg.tar.zst
2025-06-23T20:03:54.0734142Z Successfully downloaded msys2-mingw-w64-x86_64-pkgconf-1~2.3.0-1-any.pkg.tar.zst
2025-06-23T20:03:54.0860213Z Downloading msys2-msys2-runtime-3.5.4-2-x86_64.pkg.tar.zst, trying https://mirror.msys2.org/msys/x86_64/msys2-runtime-3.5.4-2-x86_64.pkg.tar.zst
2025-06-23T20:03:55.3459814Z Successfully downloaded msys2-msys2-runtime-3.5.4-2-x86_64.pkg.tar.zst
2025-06-23T20:03:55.5705120Z -- Using msys root at D:/a/synthizer3d/synthizer3d/vcpkg/downloads/tools/msys2/21caed2f81ec917b
2025-06-23T20:03:55.5797669Z -- Fixing pkgconfig file: D:/a/synthizer3d/synthizer3d/vcpkg/packages/libogg_x64-windows/debug/lib/pkgconfig/ogg.pc
2025-06-23T20:03:55.5869383Z -- Installing: D:/a/synthizer3d/synthizer3d/vcpkg/packages/libogg_x64-windows/share/libogg/copyright
2025-06-23T20:03:55.5949262Z -- Performing post-build validation
2025-06-23T20:03:55.6163584Z Elapsed time to handle libogg:x64-windows: 15 s
2025-06-23T20:03:55.6164708Z libogg:x64-windows package ABI: a0557943a3eb3893da4fede0807e4138b3f8e9736e60b3498faf762055851b8f
2025-06-23T20:03:55.6165697Z Installing 4/9 libvorbis:x64-windows@1.3.7#4...
2025-06-23T20:03:55.6166278Z Building libvorbis:x64-windows@1.3.7#4...
2025-06-23T20:03:55.6593421Z Downloading https://github.com/xiph/vorbis/archive/v1.3.7.tar.gz -> xiph-vorbis-v1.3.7.tar.gz
2025-06-23T20:03:56.1489628Z Successfully downloaded xiph-vorbis-v1.3.7.tar.gz
2025-06-23T20:03:56.1565590Z -- Extracting source D:/a/synthizer3d/synthizer3d/vcpkg/downloads/xiph-vorbis-v1.3.7.tar.gz
2025-06-23T20:03:56.3388870Z -- Applying patch 0001-Dont-export-vorbisenc-functions.patch
2025-06-23T20:03:56.4372088Z -- Applying patch 0002-Fixup-pkgconfig-libs.patch
2025-06-23T20:03:56.4586780Z -- Applying patch 0003-def-mingw-compat.patch
2025-06-23T20:03:56.4795966Z -- Applying patch 0004-ogg-find-dependency.patch
2025-06-23T20:03:56.5009100Z -- Using source at D:/a/synthizer3d/synthizer3d/vcpkg/buildtrees/libvorbis/src/v1.3.7-c32164610e.clean
2025-06-23T20:03:56.5127596Z -- Found external ninja('1.12.1').
2025-06-23T20:03:56.5160519Z -- Configuring x64-windows
2025-06-23T20:03:58.7261966Z -- Building x64-windows-dbg
2025-06-23T20:04:01.2949679Z -- Building x64-windows-rel
2025-06-23T20:04:04.2097939Z -- Fixing pkgconfig file: D:/a/synthizer3d/synthizer3d/vcpkg/packages/libvorbis_x64-windows/lib/pkgconfig/vorbis.pc
2025-06-23T20:04:04.2102188Z -- Fixing pkgconfig file: D:/a/synthizer3d/synthizer3d/vcpkg/packages/libvorbis_x64-windows/lib/pkgconfig/vorbisenc.pc
2025-06-23T20:04:04.2108511Z -- Fixing pkgconfig file: D:/a/synthizer3d/synthizer3d/vcpkg/packages/libvorbis_x64-windows/lib/pkgconfig/vorbisfile.pc
2025-06-23T20:04:04.2323853Z Downloading msys2-mingw-w64-x86_64-pkgconf-1~2.3.0-1-any.pkg.tar.zst, trying https://mirror.msys2.org/mingw/mingw64/mingw-w64-x86_64-pkgconf-1~2.3.0-1-any.pkg.tar.zst
2025-06-23T20:04:05.0435588Z Successfully downloaded msys2-mingw-w64-x86_64-pkgconf-1~2.3.0-1-any.pkg.tar.zst
2025-06-23T20:04:05.0582411Z Downloading msys2-msys2-runtime-3.5.4-2-x86_64.pkg.tar.zst, trying https://mirror.msys2.org/msys/x86_64/msys2-runtime-3.5.4-2-x86_64.pkg.tar.zst
2025-06-23T20:04:06.3223047Z Successfully downloaded msys2-msys2-runtime-3.5.4-2-x86_64.pkg.tar.zst
2025-06-23T20:04:06.3251330Z -- Using msys root at D:/a/synthizer3d/synthizer3d/vcpkg/downloads/tools/msys2/21caed2f81ec917b
2025-06-23T20:04:06.3443340Z -- Fixing pkgconfig file: D:/a/synthizer3d/synthizer3d/vcpkg/packages/libvorbis_x64-windows/debug/lib/pkgconfig/vorbis.pc
2025-06-23T20:04:06.3447631Z -- Fixing pkgconfig file: D:/a/synthizer3d/synthizer3d/vcpkg/packages/libvorbis_x64-windows/debug/lib/pkgconfig/vorbisenc.pc
2025-06-23T20:04:06.3454310Z -- Fixing pkgconfig file: D:/a/synthizer3d/synthizer3d/vcpkg/packages/libvorbis_x64-windows/debug/lib/pkgconfig/vorbisfile.pc
2025-06-23T20:04:06.4746599Z -- Installing: D:/a/synthizer3d/synthizer3d/vcpkg/packages/libvorbis_x64-windows/share/libvorbis/usage
2025-06-23T20:04:06.4755906Z -- Installing: D:/a/synthizer3d/synthizer3d/vcpkg/packages/libvorbis_x64-windows/share/libvorbis/copyright
2025-06-23T20:04:06.4810366Z -- Performing post-build validation
2025-06-23T20:04:06.5220520Z Elapsed time to handle libvorbis:x64-windows: 11 s
2025-06-23T20:04:06.5221725Z libvorbis:x64-windows package ABI: d90efec2c9090f56a4508a9a4435f94eb42aca93d2a98ecfbdc3a996d623c61c
2025-06-23T20:04:06.5222716Z Installing 5/9 opus:x64-windows@1.5.2...
2025-06-23T20:04:06.5223254Z Building opus:x64-windows@1.5.2...
2025-06-23T20:04:06.5645197Z Downloading https://github.com/xiph/opus/archive/v1.5.2.tar.gz -> xiph-opus-v1.5.2.tar.gz
2025-06-23T20:04:07.1227975Z Successfully downloaded xiph-opus-v1.5.2.tar.gz
2025-06-23T20:04:07.1397590Z -- Extracting source D:/a/synthizer3d/synthizer3d/vcpkg/downloads/xiph-opus-v1.5.2.tar.gz
2025-06-23T20:04:07.3928998Z -- Applying patch fix-pkgconfig-version.patch
2025-06-23T20:04:07.4151292Z -- Using source at D:/a/synthizer3d/synthizer3d/vcpkg/buildtrees/opus/src/v1.5.2-81ed242155.clean
2025-06-23T20:04:07.4274651Z -- Found external ninja('1.12.1').
2025-06-23T20:04:07.4312227Z -- Configuring x64-windows
2025-06-23T20:04:13.1600039Z -- Building x64-windows-dbg
2025-06-23T20:04:18.4604533Z -- Building x64-windows-rel
2025-06-23T20:04:26.7301071Z -- Fixing pkgconfig file: D:/a/synthizer3d/synthizer3d/vcpkg/packages/opus_x64-windows/lib/pkgconfig/opus.pc
2025-06-23T20:04:26.7500682Z Downloading msys2-mingw-w64-x86_64-pkgconf-1~2.3.0-1-any.pkg.tar.zst, trying https://mirror.msys2.org/mingw/mingw64/mingw-w64-x86_64-pkgconf-1~2.3.0-1-any.pkg.tar.zst
2025-06-23T20:04:27.5631205Z Successfully downloaded msys2-mingw-w64-x86_64-pkgconf-1~2.3.0-1-any.pkg.tar.zst
2025-06-23T20:04:27.5756222Z Downloading msys2-msys2-runtime-3.5.4-2-x86_64.pkg.tar.zst, trying https://mirror.msys2.org/msys/x86_64/msys2-runtime-3.5.4-2-x86_64.pkg.tar.zst
2025-06-23T20:04:28.8435338Z Successfully downloaded msys2-msys2-runtime-3.5.4-2-x86_64.pkg.tar.zst
2025-06-23T20:04:28.8464792Z -- Using msys root at D:/a/synthizer3d/synthizer3d/vcpkg/downloads/tools/msys2/21caed2f81ec917b
2025-06-23T20:04:28.8536719Z -- Fixing pkgconfig file: D:/a/synthizer3d/synthizer3d/vcpkg/packages/opus_x64-windows/debug/lib/pkgconfig/opus.pc
2025-06-23T20:04:28.8607151Z -- Installing: D:/a/synthizer3d/synthizer3d/vcpkg/packages/opus_x64-windows/share/opus/copyright
2025-06-23T20:04:28.8664847Z -- Performing post-build validation
2025-06-23T20:04:28.9296289Z Elapsed time to handle opus:x64-windows: 22 s
2025-06-23T20:04:28.9297078Z opus:x64-windows package ABI: 85472ea35b34b5b2cb87ab8fa93a3b878862ba2c74d619b262819f1046f3d06f
2025-06-23T20:04:28.9297820Z Installing 6/9 opusfile:x64-windows@0.12+20221121#1...
2025-06-23T20:04:28.9298232Z Building opusfile:x64-windows@0.12+20221121#1...
2025-06-23T20:04:28.9616278Z -- Note: opusfile only supports static library linkage. Building static library.
2025-06-23T20:04:28.9716226Z Downloading https://github.com/xiph/opusfile/archive/9d718345ce03b2fad5d7d28e0bcd1cc69ab2b166.tar.gz -> xiph-opusfile-9d718345ce03b2fad5d7d28e0bcd1cc69ab2b166.tar.gz
2025-06-23T20:04:29.4100925Z Successfully downloaded xiph-opusfile-9d718345ce03b2fad5d7d28e0bcd1cc69ab2b166.tar.gz
2025-06-23T20:04:29.4139012Z -- Extracting source D:/a/synthizer3d/synthizer3d/vcpkg/downloads/xiph-opusfile-9d718345ce03b2fad5d7d28e0bcd1cc69ab2b166.tar.gz
2025-06-23T20:04:29.5413903Z -- Using source at D:/a/synthizer3d/synthizer3d/vcpkg/buildtrees/opusfile/src/c69ab2b166-6cc7de23ec.clean
2025-06-23T20:04:29.5534564Z -- Found external ninja('1.12.1').
2025-06-23T20:04:29.5573023Z -- Configuring x64-windows
2025-06-23T20:04:30.8408575Z -- Building x64-windows-dbg
2025-06-23T20:04:32.1240562Z -- Building x64-windows-rel
2025-06-23T20:04:32.6317325Z -- Fixing pkgconfig file: D:/a/synthizer3d/synthizer3d/vcpkg/packages/opusfile_x64-windows/lib/pkgconfig/opusfile.pc
2025-06-23T20:04:32.6521047Z Downloading msys2-mingw-w64-x86_64-pkgconf-1~2.3.0-1-any.pkg.tar.zst, trying https://mirror.msys2.org/mingw/mingw64/mingw-w64-x86_64-pkgconf-1~2.3.0-1-any.pkg.tar.zst
2025-06-23T20:04:33.4722410Z Successfully downloaded msys2-mingw-w64-x86_64-pkgconf-1~2.3.0-1-any.pkg.tar.zst
2025-06-23T20:04:33.4848922Z Downloading msys2-msys2-runtime-3.5.4-2-x86_64.pkg.tar.zst, trying https://mirror.msys2.org/msys/x86_64/msys2-runtime-3.5.4-2-x86_64.pkg.tar.zst
2025-06-23T20:04:34.7647296Z Successfully downloaded msys2-msys2-runtime-3.5.4-2-x86_64.pkg.tar.zst
2025-06-23T20:04:34.7676361Z -- Using msys root at D:/a/synthizer3d/synthizer3d/vcpkg/downloads/tools/msys2/21caed2f81ec917b
2025-06-23T20:04:34.7752295Z -- Fixing pkgconfig file: D:/a/synthizer3d/synthizer3d/vcpkg/packages/opusfile_x64-windows/debug/lib/pkgconfig/opusfile.pc
2025-06-23T20:04:34.7851056Z -- Installing: D:/a/synthizer3d/synthizer3d/vcpkg/packages/opusfile_x64-windows/share/opusfile/copyright
2025-06-23T20:04:34.7858303Z -- Installing: D:/a/synthizer3d/synthizer3d/vcpkg/packages/opusfile_x64-windows/share/opusfile/usage
2025-06-23T20:04:34.7917206Z -- Performing post-build validation
2025-06-23T20:04:34.8064364Z Elapsed time to handle opusfile:x64-windows: 5.9 s
2025-06-23T20:04:34.8065963Z opusfile:x64-windows package ABI: 393a65d651c7a2ecd7aa3929806afcb2252d03470cf3ab96d0a5a178ff8ac0ea
2025-06-23T20:04:34.8070179Z Installing 7/9 atl:x64-windows@0...
2025-06-23T20:04:34.8070667Z Building atl:x64-windows@0...
2025-06-23T20:04:34.8433522Z -- Skipping post-build validation due to VCPKG_POLICY_EMPTY_PACKAGE
2025-06-23T20:04:34.8466878Z Elapsed time to handle atl:x64-windows: 40.1 ms
2025-06-23T20:04:34.8467829Z atl:x64-windows package ABI: 00c2ec0d92501baf73b36832a4cf6267281ce78714eab01bcc631fe906883872
2025-06-23T20:04:34.8468556Z Installing 8/9 atlmfc:x64-windows@0#3...
2025-06-23T20:04:34.8473785Z Building atlmfc:x64-windows@0#3...
2025-06-23T20:04:34.9010034Z -- Skipping post-build validation due to VCPKG_POLICY_EMPTY_PACKAGE
2025-06-23T20:04:34.9037544Z Elapsed time to handle atlmfc:x64-windows: 57.3 ms
2025-06-23T20:04:34.9038608Z atlmfc:x64-windows package ABI: eb110e8ab4abe86fa37c7f0085ad4fc46ce18802f978ea90d75ed1f56bb72837
2025-06-23T20:04:34.9039520Z Installing 9/9 soundtouch:x64-windows@2.3.3...
2025-06-23T20:04:34.9040630Z Building soundtouch:x64-windows@2.3.3...
2025-06-23T20:04:34.9446175Z Downloading https://codeberg.org/soundtouch/soundtouch/archive/2.3.3.tar.gz -> soundtouch-soundtouch-2.3.3.tar.gz
2025-06-23T20:04:36.4725953Z Successfully downloaded soundtouch-soundtouch-2.3.3.tar.gz
2025-06-23T20:04:36.4777211Z -- Extracting source D:/a/synthizer3d/synthizer3d/vcpkg/downloads/soundtouch-soundtouch-2.3.3.tar.gz
2025-06-23T20:04:36.6235588Z -- Using source at D:/a/synthizer3d/synthizer3d/vcpkg/buildtrees/soundtouch/src/2.3.3-309213044d.clean
2025-06-23T20:04:36.6357918Z -- Found external ninja('1.12.1').
2025-06-23T20:04:36.6397243Z -- Configuring x64-windows
2025-06-23T20:04:38.3564298Z -- Building x64-windows-dbg
2025-06-23T20:04:42.2088864Z -- Building x64-windows-rel
2025-06-23T20:04:44.5455350Z -- Fixing pkgconfig file: D:/a/synthizer3d/synthizer3d/vcpkg/packages/soundtouch_x64-windows/lib/pkgconfig/soundtouch.pc
2025-06-23T20:04:44.5653916Z Downloading msys2-mingw-w64-x86_64-pkgconf-1~2.3.0-1-any.pkg.tar.zst, trying https://mirror.msys2.org/mingw/mingw64/mingw-w64-x86_64-pkgconf-1~2.3.0-1-any.pkg.tar.zst
2025-06-23T20:04:45.3885743Z Successfully downloaded msys2-mingw-w64-x86_64-pkgconf-1~2.3.0-1-any.pkg.tar.zst
2025-06-23T20:04:45.4008941Z Downloading msys2-msys2-runtime-3.5.4-2-x86_64.pkg.tar.zst, trying https://mirror.msys2.org/msys/x86_64/msys2-runtime-3.5.4-2-x86_64.pkg.tar.zst
2025-06-23T20:04:46.6688155Z Successfully downloaded msys2-msys2-runtime-3.5.4-2-x86_64.pkg.tar.zst
2025-06-23T20:04:46.6718427Z -- Using msys root at D:/a/synthizer3d/synthizer3d/vcpkg/downloads/tools/msys2/21caed2f81ec917b
2025-06-23T20:04:46.6788484Z -- Fixing pkgconfig file: D:/a/synthizer3d/synthizer3d/vcpkg/packages/soundtouch_x64-windows/debug/lib/pkgconfig/soundtouch.pc
2025-06-23T20:04:46.7233222Z -- Installing: D:/a/synthizer3d/synthizer3d/vcpkg/packages/soundtouch_x64-windows/share/soundtouch/copyright
2025-06-23T20:04:46.7301849Z -- Performing post-build validation
2025-06-23T20:04:46.7539343Z Elapsed time to handle soundtouch:x64-windows: 12 s
2025-06-23T20:04:46.7540595Z soundtouch:x64-windows package ABI: cba299c175d42d095d98a381b7b4aa62179cb526de49043c0d1fb0751d841aaf
2025-06-23T20:04:46.7558921Z libogg provides CMake targets:
2025-06-23T20:04:46.7559234Z 
2025-06-23T20:04:46.7559649Z   # this is heuristically generated, and may not be correct
2025-06-23T20:04:46.7560310Z   find_package(Ogg CONFIG REQUIRED)
2025-06-23T20:04:46.7560968Z   target_link_libraries(main PRIVATE Ogg::ogg)
2025-06-23T20:04:46.7561312Z 
2025-06-23T20:04:46.7561576Z libogg provides pkg-config modules:
2025-06-23T20:04:46.7561873Z 
2025-06-23T20:04:46.7562231Z   # ogg is a library for manipulating ogg bitstreams
2025-06-23T20:04:46.7562693Z   ogg
2025-06-23T20:04:46.7562884Z 
2025-06-23T20:04:46.7565239Z The package libvorbis provides CMake targets:
2025-06-23T20:04:46.7565867Z 
2025-06-23T20:04:46.7566240Z     # Vorbis reference encoder and decoder, low-level API
2025-06-23T20:04:46.7566854Z     find_package(Vorbis CONFIG REQUIRED)
2025-06-23T20:04:46.7567460Z     target_link_libraries(main PRIVATE Vorbis::vorbis)
2025-06-23T20:04:46.7567776Z 
2025-06-23T20:04:46.7568156Z     # Audio stream decoding and basic manipulation, high-level API
2025-06-23T20:04:46.7568799Z     find_package(Vorbis CONFIG REQUIRED)
2025-06-23T20:04:46.7569457Z     target_link_libraries(main PRIVATE Vorbis::vorbisfile)
2025-06-23T20:04:46.7570281Z 
2025-06-23T20:04:46.7570915Z     # Convenience API for setting up an encoding environment
2025-06-23T20:04:46.7571512Z     find_package(Vorbis CONFIG REQUIRED)
2025-06-23T20:04:46.7572161Z     target_link_libraries(main PRIVATE Vorbis::vorbisenc)
2025-06-23T20:04:46.7572804Z 
2025-06-23T20:04:46.7573087Z opus provides CMake targets:
2025-06-23T20:04:46.7573359Z 
2025-06-23T20:04:46.7573731Z   # this is heuristically generated, and may not be correct
2025-06-23T20:04:46.7574335Z   find_package(Opus CONFIG REQUIRED)
2025-06-23T20:04:46.7574952Z   target_link_libraries(main PRIVATE Opus::opus)
2025-06-23T20:04:46.7575287Z 
2025-06-23T20:04:46.7575528Z opus provides pkg-config modules:
2025-06-23T20:04:46.7575780Z 
2025-06-23T20:04:46.7575976Z   # Opus IETF audio codec ( build)
2025-06-23T20:04:46.7576277Z   opus
2025-06-23T20:04:46.7576413Z 
2025-06-23T20:04:46.7576681Z The package opusfile provides CMake targets:
2025-06-23T20:04:46.7577015Z 
2025-06-23T20:04:46.7577289Z     find_package(OpusFile CONFIG REQUIRED)
2025-06-23T20:04:46.7578572Z     target_link_libraries(main PRIVATE OpusFile::opusfile)
2025-06-23T20:04:46.7578985Z 
2025-06-23T20:04:46.7579199Z     # To use the opusurl API
2025-06-23T20:04:46.7579787Z     target_link_libraries(main PRIVATE OpusFile::opusurl)
2025-06-23T20:04:46.7580153Z 
2025-06-23T20:04:46.7580431Z soundtouch provides CMake targets:
2025-06-23T20:04:46.7580720Z 
2025-06-23T20:04:46.7581099Z   # this is heuristically generated, and may not be correct
2025-06-23T20:04:46.7582018Z   find_package(SoundTouch CONFIG REQUIRED)
2025-06-23T20:04:46.7582729Z   target_link_libraries(main PRIVATE SoundTouch::SoundTouch)
2025-06-23T20:04:46.7583135Z 
2025-06-23T20:04:46.7583408Z soundtouch provides pkg-config modules:
2025-06-23T20:04:46.7583710Z 
2025-06-23T20:04:46.7584650Z   # SoundTouch is an open-source audio processing library for changing the Tempo, Pitch and Playback Rates of audio streams or files
2025-06-23T20:04:46.7585535Z   soundtouch
2025-06-23T20:04:46.7585715Z 
2025-06-23T20:04:46.7586138Z All requested installations completed successfully in: 1.1 min
2025-06-23T20:04:46.7609937Z ##[endgroup]
2025-06-23T20:04:46.7610649Z ⏱ elapsed: 88.981 seconds
2025-06-23T20:04:46.7611232Z ##[group]Set output environment variables
2025-06-23T20:04:46.7613116Z Set the workflow environment variable 'RUNVCPKG_VCPKG_ROOT' to value 'D:\a\synthizer3d\synthizer3d\vcpkg'
2025-06-23T20:04:46.7617829Z Set the workflow environment variable 'VCPKG_ROOT' to value 'D:\a\synthizer3d\synthizer3d\vcpkg'
2025-06-23T20:04:46.7621095Z Set the step output variable 'RUNVCPKG_VCPKG_ROOT_OUT' to value 'D:\a\synthizer3d\synthizer3d\vcpkg''
2025-06-23T20:04:46.7624996Z Set the workflow environment variable 'VCPKG_DEFAULT_TRIPLET' to value 'x64-windows'
2025-06-23T20:04:46.7628644Z Set the step output variable 'RUNVCPKG_VCPKG_DEFAULT_TRIPLET_OUT' to value 'x64-windows''
2025-06-23T20:04:46.7631651Z ##[endgroup]
2025-06-23T20:04:46.7632221Z ⏱ elapsed: 0.002 seconds
2025-06-23T20:04:46.7636935Z run-vcpkg action execution succeeded
2025-06-23T20:04:46.7841148Z ##[group]Run Write-Host "VCPKG_ROOT (tool directory from lukka/run-vcpkg) is $env:VCPKG_ROOT"
2025-06-23T20:04:46.7841851Z [36;1mWrite-Host "VCPKG_ROOT (tool directory from lukka/run-vcpkg) is $env:VCPKG_ROOT"[0m
2025-06-23T20:04:46.7842348Z [36;1mWrite-Host "VCPKG_DEFAULT_TRIPLET is $env:VCPKG_DEFAULT_TRIPLET"[0m
2025-06-23T20:04:46.7842761Z [36;1mWrite-Host "GITHUB_WORKSPACE is $env:GITHUB_WORKSPACE"[0m
2025-06-23T20:04:46.7843403Z [36;1mWrite-Host "Initial EFFECTIVE_VCPKG_INSTALLED_DIR_BASE (from job env, target for manifest install) is $env:EFFECTIVE_VCPKG_INSTALLED_DIR_BASE"[0m
2025-06-23T20:04:46.7843931Z [36;1m[0m
2025-06-23T20:04:46.7844103Z [36;1mif (-not $env:VCPKG_ROOT) {[0m
2025-06-23T20:04:46.7844487Z [36;1m  Write-Error "VCPKG_ROOT not set. This should be set by the lukka/run-vcpkg action."[0m
2025-06-23T20:04:46.7844850Z [36;1m  exit 1[0m
2025-06-23T20:04:46.7845003Z [36;1m}[0m
2025-06-23T20:04:46.7845155Z [36;1m[0m
2025-06-23T20:04:46.7845469Z [36;1m# Esegui vcpkg install. Se vcpkg.json è in $env:GITHUB_WORKSPACE (CWD),[0m
2025-06-23T20:04:46.7846036Z [36;1m# installerà in $env:GITHUB_WORKSPACE/vcpkg_installed/$env:VCPKG_DEFAULT_TRIPLET[0m
2025-06-23T20:04:46.7846556Z [36;1m# che corrisponde a $env:EFFECTIVE_VCPKG_INSTALLED_DIR_BASE/$env:VCPKG_DEFAULT_TRIPLET[0m
2025-06-23T20:04:46.7847092Z [36;1m# La CurrentWorkingDirectory per gli script eseguiti da 'run:' è $GITHUB_WORKSPACE.[0m
2025-06-23T20:04:46.7847608Z [36;1m& "$env:VCPKG_ROOT\vcpkg.exe" install --triplet $env:VCPKG_DEFAULT_TRIPLET[0m
2025-06-23T20:04:46.7848001Z [36;1mWrite-Host "Finished vcpkg install command."[0m
2025-06-23T20:04:46.7848254Z [36;1m[0m
2025-06-23T20:04:46.7848588Z [36;1m# CMAKE_PREFIX_PATH deve puntare a dove vcpkg ha effettivamente installato i pacchetti.[0m
2025-06-23T20:04:46.7849191Z [36;1m# Con la modalità manifest, questo è $env:EFFECTIVE_VCPKG_INSTALLED_DIR_BASE/$env:VCPKG_DEFAULT_TRIPLET.[0m
2025-06-23T20:04:46.7849839Z [36;1m$cmakePrefixPathValue = Join-Path $env:EFFECTIVE_VCPKG_INSTALLED_DIR_BASE $env:VCPKG_DEFAULT_TRIPLET[0m
2025-06-23T20:04:46.7850257Z [36;1m[0m
2025-06-23T20:04:46.7850568Z [36;1mWrite-Host "Verifying existence of target CMAKE_PREFIX_PATH: $cmakePrefixPathValue"[0m
2025-06-23T20:04:46.7851058Z [36;1mif (-not (Test-Path $cmakePrefixPathValue -PathType Container)) {[0m
2025-06-23T20:04:46.7851661Z [36;1m  Write-Warning "ATTENZIONE: La directory $cmakePrefixPathValue (target per CMAKE_PREFIX_PATH) NON esiste dopo vcpkg install."[0m
2025-06-23T20:04:46.7853030Z [36;1m  Write-Warning "Questo indica che vcpkg non ha installato nella posizione manifest attesa."[0m
2025-06-23T20:04:46.7853569Z [36;1m  Write-Warning "Contenuto di $env:EFFECTIVE_VCPKG_INSTALLED_DIR_BASE per debug:"[0m
2025-06-23T20:04:46.7854387Z [36;1m  Get-ChildItem -Path $env:EFFECTIVE_VCPKG_INSTALLED_DIR_BASE -ErrorAction SilentlyContinue -Depth 1 || Write-Warning "$env:EFFECTIVE_VCPKG_INSTALLED_DIR_BASE non esiste o è vuoto."[0m
2025-06-23T20:04:46.7855041Z [36;1m  [0m
2025-06-23T20:04:46.7855329Z [36;1m  # Fallback per debug: controlla la directory di installazione classica di vcpkg[0m
2025-06-23T20:04:46.7855913Z [36;1m  $classicVcpkgInstalledPath = Join-Path (Join-Path $env:VCPKG_ROOT "installed") $env:VCPKG_DEFAULT_TRIPLET[0m
2025-06-23T20:04:46.7856595Z [36;1m  Write-Warning "Controllo del percorso di installazione classico di vcpkg per debug: $classicVcpkgInstalledPath"[0m
2025-06-23T20:04:46.7857176Z [36;1m  if(Test-Path $classicVcpkgInstalledPath -PathType Container){[0m
2025-06-23T20:04:46.7857822Z [36;1m      Write-Warning "Il percorso classico $classicVcpkgInstalledPath ESISTE. Questo è fonte di confusione se era prevista la modalità manifest."[0m
2025-06-23T20:04:46.7858375Z [36;1m  } else {[0m
2025-06-23T20:04:46.7858700Z [36;1m      Write-Warning "Anche il percorso classico $classicVcpkgInstalledPath NON esiste."[0m
2025-06-23T20:04:46.7859067Z [36;1m  }[0m
2025-06-23T20:04:46.7860598Z [36;1m} else {[0m
2025-06-23T20:04:46.7861029Z [36;1m  Write-Host "Confermato: La directory target per CMAKE_PREFIX_PATH esiste: $cmakePrefixPathValue"[0m
2025-06-23T20:04:46.7861456Z [36;1m}[0m
2025-06-23T20:04:46.7861601Z [36;1m[0m
2025-06-23T20:04:46.7861984Z [36;1mecho "CMAKE_PREFIX_PATH=$cmakePrefixPathValue" | Out-File -FilePath $env:GITHUB_ENV -Encoding utf8 -Append[0m
2025-06-23T20:04:46.7862540Z [36;1mWrite-Host "CMAKE_PREFIX_PATH impostato a $cmakePrefixPathValue"[0m
2025-06-23T20:04:46.7863116Z [36;1m# EFFECTIVE_VCPKG_INSTALLED_DIR_BASE è già corretto dall'env del job, non serve aggiornarlo di nuovo in GITHUB_ENV[0m
2025-06-23T20:04:46.7863658Z [36;1m# se la nostra assunzione sulla modalità manifest è corretta.[0m
2025-06-23T20:04:46.7897907Z shell: C:\Program Files\PowerShell\7\pwsh.EXE -command ". '{0}'"
2025-06-23T20:04:46.7898216Z env:
2025-06-23T20:04:46.7898380Z   PYVERSION: 3.9
2025-06-23T20:04:46.7898549Z   CI_ARCH_LOWER: x64
2025-06-23T20:04:46.7898737Z   CI_WINDOWS: 1
2025-06-23T20:04:46.7898898Z   CI_ARCH_ENV: x64
2025-06-23T20:04:46.7899073Z   VCPKG_DEFAULT_TRIPLET: x64-windows
2025-06-23T20:04:46.7899419Z   EFFECTIVE_VCPKG_INSTALLED_DIR_BASE: D:\a\synthizer3d\synthizer3d\vcpkg_installed
2025-06-23T20:04:46.7899846Z   pythonLocation: C:\hostedtoolcache\windows\Python\3.9.13\x64
2025-06-23T20:04:46.7900250Z   PKG_CONFIG_PATH: C:\hostedtoolcache\windows\Python\3.9.13\x64/lib/pkgconfig
2025-06-23T20:04:46.7900642Z   Python_ROOT_DIR: C:\hostedtoolcache\windows\Python\3.9.13\x64
2025-06-23T20:04:46.7900992Z   Python2_ROOT_DIR: C:\hostedtoolcache\windows\Python\3.9.13\x64
2025-06-23T20:04:46.7901340Z   Python3_ROOT_DIR: C:\hostedtoolcache\windows\Python\3.9.13\x64
2025-06-23T20:04:46.7901633Z   CommandPromptType: Native
2025-06-23T20:04:46.7901951Z   DevEnvDir: C:\Program Files\Microsoft Visual Studio\2022\Enterprise\Common7\IDE\
2025-06-23T20:04:46.7902423Z   ExtensionSdkDir: C:\Program Files (x86)\Microsoft SDKs\Windows Kits\10\ExtensionSDKs
2025-06-23T20:04:46.7904447Z   EXTERNAL_INCLUDE: C:\Program Files\Microsoft Visual Studio\2022\Enterprise\VC\Tools\MSVC\14.43.34808\include;C:\Program Files\Microsoft Visual Studio\2022\Enterprise\VC\Tools\MSVC\14.43.34808\ATLMFC\include;C:\Program Files\Microsoft Visual Studio\2022\Enterprise\VC\Auxiliary\VS\include;C:\Program Files (x86)\Windows Kits\10\include\10.0.26100.0\ucrt;C:\Program Files (x86)\Windows Kits\10\\include\10.0.26100.0\\um;C:\Program Files (x86)\Windows Kits\10\\include\10.0.26100.0\\shared;C:\Program Files (x86)\Windows Kits\10\\include\10.0.26100.0\\winrt;C:\Program Files (x86)\Windows Kits\10\\include\10.0.26100.0\\cppwinrt;C:\Program Files (x86)\Windows Kits\NETFXSDK\4.8\include\um
2025-06-23T20:04:46.7906492Z   Framework40Version: v4.0
2025-06-23T20:04:46.7906733Z   FrameworkDir: C:\Windows\Microsoft.NET\Framework64\
2025-06-23T20:04:46.7907037Z   FrameworkDir64: C:\Windows\Microsoft.NET\Framework64\
2025-06-23T20:04:46.7907308Z   FrameworkVersion: v4.0.30319
2025-06-23T20:04:46.7907519Z   FrameworkVersion64: v4.0.30319
2025-06-23T20:04:46.7907993Z   FSHARPINSTALLDIR: C:\Program Files\Microsoft Visual Studio\2022\Enterprise\Common7\IDE\CommonExtensions\Microsoft\FSharp\Tools
2025-06-23T20:04:46.7908525Z   HTMLHelpDir: C:\Program Files (x86)\HTML Help Workshop
2025-06-23T20:04:46.7908955Z   IFCPATH: C:\Program Files\Microsoft Visual Studio\2022\Enterprise\VC\Tools\MSVC\14.43.34808\ifc\x64
2025-06-23T20:04:46.7911621Z   INCLUDE: C:\Program Files\Microsoft Visual Studio\2022\Enterprise\VC\Tools\MSVC\14.43.34808\include;C:\Program Files\Microsoft Visual Studio\2022\Enterprise\VC\Tools\MSVC\14.43.34808\ATLMFC\include;C:\Program Files\Microsoft Visual Studio\2022\Enterprise\VC\Auxiliary\VS\include;C:\Program Files (x86)\Windows Kits\10\include\10.0.26100.0\ucrt;C:\Program Files (x86)\Windows Kits\10\\include\10.0.26100.0\\um;C:\Program Files (x86)\Windows Kits\10\\include\10.0.26100.0\\shared;C:\Program Files (x86)\Windows Kits\10\\include\10.0.26100.0\\winrt;C:\Program Files (x86)\Windows Kits\10\\include\10.0.26100.0\\cppwinrt;C:\Program Files (x86)\Windows Kits\NETFXSDK\4.8\include\um
2025-06-23T20:04:46.7913518Z   is_x64_arch: true
2025-06-23T20:04:46.7914558Z   LIB: C:\Program Files\Microsoft Visual Studio\2022\Enterprise\VC\Tools\MSVC\14.43.34808\ATLMFC\lib\x64;C:\Program Files\Microsoft Visual Studio\2022\Enterprise\VC\Tools\MSVC\14.43.34808\lib\x64;C:\Program Files (x86)\Windows Kits\NETFXSDK\4.8\lib\um\x64;C:\Program Files (x86)\Windows Kits\10\lib\10.0.26100.0\ucrt\x64;C:\Program Files (x86)\Windows Kits\10\\lib\10.0.26100.0\\um\x64
2025-06-23T20:04:46.7916823Z   LIBPATH: C:\Program Files\Microsoft Visual Studio\2022\Enterprise\VC\Tools\MSVC\14.43.34808\ATLMFC\lib\x64;C:\Program Files\Microsoft Visual Studio\2022\Enterprise\VC\Tools\MSVC\14.43.34808\lib\x64;C:\Program Files\Microsoft Visual Studio\2022\Enterprise\VC\Tools\MSVC\14.43.34808\lib\x86\store\references;C:\Program Files (x86)\Windows Kits\10\UnionMetadata\10.0.26100.0;C:\Program Files (x86)\Windows Kits\10\References\10.0.26100.0;C:\Windows\Microsoft.NET\Framework64\v4.0.30319
2025-06-23T20:04:46.7918352Z   NETFXSDKDir: C:\Program Files (x86)\Windows Kits\NETFXSDK\4.8\
2025-06-23T20:04:46.7931391Z   Path: C:\Program Files\Microsoft Visual Studio\2022\Enterprise\VC\Tools\MSVC\14.43.34808\bin\HostX64\x64;C:\Program Files\Microsoft Visual Studio\2022\Enterprise\Common7\IDE\VC\VCPackages;C:\Program Files\Microsoft Visual Studio\2022\Enterprise\Common7\IDE\CommonExtensions\Microsoft\TestWindow;C:\Program Files\Microsoft Visual Studio\2022\Enterprise\Common7\IDE\CommonExtensions\Microsoft\TeamFoundation\Team Explorer;C:\Program Files\Microsoft Visual Studio\2022\Enterprise\MSBuild\Current\bin\Roslyn;C:\Program Files (x86)\Microsoft SDKs\Windows\v10.0A\bin\NETFX 4.8 Tools\x64\;C:\Program Files (x86)\HTML Help Workshop;C:\Program Files\Microsoft Visual Studio\2022\Enterprise\Common7\IDE\CommonExtensions\Microsoft\FSharp\Tools;C:\Program Files\Microsoft Visual Studio\2022\Enterprise\Team Tools\DiagnosticsHub\Collector;C:\Program Files\Microsoft Visual Studio\2022\Enterprise\Common7\IDE\Extensions\Microsoft\CodeCoverage.Console;C:\Program Files (x86)\Windows Kits\10\bin\10.0.26100.0\\x64;C:\Program Files (x86)\Windows Kits\10\bin\\x64;C:\Program Files\Microsoft Visual Studio\2022\Enterprise\\MSBuild\Current\Bin\amd64;C:\Windows\Microsoft.NET\Framework64\v4.0.30319;C:\Program Files\Microsoft Visual Studio\2022\Enterprise\Common7\IDE\;C:\Program Files\Microsoft Visual Studio\2022\Enterprise\Common7\Tools\;C:\Users\runneradmin\AppData\Roaming\Python\Python39\Scripts;C:\hostedtoolcache\windows\Python\3.9.13\x64\Scripts;C:\hostedtoolcache\windows\Python\3.9.13\x64;C:\Program Files\MongoDB\Server\5.0\bin;C:\aliyun-cli;C:\vcpkg;C:\Program Files (x86)\NSIS\;C:\tools\zstd;C:\Program Files\Mercurial\;C:\hostedtoolcache\windows\stack\3.5.1\x64;C:\cabal\bin;C:\\ghcup\bin;C:\mingw64\bin;C:\Program Files\dotnet;C:\Program Files\MySQL\MySQL Server 8.0\bin;C:\Program Files\R\R-4.4.2\bin\x64;C:\SeleniumWebDrivers\GeckoDriver;C:\SeleniumWebDrivers\EdgeDriver\;C:\SeleniumWebDrivers\ChromeDriver;C:\Program Files (x86)\sbt\bin;C:\Program Files (x86)\GitHub CLI;C:\Program Files\Git\bin;C:\Program Files (x86)\pipx_bin;C:\npm\prefix;C:\hostedtoolcache\windows\go\1.24.3\x64\bin;C:\hostedtoolcache\windows\Ruby\3.3.8\x64\bin;C:\Program Files\OpenSSL\bin;C:\tools\kotlinc\bin;C:\hostedtoolcache\windows\Java_Temurin-Hotspot_jdk\8.0.452-9\x64\bin;C:\Program Files\ImageMagick-7.1.1-Q16-HDRI;C:\Program Files\Microsoft SDKs\Azure\CLI2\wbin;C:\ProgramData\kind;C:\ProgramData\Chocolatey\bin;C:\Windows\system32;C:\Windows;C:\Windows\System32\Wbem;C:\Windows\System32\WindowsPowerShell\v1.0\;C:\Windows\System32\OpenSSH\;C:\Program Files\dotnet\;C:\Program Files\PowerShell\7\;C:\Program Files\Microsoft\Web Platform Installer\;C:\Program Files\TortoiseSVN\bin;C:\Program Files\Microsoft SQL Server\Client SDK\ODBC\170\Tools\Binn\;C:\Program Files\Microsoft SQL Server\150\Tools\Binn\;C:\Program Files (x86)\Windows Kits\10\Windows Performance Toolkit\;C:\Program Files (x86)\WiX Toolset v3.14\bin;C:\Program Files\Microsoft SQL Server\130\DTS\Binn\;C:\Program Files\Microsoft SQL Server\140\DTS\Binn\;C:\Program Files\Microsoft SQL Server\150\DTS\Binn\;C:\Program Files\Microsoft SQL Server\160\DTS\Binn\;C:\Strawberry\c\bin;C:\Strawberry\perl\site\bin;C:\Strawberry\perl\bin;C:\ProgramData\chocolatey\lib\pulumi\tools\Pulumi\bin;C:\Program Files\CMake\bin;C:\ProgramData\chocolatey\lib\maven\apache-maven-3.9.9\bin;C:\Program Files\Microsoft Service Fabric\bin\Fabric\Fabric.Code;C:\Program Files\Microsoft SDKs\Service Fabric\Tools\ServiceFabricLocalClusterManager;C:\Program Files\nodejs\;C:\Program Files\Git\cmd;C:\Program Files\Git\mingw64\bin;C:\Program Files\Git\usr\bin;C:\Program Files\GitHub CLI\;c:\tools\php;C:\Program Files\Amazon\AWSCLIV2\;C:\Program Files\Amazon\SessionManagerPlugin\bin\;C:\Program Files\Amazon\AWSSAMCLI\bin\;C:\Program Files\Microsoft SQL Server\130\Tools\Binn\;C:\Program Files\LLVM\bin;C:\Users\runneradmin\.dotnet\tools;C:\Users\runneradmin\.cargo\bin;C:\Users\runneradmin\AppData\Local\Microsoft\WindowsApps;C:\Program Files (x86)\Microsoft Visual Studio\Installer;C:\Program Files\Microsoft Visual Studio\2022\Enterprise\VC\Tools\Llvm\x64\bin;C:\Program Files\Microsoft Visual Studio\2022\Enterprise\Common7\IDE\CommonExtensions\Microsoft\CMake\CMake\bin;C:\Program Files\Microsoft Visual Studio\2022\Enterprise\Common7\IDE\CommonExtensions\Microsoft\CMake\Ninja;C:\Program Files\Microsoft Visual Studio\2022\Enterprise\Common7\IDE\VC\Linux\bin\ConnectionManagerExe;C:\Program Files\Microsoft Visual Studio\2022\Enterprise\VC\vcpkg
2025-06-23T20:04:46.7944412Z   Platform: x64
2025-06-23T20:04:46.7944587Z   UCRTVersion: 10.0.26100.0
2025-06-23T20:04:46.7944850Z   UniversalCRTSdkDir: C:\Program Files (x86)\Windows Kits\10\
2025-06-23T20:04:46.7945294Z   VCIDEInstallDir: C:\Program Files\Microsoft Visual Studio\2022\Enterprise\Common7\IDE\VC\
2025-06-23T20:04:46.7945771Z   VCINSTALLDIR: C:\Program Files\Microsoft Visual Studio\2022\Enterprise\VC\
2025-06-23T20:04:46.7946129Z   VCPKG_ROOT: D:\a\synthizer3d\synthizer3d\vcpkg
2025-06-23T20:04:46.7946558Z   VCToolsInstallDir: C:\Program Files\Microsoft Visual Studio\2022\Enterprise\VC\Tools\MSVC\14.43.34808\
2025-06-23T20:04:46.7947150Z   VCToolsRedistDir: C:\Program Files\Microsoft Visual Studio\2022\Enterprise\VC\Redist\MSVC\14.42.34433\
2025-06-23T20:04:46.7947555Z   VCToolsVersion: 14.43.34808
2025-06-23T20:04:46.7947752Z   VisualStudioVersion: 17.0
2025-06-23T20:04:46.7948088Z   VS170COMNTOOLS: C:\Program Files\Microsoft Visual Studio\2022\Enterprise\Common7\Tools\
2025-06-23T20:04:46.7948564Z   VSCMD_ARG_app_plat: Desktop
2025-06-23T20:04:46.7948761Z   VSCMD_ARG_HOST_ARCH: x64
2025-06-23T20:04:46.7948938Z   VSCMD_ARG_TGT_ARCH: x64
2025-06-23T20:04:46.7949122Z   VSCMD_VER: 17.13.2
2025-06-23T20:04:46.7949402Z   VSINSTALLDIR: C:\Program Files\Microsoft Visual Studio\2022\Enterprise\
2025-06-23T20:04:46.7949831Z   VSSDK150INSTALL: C:\Program Files\Microsoft Visual Studio\2022\Enterprise\VSSDK
2025-06-23T20:04:46.7950272Z   VSSDKINSTALL: C:\Program Files\Microsoft Visual Studio\2022\Enterprise\VSSDK
2025-06-23T20:04:46.7950889Z   WindowsLibPath: C:\Program Files (x86)\Windows Kits\10\UnionMetadata\10.0.26100.0;C:\Program Files (x86)\Windows Kits\10\References\10.0.26100.0
2025-06-23T20:04:46.7951468Z   WindowsSdkBinPath: C:\Program Files (x86)\Windows Kits\10\bin\
2025-06-23T20:04:46.7951804Z   WindowsSdkDir: C:\Program Files (x86)\Windows Kits\10\
2025-06-23T20:04:46.7952075Z   WindowsSDKLibVersion: 10.0.26100.0\
2025-06-23T20:04:46.7952412Z   WindowsSdkVerBinPath: C:\Program Files (x86)\Windows Kits\10\bin\10.0.26100.0\
2025-06-23T20:04:46.7952749Z   WindowsSDKVersion: 10.0.26100.0\
2025-06-23T20:04:46.7953150Z   WindowsSDK_ExecutablePath_x64: C:\Program Files (x86)\Microsoft SDKs\Windows\v10.0A\bin\NETFX 4.8 Tools\x64\
2025-06-23T20:04:46.7953744Z   WindowsSDK_ExecutablePath_x86: C:\Program Files (x86)\Microsoft SDKs\Windows\v10.0A\bin\NETFX 4.8 Tools\
2025-06-23T20:04:46.7954141Z   __DOTNET_ADD_64BIT: 1
2025-06-23T20:04:46.7954397Z   __DOTNET_PREFERRED_BITNESS: 64
2025-06-23T20:04:46.7962377Z   __VSCMD_PREINIT_PATH: C:\Users\runneradmin\AppData\Roaming\Python\Python39\Scripts;C:\hostedtoolcache\windows\Python\3.9.13\x64\Scripts;C:\hostedtoolcache\windows\Python\3.9.13\x64;C:\Program Files\MongoDB\Server\5.0\bin;C:\aliyun-cli;C:\vcpkg;C:\Program Files (x86)\NSIS\;C:\tools\zstd;C:\Program Files\Mercurial\;C:\hostedtoolcache\windows\stack\3.5.1\x64;C:\cabal\bin;C:\\ghcup\bin;C:\mingw64\bin;C:\Program Files\dotnet;C:\Program Files\MySQL\MySQL Server 8.0\bin;C:\Program Files\R\R-4.4.2\bin\x64;C:\SeleniumWebDrivers\GeckoDriver;C:\SeleniumWebDrivers\EdgeDriver\;C:\SeleniumWebDrivers\ChromeDriver;C:\Program Files (x86)\sbt\bin;C:\Program Files (x86)\GitHub CLI;C:\Program Files\Git\bin;C:\Program Files (x86)\pipx_bin;C:\npm\prefix;C:\hostedtoolcache\windows\go\1.24.3\x64\bin;C:\hostedtoolcache\windows\Python\3.9.13\x64\Scripts;C:\hostedtoolcache\windows\Python\3.9.13\x64;C:\hostedtoolcache\windows\Ruby\3.3.8\x64\bin;C:\Program Files\OpenSSL\bin;C:\tools\kotlinc\bin;C:\hostedtoolcache\windows\Java_Temurin-Hotspot_jdk\8.0.452-9\x64\bin;C:\Program Files\ImageMagick-7.1.1-Q16-HDRI;C:\Program Files\Microsoft SDKs\Azure\CLI2\wbin;C:\ProgramData\kind;C:\ProgramData\Chocolatey\bin;C:\Windows\system32;C:\Windows;C:\Windows\System32\Wbem;C:\Windows\System32\WindowsPowerShell\v1.0\;C:\Windows\System32\OpenSSH\;C:\Program Files\dotnet\;C:\Program Files\PowerShell\7\;C:\Program Files\Microsoft\Web Platform Installer\;C:\Program Files\TortoiseSVN\bin;C:\Program Files\Microsoft SQL Server\Client SDK\ODBC\170\Tools\Binn\;C:\Program Files\Microsoft SQL Server\150\Tools\Binn\;C:\Program Files (x86)\Windows Kits\10\Windows Performance Toolkit\;C:\Program Files (x86)\WiX Toolset v3.14\bin;C:\Program Files\Microsoft SQL Server\130\DTS\Binn\;C:\Program Files\Microsoft SQL Server\140\DTS\Binn\;C:\Program Files\Microsoft SQL Server\150\DTS\Binn\;C:\Program Files\Microsoft SQL Server\160\DTS\Binn\;C:\Strawberry\c\bin;C:\Strawberry\perl\site\bin;C:\Strawberry\perl\bin;C:\ProgramData\chocolatey\lib\pulumi\tools\Pulumi\bin;C:\Program Files\CMake\bin;C:\ProgramData\chocolatey\lib\maven\apache-maven-3.9.9\bin;C:\Program Files\Microsoft Service Fabric\bin\Fabric\Fabric.Code;C:\Program Files\Microsoft SDKs\Service Fabric\Tools\ServiceFabricLocalClusterManager;C:\Program Files\nodejs\;C:\Program Files\Git\cmd;C:\Program Files\Git\mingw64\bin;C:\Program Files\Git\usr\bin;C:\Program Files\GitHub CLI\;c:\tools\php;C:\Program Files (x86)\sbt\bin;C:\Program Files\Amazon\AWSCLIV2\;C:\Program Files\Amazon\SessionManagerPlugin\bin\;C:\Program Files\Amazon\AWSSAMCLI\bin\;C:\Program Files\Microsoft SQL Server\130\Tools\Binn\;C:\Program Files\LLVM\bin;C:\Users\runneradmin\.dotnet\tools;C:\Users\runneradmin\.cargo\bin;C:\Users\runneradmin\AppData\Local\Microsoft\WindowsApps;C:\Program Files (x86)\Microsoft Visual Studio\Installer
2025-06-23T20:04:46.7972635Z   VCPKG_DEFAULT_BINARY_CACHE: D:/a/synthizer3d/synthizer3d/969f6665-88a2-4c98-938e-ca9259871fec/vcpkg_cache
2025-06-23T20:04:46.7973117Z   VCPKG_BINARY_SOURCES: clear;x-gha,readwrite
2025-06-23T20:04:46.7973687Z   ACTIONS_CACHE_URL: https://acghubeus2.actions.githubusercontent.com/bwbzopuV3oKlbowlUKWdOnf6KF0vjv7EYqCB3ZHqukKhTVgy74/
2025-06-23T20:04:46.8010208Z   ACTIONS_RUNTIME_TOKEN: ***
2025-06-23T20:04:46.8010481Z   RUNVCPKG_VCPKG_ROOT: D:\a\synthizer3d\synthizer3d\vcpkg
2025-06-23T20:04:46.8010758Z ##[endgroup]
2025-06-23T20:04:47.0868526Z VCPKG_ROOT (tool directory from lukka/run-vcpkg) is D:\a\synthizer3d\synthizer3d\vcpkg
2025-06-23T20:04:47.0875709Z VCPKG_DEFAULT_TRIPLET is x64-windows
2025-06-23T20:04:47.0881695Z GITHUB_WORKSPACE is D:\a\synthizer3d\synthizer3d
2025-06-23T20:04:47.0887889Z Initial EFFECTIVE_VCPKG_INSTALLED_DIR_BASE (from job env, target for manifest install) is D:\a\synthizer3d\synthizer3d\vcpkg_installed
2025-06-23T20:04:47.3071116Z Detecting compiler hash for triplet x64-windows...
2025-06-23T20:04:49.3640770Z Compiler found: C:/Program Files/Microsoft Visual Studio/2022/Enterprise/VC/Tools/MSVC/14.43.34808/bin/Hostx64/x64/cl.exe
2025-06-23T20:04:49.3755327Z The following packages will be built and installed:
2025-06-23T20:04:49.3755811Z   * atl:x64-windows@0
2025-06-23T20:04:49.3756111Z   * atlmfc:x64-windows@0#3
2025-06-23T20:04:49.3756439Z     libogg:x64-windows@1.3.5#2
2025-06-23T20:04:49.3756757Z     libvorbis:x64-windows@1.3.7#4
2025-06-23T20:04:49.3757082Z     opus:x64-windows@1.5.2
2025-06-23T20:04:49.3757594Z     opusfile:x64-windows@0.12+20221121#1
2025-06-23T20:04:49.3758184Z     soundtouch:x64-windows@2.3.3
2025-06-23T20:04:49.3758731Z   * vcpkg-cmake:x64-windows@2024-04-23
2025-06-23T20:04:49.3759443Z   * vcpkg-cmake-config:x64-windows@2024-05-23
2025-06-23T20:04:49.3760526Z Additional packages (*) will be modified to complete this operation.
2025-06-23T20:04:49.3762976Z %VCPKG_BINARY_SOURCES%: warning: The 'x-gha' binary caching backend has been removed. Consider using a NuGet-based binary caching provider instead, see extended documentation at https://learn.microsoft.com/vcpkg/users/binarycaching?WT.mc_id=vcpkg_inproduct_cli.
2025-06-23T20:04:49.3764244Z   on expression: clear;x-gha,readwrite
2025-06-23T20:04:49.3764587Z                                       ^
2025-06-23T20:04:49.3765024Z Installing 1/9 vcpkg-cmake-config:x64-windows@2024-05-23...
2025-06-23T20:04:49.3765516Z Building vcpkg-cmake-config:x64-windows@2024-05-23...
2025-06-23T20:04:49.4053776Z -- Installing: D:/a/synthizer3d/synthizer3d/vcpkg/packages/vcpkg-cmake-config_x64-windows/share/vcpkg-cmake-config/vcpkg_cmake_config_fixup.cmake
2025-06-23T20:04:49.4059462Z -- Installing: D:/a/synthizer3d/synthizer3d/vcpkg/packages/vcpkg-cmake-config_x64-windows/share/vcpkg-cmake-config/vcpkg-port-config.cmake
2025-06-23T20:04:49.4064900Z -- Installing: D:/a/synthizer3d/synthizer3d/vcpkg/packages/vcpkg-cmake-config_x64-windows/share/vcpkg-cmake-config/copyright
2025-06-23T20:04:49.4110784Z -- Skipping post-build validation due to VCPKG_POLICY_EMPTY_PACKAGE
2025-06-23T20:04:49.4139606Z Elapsed time to handle vcpkg-cmake-config:x64-windows: 38 ms
2025-06-23T20:04:49.4140661Z vcpkg-cmake-config:x64-windows package ABI: 842797583f0500a3cabbedf03fb083636fe11e4fd3fd19d9a475485e484445fb
2025-06-23T20:04:49.4141382Z Installing 2/9 vcpkg-cmake:x64-windows@2024-04-23...
2025-06-23T20:04:49.4141851Z Building vcpkg-cmake:x64-windows@2024-04-23...
2025-06-23T20:04:49.4433914Z -- Installing: D:/a/synthizer3d/synthizer3d/vcpkg/packages/vcpkg-cmake_x64-windows/share/vcpkg-cmake/vcpkg_cmake_configure.cmake
2025-06-23T20:04:49.4439967Z -- Installing: D:/a/synthizer3d/synthizer3d/vcpkg/packages/vcpkg-cmake_x64-windows/share/vcpkg-cmake/vcpkg_cmake_build.cmake
2025-06-23T20:04:49.4443988Z -- Installing: D:/a/synthizer3d/synthizer3d/vcpkg/packages/vcpkg-cmake_x64-windows/share/vcpkg-cmake/vcpkg_cmake_install.cmake
2025-06-23T20:04:49.4448077Z -- Installing: D:/a/synthizer3d/synthizer3d/vcpkg/packages/vcpkg-cmake_x64-windows/share/vcpkg-cmake/vcpkg-port-config.cmake
2025-06-23T20:04:49.4452243Z -- Installing: D:/a/synthizer3d/synthizer3d/vcpkg/packages/vcpkg-cmake_x64-windows/share/vcpkg-cmake/copyright
2025-06-23T20:04:49.4495514Z -- Performing post-build validation
2025-06-23T20:04:49.4534581Z Elapsed time to handle vcpkg-cmake:x64-windows: 39.5 ms
2025-06-23T20:04:49.4535735Z vcpkg-cmake:x64-windows package ABI: a500b93f9e0b831ca946128005613d551eeb943040c8f073dc3184f7e15c9834
2025-06-23T20:04:49.4536831Z Installing 3/9 libogg:x64-windows@1.3.5#2...
2025-06-23T20:04:49.4537220Z Building libogg:x64-windows@1.3.5#2...
2025-06-23T20:04:49.4940372Z Downloading https://gitlab.xiph.org/xiph/ogg/-/archive/v1.3.5/ogg-v1.3.5.tar.gz -> xiph-ogg-v1.3.5.tar.gz
2025-06-23T20:04:49.7923414Z Successfully downloaded xiph-ogg-v1.3.5.tar.gz
2025-06-23T20:04:50.0266297Z -- Extracting source D:/a/synthizer3d/synthizer3d/vcpkg/downloads/xiph-ogg-v1.3.5.tar.gz
2025-06-23T20:04:50.1805067Z -- Using source at D:/a/synthizer3d/synthizer3d/vcpkg/buildtrees/libogg/src/v1.3.5-1a4243fef9.clean
2025-06-23T20:04:50.1923870Z -- Found external ninja('1.12.1').
2025-06-23T20:04:50.1957342Z -- Configuring x64-windows
2025-06-23T20:04:56.4414725Z -- Building x64-windows-dbg
2025-06-23T20:04:56.7480029Z -- Building x64-windows-rel
2025-06-23T20:04:57.0783676Z -- Fixing pkgconfig file: D:/a/synthizer3d/synthizer3d/vcpkg/packages/libogg_x64-windows/lib/pkgconfig/ogg.pc
2025-06-23T20:04:57.0987451Z Downloading msys2-mingw-w64-x86_64-pkgconf-1~2.3.0-1-any.pkg.tar.zst, trying https://mirror.msys2.org/mingw/mingw64/mingw-w64-x86_64-pkgconf-1~2.3.0-1-any.pkg.tar.zst
2025-06-23T20:04:57.9139385Z Successfully downloaded msys2-mingw-w64-x86_64-pkgconf-1~2.3.0-1-any.pkg.tar.zst
2025-06-23T20:04:57.9360557Z Downloading msys2-msys2-runtime-3.5.4-2-x86_64.pkg.tar.zst, trying https://mirror.msys2.org/msys/x86_64/msys2-runtime-3.5.4-2-x86_64.pkg.tar.zst
2025-06-23T20:04:58.8349238Z Successfully downloaded msys2-msys2-runtime-3.5.4-2-x86_64.pkg.tar.zst
2025-06-23T20:04:58.8474688Z -- Using msys root at D:/a/synthizer3d/synthizer3d/vcpkg/downloads/tools/msys2/21caed2f81ec917b
2025-06-23T20:04:58.8563418Z -- Fixing pkgconfig file: D:/a/synthizer3d/synthizer3d/vcpkg/packages/libogg_x64-windows/debug/lib/pkgconfig/ogg.pc
2025-06-23T20:04:58.8641853Z -- Installing: D:/a/synthizer3d/synthizer3d/vcpkg/packages/libogg_x64-windows/share/libogg/copyright
2025-06-23T20:04:58.8709121Z -- Performing post-build validation
2025-06-23T20:04:58.8799298Z Elapsed time to handle libogg:x64-windows: 9.4 s
2025-06-23T20:04:58.8800426Z libogg:x64-windows package ABI: a0557943a3eb3893da4fede0807e4138b3f8e9736e60b3498faf762055851b8f
2025-06-23T20:04:58.8801443Z Installing 4/9 libvorbis:x64-windows@1.3.7#4...
2025-06-23T20:04:58.8802029Z Building libvorbis:x64-windows@1.3.7#4...
2025-06-23T20:04:58.9214327Z Downloading https://github.com/xiph/vorbis/archive/v1.3.7.tar.gz -> xiph-vorbis-v1.3.7.tar.gz
2025-06-23T20:04:59.2877405Z Successfully downloaded xiph-vorbis-v1.3.7.tar.gz
2025-06-23T20:04:59.3031728Z -- Extracting source D:/a/synthizer3d/synthizer3d/vcpkg/downloads/xiph-vorbis-v1.3.7.tar.gz
2025-06-23T20:04:59.4866208Z -- Applying patch 0001-Dont-export-vorbisenc-functions.patch
2025-06-23T20:04:59.5080826Z -- Applying patch 0002-Fixup-pkgconfig-libs.patch
2025-06-23T20:04:59.5279120Z -- Applying patch 0003-def-mingw-compat.patch
2025-06-23T20:04:59.5481922Z -- Applying patch 0004-ogg-find-dependency.patch
2025-06-23T20:04:59.5695622Z -- Using source at D:/a/synthizer3d/synthizer3d/vcpkg/buildtrees/libvorbis/src/v1.3.7-c32164610e.clean
2025-06-23T20:04:59.5808108Z -- Found external ninja('1.12.1').
2025-06-23T20:04:59.5840993Z -- Configuring x64-windows
2025-06-23T20:05:01.1359240Z -- Building x64-windows-dbg
2025-06-23T20:05:02.3429183Z -- Building x64-windows-rel
2025-06-23T20:05:04.8089815Z -- Fixing pkgconfig file: D:/a/synthizer3d/synthizer3d/vcpkg/packages/libvorbis_x64-windows/lib/pkgconfig/vorbis.pc
2025-06-23T20:05:04.8094203Z -- Fixing pkgconfig file: D:/a/synthizer3d/synthizer3d/vcpkg/packages/libvorbis_x64-windows/lib/pkgconfig/vorbisenc.pc
2025-06-23T20:05:04.8099160Z -- Fixing pkgconfig file: D:/a/synthizer3d/synthizer3d/vcpkg/packages/libvorbis_x64-windows/lib/pkgconfig/vorbisfile.pc
2025-06-23T20:05:04.8206968Z -- Using cached msys2-mingw-w64-x86_64-pkgconf-1~2.3.0-1-any.pkg.tar.zst
2025-06-23T20:05:04.8273073Z -- Using cached msys2-msys2-runtime-3.5.4-2-x86_64.pkg.tar.zst
2025-06-23T20:05:04.8277718Z -- Using msys root at D:/a/synthizer3d/synthizer3d/vcpkg/downloads/tools/msys2/21caed2f81ec917b
2025-06-23T20:05:04.8464069Z -- Fixing pkgconfig file: D:/a/synthizer3d/synthizer3d/vcpkg/packages/libvorbis_x64-windows/debug/lib/pkgconfig/vorbis.pc
2025-06-23T20:05:04.8470470Z -- Fixing pkgconfig file: D:/a/synthizer3d/synthizer3d/vcpkg/packages/libvorbis_x64-windows/debug/lib/pkgconfig/vorbisenc.pc
2025-06-23T20:05:04.8475851Z -- Fixing pkgconfig file: D:/a/synthizer3d/synthizer3d/vcpkg/packages/libvorbis_x64-windows/debug/lib/pkgconfig/vorbisfile.pc
2025-06-23T20:05:04.9745197Z -- Installing: D:/a/synthizer3d/synthizer3d/vcpkg/packages/libvorbis_x64-windows/share/libvorbis/usage
2025-06-23T20:05:04.9748624Z -- Installing: D:/a/synthizer3d/synthizer3d/vcpkg/packages/libvorbis_x64-windows/share/libvorbis/copyright
2025-06-23T20:05:04.9806240Z -- Performing post-build validation
2025-06-23T20:05:04.9900659Z Elapsed time to handle libvorbis:x64-windows: 6.1 s
2025-06-23T20:05:04.9901684Z libvorbis:x64-windows package ABI: d90efec2c9090f56a4508a9a4435f94eb42aca93d2a98ecfbdc3a996d623c61c
2025-06-23T20:05:04.9902351Z Installing 5/9 opus:x64-windows@1.5.2...
2025-06-23T20:05:04.9902777Z Building opus:x64-windows@1.5.2...
2025-06-23T20:05:05.0317675Z Downloading https://github.com/xiph/opus/archive/v1.5.2.tar.gz -> xiph-opus-v1.5.2.tar.gz
2025-06-23T20:05:05.4309435Z Successfully downloaded xiph-opus-v1.5.2.tar.gz
2025-06-23T20:05:05.4583189Z -- Extracting source D:/a/synthizer3d/synthizer3d/vcpkg/downloads/xiph-opus-v1.5.2.tar.gz
2025-06-23T20:05:05.7100858Z -- Applying patch fix-pkgconfig-version.patch
2025-06-23T20:05:05.7317915Z -- Using source at D:/a/synthizer3d/synthizer3d/vcpkg/buildtrees/opus/src/v1.5.2-81ed242155.clean
2025-06-23T20:05:05.7439160Z -- Found external ninja('1.12.1').
2025-06-23T20:05:05.7472966Z -- Configuring x64-windows
2025-06-23T20:05:10.7630521Z -- Building x64-windows-dbg
2025-06-23T20:05:16.0744602Z -- Building x64-windows-rel
2025-06-23T20:05:24.3812948Z -- Fixing pkgconfig file: D:/a/synthizer3d/synthizer3d/vcpkg/packages/opus_x64-windows/lib/pkgconfig/opus.pc
2025-06-23T20:05:24.3920667Z -- Using cached msys2-mingw-w64-x86_64-pkgconf-1~2.3.0-1-any.pkg.tar.zst
2025-06-23T20:05:24.3990451Z -- Using cached msys2-msys2-runtime-3.5.4-2-x86_64.pkg.tar.zst
2025-06-23T20:05:24.3994987Z -- Using msys root at D:/a/synthizer3d/synthizer3d/vcpkg/downloads/tools/msys2/21caed2f81ec917b
2025-06-23T20:05:24.4068262Z -- Fixing pkgconfig file: D:/a/synthizer3d/synthizer3d/vcpkg/packages/opus_x64-windows/debug/lib/pkgconfig/opus.pc
2025-06-23T20:05:24.4142442Z -- Installing: D:/a/synthizer3d/synthizer3d/vcpkg/packages/opus_x64-windows/share/opus/copyright
2025-06-23T20:05:24.4201349Z -- Performing post-build validation
2025-06-23T20:05:24.4306370Z Elapsed time to handle opus:x64-windows: 19 s
2025-06-23T20:05:24.4307258Z opus:x64-windows package ABI: 85472ea35b34b5b2cb87ab8fa93a3b878862ba2c74d619b262819f1046f3d06f
2025-06-23T20:05:24.4307877Z Installing 6/9 opusfile:x64-windows@0.12+20221121#1...
2025-06-23T20:05:24.4308295Z Building opusfile:x64-windows@0.12+20221121#1...
2025-06-23T20:05:24.4627238Z -- Note: opusfile only supports static library linkage. Building static library.
2025-06-23T20:05:24.4729217Z Downloading https://github.com/xiph/opusfile/archive/9d718345ce03b2fad5d7d28e0bcd1cc69ab2b166.tar.gz -> xiph-opusfile-9d718345ce03b2fad5d7d28e0bcd1cc69ab2b166.tar.gz
2025-06-23T20:05:24.8318199Z Successfully downloaded xiph-opusfile-9d718345ce03b2fad5d7d28e0bcd1cc69ab2b166.tar.gz
2025-06-23T20:05:24.8426623Z -- Extracting source D:/a/synthizer3d/synthizer3d/vcpkg/downloads/xiph-opusfile-9d718345ce03b2fad5d7d28e0bcd1cc69ab2b166.tar.gz
2025-06-23T20:05:24.9723811Z -- Using source at D:/a/synthizer3d/synthizer3d/vcpkg/buildtrees/opusfile/src/c69ab2b166-6cc7de23ec.clean
2025-06-23T20:05:24.9845824Z -- Found external ninja('1.12.1').
2025-06-23T20:05:24.9879838Z -- Configuring x64-windows
2025-06-23T20:05:26.2557187Z -- Building x64-windows-dbg
2025-06-23T20:05:26.5279573Z -- Building x64-windows-rel
2025-06-23T20:05:27.0354271Z -- Fixing pkgconfig file: D:/a/synthizer3d/synthizer3d/vcpkg/packages/opusfile_x64-windows/lib/pkgconfig/opusfile.pc
2025-06-23T20:05:27.0461006Z -- Using cached msys2-mingw-w64-x86_64-pkgconf-1~2.3.0-1-any.pkg.tar.zst
2025-06-23T20:05:27.0530532Z -- Using cached msys2-msys2-runtime-3.5.4-2-x86_64.pkg.tar.zst
2025-06-23T20:05:27.0534492Z -- Using msys root at D:/a/synthizer3d/synthizer3d/vcpkg/downloads/tools/msys2/21caed2f81ec917b
2025-06-23T20:05:27.0617218Z -- Fixing pkgconfig file: D:/a/synthizer3d/synthizer3d/vcpkg/packages/opusfile_x64-windows/debug/lib/pkgconfig/opusfile.pc
2025-06-23T20:05:27.0722402Z -- Installing: D:/a/synthizer3d/synthizer3d/vcpkg/packages/opusfile_x64-windows/share/opusfile/copyright
2025-06-23T20:05:27.0729737Z -- Installing: D:/a/synthizer3d/synthizer3d/vcpkg/packages/opusfile_x64-windows/share/opusfile/usage
2025-06-23T20:05:27.0791793Z -- Performing post-build validation
2025-06-23T20:05:27.0858159Z Elapsed time to handle opusfile:x64-windows: 2.7 s
2025-06-23T20:05:27.0858836Z opusfile:x64-windows package ABI: 393a65d651c7a2ecd7aa3929806afcb2252d03470cf3ab96d0a5a178ff8ac0ea
2025-06-23T20:05:27.0859358Z Installing 7/9 atl:x64-windows@0...
2025-06-23T20:05:27.0859658Z Building atl:x64-windows@0...
2025-06-23T20:05:27.1228071Z -- Skipping post-build validation due to VCPKG_POLICY_EMPTY_PACKAGE
2025-06-23T20:05:27.1250204Z Elapsed time to handle atl:x64-windows: 39.2 ms
2025-06-23T20:05:27.1251189Z atl:x64-windows package ABI: 00c2ec0d92501baf73b36832a4cf6267281ce78714eab01bcc631fe906883872
2025-06-23T20:05:27.1251994Z Installing 8/9 atlmfc:x64-windows@0#3...
2025-06-23T20:05:27.1252426Z Building atlmfc:x64-windows@0#3...
2025-06-23T20:05:27.1617095Z -- Skipping post-build validation due to VCPKG_POLICY_EMPTY_PACKAGE
2025-06-23T20:05:27.1645128Z Elapsed time to handle atlmfc:x64-windows: 39.4 ms
2025-06-23T20:05:27.1646158Z atlmfc:x64-windows package ABI: eb110e8ab4abe86fa37c7f0085ad4fc46ce18802f978ea90d75ed1f56bb72837
2025-06-23T20:05:27.1646818Z Installing 9/9 soundtouch:x64-windows@2.3.3...
2025-06-23T20:05:27.1647253Z Building soundtouch:x64-windows@2.3.3...
2025-06-23T20:05:27.2059262Z Downloading https://codeberg.org/soundtouch/soundtouch/archive/2.3.3.tar.gz -> soundtouch-soundtouch-2.3.3.tar.gz
2025-06-23T20:05:28.7228356Z Successfully downloaded soundtouch-soundtouch-2.3.3.tar.gz
2025-06-23T20:05:28.7346087Z -- Extracting source D:/a/synthizer3d/synthizer3d/vcpkg/downloads/soundtouch-soundtouch-2.3.3.tar.gz
2025-06-23T20:05:28.8894070Z -- Using source at D:/a/synthizer3d/synthizer3d/vcpkg/buildtrees/soundtouch/src/2.3.3-309213044d.clean
2025-06-23T20:05:28.9009109Z -- Found external ninja('1.12.1').
2025-06-23T20:05:28.9041654Z -- Configuring x64-windows
2025-06-23T20:05:30.3352738Z -- Building x64-windows-dbg
2025-06-23T20:05:32.4232004Z -- Building x64-windows-rel
2025-06-23T20:05:34.5714048Z -- Fixing pkgconfig file: D:/a/synthizer3d/synthizer3d/vcpkg/packages/soundtouch_x64-windows/lib/pkgconfig/soundtouch.pc
2025-06-23T20:05:34.5824641Z -- Using cached msys2-mingw-w64-x86_64-pkgconf-1~2.3.0-1-any.pkg.tar.zst
2025-06-23T20:05:34.5894026Z -- Using cached msys2-msys2-runtime-3.5.4-2-x86_64.pkg.tar.zst
2025-06-23T20:05:34.5898212Z -- Using msys root at D:/a/synthizer3d/synthizer3d/vcpkg/downloads/tools/msys2/21caed2f81ec917b
2025-06-23T20:05:34.5969289Z -- Fixing pkgconfig file: D:/a/synthizer3d/synthizer3d/vcpkg/packages/soundtouch_x64-windows/debug/lib/pkgconfig/soundtouch.pc
2025-06-23T20:05:34.6408814Z -- Installing: D:/a/synthizer3d/synthizer3d/vcpkg/packages/soundtouch_x64-windows/share/soundtouch/copyright
2025-06-23T20:05:34.6471541Z -- Performing post-build validation
2025-06-23T20:05:34.6578044Z Elapsed time to handle soundtouch:x64-windows: 7.5 s
2025-06-23T20:05:34.6578716Z soundtouch:x64-windows package ABI: cba299c175d42d095d98a381b7b4aa62179cb526de49043c0d1fb0751d841aaf
2025-06-23T20:05:34.6598401Z libogg provides CMake targets:
2025-06-23T20:05:34.6598734Z 
2025-06-23T20:05:34.6599189Z   # this is heuristically generated, and may not be correct
2025-06-23T20:05:34.6599930Z   find_package(Ogg CONFIG REQUIRED)
2025-06-23T20:05:34.6600913Z   target_link_libraries(main PRIVATE Ogg::ogg)
2025-06-23T20:05:34.6601272Z 
2025-06-23T20:05:34.6601532Z libogg provides pkg-config modules:
2025-06-23T20:05:34.6601846Z 
2025-06-23T20:05:34.6602874Z   # ogg is a library for manipulating ogg bitstreams
2025-06-23T20:05:34.6603447Z   ogg
2025-06-23T20:05:34.6603576Z 
2025-06-23T20:05:34.6603860Z The package libvorbis provides CMake targets:
2025-06-23T20:05:34.6604155Z 
2025-06-23T20:05:34.6605322Z     # Vorbis reference encoder and decoder, low-level API
2025-06-23T20:05:34.6605751Z     find_package(Vorbis CONFIG REQUIRED)
2025-06-23T20:05:34.6606170Z     target_link_libraries(main PRIVATE Vorbis::vorbis)
2025-06-23T20:05:34.6606490Z 
2025-06-23T20:05:34.6606895Z     # Audio stream decoding and basic manipulation, high-level API
2025-06-23T20:05:34.6607344Z     find_package(Vorbis CONFIG REQUIRED)
2025-06-23T20:05:34.6607761Z     target_link_libraries(main PRIVATE Vorbis::vorbisfile)
2025-06-23T20:05:34.6608064Z 
2025-06-23T20:05:34.6608392Z     # Convenience API for setting up an encoding environment
2025-06-23T20:05:34.6608896Z     find_package(Vorbis CONFIG REQUIRED)
2025-06-23T20:05:34.6609464Z     target_link_libraries(main PRIVATE Vorbis::vorbisenc)
2025-06-23T20:05:34.6609707Z 
2025-06-23T20:05:34.6609860Z opus provides CMake targets:
2025-06-23T20:05:34.6610021Z 
2025-06-23T20:05:34.6610248Z   # this is heuristically generated, and may not be correct
2025-06-23T20:05:34.6610630Z   find_package(Opus CONFIG REQUIRED)
2025-06-23T20:05:34.6611005Z   target_link_libraries(main PRIVATE Opus::opus)
2025-06-23T20:05:34.6611223Z 
2025-06-23T20:05:34.6611503Z opus provides pkg-config modules:
2025-06-23T20:05:34.6611735Z 
2025-06-23T20:05:34.6611877Z   # Opus IETF audio codec ( build)
2025-06-23T20:05:34.6612104Z   opus
2025-06-23T20:05:34.6612196Z 
2025-06-23T20:05:34.6612368Z The package opusfile provides CMake targets:
2025-06-23T20:05:34.6612574Z 
2025-06-23T20:05:34.6612742Z     find_package(OpusFile CONFIG REQUIRED)
2025-06-23T20:05:34.6613157Z     target_link_libraries(main PRIVATE OpusFile::opusfile)
2025-06-23T20:05:34.6613390Z 
2025-06-23T20:05:34.6613520Z     # To use the opusurl API
2025-06-23T20:05:34.6613879Z     target_link_libraries(main PRIVATE OpusFile::opusurl)
2025-06-23T20:05:34.6614109Z 
2025-06-23T20:05:34.6614251Z soundtouch provides CMake targets:
2025-06-23T20:05:34.6614418Z 
2025-06-23T20:05:34.6614636Z   # this is heuristically generated, and may not be correct
2025-06-23T20:05:34.6614996Z   find_package(SoundTouch CONFIG REQUIRED)
2025-06-23T20:05:34.6615370Z   target_link_libraries(main PRIVATE SoundTouch::SoundTouch)
2025-06-23T20:05:34.6615589Z 
2025-06-23T20:05:34.6615723Z soundtouch provides pkg-config modules:
2025-06-23T20:05:34.6615893Z 
2025-06-23T20:05:34.6616387Z   # SoundTouch is an open-source audio processing library for changing the Tempo, Pitch and Playback Rates of audio streams or files
2025-06-23T20:05:34.6616862Z   soundtouch
2025-06-23T20:05:34.6617142Z 
2025-06-23T20:05:34.6617361Z All requested installations completed successfully in: 45 s
2025-06-23T20:05:34.6715905Z Finished vcpkg install command.
2025-06-23T20:05:34.6993613Z Verifying existence of target CMAKE_PREFIX_PATH: D:\a\synthizer3d\synthizer3d\vcpkg_installed\x64-windows
2025-06-23T20:05:34.7032395Z Confermato: La directory target per CMAKE_PREFIX_PATH esiste: D:\a\synthizer3d\synthizer3d\vcpkg_installed\x64-windows
2025-06-23T20:05:34.7207078Z CMAKE_PREFIX_PATH impostato a D:\a\synthizer3d\synthizer3d\vcpkg_installed\x64-windows
2025-06-23T20:05:34.7562317Z ##[group]Run python -m pip install --upgrade pip
2025-06-23T20:05:34.7562724Z [36;1mpython -m pip install --upgrade pip[0m
2025-06-23T20:05:34.7563200Z [36;1mpip install ninja cmake wheel tomli setuptools packaging distro scikit-build cython build delvewheel[0m
2025-06-23T20:05:34.7594769Z shell: C:\Program Files\PowerShell\7\pwsh.EXE -command ". '{0}'"
2025-06-23T20:05:34.7595076Z env:
2025-06-23T20:05:34.7595246Z   PYVERSION: 3.9
2025-06-23T20:05:34.7595407Z   CI_ARCH_LOWER: x64
2025-06-23T20:05:34.7595578Z   CI_WINDOWS: 1
2025-06-23T20:05:34.7595734Z   CI_ARCH_ENV: x64
2025-06-23T20:05:34.7595908Z   VCPKG_DEFAULT_TRIPLET: x64-windows
2025-06-23T20:05:34.7596262Z   EFFECTIVE_VCPKG_INSTALLED_DIR_BASE: D:\a\synthizer3d\synthizer3d\vcpkg_installed
2025-06-23T20:05:34.7596707Z   pythonLocation: C:\hostedtoolcache\windows\Python\3.9.13\x64
2025-06-23T20:05:34.7597104Z   PKG_CONFIG_PATH: C:\hostedtoolcache\windows\Python\3.9.13\x64/lib/pkgconfig
2025-06-23T20:05:34.7597518Z   Python_ROOT_DIR: C:\hostedtoolcache\windows\Python\3.9.13\x64
2025-06-23T20:05:34.7597871Z   Python2_ROOT_DIR: C:\hostedtoolcache\windows\Python\3.9.13\x64
2025-06-23T20:05:34.7598236Z   Python3_ROOT_DIR: C:\hostedtoolcache\windows\Python\3.9.13\x64
2025-06-23T20:05:34.7598535Z   CommandPromptType: Native
2025-06-23T20:05:34.7598859Z   DevEnvDir: C:\Program Files\Microsoft Visual Studio\2022\Enterprise\Common7\IDE\
2025-06-23T20:05:34.7599336Z   ExtensionSdkDir: C:\Program Files (x86)\Microsoft SDKs\Windows Kits\10\ExtensionSDKs
2025-06-23T20:05:34.7601382Z   EXTERNAL_INCLUDE: C:\Program Files\Microsoft Visual Studio\2022\Enterprise\VC\Tools\MSVC\14.43.34808\include;C:\Program Files\Microsoft Visual Studio\2022\Enterprise\VC\Tools\MSVC\14.43.34808\ATLMFC\include;C:\Program Files\Microsoft Visual Studio\2022\Enterprise\VC\Auxiliary\VS\include;C:\Program Files (x86)\Windows Kits\10\include\10.0.26100.0\ucrt;C:\Program Files (x86)\Windows Kits\10\\include\10.0.26100.0\\um;C:\Program Files (x86)\Windows Kits\10\\include\10.0.26100.0\\shared;C:\Program Files (x86)\Windows Kits\10\\include\10.0.26100.0\\winrt;C:\Program Files (x86)\Windows Kits\10\\include\10.0.26100.0\\cppwinrt;C:\Program Files (x86)\Windows Kits\NETFXSDK\4.8\include\um
2025-06-23T20:05:34.7603300Z   Framework40Version: v4.0
2025-06-23T20:05:34.7603539Z   FrameworkDir: C:\Windows\Microsoft.NET\Framework64\
2025-06-23T20:05:34.7603853Z   FrameworkDir64: C:\Windows\Microsoft.NET\Framework64\
2025-06-23T20:05:34.7604132Z   FrameworkVersion: v4.0.30319
2025-06-23T20:05:34.7604343Z   FrameworkVersion64: v4.0.30319
2025-06-23T20:05:34.7604816Z   FSHARPINSTALLDIR: C:\Program Files\Microsoft Visual Studio\2022\Enterprise\Common7\IDE\CommonExtensions\Microsoft\FSharp\Tools
2025-06-23T20:05:34.7605357Z   HTMLHelpDir: C:\Program Files (x86)\HTML Help Workshop
2025-06-23T20:05:34.7605788Z   IFCPATH: C:\Program Files\Microsoft Visual Studio\2022\Enterprise\VC\Tools\MSVC\14.43.34808\ifc\x64
2025-06-23T20:05:34.7607806Z   INCLUDE: C:\Program Files\Microsoft Visual Studio\2022\Enterprise\VC\Tools\MSVC\14.43.34808\include;C:\Program Files\Microsoft Visual Studio\2022\Enterprise\VC\Tools\MSVC\14.43.34808\ATLMFC\include;C:\Program Files\Microsoft Visual Studio\2022\Enterprise\VC\Auxiliary\VS\include;C:\Program Files (x86)\Windows Kits\10\include\10.0.26100.0\ucrt;C:\Program Files (x86)\Windows Kits\10\\include\10.0.26100.0\\um;C:\Program Files (x86)\Windows Kits\10\\include\10.0.26100.0\\shared;C:\Program Files (x86)\Windows Kits\10\\include\10.0.26100.0\\winrt;C:\Program Files (x86)\Windows Kits\10\\include\10.0.26100.0\\cppwinrt;C:\Program Files (x86)\Windows Kits\NETFXSDK\4.8\include\um
2025-06-23T20:05:34.7609800Z   is_x64_arch: true
2025-06-23T20:05:34.7612651Z   LIB: C:\Program Files\Microsoft Visual Studio\2022\Enterprise\VC\Tools\MSVC\14.43.34808\ATLMFC\lib\x64;C:\Program Files\Microsoft Visual Studio\2022\Enterprise\VC\Tools\MSVC\14.43.34808\lib\x64;C:\Program Files (x86)\Windows Kits\NETFXSDK\4.8\lib\um\x64;C:\Program Files (x86)\Windows Kits\10\lib\10.0.26100.0\ucrt\x64;C:\Program Files (x86)\Windows Kits\10\\lib\10.0.26100.0\\um\x64
2025-06-23T20:05:34.7615009Z   LIBPATH: C:\Program Files\Microsoft Visual Studio\2022\Enterprise\VC\Tools\MSVC\14.43.34808\ATLMFC\lib\x64;C:\Program Files\Microsoft Visual Studio\2022\Enterprise\VC\Tools\MSVC\14.43.34808\lib\x64;C:\Program Files\Microsoft Visual Studio\2022\Enterprise\VC\Tools\MSVC\14.43.34808\lib\x86\store\references;C:\Program Files (x86)\Windows Kits\10\UnionMetadata\10.0.26100.0;C:\Program Files (x86)\Windows Kits\10\References\10.0.26100.0;C:\Windows\Microsoft.NET\Framework64\v4.0.30319
2025-06-23T20:05:34.7616520Z   NETFXSDKDir: C:\Program Files (x86)\Windows Kits\NETFXSDK\4.8\
2025-06-23T20:05:34.7629872Z   Path: C:\Program Files\Microsoft Visual Studio\2022\Enterprise\VC\Tools\MSVC\14.43.34808\bin\HostX64\x64;C:\Program Files\Microsoft Visual Studio\2022\Enterprise\Common7\IDE\VC\VCPackages;C:\Program Files\Microsoft Visual Studio\2022\Enterprise\Common7\IDE\CommonExtensions\Microsoft\TestWindow;C:\Program Files\Microsoft Visual Studio\2022\Enterprise\Common7\IDE\CommonExtensions\Microsoft\TeamFoundation\Team Explorer;C:\Program Files\Microsoft Visual Studio\2022\Enterprise\MSBuild\Current\bin\Roslyn;C:\Program Files (x86)\Microsoft SDKs\Windows\v10.0A\bin\NETFX 4.8 Tools\x64\;C:\Program Files (x86)\HTML Help Workshop;C:\Program Files\Microsoft Visual Studio\2022\Enterprise\Common7\IDE\CommonExtensions\Microsoft\FSharp\Tools;C:\Program Files\Microsoft Visual Studio\2022\Enterprise\Team Tools\DiagnosticsHub\Collector;C:\Program Files\Microsoft Visual Studio\2022\Enterprise\Common7\IDE\Extensions\Microsoft\CodeCoverage.Console;C:\Program Files (x86)\Windows Kits\10\bin\10.0.26100.0\\x64;C:\Program Files (x86)\Windows Kits\10\bin\\x64;C:\Program Files\Microsoft Visual Studio\2022\Enterprise\\MSBuild\Current\Bin\amd64;C:\Windows\Microsoft.NET\Framework64\v4.0.30319;C:\Program Files\Microsoft Visual Studio\2022\Enterprise\Common7\IDE\;C:\Program Files\Microsoft Visual Studio\2022\Enterprise\Common7\Tools\;C:\Users\runneradmin\AppData\Roaming\Python\Python39\Scripts;C:\hostedtoolcache\windows\Python\3.9.13\x64\Scripts;C:\hostedtoolcache\windows\Python\3.9.13\x64;C:\Program Files\MongoDB\Server\5.0\bin;C:\aliyun-cli;C:\vcpkg;C:\Program Files (x86)\NSIS\;C:\tools\zstd;C:\Program Files\Mercurial\;C:\hostedtoolcache\windows\stack\3.5.1\x64;C:\cabal\bin;C:\\ghcup\bin;C:\mingw64\bin;C:\Program Files\dotnet;C:\Program Files\MySQL\MySQL Server 8.0\bin;C:\Program Files\R\R-4.4.2\bin\x64;C:\SeleniumWebDrivers\GeckoDriver;C:\SeleniumWebDrivers\EdgeDriver\;C:\SeleniumWebDrivers\ChromeDriver;C:\Program Files (x86)\sbt\bin;C:\Program Files (x86)\GitHub CLI;C:\Program Files\Git\bin;C:\Program Files (x86)\pipx_bin;C:\npm\prefix;C:\hostedtoolcache\windows\go\1.24.3\x64\bin;C:\hostedtoolcache\windows\Ruby\3.3.8\x64\bin;C:\Program Files\OpenSSL\bin;C:\tools\kotlinc\bin;C:\hostedtoolcache\windows\Java_Temurin-Hotspot_jdk\8.0.452-9\x64\bin;C:\Program Files\ImageMagick-7.1.1-Q16-HDRI;C:\Program Files\Microsoft SDKs\Azure\CLI2\wbin;C:\ProgramData\kind;C:\ProgramData\Chocolatey\bin;C:\Windows\system32;C:\Windows;C:\Windows\System32\Wbem;C:\Windows\System32\WindowsPowerShell\v1.0\;C:\Windows\System32\OpenSSH\;C:\Program Files\dotnet\;C:\Program Files\PowerShell\7\;C:\Program Files\Microsoft\Web Platform Installer\;C:\Program Files\TortoiseSVN\bin;C:\Program Files\Microsoft SQL Server\Client SDK\ODBC\170\Tools\Binn\;C:\Program Files\Microsoft SQL Server\150\Tools\Binn\;C:\Program Files (x86)\Windows Kits\10\Windows Performance Toolkit\;C:\Program Files (x86)\WiX Toolset v3.14\bin;C:\Program Files\Microsoft SQL Server\130\DTS\Binn\;C:\Program Files\Microsoft SQL Server\140\DTS\Binn\;C:\Program Files\Microsoft SQL Server\150\DTS\Binn\;C:\Program Files\Microsoft SQL Server\160\DTS\Binn\;C:\Strawberry\c\bin;C:\Strawberry\perl\site\bin;C:\Strawberry\perl\bin;C:\ProgramData\chocolatey\lib\pulumi\tools\Pulumi\bin;C:\Program Files\CMake\bin;C:\ProgramData\chocolatey\lib\maven\apache-maven-3.9.9\bin;C:\Program Files\Microsoft Service Fabric\bin\Fabric\Fabric.Code;C:\Program Files\Microsoft SDKs\Service Fabric\Tools\ServiceFabricLocalClusterManager;C:\Program Files\nodejs\;C:\Program Files\Git\cmd;C:\Program Files\Git\mingw64\bin;C:\Program Files\Git\usr\bin;C:\Program Files\GitHub CLI\;c:\tools\php;C:\Program Files\Amazon\AWSCLIV2\;C:\Program Files\Amazon\SessionManagerPlugin\bin\;C:\Program Files\Amazon\AWSSAMCLI\bin\;C:\Program Files\Microsoft SQL Server\130\Tools\Binn\;C:\Program Files\LLVM\bin;C:\Users\runneradmin\.dotnet\tools;C:\Users\runneradmin\.cargo\bin;C:\Users\runneradmin\AppData\Local\Microsoft\WindowsApps;C:\Program Files (x86)\Microsoft Visual Studio\Installer;C:\Program Files\Microsoft Visual Studio\2022\Enterprise\VC\Tools\Llvm\x64\bin;C:\Program Files\Microsoft Visual Studio\2022\Enterprise\Common7\IDE\CommonExtensions\Microsoft\CMake\CMake\bin;C:\Program Files\Microsoft Visual Studio\2022\Enterprise\Common7\IDE\CommonExtensions\Microsoft\CMake\Ninja;C:\Program Files\Microsoft Visual Studio\2022\Enterprise\Common7\IDE\VC\Linux\bin\ConnectionManagerExe;C:\Program Files\Microsoft Visual Studio\2022\Enterprise\VC\vcpkg
2025-06-23T20:05:34.7642891Z   Platform: x64
2025-06-23T20:05:34.7643071Z   UCRTVersion: 10.0.26100.0
2025-06-23T20:05:34.7643343Z   UniversalCRTSdkDir: C:\Program Files (x86)\Windows Kits\10\
2025-06-23T20:05:34.7643790Z   VCIDEInstallDir: C:\Program Files\Microsoft Visual Studio\2022\Enterprise\Common7\IDE\VC\
2025-06-23T20:05:34.7644283Z   VCINSTALLDIR: C:\Program Files\Microsoft Visual Studio\2022\Enterprise\VC\
2025-06-23T20:05:34.7644648Z   VCPKG_ROOT: D:\a\synthizer3d\synthizer3d\vcpkg
2025-06-23T20:05:34.7645085Z   VCToolsInstallDir: C:\Program Files\Microsoft Visual Studio\2022\Enterprise\VC\Tools\MSVC\14.43.34808\
2025-06-23T20:05:34.7645684Z   VCToolsRedistDir: C:\Program Files\Microsoft Visual Studio\2022\Enterprise\VC\Redist\MSVC\14.42.34433\
2025-06-23T20:05:34.7646382Z   VCToolsVersion: 14.43.34808
2025-06-23T20:05:34.7646589Z   VisualStudioVersion: 17.0
2025-06-23T20:05:34.7646932Z   VS170COMNTOOLS: C:\Program Files\Microsoft Visual Studio\2022\Enterprise\Common7\Tools\
2025-06-23T20:05:34.7647305Z   VSCMD_ARG_app_plat: Desktop
2025-06-23T20:05:34.7647505Z   VSCMD_ARG_HOST_ARCH: x64
2025-06-23T20:05:34.7647714Z   VSCMD_ARG_TGT_ARCH: x64
2025-06-23T20:05:34.7647885Z   VSCMD_VER: 17.13.2
2025-06-23T20:05:34.7648157Z   VSINSTALLDIR: C:\Program Files\Microsoft Visual Studio\2022\Enterprise\
2025-06-23T20:05:34.7648585Z   VSSDK150INSTALL: C:\Program Files\Microsoft Visual Studio\2022\Enterprise\VSSDK
2025-06-23T20:05:34.7649020Z   VSSDKINSTALL: C:\Program Files\Microsoft Visual Studio\2022\Enterprise\VSSDK
2025-06-23T20:05:34.7649621Z   WindowsLibPath: C:\Program Files (x86)\Windows Kits\10\UnionMetadata\10.0.26100.0;C:\Program Files (x86)\Windows Kits\10\References\10.0.26100.0
2025-06-23T20:05:34.7650189Z   WindowsSdkBinPath: C:\Program Files (x86)\Windows Kits\10\bin\
2025-06-23T20:05:34.7650524Z   WindowsSdkDir: C:\Program Files (x86)\Windows Kits\10\
2025-06-23T20:05:34.7650798Z   WindowsSDKLibVersion: 10.0.26100.0\
2025-06-23T20:05:34.7651129Z   WindowsSdkVerBinPath: C:\Program Files (x86)\Windows Kits\10\bin\10.0.26100.0\
2025-06-23T20:05:34.7651463Z   WindowsSDKVersion: 10.0.26100.0\
2025-06-23T20:05:34.7651862Z   WindowsSDK_ExecutablePath_x64: C:\Program Files (x86)\Microsoft SDKs\Windows\v10.0A\bin\NETFX 4.8 Tools\x64\
2025-06-23T20:05:34.7652451Z   WindowsSDK_ExecutablePath_x86: C:\Program Files (x86)\Microsoft SDKs\Windows\v10.0A\bin\NETFX 4.8 Tools\
2025-06-23T20:05:34.7652946Z   __DOTNET_ADD_64BIT: 1
2025-06-23T20:05:34.7653124Z   __DOTNET_PREFERRED_BITNESS: 64
2025-06-23T20:05:34.7661138Z   __VSCMD_PREINIT_PATH: C:\Users\runneradmin\AppData\Roaming\Python\Python39\Scripts;C:\hostedtoolcache\windows\Python\3.9.13\x64\Scripts;C:\hostedtoolcache\windows\Python\3.9.13\x64;C:\Program Files\MongoDB\Server\5.0\bin;C:\aliyun-cli;C:\vcpkg;C:\Program Files (x86)\NSIS\;C:\tools\zstd;C:\Program Files\Mercurial\;C:\hostedtoolcache\windows\stack\3.5.1\x64;C:\cabal\bin;C:\\ghcup\bin;C:\mingw64\bin;C:\Program Files\dotnet;C:\Program Files\MySQL\MySQL Server 8.0\bin;C:\Program Files\R\R-4.4.2\bin\x64;C:\SeleniumWebDrivers\GeckoDriver;C:\SeleniumWebDrivers\EdgeDriver\;C:\SeleniumWebDrivers\ChromeDriver;C:\Program Files (x86)\sbt\bin;C:\Program Files (x86)\GitHub CLI;C:\Program Files\Git\bin;C:\Program Files (x86)\pipx_bin;C:\npm\prefix;C:\hostedtoolcache\windows\go\1.24.3\x64\bin;C:\hostedtoolcache\windows\Python\3.9.13\x64\Scripts;C:\hostedtoolcache\windows\Python\3.9.13\x64;C:\hostedtoolcache\windows\Ruby\3.3.8\x64\bin;C:\Program Files\OpenSSL\bin;C:\tools\kotlinc\bin;C:\hostedtoolcache\windows\Java_Temurin-Hotspot_jdk\8.0.452-9\x64\bin;C:\Program Files\ImageMagick-7.1.1-Q16-HDRI;C:\Program Files\Microsoft SDKs\Azure\CLI2\wbin;C:\ProgramData\kind;C:\ProgramData\Chocolatey\bin;C:\Windows\system32;C:\Windows;C:\Windows\System32\Wbem;C:\Windows\System32\WindowsPowerShell\v1.0\;C:\Windows\System32\OpenSSH\;C:\Program Files\dotnet\;C:\Program Files\PowerShell\7\;C:\Program Files\Microsoft\Web Platform Installer\;C:\Program Files\TortoiseSVN\bin;C:\Program Files\Microsoft SQL Server\Client SDK\ODBC\170\Tools\Binn\;C:\Program Files\Microsoft SQL Server\150\Tools\Binn\;C:\Program Files (x86)\Windows Kits\10\Windows Performance Toolkit\;C:\Program Files (x86)\WiX Toolset v3.14\bin;C:\Program Files\Microsoft SQL Server\130\DTS\Binn\;C:\Program Files\Microsoft SQL Server\140\DTS\Binn\;C:\Program Files\Microsoft SQL Server\150\DTS\Binn\;C:\Program Files\Microsoft SQL Server\160\DTS\Binn\;C:\Strawberry\c\bin;C:\Strawberry\perl\site\bin;C:\Strawberry\perl\bin;C:\ProgramData\chocolatey\lib\pulumi\tools\Pulumi\bin;C:\Program Files\CMake\bin;C:\ProgramData\chocolatey\lib\maven\apache-maven-3.9.9\bin;C:\Program Files\Microsoft Service Fabric\bin\Fabric\Fabric.Code;C:\Program Files\Microsoft SDKs\Service Fabric\Tools\ServiceFabricLocalClusterManager;C:\Program Files\nodejs\;C:\Program Files\Git\cmd;C:\Program Files\Git\mingw64\bin;C:\Program Files\Git\usr\bin;C:\Program Files\GitHub CLI\;c:\tools\php;C:\Program Files (x86)\sbt\bin;C:\Program Files\Amazon\AWSCLIV2\;C:\Program Files\Amazon\SessionManagerPlugin\bin\;C:\Program Files\Amazon\AWSSAMCLI\bin\;C:\Program Files\Microsoft SQL Server\130\Tools\Binn\;C:\Program Files\LLVM\bin;C:\Users\runneradmin\.dotnet\tools;C:\Users\runneradmin\.cargo\bin;C:\Users\runneradmin\AppData\Local\Microsoft\WindowsApps;C:\Program Files (x86)\Microsoft Visual Studio\Installer
2025-06-23T20:05:34.7669424Z   VCPKG_DEFAULT_BINARY_CACHE: D:/a/synthizer3d/synthizer3d/969f6665-88a2-4c98-938e-ca9259871fec/vcpkg_cache
2025-06-23T20:05:34.7669873Z   VCPKG_BINARY_SOURCES: clear;x-gha,readwrite
2025-06-23T20:05:34.7670433Z   ACTIONS_CACHE_URL: https://acghubeus2.actions.githubusercontent.com/bwbzopuV3oKlbowlUKWdOnf6KF0vjv7EYqCB3ZHqukKhTVgy74/
2025-06-23T20:05:34.7707105Z   ACTIONS_RUNTIME_TOKEN: ***
2025-06-23T20:05:34.7707373Z   RUNVCPKG_VCPKG_ROOT: D:\a\synthizer3d\synthizer3d\vcpkg
2025-06-23T20:05:34.7707753Z   CMAKE_PREFIX_PATH: D:\a\synthizer3d\synthizer3d\vcpkg_installed\x64-windows
2025-06-23T20:05:34.7708066Z ##[endgroup]
2025-06-23T20:05:35.8937221Z Requirement already satisfied: pip in c:\hostedtoolcache\windows\python\3.9.13\x64\lib\site-packages (25.1.1)
2025-06-23T20:05:37.0555173Z Collecting ninja
2025-06-23T20:05:37.0583928Z   Using cached ninja-1.11.1.4-py3-none-win_amd64.whl.metadata (5.0 kB)
2025-06-23T20:05:37.2058955Z Collecting cmake
2025-06-23T20:05:37.2088322Z   Using cached cmake-4.0.3-py3-none-win_amd64.whl.metadata (6.3 kB)
2025-06-23T20:05:37.2423553Z Collecting wheel
2025-06-23T20:05:37.2451166Z   Using cached wheel-0.45.1-py3-none-any.whl.metadata (2.3 kB)
2025-06-23T20:05:37.2474139Z Requirement already satisfied: tomli in c:\hostedtoolcache\windows\python\3.9.13\x64\lib\site-packages (2.2.1)
2025-06-23T20:05:37.2478621Z Requirement already satisfied: setuptools in c:\hostedtoolcache\windows\python\3.9.13\x64\lib\site-packages (58.1.0)
2025-06-23T20:05:37.2483088Z Requirement already satisfied: packaging in c:\hostedtoolcache\windows\python\3.9.13\x64\lib\site-packages (25.0)
2025-06-23T20:05:37.2810247Z Collecting distro
2025-06-23T20:05:37.2838619Z   Using cached distro-1.9.0-py3-none-any.whl.metadata (6.8 kB)
2025-06-23T20:05:37.3152577Z Collecting scikit-build
2025-06-23T20:05:37.3179680Z   Using cached scikit_build-0.18.1-py3-none-any.whl.metadata (18 kB)
2025-06-23T20:05:37.5645984Z Collecting cython
2025-06-23T20:05:37.5676021Z   Using cached cython-3.1.2-cp39-cp39-win_amd64.whl.metadata (6.0 kB)
2025-06-23T20:05:37.5896371Z Collecting build
2025-06-23T20:05:37.5923051Z   Using cached build-1.2.2.post1-py3-none-any.whl.metadata (6.5 kB)
2025-06-23T20:05:37.6324221Z Collecting delvewheel
2025-06-23T20:05:37.6351347Z   Using cached delvewheel-1.10.1-py3-none-any.whl.metadata (17 kB)
2025-06-23T20:05:37.6676712Z Collecting pyproject_hooks (from build)
2025-06-23T20:05:37.6703447Z   Using cached pyproject_hooks-1.2.0-py3-none-any.whl.metadata (1.3 kB)
2025-06-23T20:05:37.6722335Z Requirement already satisfied: colorama in c:\hostedtoolcache\windows\python\3.9.13\x64\lib\site-packages (from build) (0.4.6)
2025-06-23T20:05:37.7118707Z Collecting importlib-metadata>=4.6 (from build)
2025-06-23T20:05:37.7147003Z   Using cached importlib_metadata-8.7.0-py3-none-any.whl.metadata (4.8 kB)
2025-06-23T20:05:37.7432720Z Collecting pefile>=2024.8.26 (from delvewheel)
2025-06-23T20:05:37.7460421Z   Using cached pefile-2024.8.26-py3-none-any.whl.metadata (1.4 kB)
2025-06-23T20:05:37.7774303Z Collecting zipp>=3.20 (from importlib-metadata>=4.6->build)
2025-06-23T20:05:37.7801778Z   Using cached zipp-3.23.0-py3-none-any.whl.metadata (3.6 kB)
2025-06-23T20:05:37.7922881Z Using cached ninja-1.11.1.4-py3-none-win_amd64.whl (296 kB)
2025-06-23T20:05:37.7950070Z Using cached cmake-4.0.3-py3-none-win_amd64.whl (36.9 MB)
2025-06-23T20:05:37.8189055Z Using cached wheel-0.45.1-py3-none-any.whl (72 kB)
2025-06-23T20:05:37.8215453Z Using cached distro-1.9.0-py3-none-any.whl (20 kB)
2025-06-23T20:05:37.8240126Z Using cached scikit_build-0.18.1-py3-none-any.whl (85 kB)
2025-06-23T20:05:37.8264662Z Using cached cython-3.1.2-cp39-cp39-win_amd64.whl (2.7 MB)
2025-06-23T20:05:37.8303447Z Using cached build-1.2.2.post1-py3-none-any.whl (22 kB)
2025-06-23T20:05:37.8327666Z Using cached delvewheel-1.10.1-py3-none-any.whl (58 kB)
2025-06-23T20:05:37.8352130Z Using cached importlib_metadata-8.7.0-py3-none-any.whl (27 kB)
2025-06-23T20:05:37.8376091Z Using cached pefile-2024.8.26-py3-none-any.whl (74 kB)
2025-06-23T20:05:37.8400337Z Using cached zipp-3.23.0-py3-none-any.whl (10 kB)
2025-06-23T20:05:37.8424316Z Using cached pyproject_hooks-1.2.0-py3-none-any.whl (10 kB)
2025-06-23T20:05:38.1059765Z Installing collected packages: zipp, wheel, pyproject_hooks, pefile, ninja, distro, cython, cmake, scikit-build, importlib-metadata, delvewheel, build
2025-06-23T20:05:49.8329346Z 
2025-06-23T20:05:49.8407210Z Successfully installed build-1.2.2.post1 cmake-4.0.3 cython-3.1.2 delvewheel-1.10.1 distro-1.9.0 importlib-metadata-8.7.0 ninja-1.11.1.4 pefile-2024.8.26 pyproject_hooks-1.2.0 scikit-build-0.18.1 wheel-0.45.1 zipp-3.23.0
2025-06-23T20:05:50.0179507Z ##[group]Run Set-Location $Env:GITHUB_WORKSPACE
2025-06-23T20:05:50.0179926Z [36;1mSet-Location $Env:GITHUB_WORKSPACE[0m
2025-06-23T20:05:50.0180196Z [36;1mWrite-Host "Arch: x64"[0m
2025-06-23T20:05:50.0180543Z [36;1mWrite-Host "Current CMAKE_PREFIX_PATH for build is: $env:CMAKE_PREFIX_PATH"[0m
2025-06-23T20:05:50.0181108Z [36;1mWrite-Host "EFFECTIVE_VCPKG_INSTALLED_DIR_BASE for build is: $env:EFFECTIVE_VCPKG_INSTALLED_DIR_BASE"[0m
2025-06-23T20:05:50.0182009Z [36;1mWrite-Host "Synthizer expects vcpkg path (for debug/verification): $env:SYNTHIZER_EXPECTED_VCPKG_PATH_FOR_DEBUG"[0m
2025-06-23T20:05:50.0182536Z [36;1mpython -m build --wheel --no-isolation[0m
2025-06-23T20:05:50.0214024Z shell: C:\Windows\System32\WindowsPowerShell\v1.0\powershell.EXE -command ". '{0}'"
2025-06-23T20:05:50.0214404Z env:
2025-06-23T20:05:50.0214560Z   PYVERSION: 3.9
2025-06-23T20:05:50.0214733Z   CI_ARCH_LOWER: x64
2025-06-23T20:05:50.0214897Z   CI_WINDOWS: 1
2025-06-23T20:05:50.0215095Z   CI_ARCH_ENV: x64
2025-06-23T20:05:50.0215276Z   VCPKG_DEFAULT_TRIPLET: x64-windows
2025-06-23T20:05:50.0215635Z   EFFECTIVE_VCPKG_INSTALLED_DIR_BASE: D:\a\synthizer3d\synthizer3d\vcpkg_installed
2025-06-23T20:05:50.0216065Z   pythonLocation: C:\hostedtoolcache\windows\Python\3.9.13\x64
2025-06-23T20:05:50.0216464Z   PKG_CONFIG_PATH: C:\hostedtoolcache\windows\Python\3.9.13\x64/lib/pkgconfig
2025-06-23T20:05:50.0216862Z   Python_ROOT_DIR: C:\hostedtoolcache\windows\Python\3.9.13\x64
2025-06-23T20:05:50.0217218Z   Python2_ROOT_DIR: C:\hostedtoolcache\windows\Python\3.9.13\x64
2025-06-23T20:05:50.0217579Z   Python3_ROOT_DIR: C:\hostedtoolcache\windows\Python\3.9.13\x64
2025-06-23T20:05:50.0217920Z   CommandPromptType: Native
2025-06-23T20:05:50.0218253Z   DevEnvDir: C:\Program Files\Microsoft Visual Studio\2022\Enterprise\Common7\IDE\
2025-06-23T20:05:50.0218730Z   ExtensionSdkDir: C:\Program Files (x86)\Microsoft SDKs\Windows Kits\10\ExtensionSDKs
2025-06-23T20:05:50.0220767Z   EXTERNAL_INCLUDE: C:\Program Files\Microsoft Visual Studio\2022\Enterprise\VC\Tools\MSVC\14.43.34808\include;C:\Program Files\Microsoft Visual Studio\2022\Enterprise\VC\Tools\MSVC\14.43.34808\ATLMFC\include;C:\Program Files\Microsoft Visual Studio\2022\Enterprise\VC\Auxiliary\VS\include;C:\Program Files (x86)\Windows Kits\10\include\10.0.26100.0\ucrt;C:\Program Files (x86)\Windows Kits\10\\include\10.0.26100.0\\um;C:\Program Files (x86)\Windows Kits\10\\include\10.0.26100.0\\shared;C:\Program Files (x86)\Windows Kits\10\\include\10.0.26100.0\\winrt;C:\Program Files (x86)\Windows Kits\10\\include\10.0.26100.0\\cppwinrt;C:\Program Files (x86)\Windows Kits\NETFXSDK\4.8\include\um
2025-06-23T20:05:50.0222680Z   Framework40Version: v4.0
2025-06-23T20:05:50.0222929Z   FrameworkDir: C:\Windows\Microsoft.NET\Framework64\
2025-06-23T20:05:50.0223251Z   FrameworkDir64: C:\Windows\Microsoft.NET\Framework64\
2025-06-23T20:05:50.0223517Z   FrameworkVersion: v4.0.30319
2025-06-23T20:05:50.0223738Z   FrameworkVersion64: v4.0.30319
2025-06-23T20:05:50.0224226Z   FSHARPINSTALLDIR: C:\Program Files\Microsoft Visual Studio\2022\Enterprise\Common7\IDE\CommonExtensions\Microsoft\FSharp\Tools
2025-06-23T20:05:50.0224769Z   HTMLHelpDir: C:\Program Files (x86)\HTML Help Workshop
2025-06-23T20:05:50.0225201Z   IFCPATH: C:\Program Files\Microsoft Visual Studio\2022\Enterprise\VC\Tools\MSVC\14.43.34808\ifc\x64
2025-06-23T20:05:50.0229016Z   INCLUDE: C:\Program Files\Microsoft Visual Studio\2022\Enterprise\VC\Tools\MSVC\14.43.34808\include;C:\Program Files\Microsoft Visual Studio\2022\Enterprise\VC\Tools\MSVC\14.43.34808\ATLMFC\include;C:\Program Files\Microsoft Visual Studio\2022\Enterprise\VC\Auxiliary\VS\include;C:\Program Files (x86)\Windows Kits\10\include\10.0.26100.0\ucrt;C:\Program Files (x86)\Windows Kits\10\\include\10.0.26100.0\\um;C:\Program Files (x86)\Windows Kits\10\\include\10.0.26100.0\\shared;C:\Program Files (x86)\Windows Kits\10\\include\10.0.26100.0\\winrt;C:\Program Files (x86)\Windows Kits\10\\include\10.0.26100.0\\cppwinrt;C:\Program Files (x86)\Windows Kits\NETFXSDK\4.8\include\um
2025-06-23T20:05:50.0230963Z   is_x64_arch: true
2025-06-23T20:05:50.0232015Z   LIB: C:\Program Files\Microsoft Visual Studio\2022\Enterprise\VC\Tools\MSVC\14.43.34808\ATLMFC\lib\x64;C:\Program Files\Microsoft Visual Studio\2022\Enterprise\VC\Tools\MSVC\14.43.34808\lib\x64;C:\Program Files (x86)\Windows Kits\NETFXSDK\4.8\lib\um\x64;C:\Program Files (x86)\Windows Kits\10\lib\10.0.26100.0\ucrt\x64;C:\Program Files (x86)\Windows Kits\10\\lib\10.0.26100.0\\um\x64
2025-06-23T20:05:50.0234412Z   LIBPATH: C:\Program Files\Microsoft Visual Studio\2022\Enterprise\VC\Tools\MSVC\14.43.34808\ATLMFC\lib\x64;C:\Program Files\Microsoft Visual Studio\2022\Enterprise\VC\Tools\MSVC\14.43.34808\lib\x64;C:\Program Files\Microsoft Visual Studio\2022\Enterprise\VC\Tools\MSVC\14.43.34808\lib\x86\store\references;C:\Program Files (x86)\Windows Kits\10\UnionMetadata\10.0.26100.0;C:\Program Files (x86)\Windows Kits\10\References\10.0.26100.0;C:\Windows\Microsoft.NET\Framework64\v4.0.30319
2025-06-23T20:05:50.0235920Z   NETFXSDKDir: C:\Program Files (x86)\Windows Kits\NETFXSDK\4.8\
2025-06-23T20:05:50.0249331Z   Path: C:\Program Files\Microsoft Visual Studio\2022\Enterprise\VC\Tools\MSVC\14.43.34808\bin\HostX64\x64;C:\Program Files\Microsoft Visual Studio\2022\Enterprise\Common7\IDE\VC\VCPackages;C:\Program Files\Microsoft Visual Studio\2022\Enterprise\Common7\IDE\CommonExtensions\Microsoft\TestWindow;C:\Program Files\Microsoft Visual Studio\2022\Enterprise\Common7\IDE\CommonExtensions\Microsoft\TeamFoundation\Team Explorer;C:\Program Files\Microsoft Visual Studio\2022\Enterprise\MSBuild\Current\bin\Roslyn;C:\Program Files (x86)\Microsoft SDKs\Windows\v10.0A\bin\NETFX 4.8 Tools\x64\;C:\Program Files (x86)\HTML Help Workshop;C:\Program Files\Microsoft Visual Studio\2022\Enterprise\Common7\IDE\CommonExtensions\Microsoft\FSharp\Tools;C:\Program Files\Microsoft Visual Studio\2022\Enterprise\Team Tools\DiagnosticsHub\Collector;C:\Program Files\Microsoft Visual Studio\2022\Enterprise\Common7\IDE\Extensions\Microsoft\CodeCoverage.Console;C:\Program Files (x86)\Windows Kits\10\bin\10.0.26100.0\\x64;C:\Program Files (x86)\Windows Kits\10\bin\\x64;C:\Program Files\Microsoft Visual Studio\2022\Enterprise\\MSBuild\Current\Bin\amd64;C:\Windows\Microsoft.NET\Framework64\v4.0.30319;C:\Program Files\Microsoft Visual Studio\2022\Enterprise\Common7\IDE\;C:\Program Files\Microsoft Visual Studio\2022\Enterprise\Common7\Tools\;C:\Users\runneradmin\AppData\Roaming\Python\Python39\Scripts;C:\hostedtoolcache\windows\Python\3.9.13\x64\Scripts;C:\hostedtoolcache\windows\Python\3.9.13\x64;C:\Program Files\MongoDB\Server\5.0\bin;C:\aliyun-cli;C:\vcpkg;C:\Program Files (x86)\NSIS\;C:\tools\zstd;C:\Program Files\Mercurial\;C:\hostedtoolcache\windows\stack\3.5.1\x64;C:\cabal\bin;C:\\ghcup\bin;C:\mingw64\bin;C:\Program Files\dotnet;C:\Program Files\MySQL\MySQL Server 8.0\bin;C:\Program Files\R\R-4.4.2\bin\x64;C:\SeleniumWebDrivers\GeckoDriver;C:\SeleniumWebDrivers\EdgeDriver\;C:\SeleniumWebDrivers\ChromeDriver;C:\Program Files (x86)\sbt\bin;C:\Program Files (x86)\GitHub CLI;C:\Program Files\Git\bin;C:\Program Files (x86)\pipx_bin;C:\npm\prefix;C:\hostedtoolcache\windows\go\1.24.3\x64\bin;C:\hostedtoolcache\windows\Ruby\3.3.8\x64\bin;C:\Program Files\OpenSSL\bin;C:\tools\kotlinc\bin;C:\hostedtoolcache\windows\Java_Temurin-Hotspot_jdk\8.0.452-9\x64\bin;C:\Program Files\ImageMagick-7.1.1-Q16-HDRI;C:\Program Files\Microsoft SDKs\Azure\CLI2\wbin;C:\ProgramData\kind;C:\ProgramData\Chocolatey\bin;C:\Windows\system32;C:\Windows;C:\Windows\System32\Wbem;C:\Windows\System32\WindowsPowerShell\v1.0\;C:\Windows\System32\OpenSSH\;C:\Program Files\dotnet\;C:\Program Files\PowerShell\7\;C:\Program Files\Microsoft\Web Platform Installer\;C:\Program Files\TortoiseSVN\bin;C:\Program Files\Microsoft SQL Server\Client SDK\ODBC\170\Tools\Binn\;C:\Program Files\Microsoft SQL Server\150\Tools\Binn\;C:\Program Files (x86)\Windows Kits\10\Windows Performance Toolkit\;C:\Program Files (x86)\WiX Toolset v3.14\bin;C:\Program Files\Microsoft SQL Server\130\DTS\Binn\;C:\Program Files\Microsoft SQL Server\140\DTS\Binn\;C:\Program Files\Microsoft SQL Server\150\DTS\Binn\;C:\Program Files\Microsoft SQL Server\160\DTS\Binn\;C:\Strawberry\c\bin;C:\Strawberry\perl\site\bin;C:\Strawberry\perl\bin;C:\ProgramData\chocolatey\lib\pulumi\tools\Pulumi\bin;C:\Program Files\CMake\bin;C:\ProgramData\chocolatey\lib\maven\apache-maven-3.9.9\bin;C:\Program Files\Microsoft Service Fabric\bin\Fabric\Fabric.Code;C:\Program Files\Microsoft SDKs\Service Fabric\Tools\ServiceFabricLocalClusterManager;C:\Program Files\nodejs\;C:\Program Files\Git\cmd;C:\Program Files\Git\mingw64\bin;C:\Program Files\Git\usr\bin;C:\Program Files\GitHub CLI\;c:\tools\php;C:\Program Files\Amazon\AWSCLIV2\;C:\Program Files\Amazon\SessionManagerPlugin\bin\;C:\Program Files\Amazon\AWSSAMCLI\bin\;C:\Program Files\Microsoft SQL Server\130\Tools\Binn\;C:\Program Files\LLVM\bin;C:\Users\runneradmin\.dotnet\tools;C:\Users\runneradmin\.cargo\bin;C:\Users\runneradmin\AppData\Local\Microsoft\WindowsApps;C:\Program Files (x86)\Microsoft Visual Studio\Installer;C:\Program Files\Microsoft Visual Studio\2022\Enterprise\VC\Tools\Llvm\x64\bin;C:\Program Files\Microsoft Visual Studio\2022\Enterprise\Common7\IDE\CommonExtensions\Microsoft\CMake\CMake\bin;C:\Program Files\Microsoft Visual Studio\2022\Enterprise\Common7\IDE\CommonExtensions\Microsoft\CMake\Ninja;C:\Program Files\Microsoft Visual Studio\2022\Enterprise\Common7\IDE\VC\Linux\bin\ConnectionManagerExe;C:\Program Files\Microsoft Visual Studio\2022\Enterprise\VC\vcpkg
2025-06-23T20:05:50.0262791Z   Platform: x64
2025-06-23T20:05:50.0262972Z   UCRTVersion: 10.0.26100.0
2025-06-23T20:05:50.0263257Z   UniversalCRTSdkDir: C:\Program Files (x86)\Windows Kits\10\
2025-06-23T20:05:50.0263712Z   VCIDEInstallDir: C:\Program Files\Microsoft Visual Studio\2022\Enterprise\Common7\IDE\VC\
2025-06-23T20:05:50.0264186Z   VCINSTALLDIR: C:\Program Files\Microsoft Visual Studio\2022\Enterprise\VC\
2025-06-23T20:05:50.0264553Z   VCPKG_ROOT: D:\a\synthizer3d\synthizer3d\vcpkg
2025-06-23T20:05:50.0264998Z   VCToolsInstallDir: C:\Program Files\Microsoft Visual Studio\2022\Enterprise\VC\Tools\MSVC\14.43.34808\
2025-06-23T20:05:50.0265585Z   VCToolsRedistDir: C:\Program Files\Microsoft Visual Studio\2022\Enterprise\VC\Redist\MSVC\14.42.34433\
2025-06-23T20:05:50.0265995Z   VCToolsVersion: 14.43.34808
2025-06-23T20:05:50.0266218Z   VisualStudioVersion: 17.0
2025-06-23T20:05:50.0266556Z   VS170COMNTOOLS: C:\Program Files\Microsoft Visual Studio\2022\Enterprise\Common7\Tools\
2025-06-23T20:05:50.0266931Z   VSCMD_ARG_app_plat: Desktop
2025-06-23T20:05:50.0267126Z   VSCMD_ARG_HOST_ARCH: x64
2025-06-23T20:05:50.0267314Z   VSCMD_ARG_TGT_ARCH: x64
2025-06-23T20:05:50.0267487Z   VSCMD_VER: 17.13.2
2025-06-23T20:05:50.0267762Z   VSINSTALLDIR: C:\Program Files\Microsoft Visual Studio\2022\Enterprise\
2025-06-23T20:05:50.0268195Z   VSSDK150INSTALL: C:\Program Files\Microsoft Visual Studio\2022\Enterprise\VSSDK
2025-06-23T20:05:50.0268663Z   VSSDKINSTALL: C:\Program Files\Microsoft Visual Studio\2022\Enterprise\VSSDK
2025-06-23T20:05:50.0269277Z   WindowsLibPath: C:\Program Files (x86)\Windows Kits\10\UnionMetadata\10.0.26100.0;C:\Program Files (x86)\Windows Kits\10\References\10.0.26100.0
2025-06-23T20:05:50.0269861Z   WindowsSdkBinPath: C:\Program Files (x86)\Windows Kits\10\bin\
2025-06-23T20:05:50.0270212Z   WindowsSdkDir: C:\Program Files (x86)\Windows Kits\10\
2025-06-23T20:05:50.0270500Z   WindowsSDKLibVersion: 10.0.26100.0\
2025-06-23T20:05:50.0270827Z   WindowsSdkVerBinPath: C:\Program Files (x86)\Windows Kits\10\bin\10.0.26100.0\
2025-06-23T20:05:50.0271172Z   WindowsSDKVersion: 10.0.26100.0\
2025-06-23T20:05:50.0271584Z   WindowsSDK_ExecutablePath_x64: C:\Program Files (x86)\Microsoft SDKs\Windows\v10.0A\bin\NETFX 4.8 Tools\x64\
2025-06-23T20:05:50.0272189Z   WindowsSDK_ExecutablePath_x86: C:\Program Files (x86)\Microsoft SDKs\Windows\v10.0A\bin\NETFX 4.8 Tools\
2025-06-23T20:05:50.0272581Z   __DOTNET_ADD_64BIT: 1
2025-06-23T20:05:50.0272881Z   __DOTNET_PREFERRED_BITNESS: 64
2025-06-23T20:05:50.0280829Z   __VSCMD_PREINIT_PATH: C:\Users\runneradmin\AppData\Roaming\Python\Python39\Scripts;C:\hostedtoolcache\windows\Python\3.9.13\x64\Scripts;C:\hostedtoolcache\windows\Python\3.9.13\x64;C:\Program Files\MongoDB\Server\5.0\bin;C:\aliyun-cli;C:\vcpkg;C:\Program Files (x86)\NSIS\;C:\tools\zstd;C:\Program Files\Mercurial\;C:\hostedtoolcache\windows\stack\3.5.1\x64;C:\cabal\bin;C:\\ghcup\bin;C:\mingw64\bin;C:\Program Files\dotnet;C:\Program Files\MySQL\MySQL Server 8.0\bin;C:\Program Files\R\R-4.4.2\bin\x64;C:\SeleniumWebDrivers\GeckoDriver;C:\SeleniumWebDrivers\EdgeDriver\;C:\SeleniumWebDrivers\ChromeDriver;C:\Program Files (x86)\sbt\bin;C:\Program Files (x86)\GitHub CLI;C:\Program Files\Git\bin;C:\Program Files (x86)\pipx_bin;C:\npm\prefix;C:\hostedtoolcache\windows\go\1.24.3\x64\bin;C:\hostedtoolcache\windows\Python\3.9.13\x64\Scripts;C:\hostedtoolcache\windows\Python\3.9.13\x64;C:\hostedtoolcache\windows\Ruby\3.3.8\x64\bin;C:\Program Files\OpenSSL\bin;C:\tools\kotlinc\bin;C:\hostedtoolcache\windows\Java_Temurin-Hotspot_jdk\8.0.452-9\x64\bin;C:\Program Files\ImageMagick-7.1.1-Q16-HDRI;C:\Program Files\Microsoft SDKs\Azure\CLI2\wbin;C:\ProgramData\kind;C:\ProgramData\Chocolatey\bin;C:\Windows\system32;C:\Windows;C:\Windows\System32\Wbem;C:\Windows\System32\WindowsPowerShell\v1.0\;C:\Windows\System32\OpenSSH\;C:\Program Files\dotnet\;C:\Program Files\PowerShell\7\;C:\Program Files\Microsoft\Web Platform Installer\;C:\Program Files\TortoiseSVN\bin;C:\Program Files\Microsoft SQL Server\Client SDK\ODBC\170\Tools\Binn\;C:\Program Files\Microsoft SQL Server\150\Tools\Binn\;C:\Program Files (x86)\Windows Kits\10\Windows Performance Toolkit\;C:\Program Files (x86)\WiX Toolset v3.14\bin;C:\Program Files\Microsoft SQL Server\130\DTS\Binn\;C:\Program Files\Microsoft SQL Server\140\DTS\Binn\;C:\Program Files\Microsoft SQL Server\150\DTS\Binn\;C:\Program Files\Microsoft SQL Server\160\DTS\Binn\;C:\Strawberry\c\bin;C:\Strawberry\perl\site\bin;C:\Strawberry\perl\bin;C:\ProgramData\chocolatey\lib\pulumi\tools\Pulumi\bin;C:\Program Files\CMake\bin;C:\ProgramData\chocolatey\lib\maven\apache-maven-3.9.9\bin;C:\Program Files\Microsoft Service Fabric\bin\Fabric\Fabric.Code;C:\Program Files\Microsoft SDKs\Service Fabric\Tools\ServiceFabricLocalClusterManager;C:\Program Files\nodejs\;C:\Program Files\Git\cmd;C:\Program Files\Git\mingw64\bin;C:\Program Files\Git\usr\bin;C:\Program Files\GitHub CLI\;c:\tools\php;C:\Program Files (x86)\sbt\bin;C:\Program Files\Amazon\AWSCLIV2\;C:\Program Files\Amazon\SessionManagerPlugin\bin\;C:\Program Files\Amazon\AWSSAMCLI\bin\;C:\Program Files\Microsoft SQL Server\130\Tools\Binn\;C:\Program Files\LLVM\bin;C:\Users\runneradmin\.dotnet\tools;C:\Users\runneradmin\.cargo\bin;C:\Users\runneradmin\AppData\Local\Microsoft\WindowsApps;C:\Program Files (x86)\Microsoft Visual Studio\Installer
2025-06-23T20:05:50.0289201Z   VCPKG_DEFAULT_BINARY_CACHE: D:/a/synthizer3d/synthizer3d/969f6665-88a2-4c98-938e-ca9259871fec/vcpkg_cache
2025-06-23T20:05:50.0289661Z   VCPKG_BINARY_SOURCES: clear;x-gha,readwrite
2025-06-23T20:05:50.0290211Z   ACTIONS_CACHE_URL: https://acghubeus2.actions.githubusercontent.com/bwbzopuV3oKlbowlUKWdOnf6KF0vjv7EYqCB3ZHqukKhTVgy74/
2025-06-23T20:05:50.0326660Z   ACTIONS_RUNTIME_TOKEN: ***
2025-06-23T20:05:50.0326934Z   RUNVCPKG_VCPKG_ROOT: D:\a\synthizer3d\synthizer3d\vcpkg
2025-06-23T20:05:50.0327318Z   CMAKE_PREFIX_PATH: D:\a\synthizer3d\synthizer3d\vcpkg_installed\x64-windows
2025-06-23T20:05:50.0327816Z   SYNTHIZER_EXPECTED_VCPKG_PATH_FOR_DEBUG: D:\a\synthizer3d\synthizer3d\vcpkg_installed\x64-windows
2025-06-23T20:05:50.0328202Z ##[endgroup]
2025-06-23T20:05:50.3370515Z Arch: x64
2025-06-23T20:05:50.3388725Z Current CMAKE_PREFIX_PATH for build is: D:\a\synthizer3d\synthizer3d\vcpkg_installed\x64-windows
2025-06-23T20:05:50.3396273Z EFFECTIVE_VCPKG_INSTALLED_DIR_BASE for build is: D:\a\synthizer3d\synthizer3d\vcpkg_installed
2025-06-23T20:05:50.3404293Z Synthizer expects vcpkg path (for debug/verification): D:\a\synthizer3d\synthizer3d\vcpkg_installed\x64-windows
2025-06-23T20:05:50.7595234Z * Getting build dependencies for wheel...
2025-06-23T20:05:56.0350927Z Set VCPKG_INSTALLED_PATH to D:\a\synthizer3d\synthizer3d\vcpkg_installed\x64-windows
2025-06-23T20:05:56.0351394Z 
2025-06-23T20:05:56.0351402Z 
2025-06-23T20:05:56.0351687Z --------------------------------------------------------------------------------
2025-06-23T20:05:56.0352400Z -- Trying 'Ninja (Visual Studio 17 2022 x64 v144)' generator
2025-06-23T20:05:56.0352747Z --------------------------------
2025-06-23T20:05:56.0352999Z ---------------------------
2025-06-23T20:05:56.0353218Z ----------------------
2025-06-23T20:05:56.0353410Z -----------------
2025-06-23T20:05:56.0353575Z ------------
2025-06-23T20:05:56.0353730Z -------
2025-06-23T20:05:56.0353865Z --
2025-06-23T20:05:56.0485384Z Not searching for unused variables given on the command line.
2025-06-23T20:05:56.1515194Z CMake Deprecation Warning at CMakeLists.txt:1 (cmake_minimum_required):
2025-06-23T20:05:56.1516022Z   Compatibility with CMake < 3.10 will be removed from a future version of
2025-06-23T20:05:56.1516440Z   CMake.
2025-06-23T20:05:56.1516548Z 
2025-06-23T20:05:56.1516895Z   Update the VERSION argument <min> value.  Or, use the <min>...<max> syntax
2025-06-23T20:05:56.1517546Z   to tell CMake that the project requires at least <min> but has been updated
2025-06-23T20:05:56.1518130Z   to work with policies introduced by <max> or earlier.
2025-06-23T20:05:56.1518377Z 
2025-06-23T20:05:56.1518384Z 
2025-06-23T20:05:58.9667828Z -- The C compiler identification is MSVC 19.43.34808.0
2025-06-23T20:05:59.0516844Z -- Detecting C compiler ABI info
2025-06-23T20:06:01.3882810Z -- Detecting C compiler ABI info - done
2025-06-23T20:06:01.4226018Z -- Check for working C compiler: C:/Program Files/Microsoft Visual Studio/2022/Enterprise/VC/Tools/MSVC/14.43.34808/bin/Hostx86/x64/cl.exe - skipped
2025-06-23T20:06:01.4230011Z -- Detecting C compile features
2025-06-23T20:06:01.4236224Z -- Detecting C compile features - done
2025-06-23T20:06:04.1116780Z -- The CXX compiler identification is MSVC 19.43.34808.0
2025-06-23T20:06:04.1201443Z -- Detecting CXX compiler ABI info
2025-06-23T20:06:04.8209808Z -- Detecting CXX compiler ABI info - done
2025-06-23T20:06:04.8342578Z -- Check for working CXX compiler: C:/Program Files/Microsoft Visual Studio/2022/Enterprise/VC/Tools/MSVC/14.43.34808/bin/Hostx86/x64/cl.exe - skipped
2025-06-23T20:06:04.8346990Z -- Detecting CXX compile features
2025-06-23T20:06:04.8358865Z -- Detecting CXX compile features - done
2025-06-23T20:06:04.8387776Z -- Configuring done (8.8s)
2025-06-23T20:06:04.8540455Z -- Generating done (0.0s)
2025-06-23T20:06:04.8548669Z -- Build files have been written to: D:/a/synthizer3d/synthizer3d/_cmake_test_compile/build
2025-06-23T20:06:04.8611513Z --
2025-06-23T20:06:04.8611792Z -------
2025-06-23T20:06:04.8612047Z ------------
2025-06-23T20:06:04.8612373Z -----------------
2025-06-23T20:06:04.8612744Z ----------------------
2025-06-23T20:06:04.8613183Z ---------------------------
2025-06-23T20:06:04.8613629Z --------------------------------
2025-06-23T20:06:04.8614335Z -- Trying 'Ninja (Visual Studio 17 2022 x64 v144)' generator - success
2025-06-23T20:06:04.8615266Z --------------------------------------------------------------------------------
2025-06-23T20:06:04.8615689Z 
2025-06-23T20:06:04.9391709Z Configuring Project
2025-06-23T20:06:04.9392199Z   Working directory:
2025-06-23T20:06:04.9392858Z     D:\a\synthizer3d\synthizer3d\_skbuild\win-amd64-3.9\cmake-build
2025-06-23T20:06:04.9393409Z   Command:
2025-06-23T20:06:04.9408615Z     'C:\hostedtoolcache\windows\Python\3.9.13\x64\Lib\site-packages\cmake\data\bin/cmake.exe' 'D:\a\synthizer3d\synthizer3d\synthizer-vendored' -G Ninja '-DCMAKE_MAKE_PROGRAM:FILEPATH=C:\hostedtoolcache\windows\Python\3.9.13\x64\Scripts\ninja' -D_SKBUILD_FORCE_MSVC=1930 --no-warn-unused-cli '-DCMAKE_INSTALL_PREFIX:PATH=D:\a\synthizer3d\synthizer3d\_skbuild\win-amd64-3.9\cmake-install' -DPYTHON_VERSION_STRING:STRING=3.9.13 -DSKBUILD:INTERNAL=TRUE '-DCMAKE_MODULE_PATH:PATH=C:\hostedtoolcache\windows\Python\3.9.13\x64\lib\site-packages\skbuild\resources\cmake' '-DPYTHON_EXECUTABLE:PATH=C:\hostedtoolcache\windows\Python\3.9.13\x64\python.exe' '-DPYTHON_INCLUDE_DIR:PATH=C:\hostedtoolcache\windows\Python\3.9.13\x64\Include' '-DPYTHON_LIBRARY:PATH=C:\hostedtoolcache\windows\Python\3.9.13\x64\libs\python39.lib' '-DPython_EXECUTABLE:PATH=C:\hostedtoolcache\windows\Python\3.9.13\x64\python.exe' '-DPython_ROOT_DIR:PATH=C:\hostedtoolcache\windows\Python\3.9.13\x64' -DPython_FIND_REGISTRY:STRING=NEVER '-DPython_INCLUDE_DIR:PATH=C:\hostedtoolcache\windows\Python\3.9.13\x64\Include' '-DPython_LIBRARY:PATH=C:\hostedtoolcache\windows\Python\3.9.13\x64\libs\python39.lib' '-DPython3_EXECUTABLE:PATH=C:\hostedtoolcache\windows\Python\3.9.13\x64\python.exe' '-DPython3_ROOT_DIR:PATH=C:\hostedtoolcache\windows\Python\3.9.13\x64' -DPython3_FIND_REGISTRY:STRING=NEVER '-DPython3_INCLUDE_DIR:PATH=C:\hostedtoolcache\windows\Python\3.9.13\x64\Include' '-DPython3_LIBRARY:PATH=C:\hostedtoolcache\windows\Python\3.9.13\x64\libs\python39.lib' '-DCMAKE_MAKE_PROGRAM:FILEPATH=C:\hostedtoolcache\windows\Python\3.9.13\x64\Scripts\ninja' -DCMAKE_BUILD_TYPE=Release -DCMAKE_MSVC_RUNTIME_LIBRARY=MultiThreadedDLL -DSYZ_STATIC_RUNTIME=OFF -DCMAKE_POSITION_INDEPENDENT_CODE=TRUE -DSYZ_INTEGRATING=ON
2025-06-23T20:06:04.9415027Z 
2025-06-23T20:06:04.9533211Z Not searching for unused variables given on the command line.
2025-06-23T20:06:05.4180259Z -- The C compiler identification is MSVC 19.43.34808.0
2025-06-23T20:06:05.7574492Z -- The CXX compiler identification is MSVC 19.43.34808.0
2025-06-23T20:06:05.8064252Z -- Detecting C compiler ABI info
2025-06-23T20:06:06.5887322Z -- Detecting C compiler ABI info - done
2025-06-23T20:06:06.6024404Z -- Check for working C compiler: C:/Program Files/Microsoft Visual Studio/2022/Enterprise/VC/Tools/MSVC/14.43.34808/bin/Hostx86/x64/cl.exe - skipped
2025-06-23T20:06:06.6028329Z -- Detecting C compile features
2025-06-23T20:06:06.6034635Z -- Detecting C compile features - done
2025-06-23T20:06:06.6125234Z -- Detecting CXX compiler ABI info
2025-06-23T20:06:07.0447351Z -- Detecting CXX compiler ABI info - done
2025-06-23T20:06:07.0582014Z -- Check for working CXX compiler: C:/Program Files/Microsoft Visual Studio/2022/Enterprise/VC/Tools/MSVC/14.43.34808/bin/Hostx86/x64/cl.exe - skipped
2025-06-23T20:06:07.0586121Z -- Detecting CXX compile features
2025-06-23T20:06:07.0597628Z -- Detecting CXX compile features - done
2025-06-23T20:06:07.4317701Z -- Performing Test CMAKE_HAVE_LIBC_PTHREAD
2025-06-23T20:06:07.5374748Z -- Performing Test CMAKE_HAVE_LIBC_PTHREAD - Failed
2025-06-23T20:06:07.5375539Z -- Looking for pthread_create in pthreads
2025-06-23T20:06:07.6960983Z -- Looking for pthread_create in pthreads - not found
2025-06-23T20:06:07.6961618Z -- Looking for pthread_create in pthread
2025-06-23T20:06:07.8289323Z -- Looking for pthread_create in pthread - not found
2025-06-23T20:06:07.8300589Z -- Found Threads: TRUE
2025-06-23T20:06:07.9365912Z -- Found SoundTouch: D:/a/synthizer3d/synthizer3d/vcpkg_installed/x64-windows/debug/bin/SoundTouch.dll
2025-06-23T20:06:07.9373847Z -- Performing Test OP_READ_FLOAT_AVAILABLE
2025-06-23T20:06:10.0960983Z -- Performing Test OP_READ_FLOAT_AVAILABLE - Success
2025-06-23T20:06:10.0961444Z -- op_read_float is available
2025-06-23T20:06:14.3080171Z -- Performing Test FILESYSTEM_OK
2025-06-23T20:06:17.4845475Z -- Performing Test FILESYSTEM_OK - Success
2025-06-23T20:06:17.4845971Z -- Found C++17 filesystem support
2025-06-23T20:06:17.4855472Z -- Using vcpkg includes from VCPKG_INSTALLED_PATH: D:\a\synthizer3d\synthizer3d\vcpkg_installed\x64-windows/include
2025-06-23T20:06:20.3308765Z -- Math library not found
2025-06-23T20:06:20.3318994Z -- Configuring done (15.4s)
2025-06-23T20:06:20.3729223Z -- Generating done (0.0s)
2025-06-23T20:06:20.3739026Z -- Build files have been written to: D:/a/synthizer3d/synthizer3d/_skbuild/win-amd64-3.9/cmake-build
2025-06-23T20:06:25.3467218Z [1/28] Building CXX object CMakeFiles\synthizer.dir\src\base_object.cpp.obj
2025-06-23T20:06:25.3741442Z [2/28] Building CXX object CMakeFiles\synthizer.dir\src\byte_stream.cpp.obj
2025-06-23T20:06:25.5476641Z [3/28] Building CXX object CMakeFiles\synthizer.dir\src\audio_output.cpp.obj
2025-06-23T20:06:25.6774268Z [4/28] Building CXX object CMakeFiles\synthizer.dir\src\c_api\unity.cpp.obj
2025-06-23T20:06:25.7593096Z FAILED: CMakeFiles/synthizer.dir/src/c_api/unity.cpp.obj 
2025-06-23T20:06:25.8888241Z C:\PROGRA~1\MICROS~2\2022\ENTERP~1\VC\Tools\MSVC\1443~1.348\bin\Hostx86\x64\cl.exe  /nologo /TP -DBUILDING_SYNTHIZER -DNOMINMAX -DOP_READ_FLOAT_AVAILABLE -DSYZ_MAJOR=0 -DSYZ_MINOR=1 -DSYZ_PATCH=9 -DSYZ_USE_FILESYSTEM -DWDL_RESAMPLE_TYPE=float -ID:\a\synthizer3d\synthizer3d\synthizer-vendored\include -ID:\a\synthizer3d\synthizer3d\synthizer-vendored\deps\deps\third_party\wdl -ID:\a\synthizer3d\synthizer3d\vcpkg_installed\x64-windows\include -ID:\a\synthizer3d\synthizer3d\synthizer-vendored\deps\deps\third_party\boost_partial -ID:\a\synthizer3d\synthizer3d\synthizer-vendored\deps\deps\third_party\concurrentqueue -ID:\a\synthizer3d\synthizer3d\synthizer-vendored\deps\deps\third_party\cpp11-on-multicore\common -ID:\a\synthizer3d\synthizer3d\synthizer-vendored\deps\deps\third_party\dr_libs -ID:\a\synthizer3d\synthizer3d\synthizer-vendored\deps\deps\third_party\hedley -ID:\a\synthizer3d\synthizer3d\synthizer-vendored\deps\deps\third_party\miniaudio -ID:\a\synthizer3d\synthizer3d\synthizer-vendored\deps\deps\third_party\pdqsort /DWIN32 /D_WINDOWS /GR /EHsc /O2 /Ob2 /DNDEBUG -std:c++17 -MD /wd4068 /wd5030 /wd4244 /wd4267 /Zc:preprocessor /wd5105 /wd4127 /experimental:external /external:W0 /external:anglebrackets /wd4702 /W4 /WX /showIncludes /FoCMakeFiles\synthizer.dir\src\c_api\unity.cpp.obj /FdCMakeFiles\synthizer.dir\synthizer.pdb /FS -c D:\a\synthizer3d\synthizer3d\synthizer-vendored\src\c_api\unity.cpp
2025-06-23T20:06:25.9809182Z ##[error]D:\a\synthizer3d\synthizer3d\synthizer-vendored\include\synthizer/generators/buffer.hpp(70): error C2059: syntax error: 'do'
2025-06-23T20:06:26.0939893Z ##[error]D:\a\synthizer3d\synthizer3d\synthizer-vendored\include\synthizer/generators/buffer.hpp(70): error C2334: unexpected token(s) preceding '{'; skipping apparent function body
2025-06-23T20:06:26.1857956Z ##[error]D:\a\synthizer3d\synthizer3d\synthizer-vendored\include\synthizer/generators/buffer.hpp(70): error C2059: syntax error: 'while'
2025-06-23T20:06:26.3545467Z ##[error]D:\a\synthizer3d\synthizer3d\synthizer-vendored\include\synthizer/generators/buffer.hpp(70): error C2334: unexpected token(s) preceding '{'; skipping apparent function body
2025-06-23T20:06:26.4219267Z ##[error]D:\a\synthizer3d\synthizer3d\synthizer-vendored\include\synthizer/generators/buffer.hpp(84): error C2059: syntax error: 'do'
2025-06-23T20:06:26.5567440Z ##[error]D:\a\synthizer3d\synthizer3d\synthizer-vendored\include\synthizer/generators/buffer.hpp(84): error C2334: unexpected token(s) preceding '{'; skipping apparent function body
2025-06-23T20:06:26.6860746Z ##[error]D:\a\synthizer3d\synthizer3d\synthizer-vendored\include\synthizer/generators/buffer.hpp(84): error C2059: syntax error: 'while'
2025-06-23T20:06:26.7486136Z ##[error]D:\a\synthizer3d\synthizer3d\synthizer-vendored\include\synthizer/generators/buffer.hpp(84): error C2334: unexpected token(s) preceding '{'; skipping apparent function body
2025-06-23T20:06:26.8933763Z ##[error]D:\a\synthizer3d\synthizer3d\synthizer-vendored\include\synthizer/generators/buffer.hpp(201): error C2589: 'do': illegal token on right side of '::'
2025-06-23T20:06:27.0450673Z ##[error]D:\a\synthizer3d\synthizer3d\synthizer-vendored\include\synthizer/generators/buffer.hpp(201): error C2059: syntax error: 'if'
2025-06-23T20:06:27.1565466Z ##[error]D:\a\synthizer3d\synthizer3d\synthizer-vendored\include\synthizer/generators/buffer.hpp(201): error C2059: syntax error: 'while'
2025-06-23T20:06:27.2979016Z ##[error]D:\a\synthizer3d\synthizer3d\synthizer-vendored\include\synthizer/generators/buffer.hpp(676): error C2589: 'do': illegal token on right side of '::'
2025-06-23T20:06:27.3582658Z ##[error]D:\a\synthizer3d\synthizer3d\synthizer-vendored\include\synthizer/generators/buffer.hpp(676): error C2059: syntax error: 'if'
2025-06-23T20:06:27.4993841Z ##[error]D:\a\synthizer3d\synthizer3d\synthizer-vendored\include\synthizer/generators/buffer.hpp(686): error C2589: 'do': illegal token on right side of '::'
2025-06-23T20:06:27.5642190Z ##[error]D:\a\synthizer3d\synthizer3d\synthizer-vendored\include\synthizer/generators/buffer.hpp(686): error C2059: syntax error: 'if'
2025-06-23T20:06:27.7046576Z ##[error]D:\a\synthizer3d\synthizer3d\synthizer-vendored\include\synthizer/generators/buffer.hpp(689): error C2046: illegal case
2025-06-23T20:06:27.7259365Z ##[error]D:\a\synthizer3d\synthizer3d\synthizer-vendored\include\synthizer/generators/buffer.hpp(695): error C2589: 'do': illegal token on right side of '::'
2025-06-23T20:06:27.7677633Z ##[error]D:\a\synthizer3d\synthizer3d\synthizer-vendored\include\synthizer/generators/buffer.hpp(695): error C2059: syntax error: 'if'
2025-06-23T20:06:27.9070616Z ##[error]D:\a\synthizer3d\synthizer3d\synthizer-vendored\include\synthizer/generators/buffer.hpp(687): error C2043: illegal break
2025-06-23T20:06:27.9235700Z ##[error]D:\a\synthizer3d\synthizer3d\synthizer-vendored\include\synthizer/generators/buffer.hpp(695): error C2059: syntax error: 'while'
2025-06-23T20:06:27.9887099Z ##[error]D:\a\synthizer3d\synthizer3d\synthizer-vendored\include\synthizer/generators/buffer.hpp(696): error C2059: syntax error: 'break'
2025-06-23T20:06:28.0019267Z ##[error]D:\a\synthizer3d\synthizer3d\synthizer-vendored\include\synthizer/generators/buffer.hpp(698): error C2059: syntax error: 'case'
2025-06-23T20:06:28.2201823Z ##[error]D:\a\synthizer3d\synthizer3d\synthizer-vendored\include\synthizer/generators/buffer.hpp(699): error C2059: syntax error: 'this'
2025-06-23T20:06:28.6262690Z ##[error]D:\a\synthizer3d\synthizer3d\synthizer-vendored\include\synthizer/generators/buffer.hpp(700): error C2059: syntax error: 'this'
2025-06-23T20:06:29.0335892Z ##[error]D:\a\synthizer3d\synthizer3d\synthizer-vendored\include\synthizer/generators/buffer.hpp(701): error C2059: syntax error: 'this'
2025-06-23T20:06:29.3702732Z ##[error]D:\a\synthizer3d\synthizer3d\synthizer-vendored\include\synthizer/generators/buffer.hpp(702): error C2059: syntax error: 'this'
2025-06-23T20:06:29.5445760Z ##[error]D:\a\synthizer3d\synthizer3d\synthizer-vendored\include\synthizer/generators/buffer.hpp(703): error C2059: syntax error: 'this'
2025-06-23T20:06:29.7681907Z ##[error]D:\a\synthizer3d\synthizer3d\synthizer-vendored\include\synthizer/generators/buffer.hpp(704): error C2589: 'do': illegal token on right side of '::'
2025-06-23T20:06:30.0181896Z ##[error]D:\a\synthizer3d\synthizer3d\synthizer-vendored\include\synthizer/generators/buffer.hpp(704): error C2059: syntax error: 'function-style cast'
2025-06-23T20:06:30.2377693Z ##[error]D:\a\synthizer3d\synthizer3d\synthizer-vendored\include\synthizer/generators/buffer.hpp(704): error C2143: syntax error: missing ';' before '{'
2025-06-23T20:06:30.4421110Z ##[error]D:\a\synthizer3d\synthizer3d\synthizer-vendored\include\synthizer/generators/buffer.hpp(704): error C2447: '{': missing function header (old-style formal list?)
2025-06-23T20:06:30.6046593Z ##[error]D:\a\synthizer3d\synthizer3d\synthizer-vendored\include\synthizer/generators/buffer.hpp(704): error C2059: syntax error: 'while'
2025-06-23T20:06:30.7924979Z ##[error]D:\a\synthizer3d\synthizer3d\synthizer-vendored\include\synthizer/generators/buffer.hpp(705): error C2059: syntax error: 'break'
2025-06-23T20:06:31.0044009Z ##[error]D:\a\synthizer3d\synthizer3d\synthizer-vendored\include\synthizer/generators/buffer.hpp(706): error C2059: syntax error: '}'
2025-06-23T20:06:31.2093661Z ##[error]D:\a\synthizer3d\synthizer3d\synthizer-vendored\include\synthizer/generators/buffer.hpp(706): error C2143: syntax error: missing ';' before '}'
2025-06-23T20:06:31.3584394Z ##[error]D:\a\synthizer3d\synthizer3d\synthizer-vendored\include\synthizer/generators/buffer.hpp(710): error C2059: syntax error: 'this'
2025-06-23T20:06:31.5053449Z ##[error]D:\a\synthizer3d\synthizer3d\synthizer-vendored\include\synthizer/generators/buffer.hpp(712): error C2059: syntax error: 'this'
2025-06-23T20:06:31.6333647Z ##[error]D:\a\synthizer3d\synthizer3d\synthizer-vendored\include\synthizer/generators/buffer.hpp(713): error C2059: syntax error: 'this'
2025-06-23T20:06:31.7876926Z ##[error]D:\a\synthizer3d\synthizer3d\synthizer-vendored\include\synthizer/generators/buffer.hpp(716): error C2059: syntax error: 'this'
2025-06-23T20:06:31.9290934Z ##[error]D:\a\synthizer3d\synthizer3d\synthizer-vendored\include\synthizer/generators/buffer.hpp(717): error C2059: syntax error: 'this'
2025-06-23T20:06:31.9919231Z ##[error]D:\a\synthizer3d\synthizer3d\synthizer-vendored\include\synthizer/generators/buffer.hpp(718): error C2059: syntax error: 'this'
2025-06-23T20:06:32.1307653Z ##[error]D:\a\synthizer3d\synthizer3d\synthizer-vendored\include\synthizer/generators/buffer.hpp(725): error C2059: syntax error: '}'
2025-06-23T20:06:32.1925574Z ##[error]D:\a\synthizer3d\synthizer3d\synthizer-vendored\include\synthizer/generators/buffer.hpp(725): error C2143: syntax error: missing ';' before '}'
2025-06-23T20:06:32.2142573Z ##[error]D:\a\synthizer3d\synthizer3d\synthizer-vendored\include\synthizer/generators/buffer.hpp(726): error C2143: syntax error: missing ';' before '}'
2025-06-23T20:06:32.3576522Z ##[error]D:\a\synthizer3d\synthizer3d\synthizer-vendored\include\synthizer/generators/buffer.hpp(726): error C2059: syntax error: '}'
2025-06-23T20:06:32.3965170Z ##[error]D:\a\synthizer3d\synthizer3d\synthizer-vendored\include\synthizer/generators/buffer.hpp(728): error C2143: syntax error: missing ';' before '{'
2025-06-23T20:06:32.4113467Z ##[error]D:\a\synthizer3d\synthizer3d\synthizer-vendored\include\synthizer/generators/buffer.hpp(728): error C2447: '{': missing function header (old-style formal list?)
2025-06-23T20:06:32.4383219Z ##[error]D:\a\synthizer3d\synthizer3d\synthizer-vendored\include\synthizer/generators/buffer.hpp(1232): error C2059: syntax error: '}'
2025-06-23T20:06:32.4387725Z ##[error]D:\a\synthizer3d\synthizer3d\synthizer-vendored\include\synthizer/generators/buffer.hpp(1232): error C2143: syntax error: missing ';' before '}'
2025-06-23T20:06:32.4397225Z ##[error]D:\a\synthizer3d\synthizer3d\synthizer-vendored\include\synthizer/fast_sine_bank.hpp(27): error C2143: syntax error: missing ';' before '{'
2025-06-23T20:06:32.4403725Z ##[error]D:\a\synthizer3d\synthizer3d\synthizer-vendored\include\synthizer/fast_sine_bank.hpp(27): error C2447: '{': missing function header (old-style formal list?)
2025-06-23T20:06:32.4410281Z ##[error]D:\a\synthizer3d\synthizer3d\synthizer-vendored\include\synthizer/generators/fast_sine_bank.hpp(33): error C3646: 'bank': unknown override specifier
2025-06-23T20:06:32.4414863Z ##[error]D:\a\synthizer3d\synthizer3d\synthizer-vendored\include\synthizer/generators/fast_sine_bank.hpp(33): error C4430: missing type specifier - int assumed. Note: C++ does not support default-int
2025-06-23T20:06:32.4419575Z ##[error]D:\a\synthizer3d\synthizer3d\synthizer-vendored\include\synthizer/generators/fast_sine_bank.hpp(38): error C2614: 'synthizer::FastSineBankGenerator': illegal member initialization: 'bank' is not a base or member
2025-06-23T20:06:32.4423471Z ##[error]D:\a\synthizer3d\synthizer3d\synthizer-vendored\include\synthizer/generators/fast_sine_bank.hpp(40): error C2065: 'SineWaveConfig': undeclared identifier
2025-06-23T20:06:32.4426897Z ##[error]D:\a\synthizer3d\synthizer3d\synthizer-vendored\include\synthizer/generators/fast_sine_bank.hpp(40): error C2146: syntax error: missing ';' before identifier 'wave'
2025-06-23T20:06:32.4430313Z ##[error]D:\a\synthizer3d\synthizer3d\synthizer-vendored\include\synthizer/generators/fast_sine_bank.hpp(40): error C2065: 'wave': undeclared identifier
2025-06-23T20:06:32.4435845Z ##[error]D:\a\synthizer3d\synthizer3d\synthizer-vendored\include\synthizer/generators/fast_sine_bank.hpp(41): error C2039: 'bank': is not a member of 'synthizer::FastSineBankGenerator'
2025-06-23T20:06:32.4439277Z D:\a\synthizer3d\synthizer3d\synthizer-vendored\include\synthizer/generators/fast_sine_bank.hpp(18): note: see declaration of 'synthizer::FastSineBankGenerator'
2025-06-23T20:06:32.4442009Z ##[error]D:\a\synthizer3d\synthizer3d\synthizer-vendored\include\synthizer/generators/fast_sine_bank.hpp(41): error C2065: 'wave': undeclared identifier
2025-06-23T20:06:32.4445846Z ##[error]D:\a\synthizer3d\synthizer3d\synthizer-vendored\include\synthizer/generators/fast_sine_bank.hpp(60): error C2039: 'bank': is not a member of 'synthizer::FastSineBankGenerator'
2025-06-23T20:06:32.4448884Z D:\a\synthizer3d\synthizer3d\synthizer-vendored\include\synthizer/generators/fast_sine_bank.hpp(18): note: see declaration of 'synthizer::FastSineBankGenerator'
2025-06-23T20:06:32.4451913Z ##[error]D:\a\synthizer3d\synthizer3d\synthizer-vendored\include\synthizer/generators/fast_sine_bank.hpp(61): error C2039: 'bank': is not a member of 'synthizer::FastSineBankGenerator'
2025-06-23T20:06:32.4455010Z D:\a\synthizer3d\synthizer3d\synthizer-vendored\include\synthizer/generators/fast_sine_bank.hpp(18): note: see declaration of 'synthizer::FastSineBankGenerator'
2025-06-23T20:06:32.4456555Z [5/28] Building CXX object CMakeFiles\synthizer.dir\src\error.cpp.obj
2025-06-23T20:06:32.4457500Z [6/28] Building CXX object CMakeFiles\synthizer.dir\src\decoding.cpp.obj
2025-06-23T20:06:32.4458405Z cl : Command line warning D9025 : overriding '/WX' with '/WX-'
2025-06-23T20:06:32.4459385Z [7/28] Building CXX object CMakeFiles\synthizer.dir\src\event_timeline.cpp.obj
2025-06-23T20:06:32.5650636Z [8/28] Building C object CMakeFiles\synthizer_single_file_libs.dir\src\single_file_libs.c.obj
2025-06-23T20:06:32.5651770Z [9/28] Building CXX object CMakeFiles\synthizer.dir\src\context.cpp.obj
2025-06-23T20:06:32.5652448Z ninja: build stopped: subcommand failed.
2025-06-23T20:06:32.5701594Z Traceback (most recent call last):
2025-06-23T20:06:32.5702531Z   File "C:\hostedtoolcache\windows\Python\3.9.13\x64\lib\site-packages\pyproject_hooks\_in_process\_in_process.py", line 389, in <module>
2025-06-23T20:06:32.5883339Z     main()
2025-06-23T20:06:32.5884521Z   File "C:\hostedtoolcache\windows\Python\3.9.13\x64\lib\site-packages\pyproject_hooks\_in_process\_in_process.py", line 373, in main
2025-06-23T20:06:32.5885890Z     json_out["return_val"] = hook(**hook_input["kwargs"])
2025-06-23T20:06:32.5887533Z   File "C:\hostedtoolcache\windows\Python\3.9.13\x64\lib\site-packages\pyproject_hooks\_in_process\_in_process.py", line 143, in get_requires_for_build_wheel
2025-06-23T20:06:32.5889031Z     return hook(config_settings)
2025-06-23T20:06:32.5890436Z   File "C:\hostedtoolcache\windows\Python\3.9.13\x64\lib\site-packages\setuptools\build_meta.py", line 154, in get_requires_for_build_wheel
2025-06-23T20:06:32.5893185Z     return self._get_build_requires(
2025-06-23T20:06:32.5894501Z   File "C:\hostedtoolcache\windows\Python\3.9.13\x64\lib\site-packages\setuptools\build_meta.py", line 135, in _get_build_requires
2025-06-23T20:06:32.5895687Z     self.run_setup()
2025-06-23T20:06:32.5896806Z   File "C:\hostedtoolcache\windows\Python\3.9.13\x64\lib\site-packages\setuptools\build_meta.py", line 258, in run_setup
2025-06-23T20:06:32.5897994Z     super(_BuildMetaLegacyBackend,
2025-06-23T20:06:32.5899232Z   File "C:\hostedtoolcache\windows\Python\3.9.13\x64\lib\site-packages\setuptools\build_meta.py", line 150, in run_setup
2025-06-23T20:06:32.5900294Z     exec(compile(code, __file__, 'exec'), locals())
2025-06-23T20:06:32.5900947Z   File "setup.py", line 68, in <module>
2025-06-23T20:06:32.5901618Z     cmake.make()
2025-06-23T20:06:32.5902663Z   File "C:\hostedtoolcache\windows\Python\3.9.13\x64\lib\site-packages\skbuild\cmaker.py", line 696, in make
2025-06-23T20:06:32.5905866Z     self.make_impl(clargs=clargs, config=config, source_dir=source_dir, install_target=install_target, env=env)
2025-06-23T20:06:32.5907768Z   File "C:\hostedtoolcache\windows\Python\3.9.13\x64\lib\site-packages\skbuild\cmaker.py", line 741, in make_impl
2025-06-23T20:06:32.5908638Z     raise SKBuildError(msg)
2025-06-23T20:06:32.5909437Z skbuild.exceptions.SKBuildError: An error occurred while building with CMake.
2025-06-23T20:06:32.5910073Z   Command:
2025-06-23T20:06:32.5911145Z     'C:\hostedtoolcache\windows\Python\3.9.13\x64\Lib\site-packages\cmake\data\bin/cmake.exe' --build . --target install --config Release --
2025-06-23T20:06:32.5912233Z   Install target:
2025-06-23T20:06:32.5912494Z     install
2025-06-23T20:06:32.5912785Z   Source directory:
2025-06-23T20:06:32.5913145Z     D:\a\synthizer3d\synthizer3d
2025-06-23T20:06:32.5913537Z   Working directory:
2025-06-23T20:06:32.5914111Z     D:\a\synthizer3d\synthizer3d\_skbuild\win-amd64-3.9\cmake-build
2025-06-23T20:06:32.5915029Z Please check the install target is valid and see CMake's output for more information.
2025-06-23T20:06:32.5915542Z 
2025-06-23T20:06:32.6206257Z 
2025-06-23T20:06:32.6207336Z ERROR Backend subprocess exited when trying to invoke get_requires_for_build_wheel
2025-06-23T20:06:32.6675500Z ##[error]Process completed with exit code 1.
2025-06-23T20:06:32.6833213Z Post job cleanup.
2025-06-23T20:06:32.9357346Z [command]"C:\Program Files\Git\bin\git.exe" version
2025-06-23T20:06:32.9573254Z git version 2.49.0.windows.1
2025-06-23T20:06:32.9637726Z Temporarily overriding HOME='D:\a\_temp\d674b2c8-e2e1-45ed-beaf-6ce52594ac0d' before making global git config changes
2025-06-23T20:06:32.9638808Z Adding repository directory to the temporary git global config as a safe directory
2025-06-23T20:06:32.9651385Z [command]"C:\Program Files\Git\bin\git.exe" config --global --add safe.directory D:\a\synthizer3d\synthizer3d
2025-06-23T20:06:32.9895568Z [command]"C:\Program Files\Git\bin\git.exe" config --local --name-only --get-regexp core\.sshCommand
2025-06-23T20:06:33.0138210Z [command]"C:\Program Files\Git\bin\git.exe" submodule foreach --recursive "sh -c \"git config --local --name-only --get-regexp 'core\.sshCommand' && git config --local --unset-all 'core.sshCommand' || :\""
2025-06-23T20:06:33.4767607Z [command]"C:\Program Files\Git\bin\git.exe" config --local --name-only --get-regexp http\.https\:\/\/github\.com\/\.extraheader
2025-06-23T20:06:33.4980052Z http.https://github.com/.extraheader
2025-06-23T20:06:33.5020135Z [command]"C:\Program Files\Git\bin\git.exe" config --local --unset-all http.https://github.com/.extraheader
2025-06-23T20:06:33.5270465Z [command]"C:\Program Files\Git\bin\git.exe" submodule foreach --recursive "sh -c \"git config --local --name-only --get-regexp 'http\.https\:\/\/github\.com\/\.extraheader' && git config --local --unset-all 'http.https://github.com/.extraheader' || :\""
2025-06-23T20:06:34.0258932Z Cleaning up orphan processes
2025-06-23T20:06:34.0504671Z Terminate orphan process: pid (488) (vctip)
2025-06-23T20:06:34.0689912Z Terminate orphan process: pid (7100) (mspdbsrv)