2025-06-23T19:37:30.6963003Z Current runner version: '2.325.0'
2025-06-23T19:37:30.6995308Z ##[group]Runner Image Provisioner
2025-06-23T19:37:30.6996357Z Hosted Compute Agent
2025-06-23T19:37:30.6997133Z Version: 20250620.352
2025-06-23T19:37:30.6998353Z Commit: f262f3aba23b10ea191b2a62bdee1ca4c3d344da
2025-06-23T19:37:30.6999440Z Build Date: 2025-06-20T19:27:17Z
2025-06-23T19:37:30.7000361Z ##[endgroup]
2025-06-23T19:37:30.7001065Z ##[group]Operating System
2025-06-23T19:37:30.7001996Z Microsoft Windows Server 2022
2025-06-23T19:37:30.7002829Z 10.0.20348
2025-06-23T19:37:30.7003551Z Datacenter
2025-06-23T19:37:30.7004207Z ##[endgroup]
2025-06-23T19:37:30.7004917Z ##[group]Runner Image
2025-06-23T19:37:30.7006302Z Image: windows-2022
2025-06-23T19:37:30.7007152Z Version: 20250602.1.0
2025-06-23T19:37:30.7008910Z Included Software: https://github.com/actions/runner-images/blob/win22/20250602.1/images/windows/Windows2022-Readme.md
2025-06-23T19:37:30.7011944Z Image Release: https://github.com/actions/runner-images/releases/tag/win22%2F20250602.1
2025-06-23T19:37:30.7013673Z ##[endgroup]
2025-06-23T19:37:30.7018345Z ##[group]GITHUB_TOKEN Permissions
2025-06-23T19:37:30.7021606Z Actions: write
2025-06-23T19:37:30.7022439Z Attestations: write
2025-06-23T19:37:30.7023277Z Checks: write
2025-06-23T19:37:30.7023914Z Contents: write
2025-06-23T19:37:30.7024570Z Deployments: write
2025-06-23T19:37:30.7025293Z Discussions: write
2025-06-23T19:37:30.7026002Z Issues: write
2025-06-23T19:37:30.7026722Z Metadata: read
2025-06-23T19:37:30.7027456Z Models: read
2025-06-23T19:37:30.7028092Z Packages: write
2025-06-23T19:37:30.7028805Z Pages: write
2025-06-23T19:37:30.7029463Z PullRequests: write
2025-06-23T19:37:30.7030206Z RepositoryProjects: write
2025-06-23T19:37:30.7030988Z SecurityEvents: write
2025-06-23T19:37:30.7031765Z Statuses: write
2025-06-23T19:37:30.7032459Z ##[endgroup]
2025-06-23T19:37:30.7035196Z Secret source: Actions
2025-06-23T19:37:30.7036132Z Prepare workflow directory
2025-06-23T19:37:30.7600161Z Prepare all required actions
2025-06-23T19:37:30.7638188Z Getting action download info
2025-06-23T19:37:31.6258744Z ##[group]Download immutable action package 'actions/checkout@v4'
2025-06-23T19:37:31.6260275Z Version: 4.2.2
2025-06-23T19:37:31.6261775Z Digest: sha256:ccb2698953eaebd21c7bf6268a94f9c26518a7e38e27e0b83c1fe1ad049819b1
2025-06-23T19:37:31.6263534Z Source commit SHA: 11bd71901bbe5b1630ceea73d27597364c9af683
2025-06-23T19:37:31.6264657Z ##[endgroup]
2025-06-23T19:37:31.8827394Z ##[group]Download immutable action package 'actions/setup-python@v5'
2025-06-23T19:37:31.8828762Z Version: 5.6.0
2025-06-23T19:37:31.8829954Z Digest: sha256:0b35a0c11c97499e4e0576589036d450b9f5f9da74b7774225b3614b57324404
2025-06-23T19:37:31.8832472Z Source commit SHA: a26af69be951a213d495a4c3e4e4022e16d87065
2025-06-23T19:37:31.8833600Z ##[endgroup]
2025-06-23T19:37:32.2276502Z ##[group]Download immutable action package 'actions/cache@v4'
2025-06-23T19:37:32.2278085Z Version: 4.2.3
2025-06-23T19:37:32.2279702Z Digest: sha256:c8a3bb963e1f1826d8fcc8d1354f0dd29d8ac1db1d4f6f20247055ae11b81ed9
2025-06-23T19:37:32.2281873Z Source commit SHA: 5a3ec84eff668545956fd18022155c47e93e2684
2025-06-23T19:37:32.2283363Z ##[endgroup]
2025-06-23T19:37:32.8618007Z Download action repository 'ilammy/msvc-dev-cmd@v1' (SHA:0b201ec74fa43914dc39ae48a89fd1d8cb592756)
2025-06-23T19:37:33.0881962Z Download action repository 'lukka/run-vcpkg@v11' (SHA:7d259227a1fb6471a0253dd5ab7419835228f7d7)
2025-06-23T19:37:33.2959792Z ##[group]Download immutable action package 'actions/upload-artifact@v4'
2025-06-23T19:37:33.2960213Z Version: 4.6.2
2025-06-23T19:37:33.2960574Z Digest: sha256:290722aa3281d5caf23d0acdc3dbeb3424786a1a01a9cc97e72f147225e37c38
2025-06-23T19:37:33.2961053Z Source commit SHA: ea165f8d65b6e75b540449e92b4886f43607fa02
2025-06-23T19:37:33.2961354Z ##[endgroup]
2025-06-23T19:37:34.4223216Z Complete job name: Build Windows (x86) Python 3.11
2025-06-23T19:37:34.5650435Z ##[group]Run actions/checkout@v4
2025-06-23T19:37:34.5652580Z with:
2025-06-23T19:37:34.5652810Z   submodules: recursive
2025-06-23T19:37:34.5653060Z   repository: Ambro86/synthizer3d
2025-06-23T19:37:34.5653522Z   token: ***
2025-06-23T19:37:34.5653775Z   ssh-strict: true
2025-06-23T19:37:34.5653980Z   ssh-user: git
2025-06-23T19:37:34.5654281Z   persist-credentials: true
2025-06-23T19:37:34.5654531Z   clean: true
2025-06-23T19:37:34.5654754Z   sparse-checkout-cone-mode: true
2025-06-23T19:37:34.5655019Z   fetch-depth: 1
2025-06-23T19:37:34.5655265Z   fetch-tags: false
2025-06-23T19:37:34.5655468Z   show-progress: true
2025-06-23T19:37:34.5655744Z   lfs: false
2025-06-23T19:37:34.5655966Z   set-safe-directory: true
2025-06-23T19:37:34.5656395Z env:
2025-06-23T19:37:34.5656641Z   PYVERSION: 3.11
2025-06-23T19:37:34.5656886Z   CI_ARCH_LOWER: x86
2025-06-23T19:37:34.5657130Z   CI_WINDOWS: 1
2025-06-23T19:37:34.5657335Z   CI_ARCH_ENV: x86
2025-06-23T19:37:34.5657654Z   VCPKG_DEFAULT_TRIPLET: x86-windows
2025-06-23T19:37:34.5658027Z   EFFECTIVE_VCPKG_INSTALLED_DIR_BASE: D:\a\synthizer3d\synthizer3d\vcpkg_installed
2025-06-23T19:37:34.5658445Z ##[endgroup]
2025-06-23T19:37:34.7315302Z Syncing repository: Ambro86/synthizer3d
2025-06-23T19:37:34.7317784Z ##[group]Getting Git version info
2025-06-23T19:37:34.7318335Z Working directory is 'D:\a\synthizer3d\synthizer3d'
2025-06-23T19:37:34.8475559Z [command]"C:\Program Files\Git\bin\git.exe" version
2025-06-23T19:37:35.1819925Z git version 2.49.0.windows.1
2025-06-23T19:37:35.1870333Z ##[endgroup]
2025-06-23T19:37:35.1889148Z Temporarily overriding HOME='D:\a\_temp\a8985f72-e210-4332-99d7-5c7b69301f36' before making global git config changes
2025-06-23T19:37:35.1889940Z Adding repository directory to the temporary git global config as a safe directory
2025-06-23T19:37:35.1900474Z [command]"C:\Program Files\Git\bin\git.exe" config --global --add safe.directory D:\a\synthizer3d\synthizer3d
2025-06-23T19:37:35.2386709Z Deleting the contents of 'D:\a\synthizer3d\synthizer3d'
2025-06-23T19:37:35.2391745Z ##[group]Initializing the repository
2025-06-23T19:37:35.2401223Z [command]"C:\Program Files\Git\bin\git.exe" init D:\a\synthizer3d\synthizer3d
2025-06-23T19:37:35.3153450Z Initialized empty Git repository in D:/a/synthizer3d/synthizer3d/.git/
2025-06-23T19:37:35.3190291Z [command]"C:\Program Files\Git\bin\git.exe" remote add origin https://github.com/Ambro86/synthizer3d
2025-06-23T19:37:35.3636991Z ##[endgroup]
2025-06-23T19:37:35.3637409Z ##[group]Disabling automatic garbage collection
2025-06-23T19:37:35.3647506Z [command]"C:\Program Files\Git\bin\git.exe" config --local gc.auto 0
2025-06-23T19:37:35.3872470Z ##[endgroup]
2025-06-23T19:37:35.3872838Z ##[group]Setting up auth
2025-06-23T19:37:35.3887424Z [command]"C:\Program Files\Git\bin\git.exe" config --local --name-only --get-regexp core\.sshCommand
2025-06-23T19:37:35.4144816Z [command]"C:\Program Files\Git\bin\git.exe" submodule foreach --recursive "sh -c \"git config --local --name-only --get-regexp 'core\.sshCommand' && git config --local --unset-all 'core.sshCommand' || :\""
2025-06-23T19:37:37.0017886Z [command]"C:\Program Files\Git\bin\git.exe" config --local --name-only --get-regexp http\.https\:\/\/github\.com\/\.extraheader
2025-06-23T19:37:37.0254129Z [command]"C:\Program Files\Git\bin\git.exe" submodule foreach --recursive "sh -c \"git config --local --name-only --get-regexp 'http\.https\:\/\/github\.com\/\.extraheader' && git config --local --unset-all 'http.https://github.com/.extraheader' || :\""
2025-06-23T19:37:37.4152255Z [command]"C:\Program Files\Git\bin\git.exe" config --local http.https://github.com/.extraheader "AUTHORIZATION: basic ***"
2025-06-23T19:37:37.4379624Z ##[endgroup]
2025-06-23T19:37:37.4380327Z ##[group]Fetching the repository
2025-06-23T19:37:37.4396156Z [command]"C:\Program Files\Git\bin\git.exe" -c protocol.version=2 fetch --no-tags --prune --no-recurse-submodules --depth=1 origin +30b441a6c89b2a23b3c9e445a9f6f2e91fec84e0:refs/remotes/origin/master
2025-06-23T19:37:41.0934798Z From https://github.com/Ambro86/synthizer3d
2025-06-23T19:37:41.0936805Z  * [new ref]         30b441a6c89b2a23b3c9e445a9f6f2e91fec84e0 -> origin/master
2025-06-23T19:37:41.1344348Z ##[endgroup]
2025-06-23T19:37:41.1344707Z ##[group]Determining the checkout info
2025-06-23T19:37:41.1347883Z ##[endgroup]
2025-06-23T19:37:41.1360351Z [command]"C:\Program Files\Git\bin\git.exe" sparse-checkout disable
2025-06-23T19:37:41.1964052Z [command]"C:\Program Files\Git\bin\git.exe" config --local --unset-all extensions.worktreeConfig
2025-06-23T19:37:41.2196526Z ##[group]Checking out the ref
2025-06-23T19:37:41.2206303Z [command]"C:\Program Files\Git\bin\git.exe" checkout --progress --force -B master refs/remotes/origin/master
2025-06-23T19:37:41.9751889Z branch 'master' set up to track 'origin/master'.
2025-06-23T19:37:41.9756855Z Reset branch 'master'
2025-06-23T19:37:41.9817528Z ##[endgroup]
2025-06-23T19:37:41.9818133Z ##[group]Setting up auth for fetching submodules
2025-06-23T19:37:41.9829073Z [command]"C:\Program Files\Git\bin\git.exe" config --global http.https://github.com/.extraheader "AUTHORIZATION: basic ***"
2025-06-23T19:37:42.0061348Z [command]"C:\Program Files\Git\bin\git.exe" config --global --unset-all url.https://github.com/.insteadOf
2025-06-23T19:37:42.0273636Z [command]"C:\Program Files\Git\bin\git.exe" config --global --add url.https://github.com/.insteadOf git@github.com:
2025-06-23T19:37:42.0497296Z [command]"C:\Program Files\Git\bin\git.exe" config --global --add url.https://github.com/.insteadOf org-58132298@github.com:
2025-06-23T19:37:42.0717938Z ##[endgroup]
2025-06-23T19:37:42.0718278Z ##[group]Fetching submodules
2025-06-23T19:37:42.0727681Z [command]"C:\Program Files\Git\bin\git.exe" submodule sync --recursive
2025-06-23T19:37:42.4819835Z [command]"C:\Program Files\Git\bin\git.exe" -c protocol.version=2 submodule update --init --force --depth=1 --recursive
2025-06-23T19:37:42.8887580Z [command]"C:\Program Files\Git\bin\git.exe" submodule foreach --recursive "git config --local gc.auto 0"
2025-06-23T19:37:43.2768975Z ##[endgroup]
2025-06-23T19:37:43.2769534Z ##[group]Persisting credentials for submodules
2025-06-23T19:37:43.2779942Z [command]"C:\Program Files\Git\bin\git.exe" submodule foreach --recursive "sh -c \"git config --local --name-only --get-regexp 'url\.https\:\/\/github\.com\/\.insteadOf' && git config --local --unset-all 'url.https://github.com/.insteadOf' || :\""
2025-06-23T19:37:43.6996244Z [command]"C:\Program Files\Git\bin\git.exe" submodule foreach --recursive "sh -c \"git config --local 'http.https://github.com/.extraheader' 'AUTHORIZATION: basic ***' && git config --local --show-origin --name-only --get-regexp remote.origin.url\""
2025-06-23T19:37:44.0908578Z [command]"C:\Program Files\Git\bin\git.exe" submodule foreach --recursive "git config --local --add 'url.https://github.com/.insteadOf' 'git@github.com:'"
2025-06-23T19:37:44.4790691Z [command]"C:\Program Files\Git\bin\git.exe" submodule foreach --recursive "git config --local --add 'url.https://github.com/.insteadOf' 'org-58132298@github.com:'"
2025-06-23T19:37:44.9026922Z ##[endgroup]
2025-06-23T19:37:44.9284075Z [command]"C:\Program Files\Git\bin\git.exe" log -1 --format=%H
2025-06-23T19:37:44.9492794Z 30b441a6c89b2a23b3c9e445a9f6f2e91fec84e0
2025-06-23T19:37:44.9810014Z ##[group]Run actions/setup-python@v5
2025-06-23T19:37:44.9810308Z with:
2025-06-23T19:37:44.9810477Z   python-version: 3.11
2025-06-23T19:37:44.9810671Z   architecture: x86
2025-06-23T19:37:44.9810846Z   check-latest: false
2025-06-23T19:37:44.9811168Z   token: ***
2025-06-23T19:37:44.9811340Z   update-environment: true
2025-06-23T19:37:44.9811537Z   allow-prereleases: false
2025-06-23T19:37:44.9811721Z   freethreaded: false
2025-06-23T19:37:44.9811897Z env:
2025-06-23T19:37:44.9812037Z   PYVERSION: 3.11
2025-06-23T19:37:44.9812197Z   CI_ARCH_LOWER: x86
2025-06-23T19:37:44.9812352Z   CI_WINDOWS: 1
2025-06-23T19:37:44.9812505Z   CI_ARCH_ENV: x86
2025-06-23T19:37:44.9812672Z   VCPKG_DEFAULT_TRIPLET: x86-windows
2025-06-23T19:37:44.9813205Z   EFFECTIVE_VCPKG_INSTALLED_DIR_BASE: D:\a\synthizer3d\synthizer3d\vcpkg_installed
2025-06-23T19:37:44.9813542Z ##[endgroup]
2025-06-23T19:37:45.2089990Z ##[group]Installed versions
2025-06-23T19:37:45.2535770Z Successfully set up CPython (3.11.9)
2025-06-23T19:37:45.2537343Z ##[endgroup]
2025-06-23T19:37:45.2779315Z ##[group]Run python -m pip install --upgrade pip
2025-06-23T19:37:45.2779756Z [36;1mpython -m pip install --upgrade pip[0m
2025-06-23T19:37:45.3652150Z shell: C:\Program Files\PowerShell\7\pwsh.EXE -command ". '{0}'"
2025-06-23T19:37:45.3652538Z env:
2025-06-23T19:37:45.3652728Z   PYVERSION: 3.11
2025-06-23T19:37:45.3652940Z   CI_ARCH_LOWER: x86
2025-06-23T19:37:45.3653143Z   CI_WINDOWS: 1
2025-06-23T19:37:45.3653338Z   CI_ARCH_ENV: x86
2025-06-23T19:37:45.3653549Z   VCPKG_DEFAULT_TRIPLET: x86-windows
2025-06-23T19:37:45.3653984Z   EFFECTIVE_VCPKG_INSTALLED_DIR_BASE: D:\a\synthizer3d\synthizer3d\vcpkg_installed
2025-06-23T19:37:45.3654505Z   pythonLocation: C:\hostedtoolcache\windows\Python\3.11.9\x86
2025-06-23T19:37:45.3655041Z   PKG_CONFIG_PATH: C:\hostedtoolcache\windows\Python\3.11.9\x86/lib/pkgconfig
2025-06-23T19:37:45.3655529Z   Python_ROOT_DIR: C:\hostedtoolcache\windows\Python\3.11.9\x86
2025-06-23T19:37:45.3656022Z   Python2_ROOT_DIR: C:\hostedtoolcache\windows\Python\3.11.9\x86
2025-06-23T19:37:45.3656458Z   Python3_ROOT_DIR: C:\hostedtoolcache\windows\Python\3.11.9\x86
2025-06-23T19:37:45.3656793Z ##[endgroup]
2025-06-23T19:38:54.6209383Z Requirement already satisfied: pip in c:\hostedtoolcache\windows\python\3.11.9\x86\lib\site-packages (25.1.1)
2025-06-23T19:39:01.7303017Z ##[group]Run python synthizer-c/vendor.py synthizer-vendored
2025-06-23T19:39:01.7303499Z [36;1mpython synthizer-c/vendor.py synthizer-vendored[0m
2025-06-23T19:39:01.7334584Z shell: C:\Program Files\PowerShell\7\pwsh.EXE -command ". '{0}'"
2025-06-23T19:39:01.7334893Z env:
2025-06-23T19:39:01.7335042Z   PYVERSION: 3.11
2025-06-23T19:39:01.7335228Z   CI_ARCH_LOWER: x86
2025-06-23T19:39:01.7335418Z   CI_WINDOWS: 1
2025-06-23T19:39:01.7335575Z   CI_ARCH_ENV: x86
2025-06-23T19:39:01.7335747Z   VCPKG_DEFAULT_TRIPLET: x86-windows
2025-06-23T19:39:01.7336098Z   EFFECTIVE_VCPKG_INSTALLED_DIR_BASE: D:\a\synthizer3d\synthizer3d\vcpkg_installed
2025-06-23T19:39:01.7336518Z   pythonLocation: C:\hostedtoolcache\windows\Python\3.11.9\x86
2025-06-23T19:39:01.7336913Z   PKG_CONFIG_PATH: C:\hostedtoolcache\windows\Python\3.11.9\x86/lib/pkgconfig
2025-06-23T19:39:01.7337309Z   Python_ROOT_DIR: C:\hostedtoolcache\windows\Python\3.11.9\x86
2025-06-23T19:39:01.7337699Z   Python2_ROOT_DIR: C:\hostedtoolcache\windows\Python\3.11.9\x86
2025-06-23T19:39:01.7338047Z   Python3_ROOT_DIR: C:\hostedtoolcache\windows\Python\3.11.9\x86
2025-06-23T19:39:01.7338322Z ##[endgroup]
2025-06-23T19:39:04.0499201Z ##[group]Run actions/cache@v4
2025-06-23T19:39:04.0499480Z with:
2025-06-23T19:39:04.0499658Z   path: ~\AppData\Local\pip\Cache
2025-06-23T19:39:04.0500063Z   key: Windows-pip-3.11-x86-7bb05f23c3f96376e1221853e6931719cecbbb5da9517de533d3a2e015d61e31
2025-06-23T19:39:04.0500545Z   restore-keys: Windows-pip-3.11-x86-

2025-06-23T19:39:04.0500799Z   enableCrossOsArchive: false
2025-06-23T19:39:04.0501005Z   fail-on-cache-miss: false
2025-06-23T19:39:04.0501197Z   lookup-only: false
2025-06-23T19:39:04.0501357Z   save-always: false
2025-06-23T19:39:04.0501511Z env:
2025-06-23T19:39:04.0501642Z   PYVERSION: 3.11
2025-06-23T19:39:04.0501806Z   CI_ARCH_LOWER: x86
2025-06-23T19:39:04.0501956Z   CI_WINDOWS: 1
2025-06-23T19:39:04.0502112Z   CI_ARCH_ENV: x86
2025-06-23T19:39:04.0502277Z   VCPKG_DEFAULT_TRIPLET: x86-windows
2025-06-23T19:39:04.0502620Z   EFFECTIVE_VCPKG_INSTALLED_DIR_BASE: D:\a\synthizer3d\synthizer3d\vcpkg_installed
2025-06-23T19:39:04.0503065Z   pythonLocation: C:\hostedtoolcache\windows\Python\3.11.9\x86
2025-06-23T19:39:04.0503456Z   PKG_CONFIG_PATH: C:\hostedtoolcache\windows\Python\3.11.9\x86/lib/pkgconfig
2025-06-23T19:39:04.0503839Z   Python_ROOT_DIR: C:\hostedtoolcache\windows\Python\3.11.9\x86
2025-06-23T19:39:04.0504364Z   Python2_ROOT_DIR: C:\hostedtoolcache\windows\Python\3.11.9\x86
2025-06-23T19:39:04.0504717Z   Python3_ROOT_DIR: C:\hostedtoolcache\windows\Python\3.11.9\x86
2025-06-23T19:39:04.0504979Z ##[endgroup]
2025-06-23T19:39:04.4682848Z Cache hit for: Windows-pip-3.11-x86-7bb05f23c3f96376e1221853e6931719cecbbb5da9517de533d3a2e015d61e31
2025-06-23T19:39:04.8029376Z Received 36993130 of 36993130 (100.0%), 117.6 MBs/sec
2025-06-23T19:39:04.8032883Z Cache Size: ~35 MB (36993130 B)
2025-06-23T19:39:04.8064511Z [command]"C:\Program Files\Git\usr\bin\tar.exe" -xf D:/a/_temp/8fbec914-6d32-4034-bba3-6c30438f338d/cache.tzst -P -C D:/a/synthizer3d/synthizer3d --force-local --use-compress-program "zstd -d"
2025-06-23T19:39:05.5538547Z Cache restored successfully
2025-06-23T19:39:05.5692226Z Cache restored from key: Windows-pip-3.11-x86-7bb05f23c3f96376e1221853e6931719cecbbb5da9517de533d3a2e015d61e31
2025-06-23T19:39:05.5913476Z ##[group]Run ilammy/msvc-dev-cmd@v1
2025-06-23T19:39:05.5913797Z with:
2025-06-23T19:39:05.5913962Z   arch: x86
2025-06-23T19:39:05.5914112Z env:
2025-06-23T19:39:05.5914251Z   PYVERSION: 3.11
2025-06-23T19:39:05.5914427Z   CI_ARCH_LOWER: x86
2025-06-23T19:39:05.5914596Z   CI_WINDOWS: 1
2025-06-23T19:39:05.5914745Z   CI_ARCH_ENV: x86
2025-06-23T19:39:05.5914979Z   VCPKG_DEFAULT_TRIPLET: x86-windows
2025-06-23T19:39:05.5936238Z   EFFECTIVE_VCPKG_INSTALLED_DIR_BASE: D:\a\synthizer3d\synthizer3d\vcpkg_installed
2025-06-23T19:39:05.5937061Z   pythonLocation: C:\hostedtoolcache\windows\Python\3.11.9\x86
2025-06-23T19:39:05.5937785Z   PKG_CONFIG_PATH: C:\hostedtoolcache\windows\Python\3.11.9\x86/lib/pkgconfig
2025-06-23T19:39:05.5938525Z   Python_ROOT_DIR: C:\hostedtoolcache\windows\Python\3.11.9\x86
2025-06-23T19:39:05.5939178Z   Python2_ROOT_DIR: C:\hostedtoolcache\windows\Python\3.11.9\x86
2025-06-23T19:39:05.5939606Z   Python3_ROOT_DIR: C:\hostedtoolcache\windows\Python\3.11.9\x86
2025-06-23T19:39:05.5939903Z ##[endgroup]
2025-06-23T19:39:07.1124188Z Found with vswhere: C:\Program Files\Microsoft Visual Studio\2022\Enterprise\VC\Auxiliary\Build\vcvarsall.bat
2025-06-23T19:39:17.7324951Z ##[group]Environment variables
2025-06-23T19:39:17.7325430Z Setting CommandPromptType
2025-06-23T19:39:17.7337384Z Setting DevEnvDir
2025-06-23T19:39:17.7340789Z Setting ExtensionSdkDir
2025-06-23T19:39:17.7343244Z Setting EXTERNAL_INCLUDE
2025-06-23T19:39:17.7351280Z Setting Framework40Version
2025-06-23T19:39:17.7353785Z Setting FrameworkDir
2025-06-23T19:39:17.7356238Z Setting FrameworkDir32
2025-06-23T19:39:17.7359572Z Setting FrameworkVersion
2025-06-23T19:39:17.7362254Z Setting FrameworkVersion32
2025-06-23T19:39:17.7365580Z Setting FSHARPINSTALLDIR
2025-06-23T19:39:17.7369452Z Setting HTMLHelpDir
2025-06-23T19:39:17.7371359Z Setting IFCPATH
2025-06-23T19:39:17.7375359Z Setting INCLUDE
2025-06-23T19:39:17.7381141Z Setting LIB
2025-06-23T19:39:17.7384336Z Setting LIBPATH
2025-06-23T19:39:17.7387828Z Setting NETFXSDKDir
2025-06-23T19:39:17.7390960Z Setting Path
2025-06-23T19:39:17.7403331Z Setting Platform
2025-06-23T19:39:17.7406914Z Setting UCRTVersion
2025-06-23T19:39:17.7409555Z Setting UniversalCRTSdkDir
2025-06-23T19:39:17.7412238Z Setting VCIDEInstallDir
2025-06-23T19:39:17.7415183Z Setting VCINSTALLDIR
2025-06-23T19:39:17.7419026Z Setting VCPKG_ROOT
2025-06-23T19:39:17.7421221Z Setting VCToolsInstallDir
2025-06-23T19:39:17.7423399Z Setting VCToolsRedistDir
2025-06-23T19:39:17.7425504Z Setting VCToolsVersion
2025-06-23T19:39:17.7427506Z Setting VisualStudioVersion
2025-06-23T19:39:17.7429413Z Setting VS170COMNTOOLS
2025-06-23T19:39:17.7431276Z Setting VSCMD_ARG_app_plat
2025-06-23T19:39:17.7433112Z Setting VSCMD_ARG_HOST_ARCH
2025-06-23T19:39:17.7434909Z Setting VSCMD_ARG_TGT_ARCH
2025-06-23T19:39:17.7436707Z Setting VSCMD_VER
2025-06-23T19:39:17.7439417Z Setting VSINSTALLDIR
2025-06-23T19:39:17.7441611Z Setting VSSDK150INSTALL
2025-06-23T19:39:17.7443514Z Setting VSSDKINSTALL
2025-06-23T19:39:17.7445370Z Setting WindowsLibPath
2025-06-23T19:39:17.7447698Z Setting WindowsSdkBinPath
2025-06-23T19:39:17.7449476Z Setting WindowsSdkDir
2025-06-23T19:39:17.7451296Z Setting WindowsSDKLibVersion
2025-06-23T19:39:17.7453161Z Setting WindowsSdkVerBinPath
2025-06-23T19:39:17.7455011Z Setting WindowsSDKVersion
2025-06-23T19:39:17.7456990Z Setting WindowsSDK_ExecutablePath_x64
2025-06-23T19:39:17.7458784Z Setting WindowsSDK_ExecutablePath_x86
2025-06-23T19:39:17.7460625Z Setting __DOTNET_ADD_32BIT
2025-06-23T19:39:17.7462573Z Setting __DOTNET_PREFERRED_BITNESS
2025-06-23T19:39:17.7464352Z Setting __VSCMD_PREINIT_PATH
2025-06-23T19:39:17.7467345Z ##[endgroup]
2025-06-23T19:39:17.7467576Z Configured Developer Command Prompt
2025-06-23T19:39:17.7660861Z ##[group]Run lukka/run-vcpkg@v11
2025-06-23T19:39:17.7661156Z with:
2025-06-23T19:39:17.7661322Z   vcpkgJsonGlob: vcpkg.json
2025-06-23T19:39:17.7661540Z   runVcpkgInstall: true
2025-06-23T19:39:17.7661775Z   vcpkgDirectory: D:\a\synthizer3d\synthizer3d/vcpkg
2025-06-23T19:39:17.7662111Z   vcpkgGitURL: https://github.com/microsoft/vcpkg.git
2025-06-23T19:39:17.7662390Z   doNotUpdateVcpkg: false
2025-06-23T19:39:17.7662583Z   doNotCache: true
2025-06-23T19:39:17.7662758Z   vcpkgJsonIgnores: ['**/vcpkg/**']
2025-06-23T19:39:17.7663049Z   vcpkgConfigurationJsonGlob: **/vcpkg-configuration.json
2025-06-23T19:39:17.7663696Z   runVcpkgFormatString: [`install`, `--recurse`, `--clean-after-build`, `--x-install-root`, `$[env.VCPKG_INSTALLED_DIR]`, `--triplet`, `$[env.VCPKG_DEFAULT_TRIPLET]`]
2025-06-23T19:39:17.7664259Z   useShell: true
2025-06-23T19:39:17.7664698Z   logCollectionRegExps: \s*"(.+CMakeOutput\.log)"\.\s*;\s*"(.+CMakeError\.log)"\.\s*;\s*(.+out\.log)\s*;\s+(.+err\.log)\s*;\s*(.+vcpkg.+\.log)\s*
2025-06-23T19:39:17.7665132Z env:
2025-06-23T19:39:17.7665279Z   PYVERSION: 3.11
2025-06-23T19:39:17.7665447Z   CI_ARCH_LOWER: x86
2025-06-23T19:39:17.7665688Z   CI_WINDOWS: 1
2025-06-23T19:39:17.7665864Z   CI_ARCH_ENV: x86
2025-06-23T19:39:17.7666049Z   VCPKG_DEFAULT_TRIPLET: x86-windows
2025-06-23T19:39:17.7666413Z   EFFECTIVE_VCPKG_INSTALLED_DIR_BASE: D:\a\synthizer3d\synthizer3d\vcpkg_installed
2025-06-23T19:39:17.7666835Z   pythonLocation: C:\hostedtoolcache\windows\Python\3.11.9\x86
2025-06-23T19:39:17.7667219Z   PKG_CONFIG_PATH: C:\hostedtoolcache\windows\Python\3.11.9\x86/lib/pkgconfig
2025-06-23T19:39:17.7667605Z   Python_ROOT_DIR: C:\hostedtoolcache\windows\Python\3.11.9\x86
2025-06-23T19:39:17.7667955Z   Python2_ROOT_DIR: C:\hostedtoolcache\windows\Python\3.11.9\x86
2025-06-23T19:39:17.7668303Z   Python3_ROOT_DIR: C:\hostedtoolcache\windows\Python\3.11.9\x86
2025-06-23T19:39:17.7668584Z   CommandPromptType: Native
2025-06-23T19:39:17.7668910Z   DevEnvDir: C:\Program Files\Microsoft Visual Studio\2022\Enterprise\Common7\IDE\
2025-06-23T19:39:17.7669381Z   ExtensionSdkDir: C:\Program Files (x86)\Microsoft SDKs\Windows Kits\10\ExtensionSDKs
2025-06-23T19:39:17.7671388Z   EXTERNAL_INCLUDE: C:\Program Files\Microsoft Visual Studio\2022\Enterprise\VC\Tools\MSVC\14.43.34808\include;C:\Program Files\Microsoft Visual Studio\2022\Enterprise\VC\Tools\MSVC\14.43.34808\ATLMFC\include;C:\Program Files\Microsoft Visual Studio\2022\Enterprise\VC\Auxiliary\VS\include;C:\Program Files (x86)\Windows Kits\10\include\10.0.26100.0\ucrt;C:\Program Files (x86)\Windows Kits\10\\include\10.0.26100.0\\um;C:\Program Files (x86)\Windows Kits\10\\include\10.0.26100.0\\shared;C:\Program Files (x86)\Windows Kits\10\\include\10.0.26100.0\\winrt;C:\Program Files (x86)\Windows Kits\10\\include\10.0.26100.0\\cppwinrt;C:\Program Files (x86)\Windows Kits\NETFXSDK\4.8\include\um
2025-06-23T19:39:17.7673271Z   Framework40Version: v4.0
2025-06-23T19:39:17.7673507Z   FrameworkDir: C:\Windows\Microsoft.NET\Framework\
2025-06-23T19:39:17.7673801Z   FrameworkDir32: C:\Windows\Microsoft.NET\Framework\
2025-06-23T19:39:17.7674062Z   FrameworkVersion: v4.0.30319
2025-06-23T19:39:17.7674270Z   FrameworkVersion32: v4.0.30319
2025-06-23T19:39:17.7674742Z   FSHARPINSTALLDIR: C:\Program Files\Microsoft Visual Studio\2022\Enterprise\Common7\IDE\CommonExtensions\Microsoft\FSharp\Tools
2025-06-23T19:39:17.7675443Z   HTMLHelpDir: C:\Program Files (x86)\HTML Help Workshop
2025-06-23T19:39:17.7675873Z   IFCPATH: C:\Program Files\Microsoft Visual Studio\2022\Enterprise\VC\Tools\MSVC\14.43.34808\ifc\x86
2025-06-23T19:39:17.7679300Z   INCLUDE: C:\Program Files\Microsoft Visual Studio\2022\Enterprise\VC\Tools\MSVC\14.43.34808\include;C:\Program Files\Microsoft Visual Studio\2022\Enterprise\VC\Tools\MSVC\14.43.34808\ATLMFC\include;C:\Program Files\Microsoft Visual Studio\2022\Enterprise\VC\Auxiliary\VS\include;C:\Program Files (x86)\Windows Kits\10\include\10.0.26100.0\ucrt;C:\Program Files (x86)\Windows Kits\10\\include\10.0.26100.0\\um;C:\Program Files (x86)\Windows Kits\10\\include\10.0.26100.0\\shared;C:\Program Files (x86)\Windows Kits\10\\include\10.0.26100.0\\winrt;C:\Program Files (x86)\Windows Kits\10\\include\10.0.26100.0\\cppwinrt;C:\Program Files (x86)\Windows Kits\NETFXSDK\4.8\include\um
2025-06-23T19:39:17.7682086Z   LIB: C:\Program Files\Microsoft Visual Studio\2022\Enterprise\VC\Tools\MSVC\14.43.34808\ATLMFC\lib\x86;C:\Program Files\Microsoft Visual Studio\2022\Enterprise\VC\Tools\MSVC\14.43.34808\lib\x86;C:\Program Files (x86)\Windows Kits\NETFXSDK\4.8\lib\um\x86;C:\Program Files (x86)\Windows Kits\10\lib\10.0.26100.0\ucrt\x86;C:\Program Files (x86)\Windows Kits\10\\lib\10.0.26100.0\\um\x86
2025-06-23T19:39:17.7684324Z   LIBPATH: C:\Program Files\Microsoft Visual Studio\2022\Enterprise\VC\Tools\MSVC\14.43.34808\ATLMFC\lib\x86;C:\Program Files\Microsoft Visual Studio\2022\Enterprise\VC\Tools\MSVC\14.43.34808\lib\x86;C:\Program Files\Microsoft Visual Studio\2022\Enterprise\VC\Tools\MSVC\14.43.34808\lib\x86\store\references;C:\Program Files (x86)\Windows Kits\10\UnionMetadata\10.0.26100.0;C:\Program Files (x86)\Windows Kits\10\References\10.0.26100.0;C:\Windows\Microsoft.NET\Framework\v4.0.30319
2025-06-23T19:39:17.7685763Z   NETFXSDKDir: C:\Program Files (x86)\Windows Kits\NETFXSDK\4.8\
2025-06-23T19:39:17.7699511Z   Path: C:\Program Files\Microsoft Visual Studio\2022\Enterprise\VC\Tools\MSVC\14.43.34808\bin\HostX86\x86;C:\Program Files\Microsoft Visual Studio\2022\Enterprise\Common7\IDE\VC\VCPackages;C:\Program Files\Microsoft Visual Studio\2022\Enterprise\Common7\IDE\CommonExtensions\Microsoft\TestWindow;C:\Program Files\Microsoft Visual Studio\2022\Enterprise\Common7\IDE\CommonExtensions\Microsoft\TeamFoundation\Team Explorer;C:\Program Files\Microsoft Visual Studio\2022\Enterprise\MSBuild\Current\bin\Roslyn;C:\Program Files (x86)\Microsoft SDKs\Windows\v10.0A\bin\NETFX 4.8 Tools\;C:\Program Files (x86)\HTML Help Workshop;C:\Program Files\Microsoft Visual Studio\2022\Enterprise\Common7\IDE\CommonExtensions\Microsoft\FSharp\Tools;C:\Program Files\Microsoft Visual Studio\2022\Enterprise\Team Tools\DiagnosticsHub\Collector;C:\Program Files\Microsoft Visual Studio\2022\Enterprise\Common7\IDE\Extensions\Microsoft\CodeCoverage.Console;C:\Program Files (x86)\Windows Kits\10\bin\10.0.26100.0\\x86;C:\Program Files (x86)\Windows Kits\10\bin\\x86;C:\Program Files\Microsoft Visual Studio\2022\Enterprise\\MSBuild\Current\Bin\amd64;C:\Windows\Microsoft.NET\Framework\v4.0.30319;C:\Program Files\Microsoft Visual Studio\2022\Enterprise\Common7\IDE\;C:\Program Files\Microsoft Visual Studio\2022\Enterprise\Common7\Tools\;C:\Users\runneradmin\AppData\Roaming\Python\Python311\Scripts;C:\hostedtoolcache\windows\Python\3.11.9\x86\Scripts;C:\hostedtoolcache\windows\Python\3.11.9\x86;C:\Program Files\MongoDB\Server\5.0\bin;C:\aliyun-cli;C:\vcpkg;C:\Program Files (x86)\NSIS\;C:\tools\zstd;C:\Program Files\Mercurial\;C:\hostedtoolcache\windows\stack\3.5.1\x64;C:\cabal\bin;C:\\ghcup\bin;C:\mingw64\bin;C:\Program Files\dotnet;C:\Program Files\MySQL\MySQL Server 8.0\bin;C:\Program Files\R\R-4.4.2\bin\x64;C:\SeleniumWebDrivers\GeckoDriver;C:\SeleniumWebDrivers\EdgeDriver\;C:\SeleniumWebDrivers\ChromeDriver;C:\Program Files (x86)\sbt\bin;C:\Program Files (x86)\GitHub CLI;C:\Program Files\Git\bin;C:\Program Files (x86)\pipx_bin;C:\npm\prefix;C:\hostedtoolcache\windows\go\1.24.3\x64\bin;C:\hostedtoolcache\windows\Python\3.9.13\x64\Scripts;C:\hostedtoolcache\windows\Python\3.9.13\x64;C:\hostedtoolcache\windows\Ruby\3.3.8\x64\bin;C:\Program Files\OpenSSL\bin;C:\tools\kotlinc\bin;C:\hostedtoolcache\windows\Java_Temurin-Hotspot_jdk\8.0.452-9\x64\bin;C:\Program Files\ImageMagick-7.1.1-Q16-HDRI;C:\Program Files\Microsoft SDKs\Azure\CLI2\wbin;C:\ProgramData\kind;C:\ProgramData\Chocolatey\bin;C:\Windows\system32;C:\Windows;C:\Windows\System32\Wbem;C:\Windows\System32\WindowsPowerShell\v1.0\;C:\Windows\System32\OpenSSH\;C:\Program Files\dotnet\;C:\Program Files\PowerShell\7\;C:\Program Files\Microsoft\Web Platform Installer\;C:\Program Files\TortoiseSVN\bin;C:\Program Files\Microsoft SQL Server\Client SDK\ODBC\170\Tools\Binn\;C:\Program Files\Microsoft SQL Server\150\Tools\Binn\;C:\Program Files (x86)\Windows Kits\10\Windows Performance Toolkit\;C:\Program Files (x86)\WiX Toolset v3.14\bin;C:\Program Files\Microsoft SQL Server\130\DTS\Binn\;C:\Program Files\Microsoft SQL Server\140\DTS\Binn\;C:\Program Files\Microsoft SQL Server\150\DTS\Binn\;C:\Program Files\Microsoft SQL Server\160\DTS\Binn\;C:\Strawberry\c\bin;C:\Strawberry\perl\site\bin;C:\Strawberry\perl\bin;C:\ProgramData\chocolatey\lib\pulumi\tools\Pulumi\bin;C:\Program Files\CMake\bin;C:\ProgramData\chocolatey\lib\maven\apache-maven-3.9.9\bin;C:\Program Files\Microsoft Service Fabric\bin\Fabric\Fabric.Code;C:\Program Files\Microsoft SDKs\Service Fabric\Tools\ServiceFabricLocalClusterManager;C:\Program Files\nodejs\;C:\Program Files\Git\cmd;C:\Program Files\Git\mingw64\bin;C:\Program Files\Git\usr\bin;C:\Program Files\GitHub CLI\;c:\tools\php;C:\Program Files\Amazon\AWSCLIV2\;C:\Program Files\Amazon\SessionManagerPlugin\bin\;C:\Program Files\Amazon\AWSSAMCLI\bin\;C:\Program Files\Microsoft SQL Server\130\Tools\Binn\;C:\Program Files\LLVM\bin;C:\Users\runneradmin\.dotnet\tools;C:\Users\runneradmin\.cargo\bin;C:\Users\runneradmin\AppData\Local\Microsoft\WindowsApps;C:\Program Files (x86)\Microsoft Visual Studio\Installer;C:\Program Files\Microsoft Visual Studio\2022\Enterprise\VC\Tools\Llvm\bin;C:\Program Files\Microsoft Visual Studio\2022\Enterprise\Common7\IDE\CommonExtensions\Microsoft\CMake\CMake\bin;C:\Program Files\Microsoft Visual Studio\2022\Enterprise\Common7\IDE\CommonExtensions\Microsoft\CMake\Ninja;C:\Program Files\Microsoft Visual Studio\2022\Enterprise\Common7\IDE\VC\Linux\bin\ConnectionManagerExe;C:\Program Files\Microsoft Visual Studio\2022\Enterprise\VC\vcpkg
2025-06-23T19:39:17.7712840Z   Platform: x86
2025-06-23T19:39:17.7713012Z   UCRTVersion: 10.0.26100.0
2025-06-23T19:39:17.7713273Z   UniversalCRTSdkDir: C:\Program Files (x86)\Windows Kits\10\
2025-06-23T19:39:17.7713715Z   VCIDEInstallDir: C:\Program Files\Microsoft Visual Studio\2022\Enterprise\Common7\IDE\VC\
2025-06-23T19:39:17.7714193Z   VCINSTALLDIR: C:\Program Files\Microsoft Visual Studio\2022\Enterprise\VC\
2025-06-23T19:39:17.7714615Z   VCPKG_ROOT: C:\Program Files\Microsoft Visual Studio\2022\Enterprise\VC\vcpkg
2025-06-23T19:39:17.7715124Z   VCToolsInstallDir: C:\Program Files\Microsoft Visual Studio\2022\Enterprise\VC\Tools\MSVC\14.43.34808\
2025-06-23T19:39:17.7715715Z   VCToolsRedistDir: C:\Program Files\Microsoft Visual Studio\2022\Enterprise\VC\Redist\MSVC\14.42.34433\
2025-06-23T19:39:17.7716117Z   VCToolsVersion: 14.43.34808
2025-06-23T19:39:17.7716314Z   VisualStudioVersion: 17.0
2025-06-23T19:39:17.7716646Z   VS170COMNTOOLS: C:\Program Files\Microsoft Visual Studio\2022\Enterprise\Common7\Tools\
2025-06-23T19:39:17.7717005Z   VSCMD_ARG_app_plat: Desktop
2025-06-23T19:39:17.7717196Z   VSCMD_ARG_HOST_ARCH: x86
2025-06-23T19:39:17.7717375Z   VSCMD_ARG_TGT_ARCH: x86
2025-06-23T19:39:17.7717553Z   VSCMD_VER: 17.13.2
2025-06-23T19:39:17.7717821Z   VSINSTALLDIR: C:\Program Files\Microsoft Visual Studio\2022\Enterprise\
2025-06-23T19:39:17.7718248Z   VSSDK150INSTALL: C:\Program Files\Microsoft Visual Studio\2022\Enterprise\VSSDK
2025-06-23T19:39:17.7718684Z   VSSDKINSTALL: C:\Program Files\Microsoft Visual Studio\2022\Enterprise\VSSDK
2025-06-23T19:39:17.7719368Z   WindowsLibPath: C:\Program Files (x86)\Windows Kits\10\UnionMetadata\10.0.26100.0;C:\Program Files (x86)\Windows Kits\10\References\10.0.26100.0
2025-06-23T19:39:17.7719943Z   WindowsSdkBinPath: C:\Program Files (x86)\Windows Kits\10\bin\
2025-06-23T19:39:17.7720280Z   WindowsSdkDir: C:\Program Files (x86)\Windows Kits\10\
2025-06-23T19:39:17.7720555Z   WindowsSDKLibVersion: 10.0.26100.0\
2025-06-23T19:39:17.7720884Z   WindowsSdkVerBinPath: C:\Program Files (x86)\Windows Kits\10\bin\10.0.26100.0\
2025-06-23T19:39:17.7721226Z   WindowsSDKVersion: 10.0.26100.0\
2025-06-23T19:39:17.7721697Z   WindowsSDK_ExecutablePath_x64: C:\Program Files (x86)\Microsoft SDKs\Windows\v10.0A\bin\NETFX 4.8 Tools\x64\
2025-06-23T19:39:17.7722303Z   WindowsSDK_ExecutablePath_x86: C:\Program Files (x86)\Microsoft SDKs\Windows\v10.0A\bin\NETFX 4.8 Tools\
2025-06-23T19:39:17.7722701Z   __DOTNET_ADD_32BIT: 1
2025-06-23T19:39:17.7722887Z   __DOTNET_PREFERRED_BITNESS: 32
2025-06-23T19:39:17.7730898Z   __VSCMD_PREINIT_PATH: C:\Users\runneradmin\AppData\Roaming\Python\Python311\Scripts;C:\hostedtoolcache\windows\Python\3.11.9\x86\Scripts;C:\hostedtoolcache\windows\Python\3.11.9\x86;C:\Program Files\MongoDB\Server\5.0\bin;C:\aliyun-cli;C:\vcpkg;C:\Program Files (x86)\NSIS\;C:\tools\zstd;C:\Program Files\Mercurial\;C:\hostedtoolcache\windows\stack\3.5.1\x64;C:\cabal\bin;C:\\ghcup\bin;C:\mingw64\bin;C:\Program Files\dotnet;C:\Program Files\MySQL\MySQL Server 8.0\bin;C:\Program Files\R\R-4.4.2\bin\x64;C:\SeleniumWebDrivers\GeckoDriver;C:\SeleniumWebDrivers\EdgeDriver\;C:\SeleniumWebDrivers\ChromeDriver;C:\Program Files (x86)\sbt\bin;C:\Program Files (x86)\GitHub CLI;C:\Program Files\Git\bin;C:\Program Files (x86)\pipx_bin;C:\npm\prefix;C:\hostedtoolcache\windows\go\1.24.3\x64\bin;C:\hostedtoolcache\windows\Python\3.9.13\x64\Scripts;C:\hostedtoolcache\windows\Python\3.9.13\x64;C:\hostedtoolcache\windows\Ruby\3.3.8\x64\bin;C:\Program Files\OpenSSL\bin;C:\tools\kotlinc\bin;C:\hostedtoolcache\windows\Java_Temurin-Hotspot_jdk\8.0.452-9\x64\bin;C:\Program Files\ImageMagick-7.1.1-Q16-HDRI;C:\Program Files\Microsoft SDKs\Azure\CLI2\wbin;C:\ProgramData\kind;C:\ProgramData\Chocolatey\bin;C:\Windows\system32;C:\Windows;C:\Windows\System32\Wbem;C:\Windows\System32\WindowsPowerShell\v1.0\;C:\Windows\System32\OpenSSH\;C:\Program Files\dotnet\;C:\Program Files\PowerShell\7\;C:\Program Files\Microsoft\Web Platform Installer\;C:\Program Files\TortoiseSVN\bin;C:\Program Files\Microsoft SQL Server\Client SDK\ODBC\170\Tools\Binn\;C:\Program Files\Microsoft SQL Server\150\Tools\Binn\;C:\Program Files (x86)\Windows Kits\10\Windows Performance Toolkit\;C:\Program Files (x86)\WiX Toolset v3.14\bin;C:\Program Files\Microsoft SQL Server\130\DTS\Binn\;C:\Program Files\Microsoft SQL Server\140\DTS\Binn\;C:\Program Files\Microsoft SQL Server\150\DTS\Binn\;C:\Program Files\Microsoft SQL Server\160\DTS\Binn\;C:\Strawberry\c\bin;C:\Strawberry\perl\site\bin;C:\Strawberry\perl\bin;C:\ProgramData\chocolatey\lib\pulumi\tools\Pulumi\bin;C:\Program Files\CMake\bin;C:\ProgramData\chocolatey\lib\maven\apache-maven-3.9.9\bin;C:\Program Files\Microsoft Service Fabric\bin\Fabric\Fabric.Code;C:\Program Files\Microsoft SDKs\Service Fabric\Tools\ServiceFabricLocalClusterManager;C:\Program Files\nodejs\;C:\Program Files\Git\cmd;C:\Program Files\Git\mingw64\bin;C:\Program Files\Git\usr\bin;C:\Program Files\GitHub CLI\;c:\tools\php;C:\Program Files (x86)\sbt\bin;C:\Program Files\Amazon\AWSCLIV2\;C:\Program Files\Amazon\SessionManagerPlugin\bin\;C:\Program Files\Amazon\AWSSAMCLI\bin\;C:\Program Files\Microsoft SQL Server\130\Tools\Binn\;C:\Program Files\LLVM\bin;C:\Users\runneradmin\.dotnet\tools;C:\Users\runneradmin\.cargo\bin;C:\Users\runneradmin\AppData\Local\Microsoft\WindowsApps;C:\Program Files (x86)\Microsoft Visual Studio\Installer
2025-06-23T19:39:17.7738981Z ##[endgroup]
2025-06-23T19:39:18.0137743Z ##[group]Prepare output directories
2025-06-23T19:39:18.0140519Z The vpckg root directory: 'D:\a\synthizer3d\synthizer3d\vcpkg'
2025-06-23T19:39:18.0178300Z ##[endgroup]
2025-06-23T19:39:18.0178896Z ⏱ elapsed: 0.004 seconds
2025-06-23T19:39:18.1893209Z Running command '"C:\Program Files\Git\bin\git.exe"' with args '^"submodule^",^"status^",^"D:\a\synthizer3d\synthizer3d\vcpkg^"' in current directory 'D:\a\synthizer3d\synthizer3d'.
2025-06-23T19:39:18.6714950Z error: pathspec 'D:\a\synthizer3d\synthizer3d\vcpkg' did not match any file(s) known to git
2025-06-23T19:39:18.6795613Z ##[group]Searching for vcpkg.json with glob expression 'vcpkg.json'
2025-06-23T19:39:18.6872325Z Found vcpkg.json at 'vcpkg.json'.
2025-06-23T19:39:18.6874577Z ##[endgroup]
2025-06-23T19:39:18.6875106Z ⏱ elapsed: 0.008 seconds
2025-06-23T19:39:18.6875955Z ##[group]The vcpkgCommitId is not provided, searching for a vcpkg-configuration.json using **/vcpkg-configuration.json
2025-06-23T19:39:18.6879708Z Searching for 'vcpkg-configuration.json' using: '**/vcpkg-configuration.json'
2025-06-23T19:39:18.7341690Z The file 'vcpkg-configuration.json' was not found with glob expression '**/vcpkg-configuration.json'.
2025-06-23T19:39:18.7342936Z A vcpkg-configuration.json is not found.
2025-06-23T19:39:18.7370417Z ##[endgroup]
2025-06-23T19:39:18.7370911Z ⏱ elapsed: 0.049 seconds
2025-06-23T19:39:18.7372475Z Found baseline '8f63c9ed5897d7367a92a442a79f91721e0fd38f', this is the Git commit id going to be used to fetch vcpkg from the repository
2025-06-23T19:39:18.7393412Z ##[group]Setup to run on GitHub Action runners
2025-06-23T19:39:18.7394191Z Set the workflow environment variable 'VCPKG_BINARY_SOURCES' to value 'clear;x-gha,readwrite'
2025-06-23T19:39:18.7395532Z Set the workflow environment variable 'ACTIONS_CACHE_URL' to value 'https://acghubeus2.actions.githubusercontent.com/bwbzopuV3oKlbowlUKWdOnf6KF0vjv7EYqCB3ZHqukKhTVgy74/'
2025-06-23T19:39:18.7434026Z Set the workflow environment variable 'ACTIONS_RUNTIME_TOKEN' to value '***'
2025-06-23T19:39:18.7434716Z ##[endgroup]
2025-06-23T19:39:18.7435107Z ⏱ elapsed: 0.002 seconds
2025-06-23T19:39:18.7435586Z ##[group]Retrieving the vcpkg Git commit id at: 'D:\a\synthizer3d\synthizer3d\vcpkg'
2025-06-23T19:39:18.8584348Z Fetching the Git commit id at 'D:\a\synthizer3d\synthizer3d\vcpkg' ...
2025-06-23T19:39:18.8589809Z Running command '"C:\Program Files\Git\bin\git.exe"' with args '^"rev-parse^",^"HEAD^"' in current directory 'D:\a\synthizer3d\synthizer3d\vcpkg'.
2025-06-23T19:39:18.8899800Z 30b441a6c89b2a23b3c9e445a9f6f2e91fec84e0
2025-06-23T19:39:18.8937493Z ##[endgroup]
2025-06-23T19:39:18.8938384Z ⏱ elapsed: 0.154 seconds
2025-06-23T19:39:18.8939022Z ##[group]Check whether vcpkg repository is up to date
2025-06-23T19:39:18.8941199Z Checking whether vcpkg's repository is updated to commit id '30b441a6c89b2a23b3c9e445a9f6f2e91fec84e0' ...
2025-06-23T19:39:18.8943799Z Current commit id of vcpkg: '30b441a6c89b2a23b3c9e445a9f6f2e91fec84e0'.
2025-06-23T19:39:18.8944362Z Is vcpkg repository updated? No
2025-06-23T19:39:18.8944911Z ##[endgroup]
2025-06-23T19:39:18.8945456Z ⏱ elapsed: 0.001 seconds
2025-06-23T19:39:18.8945864Z ##[group]Download vcpkg source code repository
2025-06-23T19:39:18.8948107Z Cloning vcpkg in 'D:\a\synthizer3d\synthizer3d\vcpkg'...
2025-06-23T19:39:18.9928107Z Running command '"C:\Program Files\Git\bin\git.exe"' with args '^"clone^",^"https://github.com/microsoft/vcpkg.git^",^"-n^",^".^"' in current directory 'D:\a\synthizer3d\synthizer3d\vcpkg'.
2025-06-23T19:39:19.0510166Z Cloning into '.'...
2025-06-23T19:39:29.0547948Z Running command '"C:\Program Files\Git\bin\git.exe"' with args '^"checkout^",^"--force^",^"8f63c9ed5897d7367a92a442a79f91721e0fd38f^"' in current directory 'D:\a\synthizer3d\synthizer3d\vcpkg'.
2025-06-23T19:39:31.0811871Z Note: switching to '8f63c9ed5897d7367a92a442a79f91721e0fd38f'.
2025-06-23T19:39:31.0812259Z 
2025-06-23T19:39:31.0812712Z You are in 'detached HEAD' state. You can look around, make experimental
2025-06-23T19:39:31.0813527Z changes and commit them, and you can discard any commits you make in this
2025-06-23T19:39:31.0814696Z state without impacting any branches by switching back to a branch.
2025-06-23T19:39:31.0815124Z 
2025-06-23T19:39:31.0815555Z If you want to create a new branch to retain commits you create, you may
2025-06-23T19:39:31.0816357Z do so (now or later) by using -c with the switch command. Example:
2025-06-23T19:39:31.0816720Z 
2025-06-23T19:39:31.0816901Z   git switch -c <new-branch-name>
2025-06-23T19:39:31.0817122Z 
2025-06-23T19:39:31.0817287Z Or undo this operation with:
2025-06-23T19:39:31.0817502Z 
2025-06-23T19:39:31.0817627Z   git switch -
2025-06-23T19:39:31.0817788Z 
2025-06-23T19:39:31.0818270Z Turn off this advice by setting config variable advice.detachedHead to false
2025-06-23T19:39:31.0819878Z 
2025-06-23T19:39:31.0820276Z HEAD is now at 8f63c9ed58 [tree-sitter-c] update to 0.24.1 (#45715)
2025-06-23T19:39:31.0875456Z Clone vcpkg in 'D:\a\synthizer3d\synthizer3d\vcpkg'.
2025-06-23T19:39:31.0876368Z ##[endgroup]
2025-06-23T19:39:31.0877214Z ⏱ elapsed: 12.193 seconds
2025-06-23T19:39:31.0877815Z ##[group]Build vcpkg executable
2025-06-23T19:39:31.2629679Z Running command '"C:\Windows\system32\cmd.exe"' with args '^"/c^",^"D:\a\synthizer3d\synthizer3d\vcpkg\bootstrap-vcpkg.bat^"' in current directory 'D:\a\synthizer3d\synthizer3d\vcpkg'.
2025-06-23T19:39:31.8057095Z Downloading https://github.com/microsoft/vcpkg-tool/releases/download/2025-05-19/vcpkg.exe -> D:\a\synthizer3d\synthizer3d\vcpkg\vcpkg.exe... done.
2025-06-23T19:39:31.9287371Z Validating signature... done.
2025-06-23T19:39:31.9392955Z 
2025-06-23T19:39:31.9576492Z vcpkg package management program version 2025-05-19-ece4c0f6b8fae9e94513d544c7aa753dd2c82337
2025-06-23T19:39:31.9576904Z 
2025-06-23T19:39:31.9577109Z See LICENSE.txt for license information.
2025-06-23T19:39:31.9602213Z Telemetry
2025-06-23T19:39:31.9602688Z ---------
2025-06-23T19:39:31.9603644Z vcpkg collects usage data in order to help us improve your experience.
2025-06-23T19:39:31.9604400Z The data collected by Microsoft is anonymous.
2025-06-23T19:39:31.9605333Z You can opt-out of telemetry by re-running the bootstrap-vcpkg script with -disableMetrics,
2025-06-23T19:39:31.9606216Z passing --disable-metrics to vcpkg on the command line,
2025-06-23T19:39:31.9606939Z or by setting the VCPKG_DISABLE_METRICS environment variable.
2025-06-23T19:39:31.9607315Z 
2025-06-23T19:39:31.9609031Z Read more about vcpkg telemetry at docs/about/privacy.md
2025-06-23T19:39:32.0878260Z Fetching the Git commit id at 'D:\a\synthizer3d\synthizer3d\vcpkg' ...
2025-06-23T19:39:32.0879441Z Running command '"C:\Program Files\Git\bin\git.exe"' with args '^"rev-parse^",^"HEAD^"' in current directory 'D:\a\synthizer3d\synthizer3d\vcpkg'.
2025-06-23T19:39:32.1166910Z 8f63c9ed5897d7367a92a442a79f91721e0fd38f
2025-06-23T19:39:32.1207472Z Stored last built vcpkg commit id '8f63c9ed5897d7367a92a442a79f91721e0fd38f' in file 'D:\a\synthizer3d\synthizer3d\vcpkg\vcpkgLastBuiltCommitId'.
2025-06-23T19:39:32.1208615Z ##[endgroup]
2025-06-23T19:39:32.1209203Z ⏱ elapsed: 1.033 seconds
2025-06-23T19:39:32.1209854Z ##[group]Add to PATH vcpkg at 'D:\a\synthizer3d\synthizer3d\vcpkg'
2025-06-23T19:39:32.1212877Z ##[endgroup]
2025-06-23T19:39:32.1214139Z ⏱ elapsed: 0.001 seconds
2025-06-23T19:39:32.1215729Z ##[group]Install/Update ports using vcpkg.json
2025-06-23T19:39:32.1219192Z Running 'vcpkg install,--recurse,--clean-after-build,--x-install-root,D:/a/synthizer3d/synthizer3d/969f6665-88a2-4c98-938e-ca9259871fec/vcpkg_installed,--triplet,x86-windows' in directory 'D:\a\synthizer3d\synthizer3d' ...
2025-06-23T19:39:32.1221807Z Running command '"D:\a\synthizer3d\synthizer3d\vcpkg\vcpkg.exe"' with args '^"install^",^"--recurse^",^"--clean-after-build^",^"--x-install-root^",^"D:/a/synthizer3d/synthizer3d/969f6665-88a2-4c98-938e-ca9259871fec/vcpkg_installed^",^"--triplet^",^"x86-windows^"' in current directory 'D:\a\synthizer3d\synthizer3d'.
2025-06-23T19:39:32.1409137Z warning: The vcpkg D:\a\synthizer3d\synthizer3d\vcpkg\vcpkg.exe is using detected vcpkg root D:\a\synthizer3d\synthizer3d\vcpkg and ignoring mismatched VCPKG_ROOT environment value C:\Program Files\Microsoft Visual Studio\2022\Enterprise\VC\vcpkg. To suppress this message, unset the environment variable or use the --vcpkg-root command line switch.
2025-06-23T19:39:37.0247900Z Detecting compiler hash for triplet x64-windows...
2025-06-23T19:40:10.8386657Z Compiler found: C:/Program Files/Microsoft Visual Studio/2022/Enterprise/VC/Tools/MSVC/14.43.34808/bin/Hostx64/x64/cl.exe
2025-06-23T19:40:10.8469443Z Detecting compiler hash for triplet x86-windows...
2025-06-23T19:40:36.7294440Z Compiler found: C:/Program Files/Microsoft Visual Studio/2022/Enterprise/VC/Tools/MSVC/14.43.34808/bin/Hostx64/x86/cl.exe
2025-06-23T19:40:36.7368622Z The following packages will be built and installed:
2025-06-23T19:40:36.7369295Z   * atl:x86-windows@0
2025-06-23T19:40:36.7369704Z   * atlmfc:x86-windows@0#3
2025-06-23T19:40:36.7370131Z     libogg:x86-windows@1.3.5#2
2025-06-23T19:40:36.7370802Z     libvorbis:x86-windows@1.3.7#4
2025-06-23T19:40:36.7371326Z     opus:x86-windows@1.5.2
2025-06-23T19:40:36.7372007Z     opusfile:x86-windows@0.12+20221121#1
2025-06-23T19:40:36.7372504Z     soundtouch:x86-windows@2.3.3
2025-06-23T19:40:36.7372988Z   * vcpkg-cmake:x64-windows@2024-04-23
2025-06-23T19:40:36.7373520Z   * vcpkg-cmake-config:x64-windows@2024-05-23
2025-06-23T19:40:36.7374242Z Additional packages (*) will be modified to complete this operation.
2025-06-23T19:40:36.7383721Z %VCPKG_BINARY_SOURCES%: warning: The 'x-gha' binary caching backend has been removed. Consider using a NuGet-based binary caching provider instead, see extended documentation at https://learn.microsoft.com/vcpkg/users/binarycaching?WT.mc_id=vcpkg_inproduct_cli.
2025-06-23T19:40:36.7385624Z   on expression: clear;x-gha,readwrite
2025-06-23T19:40:36.7386104Z                                       ^
2025-06-23T19:40:36.7386721Z Installing 1/9 vcpkg-cmake-config:x64-windows@2024-05-23...
2025-06-23T19:40:36.7387411Z Building vcpkg-cmake-config:x64-windows@2024-05-23...
2025-06-23T19:40:36.7801121Z -- Installing: D:/a/synthizer3d/synthizer3d/vcpkg/packages/vcpkg-cmake-config_x64-windows/share/vcpkg-cmake-config/vcpkg_cmake_config_fixup.cmake
2025-06-23T19:40:36.7814481Z -- Installing: D:/a/synthizer3d/synthizer3d/vcpkg/packages/vcpkg-cmake-config_x64-windows/share/vcpkg-cmake-config/vcpkg-port-config.cmake
2025-06-23T19:40:36.7816258Z -- Installing: D:/a/synthizer3d/synthizer3d/vcpkg/packages/vcpkg-cmake-config_x64-windows/share/vcpkg-cmake-config/copyright
2025-06-23T19:40:36.7863934Z -- Skipping post-build validation due to VCPKG_POLICY_EMPTY_PACKAGE
2025-06-23T19:40:36.7900856Z Elapsed time to handle vcpkg-cmake-config:x64-windows: 54.1 ms
2025-06-23T19:40:36.7902167Z vcpkg-cmake-config:x64-windows package ABI: 842797583f0500a3cabbedf03fb083636fe11e4fd3fd19d9a475485e484445fb
2025-06-23T19:40:36.7903201Z Installing 2/9 vcpkg-cmake:x64-windows@2024-04-23...
2025-06-23T19:40:36.7903855Z Building vcpkg-cmake:x64-windows@2024-04-23...
2025-06-23T19:40:36.8215853Z -- Installing: D:/a/synthizer3d/synthizer3d/vcpkg/packages/vcpkg-cmake_x64-windows/share/vcpkg-cmake/vcpkg_cmake_configure.cmake
2025-06-23T19:40:36.8228441Z -- Installing: D:/a/synthizer3d/synthizer3d/vcpkg/packages/vcpkg-cmake_x64-windows/share/vcpkg-cmake/vcpkg_cmake_build.cmake
2025-06-23T19:40:36.8230401Z -- Installing: D:/a/synthizer3d/synthizer3d/vcpkg/packages/vcpkg-cmake_x64-windows/share/vcpkg-cmake/vcpkg_cmake_install.cmake
2025-06-23T19:40:36.8239115Z -- Installing: D:/a/synthizer3d/synthizer3d/vcpkg/packages/vcpkg-cmake_x64-windows/share/vcpkg-cmake/vcpkg-port-config.cmake
2025-06-23T19:40:36.8240368Z -- Installing: D:/a/synthizer3d/synthizer3d/vcpkg/packages/vcpkg-cmake_x64-windows/share/vcpkg-cmake/copyright
2025-06-23T19:40:36.8295275Z -- Performing post-build validation
2025-06-23T19:40:36.8346562Z Elapsed time to handle vcpkg-cmake:x64-windows: 44.3 ms
2025-06-23T19:40:36.8347789Z vcpkg-cmake:x64-windows package ABI: a500b93f9e0b831ca946128005613d551eeb943040c8f073dc3184f7e15c9834
2025-06-23T19:40:36.8349069Z Installing 3/9 libogg:x86-windows@1.3.5#2...
2025-06-23T19:40:36.8349698Z Building libogg:x86-windows@1.3.5#2...
2025-06-23T19:40:36.8926515Z Downloading https://gitlab.xiph.org/xiph/ogg/-/archive/v1.3.5/ogg-v1.3.5.tar.gz -> xiph-ogg-v1.3.5.tar.gz
2025-06-23T19:40:37.9296563Z Successfully downloaded xiph-ogg-v1.3.5.tar.gz
2025-06-23T19:40:37.9333306Z -- Extracting source D:/a/synthizer3d/synthizer3d/vcpkg/downloads/xiph-ogg-v1.3.5.tar.gz
2025-06-23T19:40:38.3975884Z -- Using source at D:/a/synthizer3d/synthizer3d/vcpkg/buildtrees/libogg/src/v1.3.5-1a4243fef9.clean
2025-06-23T19:40:38.4101023Z -- Found external ninja('1.12.1').
2025-06-23T19:40:38.4144990Z -- Configuring x86-windows
2025-06-23T19:40:54.7144938Z -- Building x86-windows-dbg
2025-06-23T19:40:55.7691499Z -- Building x86-windows-rel
2025-06-23T19:40:57.6994338Z -- Fixing pkgconfig file: D:/a/synthizer3d/synthizer3d/vcpkg/packages/libogg_x86-windows/lib/pkgconfig/ogg.pc
2025-06-23T19:40:57.7198621Z Downloading msys2-mingw-w64-x86_64-pkgconf-1~2.3.0-1-any.pkg.tar.zst, trying https://mirror.msys2.org/mingw/mingw64/mingw-w64-x86_64-pkgconf-1~2.3.0-1-any.pkg.tar.zst
2025-06-23T19:40:58.4013812Z Successfully downloaded msys2-mingw-w64-x86_64-pkgconf-1~2.3.0-1-any.pkg.tar.zst
2025-06-23T19:40:58.4141867Z Downloading msys2-msys2-runtime-3.5.4-2-x86_64.pkg.tar.zst, trying https://mirror.msys2.org/msys/x86_64/msys2-runtime-3.5.4-2-x86_64.pkg.tar.zst
2025-06-23T19:40:59.1022094Z Successfully downloaded msys2-msys2-runtime-3.5.4-2-x86_64.pkg.tar.zst
2025-06-23T19:40:59.2690428Z -- Using msys root at D:/a/synthizer3d/synthizer3d/vcpkg/downloads/tools/msys2/21caed2f81ec917b
2025-06-23T19:40:59.2790702Z -- Fixing pkgconfig file: D:/a/synthizer3d/synthizer3d/vcpkg/packages/libogg_x86-windows/debug/lib/pkgconfig/ogg.pc
2025-06-23T19:40:59.2863525Z -- Installing: D:/a/synthizer3d/synthizer3d/vcpkg/packages/libogg_x86-windows/share/libogg/copyright
2025-06-23T19:40:59.2922783Z -- Performing post-build validation
2025-06-23T19:40:59.3137022Z Elapsed time to handle libogg:x86-windows: 22 s
2025-06-23T19:40:59.3137920Z libogg:x86-windows package ABI: 9d3116e61295141536d65bb41b5ea55c2d7e70816845fe2fcdb939f844d32951
2025-06-23T19:40:59.3138752Z Installing 4/9 libvorbis:x86-windows@1.3.7#4...
2025-06-23T19:40:59.3139223Z Building libvorbis:x86-windows@1.3.7#4...
2025-06-23T19:40:59.3551302Z Downloading https://github.com/xiph/vorbis/archive/v1.3.7.tar.gz -> xiph-vorbis-v1.3.7.tar.gz
2025-06-23T19:40:59.5333047Z Successfully downloaded xiph-vorbis-v1.3.7.tar.gz
2025-06-23T19:40:59.5404728Z -- Extracting source D:/a/synthizer3d/synthizer3d/vcpkg/downloads/xiph-vorbis-v1.3.7.tar.gz
2025-06-23T19:40:59.7308715Z -- Applying patch 0001-Dont-export-vorbisenc-functions.patch
2025-06-23T19:40:59.7530015Z -- Applying patch 0002-Fixup-pkgconfig-libs.patch
2025-06-23T19:40:59.7741096Z -- Applying patch 0003-def-mingw-compat.patch
2025-06-23T19:40:59.7961479Z -- Applying patch 0004-ogg-find-dependency.patch
2025-06-23T19:40:59.8174676Z -- Using source at D:/a/synthizer3d/synthizer3d/vcpkg/buildtrees/libvorbis/src/v1.3.7-c32164610e.clean
2025-06-23T19:40:59.8288239Z -- Found external ninja('1.12.1').
2025-06-23T19:40:59.8322958Z -- Configuring x86-windows
2025-06-23T19:41:01.5292298Z -- Building x86-windows-dbg
2025-06-23T19:41:03.1501081Z -- Building x86-windows-rel
2025-06-23T19:41:05.3306461Z -- Fixing pkgconfig file: D:/a/synthizer3d/synthizer3d/vcpkg/packages/libvorbis_x86-windows/lib/pkgconfig/vorbis.pc
2025-06-23T19:41:05.3312297Z -- Fixing pkgconfig file: D:/a/synthizer3d/synthizer3d/vcpkg/packages/libvorbis_x86-windows/lib/pkgconfig/vorbisenc.pc
2025-06-23T19:41:05.3318898Z -- Fixing pkgconfig file: D:/a/synthizer3d/synthizer3d/vcpkg/packages/libvorbis_x86-windows/lib/pkgconfig/vorbisfile.pc
2025-06-23T19:41:05.3519381Z Downloading msys2-mingw-w64-x86_64-pkgconf-1~2.3.0-1-any.pkg.tar.zst, trying https://mirror.msys2.org/mingw/mingw64/mingw-w64-x86_64-pkgconf-1~2.3.0-1-any.pkg.tar.zst
2025-06-23T19:41:05.8836960Z Successfully downloaded msys2-mingw-w64-x86_64-pkgconf-1~2.3.0-1-any.pkg.tar.zst
2025-06-23T19:41:05.8961568Z Downloading msys2-msys2-runtime-3.5.4-2-x86_64.pkg.tar.zst, trying https://mirror.msys2.org/msys/x86_64/msys2-runtime-3.5.4-2-x86_64.pkg.tar.zst
2025-06-23T19:41:06.5713827Z Successfully downloaded msys2-msys2-runtime-3.5.4-2-x86_64.pkg.tar.zst
2025-06-23T19:41:06.5741329Z -- Using msys root at D:/a/synthizer3d/synthizer3d/vcpkg/downloads/tools/msys2/21caed2f81ec917b
2025-06-23T19:41:06.5932988Z -- Fixing pkgconfig file: D:/a/synthizer3d/synthizer3d/vcpkg/packages/libvorbis_x86-windows/debug/lib/pkgconfig/vorbis.pc
2025-06-23T19:41:06.5937986Z -- Fixing pkgconfig file: D:/a/synthizer3d/synthizer3d/vcpkg/packages/libvorbis_x86-windows/debug/lib/pkgconfig/vorbisenc.pc
2025-06-23T19:41:06.5944328Z -- Fixing pkgconfig file: D:/a/synthizer3d/synthizer3d/vcpkg/packages/libvorbis_x86-windows/debug/lib/pkgconfig/vorbisfile.pc
2025-06-23T19:41:06.7332862Z -- Installing: D:/a/synthizer3d/synthizer3d/vcpkg/packages/libvorbis_x86-windows/share/libvorbis/usage
2025-06-23T19:41:06.7337982Z -- Installing: D:/a/synthizer3d/synthizer3d/vcpkg/packages/libvorbis_x86-windows/share/libvorbis/copyright
2025-06-23T19:41:06.7392709Z -- Performing post-build validation
2025-06-23T19:41:06.7800205Z Elapsed time to handle libvorbis:x86-windows: 7.5 s
2025-06-23T19:41:06.7801155Z libvorbis:x86-windows package ABI: adab93becfac965458b82252da84893d8ac078e2f991ea5f3087e5b9a3a939e0
2025-06-23T19:41:06.7801789Z Installing 5/9 opus:x86-windows@1.5.2...
2025-06-23T19:41:06.8208605Z Building opus:x86-windows@1.5.2...
2025-06-23T19:41:06.8209286Z Downloading https://github.com/xiph/opus/archive/v1.5.2.tar.gz -> xiph-opus-v1.5.2.tar.gz
2025-06-23T19:41:07.0306033Z Successfully downloaded xiph-opus-v1.5.2.tar.gz
2025-06-23T19:41:07.0479679Z -- Extracting source D:/a/synthizer3d/synthizer3d/vcpkg/downloads/xiph-opus-v1.5.2.tar.gz
2025-06-23T19:41:07.2932886Z -- Applying patch fix-pkgconfig-version.patch
2025-06-23T19:41:07.3167797Z -- Using source at D:/a/synthizer3d/synthizer3d/vcpkg/buildtrees/opus/src/v1.5.2-81ed242155.clean
2025-06-23T19:41:07.3297302Z -- Found external ninja('1.12.1').
2025-06-23T19:41:07.3332725Z -- Configuring x86-windows
2025-06-23T19:41:15.8877707Z -- Building x86-windows-dbg
2025-06-23T19:41:21.2201774Z -- Building x86-windows-rel
2025-06-23T19:41:28.8036389Z -- Fixing pkgconfig file: D:/a/synthizer3d/synthizer3d/vcpkg/packages/opus_x86-windows/lib/pkgconfig/opus.pc
2025-06-23T19:41:28.8243968Z Downloading msys2-mingw-w64-x86_64-pkgconf-1~2.3.0-1-any.pkg.tar.zst, trying https://mirror.msys2.org/mingw/mingw64/mingw-w64-x86_64-pkgconf-1~2.3.0-1-any.pkg.tar.zst
2025-06-23T19:41:29.3595360Z Successfully downloaded msys2-mingw-w64-x86_64-pkgconf-1~2.3.0-1-any.pkg.tar.zst
2025-06-23T19:41:29.3724860Z Downloading msys2-msys2-runtime-3.5.4-2-x86_64.pkg.tar.zst, trying https://mirror.msys2.org/msys/x86_64/msys2-runtime-3.5.4-2-x86_64.pkg.tar.zst
2025-06-23T19:41:30.0397725Z Successfully downloaded msys2-msys2-runtime-3.5.4-2-x86_64.pkg.tar.zst
2025-06-23T19:41:30.0429343Z -- Using msys root at D:/a/synthizer3d/synthizer3d/vcpkg/downloads/tools/msys2/21caed2f81ec917b
2025-06-23T19:41:30.0503314Z -- Fixing pkgconfig file: D:/a/synthizer3d/synthizer3d/vcpkg/packages/opus_x86-windows/debug/lib/pkgconfig/opus.pc
2025-06-23T19:41:30.0583553Z -- Installing: D:/a/synthizer3d/synthizer3d/vcpkg/packages/opus_x86-windows/share/opus/copyright
2025-06-23T19:41:30.0645908Z -- Performing post-build validation
2025-06-23T19:41:30.1288068Z Elapsed time to handle opus:x86-windows: 23 s
2025-06-23T19:41:30.1289146Z opus:x86-windows package ABI: 83e5b95bc9fc04c66845576db4b179fe11bca26089260af25c339303740be4b4
2025-06-23T19:41:30.1290228Z Installing 6/9 opusfile:x86-windows@0.12+20221121#1...
2025-06-23T19:41:30.1290952Z Building opusfile:x86-windows@0.12+20221121#1...
2025-06-23T19:41:30.1605062Z -- Note: opusfile only supports static library linkage. Building static library.
2025-06-23T19:41:30.1709139Z Downloading https://github.com/xiph/opusfile/archive/9d718345ce03b2fad5d7d28e0bcd1cc69ab2b166.tar.gz -> xiph-opusfile-9d718345ce03b2fad5d7d28e0bcd1cc69ab2b166.tar.gz
2025-06-23T19:41:30.3016884Z Successfully downloaded xiph-opusfile-9d718345ce03b2fad5d7d28e0bcd1cc69ab2b166.tar.gz
2025-06-23T19:41:30.3055879Z -- Extracting source D:/a/synthizer3d/synthizer3d/vcpkg/downloads/xiph-opusfile-9d718345ce03b2fad5d7d28e0bcd1cc69ab2b166.tar.gz
2025-06-23T19:41:30.4357732Z -- Using source at D:/a/synthizer3d/synthizer3d/vcpkg/buildtrees/opusfile/src/c69ab2b166-6cc7de23ec.clean
2025-06-23T19:41:30.4481021Z -- Found external ninja('1.12.1').
2025-06-23T19:41:30.4520302Z -- Configuring x86-windows
2025-06-23T19:41:31.8390362Z -- Building x86-windows-dbg
2025-06-23T19:41:37.5661521Z -- Building x86-windows-rel
2025-06-23T19:41:38.0192428Z -- Fixing pkgconfig file: D:/a/synthizer3d/synthizer3d/vcpkg/packages/opusfile_x86-windows/lib/pkgconfig/opusfile.pc
2025-06-23T19:41:38.0405301Z Downloading msys2-mingw-w64-x86_64-pkgconf-1~2.3.0-1-any.pkg.tar.zst, trying https://mirror.msys2.org/mingw/mingw64/mingw-w64-x86_64-pkgconf-1~2.3.0-1-any.pkg.tar.zst
2025-06-23T19:41:38.5748162Z Successfully downloaded msys2-mingw-w64-x86_64-pkgconf-1~2.3.0-1-any.pkg.tar.zst
2025-06-23T19:41:38.5874694Z Downloading msys2-msys2-runtime-3.5.4-2-x86_64.pkg.tar.zst, trying https://mirror.msys2.org/msys/x86_64/msys2-runtime-3.5.4-2-x86_64.pkg.tar.zst
2025-06-23T19:41:39.2561813Z Successfully downloaded msys2-msys2-runtime-3.5.4-2-x86_64.pkg.tar.zst
2025-06-23T19:41:39.2602618Z -- Using msys root at D:/a/synthizer3d/synthizer3d/vcpkg/downloads/tools/msys2/21caed2f81ec917b
2025-06-23T19:41:39.2688964Z -- Fixing pkgconfig file: D:/a/synthizer3d/synthizer3d/vcpkg/packages/opusfile_x86-windows/debug/lib/pkgconfig/opusfile.pc
2025-06-23T19:41:39.2798521Z -- Installing: D:/a/synthizer3d/synthizer3d/vcpkg/packages/opusfile_x86-windows/share/opusfile/copyright
2025-06-23T19:41:39.2806038Z -- Installing: D:/a/synthizer3d/synthizer3d/vcpkg/packages/opusfile_x86-windows/share/opusfile/usage
2025-06-23T19:41:39.2879265Z -- Performing post-build validation
2025-06-23T19:41:39.3026237Z Elapsed time to handle opusfile:x86-windows: 9.2 s
2025-06-23T19:41:39.3027270Z opusfile:x86-windows package ABI: 558f8d0c1725b77c6cd28062f718be9e4baef5d64a4d6297e504b882d2ce8a04
2025-06-23T19:41:39.3028131Z Installing 7/9 atl:x86-windows@0...
2025-06-23T19:41:39.3031260Z Building atl:x86-windows@0...
2025-06-23T19:41:39.8484124Z -- Skipping post-build validation due to VCPKG_POLICY_EMPTY_PACKAGE
2025-06-23T19:41:39.8511065Z Elapsed time to handle atl:x86-windows: 549 ms
2025-06-23T19:41:39.8511976Z atl:x86-windows package ABI: 342d8acf1d4b00c8d8f5437e477585b33bd67c023be49b90ef63dc559637cb14
2025-06-23T19:41:39.8512753Z Installing 8/9 atlmfc:x86-windows@0#3...
2025-06-23T19:41:39.8513163Z Building atlmfc:x86-windows@0#3...
2025-06-23T19:41:41.7258225Z -- Skipping post-build validation due to VCPKG_POLICY_EMPTY_PACKAGE
2025-06-23T19:41:41.7288414Z Elapsed time to handle atlmfc:x86-windows: 1.9 s
2025-06-23T19:41:41.7289507Z atlmfc:x86-windows package ABI: a0ff26a5f4a3e69d6e49f9851c85c9537d1d5ce7c541b6be746af6ec50c22239
2025-06-23T19:41:41.7290402Z Installing 9/9 soundtouch:x86-windows@2.3.3...
2025-06-23T19:41:41.7293184Z Building soundtouch:x86-windows@2.3.3...
2025-06-23T19:41:41.7709611Z Downloading https://codeberg.org/soundtouch/soundtouch/archive/2.3.3.tar.gz -> soundtouch-soundtouch-2.3.3.tar.gz
2025-06-23T19:41:42.6870549Z Successfully downloaded soundtouch-soundtouch-2.3.3.tar.gz
2025-06-23T19:41:42.6921614Z -- Extracting source D:/a/synthizer3d/synthizer3d/vcpkg/downloads/soundtouch-soundtouch-2.3.3.tar.gz
2025-06-23T19:41:42.8321218Z -- Using source at D:/a/synthizer3d/synthizer3d/vcpkg/buildtrees/soundtouch/src/2.3.3-309213044d.clean
2025-06-23T19:41:42.8441272Z -- Found external ninja('1.12.1').
2025-06-23T19:41:42.8481777Z -- Configuring x86-windows
2025-06-23T19:41:45.2985270Z -- Building x86-windows-dbg
2025-06-23T19:41:50.4232230Z -- Building x86-windows-rel
2025-06-23T19:41:53.4369541Z -- Fixing pkgconfig file: D:/a/synthizer3d/synthizer3d/vcpkg/packages/soundtouch_x86-windows/lib/pkgconfig/soundtouch.pc
2025-06-23T19:41:53.4571803Z Downloading msys2-mingw-w64-x86_64-pkgconf-1~2.3.0-1-any.pkg.tar.zst, trying https://mirror.msys2.org/mingw/mingw64/mingw-w64-x86_64-pkgconf-1~2.3.0-1-any.pkg.tar.zst
2025-06-23T19:41:53.9883995Z Successfully downloaded msys2-mingw-w64-x86_64-pkgconf-1~2.3.0-1-any.pkg.tar.zst
2025-06-23T19:41:54.0016408Z Downloading msys2-msys2-runtime-3.5.4-2-x86_64.pkg.tar.zst, trying https://mirror.msys2.org/msys/x86_64/msys2-runtime-3.5.4-2-x86_64.pkg.tar.zst
2025-06-23T19:41:54.6749896Z Successfully downloaded msys2-msys2-runtime-3.5.4-2-x86_64.pkg.tar.zst
2025-06-23T19:41:54.6778812Z -- Using msys root at D:/a/synthizer3d/synthizer3d/vcpkg/downloads/tools/msys2/21caed2f81ec917b
2025-06-23T19:41:54.6855066Z -- Fixing pkgconfig file: D:/a/synthizer3d/synthizer3d/vcpkg/packages/soundtouch_x86-windows/debug/lib/pkgconfig/soundtouch.pc
2025-06-23T19:41:54.7325266Z -- Installing: D:/a/synthizer3d/synthizer3d/vcpkg/packages/soundtouch_x86-windows/share/soundtouch/copyright
2025-06-23T19:41:54.7390546Z -- Performing post-build validation
2025-06-23T19:41:54.7644481Z Elapsed time to handle soundtouch:x86-windows: 13 s
2025-06-23T19:41:54.7645681Z soundtouch:x86-windows package ABI: a4eae149255f87cebc15fabf8773d05c612b36e615eedb07f38d5b9c01102cba
2025-06-23T19:41:54.7664958Z libogg provides CMake targets:
2025-06-23T19:41:54.7665328Z 
2025-06-23T19:41:54.7665804Z   # this is heuristically generated, and may not be correct
2025-06-23T19:41:54.7666513Z   find_package(Ogg CONFIG REQUIRED)
2025-06-23T19:41:54.7667259Z   target_link_libraries(main PRIVATE Ogg::ogg)
2025-06-23T19:41:54.7667767Z 
2025-06-23T19:41:54.7668049Z libogg provides pkg-config modules:
2025-06-23T19:41:54.7668323Z 
2025-06-23T19:41:54.7668530Z   # ogg is a library for manipulating ogg bitstreams
2025-06-23T19:41:54.7669414Z   ogg
2025-06-23T19:41:54.7669668Z 
2025-06-23T19:41:54.7672456Z The package libvorbis provides CMake targets:
2025-06-23T19:41:54.7672848Z 
2025-06-23T19:41:54.7673199Z     # Vorbis reference encoder and decoder, low-level API
2025-06-23T19:41:54.7673829Z     find_package(Vorbis CONFIG REQUIRED)
2025-06-23T19:41:54.7674518Z     target_link_libraries(main PRIVATE Vorbis::vorbis)
2025-06-23T19:41:54.7674904Z 
2025-06-23T19:41:54.7675388Z     # Audio stream decoding and basic manipulation, high-level API
2025-06-23T19:41:54.7676456Z     find_package(Vorbis CONFIG REQUIRED)
2025-06-23T19:41:54.7677357Z     target_link_libraries(main PRIVATE Vorbis::vorbisfile)
2025-06-23T19:41:54.7678665Z 
2025-06-23T19:41:54.7679043Z     # Convenience API for setting up an encoding environment
2025-06-23T19:41:54.7679748Z     find_package(Vorbis CONFIG REQUIRED)
2025-06-23T19:41:54.7694732Z     target_link_libraries(main PRIVATE Vorbis::vorbisenc)
2025-06-23T19:41:54.7695142Z 
2025-06-23T19:41:54.7695356Z opus provides CMake targets:
2025-06-23T19:41:54.7695623Z 
2025-06-23T19:41:54.7695961Z   # this is heuristically generated, and may not be correct
2025-06-23T19:41:54.7696495Z   find_package(Opus CONFIG REQUIRED)
2025-06-23T19:41:54.7697043Z   target_link_libraries(main PRIVATE Opus::opus)
2025-06-23T19:41:54.7697363Z 
2025-06-23T19:41:54.7697593Z opus provides pkg-config modules:
2025-06-23T19:41:54.7697862Z 
2025-06-23T19:41:54.7698096Z   # Opus IETF audio codec ( build)
2025-06-23T19:41:54.7698446Z   opus
2025-06-23T19:41:54.7698602Z 
2025-06-23T19:41:54.7698884Z The package opusfile provides CMake targets:
2025-06-23T19:41:54.7699213Z 
2025-06-23T19:41:54.7699467Z     find_package(OpusFile CONFIG REQUIRED)
2025-06-23T19:41:54.7700085Z     target_link_libraries(main PRIVATE OpusFile::opusfile)
2025-06-23T19:41:54.7700307Z 
2025-06-23T19:41:54.7700431Z     # To use the opusurl API
2025-06-23T19:41:54.7700772Z     target_link_libraries(main PRIVATE OpusFile::opusurl)
2025-06-23T19:41:54.7700983Z 
2025-06-23T19:41:54.7701127Z soundtouch provides CMake targets:
2025-06-23T19:41:54.7701514Z 
2025-06-23T19:41:54.7701725Z   # this is heuristically generated, and may not be correct
2025-06-23T19:41:54.7702087Z   find_package(SoundTouch CONFIG REQUIRED)
2025-06-23T19:41:54.7702489Z   target_link_libraries(main PRIVATE SoundTouch::SoundTouch)
2025-06-23T19:41:54.7702740Z 
2025-06-23T19:41:54.7702987Z soundtouch provides pkg-config modules:
2025-06-23T19:41:54.7703169Z 
2025-06-23T19:41:54.7703902Z   # SoundTouch is an open-source audio processing library for changing the Tempo, Pitch and Playback Rates of audio streams or files
2025-06-23T19:41:54.7704544Z   soundtouch
2025-06-23T19:41:54.7704647Z 
2025-06-23T19:41:54.7705040Z All requested installations completed successfully in: 1.3 min
2025-06-23T19:41:54.7719223Z ##[endgroup]
2025-06-23T19:41:54.7719878Z ⏱ elapsed: 142.649 seconds
2025-06-23T19:41:54.7720450Z ##[group]Set output environment variables
2025-06-23T19:41:54.7722873Z Set the workflow environment variable 'RUNVCPKG_VCPKG_ROOT' to value 'D:\a\synthizer3d\synthizer3d\vcpkg'
2025-06-23T19:41:54.7727422Z Set the workflow environment variable 'VCPKG_ROOT' to value 'D:\a\synthizer3d\synthizer3d\vcpkg'
2025-06-23T19:41:54.7730776Z Set the step output variable 'RUNVCPKG_VCPKG_ROOT_OUT' to value 'D:\a\synthizer3d\synthizer3d\vcpkg''
2025-06-23T19:41:54.7734892Z Set the workflow environment variable 'VCPKG_DEFAULT_TRIPLET' to value 'x86-windows'
2025-06-23T19:41:54.7738072Z Set the step output variable 'RUNVCPKG_VCPKG_DEFAULT_TRIPLET_OUT' to value 'x86-windows''
2025-06-23T19:41:54.7740942Z ##[endgroup]
2025-06-23T19:41:54.7741559Z ⏱ elapsed: 0.002 seconds
2025-06-23T19:41:54.7745673Z run-vcpkg action execution succeeded
2025-06-23T19:41:54.7937588Z ##[group]Run Write-Host "VCPKG_ROOT (tool directory from lukka/run-vcpkg) is $env:VCPKG_ROOT"
2025-06-23T19:41:54.7938293Z [36;1mWrite-Host "VCPKG_ROOT (tool directory from lukka/run-vcpkg) is $env:VCPKG_ROOT"[0m
2025-06-23T19:41:54.7938772Z [36;1mWrite-Host "VCPKG_DEFAULT_TRIPLET is $env:VCPKG_DEFAULT_TRIPLET"[0m
2025-06-23T19:41:54.7939746Z [36;1mWrite-Host "GITHUB_WORKSPACE is $env:GITHUB_WORKSPACE"[0m
2025-06-23T19:41:54.7940742Z [36;1mWrite-Host "Initial EFFECTIVE_VCPKG_INSTALLED_DIR_BASE (from job env, target for manifest install) is $env:EFFECTIVE_VCPKG_INSTALLED_DIR_BASE"[0m
2025-06-23T19:41:54.7941573Z [36;1m[0m
2025-06-23T19:41:54.7941829Z [36;1mif (-not $env:VCPKG_ROOT) {[0m
2025-06-23T19:41:54.7942413Z [36;1m  Write-Error "VCPKG_ROOT not set. This should be set by the lukka/run-vcpkg action."[0m
2025-06-23T19:41:54.7942778Z [36;1m  exit 1[0m
2025-06-23T19:41:54.7942932Z [36;1m}[0m
2025-06-23T19:41:54.7943088Z [36;1m[0m
2025-06-23T19:41:54.7943418Z [36;1m# Esegui vcpkg install. Se vcpkg.json è in $env:GITHUB_WORKSPACE (CWD),[0m
2025-06-23T19:41:54.7943931Z [36;1m# installerà in $env:GITHUB_WORKSPACE/vcpkg_installed/$env:VCPKG_DEFAULT_TRIPLET[0m
2025-06-23T19:41:54.7944489Z [36;1m# che corrisponde a $env:EFFECTIVE_VCPKG_INSTALLED_DIR_BASE/$env:VCPKG_DEFAULT_TRIPLET[0m
2025-06-23T19:41:54.7945041Z [36;1m# La CurrentWorkingDirectory per gli script eseguiti da 'run:' è $GITHUB_WORKSPACE.[0m
2025-06-23T19:41:54.7945552Z [36;1m& "$env:VCPKG_ROOT\vcpkg.exe" install --triplet $env:VCPKG_DEFAULT_TRIPLET[0m
2025-06-23T19:41:54.7945927Z [36;1mWrite-Host "Finished vcpkg install command."[0m
2025-06-23T19:41:54.7946178Z [36;1m[0m
2025-06-23T19:41:54.7946490Z [36;1m# CMAKE_PREFIX_PATH deve puntare a dove vcpkg ha effettivamente installato i pacchetti.[0m
2025-06-23T19:41:54.7947064Z [36;1m# Con la modalità manifest, questo è $env:EFFECTIVE_VCPKG_INSTALLED_DIR_BASE/$env:VCPKG_DEFAULT_TRIPLET.[0m
2025-06-23T19:41:54.7947697Z [36;1m$cmakePrefixPathValue = Join-Path $env:EFFECTIVE_VCPKG_INSTALLED_DIR_BASE $env:VCPKG_DEFAULT_TRIPLET[0m
2025-06-23T19:41:54.7948119Z [36;1m[0m
2025-06-23T19:41:54.7948426Z [36;1mWrite-Host "Verifying existence of target CMAKE_PREFIX_PATH: $cmakePrefixPathValue"[0m
2025-06-23T19:41:54.7948912Z [36;1mif (-not (Test-Path $cmakePrefixPathValue -PathType Container)) {[0m
2025-06-23T19:41:54.7950401Z [36;1m  Write-Warning "ATTENZIONE: La directory $cmakePrefixPathValue (target per CMAKE_PREFIX_PATH) NON esiste dopo vcpkg install."[0m
2025-06-23T19:41:54.7951092Z [36;1m  Write-Warning "Questo indica che vcpkg non ha installato nella posizione manifest attesa."[0m
2025-06-23T19:41:54.7951630Z [36;1m  Write-Warning "Contenuto di $env:EFFECTIVE_VCPKG_INSTALLED_DIR_BASE per debug:"[0m
2025-06-23T19:41:54.7952447Z [36;1m  Get-ChildItem -Path $env:EFFECTIVE_VCPKG_INSTALLED_DIR_BASE -ErrorAction SilentlyContinue -Depth 1 || Write-Warning "$env:EFFECTIVE_VCPKG_INSTALLED_DIR_BASE non esiste o è vuoto."[0m
2025-06-23T19:41:54.7953100Z [36;1m  [0m
2025-06-23T19:41:54.7953400Z [36;1m  # Fallback per debug: controlla la directory di installazione classica di vcpkg[0m
2025-06-23T19:41:54.7953978Z [36;1m  $classicVcpkgInstalledPath = Join-Path (Join-Path $env:VCPKG_ROOT "installed") $env:VCPKG_DEFAULT_TRIPLET[0m
2025-06-23T19:41:54.7954675Z [36;1m  Write-Warning "Controllo del percorso di installazione classico di vcpkg per debug: $classicVcpkgInstalledPath"[0m
2025-06-23T19:41:54.7955232Z [36;1m  if(Test-Path $classicVcpkgInstalledPath -PathType Container){[0m
2025-06-23T19:41:54.7955891Z [36;1m      Write-Warning "Il percorso classico $classicVcpkgInstalledPath ESISTE. Questo è fonte di confusione se era prevista la modalità manifest."[0m
2025-06-23T19:41:54.7956441Z [36;1m  } else {[0m
2025-06-23T19:41:54.7956809Z [36;1m      Write-Warning "Anche il percorso classico $classicVcpkgInstalledPath NON esiste."[0m
2025-06-23T19:41:54.7957167Z [36;1m  }[0m
2025-06-23T19:41:54.7958751Z [36;1m} else {[0m
2025-06-23T19:41:54.7959173Z [36;1m  Write-Host "Confermato: La directory target per CMAKE_PREFIX_PATH esiste: $cmakePrefixPathValue"[0m
2025-06-23T19:41:54.7959584Z [36;1m}[0m
2025-06-23T19:41:54.7959720Z [36;1m[0m
2025-06-23T19:41:54.7960097Z [36;1mecho "CMAKE_PREFIX_PATH=$cmakePrefixPathValue" | Out-File -FilePath $env:GITHUB_ENV -Encoding utf8 -Append[0m
2025-06-23T19:41:54.7960669Z [36;1mWrite-Host "CMAKE_PREFIX_PATH impostato a $cmakePrefixPathValue"[0m
2025-06-23T19:41:54.7961232Z [36;1m# EFFECTIVE_VCPKG_INSTALLED_DIR_BASE è già corretto dall'env del job, non serve aggiornarlo di nuovo in GITHUB_ENV[0m
2025-06-23T19:41:54.7961747Z [36;1m# se la nostra assunzione sulla modalità manifest è corretta.[0m
2025-06-23T19:41:54.7996514Z shell: C:\Program Files\PowerShell\7\pwsh.EXE -command ". '{0}'"
2025-06-23T19:41:54.7996817Z env:
2025-06-23T19:41:54.7996985Z   PYVERSION: 3.11
2025-06-23T19:41:54.7997165Z   CI_ARCH_LOWER: x86
2025-06-23T19:41:54.7997352Z   CI_WINDOWS: 1
2025-06-23T19:41:54.7997509Z   CI_ARCH_ENV: x86
2025-06-23T19:41:54.7997695Z   VCPKG_DEFAULT_TRIPLET: x86-windows
2025-06-23T19:41:54.7998054Z   EFFECTIVE_VCPKG_INSTALLED_DIR_BASE: D:\a\synthizer3d\synthizer3d\vcpkg_installed
2025-06-23T19:41:54.7998485Z   pythonLocation: C:\hostedtoolcache\windows\Python\3.11.9\x86
2025-06-23T19:41:54.7998895Z   PKG_CONFIG_PATH: C:\hostedtoolcache\windows\Python\3.11.9\x86/lib/pkgconfig
2025-06-23T19:41:54.7999302Z   Python_ROOT_DIR: C:\hostedtoolcache\windows\Python\3.11.9\x86
2025-06-23T19:41:54.7999673Z   Python2_ROOT_DIR: C:\hostedtoolcache\windows\Python\3.11.9\x86
2025-06-23T19:41:54.8000038Z   Python3_ROOT_DIR: C:\hostedtoolcache\windows\Python\3.11.9\x86
2025-06-23T19:41:54.8000329Z   CommandPromptType: Native
2025-06-23T19:41:54.8000660Z   DevEnvDir: C:\Program Files\Microsoft Visual Studio\2022\Enterprise\Common7\IDE\
2025-06-23T19:41:54.8001139Z   ExtensionSdkDir: C:\Program Files (x86)\Microsoft SDKs\Windows Kits\10\ExtensionSDKs
2025-06-23T19:41:54.8003240Z   EXTERNAL_INCLUDE: C:\Program Files\Microsoft Visual Studio\2022\Enterprise\VC\Tools\MSVC\14.43.34808\include;C:\Program Files\Microsoft Visual Studio\2022\Enterprise\VC\Tools\MSVC\14.43.34808\ATLMFC\include;C:\Program Files\Microsoft Visual Studio\2022\Enterprise\VC\Auxiliary\VS\include;C:\Program Files (x86)\Windows Kits\10\include\10.0.26100.0\ucrt;C:\Program Files (x86)\Windows Kits\10\\include\10.0.26100.0\\um;C:\Program Files (x86)\Windows Kits\10\\include\10.0.26100.0\\shared;C:\Program Files (x86)\Windows Kits\10\\include\10.0.26100.0\\winrt;C:\Program Files (x86)\Windows Kits\10\\include\10.0.26100.0\\cppwinrt;C:\Program Files (x86)\Windows Kits\NETFXSDK\4.8\include\um
2025-06-23T19:41:54.8005272Z   Framework40Version: v4.0
2025-06-23T19:41:54.8005515Z   FrameworkDir: C:\Windows\Microsoft.NET\Framework\
2025-06-23T19:41:54.8005821Z   FrameworkDir32: C:\Windows\Microsoft.NET\Framework\
2025-06-23T19:41:54.8006083Z   FrameworkVersion: v4.0.30319
2025-06-23T19:41:54.8006304Z   FrameworkVersion32: v4.0.30319
2025-06-23T19:41:54.8006788Z   FSHARPINSTALLDIR: C:\Program Files\Microsoft Visual Studio\2022\Enterprise\Common7\IDE\CommonExtensions\Microsoft\FSharp\Tools
2025-06-23T19:41:54.8007326Z   HTMLHelpDir: C:\Program Files (x86)\HTML Help Workshop
2025-06-23T19:41:54.8007759Z   IFCPATH: C:\Program Files\Microsoft Visual Studio\2022\Enterprise\VC\Tools\MSVC\14.43.34808\ifc\x86
2025-06-23T19:41:54.8010368Z   INCLUDE: C:\Program Files\Microsoft Visual Studio\2022\Enterprise\VC\Tools\MSVC\14.43.34808\include;C:\Program Files\Microsoft Visual Studio\2022\Enterprise\VC\Tools\MSVC\14.43.34808\ATLMFC\include;C:\Program Files\Microsoft Visual Studio\2022\Enterprise\VC\Auxiliary\VS\include;C:\Program Files (x86)\Windows Kits\10\include\10.0.26100.0\ucrt;C:\Program Files (x86)\Windows Kits\10\\include\10.0.26100.0\\um;C:\Program Files (x86)\Windows Kits\10\\include\10.0.26100.0\\shared;C:\Program Files (x86)\Windows Kits\10\\include\10.0.26100.0\\winrt;C:\Program Files (x86)\Windows Kits\10\\include\10.0.26100.0\\cppwinrt;C:\Program Files (x86)\Windows Kits\NETFXSDK\4.8\include\um
2025-06-23T19:41:54.8013131Z   LIB: C:\Program Files\Microsoft Visual Studio\2022\Enterprise\VC\Tools\MSVC\14.43.34808\ATLMFC\lib\x86;C:\Program Files\Microsoft Visual Studio\2022\Enterprise\VC\Tools\MSVC\14.43.34808\lib\x86;C:\Program Files (x86)\Windows Kits\NETFXSDK\4.8\lib\um\x86;C:\Program Files (x86)\Windows Kits\10\lib\10.0.26100.0\ucrt\x86;C:\Program Files (x86)\Windows Kits\10\\lib\10.0.26100.0\\um\x86
2025-06-23T19:41:54.8015408Z   LIBPATH: C:\Program Files\Microsoft Visual Studio\2022\Enterprise\VC\Tools\MSVC\14.43.34808\ATLMFC\lib\x86;C:\Program Files\Microsoft Visual Studio\2022\Enterprise\VC\Tools\MSVC\14.43.34808\lib\x86;C:\Program Files\Microsoft Visual Studio\2022\Enterprise\VC\Tools\MSVC\14.43.34808\lib\x86\store\references;C:\Program Files (x86)\Windows Kits\10\UnionMetadata\10.0.26100.0;C:\Program Files (x86)\Windows Kits\10\References\10.0.26100.0;C:\Windows\Microsoft.NET\Framework\v4.0.30319
2025-06-23T19:41:54.8016868Z   NETFXSDKDir: C:\Program Files (x86)\Windows Kits\NETFXSDK\4.8\
2025-06-23T19:41:54.8030184Z   Path: C:\Program Files\Microsoft Visual Studio\2022\Enterprise\VC\Tools\MSVC\14.43.34808\bin\HostX86\x86;C:\Program Files\Microsoft Visual Studio\2022\Enterprise\Common7\IDE\VC\VCPackages;C:\Program Files\Microsoft Visual Studio\2022\Enterprise\Common7\IDE\CommonExtensions\Microsoft\TestWindow;C:\Program Files\Microsoft Visual Studio\2022\Enterprise\Common7\IDE\CommonExtensions\Microsoft\TeamFoundation\Team Explorer;C:\Program Files\Microsoft Visual Studio\2022\Enterprise\MSBuild\Current\bin\Roslyn;C:\Program Files (x86)\Microsoft SDKs\Windows\v10.0A\bin\NETFX 4.8 Tools\;C:\Program Files (x86)\HTML Help Workshop;C:\Program Files\Microsoft Visual Studio\2022\Enterprise\Common7\IDE\CommonExtensions\Microsoft\FSharp\Tools;C:\Program Files\Microsoft Visual Studio\2022\Enterprise\Team Tools\DiagnosticsHub\Collector;C:\Program Files\Microsoft Visual Studio\2022\Enterprise\Common7\IDE\Extensions\Microsoft\CodeCoverage.Console;C:\Program Files (x86)\Windows Kits\10\bin\10.0.26100.0\\x86;C:\Program Files (x86)\Windows Kits\10\bin\\x86;C:\Program Files\Microsoft Visual Studio\2022\Enterprise\\MSBuild\Current\Bin\amd64;C:\Windows\Microsoft.NET\Framework\v4.0.30319;C:\Program Files\Microsoft Visual Studio\2022\Enterprise\Common7\IDE\;C:\Program Files\Microsoft Visual Studio\2022\Enterprise\Common7\Tools\;C:\Users\runneradmin\AppData\Roaming\Python\Python311\Scripts;C:\hostedtoolcache\windows\Python\3.11.9\x86\Scripts;C:\hostedtoolcache\windows\Python\3.11.9\x86;C:\Program Files\MongoDB\Server\5.0\bin;C:\aliyun-cli;C:\vcpkg;C:\Program Files (x86)\NSIS\;C:\tools\zstd;C:\Program Files\Mercurial\;C:\hostedtoolcache\windows\stack\3.5.1\x64;C:\cabal\bin;C:\\ghcup\bin;C:\mingw64\bin;C:\Program Files\dotnet;C:\Program Files\MySQL\MySQL Server 8.0\bin;C:\Program Files\R\R-4.4.2\bin\x64;C:\SeleniumWebDrivers\GeckoDriver;C:\SeleniumWebDrivers\EdgeDriver\;C:\SeleniumWebDrivers\ChromeDriver;C:\Program Files (x86)\sbt\bin;C:\Program Files (x86)\GitHub CLI;C:\Program Files\Git\bin;C:\Program Files (x86)\pipx_bin;C:\npm\prefix;C:\hostedtoolcache\windows\go\1.24.3\x64\bin;C:\hostedtoolcache\windows\Python\3.9.13\x64\Scripts;C:\hostedtoolcache\windows\Python\3.9.13\x64;C:\hostedtoolcache\windows\Ruby\3.3.8\x64\bin;C:\Program Files\OpenSSL\bin;C:\tools\kotlinc\bin;C:\hostedtoolcache\windows\Java_Temurin-Hotspot_jdk\8.0.452-9\x64\bin;C:\Program Files\ImageMagick-7.1.1-Q16-HDRI;C:\Program Files\Microsoft SDKs\Azure\CLI2\wbin;C:\ProgramData\kind;C:\ProgramData\Chocolatey\bin;C:\Windows\system32;C:\Windows;C:\Windows\System32\Wbem;C:\Windows\System32\WindowsPowerShell\v1.0\;C:\Windows\System32\OpenSSH\;C:\Program Files\dotnet\;C:\Program Files\PowerShell\7\;C:\Program Files\Microsoft\Web Platform Installer\;C:\Program Files\TortoiseSVN\bin;C:\Program Files\Microsoft SQL Server\Client SDK\ODBC\170\Tools\Binn\;C:\Program Files\Microsoft SQL Server\150\Tools\Binn\;C:\Program Files (x86)\Windows Kits\10\Windows Performance Toolkit\;C:\Program Files (x86)\WiX Toolset v3.14\bin;C:\Program Files\Microsoft SQL Server\130\DTS\Binn\;C:\Program Files\Microsoft SQL Server\140\DTS\Binn\;C:\Program Files\Microsoft SQL Server\150\DTS\Binn\;C:\Program Files\Microsoft SQL Server\160\DTS\Binn\;C:\Strawberry\c\bin;C:\Strawberry\perl\site\bin;C:\Strawberry\perl\bin;C:\ProgramData\chocolatey\lib\pulumi\tools\Pulumi\bin;C:\Program Files\CMake\bin;C:\ProgramData\chocolatey\lib\maven\apache-maven-3.9.9\bin;C:\Program Files\Microsoft Service Fabric\bin\Fabric\Fabric.Code;C:\Program Files\Microsoft SDKs\Service Fabric\Tools\ServiceFabricLocalClusterManager;C:\Program Files\nodejs\;C:\Program Files\Git\cmd;C:\Program Files\Git\mingw64\bin;C:\Program Files\Git\usr\bin;C:\Program Files\GitHub CLI\;c:\tools\php;C:\Program Files\Amazon\AWSCLIV2\;C:\Program Files\Amazon\SessionManagerPlugin\bin\;C:\Program Files\Amazon\AWSSAMCLI\bin\;C:\Program Files\Microsoft SQL Server\130\Tools\Binn\;C:\Program Files\LLVM\bin;C:\Users\runneradmin\.dotnet\tools;C:\Users\runneradmin\.cargo\bin;C:\Users\runneradmin\AppData\Local\Microsoft\WindowsApps;C:\Program Files (x86)\Microsoft Visual Studio\Installer;C:\Program Files\Microsoft Visual Studio\2022\Enterprise\VC\Tools\Llvm\bin;C:\Program Files\Microsoft Visual Studio\2022\Enterprise\Common7\IDE\CommonExtensions\Microsoft\CMake\CMake\bin;C:\Program Files\Microsoft Visual Studio\2022\Enterprise\Common7\IDE\CommonExtensions\Microsoft\CMake\Ninja;C:\Program Files\Microsoft Visual Studio\2022\Enterprise\Common7\IDE\VC\Linux\bin\ConnectionManagerExe;C:\Program Files\Microsoft Visual Studio\2022\Enterprise\VC\vcpkg
2025-06-23T19:41:54.8043365Z   Platform: x86
2025-06-23T19:41:54.8043537Z   UCRTVersion: 10.0.26100.0
2025-06-23T19:41:54.8043797Z   UniversalCRTSdkDir: C:\Program Files (x86)\Windows Kits\10\
2025-06-23T19:41:54.8044242Z   VCIDEInstallDir: C:\Program Files\Microsoft Visual Studio\2022\Enterprise\Common7\IDE\VC\
2025-06-23T19:41:54.8044723Z   VCINSTALLDIR: C:\Program Files\Microsoft Visual Studio\2022\Enterprise\VC\
2025-06-23T19:41:54.8045085Z   VCPKG_ROOT: D:\a\synthizer3d\synthizer3d\vcpkg
2025-06-23T19:41:54.8045522Z   VCToolsInstallDir: C:\Program Files\Microsoft Visual Studio\2022\Enterprise\VC\Tools\MSVC\14.43.34808\
2025-06-23T19:41:54.8046123Z   VCToolsRedistDir: C:\Program Files\Microsoft Visual Studio\2022\Enterprise\VC\Redist\MSVC\14.42.34433\
2025-06-23T19:41:54.8046609Z   VCToolsVersion: 14.43.34808
2025-06-23T19:41:54.8046808Z   VisualStudioVersion: 17.0
2025-06-23T19:41:54.8047150Z   VS170COMNTOOLS: C:\Program Files\Microsoft Visual Studio\2022\Enterprise\Common7\Tools\
2025-06-23T19:41:54.8047517Z   VSCMD_ARG_app_plat: Desktop
2025-06-23T19:41:54.8047711Z   VSCMD_ARG_HOST_ARCH: x86
2025-06-23T19:41:54.8047894Z   VSCMD_ARG_TGT_ARCH: x86
2025-06-23T19:41:54.8048073Z   VSCMD_VER: 17.13.2
2025-06-23T19:41:54.8048346Z   VSINSTALLDIR: C:\Program Files\Microsoft Visual Studio\2022\Enterprise\
2025-06-23T19:41:54.8048777Z   VSSDK150INSTALL: C:\Program Files\Microsoft Visual Studio\2022\Enterprise\VSSDK
2025-06-23T19:41:54.8049219Z   VSSDKINSTALL: C:\Program Files\Microsoft Visual Studio\2022\Enterprise\VSSDK
2025-06-23T19:41:54.8049859Z   WindowsLibPath: C:\Program Files (x86)\Windows Kits\10\UnionMetadata\10.0.26100.0;C:\Program Files (x86)\Windows Kits\10\References\10.0.26100.0
2025-06-23T19:41:54.8050437Z   WindowsSdkBinPath: C:\Program Files (x86)\Windows Kits\10\bin\
2025-06-23T19:41:54.8050778Z   WindowsSdkDir: C:\Program Files (x86)\Windows Kits\10\
2025-06-23T19:41:54.8051056Z   WindowsSDKLibVersion: 10.0.26100.0\
2025-06-23T19:41:54.8051390Z   WindowsSdkVerBinPath: C:\Program Files (x86)\Windows Kits\10\bin\10.0.26100.0\
2025-06-23T19:41:54.8051730Z   WindowsSDKVersion: 10.0.26100.0\
2025-06-23T19:41:54.8052130Z   WindowsSDK_ExecutablePath_x64: C:\Program Files (x86)\Microsoft SDKs\Windows\v10.0A\bin\NETFX 4.8 Tools\x64\
2025-06-23T19:41:54.8052728Z   WindowsSDK_ExecutablePath_x86: C:\Program Files (x86)\Microsoft SDKs\Windows\v10.0A\bin\NETFX 4.8 Tools\
2025-06-23T19:41:54.8053210Z   __DOTNET_ADD_32BIT: 1
2025-06-23T19:41:54.8053396Z   __DOTNET_PREFERRED_BITNESS: 32
2025-06-23T19:41:54.8061335Z   __VSCMD_PREINIT_PATH: C:\Users\runneradmin\AppData\Roaming\Python\Python311\Scripts;C:\hostedtoolcache\windows\Python\3.11.9\x86\Scripts;C:\hostedtoolcache\windows\Python\3.11.9\x86;C:\Program Files\MongoDB\Server\5.0\bin;C:\aliyun-cli;C:\vcpkg;C:\Program Files (x86)\NSIS\;C:\tools\zstd;C:\Program Files\Mercurial\;C:\hostedtoolcache\windows\stack\3.5.1\x64;C:\cabal\bin;C:\\ghcup\bin;C:\mingw64\bin;C:\Program Files\dotnet;C:\Program Files\MySQL\MySQL Server 8.0\bin;C:\Program Files\R\R-4.4.2\bin\x64;C:\SeleniumWebDrivers\GeckoDriver;C:\SeleniumWebDrivers\EdgeDriver\;C:\SeleniumWebDrivers\ChromeDriver;C:\Program Files (x86)\sbt\bin;C:\Program Files (x86)\GitHub CLI;C:\Program Files\Git\bin;C:\Program Files (x86)\pipx_bin;C:\npm\prefix;C:\hostedtoolcache\windows\go\1.24.3\x64\bin;C:\hostedtoolcache\windows\Python\3.9.13\x64\Scripts;C:\hostedtoolcache\windows\Python\3.9.13\x64;C:\hostedtoolcache\windows\Ruby\3.3.8\x64\bin;C:\Program Files\OpenSSL\bin;C:\tools\kotlinc\bin;C:\hostedtoolcache\windows\Java_Temurin-Hotspot_jdk\8.0.452-9\x64\bin;C:\Program Files\ImageMagick-7.1.1-Q16-HDRI;C:\Program Files\Microsoft SDKs\Azure\CLI2\wbin;C:\ProgramData\kind;C:\ProgramData\Chocolatey\bin;C:\Windows\system32;C:\Windows;C:\Windows\System32\Wbem;C:\Windows\System32\WindowsPowerShell\v1.0\;C:\Windows\System32\OpenSSH\;C:\Program Files\dotnet\;C:\Program Files\PowerShell\7\;C:\Program Files\Microsoft\Web Platform Installer\;C:\Program Files\TortoiseSVN\bin;C:\Program Files\Microsoft SQL Server\Client SDK\ODBC\170\Tools\Binn\;C:\Program Files\Microsoft SQL Server\150\Tools\Binn\;C:\Program Files (x86)\Windows Kits\10\Windows Performance Toolkit\;C:\Program Files (x86)\WiX Toolset v3.14\bin;C:\Program Files\Microsoft SQL Server\130\DTS\Binn\;C:\Program Files\Microsoft SQL Server\140\DTS\Binn\;C:\Program Files\Microsoft SQL Server\150\DTS\Binn\;C:\Program Files\Microsoft SQL Server\160\DTS\Binn\;C:\Strawberry\c\bin;C:\Strawberry\perl\site\bin;C:\Strawberry\perl\bin;C:\ProgramData\chocolatey\lib\pulumi\tools\Pulumi\bin;C:\Program Files\CMake\bin;C:\ProgramData\chocolatey\lib\maven\apache-maven-3.9.9\bin;C:\Program Files\Microsoft Service Fabric\bin\Fabric\Fabric.Code;C:\Program Files\Microsoft SDKs\Service Fabric\Tools\ServiceFabricLocalClusterManager;C:\Program Files\nodejs\;C:\Program Files\Git\cmd;C:\Program Files\Git\mingw64\bin;C:\Program Files\Git\usr\bin;C:\Program Files\GitHub CLI\;c:\tools\php;C:\Program Files (x86)\sbt\bin;C:\Program Files\Amazon\AWSCLIV2\;C:\Program Files\Amazon\SessionManagerPlugin\bin\;C:\Program Files\Amazon\AWSSAMCLI\bin\;C:\Program Files\Microsoft SQL Server\130\Tools\Binn\;C:\Program Files\LLVM\bin;C:\Users\runneradmin\.dotnet\tools;C:\Users\runneradmin\.cargo\bin;C:\Users\runneradmin\AppData\Local\Microsoft\WindowsApps;C:\Program Files (x86)\Microsoft Visual Studio\Installer
2025-06-23T19:41:54.8069722Z   VCPKG_DEFAULT_BINARY_CACHE: D:/a/synthizer3d/synthizer3d/969f6665-88a2-4c98-938e-ca9259871fec/vcpkg_cache
2025-06-23T19:41:54.8070184Z   VCPKG_BINARY_SOURCES: clear;x-gha,readwrite
2025-06-23T19:41:54.8070744Z   ACTIONS_CACHE_URL: https://acghubeus2.actions.githubusercontent.com/bwbzopuV3oKlbowlUKWdOnf6KF0vjv7EYqCB3ZHqukKhTVgy74/
2025-06-23T19:41:54.8103332Z   ACTIONS_RUNTIME_TOKEN: ***
2025-06-23T19:41:54.8103643Z   RUNVCPKG_VCPKG_ROOT: D:\a\synthizer3d\synthizer3d\vcpkg
2025-06-23T19:41:54.8103920Z ##[endgroup]
2025-06-23T19:41:55.1854349Z VCPKG_ROOT (tool directory from lukka/run-vcpkg) is D:\a\synthizer3d\synthizer3d\vcpkg
2025-06-23T19:41:55.1864901Z VCPKG_DEFAULT_TRIPLET is x86-windows
2025-06-23T19:41:55.1872123Z GITHUB_WORKSPACE is D:\a\synthizer3d\synthizer3d
2025-06-23T19:41:55.1878691Z Initial EFFECTIVE_VCPKG_INSTALLED_DIR_BASE (from job env, target for manifest install) is D:\a\synthizer3d\synthizer3d\vcpkg_installed
2025-06-23T19:41:55.4124773Z Detecting compiler hash for triplet x64-windows...
2025-06-23T19:41:57.3505808Z Compiler found: C:/Program Files/Microsoft Visual Studio/2022/Enterprise/VC/Tools/MSVC/14.43.34808/bin/Hostx64/x64/cl.exe
2025-06-23T19:41:57.3589554Z Detecting compiler hash for triplet x86-windows...
2025-06-23T19:41:59.2815370Z Compiler found: C:/Program Files/Microsoft Visual Studio/2022/Enterprise/VC/Tools/MSVC/14.43.34808/bin/Hostx64/x86/cl.exe
2025-06-23T19:41:59.2848838Z The following packages will be built and installed:
2025-06-23T19:41:59.2849518Z   * atl:x86-windows@0
2025-06-23T19:41:59.2849818Z   * atlmfc:x86-windows@0#3
2025-06-23T19:41:59.2850126Z     libogg:x86-windows@1.3.5#2
2025-06-23T19:41:59.2850440Z     libvorbis:x86-windows@1.3.7#4
2025-06-23T19:41:59.2850767Z     opus:x86-windows@1.5.2
2025-06-23T19:41:59.2851102Z     opusfile:x86-windows@0.12+20221121#1
2025-06-23T19:41:59.2851592Z     soundtouch:x86-windows@2.3.3
2025-06-23T19:41:59.2852106Z   * vcpkg-cmake:x64-windows@2024-04-23
2025-06-23T19:41:59.2853402Z   * vcpkg-cmake-config:x64-windows@2024-05-23
2025-06-23T19:41:59.2854013Z Additional packages (*) will be modified to complete this operation.
2025-06-23T19:41:59.2855667Z %VCPKG_BINARY_SOURCES%: warning: The 'x-gha' binary caching backend has been removed. Consider using a NuGet-based binary caching provider instead, see extended documentation at https://learn.microsoft.com/vcpkg/users/binarycaching?WT.mc_id=vcpkg_inproduct_cli.
2025-06-23T19:41:59.2856910Z   on expression: clear;x-gha,readwrite
2025-06-23T19:41:59.2857276Z                                       ^
2025-06-23T19:41:59.2857735Z Installing 1/9 vcpkg-cmake-config:x64-windows@2024-05-23...
2025-06-23T19:41:59.2858284Z Building vcpkg-cmake-config:x64-windows@2024-05-23...
2025-06-23T19:41:59.3154315Z -- Installing: D:/a/synthizer3d/synthizer3d/vcpkg/packages/vcpkg-cmake-config_x64-windows/share/vcpkg-cmake-config/vcpkg_cmake_config_fixup.cmake
2025-06-23T19:41:59.3159431Z -- Installing: D:/a/synthizer3d/synthizer3d/vcpkg/packages/vcpkg-cmake-config_x64-windows/share/vcpkg-cmake-config/vcpkg-port-config.cmake
2025-06-23T19:41:59.3163629Z -- Installing: D:/a/synthizer3d/synthizer3d/vcpkg/packages/vcpkg-cmake-config_x64-windows/share/vcpkg-cmake-config/copyright
2025-06-23T19:41:59.3216172Z -- Skipping post-build validation due to VCPKG_POLICY_EMPTY_PACKAGE
2025-06-23T19:41:59.3246489Z Elapsed time to handle vcpkg-cmake-config:x64-windows: 39.2 ms
2025-06-23T19:41:59.3247457Z vcpkg-cmake-config:x64-windows package ABI: 842797583f0500a3cabbedf03fb083636fe11e4fd3fd19d9a475485e484445fb
2025-06-23T19:41:59.3248050Z Installing 2/9 vcpkg-cmake:x64-windows@2024-04-23...
2025-06-23T19:41:59.3248433Z Building vcpkg-cmake:x64-windows@2024-04-23...
2025-06-23T19:41:59.3550929Z -- Installing: D:/a/synthizer3d/synthizer3d/vcpkg/packages/vcpkg-cmake_x64-windows/share/vcpkg-cmake/vcpkg_cmake_configure.cmake
2025-06-23T19:41:59.3555928Z -- Installing: D:/a/synthizer3d/synthizer3d/vcpkg/packages/vcpkg-cmake_x64-windows/share/vcpkg-cmake/vcpkg_cmake_build.cmake
2025-06-23T19:41:59.3560513Z -- Installing: D:/a/synthizer3d/synthizer3d/vcpkg/packages/vcpkg-cmake_x64-windows/share/vcpkg-cmake/vcpkg_cmake_install.cmake
2025-06-23T19:41:59.3564461Z -- Installing: D:/a/synthizer3d/synthizer3d/vcpkg/packages/vcpkg-cmake_x64-windows/share/vcpkg-cmake/vcpkg-port-config.cmake
2025-06-23T19:41:59.3569498Z -- Installing: D:/a/synthizer3d/synthizer3d/vcpkg/packages/vcpkg-cmake_x64-windows/share/vcpkg-cmake/copyright
2025-06-23T19:41:59.3623082Z -- Performing post-build validation
2025-06-23T19:41:59.3670538Z Elapsed time to handle vcpkg-cmake:x64-windows: 42.3 ms
2025-06-23T19:41:59.3671721Z vcpkg-cmake:x64-windows package ABI: a500b93f9e0b831ca946128005613d551eeb943040c8f073dc3184f7e15c9834
2025-06-23T19:41:59.3672585Z Installing 3/9 libogg:x86-windows@1.3.5#2...
2025-06-23T19:41:59.3672921Z Building libogg:x86-windows@1.3.5#2...
2025-06-23T19:41:59.4083830Z Downloading https://gitlab.xiph.org/xiph/ogg/-/archive/v1.3.5/ogg-v1.3.5.tar.gz -> xiph-ogg-v1.3.5.tar.gz
2025-06-23T19:42:00.1823491Z Successfully downloaded xiph-ogg-v1.3.5.tar.gz
2025-06-23T19:42:00.6858937Z -- Extracting source D:/a/synthizer3d/synthizer3d/vcpkg/downloads/xiph-ogg-v1.3.5.tar.gz
2025-06-23T19:42:00.8338909Z -- Using source at D:/a/synthizer3d/synthizer3d/vcpkg/buildtrees/libogg/src/v1.3.5-1a4243fef9.clean
2025-06-23T19:42:00.8459143Z -- Found external ninja('1.12.1').
2025-06-23T19:42:00.8492769Z -- Configuring x86-windows
2025-06-23T19:42:07.2502860Z -- Building x86-windows-dbg
2025-06-23T19:42:07.5712019Z -- Building x86-windows-rel
2025-06-23T19:42:07.9002959Z -- Fixing pkgconfig file: D:/a/synthizer3d/synthizer3d/vcpkg/packages/libogg_x86-windows/lib/pkgconfig/ogg.pc
2025-06-23T19:42:07.9215606Z Downloading msys2-mingw-w64-x86_64-pkgconf-1~2.3.0-1-any.pkg.tar.zst, trying https://mirror.msys2.org/mingw/mingw64/mingw-w64-x86_64-pkgconf-1~2.3.0-1-any.pkg.tar.zst
2025-06-23T19:42:08.4514596Z Successfully downloaded msys2-mingw-w64-x86_64-pkgconf-1~2.3.0-1-any.pkg.tar.zst
2025-06-23T19:42:08.4741631Z Downloading msys2-msys2-runtime-3.5.4-2-x86_64.pkg.tar.zst, trying https://mirror.msys2.org/msys/x86_64/msys2-runtime-3.5.4-2-x86_64.pkg.tar.zst
2025-06-23T19:42:09.1594659Z Successfully downloaded msys2-msys2-runtime-3.5.4-2-x86_64.pkg.tar.zst
2025-06-23T19:42:09.1693006Z -- Using msys root at D:/a/synthizer3d/synthizer3d/vcpkg/downloads/tools/msys2/21caed2f81ec917b
2025-06-23T19:42:09.1764730Z -- Fixing pkgconfig file: D:/a/synthizer3d/synthizer3d/vcpkg/packages/libogg_x86-windows/debug/lib/pkgconfig/ogg.pc
2025-06-23T19:42:09.1839255Z -- Installing: D:/a/synthizer3d/synthizer3d/vcpkg/packages/libogg_x86-windows/share/libogg/copyright
2025-06-23T19:42:09.1904907Z -- Performing post-build validation
2025-06-23T19:42:09.1990284Z Elapsed time to handle libogg:x86-windows: 9.8 s
2025-06-23T19:42:09.1991183Z libogg:x86-windows package ABI: 9d3116e61295141536d65bb41b5ea55c2d7e70816845fe2fcdb939f844d32951
2025-06-23T19:42:09.1991725Z Installing 4/9 libvorbis:x86-windows@1.3.7#4...
2025-06-23T19:42:09.1992072Z Building libvorbis:x86-windows@1.3.7#4...
2025-06-23T19:42:09.2411196Z Downloading https://github.com/xiph/vorbis/archive/v1.3.7.tar.gz -> xiph-vorbis-v1.3.7.tar.gz
2025-06-23T19:42:09.3273632Z Successfully downloaded xiph-vorbis-v1.3.7.tar.gz
2025-06-23T19:42:09.3443385Z -- Extracting source D:/a/synthizer3d/synthizer3d/vcpkg/downloads/xiph-vorbis-v1.3.7.tar.gz
2025-06-23T19:42:09.5297475Z -- Applying patch 0001-Dont-export-vorbisenc-functions.patch
2025-06-23T19:42:09.5506657Z -- Applying patch 0002-Fixup-pkgconfig-libs.patch
2025-06-23T19:42:09.5722605Z -- Applying patch 0003-def-mingw-compat.patch
2025-06-23T19:42:09.5931860Z -- Applying patch 0004-ogg-find-dependency.patch
2025-06-23T19:42:09.6142915Z -- Using source at D:/a/synthizer3d/synthizer3d/vcpkg/buildtrees/libvorbis/src/v1.3.7-c32164610e.clean
2025-06-23T19:42:09.6253329Z -- Found external ninja('1.12.1').
2025-06-23T19:42:09.6285633Z -- Configuring x86-windows
2025-06-23T19:42:11.1856159Z -- Building x86-windows-dbg
2025-06-23T19:42:12.3633323Z -- Building x86-windows-rel
2025-06-23T19:42:14.3026128Z -- Fixing pkgconfig file: D:/a/synthizer3d/synthizer3d/vcpkg/packages/libvorbis_x86-windows/lib/pkgconfig/vorbis.pc
2025-06-23T19:42:14.3031279Z -- Fixing pkgconfig file: D:/a/synthizer3d/synthizer3d/vcpkg/packages/libvorbis_x86-windows/lib/pkgconfig/vorbisenc.pc
2025-06-23T19:42:14.3036301Z -- Fixing pkgconfig file: D:/a/synthizer3d/synthizer3d/vcpkg/packages/libvorbis_x86-windows/lib/pkgconfig/vorbisfile.pc
2025-06-23T19:42:14.3143196Z -- Using cached msys2-mingw-w64-x86_64-pkgconf-1~2.3.0-1-any.pkg.tar.zst
2025-06-23T19:42:14.3208994Z -- Using cached msys2-msys2-runtime-3.5.4-2-x86_64.pkg.tar.zst
2025-06-23T19:42:14.3213134Z -- Using msys root at D:/a/synthizer3d/synthizer3d/vcpkg/downloads/tools/msys2/21caed2f81ec917b
2025-06-23T19:42:14.3408040Z -- Fixing pkgconfig file: D:/a/synthizer3d/synthizer3d/vcpkg/packages/libvorbis_x86-windows/debug/lib/pkgconfig/vorbis.pc
2025-06-23T19:42:14.3414409Z -- Fixing pkgconfig file: D:/a/synthizer3d/synthizer3d/vcpkg/packages/libvorbis_x86-windows/debug/lib/pkgconfig/vorbisenc.pc
2025-06-23T19:42:14.3419887Z -- Fixing pkgconfig file: D:/a/synthizer3d/synthizer3d/vcpkg/packages/libvorbis_x86-windows/debug/lib/pkgconfig/vorbisfile.pc
2025-06-23T19:42:14.4740619Z -- Installing: D:/a/synthizer3d/synthizer3d/vcpkg/packages/libvorbis_x86-windows/share/libvorbis/usage
2025-06-23T19:42:14.4744643Z -- Installing: D:/a/synthizer3d/synthizer3d/vcpkg/packages/libvorbis_x86-windows/share/libvorbis/copyright
2025-06-23T19:42:14.4804936Z -- Performing post-build validation
2025-06-23T19:42:14.4904410Z Elapsed time to handle libvorbis:x86-windows: 5.3 s
2025-06-23T19:42:14.4905231Z libvorbis:x86-windows package ABI: adab93becfac965458b82252da84893d8ac078e2f991ea5f3087e5b9a3a939e0
2025-06-23T19:42:14.4905821Z Installing 5/9 opus:x86-windows@1.5.2...
2025-06-23T19:42:14.4906127Z Building opus:x86-windows@1.5.2...
2025-06-23T19:42:14.5318347Z Downloading https://github.com/xiph/opus/archive/v1.5.2.tar.gz -> xiph-opus-v1.5.2.tar.gz
2025-06-23T19:42:14.6442693Z Successfully downloaded xiph-opus-v1.5.2.tar.gz
2025-06-23T19:42:14.6779792Z -- Extracting source D:/a/synthizer3d/synthizer3d/vcpkg/downloads/xiph-opus-v1.5.2.tar.gz
2025-06-23T19:42:14.9426682Z -- Applying patch fix-pkgconfig-version.patch
2025-06-23T19:42:14.9667285Z -- Using source at D:/a/synthizer3d/synthizer3d/vcpkg/buildtrees/opus/src/v1.5.2-81ed242155.clean
2025-06-23T19:42:14.9795383Z -- Found external ninja('1.12.1').
2025-06-23T19:42:14.9833805Z -- Configuring x86-windows
2025-06-23T19:42:22.1579390Z -- Building x86-windows-dbg
2025-06-23T19:42:27.6196489Z -- Building x86-windows-rel
2025-06-23T19:42:35.1428875Z -- Fixing pkgconfig file: D:/a/synthizer3d/synthizer3d/vcpkg/packages/opus_x86-windows/lib/pkgconfig/opus.pc
2025-06-23T19:42:35.1536985Z -- Using cached msys2-mingw-w64-x86_64-pkgconf-1~2.3.0-1-any.pkg.tar.zst
2025-06-23T19:42:35.1606866Z -- Using cached msys2-msys2-runtime-3.5.4-2-x86_64.pkg.tar.zst
2025-06-23T19:42:35.1611477Z -- Using msys root at D:/a/synthizer3d/synthizer3d/vcpkg/downloads/tools/msys2/21caed2f81ec917b
2025-06-23T19:42:35.1686169Z -- Fixing pkgconfig file: D:/a/synthizer3d/synthizer3d/vcpkg/packages/opus_x86-windows/debug/lib/pkgconfig/opus.pc
2025-06-23T19:42:35.1763385Z -- Installing: D:/a/synthizer3d/synthizer3d/vcpkg/packages/opus_x86-windows/share/opus/copyright
2025-06-23T19:42:35.1820582Z -- Performing post-build validation
2025-06-23T19:42:35.1908095Z Elapsed time to handle opus:x86-windows: 21 s
2025-06-23T19:42:35.1908685Z opus:x86-windows package ABI: 83e5b95bc9fc04c66845576db4b179fe11bca26089260af25c339303740be4b4
2025-06-23T19:42:35.1909211Z Installing 6/9 opusfile:x86-windows@0.12+20221121#1...
2025-06-23T19:42:35.1909575Z Building opusfile:x86-windows@0.12+20221121#1...
2025-06-23T19:42:35.2212632Z -- Note: opusfile only supports static library linkage. Building static library.
2025-06-23T19:42:35.2309053Z Downloading https://github.com/xiph/opusfile/archive/9d718345ce03b2fad5d7d28e0bcd1cc69ab2b166.tar.gz -> xiph-opusfile-9d718345ce03b2fad5d7d28e0bcd1cc69ab2b166.tar.gz
2025-06-23T19:42:35.3481903Z Successfully downloaded xiph-opusfile-9d718345ce03b2fad5d7d28e0bcd1cc69ab2b166.tar.gz
2025-06-23T19:42:35.3589735Z -- Extracting source D:/a/synthizer3d/synthizer3d/vcpkg/downloads/xiph-opusfile-9d718345ce03b2fad5d7d28e0bcd1cc69ab2b166.tar.gz
2025-06-23T19:42:35.4915743Z -- Using source at D:/a/synthizer3d/synthizer3d/vcpkg/buildtrees/opusfile/src/c69ab2b166-6cc7de23ec.clean
2025-06-23T19:42:35.5037589Z -- Found external ninja('1.12.1').
2025-06-23T19:42:35.5070438Z -- Configuring x86-windows
2025-06-23T19:42:36.7706490Z -- Building x86-windows-dbg
2025-06-23T19:42:37.0378736Z -- Building x86-windows-rel
2025-06-23T19:42:37.4782655Z -- Fixing pkgconfig file: D:/a/synthizer3d/synthizer3d/vcpkg/packages/opusfile_x86-windows/lib/pkgconfig/opusfile.pc
2025-06-23T19:42:37.4888277Z -- Using cached msys2-mingw-w64-x86_64-pkgconf-1~2.3.0-1-any.pkg.tar.zst
2025-06-23T19:42:37.4958524Z -- Using cached msys2-msys2-runtime-3.5.4-2-x86_64.pkg.tar.zst
2025-06-23T19:42:37.4963056Z -- Using msys root at D:/a/synthizer3d/synthizer3d/vcpkg/downloads/tools/msys2/21caed2f81ec917b
2025-06-23T19:42:37.5037369Z -- Fixing pkgconfig file: D:/a/synthizer3d/synthizer3d/vcpkg/packages/opusfile_x86-windows/debug/lib/pkgconfig/opusfile.pc
2025-06-23T19:42:37.5134932Z -- Installing: D:/a/synthizer3d/synthizer3d/vcpkg/packages/opusfile_x86-windows/share/opusfile/copyright
2025-06-23T19:42:37.5142346Z -- Installing: D:/a/synthizer3d/synthizer3d/vcpkg/packages/opusfile_x86-windows/share/opusfile/usage
2025-06-23T19:42:37.5195683Z -- Performing post-build validation
2025-06-23T19:42:37.5266516Z Elapsed time to handle opusfile:x86-windows: 2.3 s
2025-06-23T19:42:37.5267531Z opusfile:x86-windows package ABI: 558f8d0c1725b77c6cd28062f718be9e4baef5d64a4d6297e504b882d2ce8a04
2025-06-23T19:42:37.5268714Z Installing 7/9 atl:x86-windows@0...
2025-06-23T19:42:37.5269242Z Building atl:x86-windows@0...
2025-06-23T19:42:37.5627208Z -- Skipping post-build validation due to VCPKG_POLICY_EMPTY_PACKAGE
2025-06-23T19:42:37.5650186Z Elapsed time to handle atl:x86-windows: 38.3 ms
2025-06-23T19:42:37.5650914Z atl:x86-windows package ABI: 342d8acf1d4b00c8d8f5437e477585b33bd67c023be49b90ef63dc559637cb14
2025-06-23T19:42:37.5651498Z Installing 8/9 atlmfc:x86-windows@0#3...
2025-06-23T19:42:37.5651877Z Building atlmfc:x86-windows@0#3...
2025-06-23T19:42:37.5993343Z -- Skipping post-build validation due to VCPKG_POLICY_EMPTY_PACKAGE
2025-06-23T19:42:37.6018783Z Elapsed time to handle atlmfc:x86-windows: 36.8 ms
2025-06-23T19:42:37.6019771Z atlmfc:x86-windows package ABI: a0ff26a5f4a3e69d6e49f9851c85c9537d1d5ce7c541b6be746af6ec50c22239
2025-06-23T19:42:37.6020830Z Installing 9/9 soundtouch:x86-windows@2.3.3...
2025-06-23T19:42:37.6021176Z Building soundtouch:x86-windows@2.3.3...
2025-06-23T19:42:37.6406269Z Downloading https://codeberg.org/soundtouch/soundtouch/archive/2.3.3.tar.gz -> soundtouch-soundtouch-2.3.3.tar.gz
2025-06-23T19:42:38.5333993Z Successfully downloaded soundtouch-soundtouch-2.3.3.tar.gz
2025-06-23T19:42:38.5453621Z -- Extracting source D:/a/synthizer3d/synthizer3d/vcpkg/downloads/soundtouch-soundtouch-2.3.3.tar.gz
2025-06-23T19:42:38.6877850Z -- Using source at D:/a/synthizer3d/synthizer3d/vcpkg/buildtrees/soundtouch/src/2.3.3-309213044d.clean
2025-06-23T19:42:38.6992517Z -- Found external ninja('1.12.1').
2025-06-23T19:42:38.7024752Z -- Configuring x86-windows
2025-06-23T19:42:40.0955124Z -- Building x86-windows-dbg
2025-06-23T19:42:42.2718139Z -- Building x86-windows-rel
2025-06-23T19:42:44.4663389Z -- Fixing pkgconfig file: D:/a/synthizer3d/synthizer3d/vcpkg/packages/soundtouch_x86-windows/lib/pkgconfig/soundtouch.pc
2025-06-23T19:42:44.4770343Z -- Using cached msys2-mingw-w64-x86_64-pkgconf-1~2.3.0-1-any.pkg.tar.zst
2025-06-23T19:42:44.4840545Z -- Using cached msys2-msys2-runtime-3.5.4-2-x86_64.pkg.tar.zst
2025-06-23T19:42:44.4845074Z -- Using msys root at D:/a/synthizer3d/synthizer3d/vcpkg/downloads/tools/msys2/21caed2f81ec917b
2025-06-23T19:42:44.4920647Z -- Fixing pkgconfig file: D:/a/synthizer3d/synthizer3d/vcpkg/packages/soundtouch_x86-windows/debug/lib/pkgconfig/soundtouch.pc
2025-06-23T19:42:44.5382347Z -- Installing: D:/a/synthizer3d/synthizer3d/vcpkg/packages/soundtouch_x86-windows/share/soundtouch/copyright
2025-06-23T19:42:44.5446962Z -- Performing post-build validation
2025-06-23T19:42:44.5531791Z Elapsed time to handle soundtouch:x86-windows: 7 s
2025-06-23T19:42:44.5532474Z soundtouch:x86-windows package ABI: a4eae149255f87cebc15fabf8773d05c612b36e615eedb07f38d5b9c01102cba
2025-06-23T19:42:44.5553544Z libogg provides CMake targets:
2025-06-23T19:42:44.5553928Z 
2025-06-23T19:42:44.5554416Z   # this is heuristically generated, and may not be correct
2025-06-23T19:42:44.5555179Z   find_package(Ogg CONFIG REQUIRED)
2025-06-23T19:42:44.5555921Z   target_link_libraries(main PRIVATE Ogg::ogg)
2025-06-23T19:42:44.5556277Z 
2025-06-23T19:42:44.5556554Z libogg provides pkg-config modules:
2025-06-23T19:42:44.5556885Z 
2025-06-23T19:42:44.5559655Z   # ogg is a library for manipulating ogg bitstreams
2025-06-23T19:42:44.5560365Z   ogg
2025-06-23T19:42:44.5560586Z 
2025-06-23T19:42:44.5560983Z The package libvorbis provides CMake targets:
2025-06-23T19:42:44.5561395Z 
2025-06-23T19:42:44.5561773Z     # Vorbis reference encoder and decoder, low-level API
2025-06-23T19:42:44.5562362Z     find_package(Vorbis CONFIG REQUIRED)
2025-06-23T19:42:44.5562962Z     target_link_libraries(main PRIVATE Vorbis::vorbis)
2025-06-23T19:42:44.5563279Z 
2025-06-23T19:42:44.5563641Z     # Audio stream decoding and basic manipulation, high-level API
2025-06-23T19:42:44.5564028Z     find_package(Vorbis CONFIG REQUIRED)
2025-06-23T19:42:44.5564583Z     target_link_libraries(main PRIVATE Vorbis::vorbisfile)
2025-06-23T19:42:44.5564891Z 
2025-06-23T19:42:44.5565101Z     # Convenience API for setting up an encoding environment
2025-06-23T19:42:44.5565461Z     find_package(Vorbis CONFIG REQUIRED)
2025-06-23T19:42:44.5565832Z     target_link_libraries(main PRIVATE Vorbis::vorbisenc)
2025-06-23T19:42:44.5566183Z 
2025-06-23T19:42:44.5566416Z opus provides CMake targets:
2025-06-23T19:42:44.5566658Z 
2025-06-23T19:42:44.5566996Z   # this is heuristically generated, and may not be correct
2025-06-23T19:42:44.5567522Z   find_package(Opus CONFIG REQUIRED)
2025-06-23T19:42:44.5567863Z   target_link_libraries(main PRIVATE Opus::opus)
2025-06-23T19:42:44.5568063Z 
2025-06-23T19:42:44.5568201Z opus provides pkg-config modules:
2025-06-23T19:42:44.5568355Z 
2025-06-23T19:42:44.5568482Z   # Opus IETF audio codec ( build)
2025-06-23T19:42:44.5568691Z   opus
2025-06-23T19:42:44.5568775Z 
2025-06-23T19:42:44.5568938Z The package opusfile provides CMake targets:
2025-06-23T19:42:44.5569119Z 
2025-06-23T19:42:44.5569269Z     find_package(OpusFile CONFIG REQUIRED)
2025-06-23T19:42:44.5569841Z     target_link_libraries(main PRIVATE OpusFile::opusfile)
2025-06-23T19:42:44.5570056Z 
2025-06-23T19:42:44.5570169Z     # To use the opusurl API
2025-06-23T19:42:44.5570508Z     target_link_libraries(main PRIVATE OpusFile::opusurl)
2025-06-23T19:42:44.5570713Z 
2025-06-23T19:42:44.5570846Z soundtouch provides CMake targets:
2025-06-23T19:42:44.5570997Z 
2025-06-23T19:42:44.5571195Z   # this is heuristically generated, and may not be correct
2025-06-23T19:42:44.5571544Z   find_package(SoundTouch CONFIG REQUIRED)
2025-06-23T19:42:44.5572138Z   target_link_libraries(main PRIVATE SoundTouch::SoundTouch)
2025-06-23T19:42:44.5572350Z 
2025-06-23T19:42:44.5572491Z soundtouch provides pkg-config modules:
2025-06-23T19:42:44.5572654Z 
2025-06-23T19:42:44.5573146Z   # SoundTouch is an open-source audio processing library for changing the Tempo, Pitch and Playback Rates of audio streams or files
2025-06-23T19:42:44.5573626Z   soundtouch
2025-06-23T19:42:44.5573724Z 
2025-06-23T19:42:44.5573937Z All requested installations completed successfully in: 45 s
2025-06-23T19:42:44.5669995Z Finished vcpkg install command.
2025-06-23T19:42:44.5940410Z Verifying existence of target CMAKE_PREFIX_PATH: D:\a\synthizer3d\synthizer3d\vcpkg_installed\x86-windows
2025-06-23T19:42:44.5974912Z Confermato: La directory target per CMAKE_PREFIX_PATH esiste: D:\a\synthizer3d\synthizer3d\vcpkg_installed\x86-windows
2025-06-23T19:42:44.6343235Z CMAKE_PREFIX_PATH impostato a D:\a\synthizer3d\synthizer3d\vcpkg_installed\x86-windows
2025-06-23T19:42:44.6716595Z ##[group]Run python -m pip install --upgrade pip
2025-06-23T19:42:44.6717094Z [36;1mpython -m pip install --upgrade pip[0m
2025-06-23T19:42:44.6717608Z [36;1mpip install ninja cmake wheel tomli setuptools packaging distro scikit-build cython build delvewheel[0m
2025-06-23T19:42:44.6750706Z shell: C:\Program Files\PowerShell\7\pwsh.EXE -command ". '{0}'"
2025-06-23T19:42:44.6751071Z env:
2025-06-23T19:42:44.6751279Z   PYVERSION: 3.11
2025-06-23T19:42:44.6751481Z   CI_ARCH_LOWER: x86
2025-06-23T19:42:44.6751711Z   CI_WINDOWS: 1
2025-06-23T19:42:44.6751927Z   CI_ARCH_ENV: x86
2025-06-23T19:42:44.6752141Z   VCPKG_DEFAULT_TRIPLET: x86-windows
2025-06-23T19:42:44.6752559Z   EFFECTIVE_VCPKG_INSTALLED_DIR_BASE: D:\a\synthizer3d\synthizer3d\vcpkg_installed
2025-06-23T19:42:44.6753054Z   pythonLocation: C:\hostedtoolcache\windows\Python\3.11.9\x86
2025-06-23T19:42:44.6753495Z   PKG_CONFIG_PATH: C:\hostedtoolcache\windows\Python\3.11.9\x86/lib/pkgconfig
2025-06-23T19:42:44.6754026Z   Python_ROOT_DIR: C:\hostedtoolcache\windows\Python\3.11.9\x86
2025-06-23T19:42:44.6754445Z   Python2_ROOT_DIR: C:\hostedtoolcache\windows\Python\3.11.9\x86
2025-06-23T19:42:44.6754867Z   Python3_ROOT_DIR: C:\hostedtoolcache\windows\Python\3.11.9\x86
2025-06-23T19:42:44.6755217Z   CommandPromptType: Native
2025-06-23T19:42:44.6755613Z   DevEnvDir: C:\Program Files\Microsoft Visual Studio\2022\Enterprise\Common7\IDE\
2025-06-23T19:42:44.6756120Z   ExtensionSdkDir: C:\Program Files (x86)\Microsoft SDKs\Windows Kits\10\ExtensionSDKs
2025-06-23T19:42:44.6758190Z   EXTERNAL_INCLUDE: C:\Program Files\Microsoft Visual Studio\2022\Enterprise\VC\Tools\MSVC\14.43.34808\include;C:\Program Files\Microsoft Visual Studio\2022\Enterprise\VC\Tools\MSVC\14.43.34808\ATLMFC\include;C:\Program Files\Microsoft Visual Studio\2022\Enterprise\VC\Auxiliary\VS\include;C:\Program Files (x86)\Windows Kits\10\include\10.0.26100.0\ucrt;C:\Program Files (x86)\Windows Kits\10\\include\10.0.26100.0\\um;C:\Program Files (x86)\Windows Kits\10\\include\10.0.26100.0\\shared;C:\Program Files (x86)\Windows Kits\10\\include\10.0.26100.0\\winrt;C:\Program Files (x86)\Windows Kits\10\\include\10.0.26100.0\\cppwinrt;C:\Program Files (x86)\Windows Kits\NETFXSDK\4.8\include\um
2025-06-23T19:42:44.6760152Z   Framework40Version: v4.0
2025-06-23T19:42:44.6760420Z   FrameworkDir: C:\Windows\Microsoft.NET\Framework\
2025-06-23T19:42:44.6760773Z   FrameworkDir32: C:\Windows\Microsoft.NET\Framework\
2025-06-23T19:42:44.6761092Z   FrameworkVersion: v4.0.30319
2025-06-23T19:42:44.6761354Z   FrameworkVersion32: v4.0.30319
2025-06-23T19:42:44.6761885Z   FSHARPINSTALLDIR: C:\Program Files\Microsoft Visual Studio\2022\Enterprise\Common7\IDE\CommonExtensions\Microsoft\FSharp\Tools
2025-06-23T19:42:44.6762479Z   HTMLHelpDir: C:\Program Files (x86)\HTML Help Workshop
2025-06-23T19:42:44.6762946Z   IFCPATH: C:\Program Files\Microsoft Visual Studio\2022\Enterprise\VC\Tools\MSVC\14.43.34808\ifc\x86
2025-06-23T19:42:44.6765006Z   INCLUDE: C:\Program Files\Microsoft Visual Studio\2022\Enterprise\VC\Tools\MSVC\14.43.34808\include;C:\Program Files\Microsoft Visual Studio\2022\Enterprise\VC\Tools\MSVC\14.43.34808\ATLMFC\include;C:\Program Files\Microsoft Visual Studio\2022\Enterprise\VC\Auxiliary\VS\include;C:\Program Files (x86)\Windows Kits\10\include\10.0.26100.0\ucrt;C:\Program Files (x86)\Windows Kits\10\\include\10.0.26100.0\\um;C:\Program Files (x86)\Windows Kits\10\\include\10.0.26100.0\\shared;C:\Program Files (x86)\Windows Kits\10\\include\10.0.26100.0\\winrt;C:\Program Files (x86)\Windows Kits\10\\include\10.0.26100.0\\cppwinrt;C:\Program Files (x86)\Windows Kits\NETFXSDK\4.8\include\um
2025-06-23T19:42:44.6769641Z   LIB: C:\Program Files\Microsoft Visual Studio\2022\Enterprise\VC\Tools\MSVC\14.43.34808\ATLMFC\lib\x86;C:\Program Files\Microsoft Visual Studio\2022\Enterprise\VC\Tools\MSVC\14.43.34808\lib\x86;C:\Program Files (x86)\Windows Kits\NETFXSDK\4.8\lib\um\x86;C:\Program Files (x86)\Windows Kits\10\lib\10.0.26100.0\ucrt\x86;C:\Program Files (x86)\Windows Kits\10\\lib\10.0.26100.0\\um\x86
2025-06-23T19:42:44.6772068Z   LIBPATH: C:\Program Files\Microsoft Visual Studio\2022\Enterprise\VC\Tools\MSVC\14.43.34808\ATLMFC\lib\x86;C:\Program Files\Microsoft Visual Studio\2022\Enterprise\VC\Tools\MSVC\14.43.34808\lib\x86;C:\Program Files\Microsoft Visual Studio\2022\Enterprise\VC\Tools\MSVC\14.43.34808\lib\x86\store\references;C:\Program Files (x86)\Windows Kits\10\UnionMetadata\10.0.26100.0;C:\Program Files (x86)\Windows Kits\10\References\10.0.26100.0;C:\Windows\Microsoft.NET\Framework\v4.0.30319
2025-06-23T19:42:44.6773620Z   NETFXSDKDir: C:\Program Files (x86)\Windows Kits\NETFXSDK\4.8\
2025-06-23T19:42:44.6787466Z   Path: C:\Program Files\Microsoft Visual Studio\2022\Enterprise\VC\Tools\MSVC\14.43.34808\bin\HostX86\x86;C:\Program Files\Microsoft Visual Studio\2022\Enterprise\Common7\IDE\VC\VCPackages;C:\Program Files\Microsoft Visual Studio\2022\Enterprise\Common7\IDE\CommonExtensions\Microsoft\TestWindow;C:\Program Files\Microsoft Visual Studio\2022\Enterprise\Common7\IDE\CommonExtensions\Microsoft\TeamFoundation\Team Explorer;C:\Program Files\Microsoft Visual Studio\2022\Enterprise\MSBuild\Current\bin\Roslyn;C:\Program Files (x86)\Microsoft SDKs\Windows\v10.0A\bin\NETFX 4.8 Tools\;C:\Program Files (x86)\HTML Help Workshop;C:\Program Files\Microsoft Visual Studio\2022\Enterprise\Common7\IDE\CommonExtensions\Microsoft\FSharp\Tools;C:\Program Files\Microsoft Visual Studio\2022\Enterprise\Team Tools\DiagnosticsHub\Collector;C:\Program Files\Microsoft Visual Studio\2022\Enterprise\Common7\IDE\Extensions\Microsoft\CodeCoverage.Console;C:\Program Files (x86)\Windows Kits\10\bin\10.0.26100.0\\x86;C:\Program Files (x86)\Windows Kits\10\bin\\x86;C:\Program Files\Microsoft Visual Studio\2022\Enterprise\\MSBuild\Current\Bin\amd64;C:\Windows\Microsoft.NET\Framework\v4.0.30319;C:\Program Files\Microsoft Visual Studio\2022\Enterprise\Common7\IDE\;C:\Program Files\Microsoft Visual Studio\2022\Enterprise\Common7\Tools\;C:\Users\runneradmin\AppData\Roaming\Python\Python311\Scripts;C:\hostedtoolcache\windows\Python\3.11.9\x86\Scripts;C:\hostedtoolcache\windows\Python\3.11.9\x86;C:\Program Files\MongoDB\Server\5.0\bin;C:\aliyun-cli;C:\vcpkg;C:\Program Files (x86)\NSIS\;C:\tools\zstd;C:\Program Files\Mercurial\;C:\hostedtoolcache\windows\stack\3.5.1\x64;C:\cabal\bin;C:\\ghcup\bin;C:\mingw64\bin;C:\Program Files\dotnet;C:\Program Files\MySQL\MySQL Server 8.0\bin;C:\Program Files\R\R-4.4.2\bin\x64;C:\SeleniumWebDrivers\GeckoDriver;C:\SeleniumWebDrivers\EdgeDriver\;C:\SeleniumWebDrivers\ChromeDriver;C:\Program Files (x86)\sbt\bin;C:\Program Files (x86)\GitHub CLI;C:\Program Files\Git\bin;C:\Program Files (x86)\pipx_bin;C:\npm\prefix;C:\hostedtoolcache\windows\go\1.24.3\x64\bin;C:\hostedtoolcache\windows\Python\3.9.13\x64\Scripts;C:\hostedtoolcache\windows\Python\3.9.13\x64;C:\hostedtoolcache\windows\Ruby\3.3.8\x64\bin;C:\Program Files\OpenSSL\bin;C:\tools\kotlinc\bin;C:\hostedtoolcache\windows\Java_Temurin-Hotspot_jdk\8.0.452-9\x64\bin;C:\Program Files\ImageMagick-7.1.1-Q16-HDRI;C:\Program Files\Microsoft SDKs\Azure\CLI2\wbin;C:\ProgramData\kind;C:\ProgramData\Chocolatey\bin;C:\Windows\system32;C:\Windows;C:\Windows\System32\Wbem;C:\Windows\System32\WindowsPowerShell\v1.0\;C:\Windows\System32\OpenSSH\;C:\Program Files\dotnet\;C:\Program Files\PowerShell\7\;C:\Program Files\Microsoft\Web Platform Installer\;C:\Program Files\TortoiseSVN\bin;C:\Program Files\Microsoft SQL Server\Client SDK\ODBC\170\Tools\Binn\;C:\Program Files\Microsoft SQL Server\150\Tools\Binn\;C:\Program Files (x86)\Windows Kits\10\Windows Performance Toolkit\;C:\Program Files (x86)\WiX Toolset v3.14\bin;C:\Program Files\Microsoft SQL Server\130\DTS\Binn\;C:\Program Files\Microsoft SQL Server\140\DTS\Binn\;C:\Program Files\Microsoft SQL Server\150\DTS\Binn\;C:\Program Files\Microsoft SQL Server\160\DTS\Binn\;C:\Strawberry\c\bin;C:\Strawberry\perl\site\bin;C:\Strawberry\perl\bin;C:\ProgramData\chocolatey\lib\pulumi\tools\Pulumi\bin;C:\Program Files\CMake\bin;C:\ProgramData\chocolatey\lib\maven\apache-maven-3.9.9\bin;C:\Program Files\Microsoft Service Fabric\bin\Fabric\Fabric.Code;C:\Program Files\Microsoft SDKs\Service Fabric\Tools\ServiceFabricLocalClusterManager;C:\Program Files\nodejs\;C:\Program Files\Git\cmd;C:\Program Files\Git\mingw64\bin;C:\Program Files\Git\usr\bin;C:\Program Files\GitHub CLI\;c:\tools\php;C:\Program Files\Amazon\AWSCLIV2\;C:\Program Files\Amazon\SessionManagerPlugin\bin\;C:\Program Files\Amazon\AWSSAMCLI\bin\;C:\Program Files\Microsoft SQL Server\130\Tools\Binn\;C:\Program Files\LLVM\bin;C:\Users\runneradmin\.dotnet\tools;C:\Users\runneradmin\.cargo\bin;C:\Users\runneradmin\AppData\Local\Microsoft\WindowsApps;C:\Program Files (x86)\Microsoft Visual Studio\Installer;C:\Program Files\Microsoft Visual Studio\2022\Enterprise\VC\Tools\Llvm\bin;C:\Program Files\Microsoft Visual Studio\2022\Enterprise\Common7\IDE\CommonExtensions\Microsoft\CMake\CMake\bin;C:\Program Files\Microsoft Visual Studio\2022\Enterprise\Common7\IDE\CommonExtensions\Microsoft\CMake\Ninja;C:\Program Files\Microsoft Visual Studio\2022\Enterprise\Common7\IDE\VC\Linux\bin\ConnectionManagerExe;C:\Program Files\Microsoft Visual Studio\2022\Enterprise\VC\vcpkg
2025-06-23T19:42:44.6801546Z   Platform: x86
2025-06-23T19:42:44.6801783Z   UCRTVersion: 10.0.26100.0
2025-06-23T19:42:44.6802087Z   UniversalCRTSdkDir: C:\Program Files (x86)\Windows Kits\10\
2025-06-23T19:42:44.6802580Z   VCIDEInstallDir: C:\Program Files\Microsoft Visual Studio\2022\Enterprise\Common7\IDE\VC\
2025-06-23T19:42:44.6803119Z   VCINSTALLDIR: C:\Program Files\Microsoft Visual Studio\2022\Enterprise\VC\
2025-06-23T19:42:44.6803539Z   VCPKG_ROOT: D:\a\synthizer3d\synthizer3d\vcpkg
2025-06-23T19:42:44.6804005Z   VCToolsInstallDir: C:\Program Files\Microsoft Visual Studio\2022\Enterprise\VC\Tools\MSVC\14.43.34808\
2025-06-23T19:42:44.6804655Z   VCToolsRedistDir: C:\Program Files\Microsoft Visual Studio\2022\Enterprise\VC\Redist\MSVC\14.42.34433\
2025-06-23T19:42:44.6805120Z   VCToolsVersion: 14.43.34808
2025-06-23T19:42:44.6805353Z   VisualStudioVersion: 17.0
2025-06-23T19:42:44.6805757Z   VS170COMNTOOLS: C:\Program Files\Microsoft Visual Studio\2022\Enterprise\Common7\Tools\
2025-06-23T19:42:44.6806177Z   VSCMD_ARG_app_plat: Desktop
2025-06-23T19:42:44.6806426Z   VSCMD_ARG_HOST_ARCH: x86
2025-06-23T19:42:44.6806641Z   VSCMD_ARG_TGT_ARCH: x86
2025-06-23T19:42:44.6806871Z   VSCMD_VER: 17.13.2
2025-06-23T19:42:44.6807198Z   VSINSTALLDIR: C:\Program Files\Microsoft Visual Studio\2022\Enterprise\
2025-06-23T19:42:44.6807657Z   VSSDK150INSTALL: C:\Program Files\Microsoft Visual Studio\2022\Enterprise\VSSDK
2025-06-23T19:42:44.6808153Z   VSSDKINSTALL: C:\Program Files\Microsoft Visual Studio\2022\Enterprise\VSSDK
2025-06-23T19:42:44.6808822Z   WindowsLibPath: C:\Program Files (x86)\Windows Kits\10\UnionMetadata\10.0.26100.0;C:\Program Files (x86)\Windows Kits\10\References\10.0.26100.0
2025-06-23T19:42:44.6809455Z   WindowsSdkBinPath: C:\Program Files (x86)\Windows Kits\10\bin\
2025-06-23T19:42:44.6809816Z   WindowsSdkDir: C:\Program Files (x86)\Windows Kits\10\
2025-06-23T19:42:44.6810292Z   WindowsSDKLibVersion: 10.0.26100.0\
2025-06-23T19:42:44.6810678Z   WindowsSdkVerBinPath: C:\Program Files (x86)\Windows Kits\10\bin\10.0.26100.0\
2025-06-23T19:42:44.6811075Z   WindowsSDKVersion: 10.0.26100.0\
2025-06-23T19:42:44.6811515Z   WindowsSDK_ExecutablePath_x64: C:\Program Files (x86)\Microsoft SDKs\Windows\v10.0A\bin\NETFX 4.8 Tools\x64\
2025-06-23T19:42:44.6812170Z   WindowsSDK_ExecutablePath_x86: C:\Program Files (x86)\Microsoft SDKs\Windows\v10.0A\bin\NETFX 4.8 Tools\
2025-06-23T19:42:44.6812637Z   __DOTNET_ADD_32BIT: 1
2025-06-23T19:42:44.6812860Z   __DOTNET_PREFERRED_BITNESS: 32
2025-06-23T19:42:44.6821018Z   __VSCMD_PREINIT_PATH: C:\Users\runneradmin\AppData\Roaming\Python\Python311\Scripts;C:\hostedtoolcache\windows\Python\3.11.9\x86\Scripts;C:\hostedtoolcache\windows\Python\3.11.9\x86;C:\Program Files\MongoDB\Server\5.0\bin;C:\aliyun-cli;C:\vcpkg;C:\Program Files (x86)\NSIS\;C:\tools\zstd;C:\Program Files\Mercurial\;C:\hostedtoolcache\windows\stack\3.5.1\x64;C:\cabal\bin;C:\\ghcup\bin;C:\mingw64\bin;C:\Program Files\dotnet;C:\Program Files\MySQL\MySQL Server 8.0\bin;C:\Program Files\R\R-4.4.2\bin\x64;C:\SeleniumWebDrivers\GeckoDriver;C:\SeleniumWebDrivers\EdgeDriver\;C:\SeleniumWebDrivers\ChromeDriver;C:\Program Files (x86)\sbt\bin;C:\Program Files (x86)\GitHub CLI;C:\Program Files\Git\bin;C:\Program Files (x86)\pipx_bin;C:\npm\prefix;C:\hostedtoolcache\windows\go\1.24.3\x64\bin;C:\hostedtoolcache\windows\Python\3.9.13\x64\Scripts;C:\hostedtoolcache\windows\Python\3.9.13\x64;C:\hostedtoolcache\windows\Ruby\3.3.8\x64\bin;C:\Program Files\OpenSSL\bin;C:\tools\kotlinc\bin;C:\hostedtoolcache\windows\Java_Temurin-Hotspot_jdk\8.0.452-9\x64\bin;C:\Program Files\ImageMagick-7.1.1-Q16-HDRI;C:\Program Files\Microsoft SDKs\Azure\CLI2\wbin;C:\ProgramData\kind;C:\ProgramData\Chocolatey\bin;C:\Windows\system32;C:\Windows;C:\Windows\System32\Wbem;C:\Windows\System32\WindowsPowerShell\v1.0\;C:\Windows\System32\OpenSSH\;C:\Program Files\dotnet\;C:\Program Files\PowerShell\7\;C:\Program Files\Microsoft\Web Platform Installer\;C:\Program Files\TortoiseSVN\bin;C:\Program Files\Microsoft SQL Server\Client SDK\ODBC\170\Tools\Binn\;C:\Program Files\Microsoft SQL Server\150\Tools\Binn\;C:\Program Files (x86)\Windows Kits\10\Windows Performance Toolkit\;C:\Program Files (x86)\WiX Toolset v3.14\bin;C:\Program Files\Microsoft SQL Server\130\DTS\Binn\;C:\Program Files\Microsoft SQL Server\140\DTS\Binn\;C:\Program Files\Microsoft SQL Server\150\DTS\Binn\;C:\Program Files\Microsoft SQL Server\160\DTS\Binn\;C:\Strawberry\c\bin;C:\Strawberry\perl\site\bin;C:\Strawberry\perl\bin;C:\ProgramData\chocolatey\lib\pulumi\tools\Pulumi\bin;C:\Program Files\CMake\bin;C:\ProgramData\chocolatey\lib\maven\apache-maven-3.9.9\bin;C:\Program Files\Microsoft Service Fabric\bin\Fabric\Fabric.Code;C:\Program Files\Microsoft SDKs\Service Fabric\Tools\ServiceFabricLocalClusterManager;C:\Program Files\nodejs\;C:\Program Files\Git\cmd;C:\Program Files\Git\mingw64\bin;C:\Program Files\Git\usr\bin;C:\Program Files\GitHub CLI\;c:\tools\php;C:\Program Files (x86)\sbt\bin;C:\Program Files\Amazon\AWSCLIV2\;C:\Program Files\Amazon\SessionManagerPlugin\bin\;C:\Program Files\Amazon\AWSSAMCLI\bin\;C:\Program Files\Microsoft SQL Server\130\Tools\Binn\;C:\Program Files\LLVM\bin;C:\Users\runneradmin\.dotnet\tools;C:\Users\runneradmin\.cargo\bin;C:\Users\runneradmin\AppData\Local\Microsoft\WindowsApps;C:\Program Files (x86)\Microsoft Visual Studio\Installer
2025-06-23T19:42:44.6829373Z   VCPKG_DEFAULT_BINARY_CACHE: D:/a/synthizer3d/synthizer3d/969f6665-88a2-4c98-938e-ca9259871fec/vcpkg_cache
2025-06-23T19:42:44.6829881Z   VCPKG_BINARY_SOURCES: clear;x-gha,readwrite
2025-06-23T19:42:44.6830489Z   ACTIONS_CACHE_URL: https://acghubeus2.actions.githubusercontent.com/bwbzopuV3oKlbowlUKWdOnf6KF0vjv7EYqCB3ZHqukKhTVgy74/
2025-06-23T19:42:44.6861751Z   ACTIONS_RUNTIME_TOKEN: ***
2025-06-23T19:42:44.6862091Z   RUNVCPKG_VCPKG_ROOT: D:\a\synthizer3d\synthizer3d\vcpkg
2025-06-23T19:42:44.6862538Z   CMAKE_PREFIX_PATH: D:\a\synthizer3d\synthizer3d\vcpkg_installed\x86-windows
2025-06-23T19:42:44.6862978Z ##[endgroup]
2025-06-23T19:42:46.2679906Z Requirement already satisfied: pip in c:\hostedtoolcache\windows\python\3.11.9\x86\lib\site-packages (25.1.1)
2025-06-23T19:42:48.0230974Z Collecting ninja
2025-06-23T19:42:48.0263468Z   Using cached ninja-1.11.1.4-py3-none-win32.whl.metadata (5.0 kB)
2025-06-23T19:42:48.1908751Z Collecting cmake
2025-06-23T19:42:48.1940465Z   Using cached cmake-4.0.3-py3-none-win32.whl.metadata (6.3 kB)
2025-06-23T19:42:48.2270678Z Collecting wheel
2025-06-23T19:42:48.2300089Z   Using cached wheel-0.45.1-py3-none-any.whl.metadata (2.3 kB)
2025-06-23T19:42:48.2544262Z Collecting tomli
2025-06-23T19:42:48.2572374Z   Using cached tomli-2.2.1-cp311-cp311-win32.whl.metadata (12 kB)
2025-06-23T19:42:48.2616155Z Requirement already satisfied: setuptools in c:\hostedtoolcache\windows\python\3.11.9\x86\lib\site-packages (65.5.0)
2025-06-23T19:42:48.2865550Z Collecting packaging
2025-06-23T19:42:48.2895088Z   Using cached packaging-25.0-py3-none-any.whl.metadata (3.3 kB)
2025-06-23T19:42:48.3086720Z Collecting distro
2025-06-23T19:42:48.3115185Z   Using cached distro-1.9.0-py3-none-any.whl.metadata (6.8 kB)
2025-06-23T19:42:48.3363642Z Collecting scikit-build
2025-06-23T19:42:48.3404400Z   Using cached scikit_build-0.18.1-py3-none-any.whl.metadata (18 kB)
2025-06-23T19:42:48.6242485Z Collecting cython
2025-06-23T19:42:48.6273291Z   Using cached cython-3.1.2-cp311-cp311-win32.whl.metadata (6.0 kB)
2025-06-23T19:42:48.6519810Z Collecting build
2025-06-23T19:42:48.6548271Z   Using cached build-1.2.2.post1-py3-none-any.whl.metadata (6.5 kB)
2025-06-23T19:42:48.6911426Z Collecting delvewheel
2025-06-23T19:42:48.6940789Z   Using cached delvewheel-1.10.1-py3-none-any.whl.metadata (17 kB)
2025-06-23T19:42:48.7399249Z Collecting pyproject_hooks (from build)
2025-06-23T19:42:48.7427830Z   Using cached pyproject_hooks-1.2.0-py3-none-any.whl.metadata (1.3 kB)
2025-06-23T19:42:48.7967805Z Collecting colorama (from build)
2025-06-23T19:42:48.7995526Z   Using cached colorama-0.4.6-py2.py3-none-any.whl.metadata (17 kB)
2025-06-23T19:42:48.8213886Z Collecting pefile>=2024.8.26 (from delvewheel)
2025-06-23T19:42:48.8253183Z   Using cached pefile-2024.8.26-py3-none-any.whl.metadata (1.4 kB)
2025-06-23T19:42:48.8345060Z Using cached ninja-1.11.1.4-py3-none-win32.whl (255 kB)
2025-06-23T19:42:48.8382826Z Using cached cmake-4.0.3-py3-none-win32.whl (33.7 MB)
2025-06-23T19:42:48.8576780Z Using cached wheel-0.45.1-py3-none-any.whl (72 kB)
2025-06-23T19:42:48.8605651Z Using cached tomli-2.2.1-cp311-cp311-win32.whl (98 kB)
2025-06-23T19:42:48.8633167Z Using cached packaging-25.0-py3-none-any.whl (66 kB)
2025-06-23T19:42:48.8661603Z Using cached distro-1.9.0-py3-none-any.whl (20 kB)
2025-06-23T19:42:48.8688612Z Using cached scikit_build-0.18.1-py3-none-any.whl (85 kB)
2025-06-23T19:42:48.8716538Z Using cached cython-3.1.2-cp311-cp311-win32.whl (2.5 MB)
2025-06-23T19:42:48.8755611Z Using cached build-1.2.2.post1-py3-none-any.whl (22 kB)
2025-06-23T19:42:48.8788138Z Using cached delvewheel-1.10.1-py3-none-any.whl (58 kB)
2025-06-23T19:42:48.8815370Z Using cached pefile-2024.8.26-py3-none-any.whl (74 kB)
2025-06-23T19:42:48.8855450Z Using cached colorama-0.4.6-py2.py3-none-any.whl (25 kB)
2025-06-23T19:42:48.8873894Z Using cached pyproject_hooks-1.2.0-py3-none-any.whl (10 kB)
2025-06-23T19:42:49.1970421Z Installing collected packages: wheel, tomli, pyproject_hooks, pefile, packaging, ninja, distro, cython, colorama, cmake, scikit-build, delvewheel, build
2025-06-23T19:43:24.8724858Z 
2025-06-23T19:43:24.8745625Z Successfully installed build-1.2.2.post1 cmake-4.0.3 colorama-0.4.6 cython-3.1.2 delvewheel-1.10.1 distro-1.9.0 ninja-1.11.1.4 packaging-25.0 pefile-2024.8.26 pyproject_hooks-1.2.0 scikit-build-0.18.1 tomli-2.2.1 wheel-0.45.1
2025-06-23T19:43:25.0818794Z ##[group]Run Set-Location $Env:GITHUB_WORKSPACE
2025-06-23T19:43:25.0819231Z [36;1mSet-Location $Env:GITHUB_WORKSPACE[0m
2025-06-23T19:43:25.0819488Z [36;1mWrite-Host "Arch: x86"[0m
2025-06-23T19:43:25.0820043Z [36;1mWrite-Host "Current CMAKE_PREFIX_PATH for build is: $env:CMAKE_PREFIX_PATH"[0m
2025-06-23T19:43:25.0820632Z [36;1mWrite-Host "EFFECTIVE_VCPKG_INSTALLED_DIR_BASE for build is: $env:EFFECTIVE_VCPKG_INSTALLED_DIR_BASE"[0m
2025-06-23T19:43:25.0821332Z [36;1mWrite-Host "Synthizer expects vcpkg path (for debug/verification): $env:SYNTHIZER_EXPECTED_VCPKG_PATH_FOR_DEBUG"[0m
2025-06-23T19:43:25.0821840Z [36;1mpython -m build --wheel --no-isolation[0m
2025-06-23T19:43:25.0853336Z shell: C:\Windows\System32\WindowsPowerShell\v1.0\powershell.EXE -command ". '{0}'"
2025-06-23T19:43:25.0853753Z env:
2025-06-23T19:43:25.0853920Z   PYVERSION: 3.11
2025-06-23T19:43:25.0854094Z   CI_ARCH_LOWER: x86
2025-06-23T19:43:25.0854269Z   CI_WINDOWS: 1
2025-06-23T19:43:25.0854485Z   CI_ARCH_ENV: x86
2025-06-23T19:43:25.0854665Z   VCPKG_DEFAULT_TRIPLET: x86-windows
2025-06-23T19:43:25.0855016Z   EFFECTIVE_VCPKG_INSTALLED_DIR_BASE: D:\a\synthizer3d\synthizer3d\vcpkg_installed
2025-06-23T19:43:25.0855461Z   pythonLocation: C:\hostedtoolcache\windows\Python\3.11.9\x86
2025-06-23T19:43:25.0855852Z   PKG_CONFIG_PATH: C:\hostedtoolcache\windows\Python\3.11.9\x86/lib/pkgconfig
2025-06-23T19:43:25.0856246Z   Python_ROOT_DIR: C:\hostedtoolcache\windows\Python\3.11.9\x86
2025-06-23T19:43:25.0856601Z   Python2_ROOT_DIR: C:\hostedtoolcache\windows\Python\3.11.9\x86
2025-06-23T19:43:25.0856952Z   Python3_ROOT_DIR: C:\hostedtoolcache\windows\Python\3.11.9\x86
2025-06-23T19:43:25.0857240Z   CommandPromptType: Native
2025-06-23T19:43:25.0857572Z   DevEnvDir: C:\Program Files\Microsoft Visual Studio\2022\Enterprise\Common7\IDE\
2025-06-23T19:43:25.0858045Z   ExtensionSdkDir: C:\Program Files (x86)\Microsoft SDKs\Windows Kits\10\ExtensionSDKs
2025-06-23T19:43:25.0860092Z   EXTERNAL_INCLUDE: C:\Program Files\Microsoft Visual Studio\2022\Enterprise\VC\Tools\MSVC\14.43.34808\include;C:\Program Files\Microsoft Visual Studio\2022\Enterprise\VC\Tools\MSVC\14.43.34808\ATLMFC\include;C:\Program Files\Microsoft Visual Studio\2022\Enterprise\VC\Auxiliary\VS\include;C:\Program Files (x86)\Windows Kits\10\include\10.0.26100.0\ucrt;C:\Program Files (x86)\Windows Kits\10\\include\10.0.26100.0\\um;C:\Program Files (x86)\Windows Kits\10\\include\10.0.26100.0\\shared;C:\Program Files (x86)\Windows Kits\10\\include\10.0.26100.0\\winrt;C:\Program Files (x86)\Windows Kits\10\\include\10.0.26100.0\\cppwinrt;C:\Program Files (x86)\Windows Kits\NETFXSDK\4.8\include\um
2025-06-23T19:43:25.0861998Z   Framework40Version: v4.0
2025-06-23T19:43:25.0862240Z   FrameworkDir: C:\Windows\Microsoft.NET\Framework\
2025-06-23T19:43:25.0862536Z   FrameworkDir32: C:\Windows\Microsoft.NET\Framework\
2025-06-23T19:43:25.0862806Z   FrameworkVersion: v4.0.30319
2025-06-23T19:43:25.0863027Z   FrameworkVersion32: v4.0.30319
2025-06-23T19:43:25.0863507Z   FSHARPINSTALLDIR: C:\Program Files\Microsoft Visual Studio\2022\Enterprise\Common7\IDE\CommonExtensions\Microsoft\FSharp\Tools
2025-06-23T19:43:25.0864056Z   HTMLHelpDir: C:\Program Files (x86)\HTML Help Workshop
2025-06-23T19:43:25.0864502Z   IFCPATH: C:\Program Files\Microsoft Visual Studio\2022\Enterprise\VC\Tools\MSVC\14.43.34808\ifc\x86
2025-06-23T19:43:25.0868439Z   INCLUDE: C:\Program Files\Microsoft Visual Studio\2022\Enterprise\VC\Tools\MSVC\14.43.34808\include;C:\Program Files\Microsoft Visual Studio\2022\Enterprise\VC\Tools\MSVC\14.43.34808\ATLMFC\include;C:\Program Files\Microsoft Visual Studio\2022\Enterprise\VC\Auxiliary\VS\include;C:\Program Files (x86)\Windows Kits\10\include\10.0.26100.0\ucrt;C:\Program Files (x86)\Windows Kits\10\\include\10.0.26100.0\\um;C:\Program Files (x86)\Windows Kits\10\\include\10.0.26100.0\\shared;C:\Program Files (x86)\Windows Kits\10\\include\10.0.26100.0\\winrt;C:\Program Files (x86)\Windows Kits\10\\include\10.0.26100.0\\cppwinrt;C:\Program Files (x86)\Windows Kits\NETFXSDK\4.8\include\um
2025-06-23T19:43:25.0871262Z   LIB: C:\Program Files\Microsoft Visual Studio\2022\Enterprise\VC\Tools\MSVC\14.43.34808\ATLMFC\lib\x86;C:\Program Files\Microsoft Visual Studio\2022\Enterprise\VC\Tools\MSVC\14.43.34808\lib\x86;C:\Program Files (x86)\Windows Kits\NETFXSDK\4.8\lib\um\x86;C:\Program Files (x86)\Windows Kits\10\lib\10.0.26100.0\ucrt\x86;C:\Program Files (x86)\Windows Kits\10\\lib\10.0.26100.0\\um\x86
2025-06-23T19:43:25.0873654Z   LIBPATH: C:\Program Files\Microsoft Visual Studio\2022\Enterprise\VC\Tools\MSVC\14.43.34808\ATLMFC\lib\x86;C:\Program Files\Microsoft Visual Studio\2022\Enterprise\VC\Tools\MSVC\14.43.34808\lib\x86;C:\Program Files\Microsoft Visual Studio\2022\Enterprise\VC\Tools\MSVC\14.43.34808\lib\x86\store\references;C:\Program Files (x86)\Windows Kits\10\UnionMetadata\10.0.26100.0;C:\Program Files (x86)\Windows Kits\10\References\10.0.26100.0;C:\Windows\Microsoft.NET\Framework\v4.0.30319
2025-06-23T19:43:25.0875152Z   NETFXSDKDir: C:\Program Files (x86)\Windows Kits\NETFXSDK\4.8\
2025-06-23T19:43:25.0888650Z   Path: C:\Program Files\Microsoft Visual Studio\2022\Enterprise\VC\Tools\MSVC\14.43.34808\bin\HostX86\x86;C:\Program Files\Microsoft Visual Studio\2022\Enterprise\Common7\IDE\VC\VCPackages;C:\Program Files\Microsoft Visual Studio\2022\Enterprise\Common7\IDE\CommonExtensions\Microsoft\TestWindow;C:\Program Files\Microsoft Visual Studio\2022\Enterprise\Common7\IDE\CommonExtensions\Microsoft\TeamFoundation\Team Explorer;C:\Program Files\Microsoft Visual Studio\2022\Enterprise\MSBuild\Current\bin\Roslyn;C:\Program Files (x86)\Microsoft SDKs\Windows\v10.0A\bin\NETFX 4.8 Tools\;C:\Program Files (x86)\HTML Help Workshop;C:\Program Files\Microsoft Visual Studio\2022\Enterprise\Common7\IDE\CommonExtensions\Microsoft\FSharp\Tools;C:\Program Files\Microsoft Visual Studio\2022\Enterprise\Team Tools\DiagnosticsHub\Collector;C:\Program Files\Microsoft Visual Studio\2022\Enterprise\Common7\IDE\Extensions\Microsoft\CodeCoverage.Console;C:\Program Files (x86)\Windows Kits\10\bin\10.0.26100.0\\x86;C:\Program Files (x86)\Windows Kits\10\bin\\x86;C:\Program Files\Microsoft Visual Studio\2022\Enterprise\\MSBuild\Current\Bin\amd64;C:\Windows\Microsoft.NET\Framework\v4.0.30319;C:\Program Files\Microsoft Visual Studio\2022\Enterprise\Common7\IDE\;C:\Program Files\Microsoft Visual Studio\2022\Enterprise\Common7\Tools\;C:\Users\runneradmin\AppData\Roaming\Python\Python311\Scripts;C:\hostedtoolcache\windows\Python\3.11.9\x86\Scripts;C:\hostedtoolcache\windows\Python\3.11.9\x86;C:\Program Files\MongoDB\Server\5.0\bin;C:\aliyun-cli;C:\vcpkg;C:\Program Files (x86)\NSIS\;C:\tools\zstd;C:\Program Files\Mercurial\;C:\hostedtoolcache\windows\stack\3.5.1\x64;C:\cabal\bin;C:\\ghcup\bin;C:\mingw64\bin;C:\Program Files\dotnet;C:\Program Files\MySQL\MySQL Server 8.0\bin;C:\Program Files\R\R-4.4.2\bin\x64;C:\SeleniumWebDrivers\GeckoDriver;C:\SeleniumWebDrivers\EdgeDriver\;C:\SeleniumWebDrivers\ChromeDriver;C:\Program Files (x86)\sbt\bin;C:\Program Files (x86)\GitHub CLI;C:\Program Files\Git\bin;C:\Program Files (x86)\pipx_bin;C:\npm\prefix;C:\hostedtoolcache\windows\go\1.24.3\x64\bin;C:\hostedtoolcache\windows\Python\3.9.13\x64\Scripts;C:\hostedtoolcache\windows\Python\3.9.13\x64;C:\hostedtoolcache\windows\Ruby\3.3.8\x64\bin;C:\Program Files\OpenSSL\bin;C:\tools\kotlinc\bin;C:\hostedtoolcache\windows\Java_Temurin-Hotspot_jdk\8.0.452-9\x64\bin;C:\Program Files\ImageMagick-7.1.1-Q16-HDRI;C:\Program Files\Microsoft SDKs\Azure\CLI2\wbin;C:\ProgramData\kind;C:\ProgramData\Chocolatey\bin;C:\Windows\system32;C:\Windows;C:\Windows\System32\Wbem;C:\Windows\System32\WindowsPowerShell\v1.0\;C:\Windows\System32\OpenSSH\;C:\Program Files\dotnet\;C:\Program Files\PowerShell\7\;C:\Program Files\Microsoft\Web Platform Installer\;C:\Program Files\TortoiseSVN\bin;C:\Program Files\Microsoft SQL Server\Client SDK\ODBC\170\Tools\Binn\;C:\Program Files\Microsoft SQL Server\150\Tools\Binn\;C:\Program Files (x86)\Windows Kits\10\Windows Performance Toolkit\;C:\Program Files (x86)\WiX Toolset v3.14\bin;C:\Program Files\Microsoft SQL Server\130\DTS\Binn\;C:\Program Files\Microsoft SQL Server\140\DTS\Binn\;C:\Program Files\Microsoft SQL Server\150\DTS\Binn\;C:\Program Files\Microsoft SQL Server\160\DTS\Binn\;C:\Strawberry\c\bin;C:\Strawberry\perl\site\bin;C:\Strawberry\perl\bin;C:\ProgramData\chocolatey\lib\pulumi\tools\Pulumi\bin;C:\Program Files\CMake\bin;C:\ProgramData\chocolatey\lib\maven\apache-maven-3.9.9\bin;C:\Program Files\Microsoft Service Fabric\bin\Fabric\Fabric.Code;C:\Program Files\Microsoft SDKs\Service Fabric\Tools\ServiceFabricLocalClusterManager;C:\Program Files\nodejs\;C:\Program Files\Git\cmd;C:\Program Files\Git\mingw64\bin;C:\Program Files\Git\usr\bin;C:\Program Files\GitHub CLI\;c:\tools\php;C:\Program Files\Amazon\AWSCLIV2\;C:\Program Files\Amazon\SessionManagerPlugin\bin\;C:\Program Files\Amazon\AWSSAMCLI\bin\;C:\Program Files\Microsoft SQL Server\130\Tools\Binn\;C:\Program Files\LLVM\bin;C:\Users\runneradmin\.dotnet\tools;C:\Users\runneradmin\.cargo\bin;C:\Users\runneradmin\AppData\Local\Microsoft\WindowsApps;C:\Program Files (x86)\Microsoft Visual Studio\Installer;C:\Program Files\Microsoft Visual Studio\2022\Enterprise\VC\Tools\Llvm\bin;C:\Program Files\Microsoft Visual Studio\2022\Enterprise\Common7\IDE\CommonExtensions\Microsoft\CMake\CMake\bin;C:\Program Files\Microsoft Visual Studio\2022\Enterprise\Common7\IDE\CommonExtensions\Microsoft\CMake\Ninja;C:\Program Files\Microsoft Visual Studio\2022\Enterprise\Common7\IDE\VC\Linux\bin\ConnectionManagerExe;C:\Program Files\Microsoft Visual Studio\2022\Enterprise\VC\vcpkg
2025-06-23T19:43:25.0902448Z   Platform: x86
2025-06-23T19:43:25.0902628Z   UCRTVersion: 10.0.26100.0
2025-06-23T19:43:25.0902902Z   UniversalCRTSdkDir: C:\Program Files (x86)\Windows Kits\10\
2025-06-23T19:43:25.0903359Z   VCIDEInstallDir: C:\Program Files\Microsoft Visual Studio\2022\Enterprise\Common7\IDE\VC\
2025-06-23T19:43:25.0903848Z   VCINSTALLDIR: C:\Program Files\Microsoft Visual Studio\2022\Enterprise\VC\
2025-06-23T19:43:25.0904214Z   VCPKG_ROOT: D:\a\synthizer3d\synthizer3d\vcpkg
2025-06-23T19:43:25.0904659Z   VCToolsInstallDir: C:\Program Files\Microsoft Visual Studio\2022\Enterprise\VC\Tools\MSVC\14.43.34808\
2025-06-23T19:43:25.0905259Z   VCToolsRedistDir: C:\Program Files\Microsoft Visual Studio\2022\Enterprise\VC\Redist\MSVC\14.42.34433\
2025-06-23T19:43:25.0905663Z   VCToolsVersion: 14.43.34808
2025-06-23T19:43:25.0905871Z   VisualStudioVersion: 17.0
2025-06-23T19:43:25.0906217Z   VS170COMNTOOLS: C:\Program Files\Microsoft Visual Studio\2022\Enterprise\Common7\Tools\
2025-06-23T19:43:25.0906580Z   VSCMD_ARG_app_plat: Desktop
2025-06-23T19:43:25.0906780Z   VSCMD_ARG_HOST_ARCH: x86
2025-06-23T19:43:25.0906966Z   VSCMD_ARG_TGT_ARCH: x86
2025-06-23T19:43:25.0907138Z   VSCMD_VER: 17.13.2
2025-06-23T19:43:25.0907415Z   VSINSTALLDIR: C:\Program Files\Microsoft Visual Studio\2022\Enterprise\
2025-06-23T19:43:25.0907846Z   VSSDK150INSTALL: C:\Program Files\Microsoft Visual Studio\2022\Enterprise\VSSDK
2025-06-23T19:43:25.0908288Z   VSSDKINSTALL: C:\Program Files\Microsoft Visual Studio\2022\Enterprise\VSSDK
2025-06-23T19:43:25.0908893Z   WindowsLibPath: C:\Program Files (x86)\Windows Kits\10\UnionMetadata\10.0.26100.0;C:\Program Files (x86)\Windows Kits\10\References\10.0.26100.0
2025-06-23T19:43:25.0909474Z   WindowsSdkBinPath: C:\Program Files (x86)\Windows Kits\10\bin\
2025-06-23T19:43:25.0909819Z   WindowsSdkDir: C:\Program Files (x86)\Windows Kits\10\
2025-06-23T19:43:25.0910096Z   WindowsSDKLibVersion: 10.0.26100.0\
2025-06-23T19:43:25.0910421Z   WindowsSdkVerBinPath: C:\Program Files (x86)\Windows Kits\10\bin\10.0.26100.0\
2025-06-23T19:43:25.0910760Z   WindowsSDKVersion: 10.0.26100.0\
2025-06-23T19:43:25.0911170Z   WindowsSDK_ExecutablePath_x64: C:\Program Files (x86)\Microsoft SDKs\Windows\v10.0A\bin\NETFX 4.8 Tools\x64\
2025-06-23T19:43:25.0911771Z   WindowsSDK_ExecutablePath_x86: C:\Program Files (x86)\Microsoft SDKs\Windows\v10.0A\bin\NETFX 4.8 Tools\
2025-06-23T19:43:25.0912165Z   __DOTNET_ADD_32BIT: 1
2025-06-23T19:43:25.0912450Z   __DOTNET_PREFERRED_BITNESS: 32
2025-06-23T19:43:25.0920430Z   __VSCMD_PREINIT_PATH: C:\Users\runneradmin\AppData\Roaming\Python\Python311\Scripts;C:\hostedtoolcache\windows\Python\3.11.9\x86\Scripts;C:\hostedtoolcache\windows\Python\3.11.9\x86;C:\Program Files\MongoDB\Server\5.0\bin;C:\aliyun-cli;C:\vcpkg;C:\Program Files (x86)\NSIS\;C:\tools\zstd;C:\Program Files\Mercurial\;C:\hostedtoolcache\windows\stack\3.5.1\x64;C:\cabal\bin;C:\\ghcup\bin;C:\mingw64\bin;C:\Program Files\dotnet;C:\Program Files\MySQL\MySQL Server 8.0\bin;C:\Program Files\R\R-4.4.2\bin\x64;C:\SeleniumWebDrivers\GeckoDriver;C:\SeleniumWebDrivers\EdgeDriver\;C:\SeleniumWebDrivers\ChromeDriver;C:\Program Files (x86)\sbt\bin;C:\Program Files (x86)\GitHub CLI;C:\Program Files\Git\bin;C:\Program Files (x86)\pipx_bin;C:\npm\prefix;C:\hostedtoolcache\windows\go\1.24.3\x64\bin;C:\hostedtoolcache\windows\Python\3.9.13\x64\Scripts;C:\hostedtoolcache\windows\Python\3.9.13\x64;C:\hostedtoolcache\windows\Ruby\3.3.8\x64\bin;C:\Program Files\OpenSSL\bin;C:\tools\kotlinc\bin;C:\hostedtoolcache\windows\Java_Temurin-Hotspot_jdk\8.0.452-9\x64\bin;C:\Program Files\ImageMagick-7.1.1-Q16-HDRI;C:\Program Files\Microsoft SDKs\Azure\CLI2\wbin;C:\ProgramData\kind;C:\ProgramData\Chocolatey\bin;C:\Windows\system32;C:\Windows;C:\Windows\System32\Wbem;C:\Windows\System32\WindowsPowerShell\v1.0\;C:\Windows\System32\OpenSSH\;C:\Program Files\dotnet\;C:\Program Files\PowerShell\7\;C:\Program Files\Microsoft\Web Platform Installer\;C:\Program Files\TortoiseSVN\bin;C:\Program Files\Microsoft SQL Server\Client SDK\ODBC\170\Tools\Binn\;C:\Program Files\Microsoft SQL Server\150\Tools\Binn\;C:\Program Files (x86)\Windows Kits\10\Windows Performance Toolkit\;C:\Program Files (x86)\WiX Toolset v3.14\bin;C:\Program Files\Microsoft SQL Server\130\DTS\Binn\;C:\Program Files\Microsoft SQL Server\140\DTS\Binn\;C:\Program Files\Microsoft SQL Server\150\DTS\Binn\;C:\Program Files\Microsoft SQL Server\160\DTS\Binn\;C:\Strawberry\c\bin;C:\Strawberry\perl\site\bin;C:\Strawberry\perl\bin;C:\ProgramData\chocolatey\lib\pulumi\tools\Pulumi\bin;C:\Program Files\CMake\bin;C:\ProgramData\chocolatey\lib\maven\apache-maven-3.9.9\bin;C:\Program Files\Microsoft Service Fabric\bin\Fabric\Fabric.Code;C:\Program Files\Microsoft SDKs\Service Fabric\Tools\ServiceFabricLocalClusterManager;C:\Program Files\nodejs\;C:\Program Files\Git\cmd;C:\Program Files\Git\mingw64\bin;C:\Program Files\Git\usr\bin;C:\Program Files\GitHub CLI\;c:\tools\php;C:\Program Files (x86)\sbt\bin;C:\Program Files\Amazon\AWSCLIV2\;C:\Program Files\Amazon\SessionManagerPlugin\bin\;C:\Program Files\Amazon\AWSSAMCLI\bin\;C:\Program Files\Microsoft SQL Server\130\Tools\Binn\;C:\Program Files\LLVM\bin;C:\Users\runneradmin\.dotnet\tools;C:\Users\runneradmin\.cargo\bin;C:\Users\runneradmin\AppData\Local\Microsoft\WindowsApps;C:\Program Files (x86)\Microsoft Visual Studio\Installer
2025-06-23T19:43:25.0928790Z   VCPKG_DEFAULT_BINARY_CACHE: D:/a/synthizer3d/synthizer3d/969f6665-88a2-4c98-938e-ca9259871fec/vcpkg_cache
2025-06-23T19:43:25.0929243Z   VCPKG_BINARY_SOURCES: clear;x-gha,readwrite
2025-06-23T19:43:25.0929793Z   ACTIONS_CACHE_URL: https://acghubeus2.actions.githubusercontent.com/bwbzopuV3oKlbowlUKWdOnf6KF0vjv7EYqCB3ZHqukKhTVgy74/
2025-06-23T19:43:25.0961029Z   ACTIONS_RUNTIME_TOKEN: ***
2025-06-23T19:43:25.0961300Z   RUNVCPKG_VCPKG_ROOT: D:\a\synthizer3d\synthizer3d\vcpkg
2025-06-23T19:43:25.0961675Z   CMAKE_PREFIX_PATH: D:\a\synthizer3d\synthizer3d\vcpkg_installed\x86-windows
2025-06-23T19:43:25.0962160Z   SYNTHIZER_EXPECTED_VCPKG_PATH_FOR_DEBUG: D:\a\synthizer3d\synthizer3d\vcpkg_installed\x86-windows
2025-06-23T19:43:25.0962550Z ##[endgroup]
2025-06-23T19:43:25.3948188Z Arch: x86
2025-06-23T19:43:25.3968690Z Current CMAKE_PREFIX_PATH for build is: D:\a\synthizer3d\synthizer3d\vcpkg_installed\x86-windows
2025-06-23T19:43:25.3976708Z EFFECTIVE_VCPKG_INSTALLED_DIR_BASE for build is: D:\a\synthizer3d\synthizer3d\vcpkg_installed
2025-06-23T19:43:25.3984524Z Synthizer expects vcpkg path (for debug/verification): D:\a\synthizer3d\synthizer3d\vcpkg_installed\x86-windows
2025-06-23T19:43:25.6062062Z * Getting build dependencies for wheel...
2025-06-23T19:44:14.8200867Z Set VCPKG_INSTALLED_PATH to D:\a\synthizer3d\synthizer3d\vcpkg_installed\x86-windows
2025-06-23T19:44:14.8201883Z 
2025-06-23T19:44:14.8202963Z 
2025-06-23T19:44:14.8203763Z --------------------------------------------------------------------------------
2025-06-23T19:44:14.8204553Z -- Trying 'Ninja (Visual Studio 17 2022 Win32 v144)' generator
2025-06-23T19:44:14.8205121Z --------------------------------
2025-06-23T19:44:14.8205522Z ---------------------------
2025-06-23T19:44:14.8205903Z ----------------------
2025-06-23T19:44:14.8206251Z -----------------
2025-06-23T19:44:14.8206504Z ------------
2025-06-23T19:44:14.8206747Z -------
2025-06-23T19:44:14.8206983Z --
2025-06-23T19:44:14.8373908Z Not searching for unused variables given on the command line.
2025-06-23T19:44:14.9419610Z CMake Deprecation Warning at CMakeLists.txt:1 (cmake_minimum_required):
2025-06-23T19:44:14.9420408Z   Compatibility with CMake < 3.10 will be removed from a future version of
2025-06-23T19:44:14.9420851Z   CMake.
2025-06-23T19:44:14.9420974Z 
2025-06-23T19:44:14.9421381Z   Update the VERSION argument <min> value.  Or, use the <min>...<max> syntax
2025-06-23T19:44:14.9421997Z   to tell CMake that the project requires at least <min> but has been updated
2025-06-23T19:44:14.9422494Z   to work with policies introduced by <max> or earlier.
2025-06-23T19:44:14.9422724Z 
2025-06-23T19:44:14.9422731Z 
2025-06-23T19:44:21.3163836Z -- The C compiler identification is MSVC 19.43.34808.0
2025-06-23T19:44:21.4193935Z -- Detecting C compiler ABI info
2025-06-23T19:44:24.3795400Z -- Detecting C compiler ABI info - done
2025-06-23T19:44:24.4549014Z -- Check for working C compiler: C:/Program Files/Microsoft Visual Studio/2022/Enterprise/VC/Tools/MSVC/14.43.34808/bin/Hostx86/x86/cl.exe - skipped
2025-06-23T19:44:24.4553281Z -- Detecting C compile features
2025-06-23T19:44:24.4560396Z -- Detecting C compile features - done
2025-06-23T19:44:27.6644077Z -- The CXX compiler identification is MSVC 19.43.34808.0
2025-06-23T19:44:27.6736012Z -- Detecting CXX compiler ABI info
2025-06-23T19:44:28.2547087Z -- Detecting CXX compiler ABI info - done
2025-06-23T19:44:28.2690056Z -- Check for working CXX compiler: C:/Program Files/Microsoft Visual Studio/2022/Enterprise/VC/Tools/MSVC/14.43.34808/bin/Hostx86/x86/cl.exe - skipped
2025-06-23T19:44:28.2694352Z -- Detecting CXX compile features
2025-06-23T19:44:28.2707685Z -- Detecting CXX compile features - done
2025-06-23T19:44:28.2740871Z -- Configuring done (13.4s)
2025-06-23T19:44:28.2937531Z -- Generating done (0.0s)
2025-06-23T19:44:28.2946737Z -- Build files have been written to: D:/a/synthizer3d/synthizer3d/_cmake_test_compile/build
2025-06-23T19:44:28.3016296Z --
2025-06-23T19:44:28.3016639Z -------
2025-06-23T19:44:28.3016904Z ------------
2025-06-23T19:44:28.3017155Z -----------------
2025-06-23T19:44:28.3017443Z ----------------------
2025-06-23T19:44:28.3017747Z ---------------------------
2025-06-23T19:44:28.3018034Z --------------------------------
2025-06-23T19:44:28.3018497Z -- Trying 'Ninja (Visual Studio 17 2022 Win32 v144)' generator - success
2025-06-23T19:44:28.3019055Z --------------------------------------------------------------------------------
2025-06-23T19:44:28.3019303Z 
2025-06-23T19:44:28.4310455Z Configuring Project
2025-06-23T19:44:28.4310834Z   Working directory:
2025-06-23T19:44:28.4311271Z     D:\a\synthizer3d\synthizer3d\_skbuild\win32-3.11\cmake-build
2025-06-23T19:44:28.4311619Z   Command:
2025-06-23T19:44:28.4321159Z     'C:\hostedtoolcache\windows\Python\3.11.9\x86\Lib\site-packages\cmake\data\bin/cmake.exe' 'D:\a\synthizer3d\synthizer3d\synthizer-vendored' -G Ninja '-DCMAKE_MAKE_PROGRAM:FILEPATH=C:\hostedtoolcache\windows\Python\3.11.9\x86\Scripts\ninja' -D_SKBUILD_FORCE_MSVC=1930 --no-warn-unused-cli '-DCMAKE_INSTALL_PREFIX:PATH=D:\a\synthizer3d\synthizer3d\_skbuild\win32-3.11\cmake-install' -DPYTHON_VERSION_STRING:STRING=3.11.9 -DSKBUILD:INTERNAL=TRUE '-DCMAKE_MODULE_PATH:PATH=C:\hostedtoolcache\windows\Python\3.11.9\x86\Lib\site-packages\skbuild\resources\cmake' '-DPYTHON_EXECUTABLE:PATH=C:\hostedtoolcache\windows\Python\3.11.9\x86\python.exe' '-DPYTHON_INCLUDE_DIR:PATH=C:\hostedtoolcache\windows\Python\3.11.9\x86\Include' '-DPYTHON_LIBRARY:PATH=C:\hostedtoolcache\windows\Python\3.11.9\x86\libs\python311.lib' '-DPython_EXECUTABLE:PATH=C:\hostedtoolcache\windows\Python\3.11.9\x86\python.exe' '-DPython_ROOT_DIR:PATH=C:\hostedtoolcache\windows\Python\3.11.9\x86' -DPython_FIND_REGISTRY:STRING=NEVER '-DPython_INCLUDE_DIR:PATH=C:\hostedtoolcache\windows\Python\3.11.9\x86\Include' '-DPython_LIBRARY:PATH=C:\hostedtoolcache\windows\Python\3.11.9\x86\libs\python311.lib' '-DPython3_EXECUTABLE:PATH=C:\hostedtoolcache\windows\Python\3.11.9\x86\python.exe' '-DPython3_ROOT_DIR:PATH=C:\hostedtoolcache\windows\Python\3.11.9\x86' -DPython3_FIND_REGISTRY:STRING=NEVER '-DPython3_INCLUDE_DIR:PATH=C:\hostedtoolcache\windows\Python\3.11.9\x86\Include' '-DPython3_LIBRARY:PATH=C:\hostedtoolcache\windows\Python\3.11.9\x86\libs\python311.lib' '-DCMAKE_MAKE_PROGRAM:FILEPATH=C:\hostedtoolcache\windows\Python\3.11.9\x86\Scripts\ninja' -DCMAKE_BUILD_TYPE=Release -DCMAKE_MSVC_RUNTIME_LIBRARY=MultiThreadedDLL -DSYZ_STATIC_RUNTIME=OFF -DCMAKE_POSITION_INDEPENDENT_CODE=TRUE -DSYZ_INTEGRATING=ON
2025-06-23T19:44:28.4328458Z 
2025-06-23T19:44:28.4476126Z Not searching for unused variables given on the command line.
2025-06-23T19:44:28.8294880Z -- The C compiler identification is MSVC 19.43.34808.0
2025-06-23T19:44:29.1544410Z -- The CXX compiler identification is MSVC 19.43.34808.0
2025-06-23T19:44:29.2027563Z -- Detecting C compiler ABI info
2025-06-23T19:44:29.8978072Z -- Detecting C compiler ABI info - done
2025-06-23T19:44:29.9122762Z -- Check for working C compiler: C:/Program Files/Microsoft Visual Studio/2022/Enterprise/VC/Tools/MSVC/14.43.34808/bin/Hostx86/x86/cl.exe - skipped
2025-06-23T19:44:29.9127021Z -- Detecting C compile features
2025-06-23T19:44:29.9133934Z -- Detecting C compile features - done
2025-06-23T19:44:29.9235028Z -- Detecting CXX compiler ABI info
2025-06-23T19:44:30.3069057Z -- Detecting CXX compiler ABI info - done
2025-06-23T19:44:30.3215280Z -- Check for working CXX compiler: C:/Program Files/Microsoft Visual Studio/2022/Enterprise/VC/Tools/MSVC/14.43.34808/bin/Hostx86/x86/cl.exe - skipped
2025-06-23T19:44:30.3219545Z -- Detecting CXX compile features
2025-06-23T19:44:30.3232473Z -- Detecting CXX compile features - done
2025-06-23T19:44:30.8611011Z -- Performing Test CMAKE_HAVE_LIBC_PTHREAD
2025-06-23T19:44:31.1057918Z -- Performing Test CMAKE_HAVE_LIBC_PTHREAD - Failed
2025-06-23T19:44:31.1058803Z -- Looking for pthread_create in pthreads
2025-06-23T19:44:31.3190215Z -- Looking for pthread_create in pthreads - not found
2025-06-23T19:44:31.3191042Z -- Looking for pthread_create in pthread
2025-06-23T19:44:31.4671137Z -- Looking for pthread_create in pthread - not found
2025-06-23T19:44:31.4683473Z -- Found Threads: TRUE
2025-06-23T19:44:31.5819162Z -- Found SoundTouch: D:/a/synthizer3d/synthizer3d/vcpkg_installed/x86-windows/debug/bin/SoundTouch.dll
2025-06-23T19:44:31.5826178Z -- Performing Test OP_READ_FLOAT_AVAILABLE
2025-06-23T19:44:32.7527935Z -- Performing Test OP_READ_FLOAT_AVAILABLE - Success
2025-06-23T19:44:32.7528475Z -- op_read_float is available
2025-06-23T19:44:38.0460543Z -- Performing Test FILESYSTEM_OK
2025-06-23T19:44:42.1995748Z -- Performing Test FILESYSTEM_OK - Success
2025-06-23T19:44:42.1996419Z -- Found C++17 filesystem support
2025-06-23T19:44:42.2006945Z -- Using vcpkg includes from VCPKG_INSTALLED_PATH: D:\a\synthizer3d\synthizer3d\vcpkg_installed\x86-windows/include
2025-06-23T19:44:48.4969827Z -- Math library not found
2025-06-23T19:44:48.4981560Z -- Configuring done (20.0s)
2025-06-23T19:44:48.5485650Z -- Generating done (0.0s)
2025-06-23T19:44:48.5497992Z -- Build files have been written to: D:/a/synthizer3d/synthizer3d/_skbuild/win32-3.11/cmake-build
2025-06-23T19:44:54.8253974Z [1/28] Building CXX object CMakeFiles\synthizer.dir\src\byte_stream.cpp.obj
2025-06-23T19:44:54.8255095Z [2/28] Building CXX object CMakeFiles\synthizer.dir\src\base_object.cpp.obj
2025-06-23T19:44:54.8255970Z [3/28] Building CXX object CMakeFiles\synthizer.dir\src\error.cpp.obj
2025-06-23T19:44:54.8256560Z [4/28] Building CXX object CMakeFiles\synthizer.dir\src\decoding.cpp.obj
2025-06-23T19:44:54.8257062Z cl : Command line warning D9025 : overriding '/WX' with '/WX-'
2025-06-23T19:44:54.8257568Z [5/28] Building CXX object CMakeFiles\synthizer.dir\src\event_timeline.cpp.obj
2025-06-23T19:44:54.8258093Z [6/28] Building CXX object CMakeFiles\synthizer.dir\src\events.cpp.obj
2025-06-23T19:44:56.6766514Z [7/28] Building CXX object CMakeFiles\synthizer.dir\src\generator.cpp.obj
2025-06-23T19:44:56.8416203Z [8/28] Building CXX object CMakeFiles\synthizer.dir\src\logging.cpp.obj
2025-06-23T19:44:56.8891868Z [9/28] Building CXX object CMakeFiles\synthizer.dir\src\audio_output.cpp.obj
2025-06-23T19:44:57.0448218Z [10/28] Building CXX object CMakeFiles\synthizer.dir\src\c_api\unity.cpp.obj
2025-06-23T19:44:57.1979852Z FAILED: CMakeFiles/synthizer.dir/src/c_api/unity.cpp.obj 
2025-06-23T19:44:57.3579500Z C:\PROGRA~1\MICROS~2\2022\ENTERP~1\VC\Tools\MSVC\1443~1.348\bin\Hostx86\x86\cl.exe  /nologo /TP -DBUILDING_SYNTHIZER -DNOMINMAX -DOP_READ_FLOAT_AVAILABLE -DSYZ_MAJOR=0 -DSYZ_MINOR=1 -DSYZ_PATCH=9 -DSYZ_USE_FILESYSTEM -DWDL_RESAMPLE_TYPE=float -ID:\a\synthizer3d\synthizer3d\synthizer-vendored\include -ID:\a\synthizer3d\synthizer3d\synthizer-vendored\deps\deps\third_party\wdl -ID:\a\synthizer3d\synthizer3d\vcpkg_installed\x86-windows\include -ID:\a\synthizer3d\synthizer3d\synthizer-vendored\deps\deps\third_party\boost_partial -ID:\a\synthizer3d\synthizer3d\synthizer-vendored\deps\deps\third_party\concurrentqueue -ID:\a\synthizer3d\synthizer3d\synthizer-vendored\deps\deps\third_party\cpp11-on-multicore\common -ID:\a\synthizer3d\synthizer3d\synthizer-vendored\deps\deps\third_party\dr_libs -ID:\a\synthizer3d\synthizer3d\synthizer-vendored\deps\deps\third_party\hedley -ID:\a\synthizer3d\synthizer3d\synthizer-vendored\deps\deps\third_party\miniaudio -ID:\a\synthizer3d\synthizer3d\synthizer-vendored\deps\deps\third_party\pdqsort /DWIN32 /D_WINDOWS /GR /EHsc /O2 /Ob2 /DNDEBUG -std:c++17 -MD /wd4068 /wd5030 /wd4244 /wd4267 /Zc:preprocessor /wd5105 /wd4127 /experimental:external /external:W0 /external:anglebrackets /wd4702 /W4 /WX /showIncludes /FoCMakeFiles\synthizer.dir\src\c_api\unity.cpp.obj /FdCMakeFiles\synthizer.dir\synthizer.pdb /FS -c D:\a\synthizer3d\synthizer3d\synthizer-vendored\src\c_api\unity.cpp
2025-06-23T19:44:57.5680041Z ##[error]D:\a\synthizer3d\synthizer3d\synthizer-vendored\include\synthizer/generators/buffer.hpp(70): error C2059: syntax error: 'do'
2025-06-23T19:44:57.6402121Z ##[error]D:\a\synthizer3d\synthizer3d\synthizer-vendored\include\synthizer/generators/buffer.hpp(70): error C2334: unexpected token(s) preceding '{'; skipping apparent function body
2025-06-23T19:44:57.7967477Z ##[error]D:\a\synthizer3d\synthizer3d\synthizer-vendored\include\synthizer/generators/buffer.hpp(70): error C2059: syntax error: 'while'
2025-06-23T19:44:58.2502892Z ##[error]D:\a\synthizer3d\synthizer3d\synthizer-vendored\include\synthizer/generators/buffer.hpp(70): error C2334: unexpected token(s) preceding '{'; skipping apparent function body
2025-06-23T19:44:58.3133993Z ##[error]D:\a\synthizer3d\synthizer3d\synthizer-vendored\include\synthizer/generators/buffer.hpp(84): error C2059: syntax error: 'do'
2025-06-23T19:44:58.4618114Z ##[error]D:\a\synthizer3d\synthizer3d\synthizer-vendored\include\synthizer/generators/buffer.hpp(84): error C2334: unexpected token(s) preceding '{'; skipping apparent function body
2025-06-23T19:44:58.5157671Z ##[error]D:\a\synthizer3d\synthizer3d\synthizer-vendored\include\synthizer/generators/buffer.hpp(84): error C2059: syntax error: 'while'
2025-06-23T19:44:58.6722157Z ##[error]D:\a\synthizer3d\synthizer3d\synthizer-vendored\include\synthizer/generators/buffer.hpp(84): error C2334: unexpected token(s) preceding '{'; skipping apparent function body
2025-06-23T19:44:58.7239803Z ##[error]D:\a\synthizer3d\synthizer3d\synthizer-vendored\include\synthizer/generators/buffer.hpp(201): error C2589: 'do': illegal token on right side of '::'
2025-06-23T19:44:58.8881133Z ##[error]D:\a\synthizer3d\synthizer3d\synthizer-vendored\include\synthizer/generators/buffer.hpp(201): error C2059: syntax error: 'if'
2025-06-23T19:44:58.9232676Z ##[error]D:\a\synthizer3d\synthizer3d\synthizer-vendored\include\synthizer/generators/buffer.hpp(201): error C2059: syntax error: 'while'
2025-06-23T19:44:59.0637673Z ##[error]D:\a\synthizer3d\synthizer3d\synthizer-vendored\include\synthizer/generators/buffer.hpp(675): error C2589: 'do': illegal token on right side of '::'
2025-06-23T19:44:59.1261922Z ##[error]D:\a\synthizer3d\synthizer3d\synthizer-vendored\include\synthizer/generators/buffer.hpp(675): error C2059: syntax error: 'if'
2025-06-23T19:44:59.2674755Z ##[error]D:\a\synthizer3d\synthizer3d\synthizer-vendored\include\synthizer/generators/buffer.hpp(685): error C2589: 'do': illegal token on right side of '::'
2025-06-23T19:44:59.3299265Z ##[error]D:\a\synthizer3d\synthizer3d\synthizer-vendored\include\synthizer/generators/buffer.hpp(685): error C2059: syntax error: 'if'
2025-06-23T19:44:59.4125933Z ##[error]D:\a\synthizer3d\synthizer3d\synthizer-vendored\include\synthizer/generators/buffer.hpp(688): error C2046: illegal case
2025-06-23T19:44:59.4708564Z ##[error]D:\a\synthizer3d\synthizer3d\synthizer-vendored\include\synthizer/generators/buffer.hpp(694): error C2589: 'do': illegal token on right side of '::'
2025-06-23T19:44:59.5335287Z ##[error]D:\a\synthizer3d\synthizer3d\synthizer-vendored\include\synthizer/generators/buffer.hpp(694): error C2059: syntax error: 'if'
2025-06-23T19:44:59.5805324Z ##[error]D:\a\synthizer3d\synthizer3d\synthizer-vendored\include\synthizer/generators/buffer.hpp(686): error C2043: illegal break
2025-06-23T19:44:59.6122837Z ##[error]D:\a\synthizer3d\synthizer3d\synthizer-vendored\include\synthizer/generators/buffer.hpp(694): error C2059: syntax error: 'while'
2025-06-23T19:44:59.7834676Z ##[error]D:\a\synthizer3d\synthizer3d\synthizer-vendored\include\synthizer/generators/buffer.hpp(695): error C2059: syntax error: 'break'
2025-06-23T19:45:00.0608198Z ##[error]D:\a\synthizer3d\synthizer3d\synthizer-vendored\include\synthizer/generators/buffer.hpp(697): error C2059: syntax error: 'case'
2025-06-23T19:45:00.3662758Z ##[error]D:\a\synthizer3d\synthizer3d\synthizer-vendored\include\synthizer/generators/buffer.hpp(698): error C2059: syntax error: 'this'
2025-06-23T19:45:00.4563693Z ##[error]D:\a\synthizer3d\synthizer3d\synthizer-vendored\include\synthizer/generators/buffer.hpp(699): error C2059: syntax error: 'this'
2025-06-23T19:45:00.8091245Z ##[error]D:\a\synthizer3d\synthizer3d\synthizer-vendored\include\synthizer/generators/buffer.hpp(700): error C2059: syntax error: 'this'
2025-06-23T19:45:01.0505166Z ##[error]D:\a\synthizer3d\synthizer3d\synthizer-vendored\include\synthizer/generators/buffer.hpp(701): error C2059: syntax error: 'this'
2025-06-23T19:45:01.2540669Z ##[error]D:\a\synthizer3d\synthizer3d\synthizer-vendored\include\synthizer/generators/buffer.hpp(702): error C2059: syntax error: 'this'
2025-06-23T19:45:01.4414884Z ##[error]D:\a\synthizer3d\synthizer3d\synthizer-vendored\include\synthizer/generators/buffer.hpp(703): error C2589: 'do': illegal token on right side of '::'
2025-06-23T19:45:01.5980069Z ##[error]D:\a\synthizer3d\synthizer3d\synthizer-vendored\include\synthizer/generators/buffer.hpp(703): error C2059: syntax error: 'function-style cast'
2025-06-23T19:45:01.6647871Z ##[error]D:\a\synthizer3d\synthizer3d\synthizer-vendored\include\synthizer/generators/buffer.hpp(703): error C2143: syntax error: missing ';' before '{'
2025-06-23T19:45:01.7970879Z ##[error]D:\a\synthizer3d\synthizer3d\synthizer-vendored\include\synthizer/generators/buffer.hpp(703): error C2447: '{': missing function header (old-style formal list?)
2025-06-23T19:45:01.8476259Z ##[error]D:\a\synthizer3d\synthizer3d\synthizer-vendored\include\synthizer/generators/buffer.hpp(703): error C2059: syntax error: 'while'
2025-06-23T19:45:01.9028491Z ##[error]D:\a\synthizer3d\synthizer3d\synthizer-vendored\include\synthizer/generators/buffer.hpp(704): error C2059: syntax error: 'break'
2025-06-23T19:45:02.0322138Z ##[error]D:\a\synthizer3d\synthizer3d\synthizer-vendored\include\synthizer/generators/buffer.hpp(705): error C2059: syntax error: '}'
2025-06-23T19:45:02.1920518Z ##[error]D:\a\synthizer3d\synthizer3d\synthizer-vendored\include\synthizer/generators/buffer.hpp(705): error C2143: syntax error: missing ';' before '}'
2025-06-23T19:45:02.2388730Z ##[error]D:\a\synthizer3d\synthizer3d\synthizer-vendored\include\synthizer/generators/buffer.hpp(709): error C2059: syntax error: 'this'
2025-06-23T19:45:02.3343554Z ##[error]D:\a\synthizer3d\synthizer3d\synthizer-vendored\include\synthizer/generators/buffer.hpp(711): error C2059: syntax error: 'this'
2025-06-23T19:45:02.3953674Z ##[error]D:\a\synthizer3d\synthizer3d\synthizer-vendored\include\synthizer/generators/buffer.hpp(712): error C2059: syntax error: 'this'
2025-06-23T19:45:02.4741096Z ##[error]D:\a\synthizer3d\synthizer3d\synthizer-vendored\include\synthizer/generators/buffer.hpp(715): error C2059: syntax error: 'this'
2025-06-23T19:45:02.5365623Z ##[error]D:\a\synthizer3d\synthizer3d\synthizer-vendored\include\synthizer/generators/buffer.hpp(716): error C2059: syntax error: 'this'
2025-06-23T19:45:02.5992446Z ##[error]D:\a\synthizer3d\synthizer3d\synthizer-vendored\include\synthizer/generators/buffer.hpp(717): error C2059: syntax error: 'this'
2025-06-23T19:45:02.6773804Z ##[error]D:\a\synthizer3d\synthizer3d\synthizer-vendored\include\synthizer/generators/buffer.hpp(724): error C2059: syntax error: '}'
2025-06-23T19:45:02.7406455Z ##[error]D:\a\synthizer3d\synthizer3d\synthizer-vendored\include\synthizer/generators/buffer.hpp(724): error C2143: syntax error: missing ';' before '}'
2025-06-23T19:45:02.7990816Z ##[error]D:\a\synthizer3d\synthizer3d\synthizer-vendored\include\synthizer/generators/buffer.hpp(725): error C2143: syntax error: missing ';' before '}'
2025-06-23T19:45:02.8088315Z ##[error]D:\a\synthizer3d\synthizer3d\synthizer-vendored\include\synthizer/generators/buffer.hpp(725): error C2059: syntax error: '}'
2025-06-23T19:45:02.8970087Z ##[error]D:\a\synthizer3d\synthizer3d\synthizer-vendored\include\synthizer/generators/buffer.hpp(727): error C2143: syntax error: missing ';' before '{'
2025-06-23T19:45:02.9633507Z ##[error]D:\a\synthizer3d\synthizer3d\synthizer-vendored\include\synthizer/generators/buffer.hpp(727): error C2447: '{': missing function header (old-style formal list?)
2025-06-23T19:45:03.0220756Z ##[error]D:\a\synthizer3d\synthizer3d\synthizer-vendored\include\synthizer/generators/buffer.hpp(1231): error C2059: syntax error: '}'
2025-06-23T19:45:03.0404050Z ##[error]D:\a\synthizer3d\synthizer3d\synthizer-vendored\include\synthizer/generators/buffer.hpp(1231): error C2143: syntax error: missing ';' before '}'
2025-06-23T19:45:03.0408278Z ##[error]D:\a\synthizer3d\synthizer3d\synthizer-vendored\include\synthizer/fast_sine_bank.hpp(27): error C2143: syntax error: missing ';' before '{'
2025-06-23T19:45:03.0412250Z ##[error]D:\a\synthizer3d\synthizer3d\synthizer-vendored\include\synthizer/fast_sine_bank.hpp(27): error C2447: '{': missing function header (old-style formal list?)
2025-06-23T19:45:03.1001997Z ##[error]D:\a\synthizer3d\synthizer3d\synthizer-vendored\include\synthizer/generators/fast_sine_bank.hpp(33): error C3646: 'bank': unknown override specifier
2025-06-23T19:45:03.1007188Z ##[error]D:\a\synthizer3d\synthizer3d\synthizer-vendored\include\synthizer/generators/fast_sine_bank.hpp(33): error C4430: missing type specifier - int assumed. Note: C++ does not support default-int
2025-06-23T19:45:03.1014998Z ##[error]D:\a\synthizer3d\synthizer3d\synthizer-vendored\include\synthizer/generators/fast_sine_bank.hpp(38): error C2614: 'synthizer::FastSineBankGenerator': illegal member initialization: 'bank' is not a base or member
2025-06-23T19:45:03.1019078Z ##[error]D:\a\synthizer3d\synthizer3d\synthizer-vendored\include\synthizer/generators/fast_sine_bank.hpp(40): error C2065: 'SineWaveConfig': undeclared identifier
2025-06-23T19:45:03.1025260Z ##[error]D:\a\synthizer3d\synthizer3d\synthizer-vendored\include\synthizer/generators/fast_sine_bank.hpp(40): error C2146: syntax error: missing ';' before identifier 'wave'
2025-06-23T19:45:03.1044729Z ##[error]D:\a\synthizer3d\synthizer3d\synthizer-vendored\include\synthizer/generators/fast_sine_bank.hpp(40): error C2065: 'wave': undeclared identifier
2025-06-23T19:45:03.1048670Z ##[error]D:\a\synthizer3d\synthizer3d\synthizer-vendored\include\synthizer/generators/fast_sine_bank.hpp(41): error C2039: 'bank': is not a member of 'synthizer::FastSineBankGenerator'
2025-06-23T19:45:03.1052036Z D:\a\synthizer3d\synthizer3d\synthizer-vendored\include\synthizer/generators/fast_sine_bank.hpp(18): note: see declaration of 'synthizer::FastSineBankGenerator'
2025-06-23T19:45:03.1054824Z ##[error]D:\a\synthizer3d\synthizer3d\synthizer-vendored\include\synthizer/generators/fast_sine_bank.hpp(41): error C2065: 'wave': undeclared identifier
2025-06-23T19:45:03.1058840Z ##[error]D:\a\synthizer3d\synthizer3d\synthizer-vendored\include\synthizer/generators/fast_sine_bank.hpp(60): error C2039: 'bank': is not a member of 'synthizer::FastSineBankGenerator'
2025-06-23T19:45:03.1062065Z D:\a\synthizer3d\synthizer3d\synthizer-vendored\include\synthizer/generators/fast_sine_bank.hpp(18): note: see declaration of 'synthizer::FastSineBankGenerator'
2025-06-23T19:45:03.1065384Z ##[error]D:\a\synthizer3d\synthizer3d\synthizer-vendored\include\synthizer/generators/fast_sine_bank.hpp(61): error C2039: 'bank': is not a member of 'synthizer::FastSineBankGenerator'
2025-06-23T19:45:03.1068557Z D:\a\synthizer3d\synthizer3d\synthizer-vendored\include\synthizer/generators/fast_sine_bank.hpp(18): note: see declaration of 'synthizer::FastSineBankGenerator'
2025-06-23T19:45:03.1070196Z [11/28] Building CXX object CMakeFiles\synthizer.dir\src\memory.cpp.obj
2025-06-23T19:45:03.1071657Z [12/28] Building C object CMakeFiles\synthizer_single_file_libs.dir\src\single_file_libs.c.obj
2025-06-23T19:45:03.1072912Z [13/28] Building CXX object CMakeFiles\synthizer.dir\src\property_internals.cpp.obj
2025-06-23T19:45:03.5966975Z [14/28] Building CXX object CMakeFiles\synthizer.dir\src\pausable.cpp.obj
2025-06-23T19:45:03.5967828Z [15/28] Building CXX object CMakeFiles\synthizer.dir\src\context.cpp.obj
2025-06-23T19:45:03.5968425Z ninja: build stopped: subcommand failed.
2025-06-23T19:45:03.6027272Z Traceback (most recent call last):
2025-06-23T19:45:03.6028365Z   File "C:\hostedtoolcache\windows\Python\3.11.9\x86\Lib\site-packages\pyproject_hooks\_in_process\_in_process.py", line 389, in <module>
2025-06-23T19:45:03.6031216Z     main()
2025-06-23T19:45:03.6032359Z   File "C:\hostedtoolcache\windows\Python\3.11.9\x86\Lib\site-packages\pyproject_hooks\_in_process\_in_process.py", line 373, in main
2025-06-23T19:45:03.6034938Z     json_out["return_val"] = hook(**hook_input["kwargs"])
2025-06-23T19:45:03.6036046Z                              ^^^^^^^^^^^^^^^^^^^^^^^^^^^^
2025-06-23T19:45:03.6037197Z   File "C:\hostedtoolcache\windows\Python\3.11.9\x86\Lib\site-packages\pyproject_hooks\_in_process\_in_process.py", line 143, in get_requires_for_build_wheel
2025-06-23T19:45:03.6038709Z     return hook(config_settings)
2025-06-23T19:45:03.6039259Z            ^^^^^^^^^^^^^^^^^^^^^
2025-06-23T19:45:03.6040646Z   File "C:\hostedtoolcache\windows\Python\3.11.9\x86\Lib\site-packages\setuptools\build_meta.py", line 338, in get_requires_for_build_wheel
2025-06-23T19:45:03.8516877Z     return self._get_build_requires(config_settings, requirements=['wheel'])
2025-06-23T19:45:03.8517893Z            ^^^^^^^^^^^^^^^^^^^^^^^^^^^^^^^^^^^^^^^^^^^^^^^^^^^^^^^^^^^^^^^^^
2025-06-23T19:45:03.8520170Z   File "C:\hostedtoolcache\windows\Python\3.11.9\x86\Lib\site-packages\setuptools\build_meta.py", line 320, in _get_build_requires
2025-06-23T19:45:03.8522376Z     self.run_setup()
2025-06-23T19:45:03.8523683Z   File "C:\hostedtoolcache\windows\Python\3.11.9\x86\Lib\site-packages\setuptools\build_meta.py", line 484, in run_setup
2025-06-23T19:45:03.8528680Z     self).run_setup(setup_script=setup_script)
2025-06-23T19:45:03.8529591Z           ^^^^^^^^^^^^^^^^^^^^^^^^^^^^^^^^^^^^
2025-06-23T19:45:03.8531075Z   File "C:\hostedtoolcache\windows\Python\3.11.9\x86\Lib\site-packages\setuptools\build_meta.py", line 335, in run_setup
2025-06-23T19:45:03.8532759Z     exec(code, locals())
2025-06-23T19:45:03.8533872Z   File "<string>", line 68, in <module>
2025-06-23T19:45:03.8535364Z   File "C:\hostedtoolcache\windows\Python\3.11.9\x86\Lib\site-packages\skbuild\cmaker.py", line 696, in make
2025-06-23T19:45:03.8539966Z     self.make_impl(clargs=clargs, config=config, source_dir=source_dir, install_target=install_target, env=env)
2025-06-23T19:45:03.8541589Z   File "C:\hostedtoolcache\windows\Python\3.11.9\x86\Lib\site-packages\skbuild\cmaker.py", line 741, in make_impl
2025-06-23T19:45:03.8545247Z     raise SKBuildError(msg)
2025-06-23T19:45:03.8545897Z skbuild.exceptions.SKBuildError: An error occurred while building with CMake.
2025-06-23T19:45:03.8546343Z   Command:
2025-06-23T19:45:03.8547031Z     'C:\hostedtoolcache\windows\Python\3.11.9\x86\Lib\site-packages\cmake\data\bin/cmake.exe' --build . --target install --config Release --
2025-06-23T19:45:03.8547722Z   Install target:
2025-06-23T19:45:03.8548056Z     install
2025-06-23T19:45:03.8548473Z   Source directory:
2025-06-23T19:45:03.8548755Z     D:\a\synthizer3d\synthizer3d
2025-06-23T19:45:03.8549059Z   Working directory:
2025-06-23T19:45:03.8549440Z     D:\a\synthizer3d\synthizer3d\_skbuild\win32-3.11\cmake-build
2025-06-23T19:45:03.8550011Z Please check the install target is valid and see CMake's output for more information.
2025-06-23T19:45:03.8550351Z 
2025-06-23T19:45:03.9195203Z 
2025-06-23T19:45:03.9196226Z ERROR Backend subprocess exited when trying to invoke get_requires_for_build_wheel
2025-06-23T19:45:03.9943389Z ##[error]Process completed with exit code 1.
2025-06-23T19:45:04.0160151Z Post job cleanup.
2025-06-23T19:45:04.2884063Z [command]"C:\Program Files\Git\bin\git.exe" version
2025-06-23T19:45:04.3119703Z git version 2.49.0.windows.1
2025-06-23T19:45:04.3189691Z Temporarily overriding HOME='D:\a\_temp\69a4b831-0c6f-4503-9e0c-50eb273d4b37' before making global git config changes
2025-06-23T19:45:04.3191368Z Adding repository directory to the temporary git global config as a safe directory
2025-06-23T19:45:04.3202761Z [command]"C:\Program Files\Git\bin\git.exe" config --global --add safe.directory D:\a\synthizer3d\synthizer3d
2025-06-23T19:45:04.3471953Z [command]"C:\Program Files\Git\bin\git.exe" config --local --name-only --get-regexp core\.sshCommand
2025-06-23T19:45:04.3740335Z [command]"C:\Program Files\Git\bin\git.exe" submodule foreach --recursive "sh -c \"git config --local --name-only --get-regexp 'core\.sshCommand' && git config --local --unset-all 'core.sshCommand' || :\""
2025-06-23T19:45:04.9032361Z [command]"C:\Program Files\Git\bin\git.exe" config --local --name-only --get-regexp http\.https\:\/\/github\.com\/\.extraheader
2025-06-23T19:45:04.9261493Z http.https://github.com/.extraheader
2025-06-23T19:45:04.9305052Z [command]"C:\Program Files\Git\bin\git.exe" config --local --unset-all http.https://github.com/.extraheader
2025-06-23T19:45:04.9570520Z [command]"C:\Program Files\Git\bin\git.exe" submodule foreach --recursive "sh -c \"git config --local --name-only --get-regexp 'http\.https\:\/\/github\.com\/\.extraheader' && git config --local --unset-all 'http.https://github.com/.extraheader' || :\""
2025-06-23T19:45:05.4582763Z Cleaning up orphan processes
2025-06-23T19:45:05.4821648Z Terminate orphan process: pid (1848) (mspdbsrv)