2025-06-25T02:59:38.8652208Z Current runner version: '2.325.0'
2025-06-25T02:59:38.8674231Z ##[group]Runner Image Provisioner
2025-06-25T02:59:38.8675001Z Hosted Compute Agent
2025-06-25T02:59:38.8675492Z Version: 20250620.352
2025-06-25T02:59:38.8676048Z Commit: f262f3aba23b10ea191b2a62bdee1ca4c3d344da
2025-06-25T02:59:38.8676650Z Build Date: 2025-06-20T19:27:17Z
2025-06-25T02:59:38.8677172Z ##[endgroup]
2025-06-25T02:59:38.8677646Z ##[group]Operating System
2025-06-25T02:59:38.8678219Z Microsoft Windows Server 2022
2025-06-25T02:59:38.8678746Z 10.0.20348
2025-06-25T02:59:38.8679149Z Datacenter
2025-06-25T02:59:38.8679557Z ##[endgroup]
2025-06-25T02:59:38.8680175Z ##[group]Runner Image
2025-06-25T02:59:38.8680723Z Image: windows-2022
2025-06-25T02:59:38.8681144Z Version: 20250602.1.0
2025-06-25T02:59:38.8682086Z Included Software: https://github.com/actions/runner-images/blob/win22/20250602.1/images/windows/Windows2022-Readme.md
2025-06-25T02:59:38.8683588Z Image Release: https://github.com/actions/runner-images/releases/tag/win22%2F20250602.1
2025-06-25T02:59:38.8684473Z ##[endgroup]
2025-06-25T02:59:38.8686737Z ##[group]GITHUB_TOKEN Permissions
2025-06-25T02:59:38.8688679Z Actions: write
2025-06-25T02:59:38.8689184Z Attestations: write
2025-06-25T02:59:38.8689643Z Checks: write
2025-06-25T02:59:38.8690031Z Contents: write
2025-06-25T02:59:38.8690474Z Deployments: write
2025-06-25T02:59:38.8690948Z Discussions: write
2025-06-25T02:59:38.8691462Z Issues: write
2025-06-25T02:59:38.8691900Z Metadata: read
2025-06-25T02:59:38.8692325Z Models: read
2025-06-25T02:59:38.8692752Z Packages: write
2025-06-25T02:59:38.8693151Z Pages: write
2025-06-25T02:59:38.8693602Z PullRequests: write
2025-06-25T02:59:38.8694051Z RepositoryProjects: write
2025-06-25T02:59:38.8694558Z SecurityEvents: write
2025-06-25T02:59:38.8695068Z Statuses: write
2025-06-25T02:59:38.8695676Z ##[endgroup]
2025-06-25T02:59:38.8698591Z Secret source: Actions
2025-06-25T02:59:38.8699651Z Prepare workflow directory
2025-06-25T02:59:38.9279820Z Prepare all required actions
2025-06-25T02:59:38.9315934Z Getting action download info
2025-06-25T02:59:39.2431966Z ##[group]Download immutable action package 'actions/checkout@v4'
2025-06-25T02:59:39.2433013Z Version: 4.2.2
2025-06-25T02:59:39.2433907Z Digest: sha256:ccb2698953eaebd21c7bf6268a94f9c26518a7e38e27e0b83c1fe1ad049819b1
2025-06-25T02:59:39.2435090Z Source commit SHA: 11bd71901bbe5b1630ceea73d27597364c9af683
2025-06-25T02:59:39.2435821Z ##[endgroup]
2025-06-25T02:59:39.3587678Z ##[group]Download immutable action package 'actions/setup-python@v5'
2025-06-25T02:59:39.3588525Z Version: 5.6.0
2025-06-25T02:59:39.3589208Z Digest: sha256:0b35a0c11c97499e4e0576589036d450b9f5f9da74b7774225b3614b57324404
2025-06-25T02:59:39.3590155Z Source commit SHA: a26af69be951a213d495a4c3e4e4022e16d87065
2025-06-25T02:59:39.3590803Z ##[endgroup]
2025-06-25T02:59:40.0411629Z ##[group]Download immutable action package 'actions/cache@v4'
2025-06-25T02:59:40.0412658Z Version: 4.2.3
2025-06-25T02:59:40.0413611Z Digest: sha256:c8a3bb963e1f1826d8fcc8d1354f0dd29d8ac1db1d4f6f20247055ae11b81ed9
2025-06-25T02:59:40.0414903Z Source commit SHA: 5a3ec84eff668545956fd18022155c47e93e2684
2025-06-25T02:59:40.0415785Z ##[endgroup]
2025-06-25T02:59:40.3290729Z Download action repository 'ilammy/msvc-dev-cmd@v1' (SHA:0b201ec74fa43914dc39ae48a89fd1d8cb592756)
2025-06-25T02:59:40.5959329Z Download action repository 'lukka/run-vcpkg@v11' (SHA:7d259227a1fb6471a0253dd5ab7419835228f7d7)
2025-06-25T02:59:40.8439470Z ##[group]Download immutable action package 'actions/upload-artifact@v4'
2025-06-25T02:59:40.8440796Z Version: 4.6.2
2025-06-25T02:59:40.8441994Z Digest: sha256:290722aa3281d5caf23d0acdc3dbeb3424786a1a01a9cc97e72f147225e37c38
2025-06-25T02:59:40.8443653Z Source commit SHA: ea165f8d65b6e75b540449e92b4886f43607fa02
2025-06-25T02:59:40.8444781Z ##[endgroup]
2025-06-25T02:59:41.1735219Z Complete job name: Build Windows (x64) Python 3.9
2025-06-25T02:59:41.3065743Z ##[group]Run actions/checkout@v4
2025-06-25T02:59:41.3068954Z with:
2025-06-25T02:59:41.3069732Z   submodules: recursive
2025-06-25T02:59:41.3070627Z   repository: Ambro86/synthizer3d
2025-06-25T02:59:41.3071887Z   token: ***
2025-06-25T02:59:41.3072716Z   ssh-strict: true
2025-06-25T02:59:41.3073518Z   ssh-user: git
2025-06-25T02:59:41.3074349Z   persist-credentials: true
2025-06-25T02:59:41.3075237Z   clean: true
2025-06-25T02:59:41.3075879Z   sparse-checkout-cone-mode: true
2025-06-25T02:59:41.3076596Z   fetch-depth: 1
2025-06-25T02:59:41.3077198Z   fetch-tags: false
2025-06-25T02:59:41.3077800Z   show-progress: true
2025-06-25T02:59:41.3078417Z   lfs: false
2025-06-25T02:59:41.3078993Z   set-safe-directory: true
2025-06-25T02:59:41.3079826Z env:
2025-06-25T02:59:41.3080359Z   PYVERSION: 3.9
2025-06-25T02:59:41.3080948Z   CI_ARCH_LOWER: x64
2025-06-25T02:59:41.3081550Z   CI_WINDOWS: 1
2025-06-25T02:59:41.3082124Z   CI_ARCH_ENV: x64
2025-06-25T02:59:41.3082790Z   VCPKG_DEFAULT_TRIPLET: x64-windows
2025-06-25T02:59:41.3083841Z   EFFECTIVE_VCPKG_INSTALLED_DIR_BASE: D:\a\synthizer3d\synthizer3d\vcpkg_installed
2025-06-25T02:59:41.3084884Z ##[endgroup]
2025-06-25T02:59:41.4720940Z Syncing repository: Ambro86/synthizer3d
2025-06-25T02:59:41.4723104Z ##[group]Getting Git version info
2025-06-25T02:59:41.4723999Z Working directory is 'D:\a\synthizer3d\synthizer3d'
2025-06-25T02:59:41.5726337Z [command]"C:\Program Files\Git\bin\git.exe" version
2025-06-25T02:59:41.8525264Z git version 2.49.0.windows.1
2025-06-25T02:59:41.8586868Z ##[endgroup]
2025-06-25T02:59:41.8607954Z Temporarily overriding HOME='D:\a\_temp\96978037-62dd-48bc-b791-f9e048026421' before making global git config changes
2025-06-25T02:59:41.8609491Z Adding repository directory to the temporary git global config as a safe directory
2025-06-25T02:59:41.8620507Z [command]"C:\Program Files\Git\bin\git.exe" config --global --add safe.directory D:\a\synthizer3d\synthizer3d
2025-06-25T02:59:41.9102181Z Deleting the contents of 'D:\a\synthizer3d\synthizer3d'
2025-06-25T02:59:41.9107830Z ##[group]Initializing the repository
2025-06-25T02:59:41.9117664Z [command]"C:\Program Files\Git\bin\git.exe" init D:\a\synthizer3d\synthizer3d
2025-06-25T02:59:41.9757191Z Initialized empty Git repository in D:/a/synthizer3d/synthizer3d/.git/
2025-06-25T02:59:41.9792404Z [command]"C:\Program Files\Git\bin\git.exe" remote add origin https://github.com/Ambro86/synthizer3d
2025-06-25T02:59:42.0198833Z ##[endgroup]
2025-06-25T02:59:42.0199204Z ##[group]Disabling automatic garbage collection
2025-06-25T02:59:42.0208280Z [command]"C:\Program Files\Git\bin\git.exe" config --local gc.auto 0
2025-06-25T02:59:42.0414269Z ##[endgroup]
2025-06-25T02:59:42.0414613Z ##[group]Setting up auth
2025-06-25T02:59:42.0431810Z [command]"C:\Program Files\Git\bin\git.exe" config --local --name-only --get-regexp core\.sshCommand
2025-06-25T02:59:42.0643577Z [command]"C:\Program Files\Git\bin\git.exe" submodule foreach --recursive "sh -c \"git config --local --name-only --get-regexp 'core\.sshCommand' && git config --local --unset-all 'core.sshCommand' || :\""
2025-06-25T02:59:43.1487052Z [command]"C:\Program Files\Git\bin\git.exe" config --local --name-only --get-regexp http\.https\:\/\/github\.com\/\.extraheader
2025-06-25T02:59:43.1701469Z [command]"C:\Program Files\Git\bin\git.exe" submodule foreach --recursive "sh -c \"git config --local --name-only --get-regexp 'http\.https\:\/\/github\.com\/\.extraheader' && git config --local --unset-all 'http.https://github.com/.extraheader' || :\""
2025-06-25T02:59:43.5590712Z [command]"C:\Program Files\Git\bin\git.exe" config --local http.https://github.com/.extraheader "AUTHORIZATION: basic ***"
2025-06-25T02:59:43.5820402Z ##[endgroup]
2025-06-25T02:59:43.5821346Z ##[group]Fetching the repository
2025-06-25T02:59:43.5843627Z [command]"C:\Program Files\Git\bin\git.exe" -c protocol.version=2 fetch --no-tags --prune --no-recurse-submodules --depth=1 origin +6ef4d8b114733a685967de47113f767b811ac953:refs/remotes/origin/master
2025-06-25T02:59:45.0971757Z From https://github.com/Ambro86/synthizer3d
2025-06-25T02:59:45.0974059Z  * [new ref]         6ef4d8b114733a685967de47113f767b811ac953 -> origin/master
2025-06-25T02:59:45.1141744Z ##[endgroup]
2025-06-25T02:59:45.1142280Z ##[group]Determining the checkout info
2025-06-25T02:59:45.1146215Z ##[endgroup]
2025-06-25T02:59:45.1156896Z [command]"C:\Program Files\Git\bin\git.exe" sparse-checkout disable
2025-06-25T02:59:45.1447911Z [command]"C:\Program Files\Git\bin\git.exe" config --local --unset-all extensions.worktreeConfig
2025-06-25T02:59:45.1654424Z ##[group]Checking out the ref
2025-06-25T02:59:45.1663197Z [command]"C:\Program Files\Git\bin\git.exe" checkout --progress --force -B master refs/remotes/origin/master
2025-06-25T02:59:45.8955867Z branch 'master' set up to track 'origin/master'.
2025-06-25T02:59:45.8961743Z Reset branch 'master'
2025-06-25T02:59:45.9007146Z ##[endgroup]
2025-06-25T02:59:45.9007765Z ##[group]Setting up auth for fetching submodules
2025-06-25T02:59:45.9017142Z [command]"C:\Program Files\Git\bin\git.exe" config --global http.https://github.com/.extraheader "AUTHORIZATION: basic ***"
2025-06-25T02:59:45.9236831Z [command]"C:\Program Files\Git\bin\git.exe" config --global --unset-all url.https://github.com/.insteadOf
2025-06-25T02:59:45.9444354Z [command]"C:\Program Files\Git\bin\git.exe" config --global --add url.https://github.com/.insteadOf git@github.com:
2025-06-25T02:59:45.9653523Z [command]"C:\Program Files\Git\bin\git.exe" config --global --add url.https://github.com/.insteadOf org-58132298@github.com:
2025-06-25T02:59:45.9854853Z ##[endgroup]
2025-06-25T02:59:45.9855163Z ##[group]Fetching submodules
2025-06-25T02:59:45.9863842Z [command]"C:\Program Files\Git\bin\git.exe" submodule sync --recursive
2025-06-25T02:59:46.4038662Z [command]"C:\Program Files\Git\bin\git.exe" -c protocol.version=2 submodule update --init --force --depth=1 --recursive
2025-06-25T02:59:46.8110094Z [command]"C:\Program Files\Git\bin\git.exe" submodule foreach --recursive "git config --local gc.auto 0"
2025-06-25T02:59:47.2001645Z ##[endgroup]
2025-06-25T02:59:47.2002205Z ##[group]Persisting credentials for submodules
2025-06-25T02:59:47.2020962Z [command]"C:\Program Files\Git\bin\git.exe" submodule foreach --recursive "sh -c \"git config --local --name-only --get-regexp 'url\.https\:\/\/github\.com\/\.insteadOf' && git config --local --unset-all 'url.https://github.com/.insteadOf' || :\""
2025-06-25T02:59:47.5923989Z [command]"C:\Program Files\Git\bin\git.exe" submodule foreach --recursive "sh -c \"git config --local 'http.https://github.com/.extraheader' 'AUTHORIZATION: basic ***' && git config --local --show-origin --name-only --get-regexp remote.origin.url\""
2025-06-25T02:59:48.0006382Z [command]"C:\Program Files\Git\bin\git.exe" submodule foreach --recursive "git config --local --add 'url.https://github.com/.insteadOf' 'git@github.com:'"
2025-06-25T02:59:48.4076601Z [command]"C:\Program Files\Git\bin\git.exe" submodule foreach --recursive "git config --local --add 'url.https://github.com/.insteadOf' 'org-58132298@github.com:'"
2025-06-25T02:59:48.8021667Z ##[endgroup]
2025-06-25T02:59:48.8271597Z [command]"C:\Program Files\Git\bin\git.exe" log -1 --format=%H
2025-06-25T02:59:48.8470098Z 6ef4d8b114733a685967de47113f767b811ac953
2025-06-25T02:59:48.8783150Z ##[group]Run actions/setup-python@v5
2025-06-25T02:59:48.8783451Z with:
2025-06-25T02:59:48.8783615Z   python-version: 3.9
2025-06-25T02:59:48.8783797Z   architecture: x64
2025-06-25T02:59:48.8783965Z   check-latest: false
2025-06-25T02:59:48.8784292Z   token: ***
2025-06-25T02:59:48.8784462Z   update-environment: true
2025-06-25T02:59:48.8784660Z   allow-prereleases: false
2025-06-25T02:59:48.8784846Z   freethreaded: false
2025-06-25T02:59:48.8785019Z env:
2025-06-25T02:59:48.8785155Z   PYVERSION: 3.9
2025-06-25T02:59:48.8785311Z   CI_ARCH_LOWER: x64
2025-06-25T02:59:48.8785463Z   CI_WINDOWS: 1
2025-06-25T02:59:48.8785605Z   CI_ARCH_ENV: x64
2025-06-25T02:59:48.8785784Z   VCPKG_DEFAULT_TRIPLET: x64-windows
2025-06-25T02:59:48.8786302Z   EFFECTIVE_VCPKG_INSTALLED_DIR_BASE: D:\a\synthizer3d\synthizer3d\vcpkg_installed
2025-06-25T02:59:48.8786643Z ##[endgroup]
2025-06-25T02:59:49.0928953Z ##[group]Installed versions
2025-06-25T02:59:49.1151216Z Successfully set up CPython (3.9.13)
2025-06-25T02:59:49.1152560Z ##[endgroup]
2025-06-25T02:59:49.1389521Z ##[group]Run python -m pip install --upgrade pip
2025-06-25T02:59:49.1389937Z [36;1mpython -m pip install --upgrade pip[0m
2025-06-25T02:59:49.1474065Z shell: C:\Program Files\PowerShell\7\pwsh.EXE -command ". '{0}'"
2025-06-25T02:59:49.1474376Z env:
2025-06-25T02:59:49.1474524Z   PYVERSION: 3.9
2025-06-25T02:59:49.1474713Z   CI_ARCH_LOWER: x64
2025-06-25T02:59:49.1474891Z   CI_WINDOWS: 1
2025-06-25T02:59:49.1475038Z   CI_ARCH_ENV: x64
2025-06-25T02:59:49.1475204Z   VCPKG_DEFAULT_TRIPLET: x64-windows
2025-06-25T02:59:49.1475559Z   EFFECTIVE_VCPKG_INSTALLED_DIR_BASE: D:\a\synthizer3d\synthizer3d\vcpkg_installed
2025-06-25T02:59:49.1475973Z   pythonLocation: C:\hostedtoolcache\windows\Python\3.9.13\x64
2025-06-25T02:59:49.1476388Z   PKG_CONFIG_PATH: C:\hostedtoolcache\windows\Python\3.9.13\x64/lib/pkgconfig
2025-06-25T02:59:49.1476769Z   Python_ROOT_DIR: C:\hostedtoolcache\windows\Python\3.9.13\x64
2025-06-25T02:59:49.1477130Z   Python2_ROOT_DIR: C:\hostedtoolcache\windows\Python\3.9.13\x64
2025-06-25T02:59:49.1477470Z   Python3_ROOT_DIR: C:\hostedtoolcache\windows\Python\3.9.13\x64
2025-06-25T02:59:49.1477736Z ##[endgroup]
2025-06-25T03:00:10.0867457Z Requirement already satisfied: pip in c:\hostedtoolcache\windows\python\3.9.13\x64\lib\site-packages (25.1.1)
2025-06-25T03:00:11.4933244Z ##[group]Run python synthizer-c/vendor.py synthizer-vendored
2025-06-25T03:00:11.4933719Z [36;1mpython synthizer-c/vendor.py synthizer-vendored[0m
2025-06-25T03:00:11.4965675Z shell: C:\Program Files\PowerShell\7\pwsh.EXE -command ". '{0}'"
2025-06-25T03:00:11.4965977Z env:
2025-06-25T03:00:11.4966125Z   PYVERSION: 3.9
2025-06-25T03:00:11.4966291Z   CI_ARCH_LOWER: x64
2025-06-25T03:00:11.4966465Z   CI_WINDOWS: 1
2025-06-25T03:00:11.4966616Z   CI_ARCH_ENV: x64
2025-06-25T03:00:11.4966789Z   VCPKG_DEFAULT_TRIPLET: x64-windows
2025-06-25T03:00:11.4967146Z   EFFECTIVE_VCPKG_INSTALLED_DIR_BASE: D:\a\synthizer3d\synthizer3d\vcpkg_installed
2025-06-25T03:00:11.4967562Z   pythonLocation: C:\hostedtoolcache\windows\Python\3.9.13\x64
2025-06-25T03:00:11.4967950Z   PKG_CONFIG_PATH: C:\hostedtoolcache\windows\Python\3.9.13\x64/lib/pkgconfig
2025-06-25T03:00:11.4968327Z   Python_ROOT_DIR: C:\hostedtoolcache\windows\Python\3.9.13\x64
2025-06-25T03:00:11.4968713Z   Python2_ROOT_DIR: C:\hostedtoolcache\windows\Python\3.9.13\x64
2025-06-25T03:00:11.4969053Z   Python3_ROOT_DIR: C:\hostedtoolcache\windows\Python\3.9.13\x64
2025-06-25T03:00:11.4969327Z ##[endgroup]
2025-06-25T03:00:13.5511075Z ##[group]Run actions/cache@v4
2025-06-25T03:00:13.5511334Z with:
2025-06-25T03:00:13.5511505Z   path: ~\AppData\Local\pip\Cache
2025-06-25T03:00:13.5511904Z   key: Windows-pip-3.9-x64-470e26d8c339f4cb295c177bbb5909b619dd6bdba5ca1bff895a6b5f9833e984
2025-06-25T03:00:13.5512394Z   restore-keys: Windows-pip-3.9-x64-

2025-06-25T03:00:13.5512639Z   enableCrossOsArchive: false
2025-06-25T03:00:13.5512836Z   fail-on-cache-miss: false
2025-06-25T03:00:13.5513025Z   lookup-only: false
2025-06-25T03:00:13.5513187Z   save-always: false
2025-06-25T03:00:13.5513340Z env:
2025-06-25T03:00:13.5513469Z   PYVERSION: 3.9
2025-06-25T03:00:13.5513624Z   CI_ARCH_LOWER: x64
2025-06-25T03:00:13.5513769Z   CI_WINDOWS: 1
2025-06-25T03:00:13.5513915Z   CI_ARCH_ENV: x64
2025-06-25T03:00:13.5514083Z   VCPKG_DEFAULT_TRIPLET: x64-windows
2025-06-25T03:00:13.5514422Z   EFFECTIVE_VCPKG_INSTALLED_DIR_BASE: D:\a\synthizer3d\synthizer3d\vcpkg_installed
2025-06-25T03:00:13.5514877Z   pythonLocation: C:\hostedtoolcache\windows\Python\3.9.13\x64
2025-06-25T03:00:13.5515268Z   PKG_CONFIG_PATH: C:\hostedtoolcache\windows\Python\3.9.13\x64/lib/pkgconfig
2025-06-25T03:00:13.5515650Z   Python_ROOT_DIR: C:\hostedtoolcache\windows\Python\3.9.13\x64
2025-06-25T03:00:13.5516170Z   Python2_ROOT_DIR: C:\hostedtoolcache\windows\Python\3.9.13\x64
2025-06-25T03:00:13.5516513Z   Python3_ROOT_DIR: C:\hostedtoolcache\windows\Python\3.9.13\x64
2025-06-25T03:00:13.5516770Z ##[endgroup]
2025-06-25T03:00:13.9413524Z Cache hit for: Windows-pip-3.9-x64-470e26d8c339f4cb295c177bbb5909b619dd6bdba5ca1bff895a6b5f9833e984
2025-06-25T03:00:14.2936715Z Received 40280006 of 40280006 (100.0%), 128.9 MBs/sec
2025-06-25T03:00:14.2939712Z Cache Size: ~38 MB (40280006 B)
2025-06-25T03:00:14.2971478Z [command]"C:\Program Files\Git\usr\bin\tar.exe" -xf D:/a/_temp/74ddd0d0-2922-4cd9-871f-0a166734aa34/cache.tzst -P -C D:/a/synthizer3d/synthizer3d --force-local --use-compress-program "zstd -d"
2025-06-25T03:00:14.5437933Z Cache restored successfully
2025-06-25T03:00:14.5595546Z Cache restored from key: Windows-pip-3.9-x64-8a5360e709d265c27a24e0a96851fc7e96b08d87f422f96956a8f56e44f06135
2025-06-25T03:00:14.5811773Z ##[group]Run ilammy/msvc-dev-cmd@v1
2025-06-25T03:00:14.5812108Z with:
2025-06-25T03:00:14.5812264Z   arch: x64
2025-06-25T03:00:14.5812409Z env:
2025-06-25T03:00:14.5812540Z   PYVERSION: 3.9
2025-06-25T03:00:14.5812702Z   CI_ARCH_LOWER: x64
2025-06-25T03:00:14.5812867Z   CI_WINDOWS: 1
2025-06-25T03:00:14.5813016Z   CI_ARCH_ENV: x64
2025-06-25T03:00:14.5813191Z   VCPKG_DEFAULT_TRIPLET: x64-windows
2025-06-25T03:00:14.5813547Z   EFFECTIVE_VCPKG_INSTALLED_DIR_BASE: D:\a\synthizer3d\synthizer3d\vcpkg_installed
2025-06-25T03:00:14.5813969Z   pythonLocation: C:\hostedtoolcache\windows\Python\3.9.13\x64
2025-06-25T03:00:14.5814366Z   PKG_CONFIG_PATH: C:\hostedtoolcache\windows\Python\3.9.13\x64/lib/pkgconfig
2025-06-25T03:00:14.5814751Z   Python_ROOT_DIR: C:\hostedtoolcache\windows\Python\3.9.13\x64
2025-06-25T03:00:14.5815098Z   Python2_ROOT_DIR: C:\hostedtoolcache\windows\Python\3.9.13\x64
2025-06-25T03:00:14.5815467Z   Python3_ROOT_DIR: C:\hostedtoolcache\windows\Python\3.9.13\x64
2025-06-25T03:00:14.5815732Z ##[endgroup]
2025-06-25T03:00:15.0327355Z Found with vswhere: C:\Program Files\Microsoft Visual Studio\2022\Enterprise\VC\Auxiliary\Build\vcvarsall.bat
2025-06-25T03:00:18.0182707Z ##[group]Environment variables
2025-06-25T03:00:18.0183491Z Setting CommandPromptType
2025-06-25T03:00:18.0195829Z Setting DevEnvDir
2025-06-25T03:00:18.0200074Z Setting ExtensionSdkDir
2025-06-25T03:00:18.0202835Z Setting EXTERNAL_INCLUDE
2025-06-25T03:00:18.0208829Z Setting Framework40Version
2025-06-25T03:00:18.0211315Z Setting FrameworkDir
2025-06-25T03:00:18.0213915Z Setting FrameworkDir64
2025-06-25T03:00:18.0217999Z Setting FrameworkVersion
2025-06-25T03:00:18.0220627Z Setting FrameworkVersion64
2025-06-25T03:00:18.0224304Z Setting FSHARPINSTALLDIR
2025-06-25T03:00:18.0228308Z Setting HTMLHelpDir
2025-06-25T03:00:18.0230903Z Setting IFCPATH
2025-06-25T03:00:18.0240817Z Setting INCLUDE
2025-06-25T03:00:18.0245561Z Setting is_x64_arch
2025-06-25T03:00:18.0247504Z Setting LIB
2025-06-25T03:00:18.0249410Z Setting LIBPATH
2025-06-25T03:00:18.0251667Z Setting NETFXSDKDir
2025-06-25T03:00:18.0254598Z Setting Path
2025-06-25T03:00:18.0257253Z Setting Platform
2025-06-25T03:00:18.0259419Z Setting UCRTVersion
2025-06-25T03:00:18.0261101Z Setting UniversalCRTSdkDir
2025-06-25T03:00:18.0262825Z Setting VCIDEInstallDir
2025-06-25T03:00:18.0265464Z Setting VCINSTALLDIR
2025-06-25T03:00:18.0267198Z Setting VCPKG_ROOT
2025-06-25T03:00:18.0268800Z Setting VCToolsInstallDir
2025-06-25T03:00:18.0270348Z Setting VCToolsRedistDir
2025-06-25T03:00:18.0271939Z Setting VCToolsVersion
2025-06-25T03:00:18.0273517Z Setting VisualStudioVersion
2025-06-25T03:00:18.0275037Z Setting VS170COMNTOOLS
2025-06-25T03:00:18.0276564Z Setting VSCMD_ARG_app_plat
2025-06-25T03:00:18.0278061Z Setting VSCMD_ARG_HOST_ARCH
2025-06-25T03:00:18.0279645Z Setting VSCMD_ARG_TGT_ARCH
2025-06-25T03:00:18.0281174Z Setting VSCMD_VER
2025-06-25T03:00:18.0283011Z Setting VSINSTALLDIR
2025-06-25T03:00:18.0284567Z Setting VSSDK150INSTALL
2025-06-25T03:00:18.0286109Z Setting VSSDKINSTALL
2025-06-25T03:00:18.0287803Z Setting WindowsLibPath
2025-06-25T03:00:18.0289943Z Setting WindowsSdkBinPath
2025-06-25T03:00:18.0291505Z Setting WindowsSdkDir
2025-06-25T03:00:18.0293005Z Setting WindowsSDKLibVersion
2025-06-25T03:00:18.0294502Z Setting WindowsSdkVerBinPath
2025-06-25T03:00:18.0296025Z Setting WindowsSDKVersion
2025-06-25T03:00:18.0297592Z Setting WindowsSDK_ExecutablePath_x64
2025-06-25T03:00:18.0299099Z Setting WindowsSDK_ExecutablePath_x86
2025-06-25T03:00:18.0300624Z Setting __DOTNET_ADD_64BIT
2025-06-25T03:00:18.0302257Z Setting __DOTNET_PREFERRED_BITNESS
2025-06-25T03:00:18.0303770Z Setting __VSCMD_PREINIT_PATH
2025-06-25T03:00:18.0306381Z ##[endgroup]
2025-06-25T03:00:18.0306736Z Configured Developer Command Prompt
2025-06-25T03:00:18.0499320Z ##[group]Run lukka/run-vcpkg@v11
2025-06-25T03:00:18.0499630Z with:
2025-06-25T03:00:18.0499802Z   vcpkgJsonGlob: vcpkg.json
2025-06-25T03:00:18.0500017Z   runVcpkgInstall: true
2025-06-25T03:00:18.0500259Z   vcpkgDirectory: D:\a\synthizer3d\synthizer3d/vcpkg
2025-06-25T03:00:18.0500596Z   vcpkgGitURL: https://github.com/microsoft/vcpkg.git
2025-06-25T03:00:18.0500874Z   doNotUpdateVcpkg: false
2025-06-25T03:00:18.0501066Z   doNotCache: true
2025-06-25T03:00:18.0501240Z   vcpkgJsonIgnores: ['**/vcpkg/**']
2025-06-25T03:00:18.0501527Z   vcpkgConfigurationJsonGlob: **/vcpkg-configuration.json
2025-06-25T03:00:18.0502153Z   runVcpkgFormatString: [`install`, `--recurse`, `--clean-after-build`, `--x-install-root`, `$[env.VCPKG_INSTALLED_DIR]`, `--triplet`, `$[env.VCPKG_DEFAULT_TRIPLET]`]
2025-06-25T03:00:18.0502711Z   useShell: true
2025-06-25T03:00:18.0503144Z   logCollectionRegExps: \s*"(.+CMakeOutput\.log)"\.\s*;\s*"(.+CMakeError\.log)"\.\s*;\s*(.+out\.log)\s*;\s+(.+err\.log)\s*;\s*(.+vcpkg.+\.log)\s*
2025-06-25T03:00:18.0503578Z env:
2025-06-25T03:00:18.0503722Z   PYVERSION: 3.9
2025-06-25T03:00:18.0503971Z   CI_ARCH_LOWER: x64
2025-06-25T03:00:18.0504164Z   CI_WINDOWS: 1
2025-06-25T03:00:18.0504319Z   CI_ARCH_ENV: x64
2025-06-25T03:00:18.0504503Z   VCPKG_DEFAULT_TRIPLET: x64-windows
2025-06-25T03:00:18.0504847Z   EFFECTIVE_VCPKG_INSTALLED_DIR_BASE: D:\a\synthizer3d\synthizer3d\vcpkg_installed
2025-06-25T03:00:18.0505263Z   pythonLocation: C:\hostedtoolcache\windows\Python\3.9.13\x64
2025-06-25T03:00:18.0505642Z   PKG_CONFIG_PATH: C:\hostedtoolcache\windows\Python\3.9.13\x64/lib/pkgconfig
2025-06-25T03:00:18.0506018Z   Python_ROOT_DIR: C:\hostedtoolcache\windows\Python\3.9.13\x64
2025-06-25T03:00:18.0506371Z   Python2_ROOT_DIR: C:\hostedtoolcache\windows\Python\3.9.13\x64
2025-06-25T03:00:18.0506716Z   Python3_ROOT_DIR: C:\hostedtoolcache\windows\Python\3.9.13\x64
2025-06-25T03:00:18.0506999Z   CommandPromptType: Native
2025-06-25T03:00:18.0507329Z   DevEnvDir: C:\Program Files\Microsoft Visual Studio\2022\Enterprise\Common7\IDE\
2025-06-25T03:00:18.0507798Z   ExtensionSdkDir: C:\Program Files (x86)\Microsoft SDKs\Windows Kits\10\ExtensionSDKs
2025-06-25T03:00:18.0509772Z   EXTERNAL_INCLUDE: C:\Program Files\Microsoft Visual Studio\2022\Enterprise\VC\Tools\MSVC\14.43.34808\include;C:\Program Files\Microsoft Visual Studio\2022\Enterprise\VC\Tools\MSVC\14.43.34808\ATLMFC\include;C:\Program Files\Microsoft Visual Studio\2022\Enterprise\VC\Auxiliary\VS\include;C:\Program Files (x86)\Windows Kits\10\include\10.0.26100.0\ucrt;C:\Program Files (x86)\Windows Kits\10\\include\10.0.26100.0\\um;C:\Program Files (x86)\Windows Kits\10\\include\10.0.26100.0\\shared;C:\Program Files (x86)\Windows Kits\10\\include\10.0.26100.0\\winrt;C:\Program Files (x86)\Windows Kits\10\\include\10.0.26100.0\\cppwinrt;C:\Program Files (x86)\Windows Kits\NETFXSDK\4.8\include\um
2025-06-25T03:00:18.0511625Z   Framework40Version: v4.0
2025-06-25T03:00:18.0511883Z   FrameworkDir: C:\Windows\Microsoft.NET\Framework64\
2025-06-25T03:00:18.0512192Z   FrameworkDir64: C:\Windows\Microsoft.NET\Framework64\
2025-06-25T03:00:18.0512463Z   FrameworkVersion: v4.0.30319
2025-06-25T03:00:18.0512674Z   FrameworkVersion64: v4.0.30319
2025-06-25T03:00:18.0513150Z   FSHARPINSTALLDIR: C:\Program Files\Microsoft Visual Studio\2022\Enterprise\Common7\IDE\CommonExtensions\Microsoft\FSharp\Tools
2025-06-25T03:00:18.0513867Z   HTMLHelpDir: C:\Program Files (x86)\HTML Help Workshop
2025-06-25T03:00:18.0514306Z   IFCPATH: C:\Program Files\Microsoft Visual Studio\2022\Enterprise\VC\Tools\MSVC\14.43.34808\ifc\x64
2025-06-25T03:00:18.0517988Z   INCLUDE: C:\Program Files\Microsoft Visual Studio\2022\Enterprise\VC\Tools\MSVC\14.43.34808\include;C:\Program Files\Microsoft Visual Studio\2022\Enterprise\VC\Tools\MSVC\14.43.34808\ATLMFC\include;C:\Program Files\Microsoft Visual Studio\2022\Enterprise\VC\Auxiliary\VS\include;C:\Program Files (x86)\Windows Kits\10\include\10.0.26100.0\ucrt;C:\Program Files (x86)\Windows Kits\10\\include\10.0.26100.0\\um;C:\Program Files (x86)\Windows Kits\10\\include\10.0.26100.0\\shared;C:\Program Files (x86)\Windows Kits\10\\include\10.0.26100.0\\winrt;C:\Program Files (x86)\Windows Kits\10\\include\10.0.26100.0\\cppwinrt;C:\Program Files (x86)\Windows Kits\NETFXSDK\4.8\include\um
2025-06-25T03:00:18.0519902Z   is_x64_arch: true
2025-06-25T03:00:18.0520945Z   LIB: C:\Program Files\Microsoft Visual Studio\2022\Enterprise\VC\Tools\MSVC\14.43.34808\ATLMFC\lib\x64;C:\Program Files\Microsoft Visual Studio\2022\Enterprise\VC\Tools\MSVC\14.43.34808\lib\x64;C:\Program Files (x86)\Windows Kits\NETFXSDK\4.8\lib\um\x64;C:\Program Files (x86)\Windows Kits\10\lib\10.0.26100.0\ucrt\x64;C:\Program Files (x86)\Windows Kits\10\\lib\10.0.26100.0\\um\x64
2025-06-25T03:00:18.0523159Z   LIBPATH: C:\Program Files\Microsoft Visual Studio\2022\Enterprise\VC\Tools\MSVC\14.43.34808\ATLMFC\lib\x64;C:\Program Files\Microsoft Visual Studio\2022\Enterprise\VC\Tools\MSVC\14.43.34808\lib\x64;C:\Program Files\Microsoft Visual Studio\2022\Enterprise\VC\Tools\MSVC\14.43.34808\lib\x86\store\references;C:\Program Files (x86)\Windows Kits\10\UnionMetadata\10.0.26100.0;C:\Program Files (x86)\Windows Kits\10\References\10.0.26100.0;C:\Windows\Microsoft.NET\Framework64\v4.0.30319
2025-06-25T03:00:18.0524595Z   NETFXSDKDir: C:\Program Files (x86)\Windows Kits\NETFXSDK\4.8\
2025-06-25T03:00:18.0537744Z   Path: C:\Program Files\Microsoft Visual Studio\2022\Enterprise\VC\Tools\MSVC\14.43.34808\bin\HostX64\x64;C:\Program Files\Microsoft Visual Studio\2022\Enterprise\Common7\IDE\VC\VCPackages;C:\Program Files\Microsoft Visual Studio\2022\Enterprise\Common7\IDE\CommonExtensions\Microsoft\TestWindow;C:\Program Files\Microsoft Visual Studio\2022\Enterprise\Common7\IDE\CommonExtensions\Microsoft\TeamFoundation\Team Explorer;C:\Program Files\Microsoft Visual Studio\2022\Enterprise\MSBuild\Current\bin\Roslyn;C:\Program Files (x86)\Microsoft SDKs\Windows\v10.0A\bin\NETFX 4.8 Tools\x64\;C:\Program Files (x86)\HTML Help Workshop;C:\Program Files\Microsoft Visual Studio\2022\Enterprise\Common7\IDE\CommonExtensions\Microsoft\FSharp\Tools;C:\Program Files\Microsoft Visual Studio\2022\Enterprise\Team Tools\DiagnosticsHub\Collector;C:\Program Files\Microsoft Visual Studio\2022\Enterprise\Common7\IDE\Extensions\Microsoft\CodeCoverage.Console;C:\Program Files (x86)\Windows Kits\10\bin\10.0.26100.0\\x64;C:\Program Files (x86)\Windows Kits\10\bin\\x64;C:\Program Files\Microsoft Visual Studio\2022\Enterprise\\MSBuild\Current\Bin\amd64;C:\Windows\Microsoft.NET\Framework64\v4.0.30319;C:\Program Files\Microsoft Visual Studio\2022\Enterprise\Common7\IDE\;C:\Program Files\Microsoft Visual Studio\2022\Enterprise\Common7\Tools\;C:\Users\runneradmin\AppData\Roaming\Python\Python39\Scripts;C:\hostedtoolcache\windows\Python\3.9.13\x64\Scripts;C:\hostedtoolcache\windows\Python\3.9.13\x64;C:\Program Files\MongoDB\Server\5.0\bin;C:\aliyun-cli;C:\vcpkg;C:\Program Files (x86)\NSIS\;C:\tools\zstd;C:\Program Files\Mercurial\;C:\hostedtoolcache\windows\stack\3.5.1\x64;C:\cabal\bin;C:\\ghcup\bin;C:\mingw64\bin;C:\Program Files\dotnet;C:\Program Files\MySQL\MySQL Server 8.0\bin;C:\Program Files\R\R-4.4.2\bin\x64;C:\SeleniumWebDrivers\GeckoDriver;C:\SeleniumWebDrivers\EdgeDriver\;C:\SeleniumWebDrivers\ChromeDriver;C:\Program Files (x86)\sbt\bin;C:\Program Files (x86)\GitHub CLI;C:\Program Files\Git\bin;C:\Program Files (x86)\pipx_bin;C:\npm\prefix;C:\hostedtoolcache\windows\go\1.24.3\x64\bin;C:\hostedtoolcache\windows\Ruby\3.3.8\x64\bin;C:\Program Files\OpenSSL\bin;C:\tools\kotlinc\bin;C:\hostedtoolcache\windows\Java_Temurin-Hotspot_jdk\8.0.452-9\x64\bin;C:\Program Files\ImageMagick-7.1.1-Q16-HDRI;C:\Program Files\Microsoft SDKs\Azure\CLI2\wbin;C:\ProgramData\kind;C:\ProgramData\Chocolatey\bin;C:\Windows\system32;C:\Windows;C:\Windows\System32\Wbem;C:\Windows\System32\WindowsPowerShell\v1.0\;C:\Windows\System32\OpenSSH\;C:\Program Files\dotnet\;C:\Program Files\PowerShell\7\;C:\Program Files\Microsoft\Web Platform Installer\;C:\Program Files\TortoiseSVN\bin;C:\Program Files\Microsoft SQL Server\Client SDK\ODBC\170\Tools\Binn\;C:\Program Files\Microsoft SQL Server\150\Tools\Binn\;C:\Program Files (x86)\Windows Kits\10\Windows Performance Toolkit\;C:\Program Files (x86)\WiX Toolset v3.14\bin;C:\Program Files\Microsoft SQL Server\130\DTS\Binn\;C:\Program Files\Microsoft SQL Server\140\DTS\Binn\;C:\Program Files\Microsoft SQL Server\150\DTS\Binn\;C:\Program Files\Microsoft SQL Server\160\DTS\Binn\;C:\Strawberry\c\bin;C:\Strawberry\perl\site\bin;C:\Strawberry\perl\bin;C:\ProgramData\chocolatey\lib\pulumi\tools\Pulumi\bin;C:\Program Files\CMake\bin;C:\ProgramData\chocolatey\lib\maven\apache-maven-3.9.9\bin;C:\Program Files\Microsoft Service Fabric\bin\Fabric\Fabric.Code;C:\Program Files\Microsoft SDKs\Service Fabric\Tools\ServiceFabricLocalClusterManager;C:\Program Files\nodejs\;C:\Program Files\Git\cmd;C:\Program Files\Git\mingw64\bin;C:\Program Files\Git\usr\bin;C:\Program Files\GitHub CLI\;c:\tools\php;C:\Program Files\Amazon\AWSCLIV2\;C:\Program Files\Amazon\SessionManagerPlugin\bin\;C:\Program Files\Amazon\AWSSAMCLI\bin\;C:\Program Files\Microsoft SQL Server\130\Tools\Binn\;C:\Program Files\LLVM\bin;C:\Users\runneradmin\.dotnet\tools;C:\Users\runneradmin\.cargo\bin;C:\Users\runneradmin\AppData\Local\Microsoft\WindowsApps;C:\Program Files (x86)\Microsoft Visual Studio\Installer;C:\Program Files\Microsoft Visual Studio\2022\Enterprise\VC\Tools\Llvm\x64\bin;C:\Program Files\Microsoft Visual Studio\2022\Enterprise\Common7\IDE\CommonExtensions\Microsoft\CMake\CMake\bin;C:\Program Files\Microsoft Visual Studio\2022\Enterprise\Common7\IDE\CommonExtensions\Microsoft\CMake\Ninja;C:\Program Files\Microsoft Visual Studio\2022\Enterprise\Common7\IDE\VC\Linux\bin\ConnectionManagerExe;C:\Program Files\Microsoft Visual Studio\2022\Enterprise\VC\vcpkg
2025-06-25T03:00:18.0551027Z   Platform: x64
2025-06-25T03:00:18.0551209Z   UCRTVersion: 10.0.26100.0
2025-06-25T03:00:18.0551471Z   UniversalCRTSdkDir: C:\Program Files (x86)\Windows Kits\10\
2025-06-25T03:00:18.0551924Z   VCIDEInstallDir: C:\Program Files\Microsoft Visual Studio\2022\Enterprise\Common7\IDE\VC\
2025-06-25T03:00:18.0552398Z   VCINSTALLDIR: C:\Program Files\Microsoft Visual Studio\2022\Enterprise\VC\
2025-06-25T03:00:18.0552822Z   VCPKG_ROOT: C:\Program Files\Microsoft Visual Studio\2022\Enterprise\VC\vcpkg
2025-06-25T03:00:18.0553325Z   VCToolsInstallDir: C:\Program Files\Microsoft Visual Studio\2022\Enterprise\VC\Tools\MSVC\14.43.34808\
2025-06-25T03:00:18.0553909Z   VCToolsRedistDir: C:\Program Files\Microsoft Visual Studio\2022\Enterprise\VC\Redist\MSVC\14.42.34433\
2025-06-25T03:00:18.0554308Z   VCToolsVersion: 14.43.34808
2025-06-25T03:00:18.0554506Z   VisualStudioVersion: 17.0
2025-06-25T03:00:18.0554835Z   VS170COMNTOOLS: C:\Program Files\Microsoft Visual Studio\2022\Enterprise\Common7\Tools\
2025-06-25T03:00:18.0555193Z   VSCMD_ARG_app_plat: Desktop
2025-06-25T03:00:18.0555389Z   VSCMD_ARG_HOST_ARCH: x64
2025-06-25T03:00:18.0555569Z   VSCMD_ARG_TGT_ARCH: x64
2025-06-25T03:00:18.0555751Z   VSCMD_VER: 17.13.2
2025-06-25T03:00:18.0556023Z   VSINSTALLDIR: C:\Program Files\Microsoft Visual Studio\2022\Enterprise\
2025-06-25T03:00:18.0556446Z   VSSDK150INSTALL: C:\Program Files\Microsoft Visual Studio\2022\Enterprise\VSSDK
2025-06-25T03:00:18.0556891Z   VSSDKINSTALL: C:\Program Files\Microsoft Visual Studio\2022\Enterprise\VSSDK
2025-06-25T03:00:18.0557656Z   WindowsLibPath: C:\Program Files (x86)\Windows Kits\10\UnionMetadata\10.0.26100.0;C:\Program Files (x86)\Windows Kits\10\References\10.0.26100.0
2025-06-25T03:00:18.0558232Z   WindowsSdkBinPath: C:\Program Files (x86)\Windows Kits\10\bin\
2025-06-25T03:00:18.0558570Z   WindowsSdkDir: C:\Program Files (x86)\Windows Kits\10\
2025-06-25T03:00:18.0558848Z   WindowsSDKLibVersion: 10.0.26100.0\
2025-06-25T03:00:18.0559178Z   WindowsSdkVerBinPath: C:\Program Files (x86)\Windows Kits\10\bin\10.0.26100.0\
2025-06-25T03:00:18.0559518Z   WindowsSDKVersion: 10.0.26100.0\
2025-06-25T03:00:18.0559995Z   WindowsSDK_ExecutablePath_x64: C:\Program Files (x86)\Microsoft SDKs\Windows\v10.0A\bin\NETFX 4.8 Tools\x64\
2025-06-25T03:00:18.0560592Z   WindowsSDK_ExecutablePath_x86: C:\Program Files (x86)\Microsoft SDKs\Windows\v10.0A\bin\NETFX 4.8 Tools\
2025-06-25T03:00:18.0560990Z   __DOTNET_ADD_64BIT: 1
2025-06-25T03:00:18.0561177Z   __DOTNET_PREFERRED_BITNESS: 64
2025-06-25T03:00:18.0568986Z   __VSCMD_PREINIT_PATH: C:\Users\runneradmin\AppData\Roaming\Python\Python39\Scripts;C:\hostedtoolcache\windows\Python\3.9.13\x64\Scripts;C:\hostedtoolcache\windows\Python\3.9.13\x64;C:\Program Files\MongoDB\Server\5.0\bin;C:\aliyun-cli;C:\vcpkg;C:\Program Files (x86)\NSIS\;C:\tools\zstd;C:\Program Files\Mercurial\;C:\hostedtoolcache\windows\stack\3.5.1\x64;C:\cabal\bin;C:\\ghcup\bin;C:\mingw64\bin;C:\Program Files\dotnet;C:\Program Files\MySQL\MySQL Server 8.0\bin;C:\Program Files\R\R-4.4.2\bin\x64;C:\SeleniumWebDrivers\GeckoDriver;C:\SeleniumWebDrivers\EdgeDriver\;C:\SeleniumWebDrivers\ChromeDriver;C:\Program Files (x86)\sbt\bin;C:\Program Files (x86)\GitHub CLI;C:\Program Files\Git\bin;C:\Program Files (x86)\pipx_bin;C:\npm\prefix;C:\hostedtoolcache\windows\go\1.24.3\x64\bin;C:\hostedtoolcache\windows\Python\3.9.13\x64\Scripts;C:\hostedtoolcache\windows\Python\3.9.13\x64;C:\hostedtoolcache\windows\Ruby\3.3.8\x64\bin;C:\Program Files\OpenSSL\bin;C:\tools\kotlinc\bin;C:\hostedtoolcache\windows\Java_Temurin-Hotspot_jdk\8.0.452-9\x64\bin;C:\Program Files\ImageMagick-7.1.1-Q16-HDRI;C:\Program Files\Microsoft SDKs\Azure\CLI2\wbin;C:\ProgramData\kind;C:\ProgramData\Chocolatey\bin;C:\Windows\system32;C:\Windows;C:\Windows\System32\Wbem;C:\Windows\System32\WindowsPowerShell\v1.0\;C:\Windows\System32\OpenSSH\;C:\Program Files\dotnet\;C:\Program Files\PowerShell\7\;C:\Program Files\Microsoft\Web Platform Installer\;C:\Program Files\TortoiseSVN\bin;C:\Program Files\Microsoft SQL Server\Client SDK\ODBC\170\Tools\Binn\;C:\Program Files\Microsoft SQL Server\150\Tools\Binn\;C:\Program Files (x86)\Windows Kits\10\Windows Performance Toolkit\;C:\Program Files (x86)\WiX Toolset v3.14\bin;C:\Program Files\Microsoft SQL Server\130\DTS\Binn\;C:\Program Files\Microsoft SQL Server\140\DTS\Binn\;C:\Program Files\Microsoft SQL Server\150\DTS\Binn\;C:\Program Files\Microsoft SQL Server\160\DTS\Binn\;C:\Strawberry\c\bin;C:\Strawberry\perl\site\bin;C:\Strawberry\perl\bin;C:\ProgramData\chocolatey\lib\pulumi\tools\Pulumi\bin;C:\Program Files\CMake\bin;C:\ProgramData\chocolatey\lib\maven\apache-maven-3.9.9\bin;C:\Program Files\Microsoft Service Fabric\bin\Fabric\Fabric.Code;C:\Program Files\Microsoft SDKs\Service Fabric\Tools\ServiceFabricLocalClusterManager;C:\Program Files\nodejs\;C:\Program Files\Git\cmd;C:\Program Files\Git\mingw64\bin;C:\Program Files\Git\usr\bin;C:\Program Files\GitHub CLI\;c:\tools\php;C:\Program Files (x86)\sbt\bin;C:\Program Files\Amazon\AWSCLIV2\;C:\Program Files\Amazon\SessionManagerPlugin\bin\;C:\Program Files\Amazon\AWSSAMCLI\bin\;C:\Program Files\Microsoft SQL Server\130\Tools\Binn\;C:\Program Files\LLVM\bin;C:\Users\runneradmin\.dotnet\tools;C:\Users\runneradmin\.cargo\bin;C:\Users\runneradmin\AppData\Local\Microsoft\WindowsApps;C:\Program Files (x86)\Microsoft Visual Studio\Installer
2025-06-25T03:00:18.0576909Z ##[endgroup]
2025-06-25T03:00:18.3053366Z ##[group]Prepare output directories
2025-06-25T03:00:18.3057020Z The vpckg root directory: 'D:\a\synthizer3d\synthizer3d\vcpkg'
2025-06-25T03:00:18.3098728Z ##[endgroup]
2025-06-25T03:00:18.3099879Z ‚è± elapsed: 0.004 seconds
2025-06-25T03:00:18.4454757Z Running command '"C:\Program Files\Git\bin\git.exe"' with args '^"submodule^",^"status^",^"D:\a\synthizer3d\synthizer3d\vcpkg^"' in current directory 'D:\a\synthizer3d\synthizer3d'.
2025-06-25T03:00:18.8720946Z error: pathspec 'D:\a\synthizer3d\synthizer3d\vcpkg' did not match any file(s) known to git
2025-06-25T03:00:18.8797394Z ##[group]Searching for vcpkg.json with glob expression 'vcpkg.json'
2025-06-25T03:00:18.8873164Z Found vcpkg.json at 'vcpkg.json'.
2025-06-25T03:00:18.8875421Z ##[endgroup]
2025-06-25T03:00:18.8875950Z ‚è± elapsed: 0.008 seconds
2025-06-25T03:00:18.8876913Z ##[group]The vcpkgCommitId is not provided, searching for a vcpkg-configuration.json using **/vcpkg-configuration.json
2025-06-25T03:00:18.8880622Z Searching for 'vcpkg-configuration.json' using: '**/vcpkg-configuration.json'
2025-06-25T03:00:18.9332157Z The file 'vcpkg-configuration.json' was not found with glob expression '**/vcpkg-configuration.json'.
2025-06-25T03:00:18.9333271Z A vcpkg-configuration.json is not found.
2025-06-25T03:00:18.9360247Z ##[endgroup]
2025-06-25T03:00:18.9360679Z ‚è± elapsed: 0.048 seconds
2025-06-25T03:00:18.9361609Z Found baseline '8f63c9ed5897d7367a92a442a79f91721e0fd38f', this is the Git commit id going to be used to fetch vcpkg from the repository
2025-06-25T03:00:18.9384245Z ##[group]Setup to run on GitHub Action runners
2025-06-25T03:00:18.9385481Z Set the workflow environment variable 'VCPKG_BINARY_SOURCES' to value 'clear;x-gha,readwrite'
2025-06-25T03:00:18.9386843Z Set the workflow environment variable 'ACTIONS_CACHE_URL' to value 'https://acghubeus2.actions.githubusercontent.com/bwbzopuV3oKlbowlUKWdOnf6KF0vjv7EYqCB3ZHqukKhTVgy74/'
2025-06-25T03:00:18.9431005Z Set the workflow environment variable 'ACTIONS_RUNTIME_TOKEN' to value '***'
2025-06-25T03:00:18.9431705Z ##[endgroup]
2025-06-25T03:00:18.9432066Z ‚è± elapsed: 0.002 seconds
2025-06-25T03:00:18.9432554Z ##[group]Retrieving the vcpkg Git commit id at: 'D:\a\synthizer3d\synthizer3d\vcpkg'
2025-06-25T03:00:19.0541281Z Fetching the Git commit id at 'D:\a\synthizer3d\synthizer3d\vcpkg' ...
2025-06-25T03:00:19.0546226Z Running command '"C:\Program Files\Git\bin\git.exe"' with args '^"rev-parse^",^"HEAD^"' in current directory 'D:\a\synthizer3d\synthizer3d\vcpkg'.
2025-06-25T03:00:19.0825627Z 6ef4d8b114733a685967de47113f767b811ac953
2025-06-25T03:00:19.0860434Z ##[endgroup]
2025-06-25T03:00:19.0861157Z ‚è± elapsed: 0.147 seconds
2025-06-25T03:00:19.0861648Z ##[group]Check whether vcpkg repository is up to date
2025-06-25T03:00:19.0863518Z Checking whether vcpkg's repository is updated to commit id '6ef4d8b114733a685967de47113f767b811ac953' ...
2025-06-25T03:00:19.0865745Z Current commit id of vcpkg: '6ef4d8b114733a685967de47113f767b811ac953'.
2025-06-25T03:00:19.0866288Z Is vcpkg repository updated? No
2025-06-25T03:00:19.0866817Z ##[endgroup]
2025-06-25T03:00:19.0867222Z ‚è± elapsed: 0.001 seconds
2025-06-25T03:00:19.0867601Z ##[group]Download vcpkg source code repository
2025-06-25T03:00:19.0869408Z Cloning vcpkg in 'D:\a\synthizer3d\synthizer3d\vcpkg'...
2025-06-25T03:00:19.1855717Z Running command '"C:\Program Files\Git\bin\git.exe"' with args '^"clone^",^"https://github.com/microsoft/vcpkg.git^",^"-n^",^".^"' in current directory 'D:\a\synthizer3d\synthizer3d\vcpkg'.
2025-06-25T03:00:19.2201489Z Cloning into '.'...
2025-06-25T03:00:29.5726434Z Running command '"C:\Program Files\Git\bin\git.exe"' with args '^"checkout^",^"--force^",^"8f63c9ed5897d7367a92a442a79f91721e0fd38f^"' in current directory 'D:\a\synthizer3d\synthizer3d\vcpkg'.
2025-06-25T03:00:31.5482998Z Note: switching to '8f63c9ed5897d7367a92a442a79f91721e0fd38f'.
2025-06-25T03:00:31.5484109Z 
2025-06-25T03:00:31.5484674Z You are in 'detached HEAD' state. You can look around, make experimental
2025-06-25T03:00:31.5485553Z changes and commit them, and you can discard any commits you make in this
2025-06-25T03:00:31.5486667Z state without impacting any branches by switching back to a branch.
2025-06-25T03:00:31.5487077Z 
2025-06-25T03:00:31.5487442Z If you want to create a new branch to retain commits you create, you may
2025-06-25T03:00:31.5488211Z do so (now or later) by using -c with the switch command. Example:
2025-06-25T03:00:31.5488595Z 
2025-06-25T03:00:31.5488842Z   git switch -c <new-branch-name>
2025-06-25T03:00:31.5489107Z 
2025-06-25T03:00:31.5489320Z Or undo this operation with:
2025-06-25T03:00:31.5489555Z 
2025-06-25T03:00:31.5489693Z   git switch -
2025-06-25T03:00:31.5489859Z 
2025-06-25T03:00:31.5490267Z Turn off this advice by setting config variable advice.detachedHead to false
2025-06-25T03:00:31.5490748Z 
2025-06-25T03:00:31.5492324Z HEAD is now at 8f63c9ed58 [tree-sitter-c] update to 0.24.1 (#45715)
2025-06-25T03:00:31.5540652Z Clone vcpkg in 'D:\a\synthizer3d\synthizer3d\vcpkg'.
2025-06-25T03:00:31.5541518Z ##[endgroup]
2025-06-25T03:00:31.5542091Z ‚è± elapsed: 12.467 seconds
2025-06-25T03:00:31.5542477Z ##[group]Build vcpkg executable
2025-06-25T03:00:31.6708590Z Running command '"C:\Windows\system32\cmd.exe"' with args '^"/c^",^"D:\a\synthizer3d\synthizer3d\vcpkg\bootstrap-vcpkg.bat^"' in current directory 'D:\a\synthizer3d\synthizer3d\vcpkg'.
2025-06-25T03:00:32.2369706Z Downloading https://github.com/microsoft/vcpkg-tool/releases/download/2025-05-19/vcpkg.exe -> D:\a\synthizer3d\synthizer3d\vcpkg\vcpkg.exe... done.
2025-06-25T03:00:32.3452206Z Validating signature... done.
2025-06-25T03:00:32.3543431Z 
2025-06-25T03:00:32.3712786Z vcpkg package management program version 2025-05-19-ece4c0f6b8fae9e94513d544c7aa753dd2c82337
2025-06-25T03:00:32.3713190Z 
2025-06-25T03:00:32.3713402Z See LICENSE.txt for license information.
2025-06-25T03:00:32.3734116Z Telemetry
2025-06-25T03:00:32.3734384Z ---------
2025-06-25T03:00:32.3735003Z vcpkg collects usage data in order to help us improve your experience.
2025-06-25T03:00:32.3735710Z The data collected by Microsoft is anonymous.
2025-06-25T03:00:32.3736900Z You can opt-out of telemetry by re-running the bootstrap-vcpkg script with -disableMetrics,
2025-06-25T03:00:32.3737771Z passing --disable-metrics to vcpkg on the command line,
2025-06-25T03:00:32.3738478Z or by setting the VCPKG_DISABLE_METRICS environment variable.
2025-06-25T03:00:32.3738861Z 
2025-06-25T03:00:32.3739295Z Read more about vcpkg telemetry at docs/about/privacy.md
2025-06-25T03:00:32.4957599Z Fetching the Git commit id at 'D:\a\synthizer3d\synthizer3d\vcpkg' ...
2025-06-25T03:00:32.4959502Z Running command '"C:\Program Files\Git\bin\git.exe"' with args '^"rev-parse^",^"HEAD^"' in current directory 'D:\a\synthizer3d\synthizer3d\vcpkg'.
2025-06-25T03:00:32.5221908Z 8f63c9ed5897d7367a92a442a79f91721e0fd38f
2025-06-25T03:00:32.5259097Z Stored last built vcpkg commit id '8f63c9ed5897d7367a92a442a79f91721e0fd38f' in file 'D:\a\synthizer3d\synthizer3d\vcpkg\vcpkgLastBuiltCommitId'.
2025-06-25T03:00:32.5259953Z ##[endgroup]
2025-06-25T03:00:32.5260426Z ‚è± elapsed: 0.972 seconds
2025-06-25T03:00:32.5260880Z ##[group]Add to PATH vcpkg at 'D:\a\synthizer3d\synthizer3d\vcpkg'
2025-06-25T03:00:32.5263972Z ##[endgroup]
2025-06-25T03:00:32.5265225Z ‚è± elapsed: 0.000 seconds
2025-06-25T03:00:32.5266779Z ##[group]Install/Update ports using vcpkg.json
2025-06-25T03:00:32.5270059Z Running 'vcpkg install,--recurse,--clean-after-build,--x-install-root,D:/a/synthizer3d/synthizer3d/969f6665-88a2-4c98-938e-ca9259871fec/vcpkg_installed,--triplet,x64-windows' in directory 'D:\a\synthizer3d\synthizer3d' ...
2025-06-25T03:00:32.5272594Z Running command '"D:\a\synthizer3d\synthizer3d\vcpkg\vcpkg.exe"' with args '^"install^",^"--recurse^",^"--clean-after-build^",^"--x-install-root^",^"D:/a/synthizer3d/synthizer3d/969f6665-88a2-4c98-938e-ca9259871fec/vcpkg_installed^",^"--triplet^",^"x64-windows^"' in current directory 'D:\a\synthizer3d\synthizer3d'.
2025-06-25T03:00:32.5460975Z warning: The vcpkg D:\a\synthizer3d\synthizer3d\vcpkg\vcpkg.exe is using detected vcpkg root D:\a\synthizer3d\synthizer3d\vcpkg and ignoring mismatched VCPKG_ROOT environment value C:\Program Files\Microsoft Visual Studio\2022\Enterprise\VC\vcpkg. To suppress this message, unset the environment variable or use the --vcpkg-root command line switch.
2025-06-25T03:00:36.1188690Z Detecting compiler hash for triplet x64-windows...
2025-06-25T03:00:44.4288789Z Compiler found: C:/Program Files/Microsoft Visual Studio/2022/Enterprise/VC/Tools/MSVC/14.43.34808/bin/Hostx64/x64/cl.exe
2025-06-25T03:00:44.4427767Z The following packages will be built and installed:
2025-06-25T03:00:44.4428341Z   * atl:x64-windows@0
2025-06-25T03:00:44.4428719Z   * atlmfc:x64-windows@0#3
2025-06-25T03:00:44.4429137Z     faad2:x64-windows@2.11.1
2025-06-25T03:00:44.4429798Z     libogg:x64-windows@1.3.5#2
2025-06-25T03:00:44.4430269Z     libvorbis:x64-windows@1.3.7#4
2025-06-25T03:00:44.4430706Z     opus:x64-windows@1.5.2
2025-06-25T03:00:44.4431142Z     opusfile:x64-windows@0.12+20221121#1
2025-06-25T03:00:44.4431632Z     soundtouch:x64-windows@2.3.3
2025-06-25T03:00:44.4432121Z   * vcpkg-cmake:x64-windows@2024-04-23
2025-06-25T03:00:44.4432650Z   * vcpkg-cmake-config:x64-windows@2024-05-23
2025-06-25T03:00:44.4433407Z Additional packages (*) will be modified to complete this operation.
2025-06-25T03:00:44.4445280Z %VCPKG_BINARY_SOURCES%: warning: The 'x-gha' binary caching backend has been removed. Consider using a NuGet-based binary caching provider instead, see extended documentation at https://learn.microsoft.com/vcpkg/users/binarycaching?WT.mc_id=vcpkg_inproduct_cli.
2025-06-25T03:00:44.4446304Z   on expression: clear;x-gha,readwrite
2025-06-25T03:00:44.4446603Z                                       ^
2025-06-25T03:00:44.4446959Z Installing 1/10 vcpkg-cmake:x64-windows@2024-04-23...
2025-06-25T03:00:44.4447310Z Building vcpkg-cmake:x64-windows@2024-04-23...
2025-06-25T03:00:44.4723197Z -- Installing: D:/a/synthizer3d/synthizer3d/vcpkg/packages/vcpkg-cmake_x64-windows/share/vcpkg-cmake/vcpkg_cmake_configure.cmake
2025-06-25T03:00:44.4730992Z -- Installing: D:/a/synthizer3d/synthizer3d/vcpkg/packages/vcpkg-cmake_x64-windows/share/vcpkg-cmake/vcpkg_cmake_build.cmake
2025-06-25T03:00:44.4732951Z -- Installing: D:/a/synthizer3d/synthizer3d/vcpkg/packages/vcpkg-cmake_x64-windows/share/vcpkg-cmake/vcpkg_cmake_install.cmake
2025-06-25T03:00:44.4737889Z -- Installing: D:/a/synthizer3d/synthizer3d/vcpkg/packages/vcpkg-cmake_x64-windows/share/vcpkg-cmake/vcpkg-port-config.cmake
2025-06-25T03:00:44.4750974Z -- Installing: D:/a/synthizer3d/synthizer3d/vcpkg/packages/vcpkg-cmake_x64-windows/share/vcpkg-cmake/copyright
2025-06-25T03:00:44.4781691Z -- Performing post-build validation
2025-06-25T03:00:44.4834939Z Elapsed time to handle vcpkg-cmake:x64-windows: 40.6 ms
2025-06-25T03:00:44.4836060Z vcpkg-cmake:x64-windows package ABI: a500b93f9e0b831ca946128005613d551eeb943040c8f073dc3184f7e15c9834
2025-06-25T03:00:44.4842236Z Installing 2/10 faad2:x64-windows@2.11.1...
2025-06-25T03:00:44.4842680Z Building faad2:x64-windows@2.11.1...
2025-06-25T03:00:44.5217966Z Downloading https://github.com/knik0/faad2/archive/2.11.1.tar.gz -> knik0-faad2-2.11.1.tar.gz
2025-06-25T03:00:44.6709342Z Successfully downloaded knik0-faad2-2.11.1.tar.gz
2025-06-25T03:00:44.6761507Z -- Extracting source D:/a/synthizer3d/synthizer3d/vcpkg/downloads/knik0-faad2-2.11.1.tar.gz
2025-06-25T03:00:45.0955253Z -- Applying patch fix-install.patch
2025-06-25T03:00:45.1169732Z -- Using source at D:/a/synthizer3d/synthizer3d/vcpkg/buildtrees/faad2/src/2.11.1-55f3ec09c2.clean
2025-06-25T03:00:45.1268958Z -- Found external ninja('1.12.1').
2025-06-25T03:00:45.1301356Z -- Configuring x64-windows
2025-06-25T03:00:48.1711861Z -- Building x64-windows-dbg
2025-06-25T03:00:53.2509892Z -- Building x64-windows-rel
2025-06-25T03:01:01.8762857Z -- Fixing pkgconfig file: D:/a/synthizer3d/synthizer3d/vcpkg/packages/faad2_x64-windows/lib/pkgconfig/faad2.pc
2025-06-25T03:01:01.8951305Z Downloading msys2-mingw-w64-x86_64-pkgconf-1~2.3.0-1-any.pkg.tar.zst, trying https://mirror.msys2.org/mingw/mingw64/mingw-w64-x86_64-pkgconf-1~2.3.0-1-any.pkg.tar.zst
2025-06-25T03:01:02.5949835Z Successfully downloaded msys2-mingw-w64-x86_64-pkgconf-1~2.3.0-1-any.pkg.tar.zst
2025-06-25T03:01:02.6074096Z Downloading msys2-msys2-runtime-3.5.4-2-x86_64.pkg.tar.zst, trying https://mirror.msys2.org/msys/x86_64/msys2-runtime-3.5.4-2-x86_64.pkg.tar.zst
2025-06-25T03:01:03.3430128Z Successfully downloaded msys2-msys2-runtime-3.5.4-2-x86_64.pkg.tar.zst
2025-06-25T03:01:03.4819446Z -- Using msys root at D:/a/synthizer3d/synthizer3d/vcpkg/downloads/tools/msys2/21caed2f81ec917b
2025-06-25T03:01:03.4912571Z -- Fixing pkgconfig file: D:/a/synthizer3d/synthizer3d/vcpkg/packages/faad2_x64-windows/debug/lib/pkgconfig/faad2.pc
2025-06-25T03:01:05.2598874Z -- Installing: D:/a/synthizer3d/synthizer3d/vcpkg/packages/faad2_x64-windows/share/faad2/copyright
2025-06-25T03:01:05.2656865Z -- Performing post-build validation
2025-06-25T03:01:05.3008903Z Elapsed time to handle faad2:x64-windows: 21 s
2025-06-25T03:01:05.3009971Z faad2:x64-windows package ABI: d0e0b3f1120c22375e89be124e74dd66dc96b0e8414e88407cf8a3d23c35740f
2025-06-25T03:01:05.3010961Z Installing 3/10 vcpkg-cmake-config:x64-windows@2024-05-23...
2025-06-25T03:01:05.3015405Z Building vcpkg-cmake-config:x64-windows@2024-05-23...
2025-06-25T03:01:05.3303985Z -- Installing: D:/a/synthizer3d/synthizer3d/vcpkg/packages/vcpkg-cmake-config_x64-windows/share/vcpkg-cmake-config/vcpkg_cmake_config_fixup.cmake
2025-06-25T03:01:05.3313555Z -- Installing: D:/a/synthizer3d/synthizer3d/vcpkg/packages/vcpkg-cmake-config_x64-windows/share/vcpkg-cmake-config/vcpkg-port-config.cmake
2025-06-25T03:01:05.3322461Z -- Installing: D:/a/synthizer3d/synthizer3d/vcpkg/packages/vcpkg-cmake-config_x64-windows/share/vcpkg-cmake-config/copyright
2025-06-25T03:01:05.3356966Z -- Skipping post-build validation due to VCPKG_POLICY_EMPTY_PACKAGE
2025-06-25T03:01:05.3384430Z Elapsed time to handle vcpkg-cmake-config:x64-windows: 37.4 ms
2025-06-25T03:01:05.3385917Z vcpkg-cmake-config:x64-windows package ABI: 842797583f0500a3cabbedf03fb083636fe11e4fd3fd19d9a475485e484445fb
2025-06-25T03:01:05.3387098Z Installing 4/10 libogg:x64-windows@1.3.5#2...
2025-06-25T03:01:05.3390689Z Building libogg:x64-windows@1.3.5#2...
2025-06-25T03:01:05.3766739Z Downloading https://gitlab.xiph.org/xiph/ogg/-/archive/v1.3.5/ogg-v1.3.5.tar.gz -> xiph-ogg-v1.3.5.tar.gz
2025-06-25T03:01:06.3990704Z Successfully downloaded xiph-ogg-v1.3.5.tar.gz
2025-06-25T03:01:06.4029298Z -- Extracting source D:/a/synthizer3d/synthizer3d/vcpkg/downloads/xiph-ogg-v1.3.5.tar.gz
2025-06-25T03:01:06.5346998Z -- Using source at D:/a/synthizer3d/synthizer3d/vcpkg/buildtrees/libogg/src/v1.3.5-1a4243fef9.clean
2025-06-25T03:01:06.5458036Z -- Found external ninja('1.12.1').
2025-06-25T03:01:06.5495499Z -- Configuring x64-windows
2025-06-25T03:01:12.6957542Z -- Building x64-windows-dbg
2025-06-25T03:01:12.9789397Z -- Building x64-windows-rel
2025-06-25T03:01:13.3277875Z -- Fixing pkgconfig file: D:/a/synthizer3d/synthizer3d/vcpkg/packages/libogg_x64-windows/lib/pkgconfig/ogg.pc
2025-06-25T03:01:13.3465386Z Downloading msys2-mingw-w64-x86_64-pkgconf-1~2.3.0-1-any.pkg.tar.zst, trying https://mirror.msys2.org/mingw/mingw64/mingw-w64-x86_64-pkgconf-1~2.3.0-1-any.pkg.tar.zst
2025-06-25T03:01:13.9121050Z Successfully downloaded msys2-mingw-w64-x86_64-pkgconf-1~2.3.0-1-any.pkg.tar.zst
2025-06-25T03:01:13.9237842Z Downloading msys2-msys2-runtime-3.5.4-2-x86_64.pkg.tar.zst, trying https://mirror.msys2.org/msys/x86_64/msys2-runtime-3.5.4-2-x86_64.pkg.tar.zst
2025-06-25T03:01:14.6169148Z Successfully downloaded msys2-msys2-runtime-3.5.4-2-x86_64.pkg.tar.zst
2025-06-25T03:01:14.6196612Z -- Using msys root at D:/a/synthizer3d/synthizer3d/vcpkg/downloads/tools/msys2/21caed2f81ec917b
2025-06-25T03:01:14.6265922Z -- Fixing pkgconfig file: D:/a/synthizer3d/synthizer3d/vcpkg/packages/libogg_x64-windows/debug/lib/pkgconfig/ogg.pc
2025-06-25T03:01:14.6330646Z -- Installing: D:/a/synthizer3d/synthizer3d/vcpkg/packages/libogg_x64-windows/share/libogg/copyright
2025-06-25T03:01:14.6382835Z -- Performing post-build validation
2025-06-25T03:01:14.6585347Z Elapsed time to handle libogg:x64-windows: 9.3 s
2025-06-25T03:01:14.6586394Z libogg:x64-windows package ABI: a0557943a3eb3893da4fede0807e4138b3f8e9736e60b3498faf762055851b8f
2025-06-25T03:01:14.6590797Z Installing 5/10 libvorbis:x64-windows@1.3.7#4...
2025-06-25T03:01:14.6591414Z Building libvorbis:x64-windows@1.3.7#4...
2025-06-25T03:01:14.6967521Z Downloading https://github.com/xiph/vorbis/archive/v1.3.7.tar.gz -> xiph-vorbis-v1.3.7.tar.gz
2025-06-25T03:01:14.8643256Z Successfully downloaded xiph-vorbis-v1.3.7.tar.gz
2025-06-25T03:01:14.8711750Z -- Extracting source D:/a/synthizer3d/synthizer3d/vcpkg/downloads/xiph-vorbis-v1.3.7.tar.gz
2025-06-25T03:01:15.0601543Z -- Applying patch 0001-Dont-export-vorbisenc-functions.patch
2025-06-25T03:01:15.0813131Z -- Applying patch 0002-Fixup-pkgconfig-libs.patch
2025-06-25T03:01:15.1006799Z -- Applying patch 0003-def-mingw-compat.patch
2025-06-25T03:01:15.1196140Z -- Applying patch 0004-ogg-find-dependency.patch
2025-06-25T03:01:15.1396070Z -- Using source at D:/a/synthizer3d/synthizer3d/vcpkg/buildtrees/libvorbis/src/v1.3.7-c32164610e.clean
2025-06-25T03:01:15.1502486Z -- Found external ninja('1.12.1').
2025-06-25T03:01:15.1556066Z -- Configuring x64-windows
2025-06-25T03:01:16.7272053Z -- Building x64-windows-dbg
2025-06-25T03:01:17.9054435Z -- Building x64-windows-rel
2025-06-25T03:01:20.3557937Z -- Fixing pkgconfig file: D:/a/synthizer3d/synthizer3d/vcpkg/packages/libvorbis_x64-windows/lib/pkgconfig/vorbis.pc
2025-06-25T03:01:20.3564353Z -- Fixing pkgconfig file: D:/a/synthizer3d/synthizer3d/vcpkg/packages/libvorbis_x64-windows/lib/pkgconfig/vorbisenc.pc
2025-06-25T03:01:20.3570868Z -- Fixing pkgconfig file: D:/a/synthizer3d/synthizer3d/vcpkg/packages/libvorbis_x64-windows/lib/pkgconfig/vorbisfile.pc
2025-06-25T03:01:20.3761385Z Downloading msys2-mingw-w64-x86_64-pkgconf-1~2.3.0-1-any.pkg.tar.zst, trying https://mirror.msys2.org/mingw/mingw64/mingw-w64-x86_64-pkgconf-1~2.3.0-1-any.pkg.tar.zst
2025-06-25T03:01:20.9371551Z Successfully downloaded msys2-mingw-w64-x86_64-pkgconf-1~2.3.0-1-any.pkg.tar.zst
2025-06-25T03:01:20.9488140Z Downloading msys2-msys2-runtime-3.5.4-2-x86_64.pkg.tar.zst, trying https://mirror.msys2.org/msys/x86_64/msys2-runtime-3.5.4-2-x86_64.pkg.tar.zst
2025-06-25T03:01:21.6948941Z Successfully downloaded msys2-msys2-runtime-3.5.4-2-x86_64.pkg.tar.zst
2025-06-25T03:01:21.6974120Z -- Using msys root at D:/a/synthizer3d/synthizer3d/vcpkg/downloads/tools/msys2/21caed2f81ec917b
2025-06-25T03:01:21.7154402Z -- Fixing pkgconfig file: D:/a/synthizer3d/synthizer3d/vcpkg/packages/libvorbis_x64-windows/debug/lib/pkgconfig/vorbis.pc
2025-06-25T03:01:21.7160539Z -- Fixing pkgconfig file: D:/a/synthizer3d/synthizer3d/vcpkg/packages/libvorbis_x64-windows/debug/lib/pkgconfig/vorbisenc.pc
2025-06-25T03:01:21.7170694Z -- Fixing pkgconfig file: D:/a/synthizer3d/synthizer3d/vcpkg/packages/libvorbis_x64-windows/debug/lib/pkgconfig/vorbisfile.pc
2025-06-25T03:01:21.8357737Z -- Installing: D:/a/synthizer3d/synthizer3d/vcpkg/packages/libvorbis_x64-windows/share/libvorbis/usage
2025-06-25T03:01:21.8362875Z -- Installing: D:/a/synthizer3d/synthizer3d/vcpkg/packages/libvorbis_x64-windows/share/libvorbis/copyright
2025-06-25T03:01:21.8414552Z -- Performing post-build validation
2025-06-25T03:01:21.8829115Z Elapsed time to handle libvorbis:x64-windows: 7.2 s
2025-06-25T03:01:21.8831097Z libvorbis:x64-windows package ABI: d90efec2c9090f56a4508a9a4435f94eb42aca93d2a98ecfbdc3a996d623c61c
2025-06-25T03:01:21.8832034Z Installing 6/10 opus:x64-windows@1.5.2...
2025-06-25T03:01:21.8833585Z Building opus:x64-windows@1.5.2...
2025-06-25T03:01:21.9214406Z Downloading https://github.com/xiph/opus/archive/v1.5.2.tar.gz -> xiph-opus-v1.5.2.tar.gz
2025-06-25T03:01:22.0570417Z Successfully downloaded xiph-opus-v1.5.2.tar.gz
2025-06-25T03:01:22.0750042Z -- Extracting source D:/a/synthizer3d/synthizer3d/vcpkg/downloads/xiph-opus-v1.5.2.tar.gz
2025-06-25T03:01:22.3340961Z -- Applying patch fix-pkgconfig-version.patch
2025-06-25T03:01:22.3552523Z -- Using source at D:/a/synthizer3d/synthizer3d/vcpkg/buildtrees/opus/src/v1.5.2-81ed242155.clean
2025-06-25T03:01:22.3668160Z -- Found external ninja('1.12.1').
2025-06-25T03:01:22.3701773Z -- Configuring x64-windows
2025-06-25T03:01:27.1710813Z -- Building x64-windows-dbg
2025-06-25T03:01:32.2152802Z -- Building x64-windows-rel
2025-06-25T03:01:40.1709264Z -- Fixing pkgconfig file: D:/a/synthizer3d/synthizer3d/vcpkg/packages/opus_x64-windows/lib/pkgconfig/opus.pc
2025-06-25T03:01:40.1927637Z Downloading msys2-mingw-w64-x86_64-pkgconf-1~2.3.0-1-any.pkg.tar.zst, trying https://mirror.msys2.org/mingw/mingw64/mingw-w64-x86_64-pkgconf-1~2.3.0-1-any.pkg.tar.zst
2025-06-25T03:01:40.7651361Z Successfully downloaded msys2-mingw-w64-x86_64-pkgconf-1~2.3.0-1-any.pkg.tar.zst
2025-06-25T03:01:40.7769892Z Downloading msys2-msys2-runtime-3.5.4-2-x86_64.pkg.tar.zst, trying https://mirror.msys2.org/msys/x86_64/msys2-runtime-3.5.4-2-x86_64.pkg.tar.zst
2025-06-25T03:01:41.5407506Z Successfully downloaded msys2-msys2-runtime-3.5.4-2-x86_64.pkg.tar.zst
2025-06-25T03:01:41.5433330Z -- Using msys root at D:/a/synthizer3d/synthizer3d/vcpkg/downloads/tools/msys2/21caed2f81ec917b
2025-06-25T03:01:41.5530061Z -- Fixing pkgconfig file: D:/a/synthizer3d/synthizer3d/vcpkg/packages/opus_x64-windows/debug/lib/pkgconfig/opus.pc
2025-06-25T03:01:41.5611233Z -- Installing: D:/a/synthizer3d/synthizer3d/vcpkg/packages/opus_x64-windows/share/opus/copyright
2025-06-25T03:01:41.5665871Z -- Performing post-build validation
2025-06-25T03:01:41.6272213Z Elapsed time to handle opus:x64-windows: 20 s
2025-06-25T03:01:41.6273272Z opus:x64-windows package ABI: 85472ea35b34b5b2cb87ab8fa93a3b878862ba2c74d619b262819f1046f3d06f
2025-06-25T03:01:41.6277639Z Installing 7/10 opusfile:x64-windows@0.12+20221121#1...
2025-06-25T03:01:41.6278296Z Building opusfile:x64-windows@0.12+20221121#1...
2025-06-25T03:01:41.6573997Z -- Note: opusfile only supports static library linkage. Building static library.
2025-06-25T03:01:41.6663093Z Downloading https://github.com/xiph/opusfile/archive/9d718345ce03b2fad5d7d28e0bcd1cc69ab2b166.tar.gz -> xiph-opusfile-9d718345ce03b2fad5d7d28e0bcd1cc69ab2b166.tar.gz
2025-06-25T03:01:41.8494263Z Successfully downloaded xiph-opusfile-9d718345ce03b2fad5d7d28e0bcd1cc69ab2b166.tar.gz
2025-06-25T03:01:41.8523983Z -- Extracting source D:/a/synthizer3d/synthizer3d/vcpkg/downloads/xiph-opusfile-9d718345ce03b2fad5d7d28e0bcd1cc69ab2b166.tar.gz
2025-06-25T03:01:41.9904796Z -- Using source at D:/a/synthizer3d/synthizer3d/vcpkg/buildtrees/opusfile/src/c69ab2b166-6cc7de23ec.clean
2025-06-25T03:01:42.0020892Z -- Found external ninja('1.12.1').
2025-06-25T03:01:42.0061378Z -- Configuring x64-windows
2025-06-25T03:01:43.2405758Z -- Building x64-windows-dbg
2025-06-25T03:01:43.4957193Z -- Building x64-windows-rel
2025-06-25T03:01:43.9869903Z -- Fixing pkgconfig file: D:/a/synthizer3d/synthizer3d/vcpkg/packages/opusfile_x64-windows/lib/pkgconfig/opusfile.pc
2025-06-25T03:01:44.0060325Z Downloading msys2-mingw-w64-x86_64-pkgconf-1~2.3.0-1-any.pkg.tar.zst, trying https://mirror.msys2.org/mingw/mingw64/mingw-w64-x86_64-pkgconf-1~2.3.0-1-any.pkg.tar.zst
2025-06-25T03:01:44.5758486Z Successfully downloaded msys2-mingw-w64-x86_64-pkgconf-1~2.3.0-1-any.pkg.tar.zst
2025-06-25T03:01:44.5883373Z Downloading msys2-msys2-runtime-3.5.4-2-x86_64.pkg.tar.zst, trying https://mirror.msys2.org/msys/x86_64/msys2-runtime-3.5.4-2-x86_64.pkg.tar.zst
2025-06-25T03:01:45.2850222Z Successfully downloaded msys2-msys2-runtime-3.5.4-2-x86_64.pkg.tar.zst
2025-06-25T03:01:45.2878304Z -- Using msys root at D:/a/synthizer3d/synthizer3d/vcpkg/downloads/tools/msys2/21caed2f81ec917b
2025-06-25T03:01:45.2949697Z -- Fixing pkgconfig file: D:/a/synthizer3d/synthizer3d/vcpkg/packages/opusfile_x64-windows/debug/lib/pkgconfig/opusfile.pc
2025-06-25T03:01:45.3042232Z -- Installing: D:/a/synthizer3d/synthizer3d/vcpkg/packages/opusfile_x64-windows/share/opusfile/copyright
2025-06-25T03:01:45.3050121Z -- Installing: D:/a/synthizer3d/synthizer3d/vcpkg/packages/opusfile_x64-windows/share/opusfile/usage
2025-06-25T03:01:45.3103026Z -- Performing post-build validation
2025-06-25T03:01:45.3372887Z Elapsed time to handle opusfile:x64-windows: 3.7 s
2025-06-25T03:01:45.3374460Z opusfile:x64-windows package ABI: 393a65d651c7a2ecd7aa3929806afcb2252d03470cf3ab96d0a5a178ff8ac0ea
2025-06-25T03:01:45.3375676Z Installing 8/10 atl:x64-windows@0...
2025-06-25T03:01:45.3379526Z Building atl:x64-windows@0...
2025-06-25T03:01:45.3710733Z -- Skipping post-build validation due to VCPKG_POLICY_EMPTY_PACKAGE
2025-06-25T03:01:45.3737229Z Elapsed time to handle atl:x64-windows: 36.4 ms
2025-06-25T03:01:45.3738418Z atl:x64-windows package ABI: 00c2ec0d92501baf73b36832a4cf6267281ce78714eab01bcc631fe906883872
2025-06-25T03:01:45.3739205Z Installing 9/10 atlmfc:x64-windows@0#3...
2025-06-25T03:01:45.3739591Z Building atlmfc:x64-windows@0#3...
2025-06-25T03:01:45.4111949Z -- Skipping post-build validation due to VCPKG_POLICY_EMPTY_PACKAGE
2025-06-25T03:01:45.4139173Z Elapsed time to handle atlmfc:x64-windows: 40.2 ms
2025-06-25T03:01:45.4140462Z atlmfc:x64-windows package ABI: eb110e8ab4abe86fa37c7f0085ad4fc46ce18802f978ea90d75ed1f56bb72837
2025-06-25T03:01:45.4141391Z Installing 10/10 soundtouch:x64-windows@2.3.3...
2025-06-25T03:01:45.4143862Z Building soundtouch:x64-windows@2.3.3...
2025-06-25T03:01:45.4523246Z Downloading https://codeberg.org/soundtouch/soundtouch/archive/2.3.3.tar.gz -> soundtouch-soundtouch-2.3.3.tar.gz
2025-06-25T03:01:46.5469831Z Successfully downloaded soundtouch-soundtouch-2.3.3.tar.gz
2025-06-25T03:01:46.5516947Z -- Extracting source D:/a/synthizer3d/synthizer3d/vcpkg/downloads/soundtouch-soundtouch-2.3.3.tar.gz
2025-06-25T03:01:46.7024069Z -- Using source at D:/a/synthizer3d/synthizer3d/vcpkg/buildtrees/soundtouch/src/2.3.3-309213044d.clean
2025-06-25T03:01:46.7134167Z -- Found external ninja('1.12.1').
2025-06-25T03:01:46.7173543Z -- Configuring x64-windows
2025-06-25T03:01:48.1550815Z -- Building x64-windows-dbg
2025-06-25T03:01:50.5963086Z -- Building x64-windows-rel
2025-06-25T03:01:52.7086153Z -- Fixing pkgconfig file: D:/a/synthizer3d/synthizer3d/vcpkg/packages/soundtouch_x64-windows/lib/pkgconfig/soundtouch.pc
2025-06-25T03:01:52.7295205Z Downloading msys2-mingw-w64-x86_64-pkgconf-1~2.3.0-1-any.pkg.tar.zst, trying https://mirror.msys2.org/mingw/mingw64/mingw-w64-x86_64-pkgconf-1~2.3.0-1-any.pkg.tar.zst
2025-06-25T03:01:53.2929850Z Successfully downloaded msys2-mingw-w64-x86_64-pkgconf-1~2.3.0-1-any.pkg.tar.zst
2025-06-25T03:01:53.3047553Z Downloading msys2-msys2-runtime-3.5.4-2-x86_64.pkg.tar.zst, trying https://mirror.msys2.org/msys/x86_64/msys2-runtime-3.5.4-2-x86_64.pkg.tar.zst
2025-06-25T03:01:54.0064713Z Successfully downloaded msys2-msys2-runtime-3.5.4-2-x86_64.pkg.tar.zst
2025-06-25T03:01:54.0092041Z -- Using msys root at D:/a/synthizer3d/synthizer3d/vcpkg/downloads/tools/msys2/21caed2f81ec917b
2025-06-25T03:01:54.0160288Z -- Fixing pkgconfig file: D:/a/synthizer3d/synthizer3d/vcpkg/packages/soundtouch_x64-windows/debug/lib/pkgconfig/soundtouch.pc
2025-06-25T03:01:54.0583897Z -- Installing: D:/a/synthizer3d/synthizer3d/vcpkg/packages/soundtouch_x64-windows/share/soundtouch/copyright
2025-06-25T03:01:54.0644514Z -- Performing post-build validation
2025-06-25T03:01:54.0886423Z Elapsed time to handle soundtouch:x64-windows: 8.7 s
2025-06-25T03:01:54.0887562Z soundtouch:x64-windows package ABI: cba299c175d42d095d98a381b7b4aa62179cb526de49043c0d1fb0751d841aaf
2025-06-25T03:01:54.0906099Z faad2 provides pkg-config modules:
2025-06-25T03:01:54.0906467Z 
2025-06-25T03:01:54.0906809Z   # Freeware Advanced Audio (AAC) Decoder
2025-06-25T03:01:54.0907406Z   faad2
2025-06-25T03:01:54.0907663Z 
2025-06-25T03:01:54.0913679Z libogg provides CMake targets:
2025-06-25T03:01:54.0914428Z 
2025-06-25T03:01:54.0915150Z   # this is heuristically generated, and may not be correct
2025-06-25T03:01:54.0915843Z   find_package(Ogg CONFIG REQUIRED)
2025-06-25T03:01:54.0916508Z   target_link_libraries(main PRIVATE Ogg::ogg)
2025-06-25T03:01:54.0918059Z 
2025-06-25T03:01:54.0918429Z libogg provides pkg-config modules:
2025-06-25T03:01:54.0918743Z 
2025-06-25T03:01:54.0919071Z   # ogg is a library for manipulating ogg bitstreams
2025-06-25T03:01:54.0919918Z   ogg
2025-06-25T03:01:54.0920185Z 
2025-06-25T03:01:54.0920521Z The package libvorbis provides CMake targets:
2025-06-25T03:01:54.0920899Z 
2025-06-25T03:01:54.0921337Z     # Vorbis reference encoder and decoder, low-level API
2025-06-25T03:01:54.0921998Z     find_package(Vorbis CONFIG REQUIRED)
2025-06-25T03:01:54.0922746Z     target_link_libraries(main PRIVATE Vorbis::vorbis)
2025-06-25T03:01:54.0923170Z 
2025-06-25T03:01:54.0923852Z     # Audio stream decoding and basic manipulation, high-level API
2025-06-25T03:01:54.0924555Z     find_package(Vorbis CONFIG REQUIRED)
2025-06-25T03:01:54.0925277Z     target_link_libraries(main PRIVATE Vorbis::vorbisfile)
2025-06-25T03:01:54.0925943Z 
2025-06-25T03:01:54.0926360Z     # Convenience API for setting up an encoding environment
2025-06-25T03:01:54.0927078Z     find_package(Vorbis CONFIG REQUIRED)
2025-06-25T03:01:54.0942634Z     target_link_libraries(main PRIVATE Vorbis::vorbisenc)
2025-06-25T03:01:54.0943026Z 
2025-06-25T03:01:54.0943256Z opus provides CMake targets:
2025-06-25T03:01:54.0943502Z 
2025-06-25T03:01:54.0943849Z   # this is heuristically generated, and may not be correct
2025-06-25T03:01:54.0944410Z   find_package(Opus CONFIG REQUIRED)
2025-06-25T03:01:54.0944926Z   target_link_libraries(main PRIVATE Opus::opus)
2025-06-25T03:01:54.0945473Z 
2025-06-25T03:01:54.0945644Z opus provides pkg-config modules:
2025-06-25T03:01:54.0945808Z 
2025-06-25T03:01:54.0945956Z   # Opus IETF audio codec ( build)
2025-06-25T03:01:54.0946164Z   opus
2025-06-25T03:01:54.0946246Z 
2025-06-25T03:01:54.0946468Z The package opusfile provides CMake targets:
2025-06-25T03:01:54.0946754Z 
2025-06-25T03:01:54.0947010Z     find_package(OpusFile CONFIG REQUIRED)
2025-06-25T03:01:54.0948161Z     target_link_libraries(main PRIVATE OpusFile::opusfile)
2025-06-25T03:01:54.0948547Z 
2025-06-25T03:01:54.0948751Z     # To use the opusurl API
2025-06-25T03:01:54.0949303Z     target_link_libraries(main PRIVATE OpusFile::opusurl)
2025-06-25T03:01:54.0949627Z 
2025-06-25T03:01:54.0950091Z soundtouch provides CMake targets:
2025-06-25T03:01:54.0950577Z 
2025-06-25T03:01:54.0950939Z   # this is heuristically generated, and may not be correct
2025-06-25T03:01:54.0951594Z   find_package(SoundTouch CONFIG REQUIRED)
2025-06-25T03:01:54.0952833Z   target_link_libraries(main PRIVATE SoundTouch::SoundTouch)
2025-06-25T03:01:54.0953204Z 
2025-06-25T03:01:54.0953453Z soundtouch provides pkg-config modules:
2025-06-25T03:01:54.0953765Z 
2025-06-25T03:01:54.0954636Z   # SoundTouch is an open-source audio processing library for changing the Tempo, Pitch and Playback Rates of audio streams or files
2025-06-25T03:01:54.0955816Z   soundtouch
2025-06-25T03:01:54.0955996Z 
2025-06-25T03:01:54.0956401Z All requested installations completed successfully in: 1.2 min
2025-06-25T03:01:54.0958313Z ##[endgroup]
2025-06-25T03:01:54.0958990Z ‚è± elapsed: 81.569 seconds
2025-06-25T03:01:54.0959574Z ##[group]Set output environment variables
2025-06-25T03:01:54.0960821Z Set the workflow environment variable 'RUNVCPKG_VCPKG_ROOT' to value 'D:\a\synthizer3d\synthizer3d\vcpkg'
2025-06-25T03:01:54.0964778Z Set the workflow environment variable 'VCPKG_ROOT' to value 'D:\a\synthizer3d\synthizer3d\vcpkg'
2025-06-25T03:01:54.0968222Z Set the step output variable 'RUNVCPKG_VCPKG_ROOT_OUT' to value 'D:\a\synthizer3d\synthizer3d\vcpkg''
2025-06-25T03:01:54.0972246Z Set the workflow environment variable 'VCPKG_DEFAULT_TRIPLET' to value 'x64-windows'
2025-06-25T03:01:54.0975636Z Set the step output variable 'RUNVCPKG_VCPKG_DEFAULT_TRIPLET_OUT' to value 'x64-windows''
2025-06-25T03:01:54.0978300Z ##[endgroup]
2025-06-25T03:01:54.0978969Z ‚è± elapsed: 0.002 seconds
2025-06-25T03:01:54.0982997Z run-vcpkg action execution succeeded
2025-06-25T03:01:54.1167565Z ##[group]Run Write-Host "VCPKG_ROOT (tool directory from lukka/run-vcpkg) is $env:VCPKG_ROOT"
2025-06-25T03:01:54.1168237Z [36;1mWrite-Host "VCPKG_ROOT (tool directory from lukka/run-vcpkg) is $env:VCPKG_ROOT"[0m
2025-06-25T03:01:54.1168708Z [36;1mWrite-Host "VCPKG_DEFAULT_TRIPLET is $env:VCPKG_DEFAULT_TRIPLET"[0m
2025-06-25T03:01:54.1169100Z [36;1mWrite-Host "GITHUB_WORKSPACE is $env:GITHUB_WORKSPACE"[0m
2025-06-25T03:01:54.1169697Z [36;1mWrite-Host "Initial EFFECTIVE_VCPKG_INSTALLED_DIR_BASE (from job env, target for manifest install) is $env:EFFECTIVE_VCPKG_INSTALLED_DIR_BASE"[0m
2025-06-25T03:01:54.1170201Z [36;1m[0m
2025-06-25T03:01:54.1170368Z [36;1mif (-not $env:VCPKG_ROOT) {[0m
2025-06-25T03:01:54.1170736Z [36;1m  Write-Error "VCPKG_ROOT not set. This should be set by the lukka/run-vcpkg action."[0m
2025-06-25T03:01:54.1171076Z [36;1m  exit 1[0m
2025-06-25T03:01:54.1171228Z [36;1m}[0m
2025-06-25T03:01:54.1171368Z [36;1m[0m
2025-06-25T03:01:54.1171668Z [36;1m# Esegui vcpkg install. Se vcpkg.json √® in $env:GITHUB_WORKSPACE (CWD),[0m
2025-06-25T03:01:54.1172163Z [36;1m# installer√† in $env:GITHUB_WORKSPACE/vcpkg_installed/$env:VCPKG_DEFAULT_TRIPLET[0m
2025-06-25T03:01:54.1172707Z [36;1m# che corrisponde a $env:EFFECTIVE_VCPKG_INSTALLED_DIR_BASE/$env:VCPKG_DEFAULT_TRIPLET[0m
2025-06-25T03:01:54.1173221Z [36;1m# La CurrentWorkingDirectory per gli script eseguiti da 'run:' √® $GITHUB_WORKSPACE.[0m
2025-06-25T03:01:54.1173704Z [36;1m& "$env:VCPKG_ROOT\vcpkg.exe" install --triplet $env:VCPKG_DEFAULT_TRIPLET[0m
2025-06-25T03:01:54.1174073Z [36;1mWrite-Host "Finished vcpkg install command."[0m
2025-06-25T03:01:54.1174316Z [36;1m[0m
2025-06-25T03:01:54.1174614Z [36;1m# CMAKE_PREFIX_PATH deve puntare a dove vcpkg ha effettivamente installato i pacchetti.[0m
2025-06-25T03:01:54.1175171Z [36;1m# Con la modalit√† manifest, questo √® $env:EFFECTIVE_VCPKG_INSTALLED_DIR_BASE/$env:VCPKG_DEFAULT_TRIPLET.[0m
2025-06-25T03:01:54.1175797Z [36;1m$cmakePrefixPathValue = Join-Path $env:EFFECTIVE_VCPKG_INSTALLED_DIR_BASE $env:VCPKG_DEFAULT_TRIPLET[0m
2025-06-25T03:01:54.1176208Z [36;1m[0m
2025-06-25T03:01:54.1176507Z [36;1mWrite-Host "Verifying existence of target CMAKE_PREFIX_PATH: $cmakePrefixPathValue"[0m
2025-06-25T03:01:54.1176975Z [36;1mif (-not (Test-Path $cmakePrefixPathValue -PathType Container)) {[0m
2025-06-25T03:01:54.1177563Z [36;1m  Write-Warning "ATTENZIONE: La directory $cmakePrefixPathValue (target per CMAKE_PREFIX_PATH) NON esiste dopo vcpkg install."[0m
2025-06-25T03:01:54.1178221Z [36;1m  Write-Warning "Questo indica che vcpkg non ha installato nella posizione manifest attesa."[0m
2025-06-25T03:01:54.1178724Z [36;1m  Write-Warning "Contenuto di $env:EFFECTIVE_VCPKG_INSTALLED_DIR_BASE per debug:"[0m
2025-06-25T03:01:54.1179514Z [36;1m  Get-ChildItem -Path $env:EFFECTIVE_VCPKG_INSTALLED_DIR_BASE -ErrorAction SilentlyContinue -Depth 1 || Write-Warning "$env:EFFECTIVE_VCPKG_INSTALLED_DIR_BASE non esiste o √® vuoto."[0m
2025-06-25T03:01:54.1180156Z [36;1m  [0m
2025-06-25T03:01:54.1180441Z [36;1m  # Fallback per debug: controlla la directory di installazione classica di vcpkg[0m
2025-06-25T03:01:54.1181003Z [36;1m  $classicVcpkgInstalledPath = Join-Path (Join-Path $env:VCPKG_ROOT "installed") $env:VCPKG_DEFAULT_TRIPLET[0m
2025-06-25T03:01:54.1181675Z [36;1m  Write-Warning "Controllo del percorso di installazione classico di vcpkg per debug: $classicVcpkgInstalledPath"[0m
2025-06-25T03:01:54.1182225Z [36;1m  if(Test-Path $classicVcpkgInstalledPath -PathType Container){[0m
2025-06-25T03:01:54.1182861Z [36;1m      Write-Warning "Il percorso classico $classicVcpkgInstalledPath ESISTE. Questo √® fonte di confusione se era prevista la modalit√† manifest."[0m
2025-06-25T03:01:54.1183394Z [36;1m  } else {[0m
2025-06-25T03:01:54.1183707Z [36;1m      Write-Warning "Anche il percorso classico $classicVcpkgInstalledPath NON esiste."[0m
2025-06-25T03:01:54.1184058Z [36;1m  }[0m
2025-06-25T03:01:54.1185585Z [36;1m} else {[0m
2025-06-25T03:01:54.1185995Z [36;1m  Write-Host "Confermato: La directory target per CMAKE_PREFIX_PATH esiste: $cmakePrefixPathValue"[0m
2025-06-25T03:01:54.1186404Z [36;1m}[0m
2025-06-25T03:01:54.1186544Z [36;1m[0m
2025-06-25T03:01:54.1186913Z [36;1mecho "CMAKE_PREFIX_PATH=$cmakePrefixPathValue" | Out-File -FilePath $env:GITHUB_ENV -Encoding utf8 -Append[0m
2025-06-25T03:01:54.1187452Z [36;1mWrite-Host "CMAKE_PREFIX_PATH impostato a $cmakePrefixPathValue"[0m
2025-06-25T03:01:54.1187998Z [36;1m# EFFECTIVE_VCPKG_INSTALLED_DIR_BASE √® gi√† corretto dall'env del job, non serve aggiornarlo di nuovo in GITHUB_ENV[0m
2025-06-25T03:01:54.1188516Z [36;1m# se la nostra assunzione sulla modalit√† manifest √® corretta.[0m
2025-06-25T03:01:54.1220203Z shell: C:\Program Files\PowerShell\7\pwsh.EXE -command ". '{0}'"
2025-06-25T03:01:54.1220489Z env:
2025-06-25T03:01:54.1220633Z   PYVERSION: 3.9
2025-06-25T03:01:54.1220796Z   CI_ARCH_LOWER: x64
2025-06-25T03:01:54.1220985Z   CI_WINDOWS: 1
2025-06-25T03:01:54.1221142Z   CI_ARCH_ENV: x64
2025-06-25T03:01:54.1221311Z   VCPKG_DEFAULT_TRIPLET: x64-windows
2025-06-25T03:01:54.1221659Z   EFFECTIVE_VCPKG_INSTALLED_DIR_BASE: D:\a\synthizer3d\synthizer3d\vcpkg_installed
2025-06-25T03:01:54.1222076Z   pythonLocation: C:\hostedtoolcache\windows\Python\3.9.13\x64
2025-06-25T03:01:54.1222457Z   PKG_CONFIG_PATH: C:\hostedtoolcache\windows\Python\3.9.13\x64/lib/pkgconfig
2025-06-25T03:01:54.1222838Z   Python_ROOT_DIR: C:\hostedtoolcache\windows\Python\3.9.13\x64
2025-06-25T03:01:54.1223189Z   Python2_ROOT_DIR: C:\hostedtoolcache\windows\Python\3.9.13\x64
2025-06-25T03:01:54.1223533Z   Python3_ROOT_DIR: C:\hostedtoolcache\windows\Python\3.9.13\x64
2025-06-25T03:01:54.1223811Z   CommandPromptType: Native
2025-06-25T03:01:54.1224128Z   DevEnvDir: C:\Program Files\Microsoft Visual Studio\2022\Enterprise\Common7\IDE\
2025-06-25T03:01:54.1224588Z   ExtensionSdkDir: C:\Program Files (x86)\Microsoft SDKs\Windows Kits\10\ExtensionSDKs
2025-06-25T03:01:54.1226557Z   EXTERNAL_INCLUDE: C:\Program Files\Microsoft Visual Studio\2022\Enterprise\VC\Tools\MSVC\14.43.34808\include;C:\Program Files\Microsoft Visual Studio\2022\Enterprise\VC\Tools\MSVC\14.43.34808\ATLMFC\include;C:\Program Files\Microsoft Visual Studio\2022\Enterprise\VC\Auxiliary\VS\include;C:\Program Files (x86)\Windows Kits\10\include\10.0.26100.0\ucrt;C:\Program Files (x86)\Windows Kits\10\\include\10.0.26100.0\\um;C:\Program Files (x86)\Windows Kits\10\\include\10.0.26100.0\\shared;C:\Program Files (x86)\Windows Kits\10\\include\10.0.26100.0\\winrt;C:\Program Files (x86)\Windows Kits\10\\include\10.0.26100.0\\cppwinrt;C:\Program Files (x86)\Windows Kits\NETFXSDK\4.8\include\um
2025-06-25T03:01:54.1228392Z   Framework40Version: v4.0
2025-06-25T03:01:54.1228629Z   FrameworkDir: C:\Windows\Microsoft.NET\Framework64\
2025-06-25T03:01:54.1228933Z   FrameworkDir64: C:\Windows\Microsoft.NET\Framework64\
2025-06-25T03:01:54.1229192Z   FrameworkVersion: v4.0.30319
2025-06-25T03:01:54.1229402Z   FrameworkVersion64: v4.0.30319
2025-06-25T03:01:54.1229867Z   FSHARPINSTALLDIR: C:\Program Files\Microsoft Visual Studio\2022\Enterprise\Common7\IDE\CommonExtensions\Microsoft\FSharp\Tools
2025-06-25T03:01:54.1230387Z   HTMLHelpDir: C:\Program Files (x86)\HTML Help Workshop
2025-06-25T03:01:54.1230810Z   IFCPATH: C:\Program Files\Microsoft Visual Studio\2022\Enterprise\VC\Tools\MSVC\14.43.34808\ifc\x64
2025-06-25T03:01:54.1233299Z   INCLUDE: C:\Program Files\Microsoft Visual Studio\2022\Enterprise\VC\Tools\MSVC\14.43.34808\include;C:\Program Files\Microsoft Visual Studio\2022\Enterprise\VC\Tools\MSVC\14.43.34808\ATLMFC\include;C:\Program Files\Microsoft Visual Studio\2022\Enterprise\VC\Auxiliary\VS\include;C:\Program Files (x86)\Windows Kits\10\include\10.0.26100.0\ucrt;C:\Program Files (x86)\Windows Kits\10\\include\10.0.26100.0\\um;C:\Program Files (x86)\Windows Kits\10\\include\10.0.26100.0\\shared;C:\Program Files (x86)\Windows Kits\10\\include\10.0.26100.0\\winrt;C:\Program Files (x86)\Windows Kits\10\\include\10.0.26100.0\\cppwinrt;C:\Program Files (x86)\Windows Kits\NETFXSDK\4.8\include\um
2025-06-25T03:01:54.1235227Z   is_x64_arch: true
2025-06-25T03:01:54.1236243Z   LIB: C:\Program Files\Microsoft Visual Studio\2022\Enterprise\VC\Tools\MSVC\14.43.34808\ATLMFC\lib\x64;C:\Program Files\Microsoft Visual Studio\2022\Enterprise\VC\Tools\MSVC\14.43.34808\lib\x64;C:\Program Files (x86)\Windows Kits\NETFXSDK\4.8\lib\um\x64;C:\Program Files (x86)\Windows Kits\10\lib\10.0.26100.0\ucrt\x64;C:\Program Files (x86)\Windows Kits\10\\lib\10.0.26100.0\\um\x64
2025-06-25T03:01:54.1238427Z   LIBPATH: C:\Program Files\Microsoft Visual Studio\2022\Enterprise\VC\Tools\MSVC\14.43.34808\ATLMFC\lib\x64;C:\Program Files\Microsoft Visual Studio\2022\Enterprise\VC\Tools\MSVC\14.43.34808\lib\x64;C:\Program Files\Microsoft Visual Studio\2022\Enterprise\VC\Tools\MSVC\14.43.34808\lib\x86\store\references;C:\Program Files (x86)\Windows Kits\10\UnionMetadata\10.0.26100.0;C:\Program Files (x86)\Windows Kits\10\References\10.0.26100.0;C:\Windows\Microsoft.NET\Framework64\v4.0.30319
2025-06-25T03:01:54.1239852Z   NETFXSDKDir: C:\Program Files (x86)\Windows Kits\NETFXSDK\4.8\
2025-06-25T03:01:54.1253071Z   Path: C:\Program Files\Microsoft Visual Studio\2022\Enterprise\VC\Tools\MSVC\14.43.34808\bin\HostX64\x64;C:\Program Files\Microsoft Visual Studio\2022\Enterprise\Common7\IDE\VC\VCPackages;C:\Program Files\Microsoft Visual Studio\2022\Enterprise\Common7\IDE\CommonExtensions\Microsoft\TestWindow;C:\Program Files\Microsoft Visual Studio\2022\Enterprise\Common7\IDE\CommonExtensions\Microsoft\TeamFoundation\Team Explorer;C:\Program Files\Microsoft Visual Studio\2022\Enterprise\MSBuild\Current\bin\Roslyn;C:\Program Files (x86)\Microsoft SDKs\Windows\v10.0A\bin\NETFX 4.8 Tools\x64\;C:\Program Files (x86)\HTML Help Workshop;C:\Program Files\Microsoft Visual Studio\2022\Enterprise\Common7\IDE\CommonExtensions\Microsoft\FSharp\Tools;C:\Program Files\Microsoft Visual Studio\2022\Enterprise\Team Tools\DiagnosticsHub\Collector;C:\Program Files\Microsoft Visual Studio\2022\Enterprise\Common7\IDE\Extensions\Microsoft\CodeCoverage.Console;C:\Program Files (x86)\Windows Kits\10\bin\10.0.26100.0\\x64;C:\Program Files (x86)\Windows Kits\10\bin\\x64;C:\Program Files\Microsoft Visual Studio\2022\Enterprise\\MSBuild\Current\Bin\amd64;C:\Windows\Microsoft.NET\Framework64\v4.0.30319;C:\Program Files\Microsoft Visual Studio\2022\Enterprise\Common7\IDE\;C:\Program Files\Microsoft Visual Studio\2022\Enterprise\Common7\Tools\;C:\Users\runneradmin\AppData\Roaming\Python\Python39\Scripts;C:\hostedtoolcache\windows\Python\3.9.13\x64\Scripts;C:\hostedtoolcache\windows\Python\3.9.13\x64;C:\Program Files\MongoDB\Server\5.0\bin;C:\aliyun-cli;C:\vcpkg;C:\Program Files (x86)\NSIS\;C:\tools\zstd;C:\Program Files\Mercurial\;C:\hostedtoolcache\windows\stack\3.5.1\x64;C:\cabal\bin;C:\\ghcup\bin;C:\mingw64\bin;C:\Program Files\dotnet;C:\Program Files\MySQL\MySQL Server 8.0\bin;C:\Program Files\R\R-4.4.2\bin\x64;C:\SeleniumWebDrivers\GeckoDriver;C:\SeleniumWebDrivers\EdgeDriver\;C:\SeleniumWebDrivers\ChromeDriver;C:\Program Files (x86)\sbt\bin;C:\Program Files (x86)\GitHub CLI;C:\Program Files\Git\bin;C:\Program Files (x86)\pipx_bin;C:\npm\prefix;C:\hostedtoolcache\windows\go\1.24.3\x64\bin;C:\hostedtoolcache\windows\Ruby\3.3.8\x64\bin;C:\Program Files\OpenSSL\bin;C:\tools\kotlinc\bin;C:\hostedtoolcache\windows\Java_Temurin-Hotspot_jdk\8.0.452-9\x64\bin;C:\Program Files\ImageMagick-7.1.1-Q16-HDRI;C:\Program Files\Microsoft SDKs\Azure\CLI2\wbin;C:\ProgramData\kind;C:\ProgramData\Chocolatey\bin;C:\Windows\system32;C:\Windows;C:\Windows\System32\Wbem;C:\Windows\System32\WindowsPowerShell\v1.0\;C:\Windows\System32\OpenSSH\;C:\Program Files\dotnet\;C:\Program Files\PowerShell\7\;C:\Program Files\Microsoft\Web Platform Installer\;C:\Program Files\TortoiseSVN\bin;C:\Program Files\Microsoft SQL Server\Client SDK\ODBC\170\Tools\Binn\;C:\Program Files\Microsoft SQL Server\150\Tools\Binn\;C:\Program Files (x86)\Windows Kits\10\Windows Performance Toolkit\;C:\Program Files (x86)\WiX Toolset v3.14\bin;C:\Program Files\Microsoft SQL Server\130\DTS\Binn\;C:\Program Files\Microsoft SQL Server\140\DTS\Binn\;C:\Program Files\Microsoft SQL Server\150\DTS\Binn\;C:\Program Files\Microsoft SQL Server\160\DTS\Binn\;C:\Strawberry\c\bin;C:\Strawberry\perl\site\bin;C:\Strawberry\perl\bin;C:\ProgramData\chocolatey\lib\pulumi\tools\Pulumi\bin;C:\Program Files\CMake\bin;C:\ProgramData\chocolatey\lib\maven\apache-maven-3.9.9\bin;C:\Program Files\Microsoft Service Fabric\bin\Fabric\Fabric.Code;C:\Program Files\Microsoft SDKs\Service Fabric\Tools\ServiceFabricLocalClusterManager;C:\Program Files\nodejs\;C:\Program Files\Git\cmd;C:\Program Files\Git\mingw64\bin;C:\Program Files\Git\usr\bin;C:\Program Files\GitHub CLI\;c:\tools\php;C:\Program Files\Amazon\AWSCLIV2\;C:\Program Files\Amazon\SessionManagerPlugin\bin\;C:\Program Files\Amazon\AWSSAMCLI\bin\;C:\Program Files\Microsoft SQL Server\130\Tools\Binn\;C:\Program Files\LLVM\bin;C:\Users\runneradmin\.dotnet\tools;C:\Users\runneradmin\.cargo\bin;C:\Users\runneradmin\AppData\Local\Microsoft\WindowsApps;C:\Program Files (x86)\Microsoft Visual Studio\Installer;C:\Program Files\Microsoft Visual Studio\2022\Enterprise\VC\Tools\Llvm\x64\bin;C:\Program Files\Microsoft Visual Studio\2022\Enterprise\Common7\IDE\CommonExtensions\Microsoft\CMake\CMake\bin;C:\Program Files\Microsoft Visual Studio\2022\Enterprise\Common7\IDE\CommonExtensions\Microsoft\CMake\Ninja;C:\Program Files\Microsoft Visual Studio\2022\Enterprise\Common7\IDE\VC\Linux\bin\ConnectionManagerExe;C:\Program Files\Microsoft Visual Studio\2022\Enterprise\VC\vcpkg
2025-06-25T03:01:54.1265760Z   Platform: x64
2025-06-25T03:01:54.1265928Z   UCRTVersion: 10.0.26100.0
2025-06-25T03:01:54.1266188Z   UniversalCRTSdkDir: C:\Program Files (x86)\Windows Kits\10\
2025-06-25T03:01:54.1266625Z   VCIDEInstallDir: C:\Program Files\Microsoft Visual Studio\2022\Enterprise\Common7\IDE\VC\
2025-06-25T03:01:54.1267090Z   VCINSTALLDIR: C:\Program Files\Microsoft Visual Studio\2022\Enterprise\VC\
2025-06-25T03:01:54.1267444Z   VCPKG_ROOT: D:\a\synthizer3d\synthizer3d\vcpkg
2025-06-25T03:01:54.1267870Z   VCToolsInstallDir: C:\Program Files\Microsoft Visual Studio\2022\Enterprise\VC\Tools\MSVC\14.43.34808\
2025-06-25T03:01:54.1268451Z   VCToolsRedistDir: C:\Program Files\Microsoft Visual Studio\2022\Enterprise\VC\Redist\MSVC\14.42.34433\
2025-06-25T03:01:54.1268854Z   VCToolsVersion: 14.43.34808
2025-06-25T03:01:54.1269051Z   VisualStudioVersion: 17.0
2025-06-25T03:01:54.1269390Z   VS170COMNTOOLS: C:\Program Files\Microsoft Visual Studio\2022\Enterprise\Common7\Tools\
2025-06-25T03:01:54.1269752Z   VSCMD_ARG_app_plat: Desktop
2025-06-25T03:01:54.1269953Z   VSCMD_ARG_HOST_ARCH: x64
2025-06-25T03:01:54.1270133Z   VSCMD_ARG_TGT_ARCH: x64
2025-06-25T03:01:54.1270306Z   VSCMD_VER: 17.13.2
2025-06-25T03:01:54.1270575Z   VSINSTALLDIR: C:\Program Files\Microsoft Visual Studio\2022\Enterprise\
2025-06-25T03:01:54.1270995Z   VSSDK150INSTALL: C:\Program Files\Microsoft Visual Studio\2022\Enterprise\VSSDK
2025-06-25T03:01:54.1271436Z   VSSDKINSTALL: C:\Program Files\Microsoft Visual Studio\2022\Enterprise\VSSDK
2025-06-25T03:01:54.1272028Z   WindowsLibPath: C:\Program Files (x86)\Windows Kits\10\UnionMetadata\10.0.26100.0;C:\Program Files (x86)\Windows Kits\10\References\10.0.26100.0
2025-06-25T03:01:54.1272590Z   WindowsSdkBinPath: C:\Program Files (x86)\Windows Kits\10\bin\
2025-06-25T03:01:54.1272922Z   WindowsSdkDir: C:\Program Files (x86)\Windows Kits\10\
2025-06-25T03:01:54.1273190Z   WindowsSDKLibVersion: 10.0.26100.0\
2025-06-25T03:01:54.1273515Z   WindowsSdkVerBinPath: C:\Program Files (x86)\Windows Kits\10\bin\10.0.26100.0\
2025-06-25T03:01:54.1273851Z   WindowsSDKVersion: 10.0.26100.0\
2025-06-25T03:01:54.1274240Z   WindowsSDK_ExecutablePath_x64: C:\Program Files (x86)\Microsoft SDKs\Windows\v10.0A\bin\NETFX 4.8 Tools\x64\
2025-06-25T03:01:54.1274821Z   WindowsSDK_ExecutablePath_x86: C:\Program Files (x86)\Microsoft SDKs\Windows\v10.0A\bin\NETFX 4.8 Tools\
2025-06-25T03:01:54.1275207Z   __DOTNET_ADD_64BIT: 1
2025-06-25T03:01:54.1275519Z   __DOTNET_PREFERRED_BITNESS: 64
2025-06-25T03:01:54.1283286Z   __VSCMD_PREINIT_PATH: C:\Users\runneradmin\AppData\Roaming\Python\Python39\Scripts;C:\hostedtoolcache\windows\Python\3.9.13\x64\Scripts;C:\hostedtoolcache\windows\Python\3.9.13\x64;C:\Program Files\MongoDB\Server\5.0\bin;C:\aliyun-cli;C:\vcpkg;C:\Program Files (x86)\NSIS\;C:\tools\zstd;C:\Program Files\Mercurial\;C:\hostedtoolcache\windows\stack\3.5.1\x64;C:\cabal\bin;C:\\ghcup\bin;C:\mingw64\bin;C:\Program Files\dotnet;C:\Program Files\MySQL\MySQL Server 8.0\bin;C:\Program Files\R\R-4.4.2\bin\x64;C:\SeleniumWebDrivers\GeckoDriver;C:\SeleniumWebDrivers\EdgeDriver\;C:\SeleniumWebDrivers\ChromeDriver;C:\Program Files (x86)\sbt\bin;C:\Program Files (x86)\GitHub CLI;C:\Program Files\Git\bin;C:\Program Files (x86)\pipx_bin;C:\npm\prefix;C:\hostedtoolcache\windows\go\1.24.3\x64\bin;C:\hostedtoolcache\windows\Python\3.9.13\x64\Scripts;C:\hostedtoolcache\windows\Python\3.9.13\x64;C:\hostedtoolcache\windows\Ruby\3.3.8\x64\bin;C:\Program Files\OpenSSL\bin;C:\tools\kotlinc\bin;C:\hostedtoolcache\windows\Java_Temurin-Hotspot_jdk\8.0.452-9\x64\bin;C:\Program Files\ImageMagick-7.1.1-Q16-HDRI;C:\Program Files\Microsoft SDKs\Azure\CLI2\wbin;C:\ProgramData\kind;C:\ProgramData\Chocolatey\bin;C:\Windows\system32;C:\Windows;C:\Windows\System32\Wbem;C:\Windows\System32\WindowsPowerShell\v1.0\;C:\Windows\System32\OpenSSH\;C:\Program Files\dotnet\;C:\Program Files\PowerShell\7\;C:\Program Files\Microsoft\Web Platform Installer\;C:\Program Files\TortoiseSVN\bin;C:\Program Files\Microsoft SQL Server\Client SDK\ODBC\170\Tools\Binn\;C:\Program Files\Microsoft SQL Server\150\Tools\Binn\;C:\Program Files (x86)\Windows Kits\10\Windows Performance Toolkit\;C:\Program Files (x86)\WiX Toolset v3.14\bin;C:\Program Files\Microsoft SQL Server\130\DTS\Binn\;C:\Program Files\Microsoft SQL Server\140\DTS\Binn\;C:\Program Files\Microsoft SQL Server\150\DTS\Binn\;C:\Program Files\Microsoft SQL Server\160\DTS\Binn\;C:\Strawberry\c\bin;C:\Strawberry\perl\site\bin;C:\Strawberry\perl\bin;C:\ProgramData\chocolatey\lib\pulumi\tools\Pulumi\bin;C:\Program Files\CMake\bin;C:\ProgramData\chocolatey\lib\maven\apache-maven-3.9.9\bin;C:\Program Files\Microsoft Service Fabric\bin\Fabric\Fabric.Code;C:\Program Files\Microsoft SDKs\Service Fabric\Tools\ServiceFabricLocalClusterManager;C:\Program Files\nodejs\;C:\Program Files\Git\cmd;C:\Program Files\Git\mingw64\bin;C:\Program Files\Git\usr\bin;C:\Program Files\GitHub CLI\;c:\tools\php;C:\Program Files (x86)\sbt\bin;C:\Program Files\Amazon\AWSCLIV2\;C:\Program Files\Amazon\SessionManagerPlugin\bin\;C:\Program Files\Amazon\AWSSAMCLI\bin\;C:\Program Files\Microsoft SQL Server\130\Tools\Binn\;C:\Program Files\LLVM\bin;C:\Users\runneradmin\.dotnet\tools;C:\Users\runneradmin\.cargo\bin;C:\Users\runneradmin\AppData\Local\Microsoft\WindowsApps;C:\Program Files (x86)\Microsoft Visual Studio\Installer
2025-06-25T03:01:54.1291395Z   VCPKG_DEFAULT_BINARY_CACHE: D:/a/synthizer3d/synthizer3d/969f6665-88a2-4c98-938e-ca9259871fec/vcpkg_cache
2025-06-25T03:01:54.1291847Z   VCPKG_BINARY_SOURCES: clear;x-gha,readwrite
2025-06-25T03:01:54.1292386Z   ACTIONS_CACHE_URL: https://acghubeus2.actions.githubusercontent.com/bwbzopuV3oKlbowlUKWdOnf6KF0vjv7EYqCB3ZHqukKhTVgy74/
2025-06-25T03:01:54.1330286Z   ACTIONS_RUNTIME_TOKEN: ***
2025-06-25T03:01:54.1330551Z   RUNVCPKG_VCPKG_ROOT: D:\a\synthizer3d\synthizer3d\vcpkg
2025-06-25T03:01:54.1330824Z ##[endgroup]
2025-06-25T03:01:54.3898823Z VCPKG_ROOT (tool directory from lukka/run-vcpkg) is D:\a\synthizer3d\synthizer3d\vcpkg
2025-06-25T03:01:54.3906498Z VCPKG_DEFAULT_TRIPLET is x64-windows
2025-06-25T03:01:54.3912866Z GITHUB_WORKSPACE is D:\a\synthizer3d\synthizer3d
2025-06-25T03:01:54.3918359Z Initial EFFECTIVE_VCPKG_INSTALLED_DIR_BASE (from job env, target for manifest install) is D:\a\synthizer3d\synthizer3d\vcpkg_installed
2025-06-25T03:01:54.5987876Z Detecting compiler hash for triplet x64-windows...
2025-06-25T03:01:56.5764385Z Compiler found: C:/Program Files/Microsoft Visual Studio/2022/Enterprise/VC/Tools/MSVC/14.43.34808/bin/Hostx64/x64/cl.exe
2025-06-25T03:01:56.5884916Z The following packages will be built and installed:
2025-06-25T03:01:56.5885379Z   * atl:x64-windows@0
2025-06-25T03:01:56.5885656Z   * atlmfc:x64-windows@0#3
2025-06-25T03:01:56.5885951Z     faad2:x64-windows@2.11.1
2025-06-25T03:01:56.5886242Z     libogg:x64-windows@1.3.5#2
2025-06-25T03:01:56.5886542Z     libvorbis:x64-windows@1.3.7#4
2025-06-25T03:01:56.5886851Z     opus:x64-windows@1.5.2
2025-06-25T03:01:56.5887438Z     opusfile:x64-windows@0.12+20221121#1
2025-06-25T03:01:56.5887976Z     soundtouch:x64-windows@2.3.3
2025-06-25T03:01:56.5888503Z   * vcpkg-cmake:x64-windows@2024-04-23
2025-06-25T03:01:56.5889170Z   * vcpkg-cmake-config:x64-windows@2024-05-23
2025-06-25T03:01:56.5890071Z Additional packages (*) will be modified to complete this operation.
2025-06-25T03:01:56.5892470Z %VCPKG_BINARY_SOURCES%: warning: The 'x-gha' binary caching backend has been removed. Consider using a NuGet-based binary caching provider instead, see extended documentation at https://learn.microsoft.com/vcpkg/users/binarycaching?WT.mc_id=vcpkg_inproduct_cli.
2025-06-25T03:01:56.5893480Z   on expression: clear;x-gha,readwrite
2025-06-25T03:01:56.5893765Z                                       ^
2025-06-25T03:01:56.5894085Z Installing 1/10 vcpkg-cmake:x64-windows@2024-04-23...
2025-06-25T03:01:56.5894430Z Building vcpkg-cmake:x64-windows@2024-04-23...
2025-06-25T03:01:56.6199055Z -- Installing: D:/a/synthizer3d/synthizer3d/vcpkg/packages/vcpkg-cmake_x64-windows/share/vcpkg-cmake/vcpkg_cmake_configure.cmake
2025-06-25T03:01:56.6205467Z -- Installing: D:/a/synthizer3d/synthizer3d/vcpkg/packages/vcpkg-cmake_x64-windows/share/vcpkg-cmake/vcpkg_cmake_build.cmake
2025-06-25T03:01:56.6210044Z -- Installing: D:/a/synthizer3d/synthizer3d/vcpkg/packages/vcpkg-cmake_x64-windows/share/vcpkg-cmake/vcpkg_cmake_install.cmake
2025-06-25T03:01:56.6214369Z -- Installing: D:/a/synthizer3d/synthizer3d/vcpkg/packages/vcpkg-cmake_x64-windows/share/vcpkg-cmake/vcpkg-port-config.cmake
2025-06-25T03:01:56.6218816Z -- Installing: D:/a/synthizer3d/synthizer3d/vcpkg/packages/vcpkg-cmake_x64-windows/share/vcpkg-cmake/copyright
2025-06-25T03:01:56.6260637Z -- Performing post-build validation
2025-06-25T03:01:56.6307546Z Elapsed time to handle vcpkg-cmake:x64-windows: 41.8 ms
2025-06-25T03:01:56.6308390Z vcpkg-cmake:x64-windows package ABI: a500b93f9e0b831ca946128005613d551eeb943040c8f073dc3184f7e15c9834
2025-06-25T03:01:56.6309035Z Installing 2/10 faad2:x64-windows@2.11.1...
2025-06-25T03:01:56.6309424Z Building faad2:x64-windows@2.11.1...
2025-06-25T03:01:56.6699911Z Downloading https://github.com/knik0/faad2/archive/2.11.1.tar.gz -> knik0-faad2-2.11.1.tar.gz
2025-06-25T03:01:56.9317332Z Successfully downloaded knik0-faad2-2.11.1.tar.gz
2025-06-25T03:01:57.2027540Z -- Extracting source D:/a/synthizer3d/synthizer3d/vcpkg/downloads/knik0-faad2-2.11.1.tar.gz
2025-06-25T03:01:57.3464280Z -- Applying patch fix-install.patch
2025-06-25T03:01:57.3676151Z -- Using source at D:/a/synthizer3d/synthizer3d/vcpkg/buildtrees/faad2/src/2.11.1-55f3ec09c2.clean
2025-06-25T03:01:57.3780589Z -- Found external ninja('1.12.1').
2025-06-25T03:01:57.3811973Z -- Configuring x64-windows
2025-06-25T03:01:58.7546471Z -- Building x64-windows-dbg
2025-06-25T03:02:02.4901308Z -- Building x64-windows-rel
2025-06-25T03:02:11.0667421Z -- Fixing pkgconfig file: D:/a/synthizer3d/synthizer3d/vcpkg/packages/faad2_x64-windows/lib/pkgconfig/faad2.pc
2025-06-25T03:02:11.0856932Z Downloading msys2-mingw-w64-x86_64-pkgconf-1~2.3.0-1-any.pkg.tar.zst, trying https://mirror.msys2.org/mingw/mingw64/mingw-w64-x86_64-pkgconf-1~2.3.0-1-any.pkg.tar.zst
2025-06-25T03:02:11.6534290Z Successfully downloaded msys2-mingw-w64-x86_64-pkgconf-1~2.3.0-1-any.pkg.tar.zst
2025-06-25T03:02:11.6740061Z Downloading msys2-msys2-runtime-3.5.4-2-x86_64.pkg.tar.zst, trying https://mirror.msys2.org/msys/x86_64/msys2-runtime-3.5.4-2-x86_64.pkg.tar.zst
2025-06-25T03:02:12.3855145Z Successfully downloaded msys2-msys2-runtime-3.5.4-2-x86_64.pkg.tar.zst
2025-06-25T03:02:12.3947383Z -- Using msys root at D:/a/synthizer3d/synthizer3d/vcpkg/downloads/tools/msys2/21caed2f81ec917b
2025-06-25T03:02:12.4019077Z -- Fixing pkgconfig file: D:/a/synthizer3d/synthizer3d/vcpkg/packages/faad2_x64-windows/debug/lib/pkgconfig/faad2.pc
2025-06-25T03:02:13.9320807Z -- Installing: D:/a/synthizer3d/synthizer3d/vcpkg/packages/faad2_x64-windows/share/faad2/copyright
2025-06-25T03:02:13.9376339Z -- Performing post-build validation
2025-06-25T03:02:13.9448107Z Elapsed time to handle faad2:x64-windows: 17 s
2025-06-25T03:02:13.9448788Z faad2:x64-windows package ABI: d0e0b3f1120c22375e89be124e74dd66dc96b0e8414e88407cf8a3d23c35740f
2025-06-25T03:02:13.9449355Z Installing 3/10 vcpkg-cmake-config:x64-windows@2024-05-23...
2025-06-25T03:02:13.9449770Z Building vcpkg-cmake-config:x64-windows@2024-05-23...
2025-06-25T03:02:13.9739965Z -- Installing: D:/a/synthizer3d/synthizer3d/vcpkg/packages/vcpkg-cmake-config_x64-windows/share/vcpkg-cmake-config/vcpkg_cmake_config_fixup.cmake
2025-06-25T03:02:13.9745794Z -- Installing: D:/a/synthizer3d/synthizer3d/vcpkg/packages/vcpkg-cmake-config_x64-windows/share/vcpkg-cmake-config/vcpkg-port-config.cmake
2025-06-25T03:02:13.9750379Z -- Installing: D:/a/synthizer3d/synthizer3d/vcpkg/packages/vcpkg-cmake-config_x64-windows/share/vcpkg-cmake-config/copyright
2025-06-25T03:02:13.9788626Z -- Skipping post-build validation due to VCPKG_POLICY_EMPTY_PACKAGE
2025-06-25T03:02:13.9809476Z Elapsed time to handle vcpkg-cmake-config:x64-windows: 36.1 ms
2025-06-25T03:02:13.9810369Z vcpkg-cmake-config:x64-windows package ABI: 842797583f0500a3cabbedf03fb083636fe11e4fd3fd19d9a475485e484445fb
2025-06-25T03:02:13.9811071Z Installing 4/10 libogg:x64-windows@1.3.5#2...
2025-06-25T03:02:13.9811457Z Building libogg:x64-windows@1.3.5#2...
2025-06-25T03:02:14.0185668Z Downloading https://gitlab.xiph.org/xiph/ogg/-/archive/v1.3.5/ogg-v1.3.5.tar.gz -> xiph-ogg-v1.3.5.tar.gz
2025-06-25T03:02:14.7466159Z Successfully downloaded xiph-ogg-v1.3.5.tar.gz
2025-06-25T03:02:14.7567918Z -- Extracting source D:/a/synthizer3d/synthizer3d/vcpkg/downloads/xiph-ogg-v1.3.5.tar.gz
2025-06-25T03:02:14.8966939Z -- Using source at D:/a/synthizer3d/synthizer3d/vcpkg/buildtrees/libogg/src/v1.3.5-1a4243fef9.clean
2025-06-25T03:02:14.9076304Z -- Found external ninja('1.12.1').
2025-06-25T03:02:14.9110121Z -- Configuring x64-windows
2025-06-25T03:02:20.6562294Z -- Building x64-windows-dbg
2025-06-25T03:02:20.9387502Z -- Building x64-windows-rel
2025-06-25T03:02:21.2616491Z -- Fixing pkgconfig file: D:/a/synthizer3d/synthizer3d/vcpkg/packages/libogg_x64-windows/lib/pkgconfig/ogg.pc
2025-06-25T03:02:21.2720876Z -- Using cached msys2-mingw-w64-x86_64-pkgconf-1~2.3.0-1-any.pkg.tar.zst
2025-06-25T03:02:21.2790245Z -- Using cached msys2-msys2-runtime-3.5.4-2-x86_64.pkg.tar.zst
2025-06-25T03:02:21.2794437Z -- Using msys root at D:/a/synthizer3d/synthizer3d/vcpkg/downloads/tools/msys2/21caed2f81ec917b
2025-06-25T03:02:21.2856459Z -- Fixing pkgconfig file: D:/a/synthizer3d/synthizer3d/vcpkg/packages/libogg_x64-windows/debug/lib/pkgconfig/ogg.pc
2025-06-25T03:02:21.2922252Z -- Installing: D:/a/synthizer3d/synthizer3d/vcpkg/packages/libogg_x64-windows/share/libogg/copyright
2025-06-25T03:02:21.2972402Z -- Performing post-build validation
2025-06-25T03:02:21.3049604Z Elapsed time to handle libogg:x64-windows: 7.3 s
2025-06-25T03:02:21.3050285Z libogg:x64-windows package ABI: a0557943a3eb3893da4fede0807e4138b3f8e9736e60b3498faf762055851b8f
2025-06-25T03:02:21.3050788Z Installing 5/10 libvorbis:x64-windows@1.3.7#4...
2025-06-25T03:02:21.3051118Z Building libvorbis:x64-windows@1.3.7#4...
2025-06-25T03:02:21.3449758Z Downloading https://github.com/xiph/vorbis/archive/v1.3.7.tar.gz -> xiph-vorbis-v1.3.7.tar.gz
2025-06-25T03:02:21.6009654Z Successfully downloaded xiph-vorbis-v1.3.7.tar.gz
2025-06-25T03:02:21.6149616Z -- Extracting source D:/a/synthizer3d/synthizer3d/vcpkg/downloads/xiph-vorbis-v1.3.7.tar.gz
2025-06-25T03:02:21.8081594Z -- Applying patch 0001-Dont-export-vorbisenc-functions.patch
2025-06-25T03:02:21.8279295Z -- Applying patch 0002-Fixup-pkgconfig-libs.patch
2025-06-25T03:02:21.8465785Z -- Applying patch 0003-def-mingw-compat.patch
2025-06-25T03:02:21.8658458Z -- Applying patch 0004-ogg-find-dependency.patch
2025-06-25T03:02:21.8857333Z -- Using source at D:/a/synthizer3d/synthizer3d/vcpkg/buildtrees/libvorbis/src/v1.3.7-c32164610e.clean
2025-06-25T03:02:21.8962213Z -- Found external ninja('1.12.1').
2025-06-25T03:02:21.8995288Z -- Configuring x64-windows
2025-06-25T03:02:23.3802091Z -- Building x64-windows-dbg
2025-06-25T03:02:24.8513855Z -- Building x64-windows-rel
2025-06-25T03:02:27.6677148Z -- Fixing pkgconfig file: D:/a/synthizer3d/synthizer3d/vcpkg/packages/libvorbis_x64-windows/lib/pkgconfig/vorbis.pc
2025-06-25T03:02:27.6683183Z -- Fixing pkgconfig file: D:/a/synthizer3d/synthizer3d/vcpkg/packages/libvorbis_x64-windows/lib/pkgconfig/vorbisenc.pc
2025-06-25T03:02:27.6688767Z -- Fixing pkgconfig file: D:/a/synthizer3d/synthizer3d/vcpkg/packages/libvorbis_x64-windows/lib/pkgconfig/vorbisfile.pc
2025-06-25T03:02:27.6800647Z -- Using cached msys2-mingw-w64-x86_64-pkgconf-1~2.3.0-1-any.pkg.tar.zst
2025-06-25T03:02:27.6878338Z -- Using cached msys2-msys2-runtime-3.5.4-2-x86_64.pkg.tar.zst
2025-06-25T03:02:27.6882162Z -- Using msys root at D:/a/synthizer3d/synthizer3d/vcpkg/downloads/tools/msys2/21caed2f81ec917b
2025-06-25T03:02:27.7073203Z -- Fixing pkgconfig file: D:/a/synthizer3d/synthizer3d/vcpkg/packages/libvorbis_x64-windows/debug/lib/pkgconfig/vorbis.pc
2025-06-25T03:02:27.7078314Z -- Fixing pkgconfig file: D:/a/synthizer3d/synthizer3d/vcpkg/packages/libvorbis_x64-windows/debug/lib/pkgconfig/vorbisenc.pc
2025-06-25T03:02:27.7083368Z -- Fixing pkgconfig file: D:/a/synthizer3d/synthizer3d/vcpkg/packages/libvorbis_x64-windows/debug/lib/pkgconfig/vorbisfile.pc
2025-06-25T03:02:27.8321283Z -- Installing: D:/a/synthizer3d/synthizer3d/vcpkg/packages/libvorbis_x64-windows/share/libvorbis/usage
2025-06-25T03:02:27.8324884Z -- Installing: D:/a/synthizer3d/synthizer3d/vcpkg/packages/libvorbis_x64-windows/share/libvorbis/copyright
2025-06-25T03:02:27.8379721Z -- Performing post-build validation
2025-06-25T03:02:27.8629717Z Elapsed time to handle libvorbis:x64-windows: 6.6 s
2025-06-25T03:02:27.8630878Z libvorbis:x64-windows package ABI: d90efec2c9090f56a4508a9a4435f94eb42aca93d2a98ecfbdc3a996d623c61c
2025-06-25T03:02:27.8631947Z Installing 6/10 opus:x64-windows@1.5.2...
2025-06-25T03:02:27.8632576Z Building opus:x64-windows@1.5.2...
2025-06-25T03:02:27.9579937Z Downloading https://github.com/xiph/opus/archive/v1.5.2.tar.gz -> xiph-opus-v1.5.2.tar.gz
2025-06-25T03:02:28.1901022Z Successfully downloaded xiph-opus-v1.5.2.tar.gz
2025-06-25T03:02:28.2162657Z -- Extracting source D:/a/synthizer3d/synthizer3d/vcpkg/downloads/xiph-opus-v1.5.2.tar.gz
2025-06-25T03:02:28.5470745Z -- Applying patch fix-pkgconfig-version.patch
2025-06-25T03:02:28.5693693Z -- Using source at D:/a/synthizer3d/synthizer3d/vcpkg/buildtrees/opus/src/v1.5.2-81ed242155.clean
2025-06-25T03:02:28.5836401Z -- Found external ninja('1.12.1').
2025-06-25T03:02:28.5871246Z -- Configuring x64-windows
2025-06-25T03:02:33.5875115Z -- Building x64-windows-dbg
2025-06-25T03:02:38.6939690Z -- Building x64-windows-rel
2025-06-25T03:02:46.7045273Z -- Fixing pkgconfig file: D:/a/synthizer3d/synthizer3d/vcpkg/packages/opus_x64-windows/lib/pkgconfig/opus.pc
2025-06-25T03:02:46.7150571Z -- Using cached msys2-mingw-w64-x86_64-pkgconf-1~2.3.0-1-any.pkg.tar.zst
2025-06-25T03:02:46.7219346Z -- Using cached msys2-msys2-runtime-3.5.4-2-x86_64.pkg.tar.zst
2025-06-25T03:02:46.7223276Z -- Using msys root at D:/a/synthizer3d/synthizer3d/vcpkg/downloads/tools/msys2/21caed2f81ec917b
2025-06-25T03:02:46.7287514Z -- Fixing pkgconfig file: D:/a/synthizer3d/synthizer3d/vcpkg/packages/opus_x64-windows/debug/lib/pkgconfig/opus.pc
2025-06-25T03:02:46.7358362Z -- Installing: D:/a/synthizer3d/synthizer3d/vcpkg/packages/opus_x64-windows/share/opus/copyright
2025-06-25T03:02:46.7412615Z -- Performing post-build validation
2025-06-25T03:02:46.7484657Z Elapsed time to handle opus:x64-windows: 19 s
2025-06-25T03:02:46.7485593Z opus:x64-windows package ABI: 85472ea35b34b5b2cb87ab8fa93a3b878862ba2c74d619b262819f1046f3d06f
2025-06-25T03:02:46.7486148Z Installing 7/10 opusfile:x64-windows@0.12+20221121#1...
2025-06-25T03:02:46.7486501Z Building opusfile:x64-windows@0.12+20221121#1...
2025-06-25T03:02:46.7782975Z -- Note: opusfile only supports static library linkage. Building static library.
2025-06-25T03:02:46.7874178Z Downloading https://github.com/xiph/opusfile/archive/9d718345ce03b2fad5d7d28e0bcd1cc69ab2b166.tar.gz -> xiph-opusfile-9d718345ce03b2fad5d7d28e0bcd1cc69ab2b166.tar.gz
2025-06-25T03:02:46.9926280Z Successfully downloaded xiph-opusfile-9d718345ce03b2fad5d7d28e0bcd1cc69ab2b166.tar.gz
2025-06-25T03:02:47.0043806Z -- Extracting source D:/a/synthizer3d/synthizer3d/vcpkg/downloads/xiph-opusfile-9d718345ce03b2fad5d7d28e0bcd1cc69ab2b166.tar.gz
2025-06-25T03:02:47.1384914Z -- Using source at D:/a/synthizer3d/synthizer3d/vcpkg/buildtrees/opusfile/src/c69ab2b166-6cc7de23ec.clean
2025-06-25T03:02:47.1504204Z -- Found external ninja('1.12.1').
2025-06-25T03:02:47.1537611Z -- Configuring x64-windows
2025-06-25T03:02:48.3062147Z -- Building x64-windows-dbg
2025-06-25T03:02:48.5587021Z -- Building x64-windows-rel
2025-06-25T03:02:49.0445429Z -- Fixing pkgconfig file: D:/a/synthizer3d/synthizer3d/vcpkg/packages/opusfile_x64-windows/lib/pkgconfig/opusfile.pc
2025-06-25T03:02:49.0551634Z -- Using cached msys2-mingw-w64-x86_64-pkgconf-1~2.3.0-1-any.pkg.tar.zst
2025-06-25T03:02:49.0621718Z -- Using cached msys2-msys2-runtime-3.5.4-2-x86_64.pkg.tar.zst
2025-06-25T03:02:49.0625888Z -- Using msys root at D:/a/synthizer3d/synthizer3d/vcpkg/downloads/tools/msys2/21caed2f81ec917b
2025-06-25T03:02:49.0693047Z -- Fixing pkgconfig file: D:/a/synthizer3d/synthizer3d/vcpkg/packages/opusfile_x64-windows/debug/lib/pkgconfig/opusfile.pc
2025-06-25T03:02:49.0788126Z -- Installing: D:/a/synthizer3d/synthizer3d/vcpkg/packages/opusfile_x64-windows/share/opusfile/copyright
2025-06-25T03:02:49.0796972Z -- Installing: D:/a/synthizer3d/synthizer3d/vcpkg/packages/opusfile_x64-windows/share/opusfile/usage
2025-06-25T03:02:49.0847533Z -- Performing post-build validation
2025-06-25T03:02:49.0913582Z Elapsed time to handle opusfile:x64-windows: 2.3 s
2025-06-25T03:02:49.0914269Z opusfile:x64-windows package ABI: 393a65d651c7a2ecd7aa3929806afcb2252d03470cf3ab96d0a5a178ff8ac0ea
2025-06-25T03:02:49.0914749Z Installing 8/10 atl:x64-windows@0...
2025-06-25T03:02:49.0915020Z Building atl:x64-windows@0...
2025-06-25T03:02:49.1248879Z -- Skipping post-build validation due to VCPKG_POLICY_EMPTY_PACKAGE
2025-06-25T03:02:49.1270015Z Elapsed time to handle atl:x64-windows: 35.6 ms
2025-06-25T03:02:49.1271174Z atl:x64-windows package ABI: 00c2ec0d92501baf73b36832a4cf6267281ce78714eab01bcc631fe906883872
2025-06-25T03:02:49.1272120Z Installing 9/10 atlmfc:x64-windows@0#3...
2025-06-25T03:02:49.1272551Z Building atlmfc:x64-windows@0#3...
2025-06-25T03:02:49.1599982Z -- Skipping post-build validation due to VCPKG_POLICY_EMPTY_PACKAGE
2025-06-25T03:02:49.1622256Z Elapsed time to handle atlmfc:x64-windows: 35.2 ms
2025-06-25T03:02:49.1623069Z atlmfc:x64-windows package ABI: eb110e8ab4abe86fa37c7f0085ad4fc46ce18802f978ea90d75ed1f56bb72837
2025-06-25T03:02:49.1623711Z Installing 10/10 soundtouch:x64-windows@2.3.3...
2025-06-25T03:02:49.1624096Z Building soundtouch:x64-windows@2.3.3...
2025-06-25T03:02:49.2063598Z Downloading https://codeberg.org/soundtouch/soundtouch/archive/2.3.3.tar.gz -> soundtouch-soundtouch-2.3.3.tar.gz
2025-06-25T03:02:50.1202643Z Successfully downloaded soundtouch-soundtouch-2.3.3.tar.gz
2025-06-25T03:02:50.1319640Z -- Extracting source D:/a/synthizer3d/synthizer3d/vcpkg/downloads/soundtouch-soundtouch-2.3.3.tar.gz
2025-06-25T03:02:50.2844843Z -- Using source at D:/a/synthizer3d/synthizer3d/vcpkg/buildtrees/soundtouch/src/2.3.3-309213044d.clean
2025-06-25T03:02:50.2958454Z -- Found external ninja('1.12.1').
2025-06-25T03:02:50.2992127Z -- Configuring x64-windows
2025-06-25T03:02:51.6801772Z -- Building x64-windows-dbg
2025-06-25T03:02:53.6738569Z -- Building x64-windows-rel
2025-06-25T03:02:55.7975292Z -- Fixing pkgconfig file: D:/a/synthizer3d/synthizer3d/vcpkg/packages/soundtouch_x64-windows/lib/pkgconfig/soundtouch.pc
2025-06-25T03:02:55.8081431Z -- Using cached msys2-mingw-w64-x86_64-pkgconf-1~2.3.0-1-any.pkg.tar.zst
2025-06-25T03:02:55.8151805Z -- Using cached msys2-msys2-runtime-3.5.4-2-x86_64.pkg.tar.zst
2025-06-25T03:02:55.8155627Z -- Using msys root at D:/a/synthizer3d/synthizer3d/vcpkg/downloads/tools/msys2/21caed2f81ec917b
2025-06-25T03:02:55.8224226Z -- Fixing pkgconfig file: D:/a/synthizer3d/synthizer3d/vcpkg/packages/soundtouch_x64-windows/debug/lib/pkgconfig/soundtouch.pc
2025-06-25T03:02:55.8663844Z -- Installing: D:/a/synthizer3d/synthizer3d/vcpkg/packages/soundtouch_x64-windows/share/soundtouch/copyright
2025-06-25T03:02:55.8723067Z -- Performing post-build validation
2025-06-25T03:02:55.8801815Z Elapsed time to handle soundtouch:x64-windows: 6.7 s
2025-06-25T03:02:55.8802466Z soundtouch:x64-windows package ABI: cba299c175d42d095d98a381b7b4aa62179cb526de49043c0d1fb0751d841aaf
2025-06-25T03:02:55.8821293Z faad2 provides pkg-config modules:
2025-06-25T03:02:55.8821556Z 
2025-06-25T03:02:55.8821743Z   # Freeware Advanced Audio (AAC) Decoder
2025-06-25T03:02:55.8821980Z   faad2
2025-06-25T03:02:55.8822064Z 
2025-06-25T03:02:55.8823955Z libogg provides CMake targets:
2025-06-25T03:02:55.8824213Z 
2025-06-25T03:02:55.8824531Z   # this is heuristically generated, and may not be correct
2025-06-25T03:02:55.8824867Z   find_package(Ogg CONFIG REQUIRED)
2025-06-25T03:02:55.8825207Z   target_link_libraries(main PRIVATE Ogg::ogg)
2025-06-25T03:02:55.8825384Z 
2025-06-25T03:02:55.8825522Z libogg provides pkg-config modules:
2025-06-25T03:02:55.8825673Z 
2025-06-25T03:02:55.8825851Z   # ogg is a library for manipulating ogg bitstreams
2025-06-25T03:02:55.8826082Z   ogg
2025-06-25T03:02:55.8826184Z 
2025-06-25T03:02:55.8826353Z The package libvorbis provides CMake targets:
2025-06-25T03:02:55.8826534Z 
2025-06-25T03:02:55.8826798Z     # Vorbis reference encoder and decoder, low-level API
2025-06-25T03:02:55.8827335Z     find_package(Vorbis CONFIG REQUIRED)
2025-06-25T03:02:55.8827949Z     target_link_libraries(main PRIVATE Vorbis::vorbis)
2025-06-25T03:02:55.8828283Z 
2025-06-25T03:02:55.8828677Z     # Audio stream decoding and basic manipulation, high-level API
2025-06-25T03:02:55.8829239Z     find_package(Vorbis CONFIG REQUIRED)
2025-06-25T03:02:55.8830089Z     target_link_libraries(main PRIVATE Vorbis::vorbisfile)
2025-06-25T03:02:55.8830457Z 
2025-06-25T03:02:55.8830950Z     # Convenience API for setting up an encoding environment
2025-06-25T03:02:55.8831634Z     find_package(Vorbis CONFIG REQUIRED)
2025-06-25T03:02:55.8832203Z     target_link_libraries(main PRIVATE Vorbis::vorbisenc)
2025-06-25T03:02:55.8832519Z 
2025-06-25T03:02:55.8832713Z opus provides CMake targets:
2025-06-25T03:02:55.8832962Z 
2025-06-25T03:02:55.8833281Z   # this is heuristically generated, and may not be correct
2025-06-25T03:02:55.8834181Z   find_package(Opus CONFIG REQUIRED)
2025-06-25T03:02:55.8834850Z   target_link_libraries(main PRIVATE Opus::opus)
2025-06-25T03:02:55.8835081Z 
2025-06-25T03:02:55.8835226Z opus provides pkg-config modules:
2025-06-25T03:02:55.8835380Z 
2025-06-25T03:02:55.8835503Z   # Opus IETF audio codec ( build)
2025-06-25T03:02:55.8835703Z   opus
2025-06-25T03:02:55.8835786Z 
2025-06-25T03:02:55.8835946Z The package opusfile provides CMake targets:
2025-06-25T03:02:55.8836120Z 
2025-06-25T03:02:55.8836265Z     find_package(OpusFile CONFIG REQUIRED)
2025-06-25T03:02:55.8836628Z     target_link_libraries(main PRIVATE OpusFile::opusfile)
2025-06-25T03:02:55.8836979Z 
2025-06-25T03:02:55.8837135Z     # To use the opusurl API
2025-06-25T03:02:55.8837467Z     target_link_libraries(main PRIVATE OpusFile::opusurl)
2025-06-25T03:02:55.8837665Z 
2025-06-25T03:02:55.8838002Z soundtouch provides CMake targets:
2025-06-25T03:02:55.8838275Z 
2025-06-25T03:02:55.8838469Z   # this is heuristically generated, and may not be correct
2025-06-25T03:02:55.8838809Z   find_package(SoundTouch CONFIG REQUIRED)
2025-06-25T03:02:55.8839178Z   target_link_libraries(main PRIVATE SoundTouch::SoundTouch)
2025-06-25T03:02:55.8839386Z 
2025-06-25T03:02:55.8839539Z soundtouch provides pkg-config modules:
2025-06-25T03:02:55.8839697Z 
2025-06-25T03:02:55.8840183Z   # SoundTouch is an open-source audio processing library for changing the Tempo, Pitch and Playback Rates of audio streams or files
2025-06-25T03:02:55.8840659Z   soundtouch
2025-06-25T03:02:55.8840757Z 
2025-06-25T03:02:55.8840969Z All requested installations completed successfully in: 59 s
2025-06-25T03:02:55.8944186Z Finished vcpkg install command.
2025-06-25T03:02:55.9233737Z Verifying existence of target CMAKE_PREFIX_PATH: D:\a\synthizer3d\synthizer3d\vcpkg_installed\x64-windows
2025-06-25T03:02:55.9264695Z Confermato: La directory target per CMAKE_PREFIX_PATH esiste: D:\a\synthizer3d\synthizer3d\vcpkg_installed\x64-windows
2025-06-25T03:02:55.9388476Z CMAKE_PREFIX_PATH impostato a D:\a\synthizer3d\synthizer3d\vcpkg_installed\x64-windows
2025-06-25T03:02:55.9748745Z ##[group]Run python -m pip install --upgrade pip
2025-06-25T03:02:55.9749154Z [36;1mpython -m pip install --upgrade pip[0m
2025-06-25T03:02:55.9749626Z [36;1mpip install ninja cmake wheel tomli setuptools packaging distro scikit-build cython build delvewheel[0m
2025-06-25T03:02:55.9780713Z shell: C:\Program Files\PowerShell\7\pwsh.EXE -command ". '{0}'"
2025-06-25T03:02:55.9781021Z env:
2025-06-25T03:02:55.9781175Z   PYVERSION: 3.9
2025-06-25T03:02:55.9781337Z   CI_ARCH_LOWER: x64
2025-06-25T03:02:55.9781557Z   CI_WINDOWS: 1
2025-06-25T03:02:55.9781710Z   CI_ARCH_ENV: x64
2025-06-25T03:02:55.9781879Z   VCPKG_DEFAULT_TRIPLET: x64-windows
2025-06-25T03:02:55.9782235Z   EFFECTIVE_VCPKG_INSTALLED_DIR_BASE: D:\a\synthizer3d\synthizer3d\vcpkg_installed
2025-06-25T03:02:55.9782681Z   pythonLocation: C:\hostedtoolcache\windows\Python\3.9.13\x64
2025-06-25T03:02:55.9783064Z   PKG_CONFIG_PATH: C:\hostedtoolcache\windows\Python\3.9.13\x64/lib/pkgconfig
2025-06-25T03:02:55.9783491Z   Python_ROOT_DIR: C:\hostedtoolcache\windows\Python\3.9.13\x64
2025-06-25T03:02:55.9783841Z   Python2_ROOT_DIR: C:\hostedtoolcache\windows\Python\3.9.13\x64
2025-06-25T03:02:55.9784189Z   Python3_ROOT_DIR: C:\hostedtoolcache\windows\Python\3.9.13\x64
2025-06-25T03:02:55.9784631Z   CommandPromptType: Native
2025-06-25T03:02:55.9785056Z   DevEnvDir: C:\Program Files\Microsoft Visual Studio\2022\Enterprise\Common7\IDE\
2025-06-25T03:02:55.9785510Z   ExtensionSdkDir: C:\Program Files (x86)\Microsoft SDKs\Windows Kits\10\ExtensionSDKs
2025-06-25T03:02:55.9787488Z   EXTERNAL_INCLUDE: C:\Program Files\Microsoft Visual Studio\2022\Enterprise\VC\Tools\MSVC\14.43.34808\include;C:\Program Files\Microsoft Visual Studio\2022\Enterprise\VC\Tools\MSVC\14.43.34808\ATLMFC\include;C:\Program Files\Microsoft Visual Studio\2022\Enterprise\VC\Auxiliary\VS\include;C:\Program Files (x86)\Windows Kits\10\include\10.0.26100.0\ucrt;C:\Program Files (x86)\Windows Kits\10\\include\10.0.26100.0\\um;C:\Program Files (x86)\Windows Kits\10\\include\10.0.26100.0\\shared;C:\Program Files (x86)\Windows Kits\10\\include\10.0.26100.0\\winrt;C:\Program Files (x86)\Windows Kits\10\\include\10.0.26100.0\\cppwinrt;C:\Program Files (x86)\Windows Kits\NETFXSDK\4.8\include\um
2025-06-25T03:02:55.9789352Z   Framework40Version: v4.0
2025-06-25T03:02:55.9789581Z   FrameworkDir: C:\Windows\Microsoft.NET\Framework64\
2025-06-25T03:02:55.9789880Z   FrameworkDir64: C:\Windows\Microsoft.NET\Framework64\
2025-06-25T03:02:55.9790142Z   FrameworkVersion: v4.0.30319
2025-06-25T03:02:55.9790350Z   FrameworkVersion64: v4.0.30319
2025-06-25T03:02:55.9790818Z   FSHARPINSTALLDIR: C:\Program Files\Microsoft Visual Studio\2022\Enterprise\Common7\IDE\CommonExtensions\Microsoft\FSharp\Tools
2025-06-25T03:02:55.9791350Z   HTMLHelpDir: C:\Program Files (x86)\HTML Help Workshop
2025-06-25T03:02:55.9791930Z   IFCPATH: C:\Program Files\Microsoft Visual Studio\2022\Enterprise\VC\Tools\MSVC\14.43.34808\ifc\x64
2025-06-25T03:02:55.9793905Z   INCLUDE: C:\Program Files\Microsoft Visual Studio\2022\Enterprise\VC\Tools\MSVC\14.43.34808\include;C:\Program Files\Microsoft Visual Studio\2022\Enterprise\VC\Tools\MSVC\14.43.34808\ATLMFC\include;C:\Program Files\Microsoft Visual Studio\2022\Enterprise\VC\Auxiliary\VS\include;C:\Program Files (x86)\Windows Kits\10\include\10.0.26100.0\ucrt;C:\Program Files (x86)\Windows Kits\10\\include\10.0.26100.0\\um;C:\Program Files (x86)\Windows Kits\10\\include\10.0.26100.0\\shared;C:\Program Files (x86)\Windows Kits\10\\include\10.0.26100.0\\winrt;C:\Program Files (x86)\Windows Kits\10\\include\10.0.26100.0\\cppwinrt;C:\Program Files (x86)\Windows Kits\NETFXSDK\4.8\include\um
2025-06-25T03:02:55.9795704Z   is_x64_arch: true
2025-06-25T03:02:55.9798147Z   LIB: C:\Program Files\Microsoft Visual Studio\2022\Enterprise\VC\Tools\MSVC\14.43.34808\ATLMFC\lib\x64;C:\Program Files\Microsoft Visual Studio\2022\Enterprise\VC\Tools\MSVC\14.43.34808\lib\x64;C:\Program Files (x86)\Windows Kits\NETFXSDK\4.8\lib\um\x64;C:\Program Files (x86)\Windows Kits\10\lib\10.0.26100.0\ucrt\x64;C:\Program Files (x86)\Windows Kits\10\\lib\10.0.26100.0\\um\x64
2025-06-25T03:02:55.9800440Z   LIBPATH: C:\Program Files\Microsoft Visual Studio\2022\Enterprise\VC\Tools\MSVC\14.43.34808\ATLMFC\lib\x64;C:\Program Files\Microsoft Visual Studio\2022\Enterprise\VC\Tools\MSVC\14.43.34808\lib\x64;C:\Program Files\Microsoft Visual Studio\2022\Enterprise\VC\Tools\MSVC\14.43.34808\lib\x86\store\references;C:\Program Files (x86)\Windows Kits\10\UnionMetadata\10.0.26100.0;C:\Program Files (x86)\Windows Kits\10\References\10.0.26100.0;C:\Windows\Microsoft.NET\Framework64\v4.0.30319
2025-06-25T03:02:55.9801878Z   NETFXSDKDir: C:\Program Files (x86)\Windows Kits\NETFXSDK\4.8\
2025-06-25T03:02:55.9817451Z   Path: C:\Program Files\Microsoft Visual Studio\2022\Enterprise\VC\Tools\MSVC\14.43.34808\bin\HostX64\x64;C:\Program Files\Microsoft Visual Studio\2022\Enterprise\Common7\IDE\VC\VCPackages;C:\Program Files\Microsoft Visual Studio\2022\Enterprise\Common7\IDE\CommonExtensions\Microsoft\TestWindow;C:\Program Files\Microsoft Visual Studio\2022\Enterprise\Common7\IDE\CommonExtensions\Microsoft\TeamFoundation\Team Explorer;C:\Program Files\Microsoft Visual Studio\2022\Enterprise\MSBuild\Current\bin\Roslyn;C:\Program Files (x86)\Microsoft SDKs\Windows\v10.0A\bin\NETFX 4.8 Tools\x64\;C:\Program Files (x86)\HTML Help Workshop;C:\Program Files\Microsoft Visual Studio\2022\Enterprise\Common7\IDE\CommonExtensions\Microsoft\FSharp\Tools;C:\Program Files\Microsoft Visual Studio\2022\Enterprise\Team Tools\DiagnosticsHub\Collector;C:\Program Files\Microsoft Visual Studio\2022\Enterprise\Common7\IDE\Extensions\Microsoft\CodeCoverage.Console;C:\Program Files (x86)\Windows Kits\10\bin\10.0.26100.0\\x64;C:\Program Files (x86)\Windows Kits\10\bin\\x64;C:\Program Files\Microsoft Visual Studio\2022\Enterprise\\MSBuild\Current\Bin\amd64;C:\Windows\Microsoft.NET\Framework64\v4.0.30319;C:\Program Files\Microsoft Visual Studio\2022\Enterprise\Common7\IDE\;C:\Program Files\Microsoft Visual Studio\2022\Enterprise\Common7\Tools\;C:\Users\runneradmin\AppData\Roaming\Python\Python39\Scripts;C:\hostedtoolcache\windows\Python\3.9.13\x64\Scripts;C:\hostedtoolcache\windows\Python\3.9.13\x64;C:\Program Files\MongoDB\Server\5.0\bin;C:\aliyun-cli;C:\vcpkg;C:\Program Files (x86)\NSIS\;C:\tools\zstd;C:\Program Files\Mercurial\;C:\hostedtoolcache\windows\stack\3.5.1\x64;C:\cabal\bin;C:\\ghcup\bin;C:\mingw64\bin;C:\Program Files\dotnet;C:\Program Files\MySQL\MySQL Server 8.0\bin;C:\Program Files\R\R-4.4.2\bin\x64;C:\SeleniumWebDrivers\GeckoDriver;C:\SeleniumWebDrivers\EdgeDriver\;C:\SeleniumWebDrivers\ChromeDriver;C:\Program Files (x86)\sbt\bin;C:\Program Files (x86)\GitHub CLI;C:\Program Files\Git\bin;C:\Program Files (x86)\pipx_bin;C:\npm\prefix;C:\hostedtoolcache\windows\go\1.24.3\x64\bin;C:\hostedtoolcache\windows\Ruby\3.3.8\x64\bin;C:\Program Files\OpenSSL\bin;C:\tools\kotlinc\bin;C:\hostedtoolcache\windows\Java_Temurin-Hotspot_jdk\8.0.452-9\x64\bin;C:\Program Files\ImageMagick-7.1.1-Q16-HDRI;C:\Program Files\Microsoft SDKs\Azure\CLI2\wbin;C:\ProgramData\kind;C:\ProgramData\Chocolatey\bin;C:\Windows\system32;C:\Windows;C:\Windows\System32\Wbem;C:\Windows\System32\WindowsPowerShell\v1.0\;C:\Windows\System32\OpenSSH\;C:\Program Files\dotnet\;C:\Program Files\PowerShell\7\;C:\Program Files\Microsoft\Web Platform Installer\;C:\Program Files\TortoiseSVN\bin;C:\Program Files\Microsoft SQL Server\Client SDK\ODBC\170\Tools\Binn\;C:\Program Files\Microsoft SQL Server\150\Tools\Binn\;C:\Program Files (x86)\Windows Kits\10\Windows Performance Toolkit\;C:\Program Files (x86)\WiX Toolset v3.14\bin;C:\Program Files\Microsoft SQL Server\130\DTS\Binn\;C:\Program Files\Microsoft SQL Server\140\DTS\Binn\;C:\Program Files\Microsoft SQL Server\150\DTS\Binn\;C:\Program Files\Microsoft SQL Server\160\DTS\Binn\;C:\Strawberry\c\bin;C:\Strawberry\perl\site\bin;C:\Strawberry\perl\bin;C:\ProgramData\chocolatey\lib\pulumi\tools\Pulumi\bin;C:\Program Files\CMake\bin;C:\ProgramData\chocolatey\lib\maven\apache-maven-3.9.9\bin;C:\Program Files\Microsoft Service Fabric\bin\Fabric\Fabric.Code;C:\Program Files\Microsoft SDKs\Service Fabric\Tools\ServiceFabricLocalClusterManager;C:\Program Files\nodejs\;C:\Program Files\Git\cmd;C:\Program Files\Git\mingw64\bin;C:\Program Files\Git\usr\bin;C:\Program Files\GitHub CLI\;c:\tools\php;C:\Program Files\Amazon\AWSCLIV2\;C:\Program Files\Amazon\SessionManagerPlugin\bin\;C:\Program Files\Amazon\AWSSAMCLI\bin\;C:\Program Files\Microsoft SQL Server\130\Tools\Binn\;C:\Program Files\LLVM\bin;C:\Users\runneradmin\.dotnet\tools;C:\Users\runneradmin\.cargo\bin;C:\Users\runneradmin\AppData\Local\Microsoft\WindowsApps;C:\Program Files (x86)\Microsoft Visual Studio\Installer;C:\Program Files\Microsoft Visual Studio\2022\Enterprise\VC\Tools\Llvm\x64\bin;C:\Program Files\Microsoft Visual Studio\2022\Enterprise\Common7\IDE\CommonExtensions\Microsoft\CMake\CMake\bin;C:\Program Files\Microsoft Visual Studio\2022\Enterprise\Common7\IDE\CommonExtensions\Microsoft\CMake\Ninja;C:\Program Files\Microsoft Visual Studio\2022\Enterprise\Common7\IDE\VC\Linux\bin\ConnectionManagerExe;C:\Program Files\Microsoft Visual Studio\2022\Enterprise\VC\vcpkg
2025-06-25T03:02:55.9830572Z   Platform: x64
2025-06-25T03:02:55.9830747Z   UCRTVersion: 10.0.26100.0
2025-06-25T03:02:55.9831011Z   UniversalCRTSdkDir: C:\Program Files (x86)\Windows Kits\10\
2025-06-25T03:02:55.9831452Z   VCIDEInstallDir: C:\Program Files\Microsoft Visual Studio\2022\Enterprise\Common7\IDE\VC\
2025-06-25T03:02:55.9831921Z   VCINSTALLDIR: C:\Program Files\Microsoft Visual Studio\2022\Enterprise\VC\
2025-06-25T03:02:55.9832271Z   VCPKG_ROOT: D:\a\synthizer3d\synthizer3d\vcpkg
2025-06-25T03:02:55.9832695Z   VCToolsInstallDir: C:\Program Files\Microsoft Visual Studio\2022\Enterprise\VC\Tools\MSVC\14.43.34808\
2025-06-25T03:02:55.9833275Z   VCToolsRedistDir: C:\Program Files\Microsoft Visual Studio\2022\Enterprise\VC\Redist\MSVC\14.42.34433\
2025-06-25T03:02:55.9833681Z   VCToolsVersion: 14.43.34808
2025-06-25T03:02:55.9833877Z   VisualStudioVersion: 17.0
2025-06-25T03:02:55.9834213Z   VS170COMNTOOLS: C:\Program Files\Microsoft Visual Studio\2022\Enterprise\Common7\Tools\
2025-06-25T03:02:55.9834572Z   VSCMD_ARG_app_plat: Desktop
2025-06-25T03:02:55.9834762Z   VSCMD_ARG_HOST_ARCH: x64
2025-06-25T03:02:55.9834937Z   VSCMD_ARG_TGT_ARCH: x64
2025-06-25T03:02:55.9835105Z   VSCMD_VER: 17.13.2
2025-06-25T03:02:55.9835368Z   VSINSTALLDIR: C:\Program Files\Microsoft Visual Studio\2022\Enterprise\
2025-06-25T03:02:55.9835792Z   VSSDK150INSTALL: C:\Program Files\Microsoft Visual Studio\2022\Enterprise\VSSDK
2025-06-25T03:02:55.9836224Z   VSSDKINSTALL: C:\Program Files\Microsoft Visual Studio\2022\Enterprise\VSSDK
2025-06-25T03:02:55.9836821Z   WindowsLibPath: C:\Program Files (x86)\Windows Kits\10\UnionMetadata\10.0.26100.0;C:\Program Files (x86)\Windows Kits\10\References\10.0.26100.0
2025-06-25T03:02:55.9837502Z   WindowsSdkBinPath: C:\Program Files (x86)\Windows Kits\10\bin\
2025-06-25T03:02:55.9837842Z   WindowsSdkDir: C:\Program Files (x86)\Windows Kits\10\
2025-06-25T03:02:55.9838119Z   WindowsSDKLibVersion: 10.0.26100.0\
2025-06-25T03:02:55.9838448Z   WindowsSdkVerBinPath: C:\Program Files (x86)\Windows Kits\10\bin\10.0.26100.0\
2025-06-25T03:02:55.9838780Z   WindowsSDKVersion: 10.0.26100.0\
2025-06-25T03:02:55.9839175Z   WindowsSDK_ExecutablePath_x64: C:\Program Files (x86)\Microsoft SDKs\Windows\v10.0A\bin\NETFX 4.8 Tools\x64\
2025-06-25T03:02:55.9839760Z   WindowsSDK_ExecutablePath_x86: C:\Program Files (x86)\Microsoft SDKs\Windows\v10.0A\bin\NETFX 4.8 Tools\
2025-06-25T03:02:55.9840149Z   __DOTNET_ADD_64BIT: 1
2025-06-25T03:02:55.9840326Z   __DOTNET_PREFERRED_BITNESS: 64
2025-06-25T03:02:55.9848141Z   __VSCMD_PREINIT_PATH: C:\Users\runneradmin\AppData\Roaming\Python\Python39\Scripts;C:\hostedtoolcache\windows\Python\3.9.13\x64\Scripts;C:\hostedtoolcache\windows\Python\3.9.13\x64;C:\Program Files\MongoDB\Server\5.0\bin;C:\aliyun-cli;C:\vcpkg;C:\Program Files (x86)\NSIS\;C:\tools\zstd;C:\Program Files\Mercurial\;C:\hostedtoolcache\windows\stack\3.5.1\x64;C:\cabal\bin;C:\\ghcup\bin;C:\mingw64\bin;C:\Program Files\dotnet;C:\Program Files\MySQL\MySQL Server 8.0\bin;C:\Program Files\R\R-4.4.2\bin\x64;C:\SeleniumWebDrivers\GeckoDriver;C:\SeleniumWebDrivers\EdgeDriver\;C:\SeleniumWebDrivers\ChromeDriver;C:\Program Files (x86)\sbt\bin;C:\Program Files (x86)\GitHub CLI;C:\Program Files\Git\bin;C:\Program Files (x86)\pipx_bin;C:\npm\prefix;C:\hostedtoolcache\windows\go\1.24.3\x64\bin;C:\hostedtoolcache\windows\Python\3.9.13\x64\Scripts;C:\hostedtoolcache\windows\Python\3.9.13\x64;C:\hostedtoolcache\windows\Ruby\3.3.8\x64\bin;C:\Program Files\OpenSSL\bin;C:\tools\kotlinc\bin;C:\hostedtoolcache\windows\Java_Temurin-Hotspot_jdk\8.0.452-9\x64\bin;C:\Program Files\ImageMagick-7.1.1-Q16-HDRI;C:\Program Files\Microsoft SDKs\Azure\CLI2\wbin;C:\ProgramData\kind;C:\ProgramData\Chocolatey\bin;C:\Windows\system32;C:\Windows;C:\Windows\System32\Wbem;C:\Windows\System32\WindowsPowerShell\v1.0\;C:\Windows\System32\OpenSSH\;C:\Program Files\dotnet\;C:\Program Files\PowerShell\7\;C:\Program Files\Microsoft\Web Platform Installer\;C:\Program Files\TortoiseSVN\bin;C:\Program Files\Microsoft SQL Server\Client SDK\ODBC\170\Tools\Binn\;C:\Program Files\Microsoft SQL Server\150\Tools\Binn\;C:\Program Files (x86)\Windows Kits\10\Windows Performance Toolkit\;C:\Program Files (x86)\WiX Toolset v3.14\bin;C:\Program Files\Microsoft SQL Server\130\DTS\Binn\;C:\Program Files\Microsoft SQL Server\140\DTS\Binn\;C:\Program Files\Microsoft SQL Server\150\DTS\Binn\;C:\Program Files\Microsoft SQL Server\160\DTS\Binn\;C:\Strawberry\c\bin;C:\Strawberry\perl\site\bin;C:\Strawberry\perl\bin;C:\ProgramData\chocolatey\lib\pulumi\tools\Pulumi\bin;C:\Program Files\CMake\bin;C:\ProgramData\chocolatey\lib\maven\apache-maven-3.9.9\bin;C:\Program Files\Microsoft Service Fabric\bin\Fabric\Fabric.Code;C:\Program Files\Microsoft SDKs\Service Fabric\Tools\ServiceFabricLocalClusterManager;C:\Program Files\nodejs\;C:\Program Files\Git\cmd;C:\Program Files\Git\mingw64\bin;C:\Program Files\Git\usr\bin;C:\Program Files\GitHub CLI\;c:\tools\php;C:\Program Files (x86)\sbt\bin;C:\Program Files\Amazon\AWSCLIV2\;C:\Program Files\Amazon\SessionManagerPlugin\bin\;C:\Program Files\Amazon\AWSSAMCLI\bin\;C:\Program Files\Microsoft SQL Server\130\Tools\Binn\;C:\Program Files\LLVM\bin;C:\Users\runneradmin\.dotnet\tools;C:\Users\runneradmin\.cargo\bin;C:\Users\runneradmin\AppData\Local\Microsoft\WindowsApps;C:\Program Files (x86)\Microsoft Visual Studio\Installer
2025-06-25T03:02:55.9856207Z   VCPKG_DEFAULT_BINARY_CACHE: D:/a/synthizer3d/synthizer3d/969f6665-88a2-4c98-938e-ca9259871fec/vcpkg_cache
2025-06-25T03:02:55.9856648Z   VCPKG_BINARY_SOURCES: clear;x-gha,readwrite
2025-06-25T03:02:55.9857468Z   ACTIONS_CACHE_URL: https://acghubeus2.actions.githubusercontent.com/bwbzopuV3oKlbowlUKWdOnf6KF0vjv7EYqCB3ZHqukKhTVgy74/
2025-06-25T03:02:55.9915692Z   ACTIONS_RUNTIME_TOKEN: ***
2025-06-25T03:02:55.9916165Z   RUNVCPKG_VCPKG_ROOT: D:\a\synthizer3d\synthizer3d\vcpkg
2025-06-25T03:02:55.9916552Z   CMAKE_PREFIX_PATH: D:\a\synthizer3d\synthizer3d\vcpkg_installed\x64-windows
2025-06-25T03:02:55.9916862Z ##[endgroup]
2025-06-25T03:02:57.0980823Z Requirement already satisfied: pip in c:\hostedtoolcache\windows\python\3.9.13\x64\lib\site-packages (25.1.1)
2025-06-25T03:02:58.3011910Z Collecting ninja
2025-06-25T03:02:58.3039296Z   Using cached ninja-1.11.1.4-py3-none-win_amd64.whl.metadata (5.0 kB)
2025-06-25T03:02:58.4487038Z Collecting cmake
2025-06-25T03:02:58.4515165Z   Using cached cmake-4.0.3-py3-none-win_amd64.whl.metadata (6.3 kB)
2025-06-25T03:02:58.4879169Z Collecting wheel
2025-06-25T03:02:58.4905489Z   Using cached wheel-0.45.1-py3-none-any.whl.metadata (2.3 kB)
2025-06-25T03:02:58.4926109Z Requirement already satisfied: tomli in c:\hostedtoolcache\windows\python\3.9.13\x64\lib\site-packages (2.2.1)
2025-06-25T03:02:58.4930131Z Requirement already satisfied: setuptools in c:\hostedtoolcache\windows\python\3.9.13\x64\lib\site-packages (58.1.0)
2025-06-25T03:02:58.4933997Z Requirement already satisfied: packaging in c:\hostedtoolcache\windows\python\3.9.13\x64\lib\site-packages (25.0)
2025-06-25T03:02:58.5176202Z Collecting distro
2025-06-25T03:02:58.5201882Z   Using cached distro-1.9.0-py3-none-any.whl.metadata (6.8 kB)
2025-06-25T03:02:58.5584483Z Collecting scikit-build
2025-06-25T03:02:58.5602114Z   Using cached scikit_build-0.18.1-py3-none-any.whl.metadata (18 kB)
2025-06-25T03:02:58.8184309Z Collecting cython
2025-06-25T03:02:58.8213039Z   Using cached cython-3.1.2-cp39-cp39-win_amd64.whl.metadata (6.0 kB)
2025-06-25T03:02:58.8544921Z Collecting build
2025-06-25T03:02:58.8572472Z   Using cached build-1.2.2.post1-py3-none-any.whl.metadata (6.5 kB)
2025-06-25T03:02:58.9010988Z Collecting delvewheel
2025-06-25T03:02:58.9039157Z   Using cached delvewheel-1.10.1-py3-none-any.whl.metadata (17 kB)
2025-06-25T03:02:58.9419226Z Collecting pyproject_hooks (from build)
2025-06-25T03:02:58.9446468Z   Using cached pyproject_hooks-1.2.0-py3-none-any.whl.metadata (1.3 kB)
2025-06-25T03:02:58.9463363Z Requirement already satisfied: colorama in c:\hostedtoolcache\windows\python\3.9.13\x64\lib\site-packages (from build) (0.4.6)
2025-06-25T03:02:58.9993563Z Collecting importlib-metadata>=4.6 (from build)
2025-06-25T03:02:59.0019686Z   Using cached importlib_metadata-8.7.0-py3-none-any.whl.metadata (4.8 kB)
2025-06-25T03:02:59.0344780Z Collecting pefile>=2024.8.26 (from delvewheel)
2025-06-25T03:02:59.0370609Z   Using cached pefile-2024.8.26-py3-none-any.whl.metadata (1.4 kB)
2025-06-25T03:02:59.0711033Z Collecting zipp>=3.20 (from importlib-metadata>=4.6->build)
2025-06-25T03:02:59.0735988Z   Using cached zipp-3.23.0-py3-none-any.whl.metadata (3.6 kB)
2025-06-25T03:02:59.0846580Z Using cached ninja-1.11.1.4-py3-none-win_amd64.whl (296 kB)
2025-06-25T03:02:59.0872851Z Using cached cmake-4.0.3-py3-none-win_amd64.whl (36.9 MB)
2025-06-25T03:02:59.1099641Z Using cached wheel-0.45.1-py3-none-any.whl (72 kB)
2025-06-25T03:02:59.1125554Z Using cached distro-1.9.0-py3-none-any.whl (20 kB)
2025-06-25T03:02:59.1150013Z Using cached scikit_build-0.18.1-py3-none-any.whl (85 kB)
2025-06-25T03:02:59.1174469Z Using cached cython-3.1.2-cp39-cp39-win_amd64.whl (2.7 MB)
2025-06-25T03:02:59.1210575Z Using cached build-1.2.2.post1-py3-none-any.whl (22 kB)
2025-06-25T03:02:59.1234624Z Using cached delvewheel-1.10.1-py3-none-any.whl (58 kB)
2025-06-25T03:02:59.1258654Z Using cached importlib_metadata-8.7.0-py3-none-any.whl (27 kB)
2025-06-25T03:02:59.1282415Z Using cached pefile-2024.8.26-py3-none-any.whl (74 kB)
2025-06-25T03:02:59.1307815Z Using cached zipp-3.23.0-py3-none-any.whl (10 kB)
2025-06-25T03:02:59.1331658Z Using cached pyproject_hooks-1.2.0-py3-none-any.whl (10 kB)
2025-06-25T03:02:59.3911204Z Installing collected packages: zipp, wheel, pyproject_hooks, pefile, ninja, distro, cython, cmake, scikit-build, importlib-metadata, delvewheel, build
2025-06-25T03:03:09.7013239Z 
2025-06-25T03:03:09.7089760Z Successfully installed build-1.2.2.post1 cmake-4.0.3 cython-3.1.2 delvewheel-1.10.1 distro-1.9.0 importlib-metadata-8.7.0 ninja-1.11.1.4 pefile-2024.8.26 pyproject_hooks-1.2.0 scikit-build-0.18.1 wheel-0.45.1 zipp-3.23.0
2025-06-25T03:03:09.8718023Z ##[group]Run Set-Location $Env:GITHUB_WORKSPACE
2025-06-25T03:03:09.8718430Z [36;1mSet-Location $Env:GITHUB_WORKSPACE[0m
2025-06-25T03:03:09.8718683Z [36;1mWrite-Host "Arch: x64"[0m
2025-06-25T03:03:09.8719038Z [36;1mWrite-Host "Current CMAKE_PREFIX_PATH for build is: $env:CMAKE_PREFIX_PATH"[0m
2025-06-25T03:03:09.8719587Z [36;1mWrite-Host "EFFECTIVE_VCPKG_INSTALLED_DIR_BASE for build is: $env:EFFECTIVE_VCPKG_INSTALLED_DIR_BASE"[0m
2025-06-25T03:03:09.8720257Z [36;1mWrite-Host "Synthizer expects vcpkg path (for debug/verification): $env:SYNTHIZER_EXPECTED_VCPKG_PATH_FOR_DEBUG"[0m
2025-06-25T03:03:09.8720753Z [36;1mpython -m build --wheel --no-isolation[0m
2025-06-25T03:03:09.8749739Z shell: C:\Windows\System32\WindowsPowerShell\v1.0\powershell.EXE -command ". '{0}'"
2025-06-25T03:03:09.8750131Z env:
2025-06-25T03:03:09.8750285Z   PYVERSION: 3.9
2025-06-25T03:03:09.8750457Z   CI_ARCH_LOWER: x64
2025-06-25T03:03:09.8750620Z   CI_WINDOWS: 1
2025-06-25T03:03:09.8750805Z   CI_ARCH_ENV: x64
2025-06-25T03:03:09.8750978Z   VCPKG_DEFAULT_TRIPLET: x64-windows
2025-06-25T03:03:09.8751329Z   EFFECTIVE_VCPKG_INSTALLED_DIR_BASE: D:\a\synthizer3d\synthizer3d\vcpkg_installed
2025-06-25T03:03:09.8751749Z   pythonLocation: C:\hostedtoolcache\windows\Python\3.9.13\x64
2025-06-25T03:03:09.8752142Z   PKG_CONFIG_PATH: C:\hostedtoolcache\windows\Python\3.9.13\x64/lib/pkgconfig
2025-06-25T03:03:09.8752526Z   Python_ROOT_DIR: C:\hostedtoolcache\windows\Python\3.9.13\x64
2025-06-25T03:03:09.8752877Z   Python2_ROOT_DIR: C:\hostedtoolcache\windows\Python\3.9.13\x64
2025-06-25T03:03:09.8753227Z   Python3_ROOT_DIR: C:\hostedtoolcache\windows\Python\3.9.13\x64
2025-06-25T03:03:09.8753503Z   CommandPromptType: Native
2025-06-25T03:03:09.8753822Z   DevEnvDir: C:\Program Files\Microsoft Visual Studio\2022\Enterprise\Common7\IDE\
2025-06-25T03:03:09.8754287Z   ExtensionSdkDir: C:\Program Files (x86)\Microsoft SDKs\Windows Kits\10\ExtensionSDKs
2025-06-25T03:03:09.8756259Z   EXTERNAL_INCLUDE: C:\Program Files\Microsoft Visual Studio\2022\Enterprise\VC\Tools\MSVC\14.43.34808\include;C:\Program Files\Microsoft Visual Studio\2022\Enterprise\VC\Tools\MSVC\14.43.34808\ATLMFC\include;C:\Program Files\Microsoft Visual Studio\2022\Enterprise\VC\Auxiliary\VS\include;C:\Program Files (x86)\Windows Kits\10\include\10.0.26100.0\ucrt;C:\Program Files (x86)\Windows Kits\10\\include\10.0.26100.0\\um;C:\Program Files (x86)\Windows Kits\10\\include\10.0.26100.0\\shared;C:\Program Files (x86)\Windows Kits\10\\include\10.0.26100.0\\winrt;C:\Program Files (x86)\Windows Kits\10\\include\10.0.26100.0\\cppwinrt;C:\Program Files (x86)\Windows Kits\NETFXSDK\4.8\include\um
2025-06-25T03:03:09.8758102Z   Framework40Version: v4.0
2025-06-25T03:03:09.8758343Z   FrameworkDir: C:\Windows\Microsoft.NET\Framework64\
2025-06-25T03:03:09.8758653Z   FrameworkDir64: C:\Windows\Microsoft.NET\Framework64\
2025-06-25T03:03:09.8758910Z   FrameworkVersion: v4.0.30319
2025-06-25T03:03:09.8759130Z   FrameworkVersion64: v4.0.30319
2025-06-25T03:03:09.8759604Z   FSHARPINSTALLDIR: C:\Program Files\Microsoft Visual Studio\2022\Enterprise\Common7\IDE\CommonExtensions\Microsoft\FSharp\Tools
2025-06-25T03:03:09.8760135Z   HTMLHelpDir: C:\Program Files (x86)\HTML Help Workshop
2025-06-25T03:03:09.8760555Z   IFCPATH: C:\Program Files\Microsoft Visual Studio\2022\Enterprise\VC\Tools\MSVC\14.43.34808\ifc\x64
2025-06-25T03:03:09.8764066Z   INCLUDE: C:\Program Files\Microsoft Visual Studio\2022\Enterprise\VC\Tools\MSVC\14.43.34808\include;C:\Program Files\Microsoft Visual Studio\2022\Enterprise\VC\Tools\MSVC\14.43.34808\ATLMFC\include;C:\Program Files\Microsoft Visual Studio\2022\Enterprise\VC\Auxiliary\VS\include;C:\Program Files (x86)\Windows Kits\10\include\10.0.26100.0\ucrt;C:\Program Files (x86)\Windows Kits\10\\include\10.0.26100.0\\um;C:\Program Files (x86)\Windows Kits\10\\include\10.0.26100.0\\shared;C:\Program Files (x86)\Windows Kits\10\\include\10.0.26100.0\\winrt;C:\Program Files (x86)\Windows Kits\10\\include\10.0.26100.0\\cppwinrt;C:\Program Files (x86)\Windows Kits\NETFXSDK\4.8\include\um
2025-06-25T03:03:09.8766562Z   is_x64_arch: true
2025-06-25T03:03:09.8767599Z   LIB: C:\Program Files\Microsoft Visual Studio\2022\Enterprise\VC\Tools\MSVC\14.43.34808\ATLMFC\lib\x64;C:\Program Files\Microsoft Visual Studio\2022\Enterprise\VC\Tools\MSVC\14.43.34808\lib\x64;C:\Program Files (x86)\Windows Kits\NETFXSDK\4.8\lib\um\x64;C:\Program Files (x86)\Windows Kits\10\lib\10.0.26100.0\ucrt\x64;C:\Program Files (x86)\Windows Kits\10\\lib\10.0.26100.0\\um\x64
2025-06-25T03:03:09.8769808Z   LIBPATH: C:\Program Files\Microsoft Visual Studio\2022\Enterprise\VC\Tools\MSVC\14.43.34808\ATLMFC\lib\x64;C:\Program Files\Microsoft Visual Studio\2022\Enterprise\VC\Tools\MSVC\14.43.34808\lib\x64;C:\Program Files\Microsoft Visual Studio\2022\Enterprise\VC\Tools\MSVC\14.43.34808\lib\x86\store\references;C:\Program Files (x86)\Windows Kits\10\UnionMetadata\10.0.26100.0;C:\Program Files (x86)\Windows Kits\10\References\10.0.26100.0;C:\Windows\Microsoft.NET\Framework64\v4.0.30319
2025-06-25T03:03:09.8771257Z   NETFXSDKDir: C:\Program Files (x86)\Windows Kits\NETFXSDK\4.8\
2025-06-25T03:03:09.8784175Z   Path: C:\Program Files\Microsoft Visual Studio\2022\Enterprise\VC\Tools\MSVC\14.43.34808\bin\HostX64\x64;C:\Program Files\Microsoft Visual Studio\2022\Enterprise\Common7\IDE\VC\VCPackages;C:\Program Files\Microsoft Visual Studio\2022\Enterprise\Common7\IDE\CommonExtensions\Microsoft\TestWindow;C:\Program Files\Microsoft Visual Studio\2022\Enterprise\Common7\IDE\CommonExtensions\Microsoft\TeamFoundation\Team Explorer;C:\Program Files\Microsoft Visual Studio\2022\Enterprise\MSBuild\Current\bin\Roslyn;C:\Program Files (x86)\Microsoft SDKs\Windows\v10.0A\bin\NETFX 4.8 Tools\x64\;C:\Program Files (x86)\HTML Help Workshop;C:\Program Files\Microsoft Visual Studio\2022\Enterprise\Common7\IDE\CommonExtensions\Microsoft\FSharp\Tools;C:\Program Files\Microsoft Visual Studio\2022\Enterprise\Team Tools\DiagnosticsHub\Collector;C:\Program Files\Microsoft Visual Studio\2022\Enterprise\Common7\IDE\Extensions\Microsoft\CodeCoverage.Console;C:\Program Files (x86)\Windows Kits\10\bin\10.0.26100.0\\x64;C:\Program Files (x86)\Windows Kits\10\bin\\x64;C:\Program Files\Microsoft Visual Studio\2022\Enterprise\\MSBuild\Current\Bin\amd64;C:\Windows\Microsoft.NET\Framework64\v4.0.30319;C:\Program Files\Microsoft Visual Studio\2022\Enterprise\Common7\IDE\;C:\Program Files\Microsoft Visual Studio\2022\Enterprise\Common7\Tools\;C:\Users\runneradmin\AppData\Roaming\Python\Python39\Scripts;C:\hostedtoolcache\windows\Python\3.9.13\x64\Scripts;C:\hostedtoolcache\windows\Python\3.9.13\x64;C:\Program Files\MongoDB\Server\5.0\bin;C:\aliyun-cli;C:\vcpkg;C:\Program Files (x86)\NSIS\;C:\tools\zstd;C:\Program Files\Mercurial\;C:\hostedtoolcache\windows\stack\3.5.1\x64;C:\cabal\bin;C:\\ghcup\bin;C:\mingw64\bin;C:\Program Files\dotnet;C:\Program Files\MySQL\MySQL Server 8.0\bin;C:\Program Files\R\R-4.4.2\bin\x64;C:\SeleniumWebDrivers\GeckoDriver;C:\SeleniumWebDrivers\EdgeDriver\;C:\SeleniumWebDrivers\ChromeDriver;C:\Program Files (x86)\sbt\bin;C:\Program Files (x86)\GitHub CLI;C:\Program Files\Git\bin;C:\Program Files (x86)\pipx_bin;C:\npm\prefix;C:\hostedtoolcache\windows\go\1.24.3\x64\bin;C:\hostedtoolcache\windows\Ruby\3.3.8\x64\bin;C:\Program Files\OpenSSL\bin;C:\tools\kotlinc\bin;C:\hostedtoolcache\windows\Java_Temurin-Hotspot_jdk\8.0.452-9\x64\bin;C:\Program Files\ImageMagick-7.1.1-Q16-HDRI;C:\Program Files\Microsoft SDKs\Azure\CLI2\wbin;C:\ProgramData\kind;C:\ProgramData\Chocolatey\bin;C:\Windows\system32;C:\Windows;C:\Windows\System32\Wbem;C:\Windows\System32\WindowsPowerShell\v1.0\;C:\Windows\System32\OpenSSH\;C:\Program Files\dotnet\;C:\Program Files\PowerShell\7\;C:\Program Files\Microsoft\Web Platform Installer\;C:\Program Files\TortoiseSVN\bin;C:\Program Files\Microsoft SQL Server\Client SDK\ODBC\170\Tools\Binn\;C:\Program Files\Microsoft SQL Server\150\Tools\Binn\;C:\Program Files (x86)\Windows Kits\10\Windows Performance Toolkit\;C:\Program Files (x86)\WiX Toolset v3.14\bin;C:\Program Files\Microsoft SQL Server\130\DTS\Binn\;C:\Program Files\Microsoft SQL Server\140\DTS\Binn\;C:\Program Files\Microsoft SQL Server\150\DTS\Binn\;C:\Program Files\Microsoft SQL Server\160\DTS\Binn\;C:\Strawberry\c\bin;C:\Strawberry\perl\site\bin;C:\Strawberry\perl\bin;C:\ProgramData\chocolatey\lib\pulumi\tools\Pulumi\bin;C:\Program Files\CMake\bin;C:\ProgramData\chocolatey\lib\maven\apache-maven-3.9.9\bin;C:\Program Files\Microsoft Service Fabric\bin\Fabric\Fabric.Code;C:\Program Files\Microsoft SDKs\Service Fabric\Tools\ServiceFabricLocalClusterManager;C:\Program Files\nodejs\;C:\Program Files\Git\cmd;C:\Program Files\Git\mingw64\bin;C:\Program Files\Git\usr\bin;C:\Program Files\GitHub CLI\;c:\tools\php;C:\Program Files\Amazon\AWSCLIV2\;C:\Program Files\Amazon\SessionManagerPlugin\bin\;C:\Program Files\Amazon\AWSSAMCLI\bin\;C:\Program Files\Microsoft SQL Server\130\Tools\Binn\;C:\Program Files\LLVM\bin;C:\Users\runneradmin\.dotnet\tools;C:\Users\runneradmin\.cargo\bin;C:\Users\runneradmin\AppData\Local\Microsoft\WindowsApps;C:\Program Files (x86)\Microsoft Visual Studio\Installer;C:\Program Files\Microsoft Visual Studio\2022\Enterprise\VC\Tools\Llvm\x64\bin;C:\Program Files\Microsoft Visual Studio\2022\Enterprise\Common7\IDE\CommonExtensions\Microsoft\CMake\CMake\bin;C:\Program Files\Microsoft Visual Studio\2022\Enterprise\Common7\IDE\CommonExtensions\Microsoft\CMake\Ninja;C:\Program Files\Microsoft Visual Studio\2022\Enterprise\Common7\IDE\VC\Linux\bin\ConnectionManagerExe;C:\Program Files\Microsoft Visual Studio\2022\Enterprise\VC\vcpkg
2025-06-25T03:03:09.8796927Z   Platform: x64
2025-06-25T03:03:09.8797094Z   UCRTVersion: 10.0.26100.0
2025-06-25T03:03:09.8797358Z   UniversalCRTSdkDir: C:\Program Files (x86)\Windows Kits\10\
2025-06-25T03:03:09.8797786Z   VCIDEInstallDir: C:\Program Files\Microsoft Visual Studio\2022\Enterprise\Common7\IDE\VC\
2025-06-25T03:03:09.8798257Z   VCINSTALLDIR: C:\Program Files\Microsoft Visual Studio\2022\Enterprise\VC\
2025-06-25T03:03:09.8798607Z   VCPKG_ROOT: D:\a\synthizer3d\synthizer3d\vcpkg
2025-06-25T03:03:09.8799035Z   VCToolsInstallDir: C:\Program Files\Microsoft Visual Studio\2022\Enterprise\VC\Tools\MSVC\14.43.34808\
2025-06-25T03:03:09.8799606Z   VCToolsRedistDir: C:\Program Files\Microsoft Visual Studio\2022\Enterprise\VC\Redist\MSVC\14.42.34433\
2025-06-25T03:03:09.8799999Z   VCToolsVersion: 14.43.34808
2025-06-25T03:03:09.8800201Z   VisualStudioVersion: 17.0
2025-06-25T03:03:09.8800527Z   VS170COMNTOOLS: C:\Program Files\Microsoft Visual Studio\2022\Enterprise\Common7\Tools\
2025-06-25T03:03:09.8800877Z   VSCMD_ARG_app_plat: Desktop
2025-06-25T03:03:09.8801069Z   VSCMD_ARG_HOST_ARCH: x64
2025-06-25T03:03:09.8801249Z   VSCMD_ARG_TGT_ARCH: x64
2025-06-25T03:03:09.8801415Z   VSCMD_VER: 17.13.2
2025-06-25T03:03:09.8801698Z   VSINSTALLDIR: C:\Program Files\Microsoft Visual Studio\2022\Enterprise\
2025-06-25T03:03:09.8802134Z   VSSDK150INSTALL: C:\Program Files\Microsoft Visual Studio\2022\Enterprise\VSSDK
2025-06-25T03:03:09.8802571Z   VSSDKINSTALL: C:\Program Files\Microsoft Visual Studio\2022\Enterprise\VSSDK
2025-06-25T03:03:09.8803160Z   WindowsLibPath: C:\Program Files (x86)\Windows Kits\10\UnionMetadata\10.0.26100.0;C:\Program Files (x86)\Windows Kits\10\References\10.0.26100.0
2025-06-25T03:03:09.8803722Z   WindowsSdkBinPath: C:\Program Files (x86)\Windows Kits\10\bin\
2025-06-25T03:03:09.8804064Z   WindowsSdkDir: C:\Program Files (x86)\Windows Kits\10\
2025-06-25T03:03:09.8804332Z   WindowsSDKLibVersion: 10.0.26100.0\
2025-06-25T03:03:09.8804662Z   WindowsSdkVerBinPath: C:\Program Files (x86)\Windows Kits\10\bin\10.0.26100.0\
2025-06-25T03:03:09.8804995Z   WindowsSDKVersion: 10.0.26100.0\
2025-06-25T03:03:09.8805396Z   WindowsSDK_ExecutablePath_x64: C:\Program Files (x86)\Microsoft SDKs\Windows\v10.0A\bin\NETFX 4.8 Tools\x64\
2025-06-25T03:03:09.8806061Z   WindowsSDK_ExecutablePath_x86: C:\Program Files (x86)\Microsoft SDKs\Windows\v10.0A\bin\NETFX 4.8 Tools\
2025-06-25T03:03:09.8806456Z   __DOTNET_ADD_64BIT: 1
2025-06-25T03:03:09.8806705Z   __DOTNET_PREFERRED_BITNESS: 64
2025-06-25T03:03:09.8814448Z   __VSCMD_PREINIT_PATH: C:\Users\runneradmin\AppData\Roaming\Python\Python39\Scripts;C:\hostedtoolcache\windows\Python\3.9.13\x64\Scripts;C:\hostedtoolcache\windows\Python\3.9.13\x64;C:\Program Files\MongoDB\Server\5.0\bin;C:\aliyun-cli;C:\vcpkg;C:\Program Files (x86)\NSIS\;C:\tools\zstd;C:\Program Files\Mercurial\;C:\hostedtoolcache\windows\stack\3.5.1\x64;C:\cabal\bin;C:\\ghcup\bin;C:\mingw64\bin;C:\Program Files\dotnet;C:\Program Files\MySQL\MySQL Server 8.0\bin;C:\Program Files\R\R-4.4.2\bin\x64;C:\SeleniumWebDrivers\GeckoDriver;C:\SeleniumWebDrivers\EdgeDriver\;C:\SeleniumWebDrivers\ChromeDriver;C:\Program Files (x86)\sbt\bin;C:\Program Files (x86)\GitHub CLI;C:\Program Files\Git\bin;C:\Program Files (x86)\pipx_bin;C:\npm\prefix;C:\hostedtoolcache\windows\go\1.24.3\x64\bin;C:\hostedtoolcache\windows\Python\3.9.13\x64\Scripts;C:\hostedtoolcache\windows\Python\3.9.13\x64;C:\hostedtoolcache\windows\Ruby\3.3.8\x64\bin;C:\Program Files\OpenSSL\bin;C:\tools\kotlinc\bin;C:\hostedtoolcache\windows\Java_Temurin-Hotspot_jdk\8.0.452-9\x64\bin;C:\Program Files\ImageMagick-7.1.1-Q16-HDRI;C:\Program Files\Microsoft SDKs\Azure\CLI2\wbin;C:\ProgramData\kind;C:\ProgramData\Chocolatey\bin;C:\Windows\system32;C:\Windows;C:\Windows\System32\Wbem;C:\Windows\System32\WindowsPowerShell\v1.0\;C:\Windows\System32\OpenSSH\;C:\Program Files\dotnet\;C:\Program Files\PowerShell\7\;C:\Program Files\Microsoft\Web Platform Installer\;C:\Program Files\TortoiseSVN\bin;C:\Program Files\Microsoft SQL Server\Client SDK\ODBC\170\Tools\Binn\;C:\Program Files\Microsoft SQL Server\150\Tools\Binn\;C:\Program Files (x86)\Windows Kits\10\Windows Performance Toolkit\;C:\Program Files (x86)\WiX Toolset v3.14\bin;C:\Program Files\Microsoft SQL Server\130\DTS\Binn\;C:\Program Files\Microsoft SQL Server\140\DTS\Binn\;C:\Program Files\Microsoft SQL Server\150\DTS\Binn\;C:\Program Files\Microsoft SQL Server\160\DTS\Binn\;C:\Strawberry\c\bin;C:\Strawberry\perl\site\bin;C:\Strawberry\perl\bin;C:\ProgramData\chocolatey\lib\pulumi\tools\Pulumi\bin;C:\Program Files\CMake\bin;C:\ProgramData\chocolatey\lib\maven\apache-maven-3.9.9\bin;C:\Program Files\Microsoft Service Fabric\bin\Fabric\Fabric.Code;C:\Program Files\Microsoft SDKs\Service Fabric\Tools\ServiceFabricLocalClusterManager;C:\Program Files\nodejs\;C:\Program Files\Git\cmd;C:\Program Files\Git\mingw64\bin;C:\Program Files\Git\usr\bin;C:\Program Files\GitHub CLI\;c:\tools\php;C:\Program Files (x86)\sbt\bin;C:\Program Files\Amazon\AWSCLIV2\;C:\Program Files\Amazon\SessionManagerPlugin\bin\;C:\Program Files\Amazon\AWSSAMCLI\bin\;C:\Program Files\Microsoft SQL Server\130\Tools\Binn\;C:\Program Files\LLVM\bin;C:\Users\runneradmin\.dotnet\tools;C:\Users\runneradmin\.cargo\bin;C:\Users\runneradmin\AppData\Local\Microsoft\WindowsApps;C:\Program Files (x86)\Microsoft Visual Studio\Installer
2025-06-25T03:03:09.8822539Z   VCPKG_DEFAULT_BINARY_CACHE: D:/a/synthizer3d/synthizer3d/969f6665-88a2-4c98-938e-ca9259871fec/vcpkg_cache
2025-06-25T03:03:09.8822995Z   VCPKG_BINARY_SOURCES: clear;x-gha,readwrite
2025-06-25T03:03:09.8823540Z   ACTIONS_CACHE_URL: https://acghubeus2.actions.githubusercontent.com/bwbzopuV3oKlbowlUKWdOnf6KF0vjv7EYqCB3ZHqukKhTVgy74/
2025-06-25T03:03:09.8861731Z   ACTIONS_RUNTIME_TOKEN: ***
2025-06-25T03:03:09.8862002Z   RUNVCPKG_VCPKG_ROOT: D:\a\synthizer3d\synthizer3d\vcpkg
2025-06-25T03:03:09.8862381Z   CMAKE_PREFIX_PATH: D:\a\synthizer3d\synthizer3d\vcpkg_installed\x64-windows
2025-06-25T03:03:09.8862860Z   SYNTHIZER_EXPECTED_VCPKG_PATH_FOR_DEBUG: D:\a\synthizer3d\synthizer3d\vcpkg_installed\x64-windows
2025-06-25T03:03:09.8863240Z ##[endgroup]
2025-06-25T03:03:10.1665571Z Arch: x64
2025-06-25T03:03:10.1682904Z Current CMAKE_PREFIX_PATH for build is: D:\a\synthizer3d\synthizer3d\vcpkg_installed\x64-windows
2025-06-25T03:03:10.1690407Z EFFECTIVE_VCPKG_INSTALLED_DIR_BASE for build is: D:\a\synthizer3d\synthizer3d\vcpkg_installed
2025-06-25T03:03:10.1698061Z Synthizer expects vcpkg path (for debug/verification): D:\a\synthizer3d\synthizer3d\vcpkg_installed\x64-windows
2025-06-25T03:03:10.5731161Z * Getting build dependencies for wheel...
2025-06-25T03:03:17.1775814Z Set VCPKG_INSTALLED_PATH to D:\a\synthizer3d\synthizer3d\vcpkg_installed\x64-windows
2025-06-25T03:03:17.1776150Z 
2025-06-25T03:03:17.1776165Z 
2025-06-25T03:03:17.1776411Z --------------------------------------------------------------------------------
2025-06-25T03:03:17.1776853Z -- Trying 'Ninja (Visual Studio 17 2022 x64 v144)' generator
2025-06-25T03:03:17.1777174Z --------------------------------
2025-06-25T03:03:17.1777425Z ---------------------------
2025-06-25T03:03:17.1777649Z ----------------------
2025-06-25T03:03:17.1777885Z -----------------
2025-06-25T03:03:17.1778082Z ------------
2025-06-25T03:03:17.1778301Z -------
2025-06-25T03:03:17.1778477Z --
2025-06-25T03:03:17.1900719Z Not searching for unused variables given on the command line.
2025-06-25T03:03:17.2926698Z CMake Deprecation Warning at CMakeLists.txt:1 (cmake_minimum_required):
2025-06-25T03:03:17.2927673Z   Compatibility with CMake < 3.10 will be removed from a future version of
2025-06-25T03:03:17.2928130Z   CMake.
2025-06-25T03:03:17.2928250Z 
2025-06-25T03:03:17.2928626Z   Update the VERSION argument <min> value.  Or, use the <min>...<max> syntax
2025-06-25T03:03:17.2929357Z   to tell CMake that the project requires at least <min> but has been updated
2025-06-25T03:03:17.2929942Z   to work with policies introduced by <max> or earlier.
2025-06-25T03:03:17.2930161Z 
2025-06-25T03:03:17.2930167Z 
2025-06-25T03:03:19.7939937Z -- The C compiler identification is MSVC 19.43.34808.0
2025-06-25T03:03:19.8797162Z -- Detecting C compiler ABI info
2025-06-25T03:03:21.2943273Z -- Detecting C compiler ABI info - done
2025-06-25T03:03:21.3287804Z -- Check for working C compiler: C:/Program Files/Microsoft Visual Studio/2022/Enterprise/VC/Tools/MSVC/14.43.34808/bin/Hostx86/x64/cl.exe - skipped
2025-06-25T03:03:21.3291793Z -- Detecting C compile features
2025-06-25T03:03:21.3298095Z -- Detecting C compile features - done
2025-06-25T03:03:22.1715473Z -- The CXX compiler identification is MSVC 19.43.34808.0
2025-06-25T03:03:22.1798524Z -- Detecting CXX compiler ABI info
2025-06-25T03:03:22.9390140Z -- Detecting CXX compiler ABI info - done
2025-06-25T03:03:22.9524615Z -- Check for working CXX compiler: C:/Program Files/Microsoft Visual Studio/2022/Enterprise/VC/Tools/MSVC/14.43.34808/bin/Hostx86/x64/cl.exe - skipped
2025-06-25T03:03:22.9528933Z -- Detecting CXX compile features
2025-06-25T03:03:22.9540752Z -- Detecting CXX compile features - done
2025-06-25T03:03:22.9570300Z -- Configuring done (5.8s)
2025-06-25T03:03:22.9716803Z -- Generating done (0.0s)
2025-06-25T03:03:22.9724788Z -- Build files have been written to: D:/a/synthizer3d/synthizer3d/_cmake_test_compile/build
2025-06-25T03:03:22.9786271Z --
2025-06-25T03:03:22.9786578Z -------
2025-06-25T03:03:22.9786879Z ------------
2025-06-25T03:03:22.9787243Z -----------------
2025-06-25T03:03:22.9787613Z ----------------------
2025-06-25T03:03:22.9788034Z ---------------------------
2025-06-25T03:03:22.9788407Z --------------------------------
2025-06-25T03:03:22.9789418Z -- Trying 'Ninja (Visual Studio 17 2022 x64 v144)' generator - success
2025-06-25T03:03:22.9790248Z --------------------------------------------------------------------------------
2025-06-25T03:03:22.9790630Z 
2025-06-25T03:03:23.2570777Z Configuring Project
2025-06-25T03:03:23.2571612Z   Working directory:
2025-06-25T03:03:23.2572482Z     D:\a\synthizer3d\synthizer3d\_skbuild\win-amd64-3.9\cmake-build
2025-06-25T03:03:23.2573176Z   Command:
2025-06-25T03:03:23.2587250Z     'C:\hostedtoolcache\windows\Python\3.9.13\x64\Lib\site-packages\cmake\data\bin/cmake.exe' 'D:\a\synthizer3d\synthizer3d\synthizer-vendored' -G Ninja '-DCMAKE_MAKE_PROGRAM:FILEPATH=C:\hostedtoolcache\windows\Python\3.9.13\x64\Scripts\ninja' -D_SKBUILD_FORCE_MSVC=1930 --no-warn-unused-cli '-DCMAKE_INSTALL_PREFIX:PATH=D:\a\synthizer3d\synthizer3d\_skbuild\win-amd64-3.9\cmake-install' -DPYTHON_VERSION_STRING:STRING=3.9.13 -DSKBUILD:INTERNAL=TRUE '-DCMAKE_MODULE_PATH:PATH=C:\hostedtoolcache\windows\Python\3.9.13\x64\lib\site-packages\skbuild\resources\cmake' '-DPYTHON_EXECUTABLE:PATH=C:\hostedtoolcache\windows\Python\3.9.13\x64\python.exe' '-DPYTHON_INCLUDE_DIR:PATH=C:\hostedtoolcache\windows\Python\3.9.13\x64\Include' '-DPYTHON_LIBRARY:PATH=C:\hostedtoolcache\windows\Python\3.9.13\x64\libs\python39.lib' '-DPython_EXECUTABLE:PATH=C:\hostedtoolcache\windows\Python\3.9.13\x64\python.exe' '-DPython_ROOT_DIR:PATH=C:\hostedtoolcache\windows\Python\3.9.13\x64' -DPython_FIND_REGISTRY:STRING=NEVER '-DPython_INCLUDE_DIR:PATH=C:\hostedtoolcache\windows\Python\3.9.13\x64\Include' '-DPython_LIBRARY:PATH=C:\hostedtoolcache\windows\Python\3.9.13\x64\libs\python39.lib' '-DPython3_EXECUTABLE:PATH=C:\hostedtoolcache\windows\Python\3.9.13\x64\python.exe' '-DPython3_ROOT_DIR:PATH=C:\hostedtoolcache\windows\Python\3.9.13\x64' -DPython3_FIND_REGISTRY:STRING=NEVER '-DPython3_INCLUDE_DIR:PATH=C:\hostedtoolcache\windows\Python\3.9.13\x64\Include' '-DPython3_LIBRARY:PATH=C:\hostedtoolcache\windows\Python\3.9.13\x64\libs\python39.lib' '-DCMAKE_MAKE_PROGRAM:FILEPATH=C:\hostedtoolcache\windows\Python\3.9.13\x64\Scripts\ninja' -DCMAKE_BUILD_TYPE=Release -DCMAKE_MSVC_RUNTIME_LIBRARY=MultiThreadedDLL -DSYZ_STATIC_RUNTIME=OFF -DCMAKE_POSITION_INDEPENDENT_CODE=TRUE -DSYZ_INTEGRATING=ON
2025-06-25T03:03:23.2596800Z 
2025-06-25T03:03:23.2708162Z Not searching for unused variables given on the command line.
2025-06-25T03:03:23.6988300Z -- The C compiler identification is MSVC 19.43.34808.0
2025-06-25T03:03:24.0622024Z -- The CXX compiler identification is MSVC 19.43.34808.0
2025-06-25T03:03:24.1081830Z -- Detecting C compiler ABI info
2025-06-25T03:03:24.7602244Z -- Detecting C compiler ABI info - done
2025-06-25T03:03:24.7740419Z -- Check for working C compiler: C:/Program Files/Microsoft Visual Studio/2022/Enterprise/VC/Tools/MSVC/14.43.34808/bin/Hostx86/x64/cl.exe - skipped
2025-06-25T03:03:24.7744410Z -- Detecting C compile features
2025-06-25T03:03:24.7750615Z -- Detecting C compile features - done
2025-06-25T03:03:24.7843061Z -- Detecting CXX compiler ABI info
2025-06-25T03:03:25.2043578Z -- Detecting CXX compiler ABI info - done
2025-06-25T03:03:25.2177413Z -- Check for working CXX compiler: C:/Program Files/Microsoft Visual Studio/2022/Enterprise/VC/Tools/MSVC/14.43.34808/bin/Hostx86/x64/cl.exe - skipped
2025-06-25T03:03:25.2181475Z -- Detecting CXX compile features
2025-06-25T03:03:25.2192731Z -- Detecting CXX compile features - done
2025-06-25T03:03:25.5885104Z -- Performing Test CMAKE_HAVE_LIBC_PTHREAD
2025-06-25T03:03:25.6786188Z -- Performing Test CMAKE_HAVE_LIBC_PTHREAD - Failed
2025-06-25T03:03:25.6787115Z -- Looking for pthread_create in pthreads
2025-06-25T03:03:25.8223509Z -- Looking for pthread_create in pthreads - not found
2025-06-25T03:03:25.8224258Z -- Looking for pthread_create in pthread
2025-06-25T03:03:25.9476118Z -- Looking for pthread_create in pthread - not found
2025-06-25T03:03:25.9487672Z -- Found Threads: TRUE
2025-06-25T03:03:26.0542085Z -- Found SoundTouch: D:/a/synthizer3d/synthizer3d/vcpkg_installed/x64-windows/debug/bin/SoundTouch.dll
2025-06-25T03:03:26.0548671Z -- Performing Test OP_READ_FLOAT_AVAILABLE
2025-06-25T03:03:28.1204371Z -- Performing Test OP_READ_FLOAT_AVAILABLE - Success
2025-06-25T03:03:28.1204855Z -- op_read_float is available
2025-06-25T03:03:32.2997264Z -- Performing Test FILESYSTEM_OK
2025-06-25T03:03:33.9613008Z -- Performing Test FILESYSTEM_OK - Success
2025-06-25T03:03:33.9613490Z -- Found C++17 filesystem support
2025-06-25T03:03:33.9623011Z -- Using vcpkg includes from VCPKG_INSTALLED_PATH: D:\a\synthizer3d\synthizer3d\vcpkg_installed\x64-windows/include
2025-06-25T03:03:36.9440449Z -- Math library not found
2025-06-25T03:03:36.9449995Z -- Configuring done (13.7s)
2025-06-25T03:03:36.9855088Z -- Generating done (0.0s)
2025-06-25T03:03:36.9864936Z -- Build files have been written to: D:/a/synthizer3d/synthizer3d/_skbuild/win-amd64-3.9/cmake-build
2025-06-25T03:03:47.0339997Z [1/29] Building CXX object CMakeFiles\synthizer.dir\src\base_object.cpp.obj
2025-06-25T03:03:47.3468065Z [2/29] Building CXX object CMakeFiles\synthizer.dir\src\audio_output.cpp.obj
2025-06-25T03:03:47.7828087Z [3/29] Building CXX object CMakeFiles\synthizer.dir\src\byte_stream.cpp.obj
2025-06-25T03:03:48.1590865Z [4/29] Building CXX object CMakeFiles\synthizer.dir\src\error.cpp.obj
2025-06-25T03:03:48.4241095Z [5/29] Building CXX object CMakeFiles\synthizer.dir\src\decoding.cpp.obj
2025-06-25T03:03:48.7537725Z cl : Command line warning D9025 : overriding '/WX' with '/WX-'
2025-06-25T03:03:53.3109908Z [6/29] Building CXX object CMakeFiles\synthizer.dir\src\event_timeline.cpp.obj
2025-06-25T03:03:53.3293535Z [7/29] Building C object CMakeFiles\synthizer_single_file_libs.dir\src\single_file_libs.c.obj
2025-06-25T03:03:53.3515136Z [8/29] Building CXX object CMakeFiles\synthizer.dir\src\context.cpp.obj
2025-06-25T03:03:53.3540186Z [9/29] Building CXX object CMakeFiles\synthizer.dir\src\events.cpp.obj
2025-06-25T03:03:53.3576565Z [10/29] Building CXX object CMakeFiles\synthizer.dir\src\logging.cpp.obj
2025-06-25T03:03:53.3621841Z [11/29] Building CXX object CMakeFiles\synthizer.dir\src\generator.cpp.obj
2025-06-25T03:03:53.3718763Z [12/29] Building CXX object CMakeFiles\synthizer.dir\src\property_internals.cpp.obj
2025-06-25T03:03:59.8797382Z [13/29] Building CXX object CMakeFiles\synthizer.dir\src\memory.cpp.obj
2025-06-25T03:03:59.9794453Z [14/29] Building CXX object CMakeFiles\synthizer.dir\src\pausable.cpp.obj
2025-06-25T03:04:00.1723383Z [15/29] Building CXX object CMakeFiles\synthizer.dir\src\routable.cpp.obj
2025-06-25T03:04:00.1964073Z [16/29] Building CXX object CMakeFiles\synthizer.dir\src\data\arrays.cpp.obj
2025-06-25T03:04:00.2518080Z [17/29] Building CXX object CMakeFiles\synthizer.dir\src\data\hrtf.cpp.obj
2025-06-25T03:04:00.3616780Z [18/29] Building CXX object CMakeFiles\synthizer.dir\src\shared_object.cpp.obj
2025-06-25T03:04:00.4948627Z [19/29] Building CXX object CMakeFiles\synthizer.dir\src\streams\custom_stream.cpp.obj
2025-06-25T03:04:02.3135849Z [20/29] Building CXX object CMakeFiles\synthizer.dir\src\streams\memory_stream.cpp.obj
2025-06-25T03:04:02.3649672Z [21/29] Building CXX object CMakeFiles\synthizer.dir\src\router.cpp.obj
2025-06-25T03:04:02.3650662Z [22/29] Building CXX object CMakeFiles\synthizer.dir\src\streams\file.cpp.obj
2025-06-25T03:04:02.5061519Z [23/29] Building CXX object CMakeFiles\synthizer.dir\include\synthizer\decoders\ogg.cpp.obj
2025-06-25T03:04:02.5217896Z [24/29] Building CXX object CMakeFiles\synthizer.dir\include\synthizer\decoders\aac.cpp.obj
2025-06-25T03:04:02.7093086Z [25/29] Building CXX object _deps\wdl-build\CMakeFiles\wdl_objlib.dir\WDL\resample.cpp.obj
2025-06-25T03:04:03.2899512Z [26/29] Buildin-- Install configuration: "Release"
2025-06-25T03:04:03.2916286Z -- Installing: D:/a/synthizer3d/synthizer3d/_skbuild/win-amd64-3.9/cmake-install/lib/synthizer.lib
2025-06-25T03:04:03.3235212Z g CXX object CMakeFiles\synthizer.dir\include\synthizer\decoders\opus.cpp.obj
2025-06-25T03:04:03.3236261Z [27/29] Building CXX object CMakeFiles\synthizer.dir\src\c_api\unity.cpp.obj
2025-06-25T03:04:03.3237676Z [28/29] Linking CXX static library synthizer.lib
2025-06-25T03:04:03.3238182Z [28/29] Install the project...
2025-06-25T03:04:04.7153735Z Found vcpkg lib directory from environment: D:\a\synthizer3d\synthizer3d\vcpkg_installed\x64-windows\lib
2025-06-25T03:04:04.7154790Z Using vcpkg lib dir: D:\a\synthizer3d\synthizer3d\vcpkg_installed\x64-windows\lib for Windows AMD64
2025-06-25T03:04:04.7155407Z Windows: Using dynamic library linking
2025-06-25T03:04:04.7155883Z Compiling synthizer/synthizer.pyx because it changed.
2025-06-25T03:04:04.7156336Z [1/1] Cythonizing synthizer/synthizer.pyx
2025-06-25T03:04:04.7429687Z running egg_info
2025-06-25T03:04:04.7436650Z writing synthizer3d.egg-info\PKG-INFO
2025-06-25T03:04:04.7440451Z writing dependency_links to synthizer3d.egg-info\dependency_links.txt
2025-06-25T03:04:04.7444103Z writing top-level names to synthizer3d.egg-info\top_level.txt
2025-06-25T03:04:04.7458633Z reading manifest file 'synthizer3d.egg-info\SOURCES.txt'
2025-06-25T03:04:04.7869502Z reading manifest template 'MANIFEST.in'
2025-06-25T03:04:04.9248903Z no previously-included directories found matching 'synthizer-c'
2025-06-25T03:04:04.9249494Z adding license file 'LICENSE'
2025-06-25T03:04:04.9694522Z writing manifest file 'synthizer3d.egg-info\SOURCES.txt'
2025-06-25T03:04:05.1799722Z * Building wheel...
2025-06-25T03:04:08.2084196Z Set VCPKG_INSTALLED_PATH to D:\a\synthizer3d\synthizer3d\vcpkg_installed\x64-windows
2025-06-25T03:04:08.2084576Z 
2025-06-25T03:04:08.2084594Z 
2025-06-25T03:04:08.2084844Z --------------------------------------------------------------------------------
2025-06-25T03:04:08.2085312Z -- Trying 'Ninja (Visual Studio 17 2022 x64 v144)' generator
2025-06-25T03:04:08.2085641Z --------------------------------
2025-06-25T03:04:08.2085883Z ---------------------------
2025-06-25T03:04:08.2086112Z ----------------------
2025-06-25T03:04:08.2086298Z -----------------
2025-06-25T03:04:08.2086457Z ------------
2025-06-25T03:04:08.2086614Z -------
2025-06-25T03:04:08.2086751Z --
2025-06-25T03:04:08.2204447Z Not searching for unused variables given on the command line.
2025-06-25T03:04:08.3228673Z CMake Deprecation Warning at CMakeLists.txt:1 (cmake_minimum_required):
2025-06-25T03:04:08.3229455Z   Compatibility with CMake < 3.10 will be removed from a future version of
2025-06-25T03:04:08.3229882Z   CMake.
2025-06-25T03:04:08.3229998Z 
2025-06-25T03:04:08.3230367Z   Update the VERSION argument <min> value.  Or, use the <min>...<max> syntax
2025-06-25T03:04:08.3230916Z   to tell CMake that the project requires at least <min> but has been updated
2025-06-25T03:04:08.3231402Z   to work with policies introduced by <max> or earlier.
2025-06-25T03:04:08.3231620Z 
2025-06-25T03:04:08.3231627Z 
2025-06-25T03:04:08.4925036Z -- The C compiler identification is MSVC 19.43.34808.0
2025-06-25T03:04:08.5130316Z -- Detecting C compiler ABI info
2025-06-25T03:04:08.8344709Z -- Detecting C compiler ABI info - done
2025-06-25T03:04:08.8470341Z -- Check for working C compiler: C:/Program Files/Microsoft Visual Studio/2022/Enterprise/VC/Tools/MSVC/14.43.34808/bin/Hostx86/x64/cl.exe - skipped
2025-06-25T03:04:08.8474307Z -- Detecting C compile features
2025-06-25T03:04:08.8480306Z -- Detecting C compile features - done
2025-06-25T03:04:09.0109393Z -- The CXX compiler identification is MSVC 19.43.34808.0
2025-06-25T03:04:09.0192673Z -- Detecting CXX compiler ABI info
2025-06-25T03:04:09.3478523Z -- Detecting CXX compiler ABI info - done
2025-06-25T03:04:09.3604446Z -- Check for working CXX compiler: C:/Program Files/Microsoft Visual Studio/2022/Enterprise/VC/Tools/MSVC/14.43.34808/bin/Hostx86/x64/cl.exe - skipped
2025-06-25T03:04:09.3608587Z -- Detecting CXX compile features
2025-06-25T03:04:09.3619928Z -- Detecting CXX compile features - done
2025-06-25T03:04:09.3648124Z -- Configuring done (1.1s)
2025-06-25T03:04:09.3792243Z -- Generating done (0.0s)
2025-06-25T03:04:09.3799667Z -- Build files have been written to: D:/a/synthizer3d/synthizer3d/_cmake_test_compile/build
2025-06-25T03:04:09.3859893Z --
2025-06-25T03:04:09.3860144Z -------
2025-06-25T03:04:09.3860371Z ------------
2025-06-25T03:04:09.3860592Z -----------------
2025-06-25T03:04:09.3860824Z ----------------------
2025-06-25T03:04:09.3861049Z ---------------------------
2025-06-25T03:04:09.3861294Z --------------------------------
2025-06-25T03:04:09.3861694Z -- Trying 'Ninja (Visual Studio 17 2022 x64 v144)' generator - success
2025-06-25T03:04:09.3862193Z --------------------------------------------------------------------------------
2025-06-25T03:04:09.3862641Z 
2025-06-25T03:04:09.3891532Z Configuring Project
2025-06-25T03:04:09.3891935Z   Working directory:
2025-06-25T03:04:09.3892374Z     D:\a\synthizer3d\synthizer3d\_skbuild\win-amd64-3.9\cmake-build
2025-06-25T03:04:09.3892737Z   Command:
2025-06-25T03:04:09.3901791Z     'C:\hostedtoolcache\windows\Python\3.9.13\x64\Lib\site-packages\cmake\data\bin/cmake.exe' 'D:\a\synthizer3d\synthizer3d\synthizer-vendored' -G Ninja '-DCMAKE_MAKE_PROGRAM:FILEPATH=C:\hostedtoolcache\windows\Python\3.9.13\x64\Scripts\ninja' -D_SKBUILD_FORCE_MSVC=1930 --no-warn-unused-cli '-DCMAKE_INSTALL_PREFIX:PATH=D:\a\synthizer3d\synthizer3d\_skbuild\win-amd64-3.9\cmake-install' -DPYTHON_VERSION_STRING:STRING=3.9.13 -DSKBUILD:INTERNAL=TRUE '-DCMAKE_MODULE_PATH:PATH=C:\hostedtoolcache\windows\Python\3.9.13\x64\lib\site-packages\skbuild\resources\cmake' '-DPYTHON_EXECUTABLE:PATH=C:\hostedtoolcache\windows\Python\3.9.13\x64\python.exe' '-DPYTHON_INCLUDE_DIR:PATH=C:\hostedtoolcache\windows\Python\3.9.13\x64\Include' '-DPYTHON_LIBRARY:PATH=C:\hostedtoolcache\windows\Python\3.9.13\x64\libs\python39.lib' '-DPython_EXECUTABLE:PATH=C:\hostedtoolcache\windows\Python\3.9.13\x64\python.exe' '-DPython_ROOT_DIR:PATH=C:\hostedtoolcache\windows\Python\3.9.13\x64' -DPython_FIND_REGISTRY:STRING=NEVER '-DPython_INCLUDE_DIR:PATH=C:\hostedtoolcache\windows\Python\3.9.13\x64\Include' '-DPython_LIBRARY:PATH=C:\hostedtoolcache\windows\Python\3.9.13\x64\libs\python39.lib' '-DPython3_EXECUTABLE:PATH=C:\hostedtoolcache\windows\Python\3.9.13\x64\python.exe' '-DPython3_ROOT_DIR:PATH=C:\hostedtoolcache\windows\Python\3.9.13\x64' -DPython3_FIND_REGISTRY:STRING=NEVER '-DPython3_INCLUDE_DIR:PATH=C:\hostedtoolcache\windows\Python\3.9.13\x64\Include' '-DPython3_LIBRARY:PATH=C:\hostedtoolcache\windows\Python\3.9.13\x64\libs\python39.lib' '-DCMAKE_MAKE_PROGRAM:FILEPATH=C:\hostedtoolcache\windows\Python\3.9.13\x64\Scripts\ninja' -DCMAKE_BUILD_TYPE=Release -DCMAKE_MSVC_RUNTIME_LIBRARY=MultiThreadedDLL -DSYZ_STATIC_RUNTIME=OFF -DCMAKE_POSITION_INDEPENDENT_CODE=TRUE -DSYZ_INTEGRATING=ON
2025-06-25T03:04:09.3910971Z 
2025-06-25T03:04:09.4019935Z Not searching for unused variables given on the command line.
2025-06-25T03:04:09.8354603Z -- Found SoundTouch: D:/a/synthizer3d/synthizer3d/vcpkg_installed/x64-windows/debug/bin/SoundTouch.dll
2025-06-25T03:04:09.8360009Z -- op_read_float is available
2025-06-25T03:04:11.3569060Z -- Found C++17 filesystem support
2025-06-25T03:04:11.3578079Z -- Using vcpkg includes from VCPKG_INSTALLED_PATH: D:\a\synthizer3d\synthizer3d\vcpkg_installed\x64-windows/include
2025-06-25T03:04:11.4154802Z -- Math library not found
2025-06-25T03:04:11.4164036Z -- Configuring done (2.0s)
2025-06-25T03:04:11.4584779Z -- Generating done (0.0s)
2025-06-25T03:04:11.4593749Z -- Build files have been written to: D:/a/synthizer3d/synthizer3d/_skbuild/win-amd64-3.9/cmake-build
2025-06-25T03:04:11.5188375Z -- Install configuration: "Release"
2025-06-25T03:04:11.5203524Z -- Up-to-date: D:/a/synthizer3d/synthizer3d/_skbuild/win-amd64-3.9/cmake-install/lib/synthizer.lib
2025-06-25T03:04:11.5236292Z [0/1] Install the project...
2025-06-25T03:04:11.6830237Z Found vcpkg lib directory from environment: D:\a\synthizer3d\synthizer3d\vcpkg_installed\x64-windows\lib
2025-06-25T03:04:11.6831509Z Using vcpkg lib dir: D:\a\synthizer3d\synthizer3d\vcpkg_installed\x64-windows\lib for Windows AMD64
2025-06-25T03:04:11.6832283Z Windows: Using dynamic library linking
2025-06-25T03:04:11.7052286Z running bdist_wheel
2025-06-25T03:04:11.7305850Z running build
2025-06-25T03:04:11.7306261Z running build_py
2025-06-25T03:04:11.7310653Z creating build
2025-06-25T03:04:11.7311624Z creating build\lib.win-amd64-3.9
2025-06-25T03:04:11.7312494Z creating build\lib.win-amd64-3.9\synthizer
2025-06-25T03:04:11.7314664Z copying synthizer\__init__.py -> build\lib.win-amd64-3.9\synthizer
2025-06-25T03:04:11.7317392Z running egg_info
2025-06-25T03:04:11.7318639Z writing synthizer3d.egg-info\PKG-INFO
2025-06-25T03:04:11.7321525Z writing dependency_links to synthizer3d.egg-info\dependency_links.txt
2025-06-25T03:04:11.7325262Z writing top-level names to synthizer3d.egg-info\top_level.txt
2025-06-25T03:04:11.7335641Z reading manifest file 'synthizer3d.egg-info\SOURCES.txt'
2025-06-25T03:04:11.7742947Z reading manifest template 'MANIFEST.in'
2025-06-25T03:04:11.9120999Z no previously-included directories found matching 'synthizer-c'
2025-06-25T03:04:11.9121784Z adding license file 'LICENSE'
2025-06-25T03:04:11.9566693Z writing manifest file 'synthizer3d.egg-info\SOURCES.txt'
2025-06-25T03:04:11.9952842Z copying synthizer\__init__.pyi -> build\lib.win-amd64-3.9\synthizer
2025-06-25T03:04:11.9957938Z copying synthizer\py.typed -> build\lib.win-amd64-3.9\synthizer
2025-06-25T03:04:11.9962259Z copying synthizer\synthizer.cpp -> build\lib.win-amd64-3.9\synthizer
2025-06-25T03:04:11.9991473Z copying synthizer\synthizer.pxd -> build\lib.win-amd64-3.9\synthizer
2025-06-25T03:04:11.9996396Z copying synthizer\synthizer.pyi -> build\lib.win-amd64-3.9\synthizer
2025-06-25T03:04:12.0001126Z copying synthizer\synthizer.pyx -> build\lib.win-amd64-3.9\synthizer
2025-06-25T03:04:12.0011518Z copying synthizer\synthizer_constants.pxd -> build\lib.win-amd64-3.9\synthizer
2025-06-25T03:04:12.0016574Z running build_ext
2025-06-25T03:04:12.0023999Z building 'synthizer.synthizer' extension
2025-06-25T03:04:13.7657664Z creating build\temp.win-amd64-3.9
2025-06-25T03:04:13.7658769Z creating build\temp.win-amd64-3.9\Release
2025-06-25T03:04:13.7659542Z creating build\temp.win-amd64-3.9\Release\synthizer
2025-06-25T03:04:13.7672624Z C:\Program Files\Microsoft Visual Studio\2022\Enterprise\VC\Tools\MSVC\14.43.34808\bin\HostX86\x64\cl.exe /c /nologo /Ox /W3 /GL /DNDEBUG /MD -ID:\a\synthizer3d\synthizer3d\synthizer-vendored\include -IC:\hostedtoolcache\windows\Python\3.9.13\x64\include -IC:\hostedtoolcache\windows\Python\3.9.13\x64\include -IC:\Program Files\Microsoft Visual Studio\2022\Enterprise\VC\Tools\MSVC\14.43.34808\include -IC:\Program Files\Microsoft Visual Studio\2022\Enterprise\VC\Tools\MSVC\14.43.34808\ATLMFC\include -IC:\Program Files\Microsoft Visual Studio\2022\Enterprise\VC\Auxiliary\VS\include -IC:\Program Files (x86)\Windows Kits\10\include\10.0.26100.0\ucrt -IC:\Program Files (x86)\Windows Kits\10\\include\10.0.26100.0\\um -IC:\Program Files (x86)\Windows Kits\10\\include\10.0.26100.0\\shared -IC:\Program Files (x86)\Windows Kits\10\\include\10.0.26100.0\\winrt -IC:\Program Files (x86)\Windows Kits\10\\include\10.0.26100.0\\cppwinrt -IC:\Program Files (x86)\Windows Kits\NETFXSDK\4.8\include\um -IC:\Program Files\Microsoft Visual Studio\2022\Enterprise\VC\Tools\MSVC\14.43.34808\include -IC:\Program Files\Microsoft Visual Studio\2022\Enterprise\VC\Tools\MSVC\14.43.34808\ATLMFC\include -IC:\Program Files\Microsoft Visual Studio\2022\Enterprise\VC\Auxiliary\VS\include -IC:\Program Files (x86)\Windows Kits\10\include\10.0.26100.0\ucrt -IC:\Program Files (x86)\Windows Kits\10\\include\10.0.26100.0\\um -IC:\Program Files (x86)\Windows Kits\10\\include\10.0.26100.0\\shared -IC:\Program Files (x86)\Windows Kits\10\\include\10.0.26100.0\\winrt -IC:\Program Files (x86)\Windows Kits\10\\include\10.0.26100.0\\cppwinrt -IC:\Program Files (x86)\Windows Kits\NETFXSDK\4.8\include\um /EHsc /Tpsynthizer/synthizer.cpp /Fobuild\temp.win-amd64-3.9\Release\synthizer/synthizer.obj
2025-06-25T03:04:13.7804880Z synthizer.cpp
2025-06-25T03:04:16.3125324Z ##[warning]synthizer/synthizer.cpp(45576): warning C4244: 'argument': conversion from 'Py_ssize_t' to 'unsigned int', possible loss of data
2025-06-25T03:04:16.4271717Z ##[warning]synthizer/synthizer.cpp(61068): warning C4996: 'PyEval_InitThreads': deprecated in 3.9
2025-06-25T03:04:16.4752113Z ##[warning]synthizer/synthizer.cpp(68229): warning C4551: function call missing argument list
2025-06-25T03:04:16.4754182Z ##[warning]synthizer/synthizer.cpp(68236): warning C4551: function call missing argument list
2025-06-25T03:04:16.5356011Z ##[warning]synthizer/synthizer.cpp(73697): warning C4551: function call missing argument list
2025-06-25T03:04:16.5794088Z C:\Program Files\Microsoft Visual Studio\2022\Enterprise\VC\Tools\MSVC\14.43.34808\bin\HostX86\x64\link.exe /nologo /INCREMENTAL:NO /LTCG /DLL /MANIFEST:EMBED,ID=2 /MANIFESTUAC:NO /LIBPATH:D:\a\synthizer3d\synthizer3d\_skbuild\win-amd64-3.9\cmake-install\lib /LIBPATH:D:\a\synthizer3d\synthizer3d\vcpkg_installed\x64-windows\lib /LIBPATH:C:\hostedtoolcache\windows\Python\3.9.13\x64\libs /LIBPATH:C:\hostedtoolcache\windows\Python\3.9.13\x64\PCbuild\amd64 /LIBPATH:C:\Program Files\Microsoft Visual Studio\2022\Enterprise\VC\Tools\MSVC\14.43.34808\ATLMFC\lib\x64 /LIBPATH:C:\Program Files\Microsoft Visual Studio\2022\Enterprise\VC\Tools\MSVC\14.43.34808\lib\x64 /LIBPATH:C:\Program Files (x86)\Windows Kits\NETFXSDK\4.8\lib\um\x64 /LIBPATH:C:\Program Files (x86)\Windows Kits\10\lib\10.0.26100.0\ucrt\x64 /LIBPATH:C:\Program Files (x86)\Windows Kits\10\\lib\10.0.26100.0\\um\x64 /LIBPATH:C:\Program Files\Microsoft Visual Studio\2022\Enterprise\VC\Tools\MSVC\14.43.34808\ATLMFC\lib\x64 /LIBPATH:C:\Program Files\Microsoft Visual Studio\2022\Enterprise\VC\Tools\MSVC\14.43.34808\lib\x64 /LIBPATH:C:\Program Files (x86)\Windows Kits\NETFXSDK\4.8\lib\um\x64 /LIBPATH:C:\Program Files (x86)\Windows Kits\10\lib\10.0.26100.0\ucrt\x64 /LIBPATH:C:\Program Files (x86)\Windows Kits\10\\lib\10.0.26100.0\\um\x64 synthizer.lib ogg.lib opus.lib vorbis.lib vorbisenc.lib opusfile.lib vorbisfile.lib SoundTouch.lib faad2.lib /EXPORT:PyInit_synthizer build\temp.win-amd64-3.9\Release\synthizer/synthizer.obj /OUT:build\lib.win-amd64-3.9\synthizer\synthizer.cp39-win_amd64.pyd /IMPLIB:build\temp.win-amd64-3.9\Release\synthizer\synthizer.cp39-win_amd64.lib
2025-06-25T03:04:16.5884649Z LINK : fatal error LNK1181: cannot open input file 'faad2.lib'
2025-06-25T03:04:16.5906679Z error: command 'C:\\Program Files\\Microsoft Visual Studio\\2022\\Enterprise\\VC\\Tools\\MSVC\\14.43.34808\\bin\\HostX86\\x64\\link.exe' failed with exit code 1181
2025-06-25T03:04:16.6216033Z 
2025-06-25T03:04:16.6216674Z ERROR Backend subprocess exited when trying to invoke build_wheel
2025-06-25T03:04:16.6681281Z ##[error]Process completed with exit code 1.
2025-06-25T03:04:16.6834147Z Post job cleanup.
2025-06-25T03:04:16.9206124Z [command]"C:\Program Files\Git\bin\git.exe" version
2025-06-25T03:04:16.9422113Z git version 2.49.0.windows.1
2025-06-25T03:04:16.9487008Z Temporarily overriding HOME='D:\a\_temp\8dd6418d-fc88-4d22-99d4-6d421333a056' before making global git config changes
2025-06-25T03:04:16.9487778Z Adding repository directory to the temporary git global config as a safe directory
2025-06-25T03:04:16.9499508Z [command]"C:\Program Files\Git\bin\git.exe" config --global --add safe.directory D:\a\synthizer3d\synthizer3d
2025-06-25T03:04:16.9744710Z [command]"C:\Program Files\Git\bin\git.exe" config --local --name-only --get-regexp core\.sshCommand
2025-06-25T03:04:16.9966431Z [command]"C:\Program Files\Git\bin\git.exe" submodule foreach --recursive "sh -c \"git config --local --name-only --get-regexp 'core\.sshCommand' && git config --local --unset-all 'core.sshCommand' || :\""
2025-06-25T03:04:17.4148775Z [command]"C:\Program Files\Git\bin\git.exe" config --local --name-only --get-regexp http\.https\:\/\/github\.com\/\.extraheader
2025-06-25T03:04:17.4337209Z http.https://github.com/.extraheader
2025-06-25T03:04:17.4372155Z [command]"C:\Program Files\Git\bin\git.exe" config --local --unset-all http.https://github.com/.extraheader
2025-06-25T03:04:17.4601051Z [command]"C:\Program Files\Git\bin\git.exe" submodule foreach --recursive "sh -c \"git config --local --name-only --get-regexp 'http\.https\:\/\/github\.com\/\.extraheader' && git config --local --unset-all 'http.https://github.com/.extraheader' || :\""
2025-06-25T03:04:17.8824512Z Cleaning up orphan processes
2025-06-25T03:04:17.9130135Z Terminate orphan process: pid (1996) (vctip)
2025-06-25T03:04:17.9311991Z Terminate orphan process: pid (6608) (mspdbsrv)