2025-06-25T17:10:05.0732531Z Current runner version: '2.325.0'
2025-06-25T17:10:05.0757798Z ##[group]Runner Image Provisioner
2025-06-25T17:10:05.0758675Z Hosted Compute Agent
2025-06-25T17:10:05.0759282Z Version: 20250620.352
2025-06-25T17:10:05.0759884Z Commit: f262f3aba23b10ea191b2a62bdee1ca4c3d344da
2025-06-25T17:10:05.0760534Z Build Date: 2025-06-20T19:27:17Z
2025-06-25T17:10:05.0761503Z ##[endgroup]
2025-06-25T17:10:05.0761996Z ##[group]Operating System
2025-06-25T17:10:05.0762566Z Ubuntu
2025-06-25T17:10:05.0763035Z 24.04.2
2025-06-25T17:10:05.0763710Z LTS
2025-06-25T17:10:05.0764191Z ##[endgroup]
2025-06-25T17:10:05.0764680Z ##[group]Runner Image
2025-06-25T17:10:05.0765227Z Image: ubuntu-24.04
2025-06-25T17:10:05.0765685Z Version: 20250602.3.0
2025-06-25T17:10:05.0766691Z Included Software: https://github.com/actions/runner-images/blob/ubuntu24/20250602.3/images/ubuntu/Ubuntu2404-Readme.md
2025-06-25T17:10:05.0768178Z Image Release: https://github.com/actions/runner-images/releases/tag/ubuntu24%2F20250602.3
2025-06-25T17:10:05.0769238Z ##[endgroup]
2025-06-25T17:10:05.0771546Z ##[group]GITHUB_TOKEN Permissions
2025-06-25T17:10:05.0774486Z Actions: write
2025-06-25T17:10:05.0775020Z Attestations: write
2025-06-25T17:10:05.0775530Z Checks: write
2025-06-25T17:10:05.0775956Z Contents: write
2025-06-25T17:10:05.0776519Z Deployments: write
2025-06-25T17:10:05.0776990Z Discussions: write
2025-06-25T17:10:05.0777488Z Issues: write
2025-06-25T17:10:05.0777983Z Metadata: read
2025-06-25T17:10:05.0778457Z Models: read
2025-06-25T17:10:05.0778897Z Packages: write
2025-06-25T17:10:05.0779445Z Pages: write
2025-06-25T17:10:05.0779948Z PullRequests: write
2025-06-25T17:10:05.0780476Z RepositoryProjects: write
2025-06-25T17:10:05.0781081Z SecurityEvents: write
2025-06-25T17:10:05.0781658Z Statuses: write
2025-06-25T17:10:05.0782156Z ##[endgroup]
2025-06-25T17:10:05.0784747Z Secret source: Actions
2025-06-25T17:10:05.0785770Z Prepare workflow directory
2025-06-25T17:10:05.1371817Z Prepare all required actions
2025-06-25T17:10:05.1410870Z Getting action download info
2025-06-25T17:10:05.5345702Z ##[group]Download immutable action package 'actions/checkout@v4'
2025-06-25T17:10:05.5346740Z Version: 4.2.2
2025-06-25T17:10:05.5347780Z Digest: sha256:ccb2698953eaebd21c7bf6268a94f9c26518a7e38e27e0b83c1fe1ad049819b1
2025-06-25T17:10:05.5348994Z Source commit SHA: 11bd71901bbe5b1630ceea73d27597364c9af683
2025-06-25T17:10:05.5349665Z ##[endgroup]
2025-06-25T17:10:05.6408030Z ##[group]Download immutable action package 'actions/cache@v4'
2025-06-25T17:10:05.6408803Z Version: 4.2.3
2025-06-25T17:10:05.6409618Z Digest: sha256:c8a3bb963e1f1826d8fcc8d1354f0dd29d8ac1db1d4f6f20247055ae11b81ed9
2025-06-25T17:10:05.6410574Z Source commit SHA: 5a3ec84eff668545956fd18022155c47e93e2684
2025-06-25T17:10:05.6411247Z ##[endgroup]
2025-06-25T17:10:05.7428227Z Download action repository 'lukka/run-vcpkg@v11' (SHA:7d259227a1fb6471a0253dd5ab7419835228f7d7)
2025-06-25T17:10:06.1917532Z ##[group]Download immutable action package 'actions/upload-artifact@v4'
2025-06-25T17:10:06.1918325Z Version: 4.6.2
2025-06-25T17:10:06.1919125Z Digest: sha256:290722aa3281d5caf23d0acdc3dbeb3424786a1a01a9cc97e72f147225e37c38
2025-06-25T17:10:06.1920110Z Source commit SHA: ea165f8d65b6e75b540449e92b4886f43607fa02
2025-06-25T17:10:06.1920753Z ##[endgroup]
2025-06-25T17:10:06.3938752Z Complete job name: Build Linux (x86_64) Python 3.8
2025-06-25T17:10:06.4396970Z ##[group]Checking docker version
2025-06-25T17:10:06.4410353Z ##[command]/usr/bin/docker version --format '{{.Server.APIVersion}}'
2025-06-25T17:10:06.5384479Z '1.48'
2025-06-25T17:10:06.5396486Z Docker daemon API version: '1.48'
2025-06-25T17:10:06.5397213Z ##[command]/usr/bin/docker version --format '{{.Client.APIVersion}}'
2025-06-25T17:10:06.5559557Z '1.48'
2025-06-25T17:10:06.5574006Z Docker client API version: '1.48'
2025-06-25T17:10:06.5579960Z ##[endgroup]
2025-06-25T17:10:06.5582823Z ##[group]Clean up resources from previous jobs
2025-06-25T17:10:06.5588540Z ##[command]/usr/bin/docker ps --all --quiet --no-trunc --filter "label=184e60"
2025-06-25T17:10:06.5734757Z ##[command]/usr/bin/docker network prune --force --filter "label=184e60"
2025-06-25T17:10:06.5870303Z ##[endgroup]
2025-06-25T17:10:06.5870769Z ##[group]Create local container network
2025-06-25T17:10:06.5881549Z ##[command]/usr/bin/docker network create --label 184e60 github_network_b8ddf92b8dde48afbdba9fefcae299b7
2025-06-25T17:10:06.6386742Z 379f1e8ad568b46a511db089b01908604db71ddf1457195551d30388686ee5c0
2025-06-25T17:10:06.6405656Z ##[endgroup]
2025-06-25T17:10:06.6428883Z ##[group]Starting job container
2025-06-25T17:10:06.6449397Z ##[command]/usr/bin/docker pull quay.io/pypa/manylinux_2_28_x86_64
2025-06-25T17:10:06.6555081Z Using default tag: latest
2025-06-25T17:10:07.3974234Z latest: Pulling from pypa/manylinux_2_28_x86_64
2025-06-25T17:10:07.3981814Z 1609df1ab4d8: Pulling fs layer
2025-06-25T17:10:07.3983311Z 2ba8e59d843b: Pulling fs layer
2025-06-25T17:10:07.3984582Z f2d4f9debb8c: Pulling fs layer
2025-06-25T17:10:07.3985386Z e9a89bd7d45e: Pulling fs layer
2025-06-25T17:10:07.3986219Z 44474e722c41: Pulling fs layer
2025-06-25T17:10:07.3987000Z bdcc0f669590: Pulling fs layer
2025-06-25T17:10:07.3987777Z 530b6c091115: Pulling fs layer
2025-06-25T17:10:07.3988549Z eb3cf97cc48d: Pulling fs layer
2025-06-25T17:10:07.3989343Z bd9abad2d319: Pulling fs layer
2025-06-25T17:10:07.3990194Z 5d7daca6b5a9: Pulling fs layer
2025-06-25T17:10:07.3991028Z 4b75f196c5fe: Pulling fs layer
2025-06-25T17:10:07.3991851Z b1d6fdcacaf4: Pulling fs layer
2025-06-25T17:10:07.3992663Z 264ec434db2b: Pulling fs layer
2025-06-25T17:10:07.3993725Z 53b98b9ab781: Pulling fs layer
2025-06-25T17:10:07.3994536Z 670f68193bfa: Pulling fs layer
2025-06-25T17:10:07.3995336Z 4f4fb700ef54: Pulling fs layer
2025-06-25T17:10:07.3996114Z 57882cc431f3: Pulling fs layer
2025-06-25T17:10:07.3996918Z 98052e3f9c4a: Pulling fs layer
2025-06-25T17:10:07.3997705Z d3e2db1809bc: Pulling fs layer
2025-06-25T17:10:07.3998496Z 8692e3115e8f: Pulling fs layer
2025-06-25T17:10:07.3999297Z 18842d74424d: Pulling fs layer
2025-06-25T17:10:07.4000184Z b535a64d8aec: Pulling fs layer
2025-06-25T17:10:07.4001145Z e9a89bd7d45e: Waiting
2025-06-25T17:10:07.4001972Z 44474e722c41: Waiting
2025-06-25T17:10:07.4002798Z bdcc0f669590: Waiting
2025-06-25T17:10:07.4003828Z 530b6c091115: Waiting
2025-06-25T17:10:07.4004694Z eb3cf97cc48d: Waiting
2025-06-25T17:10:07.4005569Z bd9abad2d319: Waiting
2025-06-25T17:10:07.4006498Z 5d7daca6b5a9: Waiting
2025-06-25T17:10:07.4007386Z 4b75f196c5fe: Waiting
2025-06-25T17:10:07.4008245Z b1d6fdcacaf4: Waiting
2025-06-25T17:10:07.4009098Z 98052e3f9c4a: Waiting
2025-06-25T17:10:07.4009945Z d3e2db1809bc: Waiting
2025-06-25T17:10:07.4010793Z 8692e3115e8f: Waiting
2025-06-25T17:10:07.4011630Z 264ec434db2b: Waiting
2025-06-25T17:10:07.4012478Z 53b98b9ab781: Waiting
2025-06-25T17:10:07.4013422Z 18842d74424d: Waiting
2025-06-25T17:10:07.4014271Z 670f68193bfa: Waiting
2025-06-25T17:10:07.4015128Z b535a64d8aec: Waiting
2025-06-25T17:10:07.4015986Z 4f4fb700ef54: Waiting
2025-06-25T17:10:07.4016824Z 57882cc431f3: Waiting
2025-06-25T17:10:07.8198124Z 2ba8e59d843b: Verifying Checksum
2025-06-25T17:10:07.8199194Z 2ba8e59d843b: Download complete
2025-06-25T17:10:07.8338077Z f2d4f9debb8c: Download complete
2025-06-25T17:10:08.0392032Z e9a89bd7d45e: Verifying Checksum
2025-06-25T17:10:08.0394148Z e9a89bd7d45e: Download complete
2025-06-25T17:10:08.0455924Z 44474e722c41: Verifying Checksum
2025-06-25T17:10:08.0458333Z 44474e722c41: Download complete
2025-06-25T17:10:08.2134385Z bdcc0f669590: Verifying Checksum
2025-06-25T17:10:08.2135241Z bdcc0f669590: Download complete
2025-06-25T17:10:08.4358825Z eb3cf97cc48d: Verifying Checksum
2025-06-25T17:10:08.4359562Z eb3cf97cc48d: Download complete
2025-06-25T17:10:08.6175214Z bd9abad2d319: Verifying Checksum
2025-06-25T17:10:08.6176675Z bd9abad2d319: Download complete
2025-06-25T17:10:08.8756474Z 5d7daca6b5a9: Verifying Checksum
2025-06-25T17:10:08.8758277Z 5d7daca6b5a9: Download complete
2025-06-25T17:10:09.0426375Z 4b75f196c5fe: Download complete
2025-06-25T17:10:09.2931747Z b1d6fdcacaf4: Verifying Checksum
2025-06-25T17:10:09.2933022Z b1d6fdcacaf4: Download complete
2025-06-25T17:10:09.5019245Z 264ec434db2b: Verifying Checksum
2025-06-25T17:10:09.5019830Z 264ec434db2b: Download complete
2025-06-25T17:10:09.7431690Z 53b98b9ab781: Verifying Checksum
2025-06-25T17:10:09.7432523Z 53b98b9ab781: Download complete
2025-06-25T17:10:09.9331681Z 670f68193bfa: Verifying Checksum
2025-06-25T17:10:09.9332387Z 670f68193bfa: Download complete
2025-06-25T17:10:10.1315987Z 4f4fb700ef54: Verifying Checksum
2025-06-25T17:10:10.1317587Z 4f4fb700ef54: Download complete
2025-06-25T17:10:10.3186914Z 57882cc431f3: Download complete
2025-06-25T17:10:10.5999926Z 98052e3f9c4a: Verifying Checksum
2025-06-25T17:10:10.6000483Z 98052e3f9c4a: Download complete
2025-06-25T17:10:10.9149224Z 1609df1ab4d8: Verifying Checksum
2025-06-25T17:10:10.9153532Z 1609df1ab4d8: Download complete
2025-06-25T17:10:11.1144349Z 8692e3115e8f: Verifying Checksum
2025-06-25T17:10:11.1144960Z 8692e3115e8f: Download complete
2025-06-25T17:10:11.2551828Z d3e2db1809bc: Verifying Checksum
2025-06-25T17:10:11.2553970Z d3e2db1809bc: Download complete
2025-06-25T17:10:11.4286060Z b535a64d8aec: Verifying Checksum
2025-06-25T17:10:11.4286556Z b535a64d8aec: Download complete
2025-06-25T17:10:13.3381183Z 1609df1ab4d8: Pull complete
2025-06-25T17:10:13.9171916Z 2ba8e59d843b: Pull complete
2025-06-25T17:10:13.9875654Z f2d4f9debb8c: Pull complete
2025-06-25T17:10:14.0114988Z e9a89bd7d45e: Pull complete
2025-06-25T17:10:14.0255994Z 44474e722c41: Pull complete
2025-06-25T17:10:14.0376361Z bdcc0f669590: Pull complete
2025-06-25T17:10:15.5171680Z 18842d74424d: Verifying Checksum
2025-06-25T17:10:15.5172324Z 18842d74424d: Download complete
2025-06-25T17:10:15.5689894Z 530b6c091115: Verifying Checksum
2025-06-25T17:10:15.5690418Z 530b6c091115: Download complete
2025-06-25T17:10:22.7058030Z 530b6c091115: Pull complete
2025-06-25T17:10:22.7172187Z eb3cf97cc48d: Pull complete
2025-06-25T17:10:22.7290977Z bd9abad2d319: Pull complete
2025-06-25T17:10:22.7765254Z 5d7daca6b5a9: Pull complete
2025-06-25T17:10:22.7868042Z 4b75f196c5fe: Pull complete
2025-06-25T17:10:22.8435192Z b1d6fdcacaf4: Pull complete
2025-06-25T17:10:22.8536491Z 264ec434db2b: Pull complete
2025-06-25T17:10:22.9023927Z 53b98b9ab781: Pull complete
2025-06-25T17:10:22.9136508Z 670f68193bfa: Pull complete
2025-06-25T17:10:22.9229324Z 4f4fb700ef54: Pull complete
2025-06-25T17:10:22.9441493Z 57882cc431f3: Pull complete
2025-06-25T17:10:22.9745597Z 98052e3f9c4a: Pull complete
2025-06-25T17:10:23.1710640Z d3e2db1809bc: Pull complete
2025-06-25T17:10:23.1914852Z 8692e3115e8f: Pull complete
2025-06-25T17:10:36.5910289Z 18842d74424d: Pull complete
2025-06-25T17:10:36.6090549Z b535a64d8aec: Pull complete
2025-06-25T17:10:36.6126688Z Digest: sha256:c11457fba0d6cd656a3018aa4638d0ed5eda73781eb94522f6c30e5be8837d34
2025-06-25T17:10:36.6138600Z Status: Downloaded newer image for quay.io/pypa/manylinux_2_28_x86_64:latest
2025-06-25T17:10:36.6150187Z quay.io/pypa/manylinux_2_28_x86_64:latest
2025-06-25T17:10:36.6233847Z ##[command]/usr/bin/docker create --name 12f5a2c2bd6b409f89ff90cfd06d50e6_quayiopypamanylinux_2_28_x86_64_c29e0a --label 184e60 --workdir /__w/synthizer3d/synthizer3d --network github_network_b8ddf92b8dde48afbdba9fefcae299b7 --user root -e "HOME=/github/home" -e GITHUB_ACTIONS=true -e CI=true -v "/var/run/docker.sock":"/var/run/docker.sock" -v "/home/runner/work":"/__w" -v "/home/runner/actions-runner/cached/externals":"/__e":ro -v "/home/runner/work/_temp":"/__w/_temp" -v "/home/runner/work/_actions":"/__w/_actions" -v "/opt/hostedtoolcache":"/__t" -v "/home/runner/work/_temp/_github_home":"/github/home" -v "/home/runner/work/_temp/_github_workflow":"/github/workflow" --entrypoint "tail" quay.io/pypa/manylinux_2_28_x86_64 "-f" "/dev/null"
2025-06-25T17:10:36.6542350Z 4156845706a1a4ee028fa601c8a74eb0d698ea3aec5c0743e37a17e15a7c58e4
2025-06-25T17:10:36.6566425Z ##[command]/usr/bin/docker start 4156845706a1a4ee028fa601c8a74eb0d698ea3aec5c0743e37a17e15a7c58e4
2025-06-25T17:10:36.8451220Z 4156845706a1a4ee028fa601c8a74eb0d698ea3aec5c0743e37a17e15a7c58e4
2025-06-25T17:10:36.8476490Z ##[command]/usr/bin/docker ps --all --filter id=4156845706a1a4ee028fa601c8a74eb0d698ea3aec5c0743e37a17e15a7c58e4 --filter status=running --no-trunc --format "{{.ID}} {{.Status}}"
2025-06-25T17:10:36.8602162Z 4156845706a1a4ee028fa601c8a74eb0d698ea3aec5c0743e37a17e15a7c58e4 Up Less than a second
2025-06-25T17:10:36.8621812Z ##[command]/usr/bin/docker inspect --format "{{range .Config.Env}}{{println .}}{{end}}" 4156845706a1a4ee028fa601c8a74eb0d698ea3aec5c0743e37a17e15a7c58e4
2025-06-25T17:10:36.8738894Z HOME=/github/home
2025-06-25T17:10:36.8740784Z GITHUB_ACTIONS=true
2025-06-25T17:10:36.8741134Z CI=true
2025-06-25T17:10:36.8741671Z PATH=/opt/rh/gcc-toolset-14/root/usr/bin:/usr/local/sbin:/usr/local/bin:/usr/sbin:/usr/bin:/sbin:/bin
2025-06-25T17:10:36.8742340Z LANG=en_US.UTF-8
2025-06-25T17:10:36.8742688Z AUDITWHEEL_POLICY=manylinux_2_28
2025-06-25T17:10:36.8743253Z AUDITWHEEL_ARCH=x86_64
2025-06-25T17:10:36.8743597Z AUDITWHEEL_PLAT=manylinux_2_28_x86_64
2025-06-25T17:10:36.8744017Z LC_ALL=en_US.UTF-8
2025-06-25T17:10:36.8744313Z LANGUAGE=en_US.UTF-8
2025-06-25T17:10:36.8744687Z DEVTOOLSET_ROOTPATH=/opt/rh/gcc-toolset-14/root
2025-06-25T17:10:36.8745663Z LD_LIBRARY_PATH=/opt/rh/gcc-toolset-14/root/usr/lib64:/opt/rh/gcc-toolset-14/root/usr/lib:/opt/rh/gcc-toolset-14/root/usr/lib64/dyninst:/opt/rh/gcc-toolset-14/root/usr/lib/dyninst
2025-06-25T17:10:36.8746365Z PKG_CONFIG_PATH=/usr/local/lib/pkgconfig
2025-06-25T17:10:36.8746624Z SSL_CERT_FILE=/opt/_internal/certs.pem
2025-06-25T17:10:36.8759523Z ##[endgroup]
2025-06-25T17:10:36.8768474Z ##[group]Waiting for all services to be ready
2025-06-25T17:10:36.8770103Z ##[endgroup]
2025-06-25T17:10:36.8997361Z ##[group]Run actions/checkout@v4
2025-06-25T17:10:36.8997876Z with:
2025-06-25T17:10:36.8998058Z   submodules: recursive
2025-06-25T17:10:36.8998274Z   repository: Ambro86/synthizer3d
2025-06-25T17:10:36.8998646Z   token: ***
2025-06-25T17:10:36.8998825Z   ssh-strict: true
2025-06-25T17:10:36.8999004Z   ssh-user: git
2025-06-25T17:10:36.8999206Z   persist-credentials: true
2025-06-25T17:10:36.8999411Z   clean: true
2025-06-25T17:10:36.8999604Z   sparse-checkout-cone-mode: true
2025-06-25T17:10:36.8999821Z   fetch-depth: 1
2025-06-25T17:10:36.8999991Z   fetch-tags: false
2025-06-25T17:10:36.9000165Z   show-progress: true
2025-06-25T17:10:36.9000344Z   lfs: false
2025-06-25T17:10:36.9000508Z   set-safe-directory: true
2025-06-25T17:10:36.9000880Z env:
2025-06-25T17:10:36.9001037Z   CI_ARCH: x86_64
2025-06-25T17:10:36.9001216Z   MANYLINUX_VERSION: manylinux_2_28
2025-06-25T17:10:36.9001445Z   PYVERSION: 3.8
2025-06-25T17:10:36.9001633Z   VCPKG_DEFAULT_TRIPLET: x64-linux
2025-06-25T17:10:36.9002088Z   EFFECTIVE_VCPKG_INSTALLED_DIR_BASE: /home/runner/work/synthizer3d/synthizer3d/vcpkg_installed
2025-06-25T17:10:36.9002504Z ##[endgroup]
2025-06-25T17:10:36.9057730Z ##[command]/usr/bin/docker exec  4156845706a1a4ee028fa601c8a74eb0d698ea3aec5c0743e37a17e15a7c58e4 sh -c "cat /etc/*release | grep ^ID"
2025-06-25T17:10:37.1212393Z Syncing repository: Ambro86/synthizer3d
2025-06-25T17:10:37.1214852Z ##[group]Getting Git version info
2025-06-25T17:10:37.1215444Z Working directory is '/__w/synthizer3d/synthizer3d'
2025-06-25T17:10:37.1216351Z [command]/usr/local/bin/git version
2025-06-25T17:10:37.1216800Z git version 2.50.0
2025-06-25T17:10:37.1232610Z ##[endgroup]
2025-06-25T17:10:37.1248824Z Temporarily overriding HOME='/__w/_temp/b674dc08-edc6-4fe3-80c5-1e2063c8e72e' before making global git config changes
2025-06-25T17:10:37.1249562Z Adding repository directory to the temporary git global config as a safe directory
2025-06-25T17:10:37.1255459Z [command]/usr/local/bin/git config --global --add safe.directory /__w/synthizer3d/synthizer3d
2025-06-25T17:10:37.1296950Z Deleting the contents of '/__w/synthizer3d/synthizer3d'
2025-06-25T17:10:37.1300685Z ##[group]Initializing the repository
2025-06-25T17:10:37.1305061Z [command]/usr/local/bin/git init /__w/synthizer3d/synthizer3d
2025-06-25T17:10:37.1346956Z hint: Using 'master' as the name for the initial branch. This default branch name
2025-06-25T17:10:37.1349654Z hint: is subject to change. To configure the initial branch name to use in all
2025-06-25T17:10:37.1350352Z hint: of your new repositories, which will suppress this warning, call:
2025-06-25T17:10:37.1350683Z hint:
2025-06-25T17:10:37.1350933Z hint: 	git config --global init.defaultBranch <name>
2025-06-25T17:10:37.1351209Z hint:
2025-06-25T17:10:37.1351466Z hint: Names commonly chosen instead of 'master' are 'main', 'trunk' and
2025-06-25T17:10:37.1351910Z hint: 'development'. The just-created branch can be renamed via this command:
2025-06-25T17:10:37.1352249Z hint:
2025-06-25T17:10:37.1352433Z hint: 	git branch -m <name>
2025-06-25T17:10:37.1352636Z hint:
2025-06-25T17:10:37.1352905Z hint: Disable this message with "git config set advice.defaultBranchName false"
2025-06-25T17:10:37.1353689Z Initialized empty Git repository in /__w/synthizer3d/synthizer3d/.git/
2025-06-25T17:10:37.1361660Z [command]/usr/local/bin/git remote add origin https://github.com/Ambro86/synthizer3d
2025-06-25T17:10:37.1393979Z ##[endgroup]
2025-06-25T17:10:37.1394576Z ##[group]Disabling automatic garbage collection
2025-06-25T17:10:37.1398713Z [command]/usr/local/bin/git config --local gc.auto 0
2025-06-25T17:10:37.1428324Z ##[endgroup]
2025-06-25T17:10:37.1428927Z ##[group]Setting up auth
2025-06-25T17:10:37.1436209Z [command]/usr/local/bin/git config --local --name-only --get-regexp core\.sshCommand
2025-06-25T17:10:37.1468751Z [command]/usr/local/bin/git submodule foreach --recursive sh -c "git config --local --name-only --get-regexp 'core\.sshCommand' && git config --local --unset-all 'core.sshCommand' || :"
2025-06-25T17:10:37.1827346Z [command]/usr/local/bin/git config --local --name-only --get-regexp http\.https\:\/\/github\.com\/\.extraheader
2025-06-25T17:10:37.1858616Z [command]/usr/local/bin/git submodule foreach --recursive sh -c "git config --local --name-only --get-regexp 'http\.https\:\/\/github\.com\/\.extraheader' && git config --local --unset-all 'http.https://github.com/.extraheader' || :"
2025-06-25T17:10:37.2210943Z [command]/usr/local/bin/git config --local http.https://github.com/.extraheader AUTHORIZATION: basic ***
2025-06-25T17:10:37.2248415Z ##[endgroup]
2025-06-25T17:10:37.2249067Z ##[group]Fetching the repository
2025-06-25T17:10:37.2257234Z [command]/usr/local/bin/git -c protocol.version=2 fetch --no-tags --prune --no-recurse-submodules --depth=1 origin +a489e3a1517111522b70914551f4dfed06d20a91:refs/remotes/origin/master
2025-06-25T17:10:38.0029535Z From https://github.com/Ambro86/synthizer3d
2025-06-25T17:10:38.0030701Z  * [new ref]         a489e3a1517111522b70914551f4dfed06d20a91 -> origin/master
2025-06-25T17:10:38.0053842Z ##[endgroup]
2025-06-25T17:10:38.0054196Z ##[group]Determining the checkout info
2025-06-25T17:10:38.0056577Z ##[endgroup]
2025-06-25T17:10:38.0061653Z [command]/usr/local/bin/git sparse-checkout disable
2025-06-25T17:10:38.0133465Z [command]/usr/local/bin/git config --local --unset-all extensions.worktreeConfig
2025-06-25T17:10:38.0162503Z ##[group]Checking out the ref
2025-06-25T17:10:38.0167351Z [command]/usr/local/bin/git checkout --progress --force -B master refs/remotes/origin/master
2025-06-25T17:10:38.3031237Z Reset branch 'master'
2025-06-25T17:10:38.3031589Z branch 'master' set up to track 'origin/master'.
2025-06-25T17:10:38.3047188Z ##[endgroup]
2025-06-25T17:10:38.3047743Z ##[group]Setting up auth for fetching submodules
2025-06-25T17:10:38.3053914Z [command]/usr/local/bin/git config --global http.https://github.com/.extraheader AUTHORIZATION: basic ***
2025-06-25T17:10:38.3092054Z [command]/usr/local/bin/git config --global --unset-all url.https://github.com/.insteadOf
2025-06-25T17:10:38.3127011Z [command]/usr/local/bin/git config --global --add url.https://github.com/.insteadOf git@github.com:
2025-06-25T17:10:38.3159368Z [command]/usr/local/bin/git config --global --add url.https://github.com/.insteadOf org-58132298@github.com:
2025-06-25T17:10:38.3187341Z ##[endgroup]
2025-06-25T17:10:38.3187688Z ##[group]Fetching submodules
2025-06-25T17:10:38.3191465Z [command]/usr/local/bin/git submodule sync --recursive
2025-06-25T17:10:38.3547455Z [command]/usr/local/bin/git -c protocol.version=2 submodule update --init --force --depth=1 --recursive
2025-06-25T17:10:38.3910027Z [command]/usr/local/bin/git submodule foreach --recursive git config --local gc.auto 0
2025-06-25T17:10:38.4265907Z ##[endgroup]
2025-06-25T17:10:38.4266300Z ##[group]Persisting credentials for submodules
2025-06-25T17:10:38.4271992Z [command]/usr/local/bin/git submodule foreach --recursive sh -c "git config --local --name-only --get-regexp 'url\.https\:\/\/github\.com\/\.insteadOf' && git config --local --unset-all 'url.https://github.com/.insteadOf' || :"
2025-06-25T17:10:38.4635561Z [command]/usr/local/bin/git submodule foreach --recursive sh -c "git config --local 'http.https://github.com/.extraheader' 'AUTHORIZATION: basic ***' && git config --local --show-origin --name-only --get-regexp remote.origin.url"
2025-06-25T17:10:38.4987112Z [command]/usr/local/bin/git submodule foreach --recursive git config --local --add 'url.https://github.com/.insteadOf' 'git@github.com:'
2025-06-25T17:10:38.5341768Z [command]/usr/local/bin/git submodule foreach --recursive git config --local --add 'url.https://github.com/.insteadOf' 'org-58132298@github.com:'
2025-06-25T17:10:38.5689428Z ##[endgroup]
2025-06-25T17:10:38.5733901Z [command]/usr/local/bin/git log -1 --format=%H
2025-06-25T17:10:38.5754411Z a489e3a1517111522b70914551f4dfed06d20a91
2025-06-25T17:10:38.5944682Z ##[group]Run echo "üêç Setting up Python 3.8 environment..."
2025-06-25T17:10:38.5945151Z [36;1mecho "üêç Setting up Python 3.8 environment..."[0m
2025-06-25T17:10:38.5945586Z [36;1mif [ "3.8" = "3.8" ]; then echo "PYTHON_PATH=/opt/python/cp38-cp38" >> $GITHUB_ENV[0m
2025-06-25T17:10:38.5946055Z [36;1melif [ "3.8" = "3.9" ]; then echo "PYTHON_PATH=/opt/python/cp39-cp39" >> $GITHUB_ENV[0m
2025-06-25T17:10:38.5946511Z [36;1melif [ "3.8" = "3.10" ]; then echo "PYTHON_PATH=/opt/python/cp310-cp310" >> $GITHUB_ENV[0m
2025-06-25T17:10:38.5946974Z [36;1melif [ "3.8" = "3.11" ]; then echo "PYTHON_PATH=/opt/python/cp311-cp311" >> $GITHUB_ENV[0m
2025-06-25T17:10:38.5947410Z [36;1melif [ "3.8" = "3.12" ]; then echo "PYTHON_PATH=/opt/python/cp312-cp312" >> $GITHUB_ENV[0m
2025-06-25T17:10:38.5947844Z [36;1melif [ "3.8" = "3.13" ]; then echo "PYTHON_PATH=/opt/python/cp313-cp313" >> $GITHUB_ENV[0m
2025-06-25T17:10:38.5948165Z [36;1mfi[0m
2025-06-25T17:10:38.5951900Z shell: sh -e {0}
2025-06-25T17:10:38.5952100Z env:
2025-06-25T17:10:38.5952256Z   CI_ARCH: x86_64
2025-06-25T17:10:38.5952449Z   MANYLINUX_VERSION: manylinux_2_28
2025-06-25T17:10:38.5952691Z   PYVERSION: 3.8
2025-06-25T17:10:38.5952888Z   VCPKG_DEFAULT_TRIPLET: x64-linux
2025-06-25T17:10:38.5953581Z   EFFECTIVE_VCPKG_INSTALLED_DIR_BASE: /home/runner/work/synthizer3d/synthizer3d/vcpkg_installed
2025-06-25T17:10:38.5954002Z ##[endgroup]
2025-06-25T17:10:38.6566086Z üêç Setting up Python 3.8 environment...
2025-06-25T17:10:38.6626353Z ##[group]Run echo "üì¶ Installing system dependencies..."
2025-06-25T17:10:38.6626769Z [36;1mecho "üì¶ Installing system dependencies..."[0m
2025-06-25T17:10:38.6627075Z [36;1mif command -v dnf >/dev/null 2>&1; then[0m
2025-06-25T17:10:38.6627436Z [36;1m  dnf install -y curl zip unzip tar cmake make gcc-c++ openssl-devel[0m
2025-06-25T17:10:38.6627804Z [36;1melif command -v yum >/dev/null 2>&1; then[0m
2025-06-25T17:10:38.6628152Z [36;1m  yum install -y curl zip unzip tar cmake make gcc-c++ openssl-devel[0m
2025-06-25T17:10:38.6628469Z [36;1mfi[0m
2025-06-25T17:10:38.6628625Z [36;1m[0m
2025-06-25T17:10:38.6628883Z [36;1mecho "üì¶ Installing Python build tools (including ninja)..."[0m
2025-06-25T17:10:38.6629312Z [36;1m$PYTHON_PATH/bin/python -m pip install --upgrade pip[0m
2025-06-25T17:10:38.6629906Z [36;1m$PYTHON_PATH/bin/pip install ninja cmake wheel tomli setuptools packaging distro scikit-build cython build auditwheel twine[0m
2025-06-25T17:10:38.6630538Z shell: sh -e {0}
2025-06-25T17:10:38.6630877Z env:
2025-06-25T17:10:38.6631035Z   CI_ARCH: x86_64
2025-06-25T17:10:38.6631215Z   MANYLINUX_VERSION: manylinux_2_28
2025-06-25T17:10:38.6631442Z   PYVERSION: 3.8
2025-06-25T17:10:38.6631629Z   VCPKG_DEFAULT_TRIPLET: x64-linux
2025-06-25T17:10:38.6632041Z   EFFECTIVE_VCPKG_INSTALLED_DIR_BASE: /home/runner/work/synthizer3d/synthizer3d/vcpkg_installed
2025-06-25T17:10:38.6632482Z   PYTHON_PATH: /opt/python/cp38-cp38
2025-06-25T17:10:38.6632711Z ##[endgroup]
2025-06-25T17:10:38.7167532Z üì¶ Installing system dependencies...
2025-06-25T17:10:39.8008503Z AlmaLinux 8 - BaseOS                             34 MB/s |  28 MB     00:00    
2025-06-25T17:10:43.8052261Z AlmaLinux 8 - AppStream                          35 MB/s |  19 MB     00:00    
2025-06-25T17:10:46.9848476Z AlmaLinux 8 - Extras                             59 kB/s |  14 kB     00:00    
2025-06-25T17:10:47.4488195Z AlmaLinux 8 - PowerTools                         11 MB/s | 4.6 MB     00:00    
2025-06-25T17:10:49.2997145Z Extra Packages for Enterprise Linux 8 - x86_64   13 MB/s |  14 MB     00:01    
2025-06-25T17:10:53.2680649Z Last metadata expiration check: 0:00:01 ago on Wed 25 Jun 2025 05:10:49 PM UTC.
2025-06-25T17:10:54.8799803Z Package curl-7.61.1-34.el8_10.3.x86_64 is already installed.
2025-06-25T17:10:54.8811332Z Package unzip-6.0-48.el8_10.x86_64 is already installed.
2025-06-25T17:10:54.8817948Z Package tar-2:1.30-10.el8_10.x86_64 is already installed.
2025-06-25T17:10:54.8829078Z Package make-1:4.2.1-11.el8.x86_64 is already installed.
2025-06-25T17:10:54.9140210Z Dependencies resolved.
2025-06-25T17:10:54.9162586Z ================================================================================
2025-06-25T17:10:54.9164542Z  Package                Arch      Version                    Repository    Size
2025-06-25T17:10:54.9165114Z ================================================================================
2025-06-25T17:10:54.9165530Z Installing:
2025-06-25T17:10:54.9165927Z  cmake                  x86_64    3.26.5-2.el8               appstream     14 M
2025-06-25T17:10:54.9166479Z  gcc-c++                x86_64    8.5.0-26.el8_10.alma.1     appstream     12 M
2025-06-25T17:10:54.9167151Z  openssl-devel          x86_64    1:1.1.1k-14.el8_6          baseos       2.3 M
2025-06-25T17:10:54.9167869Z  zip                    x86_64    3.0-23.el8                 baseos       270 k
2025-06-25T17:10:54.9168403Z Installing dependencies:
2025-06-25T17:10:54.9168914Z  cmake-data             noarch    3.26.5-2.el8               appstream    1.9 M
2025-06-25T17:10:54.9169665Z  cmake-filesystem       x86_64    3.26.5-2.el8               appstream     44 k
2025-06-25T17:10:54.9170420Z  cmake-rpm-macros       noarch    3.26.5-2.el8               appstream     43 k
2025-06-25T17:10:54.9171183Z  keyutils-libs-devel    x86_64    1.5.10-9.el8               baseos        47 k
2025-06-25T17:10:54.9171884Z  krb5-devel             x86_64    1.18.2-32.el8_10           baseos       562 k
2025-06-25T17:10:54.9172875Z  libcom_err-devel       x86_64    1.45.6-6.el8_10            baseos        38 k
2025-06-25T17:10:54.9173885Z  libselinux-devel       x86_64    2.9-10.el8_10              baseos       199 k
2025-06-25T17:10:54.9174619Z  libsepol-devel         x86_64    2.9-3.el8                  baseos        86 k
2025-06-25T17:10:54.9175283Z  libuv                  x86_64    1:1.41.1-2.el8_10          appstream    155 k
2025-06-25T17:10:54.9175976Z  libverto-devel         x86_64    0.3.2-2.el8                baseos        17 k
2025-06-25T17:10:54.9176705Z  pcre2-devel            x86_64    10.32-3.el8_6              baseos       604 k
2025-06-25T17:10:54.9177392Z  pcre2-utf16            x86_64    10.32-3.el8_6              baseos       228 k
2025-06-25T17:10:54.9178072Z  pcre2-utf32            x86_64    10.32-3.el8_6              baseos       219 k
2025-06-25T17:10:54.9178935Z  vim-filesystem         noarch    2:8.0.1763-19.el8_6.4      appstream     49 k
2025-06-25T17:10:54.9179402Z 
2025-06-25T17:10:54.9179536Z Transaction Summary
2025-06-25T17:10:54.9179905Z ================================================================================
2025-06-25T17:10:54.9180772Z Install  18 Packages
2025-06-25T17:10:54.9180994Z 
2025-06-25T17:10:54.9181145Z Total download size: 33 M
2025-06-25T17:10:54.9181512Z Installed size: 84 M
2025-06-25T17:10:54.9182283Z Downloading Packages:
2025-06-25T17:10:55.3304423Z (1/18): libcom_err-devel-1.45.6-6.el8_10.x86_64 418 kB/s |  38 kB     00:00    
2025-06-25T17:10:55.3390645Z (2/18): keyutils-libs-devel-1.5.10-9.el8.x86_64 473 kB/s |  47 kB     00:00    
2025-06-25T17:10:55.3752018Z (3/18): libsepol-devel-2.9-3.el8.x86_64.rpm     2.3 MB/s |  86 kB     00:00    
2025-06-25T17:10:55.3801972Z (4/18): libselinux-devel-2.9-10.el8_10.x86_64.r 3.9 MB/s | 199 kB     00:00    
2025-06-25T17:10:55.3949697Z (5/18): libverto-devel-0.3.2-2.el8.x86_64.rpm   872 kB/s |  17 kB     00:00    
2025-06-25T17:10:55.4495383Z (6/18): pcre2-devel-10.32-3.el8_6.x86_64.rpm     11 MB/s | 604 kB     00:00    
2025-06-25T17:10:55.4548590Z (7/18): openssl-devel-1.1.1k-14.el8_6.x86_64.rp  31 MB/s | 2.3 MB     00:00    
2025-06-25T17:10:55.4691838Z (8/18): krb5-devel-1.18.2-32.el8_10.x86_64.rpm  2.4 MB/s | 562 kB     00:00    
2025-06-25T17:10:55.4715132Z (9/18): pcre2-utf16-10.32-3.el8_6.x86_64.rpm     10 MB/s | 228 kB     00:00    
2025-06-25T17:10:55.4749573Z (10/18): pcre2-utf32-10.32-3.el8_6.x86_64.rpm    11 MB/s | 219 kB     00:00    
2025-06-25T17:10:55.5150764Z (11/18): cmake-data-3.26.5-2.el8.noarch.rpm      48 MB/s | 1.9 MB     00:00    
2025-06-25T17:10:55.5234567Z (12/18): zip-3.0-23.el8.x86_64.rpm              4.9 MB/s | 270 kB     00:00    
2025-06-25T17:10:55.5346692Z (13/18): cmake-filesystem-3.26.5-2.el8.x86_64.r 2.2 MB/s |  44 kB     00:00    
2025-06-25T17:10:55.5547984Z (14/18): cmake-rpm-macros-3.26.5-2.el8.noarch.r 1.4 MB/s |  43 kB     00:00    
2025-06-25T17:10:55.5931768Z (15/18): libuv-1.41.1-2.el8_10.x86_64.rpm       4.0 MB/s | 155 kB     00:00    
2025-06-25T17:10:55.6280566Z (16/18): gcc-c++-8.5.0-26.el8_10.alma.1.x86_64. 132 MB/s |  12 MB     00:00    
2025-06-25T17:10:55.6294377Z (17/18): vim-filesystem-8.0.1763-19.el8_6.4.noa 1.3 MB/s |  49 kB     00:00    
2025-06-25T17:10:55.6950152Z (18/18): cmake-3.26.5-2.el8.x86_64.rpm           61 MB/s |  14 MB     00:00    
2025-06-25T17:10:55.6954890Z --------------------------------------------------------------------------------
2025-06-25T17:10:55.6957163Z Total                                            42 MB/s |  33 MB     00:00     
2025-06-25T17:10:55.9679248Z Running transaction check
2025-06-25T17:10:55.9917123Z Transaction check succeeded.
2025-06-25T17:10:55.9918018Z Running transaction test
2025-06-25T17:10:56.1573546Z Transaction test succeeded.
2025-06-25T17:10:56.1591360Z Running transaction
2025-06-25T17:10:56.3792544Z   Preparing        :                                                        1/1 
2025-06-25T17:10:56.3891112Z   Installing       : cmake-rpm-macros-3.26.5-2.el8.noarch                  1/18 
2025-06-25T17:10:56.3990520Z   Installing       : cmake-filesystem-3.26.5-2.el8.x86_64                  2/18 
2025-06-25T17:10:56.4140938Z   Installing       : vim-filesystem-2:8.0.1763-19.el8_6.4.noarch           3/18 
2025-06-25T17:10:56.9004069Z   Installing       : libuv-1:1.41.1-2.el8_10.x86_64                        4/18 
2025-06-25T17:10:57.7803533Z   Installing       : cmake-data-3.26.5-2.el8.noarch                        5/18 
2025-06-25T17:10:57.8017859Z   Installing       : cmake-3.26.5-2.el8.x86_64                             6/18 
2025-06-25T17:10:57.8223879Z   Installing       : pcre2-utf32-10.32-3.el8_6.x86_64                      7/18 
2025-06-25T17:10:57.8650650Z   Installing       : pcre2-utf16-10.32-3.el8_6.x86_64                      8/18 
2025-06-25T17:10:57.8724384Z   Installing       : pcre2-devel-10.32-3.el8_6.x86_64                      9/18 
2025-06-25T17:10:57.8842898Z   Installing       : libverto-devel-0.3.2-2.el8.x86_64                    10/18 
2025-06-25T17:10:57.8983942Z   Installing       : libsepol-devel-2.9-3.el8.x86_64                      11/18 
2025-06-25T17:10:57.9077786Z   Installing       : libselinux-devel-2.9-10.el8_10.x86_64                12/18 
2025-06-25T17:10:57.9149049Z   Installing       : libcom_err-devel-1.45.6-6.el8_10.x86_64              13/18 
2025-06-25T17:10:57.9626088Z   Installing       : keyutils-libs-devel-1.5.10-9.el8.x86_64              14/18 
2025-06-25T17:10:58.1388664Z   Installing       : krb5-devel-1.18.2-32.el8_10.x86_64                   15/18 
2025-06-25T17:10:58.9146335Z   Installing       : openssl-devel-1:1.1.1k-14.el8_6.x86_64               16/18 
2025-06-25T17:10:58.9449269Z   Installing       : gcc-c++-8.5.0-26.el8_10.alma.1.x86_64                17/18 
2025-06-25T17:10:58.9511379Z   Installing       : zip-3.0-23.el8.x86_64                                18/18 
2025-06-25T17:10:59.0321351Z   Running scriptlet: zip-3.0-23.el8.x86_64                                18/18 
2025-06-25T17:10:59.0322309Z   Verifying        : keyutils-libs-devel-1.5.10-9.el8.x86_64               1/18 
2025-06-25T17:10:59.0323379Z   Verifying        : krb5-devel-1.18.2-32.el8_10.x86_64                    2/18 
2025-06-25T17:10:59.0328652Z   Verifying        : libcom_err-devel-1.45.6-6.el8_10.x86_64               3/18 
2025-06-25T17:10:59.0329679Z   Verifying        : libselinux-devel-2.9-10.el8_10.x86_64                 4/18 
2025-06-25T17:10:59.0330591Z   Verifying        : libsepol-devel-2.9-3.el8.x86_64                       5/18 
2025-06-25T17:10:59.0331447Z   Verifying        : libverto-devel-0.3.2-2.el8.x86_64                     6/18 
2025-06-25T17:10:59.0332394Z   Verifying        : openssl-devel-1:1.1.1k-14.el8_6.x86_64                7/18 
2025-06-25T17:10:59.0334915Z   Verifying        : pcre2-devel-10.32-3.el8_6.x86_64                      8/18 
2025-06-25T17:10:59.0337002Z   Verifying        : pcre2-utf16-10.32-3.el8_6.x86_64                      9/18 
2025-06-25T17:10:59.0337684Z   Verifying        : pcre2-utf32-10.32-3.el8_6.x86_64                     10/18 
2025-06-25T17:10:59.0338385Z   Verifying        : zip-3.0-23.el8.x86_64                                11/18 
2025-06-25T17:10:59.0339031Z   Verifying        : cmake-3.26.5-2.el8.x86_64                            12/18 
2025-06-25T17:10:59.0339521Z   Verifying        : cmake-data-3.26.5-2.el8.noarch                       13/18 
2025-06-25T17:10:59.0339943Z   Verifying        : cmake-filesystem-3.26.5-2.el8.x86_64                 14/18 
2025-06-25T17:10:59.0340376Z   Verifying        : cmake-rpm-macros-3.26.5-2.el8.noarch                 15/18 
2025-06-25T17:10:59.0340788Z   Verifying        : gcc-c++-8.5.0-26.el8_10.alma.1.x86_64                16/18 
2025-06-25T17:10:59.0341153Z   Verifying        : libuv-1:1.41.1-2.el8_10.x86_64                       17/18 
2025-06-25T17:10:59.1128779Z   Verifying        : vim-filesystem-2:8.0.1763-19.el8_6.4.noarch          18/18 
2025-06-25T17:10:59.1129465Z 
2025-06-25T17:10:59.1129617Z Installed:
2025-06-25T17:10:59.1130145Z   cmake-3.26.5-2.el8.x86_64                                                     
2025-06-25T17:10:59.1131430Z   cmake-data-3.26.5-2.el8.noarch                                                
2025-06-25T17:10:59.1132413Z   cmake-filesystem-3.26.5-2.el8.x86_64                                          
2025-06-25T17:10:59.1133655Z   cmake-rpm-macros-3.26.5-2.el8.noarch                                          
2025-06-25T17:10:59.1134586Z   gcc-c++-8.5.0-26.el8_10.alma.1.x86_64                                         
2025-06-25T17:10:59.1135329Z   keyutils-libs-devel-1.5.10-9.el8.x86_64                                       
2025-06-25T17:10:59.1135927Z   krb5-devel-1.18.2-32.el8_10.x86_64                                            
2025-06-25T17:10:59.1136505Z   libcom_err-devel-1.45.6-6.el8_10.x86_64                                       
2025-06-25T17:10:59.1137060Z   libselinux-devel-2.9-10.el8_10.x86_64                                         
2025-06-25T17:10:59.1137542Z   libsepol-devel-2.9-3.el8.x86_64                                               
2025-06-25T17:10:59.1137999Z   libuv-1:1.41.1-2.el8_10.x86_64                                                
2025-06-25T17:10:59.1138645Z   libverto-devel-0.3.2-2.el8.x86_64                                             
2025-06-25T17:10:59.1139149Z   openssl-devel-1:1.1.1k-14.el8_6.x86_64                                        
2025-06-25T17:10:59.1139637Z   pcre2-devel-10.32-3.el8_6.x86_64                                              
2025-06-25T17:10:59.1140097Z   pcre2-utf16-10.32-3.el8_6.x86_64                                              
2025-06-25T17:10:59.1140550Z   pcre2-utf32-10.32-3.el8_6.x86_64                                              
2025-06-25T17:10:59.1141026Z   vim-filesystem-2:8.0.1763-19.el8_6.4.noarch                                   
2025-06-25T17:10:59.1141482Z   zip-3.0-23.el8.x86_64                                                         
2025-06-25T17:10:59.1141736Z 
2025-06-25T17:10:59.1141816Z Complete!
2025-06-25T17:10:59.1723350Z üì¶ Installing Python build tools (including ninja)...
2025-06-25T17:11:00.1759623Z WARNING: The directory '/github/home/.cache/pip' or its parent directory is not owned or is not writable by the current user. The cache has been disabled. Check the permissions and owner of that directory. If executing pip with sudo, you should use sudo's -H flag.
2025-06-25T17:11:00.2660956Z Requirement already satisfied: pip in /opt/_internal/cpython-3.8.20/lib/python3.8/site-packages (25.0.1)
2025-06-25T17:11:00.3967023Z WARNING: Running pip as the 'root' user can result in broken permissions and conflicting behaviour with the system package manager, possibly rendering your system unusable. It is recommended to use a virtual environment instead: https://pip.pypa.io/warnings/venv. Use the --root-user-action option if you know what you are doing and want to suppress this warning.
2025-06-25T17:11:00.7787927Z WARNING: The directory '/github/home/.cache/pip' or its parent directory is not owned or is not writable by the current user. The cache has been disabled. Check the permissions and owner of that directory. If executing pip with sudo, you should use sudo's -H flag.
2025-06-25T17:11:00.9023937Z Collecting ninja
2025-06-25T17:11:00.9579871Z   Downloading ninja-1.11.1.4-py3-none-manylinux_2_12_x86_64.manylinux2010_x86_64.whl.metadata (5.0 kB)
2025-06-25T17:11:01.1129465Z Collecting cmake
2025-06-25T17:11:01.1299901Z   Downloading cmake-4.0.3-py3-none-manylinux_2_17_x86_64.manylinux2014_x86_64.whl.metadata (6.3 kB)
2025-06-25T17:11:01.1317331Z Requirement already satisfied: wheel in /opt/_internal/cpython-3.8.20/lib/python3.8/site-packages (0.45.1)
2025-06-25T17:11:01.1321905Z Requirement already satisfied: tomli in /opt/_internal/cpython-3.8.20/lib/python3.8/site-packages (2.2.1)
2025-06-25T17:11:01.1326943Z Requirement already satisfied: setuptools in /opt/_internal/cpython-3.8.20/lib/python3.8/site-packages (75.3.2)
2025-06-25T17:11:01.1330695Z Requirement already satisfied: packaging in /opt/_internal/cpython-3.8.20/lib/python3.8/site-packages (25.0)
2025-06-25T17:11:01.1521711Z Collecting distro
2025-06-25T17:11:01.1684036Z   Downloading distro-1.9.0-py3-none-any.whl.metadata (6.8 kB)
2025-06-25T17:11:01.1931551Z Collecting scikit-build
2025-06-25T17:11:01.2106794Z   Downloading scikit_build-0.18.1-py3-none-any.whl.metadata (18 kB)
2025-06-25T17:11:01.4480578Z Collecting cython
2025-06-25T17:11:01.4650610Z   Downloading cython-3.1.2-cp38-cp38-manylinux_2_17_x86_64.manylinux2014_x86_64.whl.metadata (5.6 kB)
2025-06-25T17:11:01.4664571Z Requirement already satisfied: build in /opt/_internal/cpython-3.8.20/lib/python3.8/site-packages (1.2.2.post1)
2025-06-25T17:11:01.4921716Z Collecting auditwheel
2025-06-25T17:11:01.5099610Z   Downloading auditwheel-6.1.0-py3-none-any.whl.metadata (8.1 kB)
2025-06-25T17:11:01.5416464Z Collecting twine
2025-06-25T17:11:01.5574834Z   Downloading twine-6.1.0-py3-none-any.whl.metadata (3.7 kB)
2025-06-25T17:11:01.5883422Z Requirement already satisfied: pyproject_hooks in /opt/_internal/cpython-3.8.20/lib/python3.8/site-packages (from build) (1.2.0)
2025-06-25T17:11:01.5891684Z Requirement already satisfied: importlib-metadata>=4.6 in /opt/_internal/cpython-3.8.20/lib/python3.8/site-packages (from build) (8.5.0)
2025-06-25T17:11:01.6095304Z Collecting pyelftools>=0.24 (from auditwheel)
2025-06-25T17:11:01.6252822Z   Downloading pyelftools-0.32-py3-none-any.whl.metadata (372 bytes)
2025-06-25T17:11:01.6554370Z Collecting readme-renderer>=35.0 (from twine)
2025-06-25T17:11:01.6710709Z   Downloading readme_renderer-43.0-py3-none-any.whl.metadata (2.8 kB)
2025-06-25T17:11:01.7093466Z Collecting requests>=2.20 (from twine)
2025-06-25T17:11:01.7250449Z   Downloading requests-2.32.4-py3-none-any.whl.metadata (4.9 kB)
2025-06-25T17:11:01.7472123Z Collecting requests-toolbelt!=0.9.0,>=0.8.0 (from twine)
2025-06-25T17:11:01.7638085Z   Downloading requests_toolbelt-1.0.0-py2.py3-none-any.whl.metadata (14 kB)
2025-06-25T17:11:01.8111571Z Collecting urllib3>=1.26.0 (from twine)
2025-06-25T17:11:01.8273599Z   Downloading urllib3-2.2.3-py3-none-any.whl.metadata (6.5 kB)
2025-06-25T17:11:01.8770210Z Collecting keyring>=15.1 (from twine)
2025-06-25T17:11:01.8961107Z   Downloading keyring-25.5.0-py3-none-any.whl.metadata (20 kB)
2025-06-25T17:11:01.9264657Z Collecting rfc3986>=1.4.0 (from twine)
2025-06-25T17:11:01.9424253Z   Downloading rfc3986-2.0.0-py2.py3-none-any.whl.metadata (6.6 kB)
2025-06-25T17:11:02.0080921Z Collecting rich>=12.0.0 (from twine)
2025-06-25T17:11:02.0244430Z   Downloading rich-14.0.0-py3-none-any.whl.metadata (18 kB)
2025-06-25T17:11:02.0477123Z Collecting id (from twine)
2025-06-25T17:11:02.0635519Z   Downloading id-1.5.0-py3-none-any.whl.metadata (5.2 kB)
2025-06-25T17:11:02.0726477Z Requirement already satisfied: zipp>=3.20 in /opt/_internal/cpython-3.8.20/lib/python3.8/site-packages (from importlib-metadata>=4.6->build) (3.20.2)
2025-06-25T17:11:02.0935735Z Collecting jaraco.classes (from keyring>=15.1->twine)
2025-06-25T17:11:02.1120744Z   Downloading jaraco.classes-3.4.0-py3-none-any.whl.metadata (2.6 kB)
2025-06-25T17:11:02.1391311Z Collecting jaraco.functools (from keyring>=15.1->twine)
2025-06-25T17:11:02.1566845Z   Downloading jaraco.functools-4.1.0-py3-none-any.whl.metadata (2.9 kB)
2025-06-25T17:11:02.1803998Z Collecting jaraco.context (from keyring>=15.1->twine)
2025-06-25T17:11:02.1964508Z   Downloading jaraco.context-6.0.1-py3-none-any.whl.metadata (4.1 kB)
2025-06-25T17:11:02.2316039Z Collecting importlib-resources (from keyring>=15.1->twine)
2025-06-25T17:11:02.2478171Z   Downloading importlib_resources-6.4.5-py3-none-any.whl.metadata (4.0 kB)
2025-06-25T17:11:02.2708947Z Collecting SecretStorage>=3.2 (from keyring>=15.1->twine)
2025-06-25T17:11:02.2885631Z   Downloading SecretStorage-3.3.3-py3-none-any.whl.metadata (4.0 kB)
2025-06-25T17:11:02.3115760Z Collecting jeepney>=0.4.2 (from keyring>=15.1->twine)
2025-06-25T17:11:02.3277321Z   Downloading jeepney-0.9.0-py3-none-any.whl.metadata (1.2 kB)
2025-06-25T17:11:02.3717294Z Collecting nh3>=0.2.14 (from readme-renderer>=35.0->twine)
2025-06-25T17:11:02.3880017Z   Downloading nh3-0.2.21-cp38-abi3-manylinux_2_17_x86_64.manylinux2014_x86_64.whl.metadata (2.0 kB)
2025-06-25T17:11:02.4134947Z Collecting docutils>=0.13.1 (from readme-renderer>=35.0->twine)
2025-06-25T17:11:02.4322515Z   Downloading docutils-0.20.1-py3-none-any.whl.metadata (2.8 kB)
2025-06-25T17:11:02.4623367Z Collecting Pygments>=2.5.1 (from readme-renderer>=35.0->twine)
2025-06-25T17:11:02.4796336Z   Downloading pygments-2.19.2-py3-none-any.whl.metadata (2.5 kB)
2025-06-25T17:11:02.5654045Z Collecting charset_normalizer<4,>=2 (from requests>=2.20->twine)
2025-06-25T17:11:02.5816239Z   Downloading charset_normalizer-3.4.2-cp38-cp38-manylinux_2_17_x86_64.manylinux2014_x86_64.whl.metadata (35 kB)
2025-06-25T17:11:02.6108233Z Collecting idna<4,>=2.5 (from requests>=2.20->twine)
2025-06-25T17:11:02.6266856Z   Downloading idna-3.10-py3-none-any.whl.metadata (10 kB)
2025-06-25T17:11:02.6659284Z Collecting certifi>=2017.4.17 (from requests>=2.20->twine)
2025-06-25T17:11:02.6824098Z   Downloading certifi-2025.6.15-py3-none-any.whl.metadata (2.4 kB)
2025-06-25T17:11:02.7233318Z Collecting markdown-it-py>=2.2.0 (from rich>=12.0.0->twine)
2025-06-25T17:11:02.7395186Z   Downloading markdown_it_py-3.0.0-py3-none-any.whl.metadata (6.9 kB)
2025-06-25T17:11:02.7785376Z Collecting typing-extensions<5.0,>=4.0.0 (from rich>=12.0.0->twine)
2025-06-25T17:11:02.7956385Z   Downloading typing_extensions-4.13.2-py3-none-any.whl.metadata (3.0 kB)
2025-06-25T17:11:02.8234853Z Collecting mdurl~=0.1 (from markdown-it-py>=2.2.0->rich>=12.0.0->twine)
2025-06-25T17:11:02.8397795Z   Downloading mdurl-0.1.2-py3-none-any.whl.metadata (1.6 kB)
2025-06-25T17:11:03.0289032Z Collecting cryptography>=2.0 (from SecretStorage>=3.2->keyring>=15.1->twine)
2025-06-25T17:11:03.0463230Z   Downloading cryptography-45.0.4-cp37-abi3-manylinux_2_28_x86_64.whl.metadata (5.7 kB)
2025-06-25T17:11:03.0919685Z Collecting more-itertools (from jaraco.classes->keyring>=15.1->twine)
2025-06-25T17:11:03.1090306Z   Downloading more_itertools-10.5.0-py3-none-any.whl.metadata (36 kB)
2025-06-25T17:11:03.1323760Z Collecting backports.tarfile (from jaraco.context->keyring>=15.1->twine)
2025-06-25T17:11:03.1498285Z   Downloading backports.tarfile-1.2.0-py3-none-any.whl.metadata (2.0 kB)
2025-06-25T17:11:03.2844484Z Collecting cffi>=1.14 (from cryptography>=2.0->SecretStorage>=3.2->keyring>=15.1->twine)
2025-06-25T17:11:03.3010860Z   Downloading cffi-1.17.1-cp38-cp38-manylinux_2_17_x86_64.manylinux2014_x86_64.whl.metadata (1.5 kB)
2025-06-25T17:11:03.3263699Z Collecting pycparser (from cffi>=1.14->cryptography>=2.0->SecretStorage>=3.2->keyring>=15.1->twine)
2025-06-25T17:11:03.3419645Z   Downloading pycparser-2.22-py3-none-any.whl.metadata (943 bytes)
2025-06-25T17:11:03.3621267Z Downloading ninja-1.11.1.4-py3-none-manylinux_2_12_x86_64.manylinux2010_x86_64.whl (422 kB)
2025-06-25T17:11:03.4203624Z Downloading cmake-4.0.3-py3-none-manylinux_2_17_x86_64.manylinux2014_x86_64.whl (27.9 MB)
2025-06-25T17:11:03.5643636Z    ‚îÅ‚îÅ‚îÅ‚îÅ‚îÅ‚îÅ‚îÅ‚îÅ‚îÅ‚îÅ‚îÅ‚îÅ‚îÅ‚îÅ‚îÅ‚îÅ‚îÅ‚îÅ‚îÅ‚îÅ‚îÅ‚îÅ‚îÅ‚îÅ‚îÅ‚îÅ‚îÅ‚îÅ‚îÅ‚îÅ‚îÅ‚îÅ‚îÅ‚îÅ‚îÅ‚îÅ‚îÅ‚îÅ‚îÅ‚îÅ 27.9/27.9 MB 199.2 MB/s eta 0:00:00
2025-06-25T17:11:03.5803285Z Downloading distro-1.9.0-py3-none-any.whl (20 kB)
2025-06-25T17:11:03.5994563Z Downloading scikit_build-0.18.1-py3-none-any.whl (85 kB)
2025-06-25T17:11:03.6167053Z Downloading cython-3.1.2-cp38-cp38-manylinux_2_17_x86_64.manylinux2014_x86_64.whl (3.3 MB)
2025-06-25T17:11:03.6293857Z    ‚îÅ‚îÅ‚îÅ‚îÅ‚îÅ‚îÅ‚îÅ‚îÅ‚îÅ‚îÅ‚îÅ‚îÅ‚îÅ‚îÅ‚îÅ‚îÅ‚îÅ‚îÅ‚îÅ‚îÅ‚îÅ‚îÅ‚îÅ‚îÅ‚îÅ‚îÅ‚îÅ‚îÅ‚îÅ‚îÅ‚îÅ‚îÅ‚îÅ‚îÅ‚îÅ‚îÅ‚îÅ‚îÅ‚îÅ‚îÅ 3.3/3.3 MB 310.0 MB/s eta 0:00:00
2025-06-25T17:11:03.6462703Z Downloading auditwheel-6.1.0-py3-none-any.whl (44 kB)
2025-06-25T17:11:03.6620607Z Downloading twine-6.1.0-py3-none-any.whl (40 kB)
2025-06-25T17:11:03.6785421Z Downloading keyring-25.5.0-py3-none-any.whl (39 kB)
2025-06-25T17:11:03.6960224Z Downloading pyelftools-0.32-py3-none-any.whl (188 kB)
2025-06-25T17:11:03.7120546Z Downloading readme_renderer-43.0-py3-none-any.whl (13 kB)
2025-06-25T17:11:03.7277262Z Downloading requests-2.32.4-py3-none-any.whl (64 kB)
2025-06-25T17:11:03.7436338Z Downloading requests_toolbelt-1.0.0-py2.py3-none-any.whl (54 kB)
2025-06-25T17:11:03.7626021Z Downloading rfc3986-2.0.0-py2.py3-none-any.whl (31 kB)
2025-06-25T17:11:03.7784997Z Downloading rich-14.0.0-py3-none-any.whl (243 kB)
2025-06-25T17:11:03.7947975Z Downloading urllib3-2.2.3-py3-none-any.whl (126 kB)
2025-06-25T17:11:03.8107922Z Downloading id-1.5.0-py3-none-any.whl (13 kB)
2025-06-25T17:11:03.8265684Z Downloading certifi-2025.6.15-py3-none-any.whl (157 kB)
2025-06-25T17:11:03.8424825Z Downloading charset_normalizer-3.4.2-cp38-cp38-manylinux_2_17_x86_64.manylinux2014_x86_64.whl (147 kB)
2025-06-25T17:11:03.8584006Z Downloading docutils-0.20.1-py3-none-any.whl (572 kB)
2025-06-25T17:11:03.8642548Z    ‚îÅ‚îÅ‚îÅ‚îÅ‚îÅ‚îÅ‚îÅ‚îÅ‚îÅ‚îÅ‚îÅ‚îÅ‚îÅ‚îÅ‚îÅ‚îÅ‚îÅ‚îÅ‚îÅ‚îÅ‚îÅ‚îÅ‚îÅ‚îÅ‚îÅ‚îÅ‚îÅ‚îÅ‚îÅ‚îÅ‚îÅ‚îÅ‚îÅ‚îÅ‚îÅ‚îÅ‚îÅ‚îÅ‚îÅ 572.7/572.7 kB 261.9 MB/s eta 0:00:00
2025-06-25T17:11:03.8801003Z Downloading idna-3.10-py3-none-any.whl (70 kB)
2025-06-25T17:11:03.8961709Z Downloading jeepney-0.9.0-py3-none-any.whl (49 kB)
2025-06-25T17:11:03.9123367Z Downloading markdown_it_py-3.0.0-py3-none-any.whl (87 kB)
2025-06-25T17:11:03.9289442Z Downloading nh3-0.2.21-cp38-abi3-manylinux_2_17_x86_64.manylinux2014_x86_64.whl (739 kB)
2025-06-25T17:11:03.9326139Z    ‚îÅ‚îÅ‚îÅ‚îÅ‚îÅ‚îÅ‚îÅ‚îÅ‚îÅ‚îÅ‚îÅ‚îÅ‚îÅ‚îÅ‚îÅ‚îÅ‚îÅ‚îÅ‚îÅ‚îÅ‚îÅ‚îÅ‚îÅ‚îÅ‚îÅ‚îÅ‚îÅ‚îÅ‚îÅ‚îÅ‚îÅ‚îÅ‚îÅ‚îÅ‚îÅ‚îÅ‚îÅ‚îÅ‚îÅ 739.0/739.0 kB 561.4 MB/s eta 0:00:00
2025-06-25T17:11:03.9484709Z Downloading pygments-2.19.2-py3-none-any.whl (1.2 MB)
2025-06-25T17:11:03.9530853Z    ‚îÅ‚îÅ‚îÅ‚îÅ‚îÅ‚îÅ‚îÅ‚îÅ‚îÅ‚îÅ‚îÅ‚îÅ‚îÅ‚îÅ‚îÅ‚îÅ‚îÅ‚îÅ‚îÅ‚îÅ‚îÅ‚îÅ‚îÅ‚îÅ‚îÅ‚îÅ‚îÅ‚îÅ‚îÅ‚îÅ‚îÅ‚îÅ‚îÅ‚îÅ‚îÅ‚îÅ‚îÅ‚îÅ‚îÅ‚îÅ 1.2/1.2 MB 516.6 MB/s eta 0:00:00
2025-06-25T17:11:03.9688762Z Downloading SecretStorage-3.3.3-py3-none-any.whl (15 kB)
2025-06-25T17:11:03.9847691Z Downloading typing_extensions-4.13.2-py3-none-any.whl (45 kB)
2025-06-25T17:11:04.0004797Z Downloading importlib_resources-6.4.5-py3-none-any.whl (36 kB)
2025-06-25T17:11:04.0167721Z Downloading jaraco.classes-3.4.0-py3-none-any.whl (6.8 kB)
2025-06-25T17:11:04.0325329Z Downloading jaraco.context-6.0.1-py3-none-any.whl (6.8 kB)
2025-06-25T17:11:04.0487934Z Downloading jaraco.functools-4.1.0-py3-none-any.whl (10 kB)
2025-06-25T17:11:04.0656085Z Downloading cryptography-45.0.4-cp37-abi3-manylinux_2_28_x86_64.whl (4.5 MB)
2025-06-25T17:11:04.0831796Z    ‚îÅ‚îÅ‚îÅ‚îÅ‚îÅ‚îÅ‚îÅ‚îÅ‚îÅ‚îÅ‚îÅ‚îÅ‚îÅ‚îÅ‚îÅ‚îÅ‚îÅ‚îÅ‚îÅ‚îÅ‚îÅ‚îÅ‚îÅ‚îÅ‚îÅ‚îÅ‚îÅ‚îÅ‚îÅ‚îÅ‚îÅ‚îÅ‚îÅ‚îÅ‚îÅ‚îÅ‚îÅ‚îÅ‚îÅ‚îÅ 4.5/4.5 MB 292.0 MB/s eta 0:00:00
2025-06-25T17:11:04.0989662Z Downloading mdurl-0.1.2-py3-none-any.whl (10.0 kB)
2025-06-25T17:11:04.1147368Z Downloading backports.tarfile-1.2.0-py3-none-any.whl (30 kB)
2025-06-25T17:11:04.1308221Z Downloading more_itertools-10.5.0-py3-none-any.whl (60 kB)
2025-06-25T17:11:04.1491566Z Downloading cffi-1.17.1-cp38-cp38-manylinux_2_17_x86_64.manylinux2014_x86_64.whl (446 kB)
2025-06-25T17:11:04.1659161Z Downloading pycparser-2.22-py3-none-any.whl (117 kB)
2025-06-25T17:11:04.3611855Z Installing collected packages: pyelftools, urllib3, typing-extensions, rfc3986, Pygments, pycparser, ninja, nh3, more-itertools, mdurl, jeepney, importlib-resources, idna, docutils, distro, cython, cmake, charset_normalizer, certifi, backports.tarfile, auditwheel, scikit-build, requests, readme-renderer, markdown-it-py, jaraco.functools, jaraco.context, jaraco.classes, cffi, rich, requests-toolbelt, id, cryptography, SecretStorage, keyring, twine
2025-06-25T17:11:08.0570462Z Successfully installed Pygments-2.19.2 SecretStorage-3.3.3 auditwheel-6.1.0 backports.tarfile-1.2.0 certifi-2025.6.15 cffi-1.17.1 charset_normalizer-3.4.2 cmake-4.0.3 cryptography-45.0.4 cython-3.1.2 distro-1.9.0 docutils-0.20.1 id-1.5.0 idna-3.10 importlib-resources-6.4.5 jaraco.classes-3.4.0 jaraco.context-6.0.1 jaraco.functools-4.1.0 jeepney-0.9.0 keyring-25.5.0 markdown-it-py-3.0.0 mdurl-0.1.2 more-itertools-10.5.0 nh3-0.2.21 ninja-1.11.1.4 pycparser-2.22 pyelftools-0.32 readme-renderer-43.0 requests-2.32.4 requests-toolbelt-1.0.0 rfc3986-2.0.0 rich-14.0.0 scikit-build-0.18.1 twine-6.1.0 typing-extensions-4.13.2 urllib3-2.2.3
2025-06-25T17:11:08.0574819Z WARNING: Running pip as the 'root' user can result in broken permissions and conflicting behaviour with the system package manager, possibly rendering your system unusable. It is recommended to use a virtual environment instead: https://pip.pypa.io/warnings/venv. Use the --root-user-action option if you know what you are doing and want to suppress this warning.
2025-06-25T17:11:08.2235988Z ##[group]Run echo "VCPKG_DEFAULT_BINARY_CACHE=/home/runner/work/synthizer3d/synthizer3d/vcpkg_cache" >> $GITHUB_ENV
2025-06-25T17:11:08.2236803Z [36;1mecho "VCPKG_DEFAULT_BINARY_CACHE=/home/runner/work/synthizer3d/synthizer3d/vcpkg_cache" >> $GITHUB_ENV[0m
2025-06-25T17:11:08.2237564Z [36;1mecho "VCPKG_BINARY_SOURCES=clear;files,/home/runner/work/synthizer3d/synthizer3d/vcpkg_cache,readwrite" >> $GITHUB_ENV[0m
2025-06-25T17:11:08.2238171Z shell: sh -e {0}
2025-06-25T17:11:08.2238352Z env:
2025-06-25T17:11:08.2238504Z   CI_ARCH: x86_64
2025-06-25T17:11:08.2238700Z   MANYLINUX_VERSION: manylinux_2_28
2025-06-25T17:11:08.2238937Z   PYVERSION: 3.8
2025-06-25T17:11:08.2239126Z   VCPKG_DEFAULT_TRIPLET: x64-linux
2025-06-25T17:11:08.2239544Z   EFFECTIVE_VCPKG_INSTALLED_DIR_BASE: /home/runner/work/synthizer3d/synthizer3d/vcpkg_installed
2025-06-25T17:11:08.2239970Z   PYTHON_PATH: /opt/python/cp38-cp38
2025-06-25T17:11:08.2240209Z ##[endgroup]
2025-06-25T17:11:08.2832052Z ##[group]Run mkdir -p /home/runner/work/synthizer3d/synthizer3d/vcpkg_cache
2025-06-25T17:11:08.2832569Z [36;1mmkdir -p /home/runner/work/synthizer3d/synthizer3d/vcpkg_cache[0m
2025-06-25T17:11:08.2833773Z shell: sh -e {0}
2025-06-25T17:11:08.2833962Z env:
2025-06-25T17:11:08.2834112Z   CI_ARCH: x86_64
2025-06-25T17:11:08.2834301Z   MANYLINUX_VERSION: manylinux_2_28
2025-06-25T17:11:08.2834527Z   PYVERSION: 3.8
2025-06-25T17:11:08.2834720Z   VCPKG_DEFAULT_TRIPLET: x64-linux
2025-06-25T17:11:08.2835125Z   EFFECTIVE_VCPKG_INSTALLED_DIR_BASE: /home/runner/work/synthizer3d/synthizer3d/vcpkg_installed
2025-06-25T17:11:08.2835557Z   PYTHON_PATH: /opt/python/cp38-cp38
2025-06-25T17:11:08.2835924Z   VCPKG_DEFAULT_BINARY_CACHE: /home/runner/work/synthizer3d/synthizer3d/vcpkg_cache
2025-06-25T17:11:08.2836489Z   VCPKG_BINARY_SOURCES: clear;files,/home/runner/work/synthizer3d/synthizer3d/vcpkg_cache,readwrite
2025-06-25T17:11:08.2836910Z ##[endgroup]
2025-06-25T17:11:08.6883882Z ##[group]Run actions/cache@v4
2025-06-25T17:11:08.6884152Z with:
2025-06-25T17:11:08.6884410Z   path: /home/runner/work/synthizer3d/synthizer3d/vcpkg_cache
2025-06-25T17:11:08.6884950Z   key: vcpkg-cache-x64-linux-857a48f9d661d4eb6b3ea771e2d2cd6720cf20d328d6157f10fe162cbf06dbfd
2025-06-25T17:11:08.6885412Z   restore-keys: vcpkg-cache-x64-linux-

2025-06-25T17:11:08.6885668Z   enableCrossOsArchive: false
2025-06-25T17:11:08.6885883Z   fail-on-cache-miss: false
2025-06-25T17:11:08.6886086Z   lookup-only: false
2025-06-25T17:11:08.6886263Z   save-always: false
2025-06-25T17:11:08.6886433Z env:
2025-06-25T17:11:08.6886583Z   CI_ARCH: x86_64
2025-06-25T17:11:08.6886762Z   MANYLINUX_VERSION: manylinux_2_28
2025-06-25T17:11:08.6886990Z   PYVERSION: 3.8
2025-06-25T17:11:08.6887170Z   VCPKG_DEFAULT_TRIPLET: x64-linux
2025-06-25T17:11:08.6887582Z   EFFECTIVE_VCPKG_INSTALLED_DIR_BASE: /home/runner/work/synthizer3d/synthizer3d/vcpkg_installed
2025-06-25T17:11:08.6888045Z   PYTHON_PATH: /opt/python/cp38-cp38
2025-06-25T17:11:08.6888413Z   VCPKG_DEFAULT_BINARY_CACHE: /home/runner/work/synthizer3d/synthizer3d/vcpkg_cache
2025-06-25T17:11:08.6888969Z   VCPKG_BINARY_SOURCES: clear;files,/home/runner/work/synthizer3d/synthizer3d/vcpkg_cache,readwrite
2025-06-25T17:11:08.6889385Z ##[endgroup]
2025-06-25T17:11:08.6892410Z ##[command]/usr/bin/docker exec  4156845706a1a4ee028fa601c8a74eb0d698ea3aec5c0743e37a17e15a7c58e4 sh -c "cat /etc/*release | grep ^ID"
2025-06-25T17:11:09.0489630Z Cache not found for input keys: vcpkg-cache-x64-linux-857a48f9d661d4eb6b3ea771e2d2cd6720cf20d328d6157f10fe162cbf06dbfd, vcpkg-cache-x64-linux-
2025-06-25T17:11:09.0586124Z ##[group]Run mkdir -p /home/runner/work/synthizer3d/synthizer3d/vcpkg_installed
2025-06-25T17:11:09.0586656Z [36;1mmkdir -p /home/runner/work/synthizer3d/synthizer3d/vcpkg_installed[0m
2025-06-25T17:11:09.0587112Z shell: sh -e {0}
2025-06-25T17:11:09.0587283Z env:
2025-06-25T17:11:09.0587441Z   CI_ARCH: x86_64
2025-06-25T17:11:09.0587626Z   MANYLINUX_VERSION: manylinux_2_28
2025-06-25T17:11:09.0587853Z   PYVERSION: 3.8
2025-06-25T17:11:09.0588036Z   VCPKG_DEFAULT_TRIPLET: x64-linux
2025-06-25T17:11:09.0588443Z   EFFECTIVE_VCPKG_INSTALLED_DIR_BASE: /home/runner/work/synthizer3d/synthizer3d/vcpkg_installed
2025-06-25T17:11:09.0588891Z   PYTHON_PATH: /opt/python/cp38-cp38
2025-06-25T17:11:09.0589252Z   VCPKG_DEFAULT_BINARY_CACHE: /home/runner/work/synthizer3d/synthizer3d/vcpkg_cache
2025-06-25T17:11:09.0589813Z   VCPKG_BINARY_SOURCES: clear;files,/home/runner/work/synthizer3d/synthizer3d/vcpkg_cache,readwrite
2025-06-25T17:11:09.0590238Z ##[endgroup]
2025-06-25T17:11:09.4435082Z ##[group]Run actions/cache@v4
2025-06-25T17:11:09.4435505Z with:
2025-06-25T17:11:09.4435941Z   path: /home/runner/work/synthizer3d/synthizer3d/vcpkg_installed
2025-06-25T17:11:09.4437033Z   key: vcpkg-packages-x64-linux-857a48f9d661d4eb6b3ea771e2d2cd6720cf20d328d6157f10fe162cbf06dbfd
2025-06-25T17:11:09.4437974Z   restore-keys: vcpkg-packages-x64-linux-

2025-06-25T17:11:09.4438460Z   enableCrossOsArchive: false
2025-06-25T17:11:09.4438848Z   fail-on-cache-miss: false
2025-06-25T17:11:09.4439214Z   lookup-only: false
2025-06-25T17:11:09.4439536Z   save-always: false
2025-06-25T17:11:09.4440162Z env:
2025-06-25T17:11:09.4440428Z   CI_ARCH: x86_64
2025-06-25T17:11:09.4440746Z   MANYLINUX_VERSION: manylinux_2_28
2025-06-25T17:11:09.4441212Z   PYVERSION: 3.8
2025-06-25T17:11:09.4441554Z   VCPKG_DEFAULT_TRIPLET: x64-linux
2025-06-25T17:11:09.4442324Z   EFFECTIVE_VCPKG_INSTALLED_DIR_BASE: /home/runner/work/synthizer3d/synthizer3d/vcpkg_installed
2025-06-25T17:11:09.4443470Z   PYTHON_PATH: /opt/python/cp38-cp38
2025-06-25T17:11:09.4443898Z   VCPKG_DEFAULT_BINARY_CACHE: /home/runner/work/synthizer3d/synthizer3d/vcpkg_cache
2025-06-25T17:11:09.4444493Z   VCPKG_BINARY_SOURCES: clear;files,/home/runner/work/synthizer3d/synthizer3d/vcpkg_cache,readwrite
2025-06-25T17:11:09.4444931Z ##[endgroup]
2025-06-25T17:11:09.4447882Z ##[command]/usr/bin/docker exec  4156845706a1a4ee028fa601c8a74eb0d698ea3aec5c0743e37a17e15a7c58e4 sh -c "cat /etc/*release | grep ^ID"
2025-06-25T17:11:09.8031997Z Cache not found for input keys: vcpkg-packages-x64-linux-857a48f9d661d4eb6b3ea771e2d2cd6720cf20d328d6157f10fe162cbf06dbfd, vcpkg-packages-x64-linux-
2025-06-25T17:11:09.8154095Z ##[group]Run lukka/run-vcpkg@v11
2025-06-25T17:11:09.8154346Z with:
2025-06-25T17:11:09.8154518Z   vcpkgJsonGlob: vcpkg.json
2025-06-25T17:11:09.8154729Z   runVcpkgInstall: true
2025-06-25T17:11:09.8155019Z   vcpkgDirectory: /home/runner/work/synthizer3d/synthizer3d/vcpkg
2025-06-25T17:11:09.8155396Z   vcpkgGitURL: https://github.com/microsoft/vcpkg.git
2025-06-25T17:11:09.8155678Z   doNotUpdateVcpkg: false
2025-06-25T17:11:09.8155877Z   doNotCache: true
2025-06-25T17:11:09.8156065Z   vcpkgJsonIgnores: ['**/vcpkg/**']
2025-06-25T17:11:09.8156354Z   vcpkgConfigurationJsonGlob: **/vcpkg-configuration.json
2025-06-25T17:11:09.8157014Z   runVcpkgFormatString: [`install`, `--recurse`, `--clean-after-build`, `--x-install-root`, `$[env.VCPKG_INSTALLED_DIR]`, `--triplet`, `$[env.VCPKG_DEFAULT_TRIPLET]`]
2025-06-25T17:11:09.8157594Z   useShell: true
2025-06-25T17:11:09.8158057Z   logCollectionRegExps: \s*"(.+CMakeOutput\.log)"\.\s*;\s*"(.+CMakeError\.log)"\.\s*;\s*(.+out\.log)\s*;\s+(.+err\.log)\s*;\s*(.+vcpkg.+\.log)\s*
2025-06-25T17:11:09.8158573Z env:
2025-06-25T17:11:09.8158725Z   CI_ARCH: x86_64
2025-06-25T17:11:09.8158905Z   MANYLINUX_VERSION: manylinux_2_28
2025-06-25T17:11:09.8159128Z   PYVERSION: 3.8
2025-06-25T17:11:09.8159312Z   VCPKG_DEFAULT_TRIPLET: x64-linux
2025-06-25T17:11:09.8159718Z   EFFECTIVE_VCPKG_INSTALLED_DIR_BASE: /home/runner/work/synthizer3d/synthizer3d/vcpkg_installed
2025-06-25T17:11:09.8160155Z   PYTHON_PATH: /opt/python/cp38-cp38
2025-06-25T17:11:09.8160522Z   VCPKG_DEFAULT_BINARY_CACHE: /home/runner/work/synthizer3d/synthizer3d/vcpkg_cache
2025-06-25T17:11:09.8161086Z   VCPKG_BINARY_SOURCES: clear;files,/home/runner/work/synthizer3d/synthizer3d/vcpkg_cache,readwrite
2025-06-25T17:11:09.8161502Z ##[endgroup]
2025-06-25T17:11:09.8165499Z ##[command]/usr/bin/docker exec  4156845706a1a4ee028fa601c8a74eb0d698ea3aec5c0743e37a17e15a7c58e4 sh -c "cat /etc/*release | grep ^ID"
2025-06-25T17:11:10.0997516Z ##[group]Prepare output directories
2025-06-25T17:11:10.0999231Z The vpckg root directory: '/__w/synthizer3d/synthizer3d/vcpkg'
2025-06-25T17:11:10.1021778Z ##[endgroup]
2025-06-25T17:11:10.1022851Z ‚è± elapsed: 0.002 seconds
2025-06-25T17:11:10.1059708Z Running command '/usr/local/bin/git' with args 'submodule,status,/__w/synthizer3d/synthizer3d/vcpkg' in current directory '/__w/synthizer3d/synthizer3d'.
2025-06-25T17:11:10.1304068Z fatal: detected dubious ownership in repository at '/__w/synthizer3d/synthizer3d'
2025-06-25T17:11:10.1304914Z To add an exception for this directory, call:
2025-06-25T17:11:10.1305331Z 
2025-06-25T17:11:10.1305579Z 	git config --global --add safe.directory /__w/synthizer3d/synthizer3d
2025-06-25T17:11:10.1329141Z ##[group]Searching for vcpkg.json with glob expression 'vcpkg.json'
2025-06-25T17:11:10.1389924Z Found vcpkg.json at 'vcpkg.json'.
2025-06-25T17:11:10.1393322Z ##[endgroup]
2025-06-25T17:11:10.1393899Z ‚è± elapsed: 0.006 seconds
2025-06-25T17:11:10.1409054Z ##[group]The vcpkgCommitId is not provided, searching for a vcpkg-configuration.json using **/vcpkg-configuration.json
2025-06-25T17:11:10.1413608Z Searching for 'vcpkg-configuration.json' using: '**/vcpkg-configuration.json'
2025-06-25T17:11:10.1687312Z The file 'vcpkg-configuration.json' was not found with glob expression '**/vcpkg-configuration.json'.
2025-06-25T17:11:10.1688426Z A vcpkg-configuration.json is not found.
2025-06-25T17:11:10.1707156Z ##[endgroup]
2025-06-25T17:11:10.1707674Z ‚è± elapsed: 0.031 seconds
2025-06-25T17:11:10.1708590Z Found baseline '8f63c9ed5897d7367a92a442a79f91721e0fd38f', this is the Git commit id going to be used to fetch vcpkg from the repository
2025-06-25T17:11:10.1742042Z ##[group]Setup to run on GitHub Action runners
2025-06-25T17:11:10.1743806Z Set the workflow environment variable 'ACTIONS_CACHE_URL' to value 'https://acghubeus2.actions.githubusercontent.com/bwbzopuV3oKlbowlUKWdOnf6KF0vjv7EYqCB3ZHqukKhTVgy74/'
2025-06-25T17:11:10.1800816Z Set the workflow environment variable 'ACTIONS_RUNTIME_TOKEN' to value '***'
2025-06-25T17:11:10.1802331Z ##[endgroup]
2025-06-25T17:11:10.1802916Z ‚è± elapsed: 0.001 seconds
2025-06-25T17:11:10.1803735Z ##[group]Retrieving the vcpkg Git commit id at: '/__w/synthizer3d/synthizer3d/vcpkg'
2025-06-25T17:11:10.1804790Z Fetching the Git commit id at '/__w/synthizer3d/synthizer3d/vcpkg' ...
2025-06-25T17:11:10.1805698Z Running command '/usr/local/bin/git' with args 'rev-parse,HEAD' in current directory '/__w/synthizer3d/synthizer3d/vcpkg'.
2025-06-25T17:11:10.1806689Z fatal: detected dubious ownership in repository at '/__w/synthizer3d/synthizer3d'
2025-06-25T17:11:10.1807595Z To add an exception for this directory, call:
2025-06-25T17:11:10.1807937Z 
2025-06-25T17:11:10.1808464Z 	git config --global --add safe.directory /__w/synthizer3d/synthizer3d
2025-06-25T17:11:10.1809767Z Git commit id not found.
2025-06-25T17:11:10.1810503Z ##[endgroup]
2025-06-25T17:11:10.1810964Z ‚è± elapsed: 0.007 seconds
2025-06-25T17:11:10.1811380Z ##[group]Check whether vcpkg repository is up to date
2025-06-25T17:11:10.1811878Z Checking whether vcpkg's repository is updated to commit id '' ...
2025-06-25T17:11:10.1812392Z Current commit id of vcpkg: ''.
2025-06-25T17:11:10.1812677Z Is vcpkg repository updated? No
2025-06-25T17:11:10.1812991Z ##[endgroup]
2025-06-25T17:11:10.1813383Z ‚è± elapsed: 0.001 seconds
2025-06-25T17:11:10.1813720Z ##[group]Download vcpkg source code repository
2025-06-25T17:11:10.1814315Z Cloning vcpkg in '/__w/synthizer3d/synthizer3d/vcpkg'...
2025-06-25T17:11:10.1821672Z Running command '/usr/local/bin/git' with args 'clone,https://github.com/microsoft/vcpkg.git,-n,.' in current directory '/__w/synthizer3d/synthizer3d/vcpkg'.
2025-06-25T17:11:10.1865057Z Cloning into '.'...
2025-06-25T17:11:19.6923750Z Running command '/usr/local/bin/git' with args 'checkout,--force,8f63c9ed5897d7367a92a442a79f91721e0fd38f' in current directory '/__w/synthizer3d/synthizer3d/vcpkg'.
2025-06-25T17:11:20.3629256Z Note: switching to '8f63c9ed5897d7367a92a442a79f91721e0fd38f'.
2025-06-25T17:11:20.3629761Z 
2025-06-25T17:11:20.3630321Z You are in 'detached HEAD' state. You can look around, make experimental
2025-06-25T17:11:20.3631302Z changes and commit them, and you can discard any commits you make in this
2025-06-25T17:11:20.3632238Z state without impacting any branches by switching back to a branch.
2025-06-25T17:11:20.3632661Z 
2025-06-25T17:11:20.3633415Z If you want to create a new branch to retain commits you create, you may
2025-06-25T17:11:20.3634267Z do so (now or later) by using -c with the switch command. Example:
2025-06-25T17:11:20.3634654Z 
2025-06-25T17:11:20.3634904Z   git switch -c <new-branch-name>
2025-06-25T17:11:20.3635183Z 
2025-06-25T17:11:20.3635415Z Or undo this operation with:
2025-06-25T17:11:20.3635666Z 
2025-06-25T17:11:20.3635823Z   git switch -
2025-06-25T17:11:20.3636003Z 
2025-06-25T17:11:20.3636555Z Turn off this advice by setting config variable advice.detachedHead to false
2025-06-25T17:11:20.3637027Z 
2025-06-25T17:11:20.3637469Z HEAD is now at 8f63c9ed58 [tree-sitter-c] update to 0.24.1 (#45715)
2025-06-25T17:11:20.3650749Z Clone vcpkg in '/__w/synthizer3d/synthizer3d/vcpkg'.
2025-06-25T17:11:20.3651495Z ##[endgroup]
2025-06-25T17:11:20.3651964Z ‚è± elapsed: 10.185 seconds
2025-06-25T17:11:20.3652546Z ##[group]Build vcpkg executable
2025-06-25T17:11:20.3663825Z Running command 'chmod' with args '+x,/__w/synthizer3d/synthizer3d/vcpkg/bootstrap-vcpkg.sh' in current directory 'undefined'.
2025-06-25T17:11:20.3716683Z Running command '/usr/bin/sh' with args '-c,/__w/synthizer3d/synthizer3d/vcpkg/bootstrap-vcpkg.sh' in current directory '/__w/synthizer3d/synthizer3d/vcpkg'.
2025-06-25T17:11:20.3904391Z Downloading vcpkg-glibc...
2025-06-25T17:11:20.9275207Z vcpkg package management program version 2025-05-19-ece4c0f6b8fae9e94513d544c7aa753dd2c82337
2025-06-25T17:11:20.9275599Z 
2025-06-25T17:11:20.9275779Z See LICENSE.txt for license information.
2025-06-25T17:11:20.9295688Z Telemetry
2025-06-25T17:11:20.9296090Z ---------
2025-06-25T17:11:20.9296713Z vcpkg collects usage data in order to help us improve your experience.
2025-06-25T17:11:20.9297429Z The data collected by Microsoft is anonymous.
2025-06-25T17:11:20.9298023Z You can opt-out of telemetry by re-running the bootstrap-vcpkg script with -disableMetrics,
2025-06-25T17:11:20.9298882Z passing --disable-metrics to vcpkg on the command line,
2025-06-25T17:11:20.9299721Z or by setting the VCPKG_DISABLE_METRICS environment variable.
2025-06-25T17:11:20.9300159Z 
2025-06-25T17:11:20.9300579Z Read more about vcpkg telemetry at docs/about/privacy.md
2025-06-25T17:11:20.9310510Z Fetching the Git commit id at '/__w/synthizer3d/synthizer3d/vcpkg' ...
2025-06-25T17:11:20.9312153Z Running command '/usr/local/bin/git' with args 'rev-parse,HEAD' in current directory '/__w/synthizer3d/synthizer3d/vcpkg'.
2025-06-25T17:11:20.9355602Z 8f63c9ed5897d7367a92a442a79f91721e0fd38f
2025-06-25T17:11:20.9362578Z Stored last built vcpkg commit id '8f63c9ed5897d7367a92a442a79f91721e0fd38f' in file '/__w/synthizer3d/synthizer3d/vcpkg/vcpkgLastBuiltCommitId'.
2025-06-25T17:11:20.9363952Z ##[endgroup]
2025-06-25T17:11:20.9364591Z ‚è± elapsed: 0.571 seconds
2025-06-25T17:11:20.9365246Z ##[group]Add to PATH vcpkg at '/__w/synthizer3d/synthizer3d/vcpkg'
2025-06-25T17:11:20.9366052Z ##[endgroup]
2025-06-25T17:11:20.9366514Z ‚è± elapsed: 0.000 seconds
2025-06-25T17:11:20.9367869Z ##[group]Install/Update ports using vcpkg.json
2025-06-25T17:11:20.9372022Z Running 'vcpkg install,--recurse,--clean-after-build,--x-install-root,/__w/synthizer3d/synthizer3d/969f6665-88a2-4c98-938e-ca9259871fec/vcpkg_installed,--triplet,x64-linux' in directory '/__w/synthizer3d/synthizer3d' ...
2025-06-25T17:11:20.9375608Z Running command '/__w/synthizer3d/synthizer3d/vcpkg/vcpkg' with args 'install,--recurse,--clean-after-build,--x-install-root,/__w/synthizer3d/synthizer3d/969f6665-88a2-4c98-938e-ca9259871fec/vcpkg_installed,--triplet,x64-linux' in current directory '/__w/synthizer3d/synthizer3d'.
2025-06-25T17:11:21.8708332Z Detecting compiler hash for triplet x64-linux...
2025-06-25T17:11:22.8411857Z Compiler found: /opt/rh/gcc-toolset-14/root/usr/bin/c++
2025-06-25T17:11:22.8486603Z The following packages will be built and installed:
2025-06-25T17:11:22.8487954Z     faad2:x64-linux@2.11.1
2025-06-25T17:11:22.8488507Z     libogg:x64-linux@1.3.5#2
2025-06-25T17:11:22.8489366Z     libvorbis:x64-linux@1.3.7#4
2025-06-25T17:11:22.8489823Z     opus:x64-linux@1.5.2
2025-06-25T17:11:22.8490276Z     opusfile:x64-linux@0.12+20221121#1
2025-06-25T17:11:22.8490820Z     soundtouch:x64-linux@2.3.3
2025-06-25T17:11:22.8491358Z   * vcpkg-cmake:x64-linux@2024-04-23
2025-06-25T17:11:22.8491916Z   * vcpkg-cmake-config:x64-linux@2024-05-23
2025-06-25T17:11:22.8492732Z Additional packages (*) will be modified to complete this operation.
2025-06-25T17:11:22.8498374Z Restored 0 package(s) from /home/runner/work/synthizer3d/synthizer3d/vcpkg_cache in 52.4 us. Use --debug to see more details.
2025-06-25T17:11:22.8501905Z Installing 1/8 vcpkg-cmake:x64-linux@2024-04-23...
2025-06-25T17:11:22.8502615Z Building vcpkg-cmake:x64-linux@2024-04-23...
2025-06-25T17:11:23.0200344Z -- Installing: /__w/synthizer3d/synthizer3d/vcpkg/packages/vcpkg-cmake_x64-linux/share/vcpkg-cmake/vcpkg_cmake_configure.cmake
2025-06-25T17:11:23.0210287Z -- Installing: /__w/synthizer3d/synthizer3d/vcpkg/packages/vcpkg-cmake_x64-linux/share/vcpkg-cmake/vcpkg_cmake_build.cmake
2025-06-25T17:11:23.0212242Z -- Installing: /__w/synthizer3d/synthizer3d/vcpkg/packages/vcpkg-cmake_x64-linux/share/vcpkg-cmake/vcpkg_cmake_install.cmake
2025-06-25T17:11:23.0213944Z -- Installing: /__w/synthizer3d/synthizer3d/vcpkg/packages/vcpkg-cmake_x64-linux/share/vcpkg-cmake/vcpkg-port-config.cmake
2025-06-25T17:11:23.0219342Z -- Installing: /__w/synthizer3d/synthizer3d/vcpkg/packages/vcpkg-cmake_x64-linux/share/vcpkg-cmake/copyright
2025-06-25T17:11:23.0230349Z -- Performing post-build validation
2025-06-25T17:11:23.0248638Z Starting submission of vcpkg-cmake:x64-linux@2024-04-23 to 1 binary cache(s) in the background
2025-06-25T17:11:23.0259104Z Elapsed time to handle vcpkg-cmake:x64-linux: 176 ms
2025-06-25T17:11:23.0261102Z vcpkg-cmake:x64-linux package ABI: ac88e4dec74e861499ccff4bec61abd7477a39fecbe216b4bdc885c7b3fdeee5
2025-06-25T17:11:23.0262248Z Installing 2/8 faad2:x64-linux@2.11.1...
2025-06-25T17:11:23.0262884Z Building faad2:x64-linux@2.11.1...
2025-06-25T17:11:23.1995148Z Downloading https://github.com/knik0/faad2/archive/2.11.1.tar.gz -> knik0-faad2-2.11.1.tar.gz
2025-06-25T17:11:23.7782765Z Successfully downloaded knik0-faad2-2.11.1.tar.gz
2025-06-25T17:11:23.7804489Z -- Extracting source /__w/synthizer3d/synthizer3d/vcpkg/downloads/knik0-faad2-2.11.1.tar.gz
2025-06-25T17:11:23.7970658Z -- Applying patch fix-install.patch
2025-06-25T17:11:23.7996835Z -- Using source at /__w/synthizer3d/synthizer3d/vcpkg/buildtrees/faad2/src/2.11.1-55f3ec09c2.clean
2025-06-25T17:11:23.8050392Z -- Configuring x64-linux
2025-06-25T17:11:24.1559791Z -- Building x64-linux-dbg
2025-06-25T17:11:28.4042967Z -- Building x64-linux-rel
2025-06-25T17:11:42.9210029Z -- Fixing pkgconfig file: /__w/synthizer3d/synthizer3d/vcpkg/packages/faad2_x64-linux/lib/pkgconfig/faad2.pc
2025-06-25T17:11:42.9242141Z -- Fixing pkgconfig file: /__w/synthizer3d/synthizer3d/vcpkg/packages/faad2_x64-linux/debug/lib/pkgconfig/faad2.pc
2025-06-25T17:11:42.9288628Z -- Installing: /__w/synthizer3d/synthizer3d/vcpkg/packages/faad2_x64-linux/share/faad2/copyright
2025-06-25T17:11:42.9376052Z -- Adjusted RPATH of '/__w/synthizer3d/synthizer3d/vcpkg/packages/faad2_x64-linux/tools/faad2/faad' (From '' -> To '$ORIGIN:$ORIGIN/../../lib')
2025-06-25T17:11:42.9397490Z -- Performing post-build validation
2025-06-25T17:11:42.9570110Z Starting submission of faad2:x64-linux@2.11.1 to 1 binary cache(s) in the background
2025-06-25T17:11:42.9576935Z Elapsed time to handle faad2:x64-linux: 20 s
2025-06-25T17:11:42.9577967Z faad2:x64-linux package ABI: 7201de1e94265647f47772964a35ed4b04b2016378150a1e00e98bc89bf0d287
2025-06-25T17:11:42.9579232Z Completed submission of vcpkg-cmake:x64-linux@2024-04-23 to 1 binary cache(s) in 5.2 ms
2025-06-25T17:11:42.9580236Z Installing 3/8 vcpkg-cmake-config:x64-linux@2024-05-23...
2025-06-25T17:11:42.9580983Z Building vcpkg-cmake-config:x64-linux@2024-05-23...
2025-06-25T17:11:43.1331633Z -- Installing: /__w/synthizer3d/synthizer3d/vcpkg/packages/vcpkg-cmake-config_x64-linux/share/vcpkg-cmake-config/vcpkg_cmake_config_fixup.cmake
2025-06-25T17:11:43.1340648Z -- Installing: /__w/synthizer3d/synthizer3d/vcpkg/packages/vcpkg-cmake-config_x64-linux/share/vcpkg-cmake-config/vcpkg-port-config.cmake
2025-06-25T17:11:43.1342577Z -- Installing: /__w/synthizer3d/synthizer3d/vcpkg/packages/vcpkg-cmake-config_x64-linux/share/vcpkg-cmake-config/copyright
2025-06-25T17:11:43.1355070Z -- Skipping post-build validation due to VCPKG_POLICY_EMPTY_PACKAGE
2025-06-25T17:11:43.1368300Z Starting submission of vcpkg-cmake-config:x64-linux@2024-05-23 to 1 binary cache(s) in the background
2025-06-25T17:11:43.1378785Z Elapsed time to handle vcpkg-cmake-config:x64-linux: 179 ms
2025-06-25T17:11:43.1380241Z vcpkg-cmake-config:x64-linux package ABI: 363882f17f4f2571030827d3e78269b7dbea395d63cab8f644e26c1685d891d7
2025-06-25T17:11:43.1382599Z Installing 4/8 libogg:x64-linux@1.3.5#2...
2025-06-25T17:11:43.1383380Z Building libogg:x64-linux@1.3.5#2...
2025-06-25T17:11:43.3129228Z Downloading https://gitlab.xiph.org/xiph/ogg/-/archive/v1.3.5/ogg-v1.3.5.tar.gz -> xiph-ogg-v1.3.5.tar.gz
2025-06-25T17:11:47.4247668Z Successfully downloaded xiph-ogg-v1.3.5.tar.gz
2025-06-25T17:11:47.4260925Z -- Extracting source /__w/synthizer3d/synthizer3d/vcpkg/downloads/xiph-ogg-v1.3.5.tar.gz
2025-06-25T17:11:47.4372154Z -- Using source at /__w/synthizer3d/synthizer3d/vcpkg/buildtrees/libogg/src/v1.3.5-1a4243fef9.clean
2025-06-25T17:11:47.4432151Z -- Configuring x64-linux
2025-06-25T17:11:48.8866685Z -- Building x64-linux-dbg
2025-06-25T17:11:48.9858604Z -- Building x64-linux-rel
2025-06-25T17:11:49.3768946Z -- Fixing pkgconfig file: /__w/synthizer3d/synthizer3d/vcpkg/packages/libogg_x64-linux/lib/pkgconfig/ogg.pc
2025-06-25T17:11:49.3801362Z -- Fixing pkgconfig file: /__w/synthizer3d/synthizer3d/vcpkg/packages/libogg_x64-linux/debug/lib/pkgconfig/ogg.pc
2025-06-25T17:11:49.3832219Z -- Installing: /__w/synthizer3d/synthizer3d/vcpkg/packages/libogg_x64-linux/share/libogg/copyright
2025-06-25T17:11:49.3865845Z -- Performing post-build validation
2025-06-25T17:11:49.3954021Z Starting submission of libogg:x64-linux@1.3.5#2 to 1 binary cache(s) in the background
2025-06-25T17:11:49.3960974Z Elapsed time to handle libogg:x64-linux: 6.3 s
2025-06-25T17:11:49.3962474Z libogg:x64-linux package ABI: d8b44cc3ade59b8efaffc796447810e39d0f97191561856b8f993fecff5206c7
2025-06-25T17:11:49.3963928Z Completed submission of faad2:x64-linux@2.11.1 to 1 binary cache(s) in 181 ms
2025-06-25T17:11:49.3965195Z Completed submission of vcpkg-cmake-config:x64-linux@2024-05-23 to 1 binary cache(s) in 4.66 ms
2025-06-25T17:11:49.3966137Z Installing 5/8 libvorbis:x64-linux@1.3.7#4...
2025-06-25T17:11:49.3966785Z Building libvorbis:x64-linux@1.3.7#4...
2025-06-25T17:11:49.5716572Z Downloading https://github.com/xiph/vorbis/archive/v1.3.7.tar.gz -> xiph-vorbis-v1.3.7.tar.gz
2025-06-25T17:11:50.1261623Z Successfully downloaded xiph-vorbis-v1.3.7.tar.gz
2025-06-25T17:11:50.1296864Z -- Extracting source /__w/synthizer3d/synthizer3d/vcpkg/downloads/xiph-vorbis-v1.3.7.tar.gz
2025-06-25T17:11:50.1611467Z -- Applying patch 0001-Dont-export-vorbisenc-functions.patch
2025-06-25T17:11:50.1634933Z -- Applying patch 0002-Fixup-pkgconfig-libs.patch
2025-06-25T17:11:50.1657601Z -- Applying patch 0003-def-mingw-compat.patch
2025-06-25T17:11:50.1682418Z -- Applying patch 0004-ogg-find-dependency.patch
2025-06-25T17:11:50.1706313Z -- Using source at /__w/synthizer3d/synthizer3d/vcpkg/buildtrees/libvorbis/src/v1.3.7-c32164610e.clean
2025-06-25T17:11:50.1763410Z -- Configuring x64-linux
2025-06-25T17:11:50.6679495Z -- Building x64-linux-dbg
2025-06-25T17:11:51.7072342Z -- Building x64-linux-rel
2025-06-25T17:11:54.7186313Z -- Fixing pkgconfig file: /__w/synthizer3d/synthizer3d/vcpkg/packages/libvorbis_x64-linux/lib/pkgconfig/vorbis.pc
2025-06-25T17:11:54.7191504Z -- Fixing pkgconfig file: /__w/synthizer3d/synthizer3d/vcpkg/packages/libvorbis_x64-linux/lib/pkgconfig/vorbisenc.pc
2025-06-25T17:11:54.7197860Z -- Fixing pkgconfig file: /__w/synthizer3d/synthizer3d/vcpkg/packages/libvorbis_x64-linux/lib/pkgconfig/vorbisfile.pc
2025-06-25T17:11:54.7277012Z -- Fixing pkgconfig file: /__w/synthizer3d/synthizer3d/vcpkg/packages/libvorbis_x64-linux/debug/lib/pkgconfig/vorbis.pc
2025-06-25T17:11:54.7284139Z -- Fixing pkgconfig file: /__w/synthizer3d/synthizer3d/vcpkg/packages/libvorbis_x64-linux/debug/lib/pkgconfig/vorbisenc.pc
2025-06-25T17:11:54.7292429Z -- Fixing pkgconfig file: /__w/synthizer3d/synthizer3d/vcpkg/packages/libvorbis_x64-linux/debug/lib/pkgconfig/vorbisfile.pc
2025-06-25T17:11:54.7369131Z -- Installing: /__w/synthizer3d/synthizer3d/vcpkg/packages/libvorbis_x64-linux/share/libvorbis/usage
2025-06-25T17:11:54.7374795Z -- Installing: /__w/synthizer3d/synthizer3d/vcpkg/packages/libvorbis_x64-linux/share/libvorbis/copyright
2025-06-25T17:11:54.7441952Z -- Performing post-build validation
2025-06-25T17:11:54.7618942Z Starting submission of libvorbis:x64-linux@1.3.7#4 to 1 binary cache(s) in the background
2025-06-25T17:11:54.7630007Z Elapsed time to handle libvorbis:x64-linux: 5.4 s
2025-06-25T17:11:54.7631544Z libvorbis:x64-linux package ABI: f382c4569460cf6689ec63ea01d5f3fc4abeb00efa059b9f7be7f85d2443987b
2025-06-25T17:11:54.7633277Z Completed submission of libogg:x64-linux@1.3.5#2 to 1 binary cache(s) in 10.5 ms
2025-06-25T17:11:54.7634982Z Installing 6/8 opus:x64-linux@1.5.2...
2025-06-25T17:11:54.7635542Z Building opus:x64-linux@1.5.2...
2025-06-25T17:11:54.9380876Z Downloading https://github.com/xiph/opus/archive/v1.5.2.tar.gz -> xiph-opus-v1.5.2.tar.gz
2025-06-25T17:11:55.3512430Z Successfully downloaded xiph-opus-v1.5.2.tar.gz
2025-06-25T17:11:55.3609538Z -- Extracting source /__w/synthizer3d/synthizer3d/vcpkg/downloads/xiph-opus-v1.5.2.tar.gz
2025-06-25T17:11:55.4331781Z -- Applying patch fix-pkgconfig-version.patch
2025-06-25T17:11:55.4361116Z -- Using source at /__w/synthizer3d/synthizer3d/vcpkg/buildtrees/opus/src/v1.5.2-81ed242155.clean
2025-06-25T17:11:55.4427561Z -- Configuring x64-linux
2025-06-25T17:11:57.5040938Z -- Building x64-linux-dbg
2025-06-25T17:12:00.4609351Z -- Building x64-linux-rel
2025-06-25T17:12:08.0324400Z -- Fixing pkgconfig file: /__w/synthizer3d/synthizer3d/vcpkg/packages/opus_x64-linux/lib/pkgconfig/opus.pc
2025-06-25T17:12:08.0358096Z -- Fixing pkgconfig file: /__w/synthizer3d/synthizer3d/vcpkg/packages/opus_x64-linux/debug/lib/pkgconfig/opus.pc
2025-06-25T17:12:08.0392629Z -- Installing: /__w/synthizer3d/synthizer3d/vcpkg/packages/opus_x64-linux/share/opus/copyright
2025-06-25T17:12:08.0420163Z -- Performing post-build validation
2025-06-25T17:12:08.0737831Z Starting submission of opus:x64-linux@1.5.2 to 1 binary cache(s) in the background
2025-06-25T17:12:08.0751844Z Elapsed time to handle opus:x64-linux: 13 s
2025-06-25T17:12:08.0767977Z opus:x64-linux package ABI: 04f9dad90a5c36dd9951b4320c6722e27baf1ea313be502ce109428f71906b14
2025-06-25T17:12:08.0769322Z Completed submission of libvorbis:x64-linux@1.3.7#4 to 1 binary cache(s) in 110 ms
2025-06-25T17:12:08.0770209Z Installing 7/8 opusfile:x64-linux@0.12+20221121#1...
2025-06-25T17:12:08.0770863Z Building opusfile:x64-linux@0.12+20221121#1...
2025-06-25T17:12:08.2506519Z Downloading https://github.com/xiph/opusfile/archive/9d718345ce03b2fad5d7d28e0bcd1cc69ab2b166.tar.gz -> xiph-opusfile-9d718345ce03b2fad5d7d28e0bcd1cc69ab2b166.tar.gz
2025-06-25T17:12:08.7122504Z Successfully downloaded xiph-opusfile-9d718345ce03b2fad5d7d28e0bcd1cc69ab2b166.tar.gz
2025-06-25T17:12:08.7133824Z -- Extracting source /__w/synthizer3d/synthizer3d/vcpkg/downloads/xiph-opusfile-9d718345ce03b2fad5d7d28e0bcd1cc69ab2b166.tar.gz
2025-06-25T17:12:08.7218979Z -- Using source at /__w/synthizer3d/synthizer3d/vcpkg/buildtrees/opusfile/src/c69ab2b166-6cc7de23ec.clean
2025-06-25T17:12:08.7279770Z -- Configuring x64-linux
2025-06-25T17:12:09.0529691Z -- Building x64-linux-dbg
2025-06-25T17:12:09.2978990Z -- Building x64-linux-rel
2025-06-25T17:12:10.4349292Z -- Fixing pkgconfig file: /__w/synthizer3d/synthizer3d/vcpkg/packages/opusfile_x64-linux/lib/pkgconfig/opusfile.pc
2025-06-25T17:12:10.4384538Z -- Fixing pkgconfig file: /__w/synthizer3d/synthizer3d/vcpkg/packages/opusfile_x64-linux/debug/lib/pkgconfig/opusfile.pc
2025-06-25T17:12:10.4428336Z -- Installing: /__w/synthizer3d/synthizer3d/vcpkg/packages/opusfile_x64-linux/share/opusfile/copyright
2025-06-25T17:12:10.4435771Z -- Installing: /__w/synthizer3d/synthizer3d/vcpkg/packages/opusfile_x64-linux/share/opusfile/usage
2025-06-25T17:12:10.4499735Z -- Performing post-build validation
2025-06-25T17:12:10.4565877Z Starting submission of opusfile:x64-linux@0.12+20221121#1 to 1 binary cache(s) in the background
2025-06-25T17:12:10.4574220Z Elapsed time to handle opusfile:x64-linux: 2.4 s
2025-06-25T17:12:10.4576320Z opusfile:x64-linux package ABI: fd7612ad2bcd93fc69239f81d47b9bc3a46993db1f75734c5126e65414d71bef
2025-06-25T17:12:10.4577928Z Completed submission of opus:x64-linux@1.5.2 to 1 binary cache(s) in 147 ms
2025-06-25T17:12:10.4578740Z Installing 8/8 soundtouch:x64-linux@2.3.3...
2025-06-25T17:12:10.4579322Z Building soundtouch:x64-linux@2.3.3...
2025-06-25T17:12:10.6322487Z Downloading https://codeberg.org/soundtouch/soundtouch/archive/2.3.3.tar.gz -> soundtouch-soundtouch-2.3.3.tar.gz
2025-06-25T17:12:11.9227845Z Successfully downloaded soundtouch-soundtouch-2.3.3.tar.gz
2025-06-25T17:12:11.9250117Z -- Extracting source /__w/synthizer3d/synthizer3d/vcpkg/downloads/soundtouch-soundtouch-2.3.3.tar.gz
2025-06-25T17:12:11.9404606Z -- Using source at /__w/synthizer3d/synthizer3d/vcpkg/buildtrees/soundtouch/src/2.3.3-309213044d.clean
2025-06-25T17:12:11.9464343Z -- Configuring x64-linux
2025-06-25T17:12:12.3971532Z -- Building x64-linux-dbg
2025-06-25T17:12:14.6147206Z -- Building x64-linux-rel
2025-06-25T17:12:16.6675316Z -- Fixing pkgconfig file: /__w/synthizer3d/synthizer3d/vcpkg/packages/soundtouch_x64-linux/lib/pkgconfig/soundtouch.pc
2025-06-25T17:12:16.6709316Z -- Fixing pkgconfig file: /__w/synthizer3d/synthizer3d/vcpkg/packages/soundtouch_x64-linux/debug/lib/pkgconfig/soundtouch.pc
2025-06-25T17:12:16.6739080Z -- Installing: /__w/synthizer3d/synthizer3d/vcpkg/packages/soundtouch_x64-linux/share/soundtouch/copyright
2025-06-25T17:12:16.6771081Z -- Performing post-build validation
2025-06-25T17:12:16.6870151Z Starting submission of soundtouch:x64-linux@2.3.3 to 1 binary cache(s) in the background
2025-06-25T17:12:16.6877960Z Elapsed time to handle soundtouch:x64-linux: 6.2 s
2025-06-25T17:12:16.6879162Z soundtouch:x64-linux package ABI: f8bb33b2215e63dd46f37dca44d85bc7ca902aefd1f9e387243d7f5b5d273a3b
2025-06-25T17:12:16.6882439Z faad2 provides pkg-config modules:
2025-06-25T17:12:16.6882947Z 
2025-06-25T17:12:16.6883542Z   # Freeware Advanced Audio (AAC) Decoder
2025-06-25T17:12:16.6883960Z   faad2
2025-06-25T17:12:16.6884113Z 
2025-06-25T17:12:16.6885478Z libogg provides CMake targets:
2025-06-25T17:12:16.6885755Z 
2025-06-25T17:12:16.6887193Z   # this is heuristically generated, and may not be correct
2025-06-25T17:12:16.6887851Z   find_package(Ogg CONFIG REQUIRED)
2025-06-25T17:12:16.6897127Z   target_link_libraries(main PRIVATE Ogg::ogg)
2025-06-25T17:12:16.6897370Z 
2025-06-25T17:12:16.6897536Z libogg provides pkg-config modules:
2025-06-25T17:12:16.6897723Z 
2025-06-25T17:12:16.6897928Z   # ogg is a library for manipulating ogg bitstreams
2025-06-25T17:12:16.6898191Z   ogg
2025-06-25T17:12:16.6898286Z 
2025-06-25T17:12:16.6898495Z The package libvorbis provides CMake targets:
2025-06-25T17:12:16.6898699Z 
2025-06-25T17:12:16.6898910Z     # Vorbis reference encoder and decoder, low-level API
2025-06-25T17:12:16.6899278Z     find_package(Vorbis CONFIG REQUIRED)
2025-06-25T17:12:16.6899675Z     target_link_libraries(main PRIVATE Vorbis::vorbis)
2025-06-25T17:12:16.6899877Z 
2025-06-25T17:12:16.6900133Z     # Audio stream decoding and basic manipulation, high-level API
2025-06-25T17:12:16.6900527Z     find_package(Vorbis CONFIG REQUIRED)
2025-06-25T17:12:16.6900942Z     target_link_libraries(main PRIVATE Vorbis::vorbisfile)
2025-06-25T17:12:16.6901161Z 
2025-06-25T17:12:16.6901387Z     # Convenience API for setting up an encoding environment
2025-06-25T17:12:16.6901751Z     find_package(Vorbis CONFIG REQUIRED)
2025-06-25T17:12:16.6902121Z     target_link_libraries(main PRIVATE Vorbis::vorbisenc)
2025-06-25T17:12:16.6902333Z 
2025-06-25T17:12:16.6902463Z opus provides CMake targets:
2025-06-25T17:12:16.6902600Z 
2025-06-25T17:12:16.6902816Z   # this is heuristically generated, and may not be correct
2025-06-25T17:12:16.6903394Z   find_package(Opus CONFIG REQUIRED)
2025-06-25T17:12:16.6903751Z   target_link_libraries(main PRIVATE Opus::opus)
2025-06-25T17:12:16.6903942Z 
2025-06-25T17:12:16.6904084Z opus provides pkg-config modules:
2025-06-25T17:12:16.6904243Z 
2025-06-25T17:12:16.6904379Z   # Opus IETF audio codec ( build)
2025-06-25T17:12:16.6904583Z   opus
2025-06-25T17:12:16.6904675Z 
2025-06-25T17:12:16.6904846Z The package opusfile provides CMake targets:
2025-06-25T17:12:16.6905259Z 
2025-06-25T17:12:16.6905424Z     find_package(OpusFile CONFIG REQUIRED)
2025-06-25T17:12:16.6905811Z     target_link_libraries(main PRIVATE OpusFile::opusfile)
2025-06-25T17:12:16.6906025Z 
2025-06-25T17:12:16.6906148Z     # To use the opusurl API
2025-06-25T17:12:16.6906485Z     target_link_libraries(main PRIVATE OpusFile::opusurl)
2025-06-25T17:12:16.6906695Z 
2025-06-25T17:12:16.6906834Z soundtouch provides CMake targets:
2025-06-25T17:12:16.6906984Z 
2025-06-25T17:12:16.6907200Z   # this is heuristically generated, and may not be correct
2025-06-25T17:12:16.6907561Z   find_package(SoundTouch CONFIG REQUIRED)
2025-06-25T17:12:16.6907959Z   target_link_libraries(main PRIVATE SoundTouch::SoundTouch)
2025-06-25T17:12:16.6908178Z 
2025-06-25T17:12:16.6908333Z soundtouch provides pkg-config modules:
2025-06-25T17:12:16.6908502Z 
2025-06-25T17:12:16.6909049Z   # SoundTouch is an open-source audio processing library for changing the Tempo, Pitch and Playback Rates of audio streams or files
2025-06-25T17:12:16.6909697Z   soundtouch
2025-06-25T17:12:16.6909801Z 
2025-06-25T17:12:16.6910159Z Completed submission of opusfile:x64-linux@0.12+20221121#1 to 1 binary cache(s) in 20.3 ms
2025-06-25T17:12:16.6910669Z Waiting for 1 remaining binary cache submissions...
2025-06-25T17:12:16.7537090Z Completed submission of soundtouch:x64-linux@2.3.3 to 1 binary cache(s) in 67 ms (1/1)
2025-06-25T17:12:16.7541677Z All requested installations completed successfully in: 54 s
2025-06-25T17:12:16.7547252Z ##[endgroup]
2025-06-25T17:12:16.7547970Z ‚è± elapsed: 55.818 seconds
2025-06-25T17:12:16.7551657Z ##[group]Set output environment variables
2025-06-25T17:12:16.7553390Z Set the workflow environment variable 'RUNVCPKG_VCPKG_ROOT' to value '/__w/synthizer3d/synthizer3d/vcpkg'
2025-06-25T17:12:16.7555042Z Set the workflow environment variable 'VCPKG_ROOT' to value '/__w/synthizer3d/synthizer3d/vcpkg'
2025-06-25T17:12:16.7556609Z Set the step output variable 'RUNVCPKG_VCPKG_ROOT_OUT' to value '/__w/synthizer3d/synthizer3d/vcpkg''
2025-06-25T17:12:16.7557866Z Set the workflow environment variable 'VCPKG_DEFAULT_TRIPLET' to value 'x64-linux'
2025-06-25T17:12:16.7559250Z Set the step output variable 'RUNVCPKG_VCPKG_DEFAULT_TRIPLET_OUT' to value 'x64-linux''
2025-06-25T17:12:16.7562647Z ##[endgroup]
2025-06-25T17:12:16.7563481Z ‚è± elapsed: 0.001 seconds
2025-06-25T17:12:16.7566073Z run-vcpkg action execution succeeded
2025-06-25T17:12:16.7681610Z ##[group]Run $PYTHON_PATH/bin/python synthizer-c/vendor.py synthizer-vendored
2025-06-25T17:12:16.7682130Z [36;1m$PYTHON_PATH/bin/python synthizer-c/vendor.py synthizer-vendored[0m
2025-06-25T17:12:16.7682769Z shell: sh -e {0}
2025-06-25T17:12:16.7682940Z env:
2025-06-25T17:12:16.7683362Z   CI_ARCH: x86_64
2025-06-25T17:12:16.7683561Z   MANYLINUX_VERSION: manylinux_2_28
2025-06-25T17:12:16.7683795Z   PYVERSION: 3.8
2025-06-25T17:12:16.7683980Z   VCPKG_DEFAULT_TRIPLET: x64-linux
2025-06-25T17:12:16.7684390Z   EFFECTIVE_VCPKG_INSTALLED_DIR_BASE: /home/runner/work/synthizer3d/synthizer3d/vcpkg_installed
2025-06-25T17:12:16.7684843Z   PYTHON_PATH: /opt/python/cp38-cp38
2025-06-25T17:12:16.7685290Z   VCPKG_DEFAULT_BINARY_CACHE: /__w/synthizer3d/synthizer3d/969f6665-88a2-4c98-938e-ca9259871fec/vcpkg_cache
2025-06-25T17:12:16.7685929Z   VCPKG_BINARY_SOURCES: clear;files,/home/runner/work/synthizer3d/synthizer3d/vcpkg_cache,readwrite
2025-06-25T17:12:16.7686709Z   ACTIONS_CACHE_URL: https://acghubeus2.actions.githubusercontent.com/bwbzopuV3oKlbowlUKWdOnf6KF0vjv7EYqCB3ZHqukKhTVgy74/
2025-06-25T17:12:16.7732066Z   ACTIONS_RUNTIME_TOKEN: ***
2025-06-25T17:12:16.7732363Z   RUNVCPKG_VCPKG_ROOT: /__w/synthizer3d/synthizer3d/vcpkg
2025-06-25T17:12:16.7732676Z   VCPKG_ROOT: /__w/synthizer3d/synthizer3d/vcpkg
2025-06-25T17:12:16.7732932Z ##[endgroup]
2025-06-25T17:12:17.2012456Z ##[group]Run echo "üîß Fixing C++ compilation issues..."
2025-06-25T17:12:17.2013411Z [36;1mecho "üîß Fixing C++ compilation issues..."[0m
2025-06-25T17:12:17.2014239Z [36;1mif [ -f "synthizer-vendored/include/synthizer/property_automation_timeline.hpp" ]; then[0m
2025-06-25T17:12:17.2016197Z [36;1m  sed -i 's/PropertyAutomationPoint<N>(const PropertyAutomationPoint<N> &) = default;/PropertyAutomationPoint(const PropertyAutomationPoint<N> \&) = default;/g' \[0m
2025-06-25T17:12:17.2017762Z [36;1m    synthizer-vendored/include/synthizer/property_automation_timeline.hpp[0m
2025-06-25T17:12:17.2018448Z [36;1mfi[0m
2025-06-25T17:12:17.2018976Z [36;1mif [ -f "synthizer-vendored/include/synthizer/decoders/mp3.hpp" ]; then[0m
2025-06-25T17:12:17.2020147Z [36;1m  sed -i 's/local_seek_cb_for_init = (drmp3_seek_proc)seek_cb;/local_seek_cb_for_init = reinterpret_cast<drmp3_seek_proc>(seek_cb);/g' \[0m
2025-06-25T17:12:17.2021273Z [36;1m    synthizer-vendored/include/synthizer/decoders/mp3.hpp[0m
2025-06-25T17:12:17.2021822Z [36;1mfi[0m
2025-06-25T17:12:17.2022371Z [36;1mfind synthizer-vendored -name "CMakeLists.txt" -exec sed -i 's/-Werror//g' {} \;[0m
2025-06-25T17:12:17.2023485Z [36;1mfind synthizer-vendored -name "*.cmake" -exec sed -i 's/-Werror//g' {} \;[0m
2025-06-25T17:12:17.2024288Z shell: sh -e {0}
2025-06-25T17:12:17.2024579Z env:
2025-06-25T17:12:17.2024826Z   CI_ARCH: x86_64
2025-06-25T17:12:17.2025145Z   MANYLINUX_VERSION: manylinux_2_28
2025-06-25T17:12:17.2025543Z   PYVERSION: 3.8
2025-06-25T17:12:17.2025873Z   VCPKG_DEFAULT_TRIPLET: x64-linux
2025-06-25T17:12:17.2026600Z   EFFECTIVE_VCPKG_INSTALLED_DIR_BASE: /home/runner/work/synthizer3d/synthizer3d/vcpkg_installed
2025-06-25T17:12:17.2027405Z   PYTHON_PATH: /opt/python/cp38-cp38
2025-06-25T17:12:17.2028193Z   VCPKG_DEFAULT_BINARY_CACHE: /__w/synthizer3d/synthizer3d/969f6665-88a2-4c98-938e-ca9259871fec/vcpkg_cache
2025-06-25T17:12:17.2029356Z   VCPKG_BINARY_SOURCES: clear;files,/home/runner/work/synthizer3d/synthizer3d/vcpkg_cache,readwrite
2025-06-25T17:12:17.2030774Z   ACTIONS_CACHE_URL: https://acghubeus2.actions.githubusercontent.com/bwbzopuV3oKlbowlUKWdOnf6KF0vjv7EYqCB3ZHqukKhTVgy74/
2025-06-25T17:12:17.2129938Z   ACTIONS_RUNTIME_TOKEN: ***
2025-06-25T17:12:17.2130282Z   RUNVCPKG_VCPKG_ROOT: /__w/synthizer3d/synthizer3d/vcpkg
2025-06-25T17:12:17.2130602Z   VCPKG_ROOT: /__w/synthizer3d/synthizer3d/vcpkg
2025-06-25T17:12:17.2130861Z ##[endgroup]
2025-06-25T17:12:17.2725526Z üîß Fixing C++ compilation issues...
2025-06-25T17:12:17.3772004Z ##[group]Run echo "üîß Setting up CMake paths for vcpkg libraries..."
2025-06-25T17:12:17.3772500Z [36;1mecho "üîß Setting up CMake paths for vcpkg libraries..."[0m
2025-06-25T17:12:17.3772803Z [36;1m[0m
2025-06-25T17:12:17.3773056Z [36;1mecho "üîç Debug: Environment variables from run-vcpkg action..."[0m
2025-06-25T17:12:17.3773603Z [36;1mecho "VCPKG_ROOT: $VCPKG_ROOT"[0m
2025-06-25T17:12:17.3773904Z [36;1mecho "VCPKG_DEFAULT_TRIPLET: $VCPKG_DEFAULT_TRIPLET"[0m
2025-06-25T17:12:17.3774184Z [36;1m[0m
2025-06-25T17:12:17.3774397Z [36;1m# Find the actual vcpkg installation directory[0m
2025-06-25T17:12:17.3774746Z [36;1mecho "üîç Searching for vcpkg installation directory..."[0m
2025-06-25T17:12:17.3775078Z [36;1mVCPKG_INSTALLED_PATH=""[0m
2025-06-25T17:12:17.3775282Z [36;1m[0m
2025-06-25T17:12:17.3775507Z [36;1m# Method 1: Look for the actual installation directory[0m
2025-06-25T17:12:17.3775843Z [36;1mif [ -d "$(pwd)/vcpkg_installed" ]; then[0m
2025-06-25T17:12:17.3776276Z [36;1m  VCPKG_INSTALLED_PATH="$(pwd)/vcpkg_installed/$VCPKG_DEFAULT_TRIPLET"[0m
2025-06-25T17:12:17.3776662Z [36;1m  echo "‚úÖ Found Method 1: $VCPKG_INSTALLED_PATH"[0m
2025-06-25T17:12:17.3776926Z [36;1mfi[0m
2025-06-25T17:12:17.3777078Z [36;1m[0m
2025-06-25T17:12:17.3777325Z [36;1m# Method 2: Search in workspace for any vcpkg_installed directory[0m
2025-06-25T17:12:17.3777752Z [36;1mif [ -z "$VCPKG_INSTALLED_PATH" ] || [ ! -d "$VCPKG_INSTALLED_PATH" ]; then[0m
2025-06-25T17:12:17.3778186Z [36;1m  SEARCH_PATH=$(find "$(pwd)" -name "vcpkg_installed" -type d | head -1)[0m
2025-06-25T17:12:17.3778538Z [36;1m  if [ -n "$SEARCH_PATH" ]; then[0m
2025-06-25T17:12:17.3778854Z [36;1m    VCPKG_INSTALLED_PATH="$SEARCH_PATH/$VCPKG_DEFAULT_TRIPLET"[0m
2025-06-25T17:12:17.3779400Z [36;1m    echo "‚úÖ Found Method 2: $VCPKG_INSTALLED_PATH"[0m
2025-06-25T17:12:17.3779664Z [36;1m  fi[0m
2025-06-25T17:12:17.3779818Z [36;1mfi[0m
2025-06-25T17:12:17.3779967Z [36;1m[0m
2025-06-25T17:12:17.3780172Z [36;1m# Method 3: Use the RUNVCPKG output (if available)[0m
2025-06-25T17:12:17.3780551Z [36;1mif [ -z "$VCPKG_INSTALLED_PATH" ] || [ ! -d "$VCPKG_INSTALLED_PATH" ]; then[0m
2025-06-25T17:12:17.3780939Z [36;1m  # Look for any directory containing the triplet name[0m
2025-06-25T17:12:17.3781380Z [36;1m  TRIPLET_DIR=$(find "$(pwd)" -name "$VCPKG_DEFAULT_TRIPLET" -type d | grep vcpkg | head -1)[0m
2025-06-25T17:12:17.3781774Z [36;1m  if [ -n "$TRIPLET_DIR" ]; then[0m
2025-06-25T17:12:17.3782029Z [36;1m    VCPKG_INSTALLED_PATH="$TRIPLET_DIR"[0m
2025-06-25T17:12:17.3782324Z [36;1m    echo "‚úÖ Found Method 3: $VCPKG_INSTALLED_PATH"[0m
2025-06-25T17:12:17.3782580Z [36;1m  fi[0m
2025-06-25T17:12:17.3782744Z [36;1mfi[0m
2025-06-25T17:12:17.3782888Z [36;1m[0m
2025-06-25T17:12:17.3783053Z [36;1m# Verify the path exists[0m
2025-06-25T17:12:17.3783627Z [36;1mif [ -z "$VCPKG_INSTALLED_PATH" ] || [ ! -d "$VCPKG_INSTALLED_PATH" ]; then[0m
2025-06-25T17:12:17.3784034Z [36;1m  echo "‚ùå Could not find vcpkg installation directory"[0m
2025-06-25T17:12:17.3784343Z [36;1m  echo "üìÇ Workspace contents:"[0m
2025-06-25T17:12:17.3784620Z [36;1m  find "$(pwd)" -name "*vcpkg*" -type d | head -10[0m
2025-06-25T17:12:17.3784969Z [36;1m  echo "üìÇ Looking for any $VCPKG_DEFAULT_TRIPLET directories:"[0m
2025-06-25T17:12:17.3785345Z [36;1m  find "$(pwd)" -name "$VCPKG_DEFAULT_TRIPLET" -type d | head -5[0m
2025-06-25T17:12:17.3785643Z [36;1m  exit 1[0m
2025-06-25T17:12:17.3785803Z [36;1mfi[0m
2025-06-25T17:12:17.3785953Z [36;1m[0m
2025-06-25T17:12:17.3786160Z [36;1mecho "‚úÖ Using vcpkg path: $VCPKG_INSTALLED_PATH"[0m
2025-06-25T17:12:17.3786423Z [36;1m[0m
2025-06-25T17:12:17.3786589Z [36;1m# Verify libraries are installed[0m
2025-06-25T17:12:17.3786869Z [36;1mecho "üìÇ Checking installed libraries..."[0m
2025-06-25T17:12:17.3787256Z [36;1mls -la "$VCPKG_INSTALLED_PATH/lib/" | head -10 || echo "No lib directory found"[0m
2025-06-25T17:12:17.3787924Z [36;1mls -la "$VCPKG_INSTALLED_PATH/include/" | head -5 || echo "No include directory found"[0m
2025-06-25T17:12:17.3788304Z [36;1m[0m
2025-06-25T17:12:17.3788490Z [36;1m# Set environment variables for the build[0m
2025-06-25T17:12:17.3788827Z [36;1mecho "CMAKE_PREFIX_PATH=${VCPKG_INSTALLED_PATH}" >> $GITHUB_ENV[0m
2025-06-25T17:12:17.3789332Z [36;1mecho "PKG_CONFIG_PATH=${VCPKG_INSTALLED_PATH}/lib/pkgconfig:${PKG_CONFIG_PATH}" >> $GITHUB_ENV[0m
2025-06-25T17:12:17.3789884Z [36;1mecho "LD_LIBRARY_PATH=${VCPKG_INSTALLED_PATH}/lib:${LD_LIBRARY_PATH}" >> $GITHUB_ENV[0m
2025-06-25T17:12:17.3790358Z [36;1mecho "VCPKG_INSTALLED_PATH=${VCPKG_INSTALLED_PATH}" >> $GITHUB_ENV[0m
2025-06-25T17:12:17.3790856Z [36;1mecho "CMAKE_TOOLCHAIN_FILE=${VCPKG_ROOT}/scripts/buildsystems/vcpkg.cmake" >> $GITHUB_ENV[0m
2025-06-25T17:12:17.3791249Z [36;1m[0m
2025-06-25T17:12:17.3791464Z [36;1mecho "‚úÖ Environment variables set for CMake build"[0m
2025-06-25T17:12:17.3791825Z shell: sh -e {0}
2025-06-25T17:12:17.3791993Z env:
2025-06-25T17:12:17.3792146Z   CI_ARCH: x86_64
2025-06-25T17:12:17.3792329Z   MANYLINUX_VERSION: manylinux_2_28
2025-06-25T17:12:17.3792544Z   PYVERSION: 3.8
2025-06-25T17:12:17.3792727Z   VCPKG_DEFAULT_TRIPLET: x64-linux
2025-06-25T17:12:17.3793357Z   EFFECTIVE_VCPKG_INSTALLED_DIR_BASE: /home/runner/work/synthizer3d/synthizer3d/vcpkg_installed
2025-06-25T17:12:17.3793921Z   PYTHON_PATH: /opt/python/cp38-cp38
2025-06-25T17:12:17.3794366Z   VCPKG_DEFAULT_BINARY_CACHE: /__w/synthizer3d/synthizer3d/969f6665-88a2-4c98-938e-ca9259871fec/vcpkg_cache
2025-06-25T17:12:17.3794996Z   VCPKG_BINARY_SOURCES: clear;files,/home/runner/work/synthizer3d/synthizer3d/vcpkg_cache,readwrite
2025-06-25T17:12:17.3795748Z   ACTIONS_CACHE_URL: https://acghubeus2.actions.githubusercontent.com/bwbzopuV3oKlbowlUKWdOnf6KF0vjv7EYqCB3ZHqukKhTVgy74/
2025-06-25T17:12:17.3841649Z   ACTIONS_RUNTIME_TOKEN: ***
2025-06-25T17:12:17.3841958Z   RUNVCPKG_VCPKG_ROOT: /__w/synthizer3d/synthizer3d/vcpkg
2025-06-25T17:12:17.3842277Z   VCPKG_ROOT: /__w/synthizer3d/synthizer3d/vcpkg
2025-06-25T17:12:17.3842544Z ##[endgroup]
2025-06-25T17:12:17.4444841Z üîß Setting up CMake paths for vcpkg libraries...
2025-06-25T17:12:17.4445773Z üîç Debug: Environment variables from run-vcpkg action...
2025-06-25T17:12:17.4446489Z VCPKG_ROOT: /__w/synthizer3d/synthizer3d/vcpkg
2025-06-25T17:12:17.4447058Z VCPKG_DEFAULT_TRIPLET: x64-linux
2025-06-25T17:12:17.4447731Z üîç Searching for vcpkg installation directory...
2025-06-25T17:12:17.5292829Z ‚úÖ Found Method 2: /__w/synthizer3d/synthizer3d/969f6665-88a2-4c98-938e-ca9259871fec/vcpkg_installed/x64-linux
2025-06-25T17:12:17.5294838Z ‚úÖ Using vcpkg path: /__w/synthizer3d/synthizer3d/969f6665-88a2-4c98-938e-ca9259871fec/vcpkg_installed/x64-linux
2025-06-25T17:12:17.5295542Z üìÇ Checking installed libraries...
2025-06-25T17:12:17.5319297Z total 3536
2025-06-25T17:12:17.5320051Z drwxr-xr-x 3 root root   4096 Jun 25 17:12 .
2025-06-25T17:12:17.5320714Z drwxr-xr-x 7 root root   4096 Jun 25 17:11 ..
2025-06-25T17:12:17.5321402Z -rw-r--r-- 1 root root 591040 Jun 25 17:11 libfaad.a
2025-06-25T17:12:17.5322119Z -rw-r--r-- 1 root root 577884 Jun 25 17:11 libfaad_drm.a
2025-06-25T17:12:17.5322782Z -rw-r--r-- 1 root root  39554 Jun 25 17:11 libogg.a
2025-06-25T17:12:17.5323651Z -rw-r--r-- 1 root root 954000 Jun 25 17:12 libopus.a
2025-06-25T17:12:17.5324150Z -rw-r--r-- 1 root root  69724 Jun 25 17:12 libopusfile.a
2025-06-25T17:12:17.5324590Z -rw-r--r-- 1 root root 190472 Jun 25 17:12 libSoundTouch.a
2025-06-25T17:12:17.5324987Z -rw-r--r-- 1 root root 316694 Jun 25 17:11 libvorbis.a
2025-06-25T17:12:17.5349571Z total 40
2025-06-25T17:12:17.5350073Z drwxr-xr-x 6 root root 4096 Jun 25 17:12 .
2025-06-25T17:12:17.5350672Z drwxr-xr-x 7 root root 4096 Jun 25 17:11 ..
2025-06-25T17:12:17.5351280Z -rw-r--r-- 1 root root 1430 Jun 25 17:11 faad.h
2025-06-25T17:12:17.5351674Z -rw-r--r-- 1 root root 8707 Nov 14  2023 neaacdec.h
2025-06-25T17:12:17.5355434Z ‚úÖ Environment variables set for CMake build
2025-06-25T17:12:17.5425240Z ##[group]Run echo "üî® Building Python wheel with vcpkg toolchain..."
2025-06-25T17:12:17.5425746Z [36;1mecho "üî® Building Python wheel with vcpkg toolchain..."[0m
2025-06-25T17:12:17.5426050Z [36;1m[0m
2025-06-25T17:12:17.5426225Z [36;1mecho "üìç Using paths:"[0m
2025-06-25T17:12:17.5426495Z [36;1mecho "  CMAKE_PREFIX_PATH: $CMAKE_PREFIX_PATH"[0m
2025-06-25T17:12:17.5426801Z [36;1mecho "  PKG_CONFIG_PATH: $PKG_CONFIG_PATH"[0m
2025-06-25T17:12:17.5427080Z [36;1mecho "  VCPKG_ROOT: $VCPKG_ROOT"[0m
2025-06-25T17:12:17.5427373Z [36;1mecho "  VCPKG_INSTALLED_PATH: $VCPKG_INSTALLED_PATH"[0m
2025-06-25T17:12:17.5427646Z [36;1m[0m
2025-06-25T17:12:17.5427856Z [36;1mecho "üîç Final verification of vcpkg installation:"[0m
2025-06-25T17:12:17.5428344Z [36;1m"$VCPKG_ROOT/vcpkg" list | grep -E "(vorbis|opus|ogg|faad)" || echo "No audio libraries found in vcpkg list"[0m
2025-06-25T17:12:17.5428771Z [36;1m[0m
2025-06-25T17:12:17.5429065Z [36;1mecho "üîç Checking for op_read_float symbol in opusfile library:"[0m
2025-06-25T17:12:17.5429416Z [36;1mecho "üìÇ Available opusfile libraries:"[0m
2025-06-25T17:12:17.5429767Z [36;1mfind "${VCPKG_INSTALLED_PATH}" -name "*opus*" -type f | head -10[0m
2025-06-25T17:12:17.5430071Z [36;1m[0m
2025-06-25T17:12:17.5430300Z [36;1mif [ -f "${VCPKG_INSTALLED_PATH}/lib/libopusfile.a" ]; then[0m
2025-06-25T17:12:17.5430612Z [36;1m  echo "‚úÖ Found libopusfile.a"[0m
2025-06-25T17:12:17.5431095Z [36;1m  nm "${VCPKG_INSTALLED_PATH}/lib/libopusfile.a" | grep -E "(op_read|U op_)" || echo "No op_read symbols found in libopusfile.a"[0m
2025-06-25T17:12:17.5431633Z [36;1m  echo "üîç All symbols in libopusfile.a containing 'op_':"[0m
2025-06-25T17:12:17.5432148Z [36;1m  nm "${VCPKG_INSTALLED_PATH}/lib/libopusfile.a" | grep " T " | grep "op_" | head -10 || echo "No exported op_ symbols"[0m
2025-06-25T17:12:17.5432821Z [36;1m  echo "üîç Specifically checking for op_read_float:"[0m
2025-06-25T17:12:17.5433681Z [36;1m  nm "${VCPKG_INSTALLED_PATH}/lib/libopusfile.a" | grep "op_read_float" || echo "‚ùå op_read_float symbol NOT found in static library"[0m
2025-06-25T17:12:17.5434157Z [36;1m  [0m
2025-06-25T17:12:17.5434314Z [36;1melse[0m
2025-06-25T17:12:17.5434499Z [36;1m  echo "‚ùå libopusfile.a not found"[0m
2025-06-25T17:12:17.5434729Z [36;1mfi[0m
2025-06-25T17:12:17.5434880Z [36;1m[0m
2025-06-25T17:12:17.5435130Z [36;1mif [ -f "${VCPKG_INSTALLED_PATH}/lib/libopusfile.so" ]; then[0m
2025-06-25T17:12:17.5435452Z [36;1m  echo "‚úÖ Found libopusfile.so"[0m
2025-06-25T17:12:17.5435930Z [36;1m  nm -D "${VCPKG_INSTALLED_PATH}/lib/libopusfile.so" | grep op_read_float || echo "op_read_float not found in libopusfile.so"[0m
2025-06-25T17:12:17.5436378Z [36;1melse[0m
2025-06-25T17:12:17.5436567Z [36;1m  echo "‚ùå libopusfile.so not found"[0m
2025-06-25T17:12:17.5436807Z [36;1mfi[0m
2025-06-25T17:12:17.5436954Z [36;1m[0m
2025-06-25T17:12:17.5437165Z [36;1mecho "üîç Checking opusfile header availability:"[0m
2025-06-25T17:12:17.5437526Z [36;1mif [ -f "${VCPKG_INSTALLED_PATH}/include/opus/opusfile.h" ]; then[0m
2025-06-25T17:12:17.5437856Z [36;1m  echo "‚úÖ opusfile.h header found"[0m
2025-06-25T17:12:17.5438223Z [36;1m  grep -n "op_read_float" "${VCPKG_INSTALLED_PATH}/include/opus/opusfile.h" | head -3[0m
2025-06-25T17:12:17.5438576Z [36;1melse[0m
2025-06-25T17:12:17.5438763Z [36;1m  echo "‚ùå opusfile.h header not found"[0m
2025-06-25T17:12:17.5439095Z [36;1m  find "${VCPKG_INSTALLED_PATH}" -name "opusfile.h" -type f[0m
2025-06-25T17:12:17.5439380Z [36;1mfi[0m
2025-06-25T17:12:17.5439525Z [36;1m[0m
2025-06-25T17:12:17.5439816Z [36;1mecho "üöÄ Starting Python wheel build with automatic op_read_float detection..."[0m
2025-06-25T17:12:17.5440270Z [36;1m$PYTHON_PATH/bin/python -m build --wheel --no-isolation \[0m
2025-06-25T17:12:17.5440800Z [36;1m  --config-setting="cmake.args=-DCMAKE_TOOLCHAIN_FILE=${VCPKG_ROOT}/scripts/buildsystems/vcpkg.cmake" \[0m
2025-06-25T17:12:17.5441547Z [36;1m  --config-setting="cmake.args=-DVCPKG_TARGET_TRIPLET=${VCPKG_DEFAULT_TRIPLET}" \[0m
2025-06-25T17:12:17.5442044Z [36;1m  --config-setting="cmake.args=-DCMAKE_PREFIX_PATH=${VCPKG_INSTALLED_PATH}" \[0m
2025-06-25T17:12:17.5442547Z [36;1m  --config-setting="cmake.args=-DVorbis_DIR=${VCPKG_INSTALLED_PATH}/share/Vorbis" \[0m
2025-06-25T17:12:17.5443032Z [36;1m  --config-setting="cmake.args=-DOgg_DIR=${VCPKG_INSTALLED_PATH}/share/Ogg" \[0m
2025-06-25T17:12:17.5444131Z [36;1m  --config-setting="cmake.args=-DOpus_DIR=${VCPKG_INSTALLED_PATH}/share/Opus" \[0m
2025-06-25T17:12:17.5444652Z [36;1m  --config-setting="cmake.args=-DOpusFile_DIR=${VCPKG_INSTALLED_PATH}/share/opusfile" \[0m
2025-06-25T17:12:17.5445214Z [36;1m  --config-setting="cmake.args=-DCMAKE_EXE_LINKER_FLAGS=-static-libgcc -static-libstdc++" \[0m
2025-06-25T17:12:17.5445792Z [36;1m  --config-setting="cmake.args=-DCMAKE_SHARED_LINKER_FLAGS=-static-libgcc -static-libstdc++" \[0m
2025-06-25T17:12:17.5446237Z [36;1m  --config-setting="cmake.verbose=True"[0m
2025-06-25T17:12:17.5446584Z shell: sh -e {0}
2025-06-25T17:12:17.5446758Z env:
2025-06-25T17:12:17.5446907Z   CI_ARCH: x86_64
2025-06-25T17:12:17.5447095Z   MANYLINUX_VERSION: manylinux_2_28
2025-06-25T17:12:17.5447315Z   PYVERSION: 3.8
2025-06-25T17:12:17.5447499Z   VCPKG_DEFAULT_TRIPLET: x64-linux
2025-06-25T17:12:17.5447900Z   EFFECTIVE_VCPKG_INSTALLED_DIR_BASE: /home/runner/work/synthizer3d/synthizer3d/vcpkg_installed
2025-06-25T17:12:17.5448338Z   PYTHON_PATH: /opt/python/cp38-cp38
2025-06-25T17:12:17.5448785Z   VCPKG_DEFAULT_BINARY_CACHE: /__w/synthizer3d/synthizer3d/969f6665-88a2-4c98-938e-ca9259871fec/vcpkg_cache
2025-06-25T17:12:17.5449416Z   VCPKG_BINARY_SOURCES: clear;files,/home/runner/work/synthizer3d/synthizer3d/vcpkg_cache,readwrite
2025-06-25T17:12:17.5450155Z   ACTIONS_CACHE_URL: https://acghubeus2.actions.githubusercontent.com/bwbzopuV3oKlbowlUKWdOnf6KF0vjv7EYqCB3ZHqukKhTVgy74/
2025-06-25T17:12:17.5499777Z   ACTIONS_RUNTIME_TOKEN: ***
2025-06-25T17:12:17.5500091Z   RUNVCPKG_VCPKG_ROOT: /__w/synthizer3d/synthizer3d/vcpkg
2025-06-25T17:12:17.5500418Z   VCPKG_ROOT: /__w/synthizer3d/synthizer3d/vcpkg
2025-06-25T17:12:17.5500905Z   CMAKE_PREFIX_PATH: /__w/synthizer3d/synthizer3d/969f6665-88a2-4c98-938e-ca9259871fec/vcpkg_installed/x64-linux
2025-06-25T17:12:17.5501709Z   PKG_CONFIG_PATH: /__w/synthizer3d/synthizer3d/969f6665-88a2-4c98-938e-ca9259871fec/vcpkg_installed/x64-linux/lib/pkgconfig:/usr/local/lib/pkgconfig
2025-06-25T17:12:17.5503192Z   LD_LIBRARY_PATH: /__w/synthizer3d/synthizer3d/969f6665-88a2-4c98-938e-ca9259871fec/vcpkg_installed/x64-linux/lib:/opt/rh/gcc-toolset-14/root/usr/lib64:/opt/rh/gcc-toolset-14/root/usr/lib:/opt/rh/gcc-toolset-14/root/usr/lib64/dyninst:/opt/rh/gcc-toolset-14/root/usr/lib/dyninst
2025-06-25T17:12:17.5504431Z   VCPKG_INSTALLED_PATH: /__w/synthizer3d/synthizer3d/969f6665-88a2-4c98-938e-ca9259871fec/vcpkg_installed/x64-linux
2025-06-25T17:12:17.5505053Z   CMAKE_TOOLCHAIN_FILE: /__w/synthizer3d/synthizer3d/vcpkg/scripts/buildsystems/vcpkg.cmake
2025-06-25T17:12:17.5505495Z   RUSTFLAGS: -A warnings
2025-06-25T17:12:17.5505807Z   CXXFLAGS: -Wno-template-id-cdtor -Wno-cast-function-type -Wno-error
2025-06-25T17:12:17.5506149Z   CFLAGS: -Wno-error -D_DEFAULT_SOURCE
2025-06-25T17:12:17.5506378Z ##[endgroup]
2025-06-25T17:12:17.6062988Z üî® Building Python wheel with vcpkg toolchain...
2025-06-25T17:12:17.6063792Z üìç Using paths:
2025-06-25T17:12:17.6064863Z   CMAKE_PREFIX_PATH: /__w/synthizer3d/synthizer3d/969f6665-88a2-4c98-938e-ca9259871fec/vcpkg_installed/x64-linux
2025-06-25T17:12:17.6066782Z   PKG_CONFIG_PATH: /__w/synthizer3d/synthizer3d/969f6665-88a2-4c98-938e-ca9259871fec/vcpkg_installed/x64-linux/lib/pkgconfig:/usr/local/lib/pkgconfig
2025-06-25T17:12:17.6067846Z   VCPKG_ROOT: /__w/synthizer3d/synthizer3d/vcpkg
2025-06-25T17:12:17.6068536Z   VCPKG_INSTALLED_PATH: /__w/synthizer3d/synthizer3d/969f6665-88a2-4c98-938e-ca9259871fec/vcpkg_installed/x64-linux
2025-06-25T17:12:17.6069375Z üîç Final verification of vcpkg installation:
2025-06-25T17:12:17.6086906Z No packages are installed. Did you mean `search`?
2025-06-25T17:12:17.7551498Z No audio libraries found in vcpkg list
2025-06-25T17:12:17.7552475Z üîç Checking for op_read_float symbol in opusfile library:
2025-06-25T17:12:17.7553352Z üìÇ Available opusfile libraries:
2025-06-25T17:12:17.7575822Z /__w/synthizer3d/synthizer3d/969f6665-88a2-4c98-938e-ca9259871fec/vcpkg_installed/x64-linux/include/opus/opusfile.h
2025-06-25T17:12:17.7577741Z /__w/synthizer3d/synthizer3d/969f6665-88a2-4c98-938e-ca9259871fec/vcpkg_installed/x64-linux/include/opus/opus_projection.h
2025-06-25T17:12:17.7579561Z /__w/synthizer3d/synthizer3d/969f6665-88a2-4c98-938e-ca9259871fec/vcpkg_installed/x64-linux/include/opus/opus_defines.h
2025-06-25T17:12:17.7580805Z /__w/synthizer3d/synthizer3d/969f6665-88a2-4c98-938e-ca9259871fec/vcpkg_installed/x64-linux/include/opus/opus_multistream.h
2025-06-25T17:12:17.7581823Z /__w/synthizer3d/synthizer3d/969f6665-88a2-4c98-938e-ca9259871fec/vcpkg_installed/x64-linux/include/opus/opus.h
2025-06-25T17:12:17.7582783Z /__w/synthizer3d/synthizer3d/969f6665-88a2-4c98-938e-ca9259871fec/vcpkg_installed/x64-linux/include/opus/opus_types.h
2025-06-25T17:12:17.7584000Z /__w/synthizer3d/synthizer3d/969f6665-88a2-4c98-938e-ca9259871fec/vcpkg_installed/x64-linux/debug/lib/libopus.a
2025-06-25T17:12:17.7584974Z /__w/synthizer3d/synthizer3d/969f6665-88a2-4c98-938e-ca9259871fec/vcpkg_installed/x64-linux/debug/lib/pkgconfig/opus.pc
2025-06-25T17:12:17.7585975Z /__w/synthizer3d/synthizer3d/969f6665-88a2-4c98-938e-ca9259871fec/vcpkg_installed/x64-linux/debug/lib/pkgconfig/opusfile.pc
2025-06-25T17:12:17.7586946Z /__w/synthizer3d/synthizer3d/969f6665-88a2-4c98-938e-ca9259871fec/vcpkg_installed/x64-linux/debug/lib/libopusfile.a
2025-06-25T17:12:17.7587572Z ‚úÖ Found libopusfile.a
2025-06-25T17:12:17.7614767Z                  U op_strncasecmp
2025-06-25T17:12:17.7615247Z                  U op_fopen
2025-06-25T17:12:17.7616015Z                  U op_mem_stream_create
2025-06-25T17:12:17.7616388Z 0000000000006af0 T op_read
2025-06-25T17:12:17.7616816Z 0000000000007210 T op_read_float
2025-06-25T17:12:17.7617331Z 0000000000007f80 T op_read_float_stereo
2025-06-25T17:12:17.7617882Z 00000000000020a0 t op_read_native.part.0
2025-06-25T17:12:17.7618398Z 0000000000007230 T op_read_stereo
2025-06-25T17:12:17.7619141Z üîç All symbols in libopusfile.a containing 'op_':
2025-06-25T17:12:17.7654761Z 0000000000000000 T op_strncasecmp
2025-06-25T17:12:17.7655260Z 0000000000004370 T op_bitrate
2025-06-25T17:12:17.7655747Z 0000000000004480 T op_bitrate_instant
2025-06-25T17:12:17.7656234Z 00000000000042c0 T op_channel_count
2025-06-25T17:12:17.7656705Z 0000000000004350 T op_current_link
2025-06-25T17:12:17.7657173Z 0000000000004080 T op_free
2025-06-25T17:12:17.7657590Z 0000000000004270 T op_head
2025-06-25T17:12:17.7658021Z 00000000000040c0 T op_link_count
2025-06-25T17:12:17.7658508Z 0000000000003ae0 T op_open_callbacks
2025-06-25T17:12:17.7659019Z 0000000000003cd0 T op_open_file
2025-06-25T17:12:17.7659711Z üîç Specifically checking for op_read_float:
2025-06-25T17:12:17.7688991Z 0000000000007210 T op_read_float
2025-06-25T17:12:17.7689481Z 0000000000007f80 T op_read_float_stereo
2025-06-25T17:12:17.7691692Z ‚ùå libopusfile.so not found
2025-06-25T17:12:17.7692371Z üîç Checking opusfile header availability:
2025-06-25T17:12:17.7692967Z ‚úÖ opusfile.h header found
2025-06-25T17:12:17.7711464Z 1563:    op_read_float() or its associated functions, or, after a seek, the link
2025-06-25T17:12:17.7712526Z 1700:   The general functions, op_read() and op_read_float() return 16-bit or
2025-06-25T17:12:17.7713747Z 1704:   There are special functions, op_read_stereo() and op_read_float_stereo(),
2025-06-25T17:12:17.7714966Z üöÄ Starting Python wheel build with automatic op_read_float detection...
2025-06-25T17:12:17.8660788Z * Getting build dependencies for wheel...
2025-06-25T17:12:18.3718363Z Warning: EFFECTIVE_VCPKG_INSTALLED_DIR_BASE not set or invalid: /__w/synthizer3d/synthizer3d/vcpkg_installed
2025-06-25T17:12:18.3718845Z 
2025-06-25T17:12:18.3718852Z 
2025-06-25T17:12:18.3719372Z --------------------------------------------------------------------------------
2025-06-25T17:12:18.3719767Z -- Trying 'Ninja' generator
2025-06-25T17:12:18.3720052Z --------------------------------
2025-06-25T17:12:18.3720324Z ---------------------------
2025-06-25T17:12:18.3720556Z ----------------------
2025-06-25T17:12:18.3720771Z -----------------
2025-06-25T17:12:18.3720941Z ------------
2025-06-25T17:12:18.3721104Z -------
2025-06-25T17:12:18.3721255Z --
2025-06-25T17:12:18.3763320Z CMake Deprecation Warning at CMakeLists.txt:1 (cmake_minimum_required):
2025-06-25T17:12:18.3764352Z   Compatibility with CMake < 3.10 will be removed from a future version of
2025-06-25T17:12:18.3764913Z   CMake.
2025-06-25T17:12:18.3765069Z 
2025-06-25T17:12:18.3765599Z   Update the VERSION argument <min> value.  Or, use the <min>...<max> syntax
2025-06-25T17:12:18.3766662Z   to tell CMake that the project requires at least <min> but has been updated
2025-06-25T17:12:18.3767492Z   to work with policies introduced by <max> or earlier.
2025-06-25T17:12:18.3767864Z 
2025-06-25T17:12:18.3767882Z 
2025-06-25T17:12:18.3768327Z Not searching for unused variables given on the command line.
2025-06-25T17:12:18.4318039Z -- The C compiler identification is GNU 14.2.1
2025-06-25T17:12:18.4618495Z -- Detecting C compiler ABI info
2025-06-25T17:12:18.5141974Z -- Detecting C compiler ABI info - done
2025-06-25T17:12:18.5289823Z -- Check for working C compiler: /opt/rh/gcc-toolset-14/root/usr/bin/cc - skipped
2025-06-25T17:12:18.5293793Z -- Detecting C compile features
2025-06-25T17:12:18.5299084Z -- Detecting C compile features - done
2025-06-25T17:12:18.6175377Z -- The CXX compiler identification is GNU 14.2.1
2025-06-25T17:12:18.6340951Z -- Detecting CXX compiler ABI info
2025-06-25T17:12:18.7105805Z -- Detecting CXX compiler ABI info - done
2025-06-25T17:12:18.7259255Z -- Check for working CXX compiler: /opt/rh/gcc-toolset-14/root/usr/bin/c++ - skipped
2025-06-25T17:12:18.7263831Z -- Detecting CXX compile features
2025-06-25T17:12:18.7275358Z -- Detecting CXX compile features - done
2025-06-25T17:12:18.7360607Z -- Configuring done (0.4s)
2025-06-25T17:12:18.7417976Z -- Generating done (0.0s)
2025-06-25T17:12:18.7422896Z -- Build files have been written to: /__w/synthizer3d/synthizer3d/_cmake_test_compile/build
2025-06-25T17:12:18.7454209Z --
2025-06-25T17:12:18.7454532Z -------
2025-06-25T17:12:18.7454817Z ------------
2025-06-25T17:12:18.7455182Z -----------------
2025-06-25T17:12:18.7455584Z ----------------------
2025-06-25T17:12:18.7456014Z ---------------------------
2025-06-25T17:12:18.7456484Z --------------------------------
2025-06-25T17:12:18.7457006Z -- Trying 'Ninja' generator - success
2025-06-25T17:12:18.7457780Z --------------------------------------------------------------------------------
2025-06-25T17:12:18.7458193Z 
2025-06-25T17:12:18.7482566Z Configuring Project
2025-06-25T17:12:18.7482991Z   Working directory:
2025-06-25T17:12:18.7483612Z     /__w/synthizer3d/synthizer3d/_skbuild/linux-x86_64-3.8/cmake-build
2025-06-25T17:12:18.7483963Z   Command:
2025-06-25T17:12:18.7490128Z     /opt/_internal/cpython-3.8.20/lib/python3.8/site-packages/cmake/data/bin/cmake /__w/synthizer3d/synthizer3d/synthizer-vendored -G Ninja -DCMAKE_MAKE_PROGRAM:FILEPATH=/opt/python/cp38-cp38/bin/ninja --no-warn-unused-cli -DCMAKE_INSTALL_PREFIX:PATH=/__w/synthizer3d/synthizer3d/_skbuild/linux-x86_64-3.8/cmake-install -DPYTHON_VERSION_STRING:STRING=3.8.20 -DSKBUILD:INTERNAL=TRUE -DCMAKE_MODULE_PATH:PATH=/opt/python/cp38-cp38/lib/python3.8/site-packages/skbuild/resources/cmake -DPYTHON_EXECUTABLE:PATH=/opt/python/cp38-cp38/bin/python -DPYTHON_INCLUDE_DIR:PATH=/opt/_internal/cpython-3.8.20/include/python3.8 -DPython_EXECUTABLE:PATH=/opt/python/cp38-cp38/bin/python -DPython_ROOT_DIR:PATH=/opt/python/cp38-cp38 -DPython_FIND_REGISTRY:STRING=NEVER -DPython_INCLUDE_DIR:PATH=/opt/_internal/cpython-3.8.20/include/python3.8 -DPython3_EXECUTABLE:PATH=/opt/python/cp38-cp38/bin/python -DPython3_ROOT_DIR:PATH=/opt/python/cp38-cp38 -DPython3_FIND_REGISTRY:STRING=NEVER -DPython3_INCLUDE_DIR:PATH=/opt/_internal/cpython-3.8.20/include/python3.8 -DCMAKE_MAKE_PROGRAM:FILEPATH=/opt/python/cp38-cp38/bin/ninja -DCMAKE_BUILD_TYPE=Release -DCMAKE_MSVC_RUNTIME_LIBRARY=MultiThreadedDLL -DSYZ_STATIC_RUNTIME=OFF -DCMAKE_POSITION_INDEPENDENT_CODE=TRUE -DSYZ_INTEGRATING=ON
2025-06-25T17:12:18.7494682Z 
2025-06-25T17:12:18.8059438Z Not searching for unused variables given on the command line.
2025-06-25T17:12:18.8059997Z -- The C compiler identification is GNU 14.2.1
2025-06-25T17:12:18.8921060Z -- The CXX compiler identification is GNU 14.2.1
2025-06-25T17:12:18.9035441Z -- Detecting C compiler ABI info
2025-06-25T17:12:18.9562783Z -- Detecting C compiler ABI info - done
2025-06-25T17:12:18.9712628Z -- Check for working C compiler: /opt/rh/gcc-toolset-14/root/usr/bin/cc - skipped
2025-06-25T17:12:18.9716555Z -- Detecting C compile features
2025-06-25T17:12:18.9721597Z -- Detecting C compile features - done
2025-06-25T17:12:18.9870403Z -- Detecting CXX compiler ABI info
2025-06-25T17:12:19.0617291Z -- Detecting CXX compiler ABI info - done
2025-06-25T17:12:19.0774155Z -- Check for working CXX compiler: /opt/rh/gcc-toolset-14/root/usr/bin/c++ - skipped
2025-06-25T17:12:19.0778949Z -- Detecting CXX compile features
2025-06-25T17:12:19.0790636Z -- Detecting CXX compile features - done
2025-06-25T17:12:19.1041662Z -- Performing Test CMAKE_HAVE_LIBC_PTHREAD
2025-06-25T17:12:19.1640607Z -- Performing Test CMAKE_HAVE_LIBC_PTHREAD - Failed
2025-06-25T17:12:19.1641573Z -- Looking for pthread_create in pthreads
2025-06-25T17:12:19.2082386Z -- Looking for pthread_create in pthreads - not found
2025-06-25T17:12:19.2084181Z -- Looking for pthread_create in pthread
2025-06-25T17:12:19.2617715Z -- Looking for pthread_create in pthread - found
2025-06-25T17:12:19.2627492Z -- Found Threads: TRUE
2025-06-25T17:12:19.2764890Z -- Found SoundTouch: /__w/synthizer3d/synthizer3d/969f6665-88a2-4c98-938e-ca9259871fec/vcpkg_installed/x64-linux/debug/lib/libSoundTouch.a
2025-06-25T17:12:19.2831435Z -- Found PkgConfig: /usr/bin/pkg-config (found version "1.4.2")
2025-06-25T17:12:19.2838734Z -- Checking for module 'faad2'
2025-06-25T17:12:19.2942415Z --   Found faad2, version 2.11.1
2025-06-25T17:12:19.3247241Z -- Performing Test OP_READ_FLOAT_AVAILABLE
2025-06-25T17:12:19.4359996Z -- Performing Test OP_READ_FLOAT_AVAILABLE - Success
2025-06-25T17:12:19.4360431Z -- op_read_float is available
2025-06-25T17:12:20.2580427Z -- Performing Test FILESYSTEM_OK
2025-06-25T17:12:20.7464136Z -- Performing Test FILESYSTEM_OK - Success
2025-06-25T17:12:20.7464720Z -- Found C++17 filesystem support
2025-06-25T17:12:20.7474418Z -- Using vcpkg includes from VCPKG_INSTALLED_PATH: /__w/synthizer3d/synthizer3d/969f6665-88a2-4c98-938e-ca9259871fec/vcpkg_installed/x64-linux/include
2025-06-25T17:12:20.7501819Z -- Math library found: /usr/lib64/libm.so
2025-06-25T17:12:20.7510808Z -- Configuring done (2.0s)
2025-06-25T17:12:20.7710006Z -- Generating done (0.0s)
2025-06-25T17:12:20.7716871Z -- Build files have been written to: /__w/synthizer3d/synthizer3d/_skbuild/linux-x86_64-3.8/cmake-build
2025-06-25T17:12:22.5928831Z [1/29] Building CXX object CMakeFiles/synthizer.dir/src/audio_output.cpp.o
2025-06-25T17:12:23.1628031Z [2/29] Building CXX object CMakeFiles/synthizer.dir/src/base_object.cpp.o
2025-06-25T17:12:23.2749834Z [3/29] Building CXX object CMakeFiles/synthizer.dir/src/byte_stream.cpp.o
2025-06-25T17:12:23.6369592Z [4/29] Building CXX object CMakeFiles/synthizer.dir/src/error.cpp.o
2025-06-25T17:12:25.2511368Z [5/29] Building CXX object CMakeFiles/synthizer.dir/src/event_timeline.cpp.o
2025-06-25T17:12:26.0871698Z [6/29] Building CXX object CMakeFiles/synthizer.dir/src/decoding.cpp.o
2025-06-25T17:12:26.7254638Z [7/29] Building CXX object CMakeFiles/synthizer.dir/src/logging.cpp.o
2025-06-25T17:12:26.9540380Z [8/29] Building CXX object CMakeFiles/synthizer.dir/src/events.cpp.o
2025-06-25T17:12:28.1835877Z [9/29] Building CXX object CMakeFiles/synthizer.dir/src/generator.cpp.o
2025-06-25T17:12:28.8215364Z [10/29] Building CXX object CMakeFiles/synthizer.dir/src/memory.cpp.o
2025-06-25T17:12:29.5009549Z [11/29] Building CXX object CMakeFiles/synthizer.dir/src/property_internals.cpp.o
2025-06-25T17:12:29.5439435Z [12/29] Building CXX object CMakeFiles/synthizer.dir/src/pausable.cpp.o
2025-06-25T17:12:29.6328364Z [13/29] Building CXX object CMakeFiles/synthizer.dir/src/shared_object.cpp.o
2025-06-25T17:12:29.8550038Z [14/29] Building CXX object CMakeFiles/synthizer.dir/src/data/arrays.cpp.o
2025-06-25T17:12:30.2719308Z [15/29] Building CXX object CMakeFiles/synthizer.dir/src/data/hrtf.cpp.o
2025-06-25T17:12:30.6948602Z [16/29] Building CXX object CMakeFiles/synthizer.dir/src/routable.cpp.o
2025-06-25T17:12:32.0606870Z [17/29] Building CXX object CMakeFiles/synthizer.dir/src/streams/custom_stream.cpp.o
2025-06-25T17:12:32.2430826Z [18/29] Building CXX object CMakeFiles/synthizer.dir/src/streams/file.cpp.o
2025-06-25T17:12:33.0312408Z [19/29] Building CXX object CMakeFiles/synthizer.dir/include/synthizer/decoders/ogg.cpp.o
2025-06-25T17:12:33.0313945Z FAILED: CMakeFiles/synthizer.dir/include/synthizer/decoders/ogg.cpp.o 
2025-06-25T17:12:33.0329372Z /opt/rh/gcc-toolset-14/root/usr/bin/c++ -DBUILDING_SYNTHIZER -DOP_READ_FLOAT_AVAILABLE -DSYZ_MAJOR=0 -DSYZ_MINOR=1 -DSYZ_PATCH=9 -DSYZ_USE_FILESYSTEM -DWDL_RESAMPLE_TYPE=float -I/__w/synthizer3d/synthizer3d/synthizer-vendored/include -I/__w/synthizer3d/synthizer3d/synthizer-vendored/deps/deps/third_party/wdl -I/__w/synthizer3d/synthizer3d/969f6665-88a2-4c98-938e-ca9259871fec/vcpkg_installed/x64-linux/lib/pkgconfig/../../include -I/__w/synthizer3d/synthizer3d/969f6665-88a2-4c98-938e-ca9259871fec/vcpkg_installed/x64-linux/include -I/__w/synthizer3d/synthizer3d/synthizer-vendored/deps/deps/third_party/boost_partial -I/__w/synthizer3d/synthizer3d/synthizer-vendored/deps/deps/third_party/concurrentqueue -I/__w/synthizer3d/synthizer3d/synthizer-vendored/deps/deps/third_party/cpp11-on-multicore/common -I/__w/synthizer3d/synthizer3d/synthizer-vendored/deps/deps/third_party/dr_libs -I/__w/synthizer3d/synthizer3d/synthizer-vendored/deps/deps/third_party/hedley -I/__w/synthizer3d/synthizer3d/synthizer-vendored/deps/deps/third_party/miniaudio -I/__w/synthizer3d/synthizer3d/synthizer-vendored/deps/deps/third_party/pdqsort -Wno-template-id-cdtor -Wno-cast-function-type -Wno-error -O3 -DNDEBUG -std=gnu++17 -fPIC -Wno-unknown-pragmas -Wall -Wextra -MD -MT CMakeFiles/synthizer.dir/include/synthizer/decoders/ogg.cpp.o -MF CMakeFiles/synthizer.dir/include/synthizer/decoders/ogg.cpp.o.d -o CMakeFiles/synthizer.dir/include/synthizer/decoders/ogg.cpp.o -c /__w/synthizer3d/synthizer3d/synthizer-vendored/include/synthizer/decoders/ogg.cpp
2025-06-25T17:12:33.0359202Z /__w/synthizer3d/synthizer3d/synthizer-vendored/include/synthizer/decoders/ogg.cpp: In constructor ‚Äòsynthizer::ogg_detail::OggDecoder::OggDecoder(std::shared_ptr<synthizer::LookaheadByteStream>)‚Äô:
2025-06-25T17:12:33.0433772Z ##[error]/__w/synthizer3d/synthizer3d/synthizer-vendored/include/synthizer/decoders/ogg.cpp:76:71: error: cannot convert ‚Äòlong int*‚Äô to ‚Äòint*‚Äô
2025-06-25T17:12:33.0446183Z    76 |                 while ((samples_read = ov_read_float(&vf, &pcm, 4096, &bitstream)) > 0) {
2025-06-25T17:12:33.0447139Z       |                                                                       ^~~~~~~~~~
2025-06-25T17:12:33.0447855Z       |                                                                       |
2025-06-25T17:12:33.0448599Z       |                                                                       long int*
2025-06-25T17:12:33.0449866Z In file included from /__w/synthizer3d/synthizer3d/synthizer-vendored/include/synthizer/decoders/ogg.cpp:7:
2025-06-25T17:12:33.0453604Z /__w/synthizer3d/synthizer3d/969f6665-88a2-4c98-938e-ca9259871fec/vcpkg_installed/x64-linux/lib/pkgconfig/../../include/vorbis/vorbisfile.h:189:32: note:   initializing argument 4 of ‚Äòlong int ov_read_float(OggVorbis_File*, float***, int, int*)‚Äô
2025-06-25T17:12:33.0455594Z   189 |                           int *bitstream);
2025-06-25T17:12:33.0456196Z       |                           ~~~~~^~~~~~~~~
2025-06-25T17:12:33.0458139Z /__w/synthizer3d/synthizer3d/969f6665-88a2-4c98-938e-ca9259871fec/vcpkg_installed/x64-linux/lib/pkgconfig/../../include/vorbis/vorbisfile.h: At global scope:
2025-06-25T17:12:33.0463623Z ##[warning]/__w/synthizer3d/synthizer3d/969f6665-88a2-4c98-938e-ca9259871fec/vcpkg_installed/x64-linux/lib/pkgconfig/../../include/vorbis/vorbisfile.h:95:21: warning: ‚ÄòOV_CALLBACKS_STREAMONLY_NOCLOSE‚Äô defined but not used [-Wunused-variable]
2025-06-25T17:12:33.0466448Z    95 | static ov_callbacks OV_CALLBACKS_STREAMONLY_NOCLOSE = {
2025-06-25T17:12:33.0467186Z       |                     ^~~~~~~~~~~~~~~~~~~~~~~~~~~~~~~
2025-06-25T17:12:33.0469853Z ##[warning]/__w/synthizer3d/synthizer3d/969f6665-88a2-4c98-938e-ca9259871fec/vcpkg_installed/x64-linux/lib/pkgconfig/../../include/vorbis/vorbisfile.h:88:21: warning: ‚ÄòOV_CALLBACKS_STREAMONLY‚Äô defined but not used [-Wunused-variable]
2025-06-25T17:12:33.0472331Z    88 | static ov_callbacks OV_CALLBACKS_STREAMONLY = {
2025-06-25T17:12:33.0472911Z       |                     ^~~~~~~~~~~~~~~~~~~~~~~
2025-06-25T17:12:33.0475456Z ##[warning]/__w/synthizer3d/synthizer3d/969f6665-88a2-4c98-938e-ca9259871fec/vcpkg_installed/x64-linux/lib/pkgconfig/../../include/vorbis/vorbisfile.h:81:21: warning: ‚ÄòOV_CALLBACKS_NOCLOSE‚Äô defined but not used [-Wunused-variable]
2025-06-25T17:12:33.0477944Z    81 | static ov_callbacks OV_CALLBACKS_NOCLOSE = {
2025-06-25T17:12:33.0478566Z       |                     ^~~~~~~~~~~~~~~~~~~~
2025-06-25T17:12:33.0481101Z ##[warning]/__w/synthizer3d/synthizer3d/969f6665-88a2-4c98-938e-ca9259871fec/vcpkg_installed/x64-linux/lib/pkgconfig/../../include/vorbis/vorbisfile.h:74:21: warning: ‚ÄòOV_CALLBACKS_DEFAULT‚Äô defined but not used [-Wunused-variable]
2025-06-25T17:12:33.0483861Z    74 | static ov_callbacks OV_CALLBACKS_DEFAULT = {
2025-06-25T17:12:33.0484456Z       |                     ^~~~~~~~~~~~~~~~~~~~
2025-06-25T17:12:33.2164248Z [20/29] Building CXX object CMakeFiles/synthizer.dir/src/streams/memory_stream.cpp.o
2025-06-25T17:12:39.5238435Z [21/29] Building CXX object CMakeFiles/synthizer.dir/src/context.cpp.o
2025-06-25T17:12:41.7265635Z [22/29] Building CXX object CMakeFiles/synthizer.dir/src/router.cpp.o
2025-06-25T17:12:43.2271019Z [23/29] Building C object CMakeFiles/synthizer_single_file_libs.dir/src/single_file_libs.c.o
2025-06-25T17:12:47.3655203Z [24/29] Building CXX object CMakeFiles/synthizer.dir/src/c_api/unity.cpp.o
2025-06-25T17:12:47.3656024Z ninja: build stopped: subcommand failed.
2025-06-25T17:12:47.3686812Z Traceback (most recent call last):
2025-06-25T17:12:47.3687756Z   File "/opt/python/cp38-cp38/lib/python3.8/site-packages/pyproject_hooks/_in_process/_in_process.py", line 389, in <module>
2025-06-25T17:12:47.3688295Z     main()
2025-06-25T17:12:47.3688936Z   File "/opt/python/cp38-cp38/lib/python3.8/site-packages/pyproject_hooks/_in_process/_in_process.py", line 373, in main
2025-06-25T17:12:47.3689639Z     json_out["return_val"] = hook(**hook_input["kwargs"])
2025-06-25T17:12:47.3690531Z   File "/opt/python/cp38-cp38/lib/python3.8/site-packages/pyproject_hooks/_in_process/_in_process.py", line 143, in get_requires_for_build_wheel
2025-06-25T17:12:47.3691203Z     return hook(config_settings)
2025-06-25T17:12:47.3691934Z   File "/opt/python/cp38-cp38/lib/python3.8/site-packages/setuptools/build_meta.py", line 333, in get_requires_for_build_wheel
2025-06-25T17:12:47.3692679Z     return self._get_build_requires(config_settings, requirements=[])
2025-06-25T17:12:47.3693720Z   File "/opt/python/cp38-cp38/lib/python3.8/site-packages/setuptools/build_meta.py", line 303, in _get_build_requires
2025-06-25T17:12:47.3694281Z     self.run_setup()
2025-06-25T17:12:47.3694876Z   File "/opt/python/cp38-cp38/lib/python3.8/site-packages/setuptools/build_meta.py", line 521, in run_setup
2025-06-25T17:12:47.3695465Z     super().run_setup(setup_script=setup_script)
2025-06-25T17:12:47.3696141Z   File "/opt/python/cp38-cp38/lib/python3.8/site-packages/setuptools/build_meta.py", line 319, in run_setup
2025-06-25T17:12:47.3696655Z     exec(code, locals())
2025-06-25T17:12:47.3697171Z   File "<string>", line 82, in <module>
2025-06-25T17:12:47.3697761Z   File "/opt/python/cp38-cp38/lib/python3.8/site-packages/skbuild/cmaker.py", line 696, in make
2025-06-25T17:12:47.3698589Z     self.make_impl(clargs=clargs, config=config, source_dir=source_dir, install_target=install_target, env=env)
2025-06-25T17:12:47.3699409Z   File "/opt/python/cp38-cp38/lib/python3.8/site-packages/skbuild/cmaker.py", line 741, in make_impl
2025-06-25T17:12:47.3699902Z     raise SKBuildError(msg)
2025-06-25T17:12:47.3700389Z skbuild.exceptions.SKBuildError: An error occurred while building with CMake.
2025-06-25T17:12:47.3700741Z   Command:
2025-06-25T17:12:47.3701388Z     /opt/_internal/cpython-3.8.20/lib/python3.8/site-packages/cmake/data/bin/cmake --build . --target install --config Release --
2025-06-25T17:12:47.3701946Z   Install target:
2025-06-25T17:12:47.3702110Z     install
2025-06-25T17:12:47.3702306Z   Source directory:
2025-06-25T17:12:47.3702540Z     /__w/synthizer3d/synthizer3d
2025-06-25T17:12:47.3702791Z   Working directory:
2025-06-25T17:12:47.3703753Z     /__w/synthizer3d/synthizer3d/_skbuild/linux-x86_64-3.8/cmake-build
2025-06-25T17:12:47.3704377Z Please check the install target is valid and see CMake's output for more information.
2025-06-25T17:12:47.3704687Z 
2025-06-25T17:12:47.4014192Z 
2025-06-25T17:12:47.4015164Z ERROR Backend subprocess exited when trying to invoke get_requires_for_build_wheel
2025-06-25T17:12:47.4134236Z ##[error]Process completed with exit code 1.
2025-06-25T17:12:47.4208964Z Post job cleanup.
2025-06-25T17:12:47.4212646Z ##[command]/usr/bin/docker exec  4156845706a1a4ee028fa601c8a74eb0d698ea3aec5c0743e37a17e15a7c58e4 sh -c "cat /etc/*release | grep ^ID"
2025-06-25T17:12:47.6168065Z [command]/usr/local/bin/git version
2025-06-25T17:12:47.6210483Z git version 2.50.0
2025-06-25T17:12:47.6258623Z Temporarily overriding HOME='/__w/_temp/10a339c3-1ba6-490a-af3d-5ccd5b6393d8' before making global git config changes
2025-06-25T17:12:47.6260286Z Adding repository directory to the temporary git global config as a safe directory
2025-06-25T17:12:47.6263964Z [command]/usr/local/bin/git config --global --add safe.directory /__w/synthizer3d/synthizer3d
2025-06-25T17:12:47.6309576Z [command]/usr/local/bin/git config --local --name-only --get-regexp core\.sshCommand
2025-06-25T17:12:47.6348443Z [command]/usr/local/bin/git submodule foreach --recursive sh -c "git config --local --name-only --get-regexp 'core\.sshCommand' && git config --local --unset-all 'core.sshCommand' || :"
2025-06-25T17:12:47.6739982Z [command]/usr/local/bin/git config --local --name-only --get-regexp http\.https\:\/\/github\.com\/\.extraheader
2025-06-25T17:12:47.6762683Z http.https://github.com/.extraheader
2025-06-25T17:12:47.6775930Z [command]/usr/local/bin/git config --local --unset-all http.https://github.com/.extraheader
2025-06-25T17:12:47.6809335Z [command]/usr/local/bin/git submodule foreach --recursive sh -c "git config --local --name-only --get-regexp 'http\.https\:\/\/github\.com\/\.extraheader' && git config --local --unset-all 'http.https://github.com/.extraheader' || :"
2025-06-25T17:12:47.7296130Z Stop and remove container: 12f5a2c2bd6b409f89ff90cfd06d50e6_quayiopypamanylinux_2_28_x86_64_c29e0a
2025-06-25T17:12:47.7300699Z ##[command]/usr/bin/docker rm --force 4156845706a1a4ee028fa601c8a74eb0d698ea3aec5c0743e37a17e15a7c58e4
2025-06-25T17:12:48.2472782Z 4156845706a1a4ee028fa601c8a74eb0d698ea3aec5c0743e37a17e15a7c58e4
2025-06-25T17:12:48.2507723Z Remove container network: github_network_b8ddf92b8dde48afbdba9fefcae299b7
2025-06-25T17:12:48.2512035Z ##[command]/usr/bin/docker network rm github_network_b8ddf92b8dde48afbdba9fefcae299b7
2025-06-25T17:12:48.3770070Z github_network_b8ddf92b8dde48afbdba9fefcae299b7
2025-06-25T17:12:48.3828700Z Cleaning up orphan processes