2025-06-25T02:51:13.1946043Z Current runner version: '2.325.0'
2025-06-25T02:51:13.1969286Z ##[group]Runner Image Provisioner
2025-06-25T02:51:13.1970046Z Hosted Compute Agent
2025-06-25T02:51:13.1970516Z Version: 20250620.352
2025-06-25T02:51:13.1971091Z Commit: f262f3aba23b10ea191b2a62bdee1ca4c3d344da
2025-06-25T02:51:13.1971673Z Build Date: 2025-06-20T19:27:17Z
2025-06-25T02:51:13.1972204Z ##[endgroup]
2025-06-25T02:51:13.1972696Z ##[group]Operating System
2025-06-25T02:51:13.1973201Z Microsoft Windows Server 2022
2025-06-25T02:51:13.1973692Z 10.0.20348
2025-06-25T02:51:13.1974080Z Datacenter
2025-06-25T02:51:13.1974473Z ##[endgroup]
2025-06-25T02:51:13.1975221Z ##[group]Runner Image
2025-06-25T02:51:13.1975829Z Image: windows-2022
2025-06-25T02:51:13.1976274Z Version: 20250602.1.0
2025-06-25T02:51:13.1977157Z Included Software: https://github.com/actions/runner-images/blob/win22/20250602.1/images/windows/Windows2022-Readme.md
2025-06-25T02:51:13.1978812Z Image Release: https://github.com/actions/runner-images/releases/tag/win22%2F20250602.1
2025-06-25T02:51:13.1979764Z ##[endgroup]
2025-06-25T02:51:13.1982055Z ##[group]GITHUB_TOKEN Permissions
2025-06-25T02:51:13.1984014Z Actions: write
2025-06-25T02:51:13.1984498Z Attestations: write
2025-06-25T02:51:13.1984959Z Checks: write
2025-06-25T02:51:13.1985341Z Contents: write
2025-06-25T02:51:13.1985815Z Deployments: write
2025-06-25T02:51:13.1986507Z Discussions: write
2025-06-25T02:51:13.1986927Z Issues: write
2025-06-25T02:51:13.1987383Z Metadata: read
2025-06-25T02:51:13.1987780Z Models: read
2025-06-25T02:51:13.1988179Z Packages: write
2025-06-25T02:51:13.1988573Z Pages: write
2025-06-25T02:51:13.1989022Z PullRequests: write
2025-06-25T02:51:13.1989454Z RepositoryProjects: write
2025-06-25T02:51:13.1989931Z SecurityEvents: write
2025-06-25T02:51:13.1990465Z Statuses: write
2025-06-25T02:51:13.1990858Z ##[endgroup]
2025-06-25T02:51:13.1992778Z Secret source: Actions
2025-06-25T02:51:13.1993419Z Prepare workflow directory
2025-06-25T02:51:13.2540411Z Prepare all required actions
2025-06-25T02:51:13.2577989Z Getting action download info
2025-06-25T02:51:13.6123435Z ##[group]Download immutable action package 'actions/checkout@v4'
2025-06-25T02:51:13.6124876Z Version: 4.2.2
2025-06-25T02:51:13.6125842Z Digest: sha256:ccb2698953eaebd21c7bf6268a94f9c26518a7e38e27e0b83c1fe1ad049819b1
2025-06-25T02:51:13.6127107Z Source commit SHA: 11bd71901bbe5b1630ceea73d27597364c9af683
2025-06-25T02:51:13.6127890Z ##[endgroup]
2025-06-25T02:51:13.7240946Z ##[group]Download immutable action package 'actions/setup-python@v5'
2025-06-25T02:51:13.7241808Z Version: 5.6.0
2025-06-25T02:51:13.7242503Z Digest: sha256:0b35a0c11c97499e4e0576589036d450b9f5f9da74b7774225b3614b57324404
2025-06-25T02:51:13.7243431Z Source commit SHA: a26af69be951a213d495a4c3e4e4022e16d87065
2025-06-25T02:51:13.7244120Z ##[endgroup]
2025-06-25T02:51:14.0397147Z ##[group]Download immutable action package 'actions/cache@v4'
2025-06-25T02:51:14.0397923Z Version: 4.2.3
2025-06-25T02:51:14.0398686Z Digest: sha256:c8a3bb963e1f1826d8fcc8d1354f0dd29d8ac1db1d4f6f20247055ae11b81ed9
2025-06-25T02:51:14.0399624Z Source commit SHA: 5a3ec84eff668545956fd18022155c47e93e2684
2025-06-25T02:51:14.0400297Z ##[endgroup]
2025-06-25T02:51:14.1843164Z Download action repository 'ilammy/msvc-dev-cmd@v1' (SHA:0b201ec74fa43914dc39ae48a89fd1d8cb592756)
2025-06-25T02:51:14.5207500Z Download action repository 'lukka/run-vcpkg@v11' (SHA:7d259227a1fb6471a0253dd5ab7419835228f7d7)
2025-06-25T02:51:14.8881904Z ##[group]Download immutable action package 'actions/upload-artifact@v4'
2025-06-25T02:51:14.8883147Z Version: 4.6.2
2025-06-25T02:51:14.8884277Z Digest: sha256:290722aa3281d5caf23d0acdc3dbeb3424786a1a01a9cc97e72f147225e37c38
2025-06-25T02:51:14.8885946Z Source commit SHA: ea165f8d65b6e75b540449e92b4886f43607fa02
2025-06-25T02:51:14.8887002Z ##[endgroup]
2025-06-25T02:51:15.2428330Z Complete job name: Build Windows (x64) Python 3.13
2025-06-25T02:51:15.4104422Z ##[group]Run actions/checkout@v4
2025-06-25T02:51:15.4107767Z with:
2025-06-25T02:51:15.4108544Z   submodules: recursive
2025-06-25T02:51:15.4109307Z   repository: Ambro86/synthizer3d
2025-06-25T02:51:15.4110418Z   token: ***
2025-06-25T02:51:15.4111055Z   ssh-strict: true
2025-06-25T02:51:15.4111734Z   ssh-user: git
2025-06-25T02:51:15.4112433Z   persist-credentials: true
2025-06-25T02:51:15.4113195Z   clean: true
2025-06-25T02:51:15.4114297Z   sparse-checkout-cone-mode: true
2025-06-25T02:51:15.4115150Z   fetch-depth: 1
2025-06-25T02:51:15.4115807Z   fetch-tags: false
2025-06-25T02:51:15.4116497Z   show-progress: true
2025-06-25T02:51:15.4117181Z   lfs: false
2025-06-25T02:51:15.4117835Z   set-safe-directory: true
2025-06-25T02:51:15.4118827Z env:
2025-06-25T02:51:15.4119437Z   PYVERSION: 3.13
2025-06-25T02:51:15.4120107Z   CI_ARCH_LOWER: x64
2025-06-25T02:51:15.4120788Z   CI_WINDOWS: 1
2025-06-25T02:51:15.4121429Z   CI_ARCH_ENV: x64
2025-06-25T02:51:15.4122183Z   VCPKG_DEFAULT_TRIPLET: x64-windows
2025-06-25T02:51:15.4123462Z   EFFECTIVE_VCPKG_INSTALLED_DIR_BASE: D:\a\synthizer3d\synthizer3d\vcpkg_installed
2025-06-25T02:51:15.4124717Z ##[endgroup]
2025-06-25T02:51:15.5796993Z Syncing repository: Ambro86/synthizer3d
2025-06-25T02:51:15.5799255Z ##[group]Getting Git version info
2025-06-25T02:51:15.5800273Z Working directory is 'D:\a\synthizer3d\synthizer3d'
2025-06-25T02:51:15.6910298Z [command]"C:\Program Files\Git\bin\git.exe" version
2025-06-25T02:51:16.0546703Z git version 2.49.0.windows.1
2025-06-25T02:51:16.0596002Z ##[endgroup]
2025-06-25T02:51:16.0615308Z Temporarily overriding HOME='D:\a\_temp\63d031f1-9a69-45df-a983-58d220d42c2e' before making global git config changes
2025-06-25T02:51:16.0617439Z Adding repository directory to the temporary git global config as a safe directory
2025-06-25T02:51:16.0627119Z [command]"C:\Program Files\Git\bin\git.exe" config --global --add safe.directory D:\a\synthizer3d\synthizer3d
2025-06-25T02:51:16.1161041Z Deleting the contents of 'D:\a\synthizer3d\synthizer3d'
2025-06-25T02:51:16.1166492Z ##[group]Initializing the repository
2025-06-25T02:51:16.1176413Z [command]"C:\Program Files\Git\bin\git.exe" init D:\a\synthizer3d\synthizer3d
2025-06-25T02:51:16.1877453Z Initialized empty Git repository in D:/a/synthizer3d/synthizer3d/.git/
2025-06-25T02:51:16.1915585Z [command]"C:\Program Files\Git\bin\git.exe" remote add origin https://github.com/Ambro86/synthizer3d
2025-06-25T02:51:16.2345347Z ##[endgroup]
2025-06-25T02:51:16.2426575Z ##[group]Disabling automatic garbage collection
2025-06-25T02:51:16.2429600Z [command]"C:\Program Files\Git\bin\git.exe" config --local gc.auto 0
2025-06-25T02:51:16.2621629Z ##[endgroup]
2025-06-25T02:51:16.2624275Z ##[group]Setting up auth
2025-06-25T02:51:16.2635154Z [command]"C:\Program Files\Git\bin\git.exe" config --local --name-only --get-regexp core\.sshCommand
2025-06-25T02:51:16.2896236Z [command]"C:\Program Files\Git\bin\git.exe" submodule foreach --recursive "sh -c \"git config --local --name-only --get-regexp 'core\.sshCommand' && git config --local --unset-all 'core.sshCommand' || :\""
2025-06-25T02:51:17.5310508Z [command]"C:\Program Files\Git\bin\git.exe" config --local --name-only --get-regexp http\.https\:\/\/github\.com\/\.extraheader
2025-06-25T02:51:17.5539297Z [command]"C:\Program Files\Git\bin\git.exe" submodule foreach --recursive "sh -c \"git config --local --name-only --get-regexp 'http\.https\:\/\/github\.com\/\.extraheader' && git config --local --unset-all 'http.https://github.com/.extraheader' || :\""
2025-06-25T02:51:17.9406213Z [command]"C:\Program Files\Git\bin\git.exe" config --local http.https://github.com/.extraheader "AUTHORIZATION: basic ***"
2025-06-25T02:51:17.9646211Z ##[endgroup]
2025-06-25T02:51:17.9646885Z ##[group]Fetching the repository
2025-06-25T02:51:17.9669496Z [command]"C:\Program Files\Git\bin\git.exe" -c protocol.version=2 fetch --no-tags --prune --no-recurse-submodules --depth=1 origin +543294d29f864b658f35215a7d9659d47e85c8c8:refs/remotes/origin/master
2025-06-25T02:51:19.6438018Z From https://github.com/Ambro86/synthizer3d
2025-06-25T02:51:19.6439970Z  * [new ref]         543294d29f864b658f35215a7d9659d47e85c8c8 -> origin/master
2025-06-25T02:51:19.6633900Z ##[endgroup]
2025-06-25T02:51:19.6634452Z ##[group]Determining the checkout info
2025-06-25T02:51:19.6637373Z ##[endgroup]
2025-06-25T02:51:19.6648430Z [command]"C:\Program Files\Git\bin\git.exe" sparse-checkout disable
2025-06-25T02:51:19.6969953Z [command]"C:\Program Files\Git\bin\git.exe" config --local --unset-all extensions.worktreeConfig
2025-06-25T02:51:19.7185140Z ##[group]Checking out the ref
2025-06-25T02:51:19.7195453Z [command]"C:\Program Files\Git\bin\git.exe" checkout --progress --force -B master refs/remotes/origin/master
2025-06-25T02:51:20.4737576Z branch 'master' set up to track 'origin/master'.
2025-06-25T02:51:20.4743838Z Reset branch 'master'
2025-06-25T02:51:20.4791527Z ##[endgroup]
2025-06-25T02:51:20.4792147Z ##[group]Setting up auth for fetching submodules
2025-06-25T02:51:20.4803731Z [command]"C:\Program Files\Git\bin\git.exe" config --global http.https://github.com/.extraheader "AUTHORIZATION: basic ***"
2025-06-25T02:51:20.5044120Z [command]"C:\Program Files\Git\bin\git.exe" config --global --unset-all url.https://github.com/.insteadOf
2025-06-25T02:51:20.5260476Z [command]"C:\Program Files\Git\bin\git.exe" config --global --add url.https://github.com/.insteadOf git@github.com:
2025-06-25T02:51:20.5487817Z [command]"C:\Program Files\Git\bin\git.exe" config --global --add url.https://github.com/.insteadOf org-58132298@github.com:
2025-06-25T02:51:20.5697738Z ##[endgroup]
2025-06-25T02:51:20.5698103Z ##[group]Fetching submodules
2025-06-25T02:51:20.5707517Z [command]"C:\Program Files\Git\bin\git.exe" submodule sync --recursive
2025-06-25T02:51:20.9824838Z [command]"C:\Program Files\Git\bin\git.exe" -c protocol.version=2 submodule update --init --force --depth=1 --recursive
2025-06-25T02:51:21.4049385Z [command]"C:\Program Files\Git\bin\git.exe" submodule foreach --recursive "git config --local gc.auto 0"
2025-06-25T02:51:21.7939566Z ##[endgroup]
2025-06-25T02:51:21.7940202Z ##[group]Persisting credentials for submodules
2025-06-25T02:51:21.7952720Z [command]"C:\Program Files\Git\bin\git.exe" submodule foreach --recursive "sh -c \"git config --local --name-only --get-regexp 'url\.https\:\/\/github\.com\/\.insteadOf' && git config --local --unset-all 'url.https://github.com/.insteadOf' || :\""
2025-06-25T02:51:22.2173819Z [command]"C:\Program Files\Git\bin\git.exe" submodule foreach --recursive "sh -c \"git config --local 'http.https://github.com/.extraheader' 'AUTHORIZATION: basic ***' && git config --local --show-origin --name-only --get-regexp remote.origin.url\""
2025-06-25T02:51:22.6094156Z [command]"C:\Program Files\Git\bin\git.exe" submodule foreach --recursive "git config --local --add 'url.https://github.com/.insteadOf' 'git@github.com:'"
2025-06-25T02:51:23.0000028Z [command]"C:\Program Files\Git\bin\git.exe" submodule foreach --recursive "git config --local --add 'url.https://github.com/.insteadOf' 'org-58132298@github.com:'"
2025-06-25T02:51:23.4065464Z ##[endgroup]
2025-06-25T02:51:23.4318534Z [command]"C:\Program Files\Git\bin\git.exe" log -1 --format=%H
2025-06-25T02:51:23.4517732Z 543294d29f864b658f35215a7d9659d47e85c8c8
2025-06-25T02:51:23.4847766Z ##[group]Run actions/setup-python@v5
2025-06-25T02:51:23.4848056Z with:
2025-06-25T02:51:23.4848226Z   python-version: 3.13
2025-06-25T02:51:23.4848419Z   architecture: x64
2025-06-25T02:51:23.4848588Z   check-latest: false
2025-06-25T02:51:23.4848905Z   token: ***
2025-06-25T02:51:23.4849080Z   update-environment: true
2025-06-25T02:51:23.4849282Z   allow-prereleases: false
2025-06-25T02:51:23.4849485Z   freethreaded: false
2025-06-25T02:51:23.4849652Z env:
2025-06-25T02:51:23.4849782Z   PYVERSION: 3.13
2025-06-25T02:51:23.4849940Z   CI_ARCH_LOWER: x64
2025-06-25T02:51:23.4850089Z   CI_WINDOWS: 1
2025-06-25T02:51:23.4850236Z   CI_ARCH_ENV: x64
2025-06-25T02:51:23.4850402Z   VCPKG_DEFAULT_TRIPLET: x64-windows
2025-06-25T02:51:23.4850945Z   EFFECTIVE_VCPKG_INSTALLED_DIR_BASE: D:\a\synthizer3d\synthizer3d\vcpkg_installed
2025-06-25T02:51:23.4851278Z ##[endgroup]
2025-06-25T02:51:23.7101738Z ##[group]Installed versions
2025-06-25T02:51:23.7386038Z Successfully set up CPython (3.13.3)
2025-06-25T02:51:23.7387797Z ##[endgroup]
2025-06-25T02:51:23.7630930Z ##[group]Run python -m pip install --upgrade pip
2025-06-25T02:51:23.7631347Z [36;1mpython -m pip install --upgrade pip[0m
2025-06-25T02:51:23.8035005Z shell: C:\Program Files\PowerShell\7\pwsh.EXE -command ". '{0}'"
2025-06-25T02:51:23.8035455Z env:
2025-06-25T02:51:23.8035666Z   PYVERSION: 3.13
2025-06-25T02:51:23.8035860Z   CI_ARCH_LOWER: x64
2025-06-25T02:51:23.8036046Z   CI_WINDOWS: 1
2025-06-25T02:51:23.8036225Z   CI_ARCH_ENV: x64
2025-06-25T02:51:23.8036422Z   VCPKG_DEFAULT_TRIPLET: x64-windows
2025-06-25T02:51:23.8036839Z   EFFECTIVE_VCPKG_INSTALLED_DIR_BASE: D:\a\synthizer3d\synthizer3d\vcpkg_installed
2025-06-25T02:51:23.8037363Z   pythonLocation: C:\hostedtoolcache\windows\Python\3.13.3\x64
2025-06-25T02:51:23.8037869Z   PKG_CONFIG_PATH: C:\hostedtoolcache\windows\Python\3.13.3\x64/lib/pkgconfig
2025-06-25T02:51:23.8038345Z   Python_ROOT_DIR: C:\hostedtoolcache\windows\Python\3.13.3\x64
2025-06-25T02:51:23.8038814Z   Python2_ROOT_DIR: C:\hostedtoolcache\windows\Python\3.13.3\x64
2025-06-25T02:51:23.8039233Z   Python3_ROOT_DIR: C:\hostedtoolcache\windows\Python\3.13.3\x64
2025-06-25T02:51:23.8039565Z ##[endgroup]
2025-06-25T02:51:34.5965943Z Requirement already satisfied: pip in c:\hostedtoolcache\windows\python\3.13.3\x64\lib\site-packages (25.1.1)
2025-06-25T02:51:35.6705441Z ##[group]Run python synthizer-c/vendor.py synthizer-vendored
2025-06-25T02:51:35.6705908Z [36;1mpython synthizer-c/vendor.py synthizer-vendored[0m
2025-06-25T02:51:35.6736804Z shell: C:\Program Files\PowerShell\7\pwsh.EXE -command ". '{0}'"
2025-06-25T02:51:35.6737125Z env:
2025-06-25T02:51:35.6737277Z   PYVERSION: 3.13
2025-06-25T02:51:35.6737451Z   CI_ARCH_LOWER: x64
2025-06-25T02:51:35.6737634Z   CI_WINDOWS: 1
2025-06-25T02:51:35.6737792Z   CI_ARCH_ENV: x64
2025-06-25T02:51:35.6737969Z   VCPKG_DEFAULT_TRIPLET: x64-windows
2025-06-25T02:51:35.6738332Z   EFFECTIVE_VCPKG_INSTALLED_DIR_BASE: D:\a\synthizer3d\synthizer3d\vcpkg_installed
2025-06-25T02:51:35.6738755Z   pythonLocation: C:\hostedtoolcache\windows\Python\3.13.3\x64
2025-06-25T02:51:35.6739143Z   PKG_CONFIG_PATH: C:\hostedtoolcache\windows\Python\3.13.3\x64/lib/pkgconfig
2025-06-25T02:51:35.6739528Z   Python_ROOT_DIR: C:\hostedtoolcache\windows\Python\3.13.3\x64
2025-06-25T02:51:35.6739930Z   Python2_ROOT_DIR: C:\hostedtoolcache\windows\Python\3.13.3\x64
2025-06-25T02:51:35.6740279Z   Python3_ROOT_DIR: C:\hostedtoolcache\windows\Python\3.13.3\x64
2025-06-25T02:51:35.6740558Z ##[endgroup]
2025-06-25T02:51:37.6896040Z ##[group]Run actions/cache@v4
2025-06-25T02:51:37.6896328Z with:
2025-06-25T02:51:37.6896505Z   path: ~\AppData\Local\pip\Cache
2025-06-25T02:51:37.6896917Z   key: Windows-pip-3.13-x64-470e26d8c339f4cb295c177bbb5909b619dd6bdba5ca1bff895a6b5f9833e984
2025-06-25T02:51:37.6897407Z   restore-keys: Windows-pip-3.13-x64-

2025-06-25T02:51:37.6897659Z   enableCrossOsArchive: false
2025-06-25T02:51:37.6897859Z   fail-on-cache-miss: false
2025-06-25T02:51:37.6898055Z   lookup-only: false
2025-06-25T02:51:37.6898213Z   save-always: false
2025-06-25T02:51:37.6898364Z env:
2025-06-25T02:51:37.6898491Z   PYVERSION: 3.13
2025-06-25T02:51:37.6898645Z   CI_ARCH_LOWER: x64
2025-06-25T02:51:37.6898787Z   CI_WINDOWS: 1
2025-06-25T02:51:37.6898932Z   CI_ARCH_ENV: x64
2025-06-25T02:51:37.6899092Z   VCPKG_DEFAULT_TRIPLET: x64-windows
2025-06-25T02:51:37.6899424Z   EFFECTIVE_VCPKG_INSTALLED_DIR_BASE: D:\a\synthizer3d\synthizer3d\vcpkg_installed
2025-06-25T02:51:37.6899884Z   pythonLocation: C:\hostedtoolcache\windows\Python\3.13.3\x64
2025-06-25T02:51:37.6900270Z   PKG_CONFIG_PATH: C:\hostedtoolcache\windows\Python\3.13.3\x64/lib/pkgconfig
2025-06-25T02:51:37.6900649Z   Python_ROOT_DIR: C:\hostedtoolcache\windows\Python\3.13.3\x64
2025-06-25T02:51:37.6901177Z   Python2_ROOT_DIR: C:\hostedtoolcache\windows\Python\3.13.3\x64
2025-06-25T02:51:37.6901523Z   Python3_ROOT_DIR: C:\hostedtoolcache\windows\Python\3.13.3\x64
2025-06-25T02:51:37.6902009Z ##[endgroup]
2025-06-25T02:51:38.1407578Z Cache hit for: Windows-pip-3.13-x64-470e26d8c339f4cb295c177bbb5909b619dd6bdba5ca1bff895a6b5f9833e984
2025-06-25T02:51:38.9158511Z Received 41744777 of 41744777 (100.0%), 65.7 MBs/sec
2025-06-25T02:51:38.9161868Z Cache Size: ~40 MB (41744777 B)
2025-06-25T02:51:38.9194908Z [command]"C:\Program Files\Git\usr\bin\tar.exe" -xf D:/a/_temp/ab28d075-f09c-4bd9-b4e6-a360dd07e98e/cache.tzst -P -C D:/a/synthizer3d/synthizer3d --force-local --use-compress-program "zstd -d"
2025-06-25T02:51:39.1776330Z Cache restored successfully
2025-06-25T02:51:39.1923326Z Cache restored from key: Windows-pip-3.13-x64-8a5360e709d265c27a24e0a96851fc7e96b08d87f422f96956a8f56e44f06135
2025-06-25T02:51:39.2144655Z ##[group]Run ilammy/msvc-dev-cmd@v1
2025-06-25T02:51:39.2144976Z with:
2025-06-25T02:51:39.2145129Z   arch: x64
2025-06-25T02:51:39.2145274Z env:
2025-06-25T02:51:39.2145421Z   PYVERSION: 3.13
2025-06-25T02:51:39.2145596Z   CI_ARCH_LOWER: x64
2025-06-25T02:51:39.2145762Z   CI_WINDOWS: 1
2025-06-25T02:51:39.2145911Z   CI_ARCH_ENV: x64
2025-06-25T02:51:39.2146087Z   VCPKG_DEFAULT_TRIPLET: x64-windows
2025-06-25T02:51:39.2146437Z   EFFECTIVE_VCPKG_INSTALLED_DIR_BASE: D:\a\synthizer3d\synthizer3d\vcpkg_installed
2025-06-25T02:51:39.2146882Z   pythonLocation: C:\hostedtoolcache\windows\Python\3.13.3\x64
2025-06-25T02:51:39.2147286Z   PKG_CONFIG_PATH: C:\hostedtoolcache\windows\Python\3.13.3\x64/lib/pkgconfig
2025-06-25T02:51:39.2147699Z   Python_ROOT_DIR: C:\hostedtoolcache\windows\Python\3.13.3\x64
2025-06-25T02:51:39.2148051Z   Python2_ROOT_DIR: C:\hostedtoolcache\windows\Python\3.13.3\x64
2025-06-25T02:51:39.2148432Z   Python3_ROOT_DIR: C:\hostedtoolcache\windows\Python\3.13.3\x64
2025-06-25T02:51:39.2148702Z ##[endgroup]
2025-06-25T02:51:39.6943456Z Found with vswhere: C:\Program Files\Microsoft Visual Studio\2022\Enterprise\VC\Auxiliary\Build\vcvarsall.bat
2025-06-25T02:51:42.8578807Z ##[group]Environment variables
2025-06-25T02:51:42.8579278Z Setting CommandPromptType
2025-06-25T02:51:42.8591494Z Setting DevEnvDir
2025-06-25T02:51:42.8595119Z Setting ExtensionSdkDir
2025-06-25T02:51:42.8597630Z Setting EXTERNAL_INCLUDE
2025-06-25T02:51:42.8602448Z Setting Framework40Version
2025-06-25T02:51:42.8604959Z Setting FrameworkDir
2025-06-25T02:51:42.8607427Z Setting FrameworkDir64
2025-06-25T02:51:42.8610821Z Setting FrameworkVersion
2025-06-25T02:51:42.8613350Z Setting FrameworkVersion64
2025-06-25T02:51:42.8616752Z Setting FSHARPINSTALLDIR
2025-06-25T02:51:42.8620524Z Setting HTMLHelpDir
2025-06-25T02:51:42.8623545Z Setting IFCPATH
2025-06-25T02:51:42.8627770Z Setting INCLUDE
2025-06-25T02:51:42.8633630Z Setting is_x64_arch
2025-06-25T02:51:42.8643466Z Setting LIB
2025-06-25T02:51:42.8645977Z Setting LIBPATH
2025-06-25T02:51:42.8648672Z Setting NETFXSDKDir
2025-06-25T02:51:42.8652300Z Setting Path
2025-06-25T02:51:42.8655852Z Setting Platform
2025-06-25T02:51:42.8658717Z Setting UCRTVersion
2025-06-25T02:51:42.8661138Z Setting UniversalCRTSdkDir
2025-06-25T02:51:42.8663142Z Setting VCIDEInstallDir
2025-06-25T02:51:42.8666178Z Setting VCINSTALLDIR
2025-06-25T02:51:42.8668284Z Setting VCPKG_ROOT
2025-06-25T02:51:42.8670206Z Setting VCToolsInstallDir
2025-06-25T02:51:42.8672094Z Setting VCToolsRedistDir
2025-06-25T02:51:42.8674018Z Setting VCToolsVersion
2025-06-25T02:51:42.8675873Z Setting VisualStudioVersion
2025-06-25T02:51:42.8677670Z Setting VS170COMNTOOLS
2025-06-25T02:51:42.8679519Z Setting VSCMD_ARG_app_plat
2025-06-25T02:51:42.8681336Z Setting VSCMD_ARG_HOST_ARCH
2025-06-25T02:51:42.8683196Z Setting VSCMD_ARG_TGT_ARCH
2025-06-25T02:51:42.8685005Z Setting VSCMD_VER
2025-06-25T02:51:42.8687044Z Setting VSINSTALLDIR
2025-06-25T02:51:42.8689079Z Setting VSSDK150INSTALL
2025-06-25T02:51:42.8690868Z Setting VSSDKINSTALL
2025-06-25T02:51:42.8692939Z Setting WindowsLibPath
2025-06-25T02:51:42.8695096Z Setting WindowsSdkBinPath
2025-06-25T02:51:42.8697033Z Setting WindowsSdkDir
2025-06-25T02:51:42.8698901Z Setting WindowsSDKLibVersion
2025-06-25T02:51:42.8700742Z Setting WindowsSdkVerBinPath
2025-06-25T02:51:42.8702621Z Setting WindowsSDKVersion
2025-06-25T02:51:42.8704457Z Setting WindowsSDK_ExecutablePath_x64
2025-06-25T02:51:42.8706313Z Setting WindowsSDK_ExecutablePath_x86
2025-06-25T02:51:42.8708145Z Setting __DOTNET_ADD_64BIT
2025-06-25T02:51:42.8710060Z Setting __DOTNET_PREFERRED_BITNESS
2025-06-25T02:51:42.8711944Z Setting __VSCMD_PREINIT_PATH
2025-06-25T02:51:42.8714839Z ##[endgroup]
2025-06-25T02:51:42.8715103Z Configured Developer Command Prompt
2025-06-25T02:51:42.8905695Z ##[group]Run lukka/run-vcpkg@v11
2025-06-25T02:51:42.8906001Z with:
2025-06-25T02:51:42.8906170Z   vcpkgJsonGlob: vcpkg.json
2025-06-25T02:51:42.8906383Z   runVcpkgInstall: true
2025-06-25T02:51:42.8906615Z   vcpkgDirectory: D:\a\synthizer3d\synthizer3d/vcpkg
2025-06-25T02:51:42.8906946Z   vcpkgGitURL: https://github.com/microsoft/vcpkg.git
2025-06-25T02:51:42.8907228Z   doNotUpdateVcpkg: false
2025-06-25T02:51:42.8907420Z   doNotCache: true
2025-06-25T02:51:42.8907602Z   vcpkgJsonIgnores: ['**/vcpkg/**']
2025-06-25T02:51:42.8907899Z   vcpkgConfigurationJsonGlob: **/vcpkg-configuration.json
2025-06-25T02:51:42.8908535Z   runVcpkgFormatString: [`install`, `--recurse`, `--clean-after-build`, `--x-install-root`, `$[env.VCPKG_INSTALLED_DIR]`, `--triplet`, `$[env.VCPKG_DEFAULT_TRIPLET]`]
2025-06-25T02:51:42.8909109Z   useShell: true
2025-06-25T02:51:42.8909559Z   logCollectionRegExps: \s*"(.+CMakeOutput\.log)"\.\s*;\s*"(.+CMakeError\.log)"\.\s*;\s*(.+out\.log)\s*;\s+(.+err\.log)\s*;\s*(.+vcpkg.+\.log)\s*
2025-06-25T02:51:42.8909995Z env:
2025-06-25T02:51:42.8910134Z   PYVERSION: 3.13
2025-06-25T02:51:42.8910367Z   CI_ARCH_LOWER: x64
2025-06-25T02:51:42.8910549Z   CI_WINDOWS: 1
2025-06-25T02:51:42.8910695Z   CI_ARCH_ENV: x64
2025-06-25T02:51:42.8910876Z   VCPKG_DEFAULT_TRIPLET: x64-windows
2025-06-25T02:51:42.8911221Z   EFFECTIVE_VCPKG_INSTALLED_DIR_BASE: D:\a\synthizer3d\synthizer3d\vcpkg_installed
2025-06-25T02:51:42.8911645Z   pythonLocation: C:\hostedtoolcache\windows\Python\3.13.3\x64
2025-06-25T02:51:42.8912030Z   PKG_CONFIG_PATH: C:\hostedtoolcache\windows\Python\3.13.3\x64/lib/pkgconfig
2025-06-25T02:51:42.8912413Z   Python_ROOT_DIR: C:\hostedtoolcache\windows\Python\3.13.3\x64
2025-06-25T02:51:42.8912767Z   Python2_ROOT_DIR: C:\hostedtoolcache\windows\Python\3.13.3\x64
2025-06-25T02:51:42.8913123Z   Python3_ROOT_DIR: C:\hostedtoolcache\windows\Python\3.13.3\x64
2025-06-25T02:51:42.8913428Z   CommandPromptType: Native
2025-06-25T02:51:42.8913759Z   DevEnvDir: C:\Program Files\Microsoft Visual Studio\2022\Enterprise\Common7\IDE\
2025-06-25T02:51:42.8914235Z   ExtensionSdkDir: C:\Program Files (x86)\Microsoft SDKs\Windows Kits\10\ExtensionSDKs
2025-06-25T02:51:42.8916234Z   EXTERNAL_INCLUDE: C:\Program Files\Microsoft Visual Studio\2022\Enterprise\VC\Tools\MSVC\14.43.34808\include;C:\Program Files\Microsoft Visual Studio\2022\Enterprise\VC\Tools\MSVC\14.43.34808\ATLMFC\include;C:\Program Files\Microsoft Visual Studio\2022\Enterprise\VC\Auxiliary\VS\include;C:\Program Files (x86)\Windows Kits\10\include\10.0.26100.0\ucrt;C:\Program Files (x86)\Windows Kits\10\\include\10.0.26100.0\\um;C:\Program Files (x86)\Windows Kits\10\\include\10.0.26100.0\\shared;C:\Program Files (x86)\Windows Kits\10\\include\10.0.26100.0\\winrt;C:\Program Files (x86)\Windows Kits\10\\include\10.0.26100.0\\cppwinrt;C:\Program Files (x86)\Windows Kits\NETFXSDK\4.8\include\um
2025-06-25T02:51:42.8918110Z   Framework40Version: v4.0
2025-06-25T02:51:42.8918359Z   FrameworkDir: C:\Windows\Microsoft.NET\Framework64\
2025-06-25T02:51:42.8918668Z   FrameworkDir64: C:\Windows\Microsoft.NET\Framework64\
2025-06-25T02:51:42.8918949Z   FrameworkVersion: v4.0.30319
2025-06-25T02:51:42.8919163Z   FrameworkVersion64: v4.0.30319
2025-06-25T02:51:42.8919803Z   FSHARPINSTALLDIR: C:\Program Files\Microsoft Visual Studio\2022\Enterprise\Common7\IDE\CommonExtensions\Microsoft\FSharp\Tools
2025-06-25T02:51:42.8920329Z   HTMLHelpDir: C:\Program Files (x86)\HTML Help Workshop
2025-06-25T02:51:42.8920757Z   IFCPATH: C:\Program Files\Microsoft Visual Studio\2022\Enterprise\VC\Tools\MSVC\14.43.34808\ifc\x64
2025-06-25T02:51:42.8924103Z   INCLUDE: C:\Program Files\Microsoft Visual Studio\2022\Enterprise\VC\Tools\MSVC\14.43.34808\include;C:\Program Files\Microsoft Visual Studio\2022\Enterprise\VC\Tools\MSVC\14.43.34808\ATLMFC\include;C:\Program Files\Microsoft Visual Studio\2022\Enterprise\VC\Auxiliary\VS\include;C:\Program Files (x86)\Windows Kits\10\include\10.0.26100.0\ucrt;C:\Program Files (x86)\Windows Kits\10\\include\10.0.26100.0\\um;C:\Program Files (x86)\Windows Kits\10\\include\10.0.26100.0\\shared;C:\Program Files (x86)\Windows Kits\10\\include\10.0.26100.0\\winrt;C:\Program Files (x86)\Windows Kits\10\\include\10.0.26100.0\\cppwinrt;C:\Program Files (x86)\Windows Kits\NETFXSDK\4.8\include\um
2025-06-25T02:51:42.8926032Z   is_x64_arch: true
2025-06-25T02:51:42.8927076Z   LIB: C:\Program Files\Microsoft Visual Studio\2022\Enterprise\VC\Tools\MSVC\14.43.34808\ATLMFC\lib\x64;C:\Program Files\Microsoft Visual Studio\2022\Enterprise\VC\Tools\MSVC\14.43.34808\lib\x64;C:\Program Files (x86)\Windows Kits\NETFXSDK\4.8\lib\um\x64;C:\Program Files (x86)\Windows Kits\10\lib\10.0.26100.0\ucrt\x64;C:\Program Files (x86)\Windows Kits\10\\lib\10.0.26100.0\\um\x64
2025-06-25T02:51:42.8929319Z   LIBPATH: C:\Program Files\Microsoft Visual Studio\2022\Enterprise\VC\Tools\MSVC\14.43.34808\ATLMFC\lib\x64;C:\Program Files\Microsoft Visual Studio\2022\Enterprise\VC\Tools\MSVC\14.43.34808\lib\x64;C:\Program Files\Microsoft Visual Studio\2022\Enterprise\VC\Tools\MSVC\14.43.34808\lib\x86\store\references;C:\Program Files (x86)\Windows Kits\10\UnionMetadata\10.0.26100.0;C:\Program Files (x86)\Windows Kits\10\References\10.0.26100.0;C:\Windows\Microsoft.NET\Framework64\v4.0.30319
2025-06-25T02:51:42.8930813Z   NETFXSDKDir: C:\Program Files (x86)\Windows Kits\NETFXSDK\4.8\
2025-06-25T02:51:42.8944902Z   Path: C:\Program Files\Microsoft Visual Studio\2022\Enterprise\VC\Tools\MSVC\14.43.34808\bin\HostX64\x64;C:\Program Files\Microsoft Visual Studio\2022\Enterprise\Common7\IDE\VC\VCPackages;C:\Program Files\Microsoft Visual Studio\2022\Enterprise\Common7\IDE\CommonExtensions\Microsoft\TestWindow;C:\Program Files\Microsoft Visual Studio\2022\Enterprise\Common7\IDE\CommonExtensions\Microsoft\TeamFoundation\Team Explorer;C:\Program Files\Microsoft Visual Studio\2022\Enterprise\MSBuild\Current\bin\Roslyn;C:\Program Files (x86)\Microsoft SDKs\Windows\v10.0A\bin\NETFX 4.8 Tools\x64\;C:\Program Files (x86)\HTML Help Workshop;C:\Program Files\Microsoft Visual Studio\2022\Enterprise\Common7\IDE\CommonExtensions\Microsoft\FSharp\Tools;C:\Program Files\Microsoft Visual Studio\2022\Enterprise\Team Tools\DiagnosticsHub\Collector;C:\Program Files\Microsoft Visual Studio\2022\Enterprise\Common7\IDE\Extensions\Microsoft\CodeCoverage.Console;C:\Program Files (x86)\Windows Kits\10\bin\10.0.26100.0\\x64;C:\Program Files (x86)\Windows Kits\10\bin\\x64;C:\Program Files\Microsoft Visual Studio\2022\Enterprise\\MSBuild\Current\Bin\amd64;C:\Windows\Microsoft.NET\Framework64\v4.0.30319;C:\Program Files\Microsoft Visual Studio\2022\Enterprise\Common7\IDE\;C:\Program Files\Microsoft Visual Studio\2022\Enterprise\Common7\Tools\;C:\Users\runneradmin\AppData\Roaming\Python\Python313\Scripts;C:\hostedtoolcache\windows\Python\3.13.3\x64\Scripts;C:\hostedtoolcache\windows\Python\3.13.3\x64;C:\Program Files\MongoDB\Server\5.0\bin;C:\aliyun-cli;C:\vcpkg;C:\Program Files (x86)\NSIS\;C:\tools\zstd;C:\Program Files\Mercurial\;C:\hostedtoolcache\windows\stack\3.5.1\x64;C:\cabal\bin;C:\\ghcup\bin;C:\mingw64\bin;C:\Program Files\dotnet;C:\Program Files\MySQL\MySQL Server 8.0\bin;C:\Program Files\R\R-4.4.2\bin\x64;C:\SeleniumWebDrivers\GeckoDriver;C:\SeleniumWebDrivers\EdgeDriver\;C:\SeleniumWebDrivers\ChromeDriver;C:\Program Files (x86)\sbt\bin;C:\Program Files (x86)\GitHub CLI;C:\Program Files\Git\bin;C:\Program Files (x86)\pipx_bin;C:\npm\prefix;C:\hostedtoolcache\windows\go\1.24.3\x64\bin;C:\hostedtoolcache\windows\Python\3.9.13\x64\Scripts;C:\hostedtoolcache\windows\Python\3.9.13\x64;C:\hostedtoolcache\windows\Ruby\3.3.8\x64\bin;C:\Program Files\OpenSSL\bin;C:\tools\kotlinc\bin;C:\hostedtoolcache\windows\Java_Temurin-Hotspot_jdk\8.0.452-9\x64\bin;C:\Program Files\ImageMagick-7.1.1-Q16-HDRI;C:\Program Files\Microsoft SDKs\Azure\CLI2\wbin;C:\ProgramData\kind;C:\ProgramData\Chocolatey\bin;C:\Windows\system32;C:\Windows;C:\Windows\System32\Wbem;C:\Windows\System32\WindowsPowerShell\v1.0\;C:\Windows\System32\OpenSSH\;C:\Program Files\dotnet\;C:\Program Files\PowerShell\7\;C:\Program Files\Microsoft\Web Platform Installer\;C:\Program Files\TortoiseSVN\bin;C:\Program Files\Microsoft SQL Server\Client SDK\ODBC\170\Tools\Binn\;C:\Program Files\Microsoft SQL Server\150\Tools\Binn\;C:\Program Files (x86)\Windows Kits\10\Windows Performance Toolkit\;C:\Program Files (x86)\WiX Toolset v3.14\bin;C:\Program Files\Microsoft SQL Server\130\DTS\Binn\;C:\Program Files\Microsoft SQL Server\140\DTS\Binn\;C:\Program Files\Microsoft SQL Server\150\DTS\Binn\;C:\Program Files\Microsoft SQL Server\160\DTS\Binn\;C:\Strawberry\c\bin;C:\Strawberry\perl\site\bin;C:\Strawberry\perl\bin;C:\ProgramData\chocolatey\lib\pulumi\tools\Pulumi\bin;C:\Program Files\CMake\bin;C:\ProgramData\chocolatey\lib\maven\apache-maven-3.9.9\bin;C:\Program Files\Microsoft Service Fabric\bin\Fabric\Fabric.Code;C:\Program Files\Microsoft SDKs\Service Fabric\Tools\ServiceFabricLocalClusterManager;C:\Program Files\nodejs\;C:\Program Files\Git\cmd;C:\Program Files\Git\mingw64\bin;C:\Program Files\Git\usr\bin;C:\Program Files\GitHub CLI\;c:\tools\php;C:\Program Files\Amazon\AWSCLIV2\;C:\Program Files\Amazon\SessionManagerPlugin\bin\;C:\Program Files\Amazon\AWSSAMCLI\bin\;C:\Program Files\Microsoft SQL Server\130\Tools\Binn\;C:\Program Files\LLVM\bin;C:\Users\runneradmin\.dotnet\tools;C:\Users\runneradmin\.cargo\bin;C:\Users\runneradmin\AppData\Local\Microsoft\WindowsApps;C:\Program Files (x86)\Microsoft Visual Studio\Installer;C:\Program Files\Microsoft Visual Studio\2022\Enterprise\VC\Tools\Llvm\x64\bin;C:\Program Files\Microsoft Visual Studio\2022\Enterprise\Common7\IDE\CommonExtensions\Microsoft\CMake\CMake\bin;C:\Program Files\Microsoft Visual Studio\2022\Enterprise\Common7\IDE\CommonExtensions\Microsoft\CMake\Ninja;C:\Program Files\Microsoft Visual Studio\2022\Enterprise\Common7\IDE\VC\Linux\bin\ConnectionManagerExe;C:\Program Files\Microsoft Visual Studio\2022\Enterprise\VC\vcpkg
2025-06-25T02:51:42.8958172Z   Platform: x64
2025-06-25T02:51:42.8958349Z   UCRTVersion: 10.0.26100.0
2025-06-25T02:51:42.8958621Z   UniversalCRTSdkDir: C:\Program Files (x86)\Windows Kits\10\
2025-06-25T02:51:42.8959076Z   VCIDEInstallDir: C:\Program Files\Microsoft Visual Studio\2022\Enterprise\Common7\IDE\VC\
2025-06-25T02:51:42.8959569Z   VCINSTALLDIR: C:\Program Files\Microsoft Visual Studio\2022\Enterprise\VC\
2025-06-25T02:51:42.8960004Z   VCPKG_ROOT: C:\Program Files\Microsoft Visual Studio\2022\Enterprise\VC\vcpkg
2025-06-25T02:51:42.8960509Z   VCToolsInstallDir: C:\Program Files\Microsoft Visual Studio\2022\Enterprise\VC\Tools\MSVC\14.43.34808\
2025-06-25T02:51:42.8961098Z   VCToolsRedistDir: C:\Program Files\Microsoft Visual Studio\2022\Enterprise\VC\Redist\MSVC\14.42.34433\
2025-06-25T02:51:42.8961509Z   VCToolsVersion: 14.43.34808
2025-06-25T02:51:42.8961716Z   VisualStudioVersion: 17.0
2025-06-25T02:51:42.8962055Z   VS170COMNTOOLS: C:\Program Files\Microsoft Visual Studio\2022\Enterprise\Common7\Tools\
2025-06-25T02:51:42.8962420Z   VSCMD_ARG_app_plat: Desktop
2025-06-25T02:51:42.8962621Z   VSCMD_ARG_HOST_ARCH: x64
2025-06-25T02:51:42.8962806Z   VSCMD_ARG_TGT_ARCH: x64
2025-06-25T02:51:42.8962989Z   VSCMD_VER: 17.13.2
2025-06-25T02:51:42.8963272Z   VSINSTALLDIR: C:\Program Files\Microsoft Visual Studio\2022\Enterprise\
2025-06-25T02:51:42.8963703Z   VSSDK150INSTALL: C:\Program Files\Microsoft Visual Studio\2022\Enterprise\VSSDK
2025-06-25T02:51:42.8964229Z   VSSDKINSTALL: C:\Program Files\Microsoft Visual Studio\2022\Enterprise\VSSDK
2025-06-25T02:51:42.8964847Z   WindowsLibPath: C:\Program Files (x86)\Windows Kits\10\UnionMetadata\10.0.26100.0;C:\Program Files (x86)\Windows Kits\10\References\10.0.26100.0
2025-06-25T02:51:42.8965432Z   WindowsSdkBinPath: C:\Program Files (x86)\Windows Kits\10\bin\
2025-06-25T02:51:42.8965773Z   WindowsSdkDir: C:\Program Files (x86)\Windows Kits\10\
2025-06-25T02:51:42.8966056Z   WindowsSDKLibVersion: 10.0.26100.0\
2025-06-25T02:51:42.8966397Z   WindowsSdkVerBinPath: C:\Program Files (x86)\Windows Kits\10\bin\10.0.26100.0\
2025-06-25T02:51:42.8966745Z   WindowsSDKVersion: 10.0.26100.0\
2025-06-25T02:51:42.8967219Z   WindowsSDK_ExecutablePath_x64: C:\Program Files (x86)\Microsoft SDKs\Windows\v10.0A\bin\NETFX 4.8 Tools\x64\
2025-06-25T02:51:42.8967820Z   WindowsSDK_ExecutablePath_x86: C:\Program Files (x86)\Microsoft SDKs\Windows\v10.0A\bin\NETFX 4.8 Tools\
2025-06-25T02:51:42.8968219Z   __DOTNET_ADD_64BIT: 1
2025-06-25T02:51:42.8968407Z   __DOTNET_PREFERRED_BITNESS: 64
2025-06-25T02:51:42.8976263Z   __VSCMD_PREINIT_PATH: C:\Users\runneradmin\AppData\Roaming\Python\Python313\Scripts;C:\hostedtoolcache\windows\Python\3.13.3\x64\Scripts;C:\hostedtoolcache\windows\Python\3.13.3\x64;C:\Program Files\MongoDB\Server\5.0\bin;C:\aliyun-cli;C:\vcpkg;C:\Program Files (x86)\NSIS\;C:\tools\zstd;C:\Program Files\Mercurial\;C:\hostedtoolcache\windows\stack\3.5.1\x64;C:\cabal\bin;C:\\ghcup\bin;C:\mingw64\bin;C:\Program Files\dotnet;C:\Program Files\MySQL\MySQL Server 8.0\bin;C:\Program Files\R\R-4.4.2\bin\x64;C:\SeleniumWebDrivers\GeckoDriver;C:\SeleniumWebDrivers\EdgeDriver\;C:\SeleniumWebDrivers\ChromeDriver;C:\Program Files (x86)\sbt\bin;C:\Program Files (x86)\GitHub CLI;C:\Program Files\Git\bin;C:\Program Files (x86)\pipx_bin;C:\npm\prefix;C:\hostedtoolcache\windows\go\1.24.3\x64\bin;C:\hostedtoolcache\windows\Python\3.9.13\x64\Scripts;C:\hostedtoolcache\windows\Python\3.9.13\x64;C:\hostedtoolcache\windows\Ruby\3.3.8\x64\bin;C:\Program Files\OpenSSL\bin;C:\tools\kotlinc\bin;C:\hostedtoolcache\windows\Java_Temurin-Hotspot_jdk\8.0.452-9\x64\bin;C:\Program Files\ImageMagick-7.1.1-Q16-HDRI;C:\Program Files\Microsoft SDKs\Azure\CLI2\wbin;C:\ProgramData\kind;C:\ProgramData\Chocolatey\bin;C:\Windows\system32;C:\Windows;C:\Windows\System32\Wbem;C:\Windows\System32\WindowsPowerShell\v1.0\;C:\Windows\System32\OpenSSH\;C:\Program Files\dotnet\;C:\Program Files\PowerShell\7\;C:\Program Files\Microsoft\Web Platform Installer\;C:\Program Files\TortoiseSVN\bin;C:\Program Files\Microsoft SQL Server\Client SDK\ODBC\170\Tools\Binn\;C:\Program Files\Microsoft SQL Server\150\Tools\Binn\;C:\Program Files (x86)\Windows Kits\10\Windows Performance Toolkit\;C:\Program Files (x86)\WiX Toolset v3.14\bin;C:\Program Files\Microsoft SQL Server\130\DTS\Binn\;C:\Program Files\Microsoft SQL Server\140\DTS\Binn\;C:\Program Files\Microsoft SQL Server\150\DTS\Binn\;C:\Program Files\Microsoft SQL Server\160\DTS\Binn\;C:\Strawberry\c\bin;C:\Strawberry\perl\site\bin;C:\Strawberry\perl\bin;C:\ProgramData\chocolatey\lib\pulumi\tools\Pulumi\bin;C:\Program Files\CMake\bin;C:\ProgramData\chocolatey\lib\maven\apache-maven-3.9.9\bin;C:\Program Files\Microsoft Service Fabric\bin\Fabric\Fabric.Code;C:\Program Files\Microsoft SDKs\Service Fabric\Tools\ServiceFabricLocalClusterManager;C:\Program Files\nodejs\;C:\Program Files\Git\cmd;C:\Program Files\Git\mingw64\bin;C:\Program Files\Git\usr\bin;C:\Program Files\GitHub CLI\;c:\tools\php;C:\Program Files (x86)\sbt\bin;C:\Program Files\Amazon\AWSCLIV2\;C:\Program Files\Amazon\SessionManagerPlugin\bin\;C:\Program Files\Amazon\AWSSAMCLI\bin\;C:\Program Files\Microsoft SQL Server\130\Tools\Binn\;C:\Program Files\LLVM\bin;C:\Users\runneradmin\.dotnet\tools;C:\Users\runneradmin\.cargo\bin;C:\Users\runneradmin\AppData\Local\Microsoft\WindowsApps;C:\Program Files (x86)\Microsoft Visual Studio\Installer
2025-06-25T02:51:42.8984267Z ##[endgroup]
2025-06-25T02:51:43.1394997Z ##[group]Prepare output directories
2025-06-25T02:51:43.1397186Z The vpckg root directory: 'D:\a\synthizer3d\synthizer3d\vcpkg'
2025-06-25T02:51:43.1434972Z ##[endgroup]
2025-06-25T02:51:43.1435573Z ⏱ elapsed: 0.004 seconds
2025-06-25T02:51:43.2910967Z Running command '"C:\Program Files\Git\bin\git.exe"' with args '^"submodule^",^"status^",^"D:\a\synthizer3d\synthizer3d\vcpkg^"' in current directory 'D:\a\synthizer3d\synthizer3d'.
2025-06-25T02:51:43.7142173Z error: pathspec 'D:\a\synthizer3d\synthizer3d\vcpkg' did not match any file(s) known to git
2025-06-25T02:51:43.7222707Z ##[group]Searching for vcpkg.json with glob expression 'vcpkg.json'
2025-06-25T02:51:43.7299565Z Found vcpkg.json at 'vcpkg.json'.
2025-06-25T02:51:43.7301883Z ##[endgroup]
2025-06-25T02:51:43.7302646Z ⏱ elapsed: 0.008 seconds
2025-06-25T02:51:43.7303390Z ##[group]The vcpkgCommitId is not provided, searching for a vcpkg-configuration.json using **/vcpkg-configuration.json
2025-06-25T02:51:43.7306839Z Searching for 'vcpkg-configuration.json' using: '**/vcpkg-configuration.json'
2025-06-25T02:51:43.7746259Z The file 'vcpkg-configuration.json' was not found with glob expression '**/vcpkg-configuration.json'.
2025-06-25T02:51:43.7747364Z A vcpkg-configuration.json is not found.
2025-06-25T02:51:43.7778246Z ##[endgroup]
2025-06-25T02:51:43.7778638Z ⏱ elapsed: 0.048 seconds
2025-06-25T02:51:43.7779608Z Found baseline '8f63c9ed5897d7367a92a442a79f91721e0fd38f', this is the Git commit id going to be used to fetch vcpkg from the repository
2025-06-25T02:51:43.7802493Z ##[group]Setup to run on GitHub Action runners
2025-06-25T02:51:43.7803530Z Set the workflow environment variable 'VCPKG_BINARY_SOURCES' to value 'clear;x-gha,readwrite'
2025-06-25T02:51:43.7805102Z Set the workflow environment variable 'ACTIONS_CACHE_URL' to value 'https://acghubeus2.actions.githubusercontent.com/bwbzopuV3oKlbowlUKWdOnf6KF0vjv7EYqCB3ZHqukKhTVgy74/'
2025-06-25T02:51:43.7846941Z Set the workflow environment variable 'ACTIONS_RUNTIME_TOKEN' to value '***'
2025-06-25T02:51:43.7847617Z ##[endgroup]
2025-06-25T02:51:43.7847982Z ⏱ elapsed: 0.002 seconds
2025-06-25T02:51:43.7848427Z ##[group]Retrieving the vcpkg Git commit id at: 'D:\a\synthizer3d\synthizer3d\vcpkg'
2025-06-25T02:51:43.9010321Z Fetching the Git commit id at 'D:\a\synthizer3d\synthizer3d\vcpkg' ...
2025-06-25T02:51:43.9014793Z Running command '"C:\Program Files\Git\bin\git.exe"' with args '^"rev-parse^",^"HEAD^"' in current directory 'D:\a\synthizer3d\synthizer3d\vcpkg'.
2025-06-25T02:51:43.9295813Z 543294d29f864b658f35215a7d9659d47e85c8c8
2025-06-25T02:51:43.9329106Z ##[endgroup]
2025-06-25T02:51:43.9330371Z ⏱ elapsed: 0.152 seconds
2025-06-25T02:51:43.9331083Z ##[group]Check whether vcpkg repository is up to date
2025-06-25T02:51:43.9332326Z Checking whether vcpkg's repository is updated to commit id '543294d29f864b658f35215a7d9659d47e85c8c8' ...
2025-06-25T02:51:43.9335153Z Current commit id of vcpkg: '543294d29f864b658f35215a7d9659d47e85c8c8'.
2025-06-25T02:51:43.9335921Z Is vcpkg repository updated? No
2025-06-25T02:51:43.9336583Z ##[endgroup]
2025-06-25T02:51:43.9337085Z ⏱ elapsed: 0.001 seconds
2025-06-25T02:51:43.9337723Z ##[group]Download vcpkg source code repository
2025-06-25T02:51:43.9338978Z Cloning vcpkg in 'D:\a\synthizer3d\synthizer3d\vcpkg'...
2025-06-25T02:51:44.0376237Z Running command '"C:\Program Files\Git\bin\git.exe"' with args '^"clone^",^"https://github.com/microsoft/vcpkg.git^",^"-n^",^".^"' in current directory 'D:\a\synthizer3d\synthizer3d\vcpkg'.
2025-06-25T02:51:44.0737589Z Cloning into '.'...
2025-06-25T02:51:54.1098368Z Running command '"C:\Program Files\Git\bin\git.exe"' with args '^"checkout^",^"--force^",^"8f63c9ed5897d7367a92a442a79f91721e0fd38f^"' in current directory 'D:\a\synthizer3d\synthizer3d\vcpkg'.
2025-06-25T02:51:56.0751693Z Note: switching to '8f63c9ed5897d7367a92a442a79f91721e0fd38f'.
2025-06-25T02:51:56.0752116Z 
2025-06-25T02:51:56.0752556Z You are in 'detached HEAD' state. You can look around, make experimental
2025-06-25T02:51:56.0753709Z changes and commit them, and you can discard any commits you make in this
2025-06-25T02:51:56.0754506Z state without impacting any branches by switching back to a branch.
2025-06-25T02:51:56.0754780Z 
2025-06-25T02:51:56.0755043Z If you want to create a new branch to retain commits you create, you may
2025-06-25T02:51:56.0755541Z do so (now or later) by using -c with the switch command. Example:
2025-06-25T02:51:56.0755775Z 
2025-06-25T02:51:56.0755944Z   git switch -c <new-branch-name>
2025-06-25T02:51:56.0756107Z 
2025-06-25T02:51:56.0756227Z Or undo this operation with:
2025-06-25T02:51:56.0756373Z 
2025-06-25T02:51:56.0756451Z   git switch -
2025-06-25T02:51:56.0756555Z 
2025-06-25T02:51:56.0758190Z Turn off this advice by setting config variable advice.detachedHead to false
2025-06-25T02:51:56.0758734Z 
2025-06-25T02:51:56.0759176Z HEAD is now at 8f63c9ed58 [tree-sitter-c] update to 0.24.1 (#45715)
2025-06-25T02:51:56.0808510Z Clone vcpkg in 'D:\a\synthizer3d\synthizer3d\vcpkg'.
2025-06-25T02:51:56.0809345Z ##[endgroup]
2025-06-25T02:51:56.0809809Z ⏱ elapsed: 12.147 seconds
2025-06-25T02:51:56.0810170Z ##[group]Build vcpkg executable
2025-06-25T02:51:56.2067608Z Running command '"C:\Windows\system32\cmd.exe"' with args '^"/c^",^"D:\a\synthizer3d\synthizer3d\vcpkg\bootstrap-vcpkg.bat^"' in current directory 'D:\a\synthizer3d\synthizer3d\vcpkg'.
2025-06-25T02:51:56.8431321Z Downloading https://github.com/microsoft/vcpkg-tool/releases/download/2025-05-19/vcpkg.exe -> D:\a\synthizer3d\synthizer3d\vcpkg\vcpkg.exe... done.
2025-06-25T02:51:57.0147798Z Validating signature... done.
2025-06-25T02:51:57.0243965Z 
2025-06-25T02:51:57.0420771Z vcpkg package management program version 2025-05-19-ece4c0f6b8fae9e94513d544c7aa753dd2c82337
2025-06-25T02:51:57.0421158Z 
2025-06-25T02:51:57.0421327Z See LICENSE.txt for license information.
2025-06-25T02:51:57.0444177Z Telemetry
2025-06-25T02:51:57.0444450Z ---------
2025-06-25T02:51:57.0445132Z vcpkg collects usage data in order to help us improve your experience.
2025-06-25T02:51:57.0446193Z The data collected by Microsoft is anonymous.
2025-06-25T02:51:57.0447101Z You can opt-out of telemetry by re-running the bootstrap-vcpkg script with -disableMetrics,
2025-06-25T02:51:57.0447975Z passing --disable-metrics to vcpkg on the command line,
2025-06-25T02:51:57.0448687Z or by setting the VCPKG_DISABLE_METRICS environment variable.
2025-06-25T02:51:57.0449062Z 
2025-06-25T02:51:57.0451478Z Read more about vcpkg telemetry at docs/about/privacy.md
2025-06-25T02:51:57.1914080Z Fetching the Git commit id at 'D:\a\synthizer3d\synthizer3d\vcpkg' ...
2025-06-25T02:51:57.1915823Z Running command '"C:\Program Files\Git\bin\git.exe"' with args '^"rev-parse^",^"HEAD^"' in current directory 'D:\a\synthizer3d\synthizer3d\vcpkg'.
2025-06-25T02:51:57.2195259Z 8f63c9ed5897d7367a92a442a79f91721e0fd38f
2025-06-25T02:51:57.2233693Z Stored last built vcpkg commit id '8f63c9ed5897d7367a92a442a79f91721e0fd38f' in file 'D:\a\synthizer3d\synthizer3d\vcpkg\vcpkgLastBuiltCommitId'.
2025-06-25T02:51:57.2234609Z ##[endgroup]
2025-06-25T02:51:57.2235075Z ⏱ elapsed: 1.142 seconds
2025-06-25T02:51:57.2235505Z ##[group]Add to PATH vcpkg at 'D:\a\synthizer3d\synthizer3d\vcpkg'
2025-06-25T02:51:57.2238239Z ##[endgroup]
2025-06-25T02:51:57.2239338Z ⏱ elapsed: 0.000 seconds
2025-06-25T02:51:57.2240750Z ##[group]Install/Update ports using vcpkg.json
2025-06-25T02:51:57.2244307Z Running 'vcpkg install,--recurse,--clean-after-build,--x-install-root,D:/a/synthizer3d/synthizer3d/969f6665-88a2-4c98-938e-ca9259871fec/vcpkg_installed,--triplet,x64-windows' in directory 'D:\a\synthizer3d\synthizer3d' ...
2025-06-25T02:51:57.2247014Z Running command '"D:\a\synthizer3d\synthizer3d\vcpkg\vcpkg.exe"' with args '^"install^",^"--recurse^",^"--clean-after-build^",^"--x-install-root^",^"D:/a/synthizer3d/synthizer3d/969f6665-88a2-4c98-938e-ca9259871fec/vcpkg_installed^",^"--triplet^",^"x64-windows^"' in current directory 'D:\a\synthizer3d\synthizer3d'.
2025-06-25T02:51:57.2420548Z warning: The vcpkg D:\a\synthizer3d\synthizer3d\vcpkg\vcpkg.exe is using detected vcpkg root D:\a\synthizer3d\synthizer3d\vcpkg and ignoring mismatched VCPKG_ROOT environment value C:\Program Files\Microsoft Visual Studio\2022\Enterprise\VC\vcpkg. To suppress this message, unset the environment variable or use the --vcpkg-root command line switch.
2025-06-25T02:51:58.7011924Z Detecting compiler hash for triplet x64-windows...
2025-06-25T02:52:06.2023082Z Compiler found: C:/Program Files/Microsoft Visual Studio/2022/Enterprise/VC/Tools/MSVC/14.43.34808/bin/Hostx64/x64/cl.exe
2025-06-25T02:52:06.2160887Z The following packages will be built and installed:
2025-06-25T02:52:06.2161465Z   * atl:x64-windows@0
2025-06-25T02:52:06.2162158Z   * atlmfc:x64-windows@0#3
2025-06-25T02:52:06.2162577Z     faad2:x64-windows@2.11.1
2025-06-25T02:52:06.2163001Z     libogg:x64-windows@1.3.5#2
2025-06-25T02:52:06.2163442Z     libvorbis:x64-windows@1.3.7#4
2025-06-25T02:52:06.2163850Z     opus:x64-windows@1.5.2
2025-06-25T02:52:06.2164321Z     opusfile:x64-windows@0.12+20221121#1
2025-06-25T02:52:06.2164798Z     soundtouch:x64-windows@2.3.3
2025-06-25T02:52:06.2165254Z   * vcpkg-cmake:x64-windows@2024-04-23
2025-06-25T02:52:06.2165767Z   * vcpkg-cmake-config:x64-windows@2024-05-23
2025-06-25T02:52:06.2166530Z Additional packages (*) will be modified to complete this operation.
2025-06-25T02:52:06.2179802Z %VCPKG_BINARY_SOURCES%: warning: The 'x-gha' binary caching backend has been removed. Consider using a NuGet-based binary caching provider instead, see extended documentation at https://learn.microsoft.com/vcpkg/users/binarycaching?WT.mc_id=vcpkg_inproduct_cli.
2025-06-25T02:52:06.2180872Z   on expression: clear;x-gha,readwrite
2025-06-25T02:52:06.2181182Z                                       ^
2025-06-25T02:52:06.2181534Z Installing 1/10 vcpkg-cmake:x64-windows@2024-04-23...
2025-06-25T02:52:06.2181899Z Building vcpkg-cmake:x64-windows@2024-04-23...
2025-06-25T02:52:06.2462308Z -- Installing: D:/a/synthizer3d/synthizer3d/vcpkg/packages/vcpkg-cmake_x64-windows/share/vcpkg-cmake/vcpkg_cmake_configure.cmake
2025-06-25T02:52:06.2476137Z -- Installing: D:/a/synthizer3d/synthizer3d/vcpkg/packages/vcpkg-cmake_x64-windows/share/vcpkg-cmake/vcpkg_cmake_build.cmake
2025-06-25T02:52:06.2477392Z -- Installing: D:/a/synthizer3d/synthizer3d/vcpkg/packages/vcpkg-cmake_x64-windows/share/vcpkg-cmake/vcpkg_cmake_install.cmake
2025-06-25T02:52:06.2490261Z -- Installing: D:/a/synthizer3d/synthizer3d/vcpkg/packages/vcpkg-cmake_x64-windows/share/vcpkg-cmake/vcpkg-port-config.cmake
2025-06-25T02:52:06.2491406Z -- Installing: D:/a/synthizer3d/synthizer3d/vcpkg/packages/vcpkg-cmake_x64-windows/share/vcpkg-cmake/copyright
2025-06-25T02:52:06.2527009Z -- Performing post-build validation
2025-06-25T02:52:06.2583287Z Elapsed time to handle vcpkg-cmake:x64-windows: 42.1 ms
2025-06-25T02:52:06.2584413Z vcpkg-cmake:x64-windows package ABI: a500b93f9e0b831ca946128005613d551eeb943040c8f073dc3184f7e15c9834
2025-06-25T02:52:06.2588831Z Installing 2/10 faad2:x64-windows@2.11.1...
2025-06-25T02:52:06.2589367Z Building faad2:x64-windows@2.11.1...
2025-06-25T02:52:06.2977510Z Downloading https://github.com/knik0/faad2/archive/2.11.1.tar.gz -> knik0-faad2-2.11.1.tar.gz
2025-06-25T02:52:06.6199599Z Successfully downloaded knik0-faad2-2.11.1.tar.gz
2025-06-25T02:52:06.6256390Z -- Extracting source D:/a/synthizer3d/synthizer3d/vcpkg/downloads/knik0-faad2-2.11.1.tar.gz
2025-06-25T02:52:06.8306675Z -- Applying patch fix-install.patch
2025-06-25T02:52:06.8523362Z -- Using source at D:/a/synthizer3d/synthizer3d/vcpkg/buildtrees/faad2/src/2.11.1-55f3ec09c2.clean
2025-06-25T02:52:06.8625166Z -- Found external ninja('1.12.1').
2025-06-25T02:52:06.8658133Z -- Configuring x64-windows
2025-06-25T02:52:10.0249779Z -- Building x64-windows-dbg
2025-06-25T02:52:15.1478255Z -- Building x64-windows-rel
2025-06-25T02:52:23.9499511Z -- Fixing pkgconfig file: D:/a/synthizer3d/synthizer3d/vcpkg/packages/faad2_x64-windows/lib/pkgconfig/faad2.pc
2025-06-25T02:52:23.9691442Z Downloading msys2-mingw-w64-x86_64-pkgconf-1~2.3.0-1-any.pkg.tar.zst, trying https://mirror.msys2.org/mingw/mingw64/mingw-w64-x86_64-pkgconf-1~2.3.0-1-any.pkg.tar.zst
2025-06-25T02:52:24.9916303Z Successfully downloaded msys2-mingw-w64-x86_64-pkgconf-1~2.3.0-1-any.pkg.tar.zst
2025-06-25T02:52:25.0038984Z Downloading msys2-msys2-runtime-3.5.4-2-x86_64.pkg.tar.zst, trying https://mirror.msys2.org/msys/x86_64/msys2-runtime-3.5.4-2-x86_64.pkg.tar.zst
2025-06-25T02:52:26.0675877Z Successfully downloaded msys2-msys2-runtime-3.5.4-2-x86_64.pkg.tar.zst
2025-06-25T02:52:26.1430296Z -- Using msys root at D:/a/synthizer3d/synthizer3d/vcpkg/downloads/tools/msys2/21caed2f81ec917b
2025-06-25T02:52:26.1524024Z -- Fixing pkgconfig file: D:/a/synthizer3d/synthizer3d/vcpkg/packages/faad2_x64-windows/debug/lib/pkgconfig/faad2.pc
2025-06-25T02:52:27.9535947Z -- Installing: D:/a/synthizer3d/synthizer3d/vcpkg/packages/faad2_x64-windows/share/faad2/copyright
2025-06-25T02:52:27.9594446Z -- Performing post-build validation
2025-06-25T02:52:27.9953866Z Elapsed time to handle faad2:x64-windows: 22 s
2025-06-25T02:52:27.9954966Z faad2:x64-windows package ABI: d0e0b3f1120c22375e89be124e74dd66dc96b0e8414e88407cf8a3d23c35740f
2025-06-25T02:52:27.9955961Z Installing 3/10 vcpkg-cmake-config:x64-windows@2024-05-23...
2025-06-25T02:52:27.9956684Z Building vcpkg-cmake-config:x64-windows@2024-05-23...
2025-06-25T02:52:28.0256019Z -- Installing: D:/a/synthizer3d/synthizer3d/vcpkg/packages/vcpkg-cmake-config_x64-windows/share/vcpkg-cmake-config/vcpkg_cmake_config_fixup.cmake
2025-06-25T02:52:28.0265340Z -- Installing: D:/a/synthizer3d/synthizer3d/vcpkg/packages/vcpkg-cmake-config_x64-windows/share/vcpkg-cmake-config/vcpkg-port-config.cmake
2025-06-25T02:52:28.0270191Z -- Installing: D:/a/synthizer3d/synthizer3d/vcpkg/packages/vcpkg-cmake-config_x64-windows/share/vcpkg-cmake-config/copyright
2025-06-25T02:52:28.0309223Z -- Skipping post-build validation due to VCPKG_POLICY_EMPTY_PACKAGE
2025-06-25T02:52:28.0338309Z Elapsed time to handle vcpkg-cmake-config:x64-windows: 38.3 ms
2025-06-25T02:52:28.0339530Z vcpkg-cmake-config:x64-windows package ABI: 842797583f0500a3cabbedf03fb083636fe11e4fd3fd19d9a475485e484445fb
2025-06-25T02:52:28.0343778Z Installing 4/10 libogg:x64-windows@1.3.5#2...
2025-06-25T02:52:28.0344222Z Building libogg:x64-windows@1.3.5#2...
2025-06-25T02:52:28.0735944Z Downloading https://gitlab.xiph.org/xiph/ogg/-/archive/v1.3.5/ogg-v1.3.5.tar.gz -> xiph-ogg-v1.3.5.tar.gz
2025-06-25T02:52:28.8330703Z Successfully downloaded xiph-ogg-v1.3.5.tar.gz
2025-06-25T02:52:28.8366613Z -- Extracting source D:/a/synthizer3d/synthizer3d/vcpkg/downloads/xiph-ogg-v1.3.5.tar.gz
2025-06-25T02:52:28.9763909Z -- Using source at D:/a/synthizer3d/synthizer3d/vcpkg/buildtrees/libogg/src/v1.3.5-1a4243fef9.clean
2025-06-25T02:52:28.9878122Z -- Found external ninja('1.12.1').
2025-06-25T02:52:28.9917885Z -- Configuring x64-windows
2025-06-25T02:52:35.1328310Z -- Building x64-windows-dbg
2025-06-25T02:52:35.4383227Z -- Building x64-windows-rel
2025-06-25T02:52:35.7546018Z -- Fixing pkgconfig file: D:/a/synthizer3d/synthizer3d/vcpkg/packages/libogg_x64-windows/lib/pkgconfig/ogg.pc
2025-06-25T02:52:35.7744730Z Downloading msys2-mingw-w64-x86_64-pkgconf-1~2.3.0-1-any.pkg.tar.zst, trying https://mirror.msys2.org/mingw/mingw64/mingw-w64-x86_64-pkgconf-1~2.3.0-1-any.pkg.tar.zst
2025-06-25T02:52:36.5135296Z Successfully downloaded msys2-mingw-w64-x86_64-pkgconf-1~2.3.0-1-any.pkg.tar.zst
2025-06-25T02:52:36.5257840Z Downloading msys2-msys2-runtime-3.5.4-2-x86_64.pkg.tar.zst, trying https://mirror.msys2.org/msys/x86_64/msys2-runtime-3.5.4-2-x86_64.pkg.tar.zst
2025-06-25T02:52:37.6291753Z Successfully downloaded msys2-msys2-runtime-3.5.4-2-x86_64.pkg.tar.zst
2025-06-25T02:52:37.6318081Z -- Using msys root at D:/a/synthizer3d/synthizer3d/vcpkg/downloads/tools/msys2/21caed2f81ec917b
2025-06-25T02:52:37.6388716Z -- Fixing pkgconfig file: D:/a/synthizer3d/synthizer3d/vcpkg/packages/libogg_x64-windows/debug/lib/pkgconfig/ogg.pc
2025-06-25T02:52:37.6457090Z -- Installing: D:/a/synthizer3d/synthizer3d/vcpkg/packages/libogg_x64-windows/share/libogg/copyright
2025-06-25T02:52:37.6512437Z -- Performing post-build validation
2025-06-25T02:52:37.6726574Z Elapsed time to handle libogg:x64-windows: 9.6 s
2025-06-25T02:52:37.6727624Z libogg:x64-windows package ABI: a0557943a3eb3893da4fede0807e4138b3f8e9736e60b3498faf762055851b8f
2025-06-25T02:52:37.6731433Z Installing 5/10 libvorbis:x64-windows@1.3.7#4...
2025-06-25T02:52:37.6732052Z Building libvorbis:x64-windows@1.3.7#4...
2025-06-25T02:52:37.7126410Z Downloading https://github.com/xiph/vorbis/archive/v1.3.7.tar.gz -> xiph-vorbis-v1.3.7.tar.gz
2025-06-25T02:52:38.0248323Z Successfully downloaded xiph-vorbis-v1.3.7.tar.gz
2025-06-25T02:52:38.0322756Z -- Extracting source D:/a/synthizer3d/synthizer3d/vcpkg/downloads/xiph-vorbis-v1.3.7.tar.gz
2025-06-25T02:52:38.2223482Z -- Applying patch 0001-Dont-export-vorbisenc-functions.patch
2025-06-25T02:52:38.2435968Z -- Applying patch 0002-Fixup-pkgconfig-libs.patch
2025-06-25T02:52:38.2627326Z -- Applying patch 0003-def-mingw-compat.patch
2025-06-25T02:52:38.2823977Z -- Applying patch 0004-ogg-find-dependency.patch
2025-06-25T02:52:38.3024142Z -- Using source at D:/a/synthizer3d/synthizer3d/vcpkg/buildtrees/libvorbis/src/v1.3.7-c32164610e.clean
2025-06-25T02:52:38.3132220Z -- Found external ninja('1.12.1').
2025-06-25T02:52:38.3165657Z -- Configuring x64-windows
2025-06-25T02:52:39.9046887Z -- Building x64-windows-dbg
2025-06-25T02:52:41.1106584Z -- Building x64-windows-rel
2025-06-25T02:52:44.0745644Z -- Fixing pkgconfig file: D:/a/synthizer3d/synthizer3d/vcpkg/packages/libvorbis_x64-windows/lib/pkgconfig/vorbis.pc
2025-06-25T02:52:44.0751568Z -- Fixing pkgconfig file: D:/a/synthizer3d/synthizer3d/vcpkg/packages/libvorbis_x64-windows/lib/pkgconfig/vorbisenc.pc
2025-06-25T02:52:44.0763193Z -- Fixing pkgconfig file: D:/a/synthizer3d/synthizer3d/vcpkg/packages/libvorbis_x64-windows/lib/pkgconfig/vorbisfile.pc
2025-06-25T02:52:44.0991866Z Downloading msys2-mingw-w64-x86_64-pkgconf-1~2.3.0-1-any.pkg.tar.zst, trying https://mirror.msys2.org/mingw/mingw64/mingw-w64-x86_64-pkgconf-1~2.3.0-1-any.pkg.tar.zst
2025-06-25T02:52:44.9114688Z Successfully downloaded msys2-mingw-w64-x86_64-pkgconf-1~2.3.0-1-any.pkg.tar.zst
2025-06-25T02:52:44.9236096Z Downloading msys2-msys2-runtime-3.5.4-2-x86_64.pkg.tar.zst, trying https://mirror.msys2.org/msys/x86_64/msys2-runtime-3.5.4-2-x86_64.pkg.tar.zst
2025-06-25T02:52:45.9476072Z Successfully downloaded msys2-msys2-runtime-3.5.4-2-x86_64.pkg.tar.zst
2025-06-25T02:52:45.9506484Z -- Using msys root at D:/a/synthizer3d/synthizer3d/vcpkg/downloads/tools/msys2/21caed2f81ec917b
2025-06-25T02:52:45.9690591Z -- Fixing pkgconfig file: D:/a/synthizer3d/synthizer3d/vcpkg/packages/libvorbis_x64-windows/debug/lib/pkgconfig/vorbis.pc
2025-06-25T02:52:45.9699860Z -- Fixing pkgconfig file: D:/a/synthizer3d/synthizer3d/vcpkg/packages/libvorbis_x64-windows/debug/lib/pkgconfig/vorbisenc.pc
2025-06-25T02:52:45.9708561Z -- Fixing pkgconfig file: D:/a/synthizer3d/synthizer3d/vcpkg/packages/libvorbis_x64-windows/debug/lib/pkgconfig/vorbisfile.pc
2025-06-25T02:52:46.0928778Z -- Installing: D:/a/synthizer3d/synthizer3d/vcpkg/packages/libvorbis_x64-windows/share/libvorbis/usage
2025-06-25T02:52:46.0940972Z -- Installing: D:/a/synthizer3d/synthizer3d/vcpkg/packages/libvorbis_x64-windows/share/libvorbis/copyright
2025-06-25T02:52:46.0990241Z -- Performing post-build validation
2025-06-25T02:52:46.1401726Z Elapsed time to handle libvorbis:x64-windows: 8.5 s
2025-06-25T02:52:46.1402822Z libvorbis:x64-windows package ABI: d90efec2c9090f56a4508a9a4435f94eb42aca93d2a98ecfbdc3a996d623c61c
2025-06-25T02:52:46.1403701Z Installing 6/10 opus:x64-windows@1.5.2...
2025-06-25T02:52:46.1407417Z Building opus:x64-windows@1.5.2...
2025-06-25T02:52:46.1801468Z Downloading https://github.com/xiph/opus/archive/v1.5.2.tar.gz -> xiph-opus-v1.5.2.tar.gz
2025-06-25T02:52:46.5345448Z Successfully downloaded xiph-opus-v1.5.2.tar.gz
2025-06-25T02:52:46.5516483Z -- Extracting source D:/a/synthizer3d/synthizer3d/vcpkg/downloads/xiph-opus-v1.5.2.tar.gz
2025-06-25T02:52:46.7994697Z -- Applying patch fix-pkgconfig-version.patch
2025-06-25T02:52:46.8214628Z -- Using source at D:/a/synthizer3d/synthizer3d/vcpkg/buildtrees/opus/src/v1.5.2-81ed242155.clean
2025-06-25T02:52:46.8333036Z -- Found external ninja('1.12.1').
2025-06-25T02:52:46.8367098Z -- Configuring x64-windows
2025-06-25T02:52:51.6573435Z -- Building x64-windows-dbg
2025-06-25T02:52:56.8161489Z -- Building x64-windows-rel
2025-06-25T02:53:04.9004228Z -- Fixing pkgconfig file: D:/a/synthizer3d/synthizer3d/vcpkg/packages/opus_x64-windows/lib/pkgconfig/opus.pc
2025-06-25T02:53:04.9202388Z Downloading msys2-mingw-w64-x86_64-pkgconf-1~2.3.0-1-any.pkg.tar.zst, trying https://mirror.msys2.org/mingw/mingw64/mingw-w64-x86_64-pkgconf-1~2.3.0-1-any.pkg.tar.zst
2025-06-25T02:53:05.6612289Z Successfully downloaded msys2-mingw-w64-x86_64-pkgconf-1~2.3.0-1-any.pkg.tar.zst
2025-06-25T02:53:05.6732772Z Downloading msys2-msys2-runtime-3.5.4-2-x86_64.pkg.tar.zst, trying https://mirror.msys2.org/msys/x86_64/msys2-runtime-3.5.4-2-x86_64.pkg.tar.zst
2025-06-25T02:53:06.6049788Z Successfully downloaded msys2-msys2-runtime-3.5.4-2-x86_64.pkg.tar.zst
2025-06-25T02:53:06.6079165Z -- Using msys root at D:/a/synthizer3d/synthizer3d/vcpkg/downloads/tools/msys2/21caed2f81ec917b
2025-06-25T02:53:06.6149421Z -- Fixing pkgconfig file: D:/a/synthizer3d/synthizer3d/vcpkg/packages/opus_x64-windows/debug/lib/pkgconfig/opus.pc
2025-06-25T02:53:06.6220345Z -- Installing: D:/a/synthizer3d/synthizer3d/vcpkg/packages/opus_x64-windows/share/opus/copyright
2025-06-25T02:53:06.6276698Z -- Performing post-build validation
2025-06-25T02:53:06.6913709Z Elapsed time to handle opus:x64-windows: 21 s
2025-06-25T02:53:06.6914770Z opus:x64-windows package ABI: 85472ea35b34b5b2cb87ab8fa93a3b878862ba2c74d619b262819f1046f3d06f
2025-06-25T02:53:06.6915696Z Installing 7/10 opusfile:x64-windows@0.12+20221121#1...
2025-06-25T02:53:06.6917641Z Building opusfile:x64-windows@0.12+20221121#1...
2025-06-25T02:53:06.7225689Z -- Note: opusfile only supports static library linkage. Building static library.
2025-06-25T02:53:06.7318027Z Downloading https://github.com/xiph/opusfile/archive/9d718345ce03b2fad5d7d28e0bcd1cc69ab2b166.tar.gz -> xiph-opusfile-9d718345ce03b2fad5d7d28e0bcd1cc69ab2b166.tar.gz
2025-06-25T02:53:07.0227572Z Successfully downloaded xiph-opusfile-9d718345ce03b2fad5d7d28e0bcd1cc69ab2b166.tar.gz
2025-06-25T02:53:07.0260782Z -- Extracting source D:/a/synthizer3d/synthizer3d/vcpkg/downloads/xiph-opusfile-9d718345ce03b2fad5d7d28e0bcd1cc69ab2b166.tar.gz
2025-06-25T02:53:07.1632419Z -- Using source at D:/a/synthizer3d/synthizer3d/vcpkg/buildtrees/opusfile/src/c69ab2b166-6cc7de23ec.clean
2025-06-25T02:53:07.1755670Z -- Found external ninja('1.12.1').
2025-06-25T02:53:07.1794915Z -- Configuring x64-windows
2025-06-25T02:53:08.4003414Z -- Building x64-windows-dbg
2025-06-25T02:53:08.6567401Z -- Building x64-windows-rel
2025-06-25T02:53:09.1548793Z -- Fixing pkgconfig file: D:/a/synthizer3d/synthizer3d/vcpkg/packages/opusfile_x64-windows/lib/pkgconfig/opusfile.pc
2025-06-25T02:53:09.1749168Z Downloading msys2-mingw-w64-x86_64-pkgconf-1~2.3.0-1-any.pkg.tar.zst, trying https://mirror.msys2.org/mingw/mingw64/mingw-w64-x86_64-pkgconf-1~2.3.0-1-any.pkg.tar.zst
2025-06-25T02:53:09.9323114Z Successfully downloaded msys2-mingw-w64-x86_64-pkgconf-1~2.3.0-1-any.pkg.tar.zst
2025-06-25T02:53:09.9443544Z Downloading msys2-msys2-runtime-3.5.4-2-x86_64.pkg.tar.zst, trying https://mirror.msys2.org/msys/x86_64/msys2-runtime-3.5.4-2-x86_64.pkg.tar.zst
2025-06-25T02:53:10.8938527Z Successfully downloaded msys2-msys2-runtime-3.5.4-2-x86_64.pkg.tar.zst
2025-06-25T02:53:10.8964922Z -- Using msys root at D:/a/synthizer3d/synthizer3d/vcpkg/downloads/tools/msys2/21caed2f81ec917b
2025-06-25T02:53:10.9038089Z -- Fixing pkgconfig file: D:/a/synthizer3d/synthizer3d/vcpkg/packages/opusfile_x64-windows/debug/lib/pkgconfig/opusfile.pc
2025-06-25T02:53:10.9134733Z -- Installing: D:/a/synthizer3d/synthizer3d/vcpkg/packages/opusfile_x64-windows/share/opusfile/copyright
2025-06-25T02:53:10.9141599Z -- Installing: D:/a/synthizer3d/synthizer3d/vcpkg/packages/opusfile_x64-windows/share/opusfile/usage
2025-06-25T02:53:10.9197174Z -- Performing post-build validation
2025-06-25T02:53:10.9354870Z Elapsed time to handle opusfile:x64-windows: 4.2 s
2025-06-25T02:53:10.9356535Z opusfile:x64-windows package ABI: 393a65d651c7a2ecd7aa3929806afcb2252d03470cf3ab96d0a5a178ff8ac0ea
2025-06-25T02:53:10.9357803Z Installing 8/10 atl:x64-windows@0...
2025-06-25T02:53:10.9360722Z Building atl:x64-windows@0...
2025-06-25T02:53:10.9707127Z -- Skipping post-build validation due to VCPKG_POLICY_EMPTY_PACKAGE
2025-06-25T02:53:10.9734576Z Elapsed time to handle atl:x64-windows: 37.9 ms
2025-06-25T02:53:10.9736171Z atl:x64-windows package ABI: 00c2ec0d92501baf73b36832a4cf6267281ce78714eab01bcc631fe906883872
2025-06-25T02:53:10.9739700Z Installing 9/10 atlmfc:x64-windows@0#3...
2025-06-25T02:53:10.9740250Z Building atlmfc:x64-windows@0#3...
2025-06-25T02:53:11.0128215Z -- Skipping post-build validation due to VCPKG_POLICY_EMPTY_PACKAGE
2025-06-25T02:53:11.0156128Z Elapsed time to handle atlmfc:x64-windows: 42.2 ms
2025-06-25T02:53:11.0157173Z atlmfc:x64-windows package ABI: eb110e8ab4abe86fa37c7f0085ad4fc46ce18802f978ea90d75ed1f56bb72837
2025-06-25T02:53:11.0158015Z Installing 10/10 soundtouch:x64-windows@2.3.3...
2025-06-25T02:53:11.0160522Z Building soundtouch:x64-windows@2.3.3...
2025-06-25T02:53:11.0548902Z Downloading https://codeberg.org/soundtouch/soundtouch/archive/2.3.3.tar.gz -> soundtouch-soundtouch-2.3.3.tar.gz
2025-06-25T02:53:12.1468690Z Successfully downloaded soundtouch-soundtouch-2.3.3.tar.gz
2025-06-25T02:53:12.1519400Z -- Extracting source D:/a/synthizer3d/synthizer3d/vcpkg/downloads/soundtouch-soundtouch-2.3.3.tar.gz
2025-06-25T02:53:12.2926819Z -- Using source at D:/a/synthizer3d/synthizer3d/vcpkg/buildtrees/soundtouch/src/2.3.3-309213044d.clean
2025-06-25T02:53:12.3040167Z -- Found external ninja('1.12.1').
2025-06-25T02:53:12.3078027Z -- Configuring x64-windows
2025-06-25T02:53:13.7953437Z -- Building x64-windows-dbg
2025-06-25T02:53:16.2027939Z -- Building x64-windows-rel
2025-06-25T02:53:18.4747222Z -- Fixing pkgconfig file: D:/a/synthizer3d/synthizer3d/vcpkg/packages/soundtouch_x64-windows/lib/pkgconfig/soundtouch.pc
2025-06-25T02:53:18.4940369Z Downloading msys2-mingw-w64-x86_64-pkgconf-1~2.3.0-1-any.pkg.tar.zst, trying https://mirror.msys2.org/mingw/mingw64/mingw-w64-x86_64-pkgconf-1~2.3.0-1-any.pkg.tar.zst
2025-06-25T02:53:19.2397027Z Successfully downloaded msys2-mingw-w64-x86_64-pkgconf-1~2.3.0-1-any.pkg.tar.zst
2025-06-25T02:53:19.2525267Z Downloading msys2-msys2-runtime-3.5.4-2-x86_64.pkg.tar.zst, trying https://mirror.msys2.org/msys/x86_64/msys2-runtime-3.5.4-2-x86_64.pkg.tar.zst
2025-06-25T02:53:20.2162665Z Successfully downloaded msys2-msys2-runtime-3.5.4-2-x86_64.pkg.tar.zst
2025-06-25T02:53:20.2190085Z -- Using msys root at D:/a/synthizer3d/synthizer3d/vcpkg/downloads/tools/msys2/21caed2f81ec917b
2025-06-25T02:53:20.2260151Z -- Fixing pkgconfig file: D:/a/synthizer3d/synthizer3d/vcpkg/packages/soundtouch_x64-windows/debug/lib/pkgconfig/soundtouch.pc
2025-06-25T02:53:20.2717294Z -- Installing: D:/a/synthizer3d/synthizer3d/vcpkg/packages/soundtouch_x64-windows/share/soundtouch/copyright
2025-06-25T02:53:20.2778037Z -- Performing post-build validation
2025-06-25T02:53:20.3050948Z Elapsed time to handle soundtouch:x64-windows: 9.3 s
2025-06-25T02:53:20.3051785Z soundtouch:x64-windows package ABI: cba299c175d42d095d98a381b7b4aa62179cb526de49043c0d1fb0751d841aaf
2025-06-25T02:53:20.3070515Z faad2 provides pkg-config modules:
2025-06-25T02:53:20.3070848Z 
2025-06-25T02:53:20.3071178Z   # Freeware Advanced Audio (AAC) Decoder
2025-06-25T02:53:20.3071595Z   faad2
2025-06-25T02:53:20.3071762Z 
2025-06-25T02:53:20.3075786Z libogg provides CMake targets:
2025-06-25T02:53:20.3076105Z 
2025-06-25T02:53:20.3076486Z   # this is heuristically generated, and may not be correct
2025-06-25T02:53:20.3077361Z   find_package(Ogg CONFIG REQUIRED)
2025-06-25T02:53:20.3077940Z   target_link_libraries(main PRIVATE Ogg::ogg)
2025-06-25T02:53:20.3078670Z 
2025-06-25T02:53:20.3079016Z libogg provides pkg-config modules:
2025-06-25T02:53:20.3079372Z 
2025-06-25T02:53:20.3079755Z   # ogg is a library for manipulating ogg bitstreams
2025-06-25T02:53:20.3080915Z   ogg
2025-06-25T02:53:20.3081177Z 
2025-06-25T02:53:20.3081510Z The package libvorbis provides CMake targets:
2025-06-25T02:53:20.3081907Z 
2025-06-25T02:53:20.3082226Z     # Vorbis reference encoder and decoder, low-level API
2025-06-25T02:53:20.3082796Z     find_package(Vorbis CONFIG REQUIRED)
2025-06-25T02:53:20.3084013Z     target_link_libraries(main PRIVATE Vorbis::vorbis)
2025-06-25T02:53:20.3084681Z 
2025-06-25T02:53:20.3085107Z     # Audio stream decoding and basic manipulation, high-level API
2025-06-25T02:53:20.3085865Z     find_package(Vorbis CONFIG REQUIRED)
2025-06-25T02:53:20.3086809Z     target_link_libraries(main PRIVATE Vorbis::vorbisfile)
2025-06-25T02:53:20.3087238Z 
2025-06-25T02:53:20.3087669Z     # Convenience API for setting up an encoding environment
2025-06-25T02:53:20.3088361Z     find_package(Vorbis CONFIG REQUIRED)
2025-06-25T02:53:20.3089061Z     target_link_libraries(main PRIVATE Vorbis::vorbisenc)
2025-06-25T02:53:20.3089422Z 
2025-06-25T02:53:20.3089699Z opus provides CMake targets:
2025-06-25T02:53:20.3089969Z 
2025-06-25T02:53:20.3090377Z   # this is heuristically generated, and may not be correct
2025-06-25T02:53:20.3091059Z   find_package(Opus CONFIG REQUIRED)
2025-06-25T02:53:20.3091901Z   target_link_libraries(main PRIVATE Opus::opus)
2025-06-25T02:53:20.3092328Z 
2025-06-25T02:53:20.3092611Z opus provides pkg-config modules:
2025-06-25T02:53:20.3092922Z 
2025-06-25T02:53:20.3108860Z   # Opus IETF audio codec ( build)
2025-06-25T02:53:20.3109291Z   opus
2025-06-25T02:53:20.3109459Z 
2025-06-25T02:53:20.3109751Z The package opusfile provides CMake targets:
2025-06-25T02:53:20.3110097Z 
2025-06-25T02:53:20.3110348Z     find_package(OpusFile CONFIG REQUIRED)
2025-06-25T02:53:20.3110934Z     target_link_libraries(main PRIVATE OpusFile::opusfile)
2025-06-25T02:53:20.3111338Z 
2025-06-25T02:53:20.3111528Z     # To use the opusurl API
2025-06-25T02:53:20.3112102Z     target_link_libraries(main PRIVATE OpusFile::opusurl)
2025-06-25T02:53:20.3113104Z 
2025-06-25T02:53:20.3113664Z soundtouch provides CMake targets:
2025-06-25T02:53:20.3113960Z 
2025-06-25T02:53:20.3114298Z   # this is heuristically generated, and may not be correct
2025-06-25T02:53:20.3114902Z   find_package(SoundTouch CONFIG REQUIRED)
2025-06-25T02:53:20.3115600Z   target_link_libraries(main PRIVATE SoundTouch::SoundTouch)
2025-06-25T02:53:20.3116015Z 
2025-06-25T02:53:20.3116238Z soundtouch provides pkg-config modules:
2025-06-25T02:53:20.3116506Z 
2025-06-25T02:53:20.3117378Z   # SoundTouch is an open-source audio processing library for changing the Tempo, Pitch and Playback Rates of audio streams or files
2025-06-25T02:53:20.3118306Z   soundtouch
2025-06-25T02:53:20.3118477Z 
2025-06-25T02:53:20.3118875Z All requested installations completed successfully in: 1.2 min
2025-06-25T02:53:20.3123187Z ##[endgroup]
2025-06-25T02:53:20.3123877Z ⏱ elapsed: 83.089 seconds
2025-06-25T02:53:20.3124484Z ##[group]Set output environment variables
2025-06-25T02:53:20.3126634Z Set the workflow environment variable 'RUNVCPKG_VCPKG_ROOT' to value 'D:\a\synthizer3d\synthizer3d\vcpkg'
2025-06-25T02:53:20.3131663Z Set the workflow environment variable 'VCPKG_ROOT' to value 'D:\a\synthizer3d\synthizer3d\vcpkg'
2025-06-25T02:53:20.3135110Z Set the step output variable 'RUNVCPKG_VCPKG_ROOT_OUT' to value 'D:\a\synthizer3d\synthizer3d\vcpkg''
2025-06-25T02:53:20.3139184Z Set the workflow environment variable 'VCPKG_DEFAULT_TRIPLET' to value 'x64-windows'
2025-06-25T02:53:20.3142353Z Set the step output variable 'RUNVCPKG_VCPKG_DEFAULT_TRIPLET_OUT' to value 'x64-windows''
2025-06-25T02:53:20.3145334Z ##[endgroup]
2025-06-25T02:53:20.3146870Z ⏱ elapsed: 0.002 seconds
2025-06-25T02:53:20.3149975Z run-vcpkg action execution succeeded
2025-06-25T02:53:20.3343676Z ##[group]Run Write-Host "VCPKG_ROOT (tool directory from lukka/run-vcpkg) is $env:VCPKG_ROOT"
2025-06-25T02:53:20.3344368Z [36;1mWrite-Host "VCPKG_ROOT (tool directory from lukka/run-vcpkg) is $env:VCPKG_ROOT"[0m
2025-06-25T02:53:20.3344855Z [36;1mWrite-Host "VCPKG_DEFAULT_TRIPLET is $env:VCPKG_DEFAULT_TRIPLET"[0m
2025-06-25T02:53:20.3345253Z [36;1mWrite-Host "GITHUB_WORKSPACE is $env:GITHUB_WORKSPACE"[0m
2025-06-25T02:53:20.3345864Z [36;1mWrite-Host "Initial EFFECTIVE_VCPKG_INSTALLED_DIR_BASE (from job env, target for manifest install) is $env:EFFECTIVE_VCPKG_INSTALLED_DIR_BASE"[0m
2025-06-25T02:53:20.3346387Z [36;1m[0m
2025-06-25T02:53:20.3346554Z [36;1mif (-not $env:VCPKG_ROOT) {[0m
2025-06-25T02:53:20.3346929Z [36;1m  Write-Error "VCPKG_ROOT not set. This should be set by the lukka/run-vcpkg action."[0m
2025-06-25T02:53:20.3347295Z [36;1m  exit 1[0m
2025-06-25T02:53:20.3347457Z [36;1m}[0m
2025-06-25T02:53:20.3347596Z [36;1m[0m
2025-06-25T02:53:20.3347897Z [36;1m# Esegui vcpkg install. Se vcpkg.json è in $env:GITHUB_WORKSPACE (CWD),[0m
2025-06-25T02:53:20.3348408Z [36;1m# installerà in $env:GITHUB_WORKSPACE/vcpkg_installed/$env:VCPKG_DEFAULT_TRIPLET[0m
2025-06-25T02:53:20.3348975Z [36;1m# che corrisponde a $env:EFFECTIVE_VCPKG_INSTALLED_DIR_BASE/$env:VCPKG_DEFAULT_TRIPLET[0m
2025-06-25T02:53:20.3349516Z [36;1m# La CurrentWorkingDirectory per gli script eseguiti da 'run:' è $GITHUB_WORKSPACE.[0m
2025-06-25T02:53:20.3350005Z [36;1m& "$env:VCPKG_ROOT\vcpkg.exe" install --triplet $env:VCPKG_DEFAULT_TRIPLET[0m
2025-06-25T02:53:20.3350378Z [36;1mWrite-Host "Finished vcpkg install command."[0m
2025-06-25T02:53:20.3350633Z [36;1m[0m
2025-06-25T02:53:20.3350947Z [36;1m# CMAKE_PREFIX_PATH deve puntare a dove vcpkg ha effettivamente installato i pacchetti.[0m
2025-06-25T02:53:20.3351508Z [36;1m# Con la modalità manifest, questo è $env:EFFECTIVE_VCPKG_INSTALLED_DIR_BASE/$env:VCPKG_DEFAULT_TRIPLET.[0m
2025-06-25T02:53:20.3352156Z [36;1m$cmakePrefixPathValue = Join-Path $env:EFFECTIVE_VCPKG_INSTALLED_DIR_BASE $env:VCPKG_DEFAULT_TRIPLET[0m
2025-06-25T02:53:20.3352573Z [36;1m[0m
2025-06-25T02:53:20.3352871Z [36;1mWrite-Host "Verifying existence of target CMAKE_PREFIX_PATH: $cmakePrefixPathValue"[0m
2025-06-25T02:53:20.3353343Z [36;1mif (-not (Test-Path $cmakePrefixPathValue -PathType Container)) {[0m
2025-06-25T02:53:20.3353943Z [36;1m  Write-Warning "ATTENZIONE: La directory $cmakePrefixPathValue (target per CMAKE_PREFIX_PATH) NON esiste dopo vcpkg install."[0m
2025-06-25T02:53:20.3354623Z [36;1m  Write-Warning "Questo indica che vcpkg non ha installato nella posizione manifest attesa."[0m
2025-06-25T02:53:20.3355140Z [36;1m  Write-Warning "Contenuto di $env:EFFECTIVE_VCPKG_INSTALLED_DIR_BASE per debug:"[0m
2025-06-25T02:53:20.3355930Z [36;1m  Get-ChildItem -Path $env:EFFECTIVE_VCPKG_INSTALLED_DIR_BASE -ErrorAction SilentlyContinue -Depth 1 || Write-Warning "$env:EFFECTIVE_VCPKG_INSTALLED_DIR_BASE non esiste o è vuoto."[0m
2025-06-25T02:53:20.3356585Z [36;1m  [0m
2025-06-25T02:53:20.3356863Z [36;1m  # Fallback per debug: controlla la directory di installazione classica di vcpkg[0m
2025-06-25T02:53:20.3357427Z [36;1m  $classicVcpkgInstalledPath = Join-Path (Join-Path $env:VCPKG_ROOT "installed") $env:VCPKG_DEFAULT_TRIPLET[0m
2025-06-25T02:53:20.3358094Z [36;1m  Write-Warning "Controllo del percorso di installazione classico di vcpkg per debug: $classicVcpkgInstalledPath"[0m
2025-06-25T02:53:20.3358644Z [36;1m  if(Test-Path $classicVcpkgInstalledPath -PathType Container){[0m
2025-06-25T02:53:20.3359285Z [36;1m      Write-Warning "Il percorso classico $classicVcpkgInstalledPath ESISTE. Questo è fonte di confusione se era prevista la modalità manifest."[0m
2025-06-25T02:53:20.3359821Z [36;1m  } else {[0m
2025-06-25T02:53:20.3360132Z [36;1m      Write-Warning "Anche il percorso classico $classicVcpkgInstalledPath NON esiste."[0m
2025-06-25T02:53:20.3360641Z [36;1m  }[0m
2025-06-25T02:53:20.3362092Z [36;1m} else {[0m
2025-06-25T02:53:20.3362519Z [36;1m  Write-Host "Confermato: La directory target per CMAKE_PREFIX_PATH esiste: $cmakePrefixPathValue"[0m
2025-06-25T02:53:20.3362934Z [36;1m}[0m
2025-06-25T02:53:20.3363078Z [36;1m[0m
2025-06-25T02:53:20.3363471Z [36;1mecho "CMAKE_PREFIX_PATH=$cmakePrefixPathValue" | Out-File -FilePath $env:GITHUB_ENV -Encoding utf8 -Append[0m
2025-06-25T02:53:20.3364024Z [36;1mWrite-Host "CMAKE_PREFIX_PATH impostato a $cmakePrefixPathValue"[0m
2025-06-25T02:53:20.3364584Z [36;1m# EFFECTIVE_VCPKG_INSTALLED_DIR_BASE è già corretto dall'env del job, non serve aggiornarlo di nuovo in GITHUB_ENV[0m
2025-06-25T02:53:20.3365107Z [36;1m# se la nostra assunzione sulla modalità manifest è corretta.[0m
2025-06-25T02:53:20.3397926Z shell: C:\Program Files\PowerShell\7\pwsh.EXE -command ". '{0}'"
2025-06-25T02:53:20.3398236Z env:
2025-06-25T02:53:20.3398402Z   PYVERSION: 3.13
2025-06-25T02:53:20.3398572Z   CI_ARCH_LOWER: x64
2025-06-25T02:53:20.3398743Z   CI_WINDOWS: 1
2025-06-25T02:53:20.3398897Z   CI_ARCH_ENV: x64
2025-06-25T02:53:20.3399069Z   VCPKG_DEFAULT_TRIPLET: x64-windows
2025-06-25T02:53:20.3399422Z   EFFECTIVE_VCPKG_INSTALLED_DIR_BASE: D:\a\synthizer3d\synthizer3d\vcpkg_installed
2025-06-25T02:53:20.3399847Z   pythonLocation: C:\hostedtoolcache\windows\Python\3.13.3\x64
2025-06-25T02:53:20.3400232Z   PKG_CONFIG_PATH: C:\hostedtoolcache\windows\Python\3.13.3\x64/lib/pkgconfig
2025-06-25T02:53:20.3400626Z   Python_ROOT_DIR: C:\hostedtoolcache\windows\Python\3.13.3\x64
2025-06-25T02:53:20.3400971Z   Python2_ROOT_DIR: C:\hostedtoolcache\windows\Python\3.13.3\x64
2025-06-25T02:53:20.3401315Z   Python3_ROOT_DIR: C:\hostedtoolcache\windows\Python\3.13.3\x64
2025-06-25T02:53:20.3401596Z   CommandPromptType: Native
2025-06-25T02:53:20.3401913Z   DevEnvDir: C:\Program Files\Microsoft Visual Studio\2022\Enterprise\Common7\IDE\
2025-06-25T02:53:20.3402380Z   ExtensionSdkDir: C:\Program Files (x86)\Microsoft SDKs\Windows Kits\10\ExtensionSDKs
2025-06-25T02:53:20.3404373Z   EXTERNAL_INCLUDE: C:\Program Files\Microsoft Visual Studio\2022\Enterprise\VC\Tools\MSVC\14.43.34808\include;C:\Program Files\Microsoft Visual Studio\2022\Enterprise\VC\Tools\MSVC\14.43.34808\ATLMFC\include;C:\Program Files\Microsoft Visual Studio\2022\Enterprise\VC\Auxiliary\VS\include;C:\Program Files (x86)\Windows Kits\10\include\10.0.26100.0\ucrt;C:\Program Files (x86)\Windows Kits\10\\include\10.0.26100.0\\um;C:\Program Files (x86)\Windows Kits\10\\include\10.0.26100.0\\shared;C:\Program Files (x86)\Windows Kits\10\\include\10.0.26100.0\\winrt;C:\Program Files (x86)\Windows Kits\10\\include\10.0.26100.0\\cppwinrt;C:\Program Files (x86)\Windows Kits\NETFXSDK\4.8\include\um
2025-06-25T02:53:20.3406244Z   Framework40Version: v4.0
2025-06-25T02:53:20.3406510Z   FrameworkDir: C:\Windows\Microsoft.NET\Framework64\
2025-06-25T02:53:20.3406816Z   FrameworkDir64: C:\Windows\Microsoft.NET\Framework64\
2025-06-25T02:53:20.3407078Z   FrameworkVersion: v4.0.30319
2025-06-25T02:53:20.3407287Z   FrameworkVersion64: v4.0.30319
2025-06-25T02:53:20.3407755Z   FSHARPINSTALLDIR: C:\Program Files\Microsoft Visual Studio\2022\Enterprise\Common7\IDE\CommonExtensions\Microsoft\FSharp\Tools
2025-06-25T02:53:20.3408281Z   HTMLHelpDir: C:\Program Files (x86)\HTML Help Workshop
2025-06-25T02:53:20.3408708Z   IFCPATH: C:\Program Files\Microsoft Visual Studio\2022\Enterprise\VC\Tools\MSVC\14.43.34808\ifc\x64
2025-06-25T02:53:20.3411306Z   INCLUDE: C:\Program Files\Microsoft Visual Studio\2022\Enterprise\VC\Tools\MSVC\14.43.34808\include;C:\Program Files\Microsoft Visual Studio\2022\Enterprise\VC\Tools\MSVC\14.43.34808\ATLMFC\include;C:\Program Files\Microsoft Visual Studio\2022\Enterprise\VC\Auxiliary\VS\include;C:\Program Files (x86)\Windows Kits\10\include\10.0.26100.0\ucrt;C:\Program Files (x86)\Windows Kits\10\\include\10.0.26100.0\\um;C:\Program Files (x86)\Windows Kits\10\\include\10.0.26100.0\\shared;C:\Program Files (x86)\Windows Kits\10\\include\10.0.26100.0\\winrt;C:\Program Files (x86)\Windows Kits\10\\include\10.0.26100.0\\cppwinrt;C:\Program Files (x86)\Windows Kits\NETFXSDK\4.8\include\um
2025-06-25T02:53:20.3413320Z   is_x64_arch: true
2025-06-25T02:53:20.3414370Z   LIB: C:\Program Files\Microsoft Visual Studio\2022\Enterprise\VC\Tools\MSVC\14.43.34808\ATLMFC\lib\x64;C:\Program Files\Microsoft Visual Studio\2022\Enterprise\VC\Tools\MSVC\14.43.34808\lib\x64;C:\Program Files (x86)\Windows Kits\NETFXSDK\4.8\lib\um\x64;C:\Program Files (x86)\Windows Kits\10\lib\10.0.26100.0\ucrt\x64;C:\Program Files (x86)\Windows Kits\10\\lib\10.0.26100.0\\um\x64
2025-06-25T02:53:20.3416617Z   LIBPATH: C:\Program Files\Microsoft Visual Studio\2022\Enterprise\VC\Tools\MSVC\14.43.34808\ATLMFC\lib\x64;C:\Program Files\Microsoft Visual Studio\2022\Enterprise\VC\Tools\MSVC\14.43.34808\lib\x64;C:\Program Files\Microsoft Visual Studio\2022\Enterprise\VC\Tools\MSVC\14.43.34808\lib\x86\store\references;C:\Program Files (x86)\Windows Kits\10\UnionMetadata\10.0.26100.0;C:\Program Files (x86)\Windows Kits\10\References\10.0.26100.0;C:\Windows\Microsoft.NET\Framework64\v4.0.30319
2025-06-25T02:53:20.3418058Z   NETFXSDKDir: C:\Program Files (x86)\Windows Kits\NETFXSDK\4.8\
2025-06-25T02:53:20.3431027Z   Path: C:\Program Files\Microsoft Visual Studio\2022\Enterprise\VC\Tools\MSVC\14.43.34808\bin\HostX64\x64;C:\Program Files\Microsoft Visual Studio\2022\Enterprise\Common7\IDE\VC\VCPackages;C:\Program Files\Microsoft Visual Studio\2022\Enterprise\Common7\IDE\CommonExtensions\Microsoft\TestWindow;C:\Program Files\Microsoft Visual Studio\2022\Enterprise\Common7\IDE\CommonExtensions\Microsoft\TeamFoundation\Team Explorer;C:\Program Files\Microsoft Visual Studio\2022\Enterprise\MSBuild\Current\bin\Roslyn;C:\Program Files (x86)\Microsoft SDKs\Windows\v10.0A\bin\NETFX 4.8 Tools\x64\;C:\Program Files (x86)\HTML Help Workshop;C:\Program Files\Microsoft Visual Studio\2022\Enterprise\Common7\IDE\CommonExtensions\Microsoft\FSharp\Tools;C:\Program Files\Microsoft Visual Studio\2022\Enterprise\Team Tools\DiagnosticsHub\Collector;C:\Program Files\Microsoft Visual Studio\2022\Enterprise\Common7\IDE\Extensions\Microsoft\CodeCoverage.Console;C:\Program Files (x86)\Windows Kits\10\bin\10.0.26100.0\\x64;C:\Program Files (x86)\Windows Kits\10\bin\\x64;C:\Program Files\Microsoft Visual Studio\2022\Enterprise\\MSBuild\Current\Bin\amd64;C:\Windows\Microsoft.NET\Framework64\v4.0.30319;C:\Program Files\Microsoft Visual Studio\2022\Enterprise\Common7\IDE\;C:\Program Files\Microsoft Visual Studio\2022\Enterprise\Common7\Tools\;C:\Users\runneradmin\AppData\Roaming\Python\Python313\Scripts;C:\hostedtoolcache\windows\Python\3.13.3\x64\Scripts;C:\hostedtoolcache\windows\Python\3.13.3\x64;C:\Program Files\MongoDB\Server\5.0\bin;C:\aliyun-cli;C:\vcpkg;C:\Program Files (x86)\NSIS\;C:\tools\zstd;C:\Program Files\Mercurial\;C:\hostedtoolcache\windows\stack\3.5.1\x64;C:\cabal\bin;C:\\ghcup\bin;C:\mingw64\bin;C:\Program Files\dotnet;C:\Program Files\MySQL\MySQL Server 8.0\bin;C:\Program Files\R\R-4.4.2\bin\x64;C:\SeleniumWebDrivers\GeckoDriver;C:\SeleniumWebDrivers\EdgeDriver\;C:\SeleniumWebDrivers\ChromeDriver;C:\Program Files (x86)\sbt\bin;C:\Program Files (x86)\GitHub CLI;C:\Program Files\Git\bin;C:\Program Files (x86)\pipx_bin;C:\npm\prefix;C:\hostedtoolcache\windows\go\1.24.3\x64\bin;C:\hostedtoolcache\windows\Python\3.9.13\x64\Scripts;C:\hostedtoolcache\windows\Python\3.9.13\x64;C:\hostedtoolcache\windows\Ruby\3.3.8\x64\bin;C:\Program Files\OpenSSL\bin;C:\tools\kotlinc\bin;C:\hostedtoolcache\windows\Java_Temurin-Hotspot_jdk\8.0.452-9\x64\bin;C:\Program Files\ImageMagick-7.1.1-Q16-HDRI;C:\Program Files\Microsoft SDKs\Azure\CLI2\wbin;C:\ProgramData\kind;C:\ProgramData\Chocolatey\bin;C:\Windows\system32;C:\Windows;C:\Windows\System32\Wbem;C:\Windows\System32\WindowsPowerShell\v1.0\;C:\Windows\System32\OpenSSH\;C:\Program Files\dotnet\;C:\Program Files\PowerShell\7\;C:\Program Files\Microsoft\Web Platform Installer\;C:\Program Files\TortoiseSVN\bin;C:\Program Files\Microsoft SQL Server\Client SDK\ODBC\170\Tools\Binn\;C:\Program Files\Microsoft SQL Server\150\Tools\Binn\;C:\Program Files (x86)\Windows Kits\10\Windows Performance Toolkit\;C:\Program Files (x86)\WiX Toolset v3.14\bin;C:\Program Files\Microsoft SQL Server\130\DTS\Binn\;C:\Program Files\Microsoft SQL Server\140\DTS\Binn\;C:\Program Files\Microsoft SQL Server\150\DTS\Binn\;C:\Program Files\Microsoft SQL Server\160\DTS\Binn\;C:\Strawberry\c\bin;C:\Strawberry\perl\site\bin;C:\Strawberry\perl\bin;C:\ProgramData\chocolatey\lib\pulumi\tools\Pulumi\bin;C:\Program Files\CMake\bin;C:\ProgramData\chocolatey\lib\maven\apache-maven-3.9.9\bin;C:\Program Files\Microsoft Service Fabric\bin\Fabric\Fabric.Code;C:\Program Files\Microsoft SDKs\Service Fabric\Tools\ServiceFabricLocalClusterManager;C:\Program Files\nodejs\;C:\Program Files\Git\cmd;C:\Program Files\Git\mingw64\bin;C:\Program Files\Git\usr\bin;C:\Program Files\GitHub CLI\;c:\tools\php;C:\Program Files\Amazon\AWSCLIV2\;C:\Program Files\Amazon\SessionManagerPlugin\bin\;C:\Program Files\Amazon\AWSSAMCLI\bin\;C:\Program Files\Microsoft SQL Server\130\Tools\Binn\;C:\Program Files\LLVM\bin;C:\Users\runneradmin\.dotnet\tools;C:\Users\runneradmin\.cargo\bin;C:\Users\runneradmin\AppData\Local\Microsoft\WindowsApps;C:\Program Files (x86)\Microsoft Visual Studio\Installer;C:\Program Files\Microsoft Visual Studio\2022\Enterprise\VC\Tools\Llvm\x64\bin;C:\Program Files\Microsoft Visual Studio\2022\Enterprise\Common7\IDE\CommonExtensions\Microsoft\CMake\CMake\bin;C:\Program Files\Microsoft Visual Studio\2022\Enterprise\Common7\IDE\CommonExtensions\Microsoft\CMake\Ninja;C:\Program Files\Microsoft Visual Studio\2022\Enterprise\Common7\IDE\VC\Linux\bin\ConnectionManagerExe;C:\Program Files\Microsoft Visual Studio\2022\Enterprise\VC\vcpkg
2025-06-25T02:53:20.3444021Z   Platform: x64
2025-06-25T02:53:20.3444186Z   UCRTVersion: 10.0.26100.0
2025-06-25T02:53:20.3444445Z   UniversalCRTSdkDir: C:\Program Files (x86)\Windows Kits\10\
2025-06-25T02:53:20.3444879Z   VCIDEInstallDir: C:\Program Files\Microsoft Visual Studio\2022\Enterprise\Common7\IDE\VC\
2025-06-25T02:53:20.3445357Z   VCINSTALLDIR: C:\Program Files\Microsoft Visual Studio\2022\Enterprise\VC\
2025-06-25T02:53:20.3445706Z   VCPKG_ROOT: D:\a\synthizer3d\synthizer3d\vcpkg
2025-06-25T02:53:20.3446128Z   VCToolsInstallDir: C:\Program Files\Microsoft Visual Studio\2022\Enterprise\VC\Tools\MSVC\14.43.34808\
2025-06-25T02:53:20.3446711Z   VCToolsRedistDir: C:\Program Files\Microsoft Visual Studio\2022\Enterprise\VC\Redist\MSVC\14.42.34433\
2025-06-25T02:53:20.3447116Z   VCToolsVersion: 14.43.34808
2025-06-25T02:53:20.3447312Z   VisualStudioVersion: 17.0
2025-06-25T02:53:20.3447641Z   VS170COMNTOOLS: C:\Program Files\Microsoft Visual Studio\2022\Enterprise\Common7\Tools\
2025-06-25T02:53:20.3448011Z   VSCMD_ARG_app_plat: Desktop
2025-06-25T02:53:20.3448206Z   VSCMD_ARG_HOST_ARCH: x64
2025-06-25T02:53:20.3448380Z   VSCMD_ARG_TGT_ARCH: x64
2025-06-25T02:53:20.3448555Z   VSCMD_VER: 17.13.2
2025-06-25T02:53:20.3448819Z   VSINSTALLDIR: C:\Program Files\Microsoft Visual Studio\2022\Enterprise\
2025-06-25T02:53:20.3449243Z   VSSDK150INSTALL: C:\Program Files\Microsoft Visual Studio\2022\Enterprise\VSSDK
2025-06-25T02:53:20.3449675Z   VSSDKINSTALL: C:\Program Files\Microsoft Visual Studio\2022\Enterprise\VSSDK
2025-06-25T02:53:20.3450269Z   WindowsLibPath: C:\Program Files (x86)\Windows Kits\10\UnionMetadata\10.0.26100.0;C:\Program Files (x86)\Windows Kits\10\References\10.0.26100.0
2025-06-25T02:53:20.3450831Z   WindowsSdkBinPath: C:\Program Files (x86)\Windows Kits\10\bin\
2025-06-25T02:53:20.3451165Z   WindowsSdkDir: C:\Program Files (x86)\Windows Kits\10\
2025-06-25T02:53:20.3451432Z   WindowsSDKLibVersion: 10.0.26100.0\
2025-06-25T02:53:20.3451758Z   WindowsSdkVerBinPath: C:\Program Files (x86)\Windows Kits\10\bin\10.0.26100.0\
2025-06-25T02:53:20.3452093Z   WindowsSDKVersion: 10.0.26100.0\
2025-06-25T02:53:20.3452484Z   WindowsSDK_ExecutablePath_x64: C:\Program Files (x86)\Microsoft SDKs\Windows\v10.0A\bin\NETFX 4.8 Tools\x64\
2025-06-25T02:53:20.3453214Z   WindowsSDK_ExecutablePath_x86: C:\Program Files (x86)\Microsoft SDKs\Windows\v10.0A\bin\NETFX 4.8 Tools\
2025-06-25T02:53:20.3453609Z   __DOTNET_ADD_64BIT: 1
2025-06-25T02:53:20.3453788Z   __DOTNET_PREFERRED_BITNESS: 64
2025-06-25T02:53:20.3461613Z   __VSCMD_PREINIT_PATH: C:\Users\runneradmin\AppData\Roaming\Python\Python313\Scripts;C:\hostedtoolcache\windows\Python\3.13.3\x64\Scripts;C:\hostedtoolcache\windows\Python\3.13.3\x64;C:\Program Files\MongoDB\Server\5.0\bin;C:\aliyun-cli;C:\vcpkg;C:\Program Files (x86)\NSIS\;C:\tools\zstd;C:\Program Files\Mercurial\;C:\hostedtoolcache\windows\stack\3.5.1\x64;C:\cabal\bin;C:\\ghcup\bin;C:\mingw64\bin;C:\Program Files\dotnet;C:\Program Files\MySQL\MySQL Server 8.0\bin;C:\Program Files\R\R-4.4.2\bin\x64;C:\SeleniumWebDrivers\GeckoDriver;C:\SeleniumWebDrivers\EdgeDriver\;C:\SeleniumWebDrivers\ChromeDriver;C:\Program Files (x86)\sbt\bin;C:\Program Files (x86)\GitHub CLI;C:\Program Files\Git\bin;C:\Program Files (x86)\pipx_bin;C:\npm\prefix;C:\hostedtoolcache\windows\go\1.24.3\x64\bin;C:\hostedtoolcache\windows\Python\3.9.13\x64\Scripts;C:\hostedtoolcache\windows\Python\3.9.13\x64;C:\hostedtoolcache\windows\Ruby\3.3.8\x64\bin;C:\Program Files\OpenSSL\bin;C:\tools\kotlinc\bin;C:\hostedtoolcache\windows\Java_Temurin-Hotspot_jdk\8.0.452-9\x64\bin;C:\Program Files\ImageMagick-7.1.1-Q16-HDRI;C:\Program Files\Microsoft SDKs\Azure\CLI2\wbin;C:\ProgramData\kind;C:\ProgramData\Chocolatey\bin;C:\Windows\system32;C:\Windows;C:\Windows\System32\Wbem;C:\Windows\System32\WindowsPowerShell\v1.0\;C:\Windows\System32\OpenSSH\;C:\Program Files\dotnet\;C:\Program Files\PowerShell\7\;C:\Program Files\Microsoft\Web Platform Installer\;C:\Program Files\TortoiseSVN\bin;C:\Program Files\Microsoft SQL Server\Client SDK\ODBC\170\Tools\Binn\;C:\Program Files\Microsoft SQL Server\150\Tools\Binn\;C:\Program Files (x86)\Windows Kits\10\Windows Performance Toolkit\;C:\Program Files (x86)\WiX Toolset v3.14\bin;C:\Program Files\Microsoft SQL Server\130\DTS\Binn\;C:\Program Files\Microsoft SQL Server\140\DTS\Binn\;C:\Program Files\Microsoft SQL Server\150\DTS\Binn\;C:\Program Files\Microsoft SQL Server\160\DTS\Binn\;C:\Strawberry\c\bin;C:\Strawberry\perl\site\bin;C:\Strawberry\perl\bin;C:\ProgramData\chocolatey\lib\pulumi\tools\Pulumi\bin;C:\Program Files\CMake\bin;C:\ProgramData\chocolatey\lib\maven\apache-maven-3.9.9\bin;C:\Program Files\Microsoft Service Fabric\bin\Fabric\Fabric.Code;C:\Program Files\Microsoft SDKs\Service Fabric\Tools\ServiceFabricLocalClusterManager;C:\Program Files\nodejs\;C:\Program Files\Git\cmd;C:\Program Files\Git\mingw64\bin;C:\Program Files\Git\usr\bin;C:\Program Files\GitHub CLI\;c:\tools\php;C:\Program Files (x86)\sbt\bin;C:\Program Files\Amazon\AWSCLIV2\;C:\Program Files\Amazon\SessionManagerPlugin\bin\;C:\Program Files\Amazon\AWSSAMCLI\bin\;C:\Program Files\Microsoft SQL Server\130\Tools\Binn\;C:\Program Files\LLVM\bin;C:\Users\runneradmin\.dotnet\tools;C:\Users\runneradmin\.cargo\bin;C:\Users\runneradmin\AppData\Local\Microsoft\WindowsApps;C:\Program Files (x86)\Microsoft Visual Studio\Installer
2025-06-25T02:53:20.3469767Z   VCPKG_DEFAULT_BINARY_CACHE: D:/a/synthizer3d/synthizer3d/969f6665-88a2-4c98-938e-ca9259871fec/vcpkg_cache
2025-06-25T02:53:20.3470209Z   VCPKG_BINARY_SOURCES: clear;x-gha,readwrite
2025-06-25T02:53:20.3470746Z   ACTIONS_CACHE_URL: https://acghubeus2.actions.githubusercontent.com/bwbzopuV3oKlbowlUKWdOnf6KF0vjv7EYqCB3ZHqukKhTVgy74/
2025-06-25T02:53:20.3511180Z   ACTIONS_RUNTIME_TOKEN: ***
2025-06-25T02:53:20.3511491Z   RUNVCPKG_VCPKG_ROOT: D:\a\synthizer3d\synthizer3d\vcpkg
2025-06-25T02:53:20.3511763Z ##[endgroup]
2025-06-25T02:53:20.6107781Z VCPKG_ROOT (tool directory from lukka/run-vcpkg) is D:\a\synthizer3d\synthizer3d\vcpkg
2025-06-25T02:53:20.6114114Z VCPKG_DEFAULT_TRIPLET is x64-windows
2025-06-25T02:53:20.6119507Z GITHUB_WORKSPACE is D:\a\synthizer3d\synthizer3d
2025-06-25T02:53:20.6125471Z Initial EFFECTIVE_VCPKG_INSTALLED_DIR_BASE (from job env, target for manifest install) is D:\a\synthizer3d\synthizer3d\vcpkg_installed
2025-06-25T02:53:20.8345776Z Detecting compiler hash for triplet x64-windows...
2025-06-25T02:53:22.8397094Z Compiler found: C:/Program Files/Microsoft Visual Studio/2022/Enterprise/VC/Tools/MSVC/14.43.34808/bin/Hostx64/x64/cl.exe
2025-06-25T02:53:22.8514961Z The following packages will be built and installed:
2025-06-25T02:53:22.8515337Z   * atl:x64-windows@0
2025-06-25T02:53:22.8515593Z   * atlmfc:x64-windows@0#3
2025-06-25T02:53:22.8515856Z     faad2:x64-windows@2.11.1
2025-06-25T02:53:22.8516127Z     libogg:x64-windows@1.3.5#2
2025-06-25T02:53:22.8516420Z     libvorbis:x64-windows@1.3.7#4
2025-06-25T02:53:22.8516708Z     opus:x64-windows@1.5.2
2025-06-25T02:53:22.8516990Z     opusfile:x64-windows@0.12+20221121#1
2025-06-25T02:53:22.8517447Z     soundtouch:x64-windows@2.3.3
2025-06-25T02:53:22.8517853Z   * vcpkg-cmake:x64-windows@2024-04-23
2025-06-25T02:53:22.8518664Z   * vcpkg-cmake-config:x64-windows@2024-05-23
2025-06-25T02:53:22.8519400Z Additional packages (*) will be modified to complete this operation.
2025-06-25T02:53:22.8520976Z %VCPKG_BINARY_SOURCES%: warning: The 'x-gha' binary caching backend has been removed. Consider using a NuGet-based binary caching provider instead, see extended documentation at https://learn.microsoft.com/vcpkg/users/binarycaching?WT.mc_id=vcpkg_inproduct_cli.
2025-06-25T02:53:22.8522133Z   on expression: clear;x-gha,readwrite
2025-06-25T02:53:22.8522455Z                                       ^
2025-06-25T02:53:22.8522826Z Installing 1/10 vcpkg-cmake:x64-windows@2024-04-23...
2025-06-25T02:53:22.8523232Z Building vcpkg-cmake:x64-windows@2024-04-23...
2025-06-25T02:53:22.8805415Z -- Installing: D:/a/synthizer3d/synthizer3d/vcpkg/packages/vcpkg-cmake_x64-windows/share/vcpkg-cmake/vcpkg_cmake_configure.cmake
2025-06-25T02:53:22.8813159Z -- Installing: D:/a/synthizer3d/synthizer3d/vcpkg/packages/vcpkg-cmake_x64-windows/share/vcpkg-cmake/vcpkg_cmake_build.cmake
2025-06-25T02:53:22.8817605Z -- Installing: D:/a/synthizer3d/synthizer3d/vcpkg/packages/vcpkg-cmake_x64-windows/share/vcpkg-cmake/vcpkg_cmake_install.cmake
2025-06-25T02:53:22.8821768Z -- Installing: D:/a/synthizer3d/synthizer3d/vcpkg/packages/vcpkg-cmake_x64-windows/share/vcpkg-cmake/vcpkg-port-config.cmake
2025-06-25T02:53:22.8826039Z -- Installing: D:/a/synthizer3d/synthizer3d/vcpkg/packages/vcpkg-cmake_x64-windows/share/vcpkg-cmake/copyright
2025-06-25T02:53:22.8864309Z -- Performing post-build validation
2025-06-25T02:53:22.8913047Z Elapsed time to handle vcpkg-cmake:x64-windows: 39.3 ms
2025-06-25T02:53:22.8913781Z vcpkg-cmake:x64-windows package ABI: a500b93f9e0b831ca946128005613d551eeb943040c8f073dc3184f7e15c9834
2025-06-25T02:53:22.8914301Z Installing 2/10 faad2:x64-windows@2.11.1...
2025-06-25T02:53:22.8914617Z Building faad2:x64-windows@2.11.1...
2025-06-25T02:53:22.9302700Z Downloading https://github.com/knik0/faad2/archive/2.11.1.tar.gz -> knik0-faad2-2.11.1.tar.gz
2025-06-25T02:53:23.2476398Z Successfully downloaded knik0-faad2-2.11.1.tar.gz
2025-06-25T02:53:23.5177961Z -- Extracting source D:/a/synthizer3d/synthizer3d/vcpkg/downloads/knik0-faad2-2.11.1.tar.gz
2025-06-25T02:53:23.6680134Z -- Applying patch fix-install.patch
2025-06-25T02:53:23.6893441Z -- Using source at D:/a/synthizer3d/synthizer3d/vcpkg/buildtrees/faad2/src/2.11.1-55f3ec09c2.clean
2025-06-25T02:53:23.7003613Z -- Found external ninja('1.12.1').
2025-06-25T02:53:23.7036345Z -- Configuring x64-windows
2025-06-25T02:53:25.2076052Z -- Building x64-windows-dbg
2025-06-25T02:53:29.0657277Z -- Building x64-windows-rel
2025-06-25T02:53:37.8088638Z -- Fixing pkgconfig file: D:/a/synthizer3d/synthizer3d/vcpkg/packages/faad2_x64-windows/lib/pkgconfig/faad2.pc
2025-06-25T02:53:37.8283142Z Downloading msys2-mingw-w64-x86_64-pkgconf-1~2.3.0-1-any.pkg.tar.zst, trying https://mirror.msys2.org/mingw/mingw64/mingw-w64-x86_64-pkgconf-1~2.3.0-1-any.pkg.tar.zst
2025-06-25T02:53:38.6857565Z Successfully downloaded msys2-mingw-w64-x86_64-pkgconf-1~2.3.0-1-any.pkg.tar.zst
2025-06-25T02:53:38.7080909Z Downloading msys2-msys2-runtime-3.5.4-2-x86_64.pkg.tar.zst, trying https://mirror.msys2.org/msys/x86_64/msys2-runtime-3.5.4-2-x86_64.pkg.tar.zst
2025-06-25T02:53:39.6822011Z Successfully downloaded msys2-msys2-runtime-3.5.4-2-x86_64.pkg.tar.zst
2025-06-25T02:53:39.6923149Z -- Using msys root at D:/a/synthizer3d/synthizer3d/vcpkg/downloads/tools/msys2/21caed2f81ec917b
2025-06-25T02:53:39.6995355Z -- Fixing pkgconfig file: D:/a/synthizer3d/synthizer3d/vcpkg/packages/faad2_x64-windows/debug/lib/pkgconfig/faad2.pc
2025-06-25T02:53:41.2814206Z -- Installing: D:/a/synthizer3d/synthizer3d/vcpkg/packages/faad2_x64-windows/share/faad2/copyright
2025-06-25T02:53:41.2871397Z -- Performing post-build validation
2025-06-25T02:53:41.2943491Z Elapsed time to handle faad2:x64-windows: 18 s
2025-06-25T02:53:41.2944713Z faad2:x64-windows package ABI: d0e0b3f1120c22375e89be124e74dd66dc96b0e8414e88407cf8a3d23c35740f
2025-06-25T02:53:41.2946070Z Installing 3/10 vcpkg-cmake-config:x64-windows@2024-05-23...
2025-06-25T02:53:41.2946839Z Building vcpkg-cmake-config:x64-windows@2024-05-23...
2025-06-25T02:53:41.3235130Z -- Installing: D:/a/synthizer3d/synthizer3d/vcpkg/packages/vcpkg-cmake-config_x64-windows/share/vcpkg-cmake-config/vcpkg_cmake_config_fixup.cmake
2025-06-25T02:53:41.3240795Z -- Installing: D:/a/synthizer3d/synthizer3d/vcpkg/packages/vcpkg-cmake-config_x64-windows/share/vcpkg-cmake-config/vcpkg-port-config.cmake
2025-06-25T02:53:41.3245300Z -- Installing: D:/a/synthizer3d/synthizer3d/vcpkg/packages/vcpkg-cmake-config_x64-windows/share/vcpkg-cmake-config/copyright
2025-06-25T02:53:41.3283554Z -- Skipping post-build validation due to VCPKG_POLICY_EMPTY_PACKAGE
2025-06-25T02:53:41.3305022Z Elapsed time to handle vcpkg-cmake-config:x64-windows: 36.1 ms
2025-06-25T02:53:41.3305798Z vcpkg-cmake-config:x64-windows package ABI: 842797583f0500a3cabbedf03fb083636fe11e4fd3fd19d9a475485e484445fb
2025-06-25T02:53:41.3306349Z Installing 4/10 libogg:x64-windows@1.3.5#2...
2025-06-25T02:53:41.3306709Z Building libogg:x64-windows@1.3.5#2...
2025-06-25T02:53:41.3686226Z Downloading https://gitlab.xiph.org/xiph/ogg/-/archive/v1.3.5/ogg-v1.3.5.tar.gz -> xiph-ogg-v1.3.5.tar.gz
2025-06-25T02:53:41.9576321Z Successfully downloaded xiph-ogg-v1.3.5.tar.gz
2025-06-25T02:53:41.9682987Z -- Extracting source D:/a/synthizer3d/synthizer3d/vcpkg/downloads/xiph-ogg-v1.3.5.tar.gz
2025-06-25T02:53:42.1020370Z -- Using source at D:/a/synthizer3d/synthizer3d/vcpkg/buildtrees/libogg/src/v1.3.5-1a4243fef9.clean
2025-06-25T02:53:42.1137765Z -- Found external ninja('1.12.1').
2025-06-25T02:53:42.1170900Z -- Configuring x64-windows
2025-06-25T02:53:48.0699424Z -- Building x64-windows-dbg
2025-06-25T02:53:48.3738465Z -- Building x64-windows-rel
2025-06-25T02:53:48.6984050Z -- Fixing pkgconfig file: D:/a/synthizer3d/synthizer3d/vcpkg/packages/libogg_x64-windows/lib/pkgconfig/ogg.pc
2025-06-25T02:53:48.7089172Z -- Using cached msys2-mingw-w64-x86_64-pkgconf-1~2.3.0-1-any.pkg.tar.zst
2025-06-25T02:53:48.7160445Z -- Using cached msys2-msys2-runtime-3.5.4-2-x86_64.pkg.tar.zst
2025-06-25T02:53:48.7164982Z -- Using msys root at D:/a/synthizer3d/synthizer3d/vcpkg/downloads/tools/msys2/21caed2f81ec917b
2025-06-25T02:53:48.7235320Z -- Fixing pkgconfig file: D:/a/synthizer3d/synthizer3d/vcpkg/packages/libogg_x64-windows/debug/lib/pkgconfig/ogg.pc
2025-06-25T02:53:48.7304032Z -- Installing: D:/a/synthizer3d/synthizer3d/vcpkg/packages/libogg_x64-windows/share/libogg/copyright
2025-06-25T02:53:48.7358647Z -- Performing post-build validation
2025-06-25T02:53:48.7432755Z Elapsed time to handle libogg:x64-windows: 7.4 s
2025-06-25T02:53:48.7433600Z libogg:x64-windows package ABI: a0557943a3eb3893da4fede0807e4138b3f8e9736e60b3498faf762055851b8f
2025-06-25T02:53:48.7434271Z Installing 5/10 libvorbis:x64-windows@1.3.7#4...
2025-06-25T02:53:48.7434682Z Building libvorbis:x64-windows@1.3.7#4...
2025-06-25T02:53:48.7832641Z Downloading https://github.com/xiph/vorbis/archive/v1.3.7.tar.gz -> xiph-vorbis-v1.3.7.tar.gz
2025-06-25T02:53:49.1706861Z Successfully downloaded xiph-vorbis-v1.3.7.tar.gz
2025-06-25T02:53:49.1862779Z -- Extracting source D:/a/synthizer3d/synthizer3d/vcpkg/downloads/xiph-vorbis-v1.3.7.tar.gz
2025-06-25T02:53:49.3726461Z -- Applying patch 0001-Dont-export-vorbisenc-functions.patch
2025-06-25T02:53:49.3931200Z -- Applying patch 0002-Fixup-pkgconfig-libs.patch
2025-06-25T02:53:49.4125827Z -- Applying patch 0003-def-mingw-compat.patch
2025-06-25T02:53:49.4325905Z -- Applying patch 0004-ogg-find-dependency.patch
2025-06-25T02:53:49.4526854Z -- Using source at D:/a/synthizer3d/synthizer3d/vcpkg/buildtrees/libvorbis/src/v1.3.7-c32164610e.clean
2025-06-25T02:53:49.4635352Z -- Found external ninja('1.12.1').
2025-06-25T02:53:49.4667904Z -- Configuring x64-windows
2025-06-25T02:53:51.0162920Z -- Building x64-windows-dbg
2025-06-25T02:53:52.2609437Z -- Building x64-windows-rel
2025-06-25T02:53:54.7319091Z -- Fixing pkgconfig file: D:/a/synthizer3d/synthizer3d/vcpkg/packages/libvorbis_x64-windows/lib/pkgconfig/vorbis.pc
2025-06-25T02:53:54.7324221Z -- Fixing pkgconfig file: D:/a/synthizer3d/synthizer3d/vcpkg/packages/libvorbis_x64-windows/lib/pkgconfig/vorbisenc.pc
2025-06-25T02:53:54.7329904Z -- Fixing pkgconfig file: D:/a/synthizer3d/synthizer3d/vcpkg/packages/libvorbis_x64-windows/lib/pkgconfig/vorbisfile.pc
2025-06-25T02:53:54.7435991Z -- Using cached msys2-mingw-w64-x86_64-pkgconf-1~2.3.0-1-any.pkg.tar.zst
2025-06-25T02:53:54.7505587Z -- Using cached msys2-msys2-runtime-3.5.4-2-x86_64.pkg.tar.zst
2025-06-25T02:53:54.7509388Z -- Using msys root at D:/a/synthizer3d/synthizer3d/vcpkg/downloads/tools/msys2/21caed2f81ec917b
2025-06-25T02:53:54.7694684Z -- Fixing pkgconfig file: D:/a/synthizer3d/synthizer3d/vcpkg/packages/libvorbis_x64-windows/debug/lib/pkgconfig/vorbis.pc
2025-06-25T02:53:54.7699577Z -- Fixing pkgconfig file: D:/a/synthizer3d/synthizer3d/vcpkg/packages/libvorbis_x64-windows/debug/lib/pkgconfig/vorbisenc.pc
2025-06-25T02:53:54.7704237Z -- Fixing pkgconfig file: D:/a/synthizer3d/synthizer3d/vcpkg/packages/libvorbis_x64-windows/debug/lib/pkgconfig/vorbisfile.pc
2025-06-25T02:53:54.8961996Z -- Installing: D:/a/synthizer3d/synthizer3d/vcpkg/packages/libvorbis_x64-windows/share/libvorbis/usage
2025-06-25T02:53:54.8965587Z -- Installing: D:/a/synthizer3d/synthizer3d/vcpkg/packages/libvorbis_x64-windows/share/libvorbis/copyright
2025-06-25T02:53:54.9019914Z -- Performing post-build validation
2025-06-25T02:53:54.9118964Z Elapsed time to handle libvorbis:x64-windows: 6.2 s
2025-06-25T02:53:54.9120102Z libvorbis:x64-windows package ABI: d90efec2c9090f56a4508a9a4435f94eb42aca93d2a98ecfbdc3a996d623c61c
2025-06-25T02:53:54.9120698Z Installing 6/10 opus:x64-windows@1.5.2...
2025-06-25T02:53:54.9121026Z Building opus:x64-windows@1.5.2...
2025-06-25T02:53:54.9524136Z Downloading https://github.com/xiph/opus/archive/v1.5.2.tar.gz -> xiph-opus-v1.5.2.tar.gz
2025-06-25T02:53:55.3183600Z Successfully downloaded xiph-opus-v1.5.2.tar.gz
2025-06-25T02:53:55.3459296Z -- Extracting source D:/a/synthizer3d/synthizer3d/vcpkg/downloads/xiph-opus-v1.5.2.tar.gz
2025-06-25T02:53:55.5961334Z -- Applying patch fix-pkgconfig-version.patch
2025-06-25T02:53:55.6175483Z -- Using source at D:/a/synthizer3d/synthizer3d/vcpkg/buildtrees/opus/src/v1.5.2-81ed242155.clean
2025-06-25T02:53:55.6294404Z -- Found external ninja('1.12.1').
2025-06-25T02:53:55.6327963Z -- Configuring x64-windows
2025-06-25T02:54:00.1730843Z -- Building x64-windows-dbg
2025-06-25T02:54:05.3984333Z -- Building x64-windows-rel
2025-06-25T02:54:13.4688913Z -- Fixing pkgconfig file: D:/a/synthizer3d/synthizer3d/vcpkg/packages/opus_x64-windows/lib/pkgconfig/opus.pc
2025-06-25T02:54:13.4794839Z -- Using cached msys2-mingw-w64-x86_64-pkgconf-1~2.3.0-1-any.pkg.tar.zst
2025-06-25T02:54:13.4864366Z -- Using cached msys2-msys2-runtime-3.5.4-2-x86_64.pkg.tar.zst
2025-06-25T02:54:13.4868472Z -- Using msys root at D:/a/synthizer3d/synthizer3d/vcpkg/downloads/tools/msys2/21caed2f81ec917b
2025-06-25T02:54:13.4936328Z -- Fixing pkgconfig file: D:/a/synthizer3d/synthizer3d/vcpkg/packages/opus_x64-windows/debug/lib/pkgconfig/opus.pc
2025-06-25T02:54:13.5008450Z -- Installing: D:/a/synthizer3d/synthizer3d/vcpkg/packages/opus_x64-windows/share/opus/copyright
2025-06-25T02:54:13.5062662Z -- Performing post-build validation
2025-06-25T02:54:13.5136576Z Elapsed time to handle opus:x64-windows: 19 s
2025-06-25T02:54:13.5137258Z opus:x64-windows package ABI: 85472ea35b34b5b2cb87ab8fa93a3b878862ba2c74d619b262819f1046f3d06f
2025-06-25T02:54:13.5137803Z Installing 7/10 opusfile:x64-windows@0.12+20221121#1...
2025-06-25T02:54:13.5138175Z Building opusfile:x64-windows@0.12+20221121#1...
2025-06-25T02:54:13.5444261Z -- Note: opusfile only supports static library linkage. Building static library.
2025-06-25T02:54:13.5538256Z Downloading https://github.com/xiph/opusfile/archive/9d718345ce03b2fad5d7d28e0bcd1cc69ab2b166.tar.gz -> xiph-opusfile-9d718345ce03b2fad5d7d28e0bcd1cc69ab2b166.tar.gz
2025-06-25T02:54:13.8111487Z Successfully downloaded xiph-opusfile-9d718345ce03b2fad5d7d28e0bcd1cc69ab2b166.tar.gz
2025-06-25T02:54:13.8228314Z -- Extracting source D:/a/synthizer3d/synthizer3d/vcpkg/downloads/xiph-opusfile-9d718345ce03b2fad5d7d28e0bcd1cc69ab2b166.tar.gz
2025-06-25T02:54:13.9687652Z -- Using source at D:/a/synthizer3d/synthizer3d/vcpkg/buildtrees/opusfile/src/c69ab2b166-6cc7de23ec.clean
2025-06-25T02:54:13.9809394Z -- Found external ninja('1.12.1').
2025-06-25T02:54:13.9842908Z -- Configuring x64-windows
2025-06-25T02:54:15.1981785Z -- Building x64-windows-dbg
2025-06-25T02:54:15.4543407Z -- Building x64-windows-rel
2025-06-25T02:54:15.9442374Z -- Fixing pkgconfig file: D:/a/synthizer3d/synthizer3d/vcpkg/packages/opusfile_x64-windows/lib/pkgconfig/opusfile.pc
2025-06-25T02:54:15.9549611Z -- Using cached msys2-mingw-w64-x86_64-pkgconf-1~2.3.0-1-any.pkg.tar.zst
2025-06-25T02:54:15.9619231Z -- Using cached msys2-msys2-runtime-3.5.4-2-x86_64.pkg.tar.zst
2025-06-25T02:54:15.9623567Z -- Using msys root at D:/a/synthizer3d/synthizer3d/vcpkg/downloads/tools/msys2/21caed2f81ec917b
2025-06-25T02:54:15.9697522Z -- Fixing pkgconfig file: D:/a/synthizer3d/synthizer3d/vcpkg/packages/opusfile_x64-windows/debug/lib/pkgconfig/opusfile.pc
2025-06-25T02:54:15.9792020Z -- Installing: D:/a/synthizer3d/synthizer3d/vcpkg/packages/opusfile_x64-windows/share/opusfile/copyright
2025-06-25T02:54:15.9799008Z -- Installing: D:/a/synthizer3d/synthizer3d/vcpkg/packages/opusfile_x64-windows/share/opusfile/usage
2025-06-25T02:54:15.9902429Z -- Performing post-build validation
2025-06-25T02:54:15.9967381Z Elapsed time to handle opusfile:x64-windows: 2.5 s
2025-06-25T02:54:15.9968434Z opusfile:x64-windows package ABI: 393a65d651c7a2ecd7aa3929806afcb2252d03470cf3ab96d0a5a178ff8ac0ea
2025-06-25T02:54:15.9969447Z Installing 8/10 atl:x64-windows@0...
2025-06-25T02:54:15.9969973Z Building atl:x64-windows@0...
2025-06-25T02:54:16.0317321Z -- Skipping post-build validation due to VCPKG_POLICY_EMPTY_PACKAGE
2025-06-25T02:54:16.0339139Z Elapsed time to handle atl:x64-windows: 37.1 ms
2025-06-25T02:54:16.0339953Z atl:x64-windows package ABI: 00c2ec0d92501baf73b36832a4cf6267281ce78714eab01bcc631fe906883872
2025-06-25T02:54:16.0340606Z Installing 9/10 atlmfc:x64-windows@0#3...
2025-06-25T02:54:16.0340987Z Building atlmfc:x64-windows@0#3...
2025-06-25T02:54:16.0680606Z -- Skipping post-build validation due to VCPKG_POLICY_EMPTY_PACKAGE
2025-06-25T02:54:16.0703081Z Elapsed time to handle atlmfc:x64-windows: 36.3 ms
2025-06-25T02:54:16.0703934Z atlmfc:x64-windows package ABI: eb110e8ab4abe86fa37c7f0085ad4fc46ce18802f978ea90d75ed1f56bb72837
2025-06-25T02:54:16.0704566Z Installing 10/10 soundtouch:x64-windows@2.3.3...
2025-06-25T02:54:16.0704955Z Building soundtouch:x64-windows@2.3.3...
2025-06-25T02:54:16.1095797Z Downloading https://codeberg.org/soundtouch/soundtouch/archive/2.3.3.tar.gz -> soundtouch-soundtouch-2.3.3.tar.gz
2025-06-25T02:54:17.1745462Z Successfully downloaded soundtouch-soundtouch-2.3.3.tar.gz
2025-06-25T02:54:17.1868913Z -- Extracting source D:/a/synthizer3d/synthizer3d/vcpkg/downloads/soundtouch-soundtouch-2.3.3.tar.gz
2025-06-25T02:54:17.3291726Z -- Using source at D:/a/synthizer3d/synthizer3d/vcpkg/buildtrees/soundtouch/src/2.3.3-309213044d.clean
2025-06-25T02:54:17.3407393Z -- Found external ninja('1.12.1').
2025-06-25T02:54:17.3496004Z -- Configuring x64-windows
2025-06-25T02:54:18.7600122Z -- Building x64-windows-dbg
2025-06-25T02:54:20.8153512Z -- Building x64-windows-rel
2025-06-25T02:54:23.2201408Z -- Fixing pkgconfig file: D:/a/synthizer3d/synthizer3d/vcpkg/packages/soundtouch_x64-windows/lib/pkgconfig/soundtouch.pc
2025-06-25T02:54:23.2307558Z -- Using cached msys2-mingw-w64-x86_64-pkgconf-1~2.3.0-1-any.pkg.tar.zst
2025-06-25T02:54:23.2377953Z -- Using cached msys2-msys2-runtime-3.5.4-2-x86_64.pkg.tar.zst
2025-06-25T02:54:23.2382706Z -- Using msys root at D:/a/synthizer3d/synthizer3d/vcpkg/downloads/tools/msys2/21caed2f81ec917b
2025-06-25T02:54:23.2457483Z -- Fixing pkgconfig file: D:/a/synthizer3d/synthizer3d/vcpkg/packages/soundtouch_x64-windows/debug/lib/pkgconfig/soundtouch.pc
2025-06-25T02:54:23.2932952Z -- Installing: D:/a/synthizer3d/synthizer3d/vcpkg/packages/soundtouch_x64-windows/share/soundtouch/copyright
2025-06-25T02:54:23.2995817Z -- Performing post-build validation
2025-06-25T02:54:23.3098974Z Elapsed time to handle soundtouch:x64-windows: 7.2 s
2025-06-25T02:54:23.3099835Z soundtouch:x64-windows package ABI: cba299c175d42d095d98a381b7b4aa62179cb526de49043c0d1fb0751d841aaf
2025-06-25T02:54:23.3119003Z faad2 provides pkg-config modules:
2025-06-25T02:54:23.3119283Z 
2025-06-25T02:54:23.3119490Z   # Freeware Advanced Audio (AAC) Decoder
2025-06-25T02:54:23.3119779Z   faad2
2025-06-25T02:54:23.3119889Z 
2025-06-25T02:54:23.3121900Z libogg provides CMake targets:
2025-06-25T02:54:23.3122160Z 
2025-06-25T02:54:23.3122500Z   # this is heuristically generated, and may not be correct
2025-06-25T02:54:23.3122988Z   find_package(Ogg CONFIG REQUIRED)
2025-06-25T02:54:23.3123430Z   target_link_libraries(main PRIVATE Ogg::ogg)
2025-06-25T02:54:23.3123673Z 
2025-06-25T02:54:23.3123840Z libogg provides pkg-config modules:
2025-06-25T02:54:23.3124072Z 
2025-06-25T02:54:23.3124313Z   # ogg is a library for manipulating ogg bitstreams
2025-06-25T02:54:23.3124662Z   ogg
2025-06-25T02:54:23.3124816Z 
2025-06-25T02:54:23.3125147Z The package libvorbis provides CMake targets:
2025-06-25T02:54:23.3125417Z 
2025-06-25T02:54:23.3125720Z     # Vorbis reference encoder and decoder, low-level API
2025-06-25T02:54:23.3126356Z     find_package(Vorbis CONFIG REQUIRED)
2025-06-25T02:54:23.3126814Z     target_link_libraries(main PRIVATE Vorbis::vorbis)
2025-06-25T02:54:23.3127069Z 
2025-06-25T02:54:23.3127367Z     # Audio stream decoding and basic manipulation, high-level API
2025-06-25T02:54:23.3127847Z     find_package(Vorbis CONFIG REQUIRED)
2025-06-25T02:54:23.3128316Z     target_link_libraries(main PRIVATE Vorbis::vorbisfile)
2025-06-25T02:54:23.3128586Z 
2025-06-25T02:54:23.3129823Z     # Convenience API for setting up an encoding environment
2025-06-25T02:54:23.3130487Z     find_package(Vorbis CONFIG REQUIRED)
2025-06-25T02:54:23.3131693Z     target_link_libraries(main PRIVATE Vorbis::vorbisenc)
2025-06-25T02:54:23.3132105Z 
2025-06-25T02:54:23.3132360Z opus provides CMake targets:
2025-06-25T02:54:23.3132607Z 
2025-06-25T02:54:23.3132974Z   # this is heuristically generated, and may not be correct
2025-06-25T02:54:23.3133570Z   find_package(Opus CONFIG REQUIRED)
2025-06-25T02:54:23.3134160Z   target_link_libraries(main PRIVATE Opus::opus)
2025-06-25T02:54:23.3134491Z 
2025-06-25T02:54:23.3134844Z opus provides pkg-config modules:
2025-06-25T02:54:23.3135108Z 
2025-06-25T02:54:23.3135319Z   # Opus IETF audio codec ( build)
2025-06-25T02:54:23.3135633Z   opus
2025-06-25T02:54:23.3135766Z 
2025-06-25T02:54:23.3136003Z The package opusfile provides CMake targets:
2025-06-25T02:54:23.3136287Z 
2025-06-25T02:54:23.3136500Z     find_package(OpusFile CONFIG REQUIRED)
2025-06-25T02:54:23.3137062Z     target_link_libraries(main PRIVATE OpusFile::opusfile)
2025-06-25T02:54:23.3137633Z 
2025-06-25T02:54:23.3137808Z     # To use the opusurl API
2025-06-25T02:54:23.3138453Z     target_link_libraries(main PRIVATE OpusFile::opusurl)
2025-06-25T02:54:23.3138775Z 
2025-06-25T02:54:23.3138958Z soundtouch provides CMake targets:
2025-06-25T02:54:23.3139171Z 
2025-06-25T02:54:23.3139448Z   # this is heuristically generated, and may not be correct
2025-06-25T02:54:23.3139929Z   find_package(SoundTouch CONFIG REQUIRED)
2025-06-25T02:54:23.3140451Z   target_link_libraries(main PRIVATE SoundTouch::SoundTouch)
2025-06-25T02:54:23.3140786Z 
2025-06-25T02:54:23.3140978Z soundtouch provides pkg-config modules:
2025-06-25T02:54:23.3141219Z 
2025-06-25T02:54:23.3141999Z   # SoundTouch is an open-source audio processing library for changing the Tempo, Pitch and Playback Rates of audio streams or files
2025-06-25T02:54:23.3142930Z   soundtouch
2025-06-25T02:54:23.3143082Z 
2025-06-25T02:54:23.3143448Z All requested installations completed successfully in: 1 min
2025-06-25T02:54:23.3242783Z Finished vcpkg install command.
2025-06-25T02:54:23.3523082Z Verifying existence of target CMAKE_PREFIX_PATH: D:\a\synthizer3d\synthizer3d\vcpkg_installed\x64-windows
2025-06-25T02:54:23.3553544Z Confermato: La directory target per CMAKE_PREFIX_PATH esiste: D:\a\synthizer3d\synthizer3d\vcpkg_installed\x64-windows
2025-06-25T02:54:23.3945794Z CMAKE_PREFIX_PATH impostato a D:\a\synthizer3d\synthizer3d\vcpkg_installed\x64-windows
2025-06-25T02:54:23.4300499Z ##[group]Run python -m pip install --upgrade pip
2025-06-25T02:54:23.4300938Z [36;1mpython -m pip install --upgrade pip[0m
2025-06-25T02:54:23.4301431Z [36;1mpip install ninja cmake wheel tomli setuptools packaging distro scikit-build cython build delvewheel[0m
2025-06-25T02:54:23.4332504Z shell: C:\Program Files\PowerShell\7\pwsh.EXE -command ". '{0}'"
2025-06-25T02:54:23.4332821Z env:
2025-06-25T02:54:23.4332984Z   PYVERSION: 3.13
2025-06-25T02:54:23.4333157Z   CI_ARCH_LOWER: x64
2025-06-25T02:54:23.4333331Z   CI_WINDOWS: 1
2025-06-25T02:54:23.4333511Z   CI_ARCH_ENV: x64
2025-06-25T02:54:23.4333685Z   VCPKG_DEFAULT_TRIPLET: x64-windows
2025-06-25T02:54:23.4334049Z   EFFECTIVE_VCPKG_INSTALLED_DIR_BASE: D:\a\synthizer3d\synthizer3d\vcpkg_installed
2025-06-25T02:54:23.4334479Z   pythonLocation: C:\hostedtoolcache\windows\Python\3.13.3\x64
2025-06-25T02:54:23.4334867Z   PKG_CONFIG_PATH: C:\hostedtoolcache\windows\Python\3.13.3\x64/lib/pkgconfig
2025-06-25T02:54:23.4335292Z   Python_ROOT_DIR: C:\hostedtoolcache\windows\Python\3.13.3\x64
2025-06-25T02:54:23.4335643Z   Python2_ROOT_DIR: C:\hostedtoolcache\windows\Python\3.13.3\x64
2025-06-25T02:54:23.4335999Z   Python3_ROOT_DIR: C:\hostedtoolcache\windows\Python\3.13.3\x64
2025-06-25T02:54:23.4336292Z   CommandPromptType: Native
2025-06-25T02:54:23.4336613Z   DevEnvDir: C:\Program Files\Microsoft Visual Studio\2022\Enterprise\Common7\IDE\
2025-06-25T02:54:23.4337076Z   ExtensionSdkDir: C:\Program Files (x86)\Microsoft SDKs\Windows Kits\10\ExtensionSDKs
2025-06-25T02:54:23.4339073Z   EXTERNAL_INCLUDE: C:\Program Files\Microsoft Visual Studio\2022\Enterprise\VC\Tools\MSVC\14.43.34808\include;C:\Program Files\Microsoft Visual Studio\2022\Enterprise\VC\Tools\MSVC\14.43.34808\ATLMFC\include;C:\Program Files\Microsoft Visual Studio\2022\Enterprise\VC\Auxiliary\VS\include;C:\Program Files (x86)\Windows Kits\10\include\10.0.26100.0\ucrt;C:\Program Files (x86)\Windows Kits\10\\include\10.0.26100.0\\um;C:\Program Files (x86)\Windows Kits\10\\include\10.0.26100.0\\shared;C:\Program Files (x86)\Windows Kits\10\\include\10.0.26100.0\\winrt;C:\Program Files (x86)\Windows Kits\10\\include\10.0.26100.0\\cppwinrt;C:\Program Files (x86)\Windows Kits\NETFXSDK\4.8\include\um
2025-06-25T02:54:23.4340958Z   Framework40Version: v4.0
2025-06-25T02:54:23.4341198Z   FrameworkDir: C:\Windows\Microsoft.NET\Framework64\
2025-06-25T02:54:23.4341513Z   FrameworkDir64: C:\Windows\Microsoft.NET\Framework64\
2025-06-25T02:54:23.4341788Z   FrameworkVersion: v4.0.30319
2025-06-25T02:54:23.4342001Z   FrameworkVersion64: v4.0.30319
2025-06-25T02:54:23.4342644Z   FSHARPINSTALLDIR: C:\Program Files\Microsoft Visual Studio\2022\Enterprise\Common7\IDE\CommonExtensions\Microsoft\FSharp\Tools
2025-06-25T02:54:23.4343190Z   HTMLHelpDir: C:\Program Files (x86)\HTML Help Workshop
2025-06-25T02:54:23.4343619Z   IFCPATH: C:\Program Files\Microsoft Visual Studio\2022\Enterprise\VC\Tools\MSVC\14.43.34808\ifc\x64
2025-06-25T02:54:23.4345628Z   INCLUDE: C:\Program Files\Microsoft Visual Studio\2022\Enterprise\VC\Tools\MSVC\14.43.34808\include;C:\Program Files\Microsoft Visual Studio\2022\Enterprise\VC\Tools\MSVC\14.43.34808\ATLMFC\include;C:\Program Files\Microsoft Visual Studio\2022\Enterprise\VC\Auxiliary\VS\include;C:\Program Files (x86)\Windows Kits\10\include\10.0.26100.0\ucrt;C:\Program Files (x86)\Windows Kits\10\\include\10.0.26100.0\\um;C:\Program Files (x86)\Windows Kits\10\\include\10.0.26100.0\\shared;C:\Program Files (x86)\Windows Kits\10\\include\10.0.26100.0\\winrt;C:\Program Files (x86)\Windows Kits\10\\include\10.0.26100.0\\cppwinrt;C:\Program Files (x86)\Windows Kits\NETFXSDK\4.8\include\um
2025-06-25T02:54:23.4347469Z   is_x64_arch: true
2025-06-25T02:54:23.4350151Z   LIB: C:\Program Files\Microsoft Visual Studio\2022\Enterprise\VC\Tools\MSVC\14.43.34808\ATLMFC\lib\x64;C:\Program Files\Microsoft Visual Studio\2022\Enterprise\VC\Tools\MSVC\14.43.34808\lib\x64;C:\Program Files (x86)\Windows Kits\NETFXSDK\4.8\lib\um\x64;C:\Program Files (x86)\Windows Kits\10\lib\10.0.26100.0\ucrt\x64;C:\Program Files (x86)\Windows Kits\10\\lib\10.0.26100.0\\um\x64
2025-06-25T02:54:23.4352510Z   LIBPATH: C:\Program Files\Microsoft Visual Studio\2022\Enterprise\VC\Tools\MSVC\14.43.34808\ATLMFC\lib\x64;C:\Program Files\Microsoft Visual Studio\2022\Enterprise\VC\Tools\MSVC\14.43.34808\lib\x64;C:\Program Files\Microsoft Visual Studio\2022\Enterprise\VC\Tools\MSVC\14.43.34808\lib\x86\store\references;C:\Program Files (x86)\Windows Kits\10\UnionMetadata\10.0.26100.0;C:\Program Files (x86)\Windows Kits\10\References\10.0.26100.0;C:\Windows\Microsoft.NET\Framework64\v4.0.30319
2025-06-25T02:54:23.4353971Z   NETFXSDKDir: C:\Program Files (x86)\Windows Kits\NETFXSDK\4.8\
2025-06-25T02:54:23.4367426Z   Path: C:\Program Files\Microsoft Visual Studio\2022\Enterprise\VC\Tools\MSVC\14.43.34808\bin\HostX64\x64;C:\Program Files\Microsoft Visual Studio\2022\Enterprise\Common7\IDE\VC\VCPackages;C:\Program Files\Microsoft Visual Studio\2022\Enterprise\Common7\IDE\CommonExtensions\Microsoft\TestWindow;C:\Program Files\Microsoft Visual Studio\2022\Enterprise\Common7\IDE\CommonExtensions\Microsoft\TeamFoundation\Team Explorer;C:\Program Files\Microsoft Visual Studio\2022\Enterprise\MSBuild\Current\bin\Roslyn;C:\Program Files (x86)\Microsoft SDKs\Windows\v10.0A\bin\NETFX 4.8 Tools\x64\;C:\Program Files (x86)\HTML Help Workshop;C:\Program Files\Microsoft Visual Studio\2022\Enterprise\Common7\IDE\CommonExtensions\Microsoft\FSharp\Tools;C:\Program Files\Microsoft Visual Studio\2022\Enterprise\Team Tools\DiagnosticsHub\Collector;C:\Program Files\Microsoft Visual Studio\2022\Enterprise\Common7\IDE\Extensions\Microsoft\CodeCoverage.Console;C:\Program Files (x86)\Windows Kits\10\bin\10.0.26100.0\\x64;C:\Program Files (x86)\Windows Kits\10\bin\\x64;C:\Program Files\Microsoft Visual Studio\2022\Enterprise\\MSBuild\Current\Bin\amd64;C:\Windows\Microsoft.NET\Framework64\v4.0.30319;C:\Program Files\Microsoft Visual Studio\2022\Enterprise\Common7\IDE\;C:\Program Files\Microsoft Visual Studio\2022\Enterprise\Common7\Tools\;C:\Users\runneradmin\AppData\Roaming\Python\Python313\Scripts;C:\hostedtoolcache\windows\Python\3.13.3\x64\Scripts;C:\hostedtoolcache\windows\Python\3.13.3\x64;C:\Program Files\MongoDB\Server\5.0\bin;C:\aliyun-cli;C:\vcpkg;C:\Program Files (x86)\NSIS\;C:\tools\zstd;C:\Program Files\Mercurial\;C:\hostedtoolcache\windows\stack\3.5.1\x64;C:\cabal\bin;C:\\ghcup\bin;C:\mingw64\bin;C:\Program Files\dotnet;C:\Program Files\MySQL\MySQL Server 8.0\bin;C:\Program Files\R\R-4.4.2\bin\x64;C:\SeleniumWebDrivers\GeckoDriver;C:\SeleniumWebDrivers\EdgeDriver\;C:\SeleniumWebDrivers\ChromeDriver;C:\Program Files (x86)\sbt\bin;C:\Program Files (x86)\GitHub CLI;C:\Program Files\Git\bin;C:\Program Files (x86)\pipx_bin;C:\npm\prefix;C:\hostedtoolcache\windows\go\1.24.3\x64\bin;C:\hostedtoolcache\windows\Python\3.9.13\x64\Scripts;C:\hostedtoolcache\windows\Python\3.9.13\x64;C:\hostedtoolcache\windows\Ruby\3.3.8\x64\bin;C:\Program Files\OpenSSL\bin;C:\tools\kotlinc\bin;C:\hostedtoolcache\windows\Java_Temurin-Hotspot_jdk\8.0.452-9\x64\bin;C:\Program Files\ImageMagick-7.1.1-Q16-HDRI;C:\Program Files\Microsoft SDKs\Azure\CLI2\wbin;C:\ProgramData\kind;C:\ProgramData\Chocolatey\bin;C:\Windows\system32;C:\Windows;C:\Windows\System32\Wbem;C:\Windows\System32\WindowsPowerShell\v1.0\;C:\Windows\System32\OpenSSH\;C:\Program Files\dotnet\;C:\Program Files\PowerShell\7\;C:\Program Files\Microsoft\Web Platform Installer\;C:\Program Files\TortoiseSVN\bin;C:\Program Files\Microsoft SQL Server\Client SDK\ODBC\170\Tools\Binn\;C:\Program Files\Microsoft SQL Server\150\Tools\Binn\;C:\Program Files (x86)\Windows Kits\10\Windows Performance Toolkit\;C:\Program Files (x86)\WiX Toolset v3.14\bin;C:\Program Files\Microsoft SQL Server\130\DTS\Binn\;C:\Program Files\Microsoft SQL Server\140\DTS\Binn\;C:\Program Files\Microsoft SQL Server\150\DTS\Binn\;C:\Program Files\Microsoft SQL Server\160\DTS\Binn\;C:\Strawberry\c\bin;C:\Strawberry\perl\site\bin;C:\Strawberry\perl\bin;C:\ProgramData\chocolatey\lib\pulumi\tools\Pulumi\bin;C:\Program Files\CMake\bin;C:\ProgramData\chocolatey\lib\maven\apache-maven-3.9.9\bin;C:\Program Files\Microsoft Service Fabric\bin\Fabric\Fabric.Code;C:\Program Files\Microsoft SDKs\Service Fabric\Tools\ServiceFabricLocalClusterManager;C:\Program Files\nodejs\;C:\Program Files\Git\cmd;C:\Program Files\Git\mingw64\bin;C:\Program Files\Git\usr\bin;C:\Program Files\GitHub CLI\;c:\tools\php;C:\Program Files\Amazon\AWSCLIV2\;C:\Program Files\Amazon\SessionManagerPlugin\bin\;C:\Program Files\Amazon\AWSSAMCLI\bin\;C:\Program Files\Microsoft SQL Server\130\Tools\Binn\;C:\Program Files\LLVM\bin;C:\Users\runneradmin\.dotnet\tools;C:\Users\runneradmin\.cargo\bin;C:\Users\runneradmin\AppData\Local\Microsoft\WindowsApps;C:\Program Files (x86)\Microsoft Visual Studio\Installer;C:\Program Files\Microsoft Visual Studio\2022\Enterprise\VC\Tools\Llvm\x64\bin;C:\Program Files\Microsoft Visual Studio\2022\Enterprise\Common7\IDE\CommonExtensions\Microsoft\CMake\CMake\bin;C:\Program Files\Microsoft Visual Studio\2022\Enterprise\Common7\IDE\CommonExtensions\Microsoft\CMake\Ninja;C:\Program Files\Microsoft Visual Studio\2022\Enterprise\Common7\IDE\VC\Linux\bin\ConnectionManagerExe;C:\Program Files\Microsoft Visual Studio\2022\Enterprise\VC\vcpkg
2025-06-25T02:54:23.4380844Z   Platform: x64
2025-06-25T02:54:23.4381021Z   UCRTVersion: 10.0.26100.0
2025-06-25T02:54:23.4381293Z   UniversalCRTSdkDir: C:\Program Files (x86)\Windows Kits\10\
2025-06-25T02:54:23.4381744Z   VCIDEInstallDir: C:\Program Files\Microsoft Visual Studio\2022\Enterprise\Common7\IDE\VC\
2025-06-25T02:54:23.4382229Z   VCINSTALLDIR: C:\Program Files\Microsoft Visual Studio\2022\Enterprise\VC\
2025-06-25T02:54:23.4382599Z   VCPKG_ROOT: D:\a\synthizer3d\synthizer3d\vcpkg
2025-06-25T02:54:23.4383036Z   VCToolsInstallDir: C:\Program Files\Microsoft Visual Studio\2022\Enterprise\VC\Tools\MSVC\14.43.34808\
2025-06-25T02:54:23.4383629Z   VCToolsRedistDir: C:\Program Files\Microsoft Visual Studio\2022\Enterprise\VC\Redist\MSVC\14.42.34433\
2025-06-25T02:54:23.4384046Z   VCToolsVersion: 14.43.34808
2025-06-25T02:54:23.4384253Z   VisualStudioVersion: 17.0
2025-06-25T02:54:23.4384595Z   VS170COMNTOOLS: C:\Program Files\Microsoft Visual Studio\2022\Enterprise\Common7\Tools\
2025-06-25T02:54:23.4384964Z   VSCMD_ARG_app_plat: Desktop
2025-06-25T02:54:23.4385168Z   VSCMD_ARG_HOST_ARCH: x64
2025-06-25T02:54:23.4385347Z   VSCMD_ARG_TGT_ARCH: x64
2025-06-25T02:54:23.4385525Z   VSCMD_VER: 17.13.2
2025-06-25T02:54:23.4385796Z   VSINSTALLDIR: C:\Program Files\Microsoft Visual Studio\2022\Enterprise\
2025-06-25T02:54:23.4386224Z   VSSDK150INSTALL: C:\Program Files\Microsoft Visual Studio\2022\Enterprise\VSSDK
2025-06-25T02:54:23.4386774Z   VSSDKINSTALL: C:\Program Files\Microsoft Visual Studio\2022\Enterprise\VSSDK
2025-06-25T02:54:23.4387391Z   WindowsLibPath: C:\Program Files (x86)\Windows Kits\10\UnionMetadata\10.0.26100.0;C:\Program Files (x86)\Windows Kits\10\References\10.0.26100.0
2025-06-25T02:54:23.4387969Z   WindowsSdkBinPath: C:\Program Files (x86)\Windows Kits\10\bin\
2025-06-25T02:54:23.4388327Z   WindowsSdkDir: C:\Program Files (x86)\Windows Kits\10\
2025-06-25T02:54:23.4388616Z   WindowsSDKLibVersion: 10.0.26100.0\
2025-06-25T02:54:23.4388961Z   WindowsSdkVerBinPath: C:\Program Files (x86)\Windows Kits\10\bin\10.0.26100.0\
2025-06-25T02:54:23.4389308Z   WindowsSDKVersion: 10.0.26100.0\
2025-06-25T02:54:23.4389716Z   WindowsSDK_ExecutablePath_x64: C:\Program Files (x86)\Microsoft SDKs\Windows\v10.0A\bin\NETFX 4.8 Tools\x64\
2025-06-25T02:54:23.4390311Z   WindowsSDK_ExecutablePath_x86: C:\Program Files (x86)\Microsoft SDKs\Windows\v10.0A\bin\NETFX 4.8 Tools\
2025-06-25T02:54:23.4390715Z   __DOTNET_ADD_64BIT: 1
2025-06-25T02:54:23.4390905Z   __DOTNET_PREFERRED_BITNESS: 64
2025-06-25T02:54:23.4398817Z   __VSCMD_PREINIT_PATH: C:\Users\runneradmin\AppData\Roaming\Python\Python313\Scripts;C:\hostedtoolcache\windows\Python\3.13.3\x64\Scripts;C:\hostedtoolcache\windows\Python\3.13.3\x64;C:\Program Files\MongoDB\Server\5.0\bin;C:\aliyun-cli;C:\vcpkg;C:\Program Files (x86)\NSIS\;C:\tools\zstd;C:\Program Files\Mercurial\;C:\hostedtoolcache\windows\stack\3.5.1\x64;C:\cabal\bin;C:\\ghcup\bin;C:\mingw64\bin;C:\Program Files\dotnet;C:\Program Files\MySQL\MySQL Server 8.0\bin;C:\Program Files\R\R-4.4.2\bin\x64;C:\SeleniumWebDrivers\GeckoDriver;C:\SeleniumWebDrivers\EdgeDriver\;C:\SeleniumWebDrivers\ChromeDriver;C:\Program Files (x86)\sbt\bin;C:\Program Files (x86)\GitHub CLI;C:\Program Files\Git\bin;C:\Program Files (x86)\pipx_bin;C:\npm\prefix;C:\hostedtoolcache\windows\go\1.24.3\x64\bin;C:\hostedtoolcache\windows\Python\3.9.13\x64\Scripts;C:\hostedtoolcache\windows\Python\3.9.13\x64;C:\hostedtoolcache\windows\Ruby\3.3.8\x64\bin;C:\Program Files\OpenSSL\bin;C:\tools\kotlinc\bin;C:\hostedtoolcache\windows\Java_Temurin-Hotspot_jdk\8.0.452-9\x64\bin;C:\Program Files\ImageMagick-7.1.1-Q16-HDRI;C:\Program Files\Microsoft SDKs\Azure\CLI2\wbin;C:\ProgramData\kind;C:\ProgramData\Chocolatey\bin;C:\Windows\system32;C:\Windows;C:\Windows\System32\Wbem;C:\Windows\System32\WindowsPowerShell\v1.0\;C:\Windows\System32\OpenSSH\;C:\Program Files\dotnet\;C:\Program Files\PowerShell\7\;C:\Program Files\Microsoft\Web Platform Installer\;C:\Program Files\TortoiseSVN\bin;C:\Program Files\Microsoft SQL Server\Client SDK\ODBC\170\Tools\Binn\;C:\Program Files\Microsoft SQL Server\150\Tools\Binn\;C:\Program Files (x86)\Windows Kits\10\Windows Performance Toolkit\;C:\Program Files (x86)\WiX Toolset v3.14\bin;C:\Program Files\Microsoft SQL Server\130\DTS\Binn\;C:\Program Files\Microsoft SQL Server\140\DTS\Binn\;C:\Program Files\Microsoft SQL Server\150\DTS\Binn\;C:\Program Files\Microsoft SQL Server\160\DTS\Binn\;C:\Strawberry\c\bin;C:\Strawberry\perl\site\bin;C:\Strawberry\perl\bin;C:\ProgramData\chocolatey\lib\pulumi\tools\Pulumi\bin;C:\Program Files\CMake\bin;C:\ProgramData\chocolatey\lib\maven\apache-maven-3.9.9\bin;C:\Program Files\Microsoft Service Fabric\bin\Fabric\Fabric.Code;C:\Program Files\Microsoft SDKs\Service Fabric\Tools\ServiceFabricLocalClusterManager;C:\Program Files\nodejs\;C:\Program Files\Git\cmd;C:\Program Files\Git\mingw64\bin;C:\Program Files\Git\usr\bin;C:\Program Files\GitHub CLI\;c:\tools\php;C:\Program Files (x86)\sbt\bin;C:\Program Files\Amazon\AWSCLIV2\;C:\Program Files\Amazon\SessionManagerPlugin\bin\;C:\Program Files\Amazon\AWSSAMCLI\bin\;C:\Program Files\Microsoft SQL Server\130\Tools\Binn\;C:\Program Files\LLVM\bin;C:\Users\runneradmin\.dotnet\tools;C:\Users\runneradmin\.cargo\bin;C:\Users\runneradmin\AppData\Local\Microsoft\WindowsApps;C:\Program Files (x86)\Microsoft Visual Studio\Installer
2025-06-25T02:54:23.4407000Z   VCPKG_DEFAULT_BINARY_CACHE: D:/a/synthizer3d/synthizer3d/969f6665-88a2-4c98-938e-ca9259871fec/vcpkg_cache
2025-06-25T02:54:23.4407531Z   VCPKG_BINARY_SOURCES: clear;x-gha,readwrite
2025-06-25T02:54:23.4408096Z   ACTIONS_CACHE_URL: https://acghubeus2.actions.githubusercontent.com/bwbzopuV3oKlbowlUKWdOnf6KF0vjv7EYqCB3ZHqukKhTVgy74/
2025-06-25T02:54:23.4447559Z   ACTIONS_RUNTIME_TOKEN: ***
2025-06-25T02:54:23.4447866Z   RUNVCPKG_VCPKG_ROOT: D:\a\synthizer3d\synthizer3d\vcpkg
2025-06-25T02:54:23.4448263Z   CMAKE_PREFIX_PATH: D:\a\synthizer3d\synthizer3d\vcpkg_installed\x64-windows
2025-06-25T02:54:23.4448583Z ##[endgroup]
2025-06-25T02:54:24.9472832Z Requirement already satisfied: pip in c:\hostedtoolcache\windows\python\3.13.3\x64\lib\site-packages (25.1.1)
2025-06-25T02:54:26.6019197Z Collecting ninja
2025-06-25T02:54:26.6048240Z   Using cached ninja-1.11.1.4-py3-none-win_amd64.whl.metadata (5.0 kB)
2025-06-25T02:54:26.7895921Z Collecting cmake
2025-06-25T02:54:26.7917258Z   Using cached cmake-4.0.3-py3-none-win_amd64.whl.metadata (6.3 kB)
2025-06-25T02:54:26.8346934Z Collecting wheel
2025-06-25T02:54:26.8374195Z   Using cached wheel-0.45.1-py3-none-any.whl.metadata (2.3 kB)
2025-06-25T02:54:26.8701981Z Collecting tomli
2025-06-25T02:54:26.8726984Z   Using cached tomli-2.2.1-cp313-cp313-win_amd64.whl.metadata (12 kB)
2025-06-25T02:54:27.0537529Z Collecting setuptools
2025-06-25T02:54:27.0559843Z   Using cached setuptools-80.9.0-py3-none-any.whl.metadata (6.6 kB)
2025-06-25T02:54:27.0932445Z Collecting packaging
2025-06-25T02:54:27.0952915Z   Using cached packaging-25.0-py3-none-any.whl.metadata (3.3 kB)
2025-06-25T02:54:27.1208361Z Collecting distro
2025-06-25T02:54:27.1255844Z   Using cached distro-1.9.0-py3-none-any.whl.metadata (6.8 kB)
2025-06-25T02:54:27.2147597Z Collecting scikit-build
2025-06-25T02:54:27.2174062Z   Using cached scikit_build-0.18.1-py3-none-any.whl.metadata (18 kB)
2025-06-25T02:54:27.4467428Z Collecting cython
2025-06-25T02:54:27.4493441Z   Using cached cython-3.1.2-cp313-cp313-win_amd64.whl.metadata (6.0 kB)
2025-06-25T02:54:27.7053722Z Collecting build
2025-06-25T02:54:27.7081514Z   Using cached build-1.2.2.post1-py3-none-any.whl.metadata (6.5 kB)
2025-06-25T02:54:27.7494654Z Collecting delvewheel
2025-06-25T02:54:27.7513264Z   Using cached delvewheel-1.10.1-py3-none-any.whl.metadata (17 kB)
2025-06-25T02:54:27.8303790Z Collecting pyproject_hooks (from build)
2025-06-25T02:54:27.8326576Z   Using cached pyproject_hooks-1.2.0-py3-none-any.whl.metadata (1.3 kB)
2025-06-25T02:54:27.8663499Z Collecting colorama (from build)
2025-06-25T02:54:27.8714375Z   Using cached colorama-0.4.6-py2.py3-none-any.whl.metadata (17 kB)
2025-06-25T02:54:27.9020737Z Collecting pefile>=2024.8.26 (from delvewheel)
2025-06-25T02:54:27.9039830Z   Using cached pefile-2024.8.26-py3-none-any.whl.metadata (1.4 kB)
2025-06-25T02:54:27.9126224Z Using cached ninja-1.11.1.4-py3-none-win_amd64.whl (296 kB)
2025-06-25T02:54:27.9145487Z Using cached cmake-4.0.3-py3-none-win_amd64.whl (36.9 MB)
2025-06-25T02:54:27.9380911Z Using cached wheel-0.45.1-py3-none-any.whl (72 kB)
2025-06-25T02:54:27.9398937Z Using cached tomli-2.2.1-cp313-cp313-win_amd64.whl (109 kB)
2025-06-25T02:54:27.9417634Z Using cached setuptools-80.9.0-py3-none-any.whl (1.2 MB)
2025-06-25T02:54:27.9440879Z Using cached packaging-25.0-py3-none-any.whl (66 kB)
2025-06-25T02:54:27.9458513Z Using cached distro-1.9.0-py3-none-any.whl (20 kB)
2025-06-25T02:54:27.9475923Z Using cached scikit_build-0.18.1-py3-none-any.whl (85 kB)
2025-06-25T02:54:27.9494064Z Using cached cython-3.1.2-cp313-cp313-win_amd64.whl (2.7 MB)
2025-06-25T02:54:27.9523728Z Using cached build-1.2.2.post1-py3-none-any.whl (22 kB)
2025-06-25T02:54:27.9541092Z Using cached delvewheel-1.10.1-py3-none-any.whl (58 kB)
2025-06-25T02:54:27.9558162Z Using cached pefile-2024.8.26-py3-none-any.whl (74 kB)
2025-06-25T02:54:27.9575661Z Using cached colorama-0.4.6-py2.py3-none-any.whl (25 kB)
2025-06-25T02:54:27.9596680Z Using cached pyproject_hooks-1.2.0-py3-none-any.whl (10 kB)
2025-06-25T02:54:28.1239481Z Installing collected packages: wheel, tomli, setuptools, pyproject_hooks, pefile, packaging, ninja, distro, cython, colorama, cmake, scikit-build, delvewheel, build
2025-06-25T02:54:46.3497063Z 
2025-06-25T02:54:46.3522692Z Successfully installed build-1.2.2.post1 cmake-4.0.3 colorama-0.4.6 cython-3.1.2 delvewheel-1.10.1 distro-1.9.0 ninja-1.11.1.4 packaging-25.0 pefile-2024.8.26 pyproject_hooks-1.2.0 scikit-build-0.18.1 setuptools-80.9.0 tomli-2.2.1 wheel-0.45.1
2025-06-25T02:54:46.5545616Z ##[group]Run Set-Location $Env:GITHUB_WORKSPACE
2025-06-25T02:54:46.5546005Z [36;1mSet-Location $Env:GITHUB_WORKSPACE[0m
2025-06-25T02:54:46.5546265Z [36;1mWrite-Host "Arch: x64"[0m
2025-06-25T02:54:46.5546628Z [36;1mWrite-Host "Current CMAKE_PREFIX_PATH for build is: $env:CMAKE_PREFIX_PATH"[0m
2025-06-25T02:54:46.5547194Z [36;1mWrite-Host "EFFECTIVE_VCPKG_INSTALLED_DIR_BASE for build is: $env:EFFECTIVE_VCPKG_INSTALLED_DIR_BASE"[0m
2025-06-25T02:54:46.5547867Z [36;1mWrite-Host "Synthizer expects vcpkg path (for debug/verification): $env:SYNTHIZER_EXPECTED_VCPKG_PATH_FOR_DEBUG"[0m
2025-06-25T02:54:46.5548396Z [36;1mpython -m build --wheel --no-isolation[0m
2025-06-25T02:54:46.5578161Z shell: C:\Windows\System32\WindowsPowerShell\v1.0\powershell.EXE -command ". '{0}'"
2025-06-25T02:54:46.5578528Z env:
2025-06-25T02:54:46.5578682Z   PYVERSION: 3.13
2025-06-25T02:54:46.5578847Z   CI_ARCH_LOWER: x64
2025-06-25T02:54:46.5579017Z   CI_WINDOWS: 1
2025-06-25T02:54:46.5579201Z   CI_ARCH_ENV: x64
2025-06-25T02:54:46.5579382Z   VCPKG_DEFAULT_TRIPLET: x64-windows
2025-06-25T02:54:46.5579728Z   EFFECTIVE_VCPKG_INSTALLED_DIR_BASE: D:\a\synthizer3d\synthizer3d\vcpkg_installed
2025-06-25T02:54:46.5580162Z   pythonLocation: C:\hostedtoolcache\windows\Python\3.13.3\x64
2025-06-25T02:54:46.5580577Z   PKG_CONFIG_PATH: C:\hostedtoolcache\windows\Python\3.13.3\x64/lib/pkgconfig
2025-06-25T02:54:46.5580978Z   Python_ROOT_DIR: C:\hostedtoolcache\windows\Python\3.13.3\x64
2025-06-25T02:54:46.5581349Z   Python2_ROOT_DIR: C:\hostedtoolcache\windows\Python\3.13.3\x64
2025-06-25T02:54:46.5581712Z   Python3_ROOT_DIR: C:\hostedtoolcache\windows\Python\3.13.3\x64
2025-06-25T02:54:46.5582011Z   CommandPromptType: Native
2025-06-25T02:54:46.5582322Z   DevEnvDir: C:\Program Files\Microsoft Visual Studio\2022\Enterprise\Common7\IDE\
2025-06-25T02:54:46.5582795Z   ExtensionSdkDir: C:\Program Files (x86)\Microsoft SDKs\Windows Kits\10\ExtensionSDKs
2025-06-25T02:54:46.5584798Z   EXTERNAL_INCLUDE: C:\Program Files\Microsoft Visual Studio\2022\Enterprise\VC\Tools\MSVC\14.43.34808\include;C:\Program Files\Microsoft Visual Studio\2022\Enterprise\VC\Tools\MSVC\14.43.34808\ATLMFC\include;C:\Program Files\Microsoft Visual Studio\2022\Enterprise\VC\Auxiliary\VS\include;C:\Program Files (x86)\Windows Kits\10\include\10.0.26100.0\ucrt;C:\Program Files (x86)\Windows Kits\10\\include\10.0.26100.0\\um;C:\Program Files (x86)\Windows Kits\10\\include\10.0.26100.0\\shared;C:\Program Files (x86)\Windows Kits\10\\include\10.0.26100.0\\winrt;C:\Program Files (x86)\Windows Kits\10\\include\10.0.26100.0\\cppwinrt;C:\Program Files (x86)\Windows Kits\NETFXSDK\4.8\include\um
2025-06-25T02:54:46.5586681Z   Framework40Version: v4.0
2025-06-25T02:54:46.5586929Z   FrameworkDir: C:\Windows\Microsoft.NET\Framework64\
2025-06-25T02:54:46.5587237Z   FrameworkDir64: C:\Windows\Microsoft.NET\Framework64\
2025-06-25T02:54:46.5587494Z   FrameworkVersion: v4.0.30319
2025-06-25T02:54:46.5587703Z   FrameworkVersion64: v4.0.30319
2025-06-25T02:54:46.5588171Z   FSHARPINSTALLDIR: C:\Program Files\Microsoft Visual Studio\2022\Enterprise\Common7\IDE\CommonExtensions\Microsoft\FSharp\Tools
2025-06-25T02:54:46.5588692Z   HTMLHelpDir: C:\Program Files (x86)\HTML Help Workshop
2025-06-25T02:54:46.5589115Z   IFCPATH: C:\Program Files\Microsoft Visual Studio\2022\Enterprise\VC\Tools\MSVC\14.43.34808\ifc\x64
2025-06-25T02:54:46.5592682Z   INCLUDE: C:\Program Files\Microsoft Visual Studio\2022\Enterprise\VC\Tools\MSVC\14.43.34808\include;C:\Program Files\Microsoft Visual Studio\2022\Enterprise\VC\Tools\MSVC\14.43.34808\ATLMFC\include;C:\Program Files\Microsoft Visual Studio\2022\Enterprise\VC\Auxiliary\VS\include;C:\Program Files (x86)\Windows Kits\10\include\10.0.26100.0\ucrt;C:\Program Files (x86)\Windows Kits\10\\include\10.0.26100.0\\um;C:\Program Files (x86)\Windows Kits\10\\include\10.0.26100.0\\shared;C:\Program Files (x86)\Windows Kits\10\\include\10.0.26100.0\\winrt;C:\Program Files (x86)\Windows Kits\10\\include\10.0.26100.0\\cppwinrt;C:\Program Files (x86)\Windows Kits\NETFXSDK\4.8\include\um
2025-06-25T02:54:46.5595250Z   is_x64_arch: true
2025-06-25T02:54:46.5596307Z   LIB: C:\Program Files\Microsoft Visual Studio\2022\Enterprise\VC\Tools\MSVC\14.43.34808\ATLMFC\lib\x64;C:\Program Files\Microsoft Visual Studio\2022\Enterprise\VC\Tools\MSVC\14.43.34808\lib\x64;C:\Program Files (x86)\Windows Kits\NETFXSDK\4.8\lib\um\x64;C:\Program Files (x86)\Windows Kits\10\lib\10.0.26100.0\ucrt\x64;C:\Program Files (x86)\Windows Kits\10\\lib\10.0.26100.0\\um\x64
2025-06-25T02:54:46.5598549Z   LIBPATH: C:\Program Files\Microsoft Visual Studio\2022\Enterprise\VC\Tools\MSVC\14.43.34808\ATLMFC\lib\x64;C:\Program Files\Microsoft Visual Studio\2022\Enterprise\VC\Tools\MSVC\14.43.34808\lib\x64;C:\Program Files\Microsoft Visual Studio\2022\Enterprise\VC\Tools\MSVC\14.43.34808\lib\x86\store\references;C:\Program Files (x86)\Windows Kits\10\UnionMetadata\10.0.26100.0;C:\Program Files (x86)\Windows Kits\10\References\10.0.26100.0;C:\Windows\Microsoft.NET\Framework64\v4.0.30319
2025-06-25T02:54:46.5599994Z   NETFXSDKDir: C:\Program Files (x86)\Windows Kits\NETFXSDK\4.8\
2025-06-25T02:54:46.5613386Z   Path: C:\Program Files\Microsoft Visual Studio\2022\Enterprise\VC\Tools\MSVC\14.43.34808\bin\HostX64\x64;C:\Program Files\Microsoft Visual Studio\2022\Enterprise\Common7\IDE\VC\VCPackages;C:\Program Files\Microsoft Visual Studio\2022\Enterprise\Common7\IDE\CommonExtensions\Microsoft\TestWindow;C:\Program Files\Microsoft Visual Studio\2022\Enterprise\Common7\IDE\CommonExtensions\Microsoft\TeamFoundation\Team Explorer;C:\Program Files\Microsoft Visual Studio\2022\Enterprise\MSBuild\Current\bin\Roslyn;C:\Program Files (x86)\Microsoft SDKs\Windows\v10.0A\bin\NETFX 4.8 Tools\x64\;C:\Program Files (x86)\HTML Help Workshop;C:\Program Files\Microsoft Visual Studio\2022\Enterprise\Common7\IDE\CommonExtensions\Microsoft\FSharp\Tools;C:\Program Files\Microsoft Visual Studio\2022\Enterprise\Team Tools\DiagnosticsHub\Collector;C:\Program Files\Microsoft Visual Studio\2022\Enterprise\Common7\IDE\Extensions\Microsoft\CodeCoverage.Console;C:\Program Files (x86)\Windows Kits\10\bin\10.0.26100.0\\x64;C:\Program Files (x86)\Windows Kits\10\bin\\x64;C:\Program Files\Microsoft Visual Studio\2022\Enterprise\\MSBuild\Current\Bin\amd64;C:\Windows\Microsoft.NET\Framework64\v4.0.30319;C:\Program Files\Microsoft Visual Studio\2022\Enterprise\Common7\IDE\;C:\Program Files\Microsoft Visual Studio\2022\Enterprise\Common7\Tools\;C:\Users\runneradmin\AppData\Roaming\Python\Python313\Scripts;C:\hostedtoolcache\windows\Python\3.13.3\x64\Scripts;C:\hostedtoolcache\windows\Python\3.13.3\x64;C:\Program Files\MongoDB\Server\5.0\bin;C:\aliyun-cli;C:\vcpkg;C:\Program Files (x86)\NSIS\;C:\tools\zstd;C:\Program Files\Mercurial\;C:\hostedtoolcache\windows\stack\3.5.1\x64;C:\cabal\bin;C:\\ghcup\bin;C:\mingw64\bin;C:\Program Files\dotnet;C:\Program Files\MySQL\MySQL Server 8.0\bin;C:\Program Files\R\R-4.4.2\bin\x64;C:\SeleniumWebDrivers\GeckoDriver;C:\SeleniumWebDrivers\EdgeDriver\;C:\SeleniumWebDrivers\ChromeDriver;C:\Program Files (x86)\sbt\bin;C:\Program Files (x86)\GitHub CLI;C:\Program Files\Git\bin;C:\Program Files (x86)\pipx_bin;C:\npm\prefix;C:\hostedtoolcache\windows\go\1.24.3\x64\bin;C:\hostedtoolcache\windows\Python\3.9.13\x64\Scripts;C:\hostedtoolcache\windows\Python\3.9.13\x64;C:\hostedtoolcache\windows\Ruby\3.3.8\x64\bin;C:\Program Files\OpenSSL\bin;C:\tools\kotlinc\bin;C:\hostedtoolcache\windows\Java_Temurin-Hotspot_jdk\8.0.452-9\x64\bin;C:\Program Files\ImageMagick-7.1.1-Q16-HDRI;C:\Program Files\Microsoft SDKs\Azure\CLI2\wbin;C:\ProgramData\kind;C:\ProgramData\Chocolatey\bin;C:\Windows\system32;C:\Windows;C:\Windows\System32\Wbem;C:\Windows\System32\WindowsPowerShell\v1.0\;C:\Windows\System32\OpenSSH\;C:\Program Files\dotnet\;C:\Program Files\PowerShell\7\;C:\Program Files\Microsoft\Web Platform Installer\;C:\Program Files\TortoiseSVN\bin;C:\Program Files\Microsoft SQL Server\Client SDK\ODBC\170\Tools\Binn\;C:\Program Files\Microsoft SQL Server\150\Tools\Binn\;C:\Program Files (x86)\Windows Kits\10\Windows Performance Toolkit\;C:\Program Files (x86)\WiX Toolset v3.14\bin;C:\Program Files\Microsoft SQL Server\130\DTS\Binn\;C:\Program Files\Microsoft SQL Server\140\DTS\Binn\;C:\Program Files\Microsoft SQL Server\150\DTS\Binn\;C:\Program Files\Microsoft SQL Server\160\DTS\Binn\;C:\Strawberry\c\bin;C:\Strawberry\perl\site\bin;C:\Strawberry\perl\bin;C:\ProgramData\chocolatey\lib\pulumi\tools\Pulumi\bin;C:\Program Files\CMake\bin;C:\ProgramData\chocolatey\lib\maven\apache-maven-3.9.9\bin;C:\Program Files\Microsoft Service Fabric\bin\Fabric\Fabric.Code;C:\Program Files\Microsoft SDKs\Service Fabric\Tools\ServiceFabricLocalClusterManager;C:\Program Files\nodejs\;C:\Program Files\Git\cmd;C:\Program Files\Git\mingw64\bin;C:\Program Files\Git\usr\bin;C:\Program Files\GitHub CLI\;c:\tools\php;C:\Program Files\Amazon\AWSCLIV2\;C:\Program Files\Amazon\SessionManagerPlugin\bin\;C:\Program Files\Amazon\AWSSAMCLI\bin\;C:\Program Files\Microsoft SQL Server\130\Tools\Binn\;C:\Program Files\LLVM\bin;C:\Users\runneradmin\.dotnet\tools;C:\Users\runneradmin\.cargo\bin;C:\Users\runneradmin\AppData\Local\Microsoft\WindowsApps;C:\Program Files (x86)\Microsoft Visual Studio\Installer;C:\Program Files\Microsoft Visual Studio\2022\Enterprise\VC\Tools\Llvm\x64\bin;C:\Program Files\Microsoft Visual Studio\2022\Enterprise\Common7\IDE\CommonExtensions\Microsoft\CMake\CMake\bin;C:\Program Files\Microsoft Visual Studio\2022\Enterprise\Common7\IDE\CommonExtensions\Microsoft\CMake\Ninja;C:\Program Files\Microsoft Visual Studio\2022\Enterprise\Common7\IDE\VC\Linux\bin\ConnectionManagerExe;C:\Program Files\Microsoft Visual Studio\2022\Enterprise\VC\vcpkg
2025-06-25T02:54:46.5626480Z   Platform: x64
2025-06-25T02:54:46.5626656Z   UCRTVersion: 10.0.26100.0
2025-06-25T02:54:46.5626926Z   UniversalCRTSdkDir: C:\Program Files (x86)\Windows Kits\10\
2025-06-25T02:54:46.5627375Z   VCIDEInstallDir: C:\Program Files\Microsoft Visual Studio\2022\Enterprise\Common7\IDE\VC\
2025-06-25T02:54:46.5627850Z   VCINSTALLDIR: C:\Program Files\Microsoft Visual Studio\2022\Enterprise\VC\
2025-06-25T02:54:46.5628204Z   VCPKG_ROOT: D:\a\synthizer3d\synthizer3d\vcpkg
2025-06-25T02:54:46.5628632Z   VCToolsInstallDir: C:\Program Files\Microsoft Visual Studio\2022\Enterprise\VC\Tools\MSVC\14.43.34808\
2025-06-25T02:54:46.5629207Z   VCToolsRedistDir: C:\Program Files\Microsoft Visual Studio\2022\Enterprise\VC\Redist\MSVC\14.42.34433\
2025-06-25T02:54:46.5629612Z   VCToolsVersion: 14.43.34808
2025-06-25T02:54:46.5629821Z   VisualStudioVersion: 17.0
2025-06-25T02:54:46.5630154Z   VS170COMNTOOLS: C:\Program Files\Microsoft Visual Studio\2022\Enterprise\Common7\Tools\
2025-06-25T02:54:46.5630526Z   VSCMD_ARG_app_plat: Desktop
2025-06-25T02:54:46.5630727Z   VSCMD_ARG_HOST_ARCH: x64
2025-06-25T02:54:46.5630910Z   VSCMD_ARG_TGT_ARCH: x64
2025-06-25T02:54:46.5631081Z   VSCMD_VER: 17.13.2
2025-06-25T02:54:46.5631352Z   VSINSTALLDIR: C:\Program Files\Microsoft Visual Studio\2022\Enterprise\
2025-06-25T02:54:46.5631784Z   VSSDK150INSTALL: C:\Program Files\Microsoft Visual Studio\2022\Enterprise\VSSDK
2025-06-25T02:54:46.5632212Z   VSSDKINSTALL: C:\Program Files\Microsoft Visual Studio\2022\Enterprise\VSSDK
2025-06-25T02:54:46.5632814Z   WindowsLibPath: C:\Program Files (x86)\Windows Kits\10\UnionMetadata\10.0.26100.0;C:\Program Files (x86)\Windows Kits\10\References\10.0.26100.0
2025-06-25T02:54:46.5633380Z   WindowsSdkBinPath: C:\Program Files (x86)\Windows Kits\10\bin\
2025-06-25T02:54:46.5633721Z   WindowsSdkDir: C:\Program Files (x86)\Windows Kits\10\
2025-06-25T02:54:46.5633987Z   WindowsSDKLibVersion: 10.0.26100.0\
2025-06-25T02:54:46.5634403Z   WindowsSdkVerBinPath: C:\Program Files (x86)\Windows Kits\10\bin\10.0.26100.0\
2025-06-25T02:54:46.5634738Z   WindowsSDKVersion: 10.0.26100.0\
2025-06-25T02:54:46.5635827Z   WindowsSDK_ExecutablePath_x64: C:\Program Files (x86)\Microsoft SDKs\Windows\v10.0A\bin\NETFX 4.8 Tools\x64\
2025-06-25T02:54:46.5636439Z   WindowsSDK_ExecutablePath_x86: C:\Program Files (x86)\Microsoft SDKs\Windows\v10.0A\bin\NETFX 4.8 Tools\
2025-06-25T02:54:46.5636939Z   __DOTNET_ADD_64BIT: 1
2025-06-25T02:54:46.5637142Z   __DOTNET_PREFERRED_BITNESS: 64
2025-06-25T02:54:46.5644980Z   __VSCMD_PREINIT_PATH: C:\Users\runneradmin\AppData\Roaming\Python\Python313\Scripts;C:\hostedtoolcache\windows\Python\3.13.3\x64\Scripts;C:\hostedtoolcache\windows\Python\3.13.3\x64;C:\Program Files\MongoDB\Server\5.0\bin;C:\aliyun-cli;C:\vcpkg;C:\Program Files (x86)\NSIS\;C:\tools\zstd;C:\Program Files\Mercurial\;C:\hostedtoolcache\windows\stack\3.5.1\x64;C:\cabal\bin;C:\\ghcup\bin;C:\mingw64\bin;C:\Program Files\dotnet;C:\Program Files\MySQL\MySQL Server 8.0\bin;C:\Program Files\R\R-4.4.2\bin\x64;C:\SeleniumWebDrivers\GeckoDriver;C:\SeleniumWebDrivers\EdgeDriver\;C:\SeleniumWebDrivers\ChromeDriver;C:\Program Files (x86)\sbt\bin;C:\Program Files (x86)\GitHub CLI;C:\Program Files\Git\bin;C:\Program Files (x86)\pipx_bin;C:\npm\prefix;C:\hostedtoolcache\windows\go\1.24.3\x64\bin;C:\hostedtoolcache\windows\Python\3.9.13\x64\Scripts;C:\hostedtoolcache\windows\Python\3.9.13\x64;C:\hostedtoolcache\windows\Ruby\3.3.8\x64\bin;C:\Program Files\OpenSSL\bin;C:\tools\kotlinc\bin;C:\hostedtoolcache\windows\Java_Temurin-Hotspot_jdk\8.0.452-9\x64\bin;C:\Program Files\ImageMagick-7.1.1-Q16-HDRI;C:\Program Files\Microsoft SDKs\Azure\CLI2\wbin;C:\ProgramData\kind;C:\ProgramData\Chocolatey\bin;C:\Windows\system32;C:\Windows;C:\Windows\System32\Wbem;C:\Windows\System32\WindowsPowerShell\v1.0\;C:\Windows\System32\OpenSSH\;C:\Program Files\dotnet\;C:\Program Files\PowerShell\7\;C:\Program Files\Microsoft\Web Platform Installer\;C:\Program Files\TortoiseSVN\bin;C:\Program Files\Microsoft SQL Server\Client SDK\ODBC\170\Tools\Binn\;C:\Program Files\Microsoft SQL Server\150\Tools\Binn\;C:\Program Files (x86)\Windows Kits\10\Windows Performance Toolkit\;C:\Program Files (x86)\WiX Toolset v3.14\bin;C:\Program Files\Microsoft SQL Server\130\DTS\Binn\;C:\Program Files\Microsoft SQL Server\140\DTS\Binn\;C:\Program Files\Microsoft SQL Server\150\DTS\Binn\;C:\Program Files\Microsoft SQL Server\160\DTS\Binn\;C:\Strawberry\c\bin;C:\Strawberry\perl\site\bin;C:\Strawberry\perl\bin;C:\ProgramData\chocolatey\lib\pulumi\tools\Pulumi\bin;C:\Program Files\CMake\bin;C:\ProgramData\chocolatey\lib\maven\apache-maven-3.9.9\bin;C:\Program Files\Microsoft Service Fabric\bin\Fabric\Fabric.Code;C:\Program Files\Microsoft SDKs\Service Fabric\Tools\ServiceFabricLocalClusterManager;C:\Program Files\nodejs\;C:\Program Files\Git\cmd;C:\Program Files\Git\mingw64\bin;C:\Program Files\Git\usr\bin;C:\Program Files\GitHub CLI\;c:\tools\php;C:\Program Files (x86)\sbt\bin;C:\Program Files\Amazon\AWSCLIV2\;C:\Program Files\Amazon\SessionManagerPlugin\bin\;C:\Program Files\Amazon\AWSSAMCLI\bin\;C:\Program Files\Microsoft SQL Server\130\Tools\Binn\;C:\Program Files\LLVM\bin;C:\Users\runneradmin\.dotnet\tools;C:\Users\runneradmin\.cargo\bin;C:\Users\runneradmin\AppData\Local\Microsoft\WindowsApps;C:\Program Files (x86)\Microsoft Visual Studio\Installer
2025-06-25T02:54:46.5653190Z   VCPKG_DEFAULT_BINARY_CACHE: D:/a/synthizer3d/synthizer3d/969f6665-88a2-4c98-938e-ca9259871fec/vcpkg_cache
2025-06-25T02:54:46.5653639Z   VCPKG_BINARY_SOURCES: clear;x-gha,readwrite
2025-06-25T02:54:46.5654186Z   ACTIONS_CACHE_URL: https://acghubeus2.actions.githubusercontent.com/bwbzopuV3oKlbowlUKWdOnf6KF0vjv7EYqCB3ZHqukKhTVgy74/
2025-06-25T02:54:46.5690486Z   ACTIONS_RUNTIME_TOKEN: ***
2025-06-25T02:54:46.5690746Z   RUNVCPKG_VCPKG_ROOT: D:\a\synthizer3d\synthizer3d\vcpkg
2025-06-25T02:54:46.5691120Z   CMAKE_PREFIX_PATH: D:\a\synthizer3d\synthizer3d\vcpkg_installed\x64-windows
2025-06-25T02:54:46.5691601Z   SYNTHIZER_EXPECTED_VCPKG_PATH_FOR_DEBUG: D:\a\synthizer3d\synthizer3d\vcpkg_installed\x64-windows
2025-06-25T02:54:46.5692062Z ##[endgroup]
2025-06-25T02:54:46.8566297Z Arch: x64
2025-06-25T02:54:46.8584719Z Current CMAKE_PREFIX_PATH for build is: D:\a\synthizer3d\synthizer3d\vcpkg_installed\x64-windows
2025-06-25T02:54:46.8592375Z EFFECTIVE_VCPKG_INSTALLED_DIR_BASE for build is: D:\a\synthizer3d\synthizer3d\vcpkg_installed
2025-06-25T02:54:46.8600557Z Synthizer expects vcpkg path (for debug/verification): D:\a\synthizer3d\synthizer3d\vcpkg_installed\x64-windows
2025-06-25T02:54:47.0247950Z * Getting build dependencies for wheel...
2025-06-25T02:54:50.8963225Z Set VCPKG_INSTALLED_PATH to D:\a\synthizer3d\synthizer3d\vcpkg_installed\x64-windows
2025-06-25T02:54:50.8963832Z 
2025-06-25T02:54:50.8963842Z 
2025-06-25T02:54:50.8964261Z --------------------------------------------------------------------------------
2025-06-25T02:54:50.8964951Z -- Trying 'Ninja (Visual Studio 17 2022 x64 v144)' generator
2025-06-25T02:54:50.8965363Z --------------------------------
2025-06-25T02:54:50.8965622Z ---------------------------
2025-06-25T02:54:50.8965841Z ----------------------
2025-06-25T02:54:50.8966029Z -----------------
2025-06-25T02:54:50.8966187Z ------------
2025-06-25T02:54:50.8966331Z -------
2025-06-25T02:54:50.8966460Z --
2025-06-25T02:54:50.9094342Z Not searching for unused variables given on the command line.
2025-06-25T02:54:51.0123057Z CMake Deprecation Warning at CMakeLists.txt:1 (cmake_minimum_required):
2025-06-25T02:54:51.0124337Z   Compatibility with CMake < 3.10 will be removed from a future version of
2025-06-25T02:54:51.0125058Z   CMake.
2025-06-25T02:54:51.0125259Z 
2025-06-25T02:54:51.0125899Z   Update the VERSION argument <min> value.  Or, use the <min>...<max> syntax
2025-06-25T02:54:51.0127078Z   to tell CMake that the project requires at least <min> but has been updated
2025-06-25T02:54:51.0127949Z   to work with policies introduced by <max> or earlier.
2025-06-25T02:54:51.0128271Z 
2025-06-25T02:54:51.0128279Z 
2025-06-25T02:54:53.5676972Z -- The C compiler identification is MSVC 19.43.34808.0
2025-06-25T02:54:53.6234756Z -- Detecting C compiler ABI info
2025-06-25T02:54:55.0763830Z -- Detecting C compiler ABI info - done
2025-06-25T02:54:55.1210847Z -- Check for working C compiler: C:/Program Files/Microsoft Visual Studio/2022/Enterprise/VC/Tools/MSVC/14.43.34808/bin/Hostx86/x64/cl.exe - skipped
2025-06-25T02:54:55.1214827Z -- Detecting C compile features
2025-06-25T02:54:55.1220811Z -- Detecting C compile features - done
2025-06-25T02:54:57.3210404Z -- The CXX compiler identification is MSVC 19.43.34808.0
2025-06-25T02:54:57.3295790Z -- Detecting CXX compiler ABI info
2025-06-25T02:54:57.8020845Z -- Detecting CXX compiler ABI info - done
2025-06-25T02:54:57.8157491Z -- Check for working CXX compiler: C:/Program Files/Microsoft Visual Studio/2022/Enterprise/VC/Tools/MSVC/14.43.34808/bin/Hostx86/x64/cl.exe - skipped
2025-06-25T02:54:57.8161660Z -- Detecting CXX compile features
2025-06-25T02:54:57.8173006Z -- Detecting CXX compile features - done
2025-06-25T02:54:57.8215411Z -- Configuring done (6.9s)
2025-06-25T02:54:57.8386331Z -- Generating done (0.0s)
2025-06-25T02:54:57.8395383Z -- Build files have been written to: D:/a/synthizer3d/synthizer3d/_cmake_test_compile/build
2025-06-25T02:54:57.8459005Z --
2025-06-25T02:54:57.8459286Z -------
2025-06-25T02:54:57.8459562Z ------------
2025-06-25T02:54:57.8459952Z -----------------
2025-06-25T02:54:57.8460264Z ----------------------
2025-06-25T02:54:57.8460642Z ---------------------------
2025-06-25T02:54:57.8461053Z --------------------------------
2025-06-25T02:54:57.8461724Z -- Trying 'Ninja (Visual Studio 17 2022 x64 v144)' generator - success
2025-06-25T02:54:57.8462217Z --------------------------------------------------------------------------------
2025-06-25T02:54:57.8462457Z 
2025-06-25T02:54:57.8714785Z Configuring Project
2025-06-25T02:54:57.8715199Z   Working directory:
2025-06-25T02:54:57.8716172Z     D:\a\synthizer3d\synthizer3d\_skbuild\win-amd64-3.13\cmake-build
2025-06-25T02:54:57.8716536Z   Command:
2025-06-25T02:54:57.8725983Z     'C:\hostedtoolcache\windows\Python\3.13.3\x64\Lib\site-packages\cmake\data\bin/cmake.exe' 'D:\a\synthizer3d\synthizer3d\synthizer-vendored' -G Ninja '-DCMAKE_MAKE_PROGRAM:FILEPATH=C:\hostedtoolcache\windows\Python\3.13.3\x64\Scripts\ninja' -D_SKBUILD_FORCE_MSVC=1930 --no-warn-unused-cli '-DCMAKE_INSTALL_PREFIX:PATH=D:\a\synthizer3d\synthizer3d\_skbuild\win-amd64-3.13\cmake-install' -DPYTHON_VERSION_STRING:STRING=3.13.3 -DSKBUILD:INTERNAL=TRUE '-DCMAKE_MODULE_PATH:PATH=C:\hostedtoolcache\windows\Python\3.13.3\x64\Lib\site-packages\skbuild\resources\cmake' '-DPYTHON_EXECUTABLE:PATH=C:\hostedtoolcache\windows\Python\3.13.3\x64\python.exe' '-DPYTHON_INCLUDE_DIR:PATH=C:\hostedtoolcache\windows\Python\3.13.3\x64\Include' '-DPYTHON_LIBRARY:PATH=C:\hostedtoolcache\windows\Python\3.13.3\x64\libs\python313.lib' '-DPython_EXECUTABLE:PATH=C:\hostedtoolcache\windows\Python\3.13.3\x64\python.exe' '-DPython_ROOT_DIR:PATH=C:\hostedtoolcache\windows\Python\3.13.3\x64' -DPython_FIND_REGISTRY:STRING=NEVER '-DPython_INCLUDE_DIR:PATH=C:\hostedtoolcache\windows\Python\3.13.3\x64\Include' '-DPython_LIBRARY:PATH=C:\hostedtoolcache\windows\Python\3.13.3\x64\libs\python313.lib' '-DPython3_EXECUTABLE:PATH=C:\hostedtoolcache\windows\Python\3.13.3\x64\python.exe' '-DPython3_ROOT_DIR:PATH=C:\hostedtoolcache\windows\Python\3.13.3\x64' -DPython3_FIND_REGISTRY:STRING=NEVER '-DPython3_INCLUDE_DIR:PATH=C:\hostedtoolcache\windows\Python\3.13.3\x64\Include' '-DPython3_LIBRARY:PATH=C:\hostedtoolcache\windows\Python\3.13.3\x64\libs\python313.lib' '-DCMAKE_MAKE_PROGRAM:FILEPATH=C:\hostedtoolcache\windows\Python\3.13.3\x64\Scripts\ninja' -DCMAKE_BUILD_TYPE=Release -DCMAKE_MSVC_RUNTIME_LIBRARY=MultiThreadedDLL -DSYZ_STATIC_RUNTIME=OFF -DCMAKE_POSITION_INDEPENDENT_CODE=TRUE -DSYZ_INTEGRATING=ON
2025-06-25T02:54:57.8734513Z 
2025-06-25T02:54:57.8850208Z Not searching for unused variables given on the command line.
2025-06-25T02:54:58.3277593Z -- The C compiler identification is MSVC 19.43.34808.0
2025-06-25T02:54:58.6867053Z -- The CXX compiler identification is MSVC 19.43.34808.0
2025-06-25T02:54:58.7347765Z -- Detecting C compiler ABI info
2025-06-25T02:54:59.3148561Z -- Detecting C compiler ABI info - done
2025-06-25T02:54:59.3281002Z -- Check for working C compiler: C:/Program Files/Microsoft Visual Studio/2022/Enterprise/VC/Tools/MSVC/14.43.34808/bin/Hostx86/x64/cl.exe - skipped
2025-06-25T02:54:59.3284916Z -- Detecting C compile features
2025-06-25T02:54:59.3291126Z -- Detecting C compile features - done
2025-06-25T02:54:59.3383203Z -- Detecting CXX compiler ABI info
2025-06-25T02:54:59.7236107Z -- Detecting CXX compiler ABI info - done
2025-06-25T02:54:59.7368595Z -- Check for working CXX compiler: C:/Program Files/Microsoft Visual Studio/2022/Enterprise/VC/Tools/MSVC/14.43.34808/bin/Hostx86/x64/cl.exe - skipped
2025-06-25T02:54:59.7372787Z -- Detecting CXX compile features
2025-06-25T02:54:59.7384336Z -- Detecting CXX compile features - done
2025-06-25T02:55:00.0924677Z -- Performing Test CMAKE_HAVE_LIBC_PTHREAD
2025-06-25T02:55:00.1894121Z -- Performing Test CMAKE_HAVE_LIBC_PTHREAD - Failed
2025-06-25T02:55:00.1894885Z -- Looking for pthread_create in pthreads
2025-06-25T02:55:00.5011496Z -- Looking for pthread_create in pthreads - not found
2025-06-25T02:55:00.5012305Z -- Looking for pthread_create in pthread
2025-06-25T02:55:00.6293065Z -- Looking for pthread_create in pthread - not found
2025-06-25T02:55:00.6305326Z -- Found Threads: TRUE
2025-06-25T02:55:00.7356842Z -- Found SoundTouch: D:/a/synthizer3d/synthizer3d/vcpkg_installed/x64-windows/debug/bin/SoundTouch.dll
2025-06-25T02:55:00.7363860Z -- Performing Test OP_READ_FLOAT_AVAILABLE
2025-06-25T02:55:01.5745743Z -- Performing Test OP_READ_FLOAT_AVAILABLE - Success
2025-06-25T02:55:01.5746501Z -- op_read_float is available
2025-06-25T02:55:05.6670915Z -- Performing Test FILESYSTEM_OK
2025-06-25T02:55:07.4765998Z -- Performing Test FILESYSTEM_OK - Success
2025-06-25T02:55:07.4766786Z -- Found C++17 filesystem support
2025-06-25T02:55:07.4776234Z -- Using vcpkg includes from VCPKG_INSTALLED_PATH: D:\a\synthizer3d\synthizer3d\vcpkg_installed\x64-windows/include
2025-06-25T02:55:08.1883775Z -- Math library not found
2025-06-25T02:55:08.1893767Z -- Configuring done (10.3s)
2025-06-25T02:55:08.2312891Z -- Generating done (0.0s)
2025-06-25T02:55:08.2322851Z -- Build files have been written to: D:/a/synthizer3d/synthizer3d/_skbuild/win-amd64-3.13/cmake-build
2025-06-25T02:55:18.0597051Z [1/29] Building CXX object CMakeFiles\synthizer.dir\src\base_object.cpp.obj
2025-06-25T02:55:18.4035857Z [2/29] Building CXX object CMakeFiles\synthizer.dir\src\byte_stream.cpp.obj
2025-06-25T02:55:18.6849134Z [3/29] Building CXX object CMakeFiles\synthizer.dir\src\audio_output.cpp.obj
2025-06-25T02:55:19.0599775Z [4/29] Building CXX object CMakeFiles\synthizer.dir\src\decoding.cpp.obj
2025-06-25T02:55:19.2636828Z cl : Command line warning D9025 : overriding '/WX' with '/WX-'
2025-06-25T02:55:19.5009851Z [5/29] Building CXX object CMakeFiles\synthizer.dir\src\error.cpp.obj
2025-06-25T02:55:24.8123758Z [6/29] Building CXX object CMakeFiles\synthizer.dir\src\event_timeline.cpp.obj
2025-06-25T02:55:24.8807708Z [7/29] Building C object CMakeFiles\synthizer_single_file_libs.dir\src\single_file_libs.c.obj
2025-06-25T02:55:24.9566051Z [8/29] Building CXX object CMakeFiles\synthizer.dir\src\generator.cpp.obj
2025-06-25T02:55:25.0186838Z [9/29] Building CXX object CMakeFiles\synthizer.dir\src\context.cpp.obj
2025-06-25T02:55:25.0206541Z [10/29] Building CXX object CMakeFiles\synthizer.dir\src\logging.cpp.obj
2025-06-25T02:55:25.0671820Z [11/29] Building CXX object CMakeFiles\synthizer.dir\src\events.cpp.obj
2025-06-25T02:55:25.0923718Z [12/29] Building CXX object CMakeFiles\synthizer.dir\src\property_internals.cpp.obj
2025-06-25T02:55:29.3202386Z [13/29] Building CXX object CMakeFiles\synthizer.dir\src\memory.cpp.obj
2025-06-25T02:55:29.6319009Z [14/29] Building CXX object CMakeFiles\synthizer.dir\src\routable.cpp.obj
2025-06-25T02:55:30.0278881Z [15/29] Building CXX object CMakeFiles\synthizer.dir\src\pausable.cpp.obj
2025-06-25T02:55:30.3244686Z [16/29] Building CXX object CMakeFiles\synthizer.dir\src\data\arrays.cpp.obj
2025-06-25T02:55:30.6220646Z [17/29] Building CXX object CMakeFiles\synthizer.dir\src\data\hrtf.cpp.obj
2025-06-25T02:55:30.8577373Z [18/29] Building CXX object CMakeFiles\synthizer.dir\src\shared_object.cpp.obj
2025-06-25T02:55:31.1385068Z [19/29] Building CXX object CMakeFiles\synthizer.dir\src\streams\custom_stream.cpp.obj
2025-06-25T02:55:32.2678308Z [20/29] Building CXX object CMakeFiles\synthizer.dir\src\streams\memory_stream.cpp.obj
2025-06-25T02:55:32.8108391Z [21/29] Building CXX object CMakeFiles\synthizer.dir\src\streams\file.cpp.obj
2025-06-25T02:55:33.1823721Z [22/29] Building CXX object CMakeFiles\synthizer.dir\include\synthizer\decoders\aac.cpp.obj
2025-06-25T02:55:33.2337994Z FAILED: CMakeFiles/synthizer.dir/include/synthizer/decoders/aac.cpp.obj 
2025-06-25T02:55:33.2692515Z C:\PROGRA~1\MICROS~2\2022\ENTERP~1\VC\Tools\MSVC\1443~1.348\bin\Hostx86\x64\cl.exe  /nologo /TP -DBUILDING_SYNTHIZER -DNOMINMAX -DOP_READ_FLOAT_AVAILABLE -DSYZ_MAJOR=0 -DSYZ_MINOR=1 -DSYZ_PATCH=9 -DSYZ_USE_FILESYSTEM -DWDL_RESAMPLE_TYPE=float -ID:\a\synthizer3d\synthizer3d\synthizer-vendored\include -ID:\a\synthizer3d\synthizer3d\synthizer-vendored\deps\deps\third_party\wdl -ID:\a\synthizer3d\synthizer3d\vcpkg_installed\x64-windows\include -ID:\a\synthizer3d\synthizer3d\synthizer-vendored\deps\deps\third_party\boost_partial -ID:\a\synthizer3d\synthizer3d\synthizer-vendored\deps\deps\third_party\concurrentqueue -ID:\a\synthizer3d\synthizer3d\synthizer-vendored\deps\deps\third_party\cpp11-on-multicore\common -ID:\a\synthizer3d\synthizer3d\synthizer-vendored\deps\deps\third_party\dr_libs -ID:\a\synthizer3d\synthizer3d\synthizer-vendored\deps\deps\third_party\hedley -ID:\a\synthizer3d\synthizer3d\synthizer-vendored\deps\deps\third_party\miniaudio -ID:\a\synthizer3d\synthizer3d\synthizer-vendored\deps\deps\third_party\pdqsort /DWIN32 /D_WINDOWS /GR /EHsc /O2 /Ob2 /DNDEBUG -std:c++17 -MD /wd4068 /wd5030 /wd4244 /wd4267 /Zc:preprocessor /wd5105 /wd4127 /experimental:external /external:W0 /external:anglebrackets /wd4702 /W4 /WX /showIncludes /FoCMakeFiles\synthizer.dir\include\synthizer\decoders\aac.cpp.obj /FdCMakeFiles\synthizer.dir\synthizer.pdb /FS -c D:\a\synthizer3d\synthizer3d\synthizer-vendored\include\synthizer\decoders\aac.cpp
2025-06-25T02:55:33.4728811Z ##[error]D:\a\synthizer3d\synthizer3d\synthizer-vendored\include\synthizer\decoders\aac.cpp(55): error C2220: the following warning is treated as an error
2025-06-25T02:55:33.4980594Z ##[warning]D:\a\synthizer3d\synthizer3d\synthizer-vendored\include\synthizer\decoders\aac.cpp(55): warning C4458: declaration of 'channels' hides class member
2025-06-25T02:55:33.6665549Z D:\a\synthizer3d\synthizer3d\synthizer-vendored\include\synthizer/decoders/aac.hpp(40): note: see declaration of 'synthizer::aac_detail::AacDecoder::channels'
2025-06-25T02:55:33.6887175Z ##[warning]D:\a\synthizer3d\synthizer3d\synthizer-vendored\include\synthizer\decoders\aac.cpp(177): warning C4100: 'pos': unreferenced formal parameter
2025-06-25T02:55:33.7346160Z [23/29] Building CXX object CMakeFiles\synthizer.dir\include\synthizer\decoders\opus.cpp.obj
2025-06-25T02:55:33.7999088Z [24/29] Building CXX object CMakeFiles\synthizer.dir\src\router.cpp.obj
2025-06-25T02:55:35.0329140Z [25/29] Building CXX object CMakeFiles\synthizer.dir\include\synthizer\decoders\ogg.cpp.obj
2025-06-25T02:55:35.0330389Z [26/29] Building CXX object _deps\wdl-build\CMakeFiles\wdl_objlib.dir\WDL\resample.cpp.obj
2025-06-25T02:55:35.0331388Z [27/29] Building CXX object CMakeFiles\synthizer.dir\src\c_api\unity.cpp.obj
2025-06-25T02:55:35.0332069Z ninja: build stopped: subcommand failed.
2025-06-25T02:55:35.0389712Z Traceback (most recent call last):
2025-06-25T02:55:35.0402018Z   File "C:\hostedtoolcache\windows\Python\3.13.3\x64\Lib\site-packages\pyproject_hooks\_in_process\_in_process.py", line 389, in <module>
2025-06-25T02:55:35.0402912Z     main()
2025-06-25T02:55:35.0403069Z     ~~~~^^
2025-06-25T02:55:35.0403784Z   File "C:\hostedtoolcache\windows\Python\3.13.3\x64\Lib\site-packages\pyproject_hooks\_in_process\_in_process.py", line 373, in main
2025-06-25T02:55:35.0404474Z     json_out["return_val"] = hook(**hook_input["kwargs"])
2025-06-25T02:55:35.0404859Z                              ~~~~^^^^^^^^^^^^^^^^^^^^^^^^
2025-06-25T02:55:35.0405723Z   File "C:\hostedtoolcache\windows\Python\3.13.3\x64\Lib\site-packages\pyproject_hooks\_in_process\_in_process.py", line 143, in get_requires_for_build_wheel
2025-06-25T02:55:35.0406382Z     return hook(config_settings)
2025-06-25T02:55:35.0407140Z   File "C:\hostedtoolcache\windows\Python\3.13.3\x64\Lib\site-packages\setuptools\build_meta.py", line 331, in get_requires_for_build_wheel
2025-06-25T02:55:35.0407870Z     return self._get_build_requires(config_settings, requirements=[])
2025-06-25T02:55:35.0408318Z            ~~~~~~~~~~~~~~~~~~~~~~~~^^^^^^^^^^^^^^^^^^^^^^^^^^^^^^^^^^
2025-06-25T02:55:35.0409075Z   File "C:\hostedtoolcache\windows\Python\3.13.3\x64\Lib\site-packages\setuptools\build_meta.py", line 301, in _get_build_requires
2025-06-25T02:55:35.0409631Z     self.run_setup()
2025-06-25T02:55:35.0409850Z     ~~~~~~~~~~~~~~^^
2025-06-25T02:55:35.0410459Z   File "C:\hostedtoolcache\windows\Python\3.13.3\x64\Lib\site-packages\setuptools\build_meta.py", line 512, in run_setup
2025-06-25T02:55:35.0411048Z     super().run_setup(setup_script=setup_script)
2025-06-25T02:55:35.0411377Z     ~~~~~~~~~~~~~~~~~^^^^^^^^^^^^^^^^^^^^^^^^^^^
2025-06-25T02:55:35.0412027Z   File "C:\hostedtoolcache\windows\Python\3.13.3\x64\Lib\site-packages\setuptools\build_meta.py", line 317, in run_setup
2025-06-25T02:55:35.0412545Z     exec(code, locals())
2025-06-25T02:55:35.0412771Z     ~~~~^^^^^^^^^^^^^^^^
2025-06-25T02:55:35.0413030Z   File "<string>", line 68, in <module>
2025-06-25T02:55:35.0413874Z   File "C:\hostedtoolcache\windows\Python\3.13.3\x64\Lib\site-packages\skbuild\cmaker.py", line 696, in make
2025-06-25T02:55:35.0414626Z     self.make_impl(clargs=clargs, config=config, source_dir=source_dir, install_target=install_target, env=env)
2025-06-25T02:55:35.0415200Z     ~~~~~~~~~~~~~~^^^^^^^^^^^^^^^^^^^^^^^^^^^^^^^^^^^^^^^^^^^^^^^^^^^^^^^^^^^^^^^^^^^^^^^^^^^^^^^^^^^^^^^^^^^^^
2025-06-25T02:55:35.0415927Z   File "C:\hostedtoolcache\windows\Python\3.13.3\x64\Lib\site-packages\skbuild\cmaker.py", line 741, in make_impl
2025-06-25T02:55:35.0416404Z     raise SKBuildError(msg)
2025-06-25T02:55:35.0416834Z skbuild.exceptions.SKBuildError: An error occurred while building with CMake.
2025-06-25T02:55:35.0417181Z   Command:
2025-06-25T02:55:35.0417803Z     'C:\hostedtoolcache\windows\Python\3.13.3\x64\Lib\site-packages\cmake\data\bin/cmake.exe' --build . --target install --config Release --
2025-06-25T02:55:35.0418317Z   Install target:
2025-06-25T02:55:35.0418483Z     install
2025-06-25T02:55:35.0418672Z   Source directory:
2025-06-25T02:55:35.0418897Z     D:\a\synthizer3d\synthizer3d
2025-06-25T02:55:35.0419139Z   Working directory:
2025-06-25T02:55:35.0419485Z     D:\a\synthizer3d\synthizer3d\_skbuild\win-amd64-3.13\cmake-build
2025-06-25T02:55:35.0420035Z Please check the install target is valid and see CMake's output for more information.
2025-06-25T02:55:35.0420327Z 
2025-06-25T02:55:35.0802885Z 
2025-06-25T02:55:35.0804033Z ERROR Backend subprocess exited when trying to invoke get_requires_for_build_wheel
2025-06-25T02:55:35.1459716Z ##[error]Process completed with exit code 1.
2025-06-25T02:55:35.1620507Z Post job cleanup.
2025-06-25T02:55:35.4290393Z [command]"C:\Program Files\Git\bin\git.exe" version
2025-06-25T02:55:35.4512171Z git version 2.49.0.windows.1
2025-06-25T02:55:35.4581178Z Temporarily overriding HOME='D:\a\_temp\65cf3ab1-1b7e-47f1-ac2d-af1f373174aa' before making global git config changes
2025-06-25T02:55:35.4582165Z Adding repository directory to the temporary git global config as a safe directory
2025-06-25T02:55:35.4594840Z [command]"C:\Program Files\Git\bin\git.exe" config --global --add safe.directory D:\a\synthizer3d\synthizer3d
2025-06-25T02:55:35.4839932Z [command]"C:\Program Files\Git\bin\git.exe" config --local --name-only --get-regexp core\.sshCommand
2025-06-25T02:55:35.5089805Z [command]"C:\Program Files\Git\bin\git.exe" submodule foreach --recursive "sh -c \"git config --local --name-only --get-regexp 'core\.sshCommand' && git config --local --unset-all 'core.sshCommand' || :\""
2025-06-25T02:55:35.9232825Z [command]"C:\Program Files\Git\bin\git.exe" config --local --name-only --get-regexp http\.https\:\/\/github\.com\/\.extraheader
2025-06-25T02:55:35.9436592Z http.https://github.com/.extraheader
2025-06-25T02:55:35.9485953Z [command]"C:\Program Files\Git\bin\git.exe" config --local --unset-all http.https://github.com/.extraheader
2025-06-25T02:55:35.9731891Z [command]"C:\Program Files\Git\bin\git.exe" submodule foreach --recursive "sh -c \"git config --local --name-only --get-regexp 'http\.https\:\/\/github\.com\/\.extraheader' && git config --local --unset-all 'http.https://github.com/.extraheader' || :\""
2025-06-25T02:55:36.4228819Z Cleaning up orphan processes
2025-06-25T02:55:36.4680647Z Terminate orphan process: pid (2288) (vctip)
2025-06-25T02:55:36.4846125Z Terminate orphan process: pid (6636) (mspdbsrv)