2025-06-21T12:10:23.7061894Z Current runner version: '2.325.0'
2025-06-21T12:10:23.7096498Z ##[group]Runner Image Provisioner
2025-06-21T12:10:23.7098136Z Hosted Compute Agent
2025-06-21T12:10:23.7098862Z Version: 20250620.352
2025-06-21T12:10:23.7100366Z Commit: f262f3aba23b10ea191b2a62bdee1ca4c3d344da
2025-06-21T12:10:23.7101563Z Build Date: 2025-06-20T19:27:17Z
2025-06-21T12:10:23.7102399Z ##[endgroup]
2025-06-21T12:10:23.7103071Z ##[group]Operating System
2025-06-21T12:10:23.7103975Z Microsoft Windows Server 2022
2025-06-21T12:10:23.7104876Z 10.0.20348
2025-06-21T12:10:23.7105513Z Datacenter
2025-06-21T12:10:23.7106195Z ##[endgroup]
2025-06-21T12:10:23.7106870Z ##[group]Runner Image
2025-06-21T12:10:23.7107624Z Image: windows-2022
2025-06-21T12:10:23.7108351Z Version: 20250602.1.0
2025-06-21T12:10:23.7110096Z Included Software: https://github.com/actions/runner-images/blob/win22/20250602.1/images/windows/Windows2022-Readme.md
2025-06-21T12:10:23.7113232Z Image Release: https://github.com/actions/runner-images/releases/tag/win22%2F20250602.1
2025-06-21T12:10:23.7114967Z ##[endgroup]
2025-06-21T12:10:23.7119120Z ##[group]GITHUB_TOKEN Permissions
2025-06-21T12:10:23.7122210Z Actions: write
2025-06-21T12:10:23.7122911Z Attestations: write
2025-06-21T12:10:23.7123660Z Checks: write
2025-06-21T12:10:23.7124378Z Contents: write
2025-06-21T12:10:23.7125103Z Deployments: write
2025-06-21T12:10:23.7125789Z Discussions: write
2025-06-21T12:10:23.7126569Z Issues: write
2025-06-21T12:10:23.7127254Z Metadata: read
2025-06-21T12:10:23.7127941Z Models: read
2025-06-21T12:10:23.7128592Z Packages: write
2025-06-21T12:10:23.7129315Z Pages: write
2025-06-21T12:10:23.7130073Z PullRequests: write
2025-06-21T12:10:23.7130952Z RepositoryProjects: write
2025-06-21T12:10:23.7131880Z SecurityEvents: write
2025-06-21T12:10:23.7132690Z Statuses: write
2025-06-21T12:10:23.7133378Z ##[endgroup]
2025-06-21T12:10:23.7136135Z Secret source: Actions
2025-06-21T12:10:23.7137096Z Prepare workflow directory
2025-06-21T12:10:23.7683814Z Prepare all required actions
2025-06-21T12:10:23.7720401Z Getting action download info
2025-06-21T12:10:24.0695199Z ##[group]Download immutable action package 'actions/checkout@v4'
2025-06-21T12:10:24.0696396Z Version: 4.2.2
2025-06-21T12:10:24.0697425Z Digest: sha256:ccb2698953eaebd21c7bf6268a94f9c26518a7e38e27e0b83c1fe1ad049819b1
2025-06-21T12:10:24.0698703Z Source commit SHA: 11bd71901bbe5b1630ceea73d27597364c9af683
2025-06-21T12:10:24.0699464Z ##[endgroup]
2025-06-21T12:10:24.1807251Z ##[group]Download immutable action package 'actions/setup-python@v5'
2025-06-21T12:10:24.1808040Z Version: 5.6.0
2025-06-21T12:10:24.1808720Z Digest: sha256:0b35a0c11c97499e4e0576589036d450b9f5f9da74b7774225b3614b57324404
2025-06-21T12:10:24.1809662Z Source commit SHA: a26af69be951a213d495a4c3e4e4022e16d87065
2025-06-21T12:10:24.1810271Z ##[endgroup]
2025-06-21T12:10:24.4250641Z ##[group]Download immutable action package 'actions/cache@v4'
2025-06-21T12:10:24.4251333Z Version: 4.2.3
2025-06-21T12:10:24.4252328Z Digest: sha256:c8a3bb963e1f1826d8fcc8d1354f0dd29d8ac1db1d4f6f20247055ae11b81ed9
2025-06-21T12:10:24.4253236Z Source commit SHA: 5a3ec84eff668545956fd18022155c47e93e2684
2025-06-21T12:10:24.4253823Z ##[endgroup]
2025-06-21T12:10:24.5611851Z Download action repository 'ilammy/msvc-dev-cmd@v1' (SHA:0b201ec74fa43914dc39ae48a89fd1d8cb592756)
2025-06-21T12:10:24.8394666Z Download action repository 'lukka/run-vcpkg@v11' (SHA:7d259227a1fb6471a0253dd5ab7419835228f7d7)
2025-06-21T12:10:25.0438164Z ##[group]Download immutable action package 'actions/upload-artifact@v4'
2025-06-21T12:10:25.0438877Z Version: 4.6.2
2025-06-21T12:10:25.0439465Z Digest: sha256:290722aa3281d5caf23d0acdc3dbeb3424786a1a01a9cc97e72f147225e37c38
2025-06-21T12:10:25.0440250Z Source commit SHA: ea165f8d65b6e75b540449e92b4886f43607fa02
2025-06-21T12:10:25.0440788Z ##[endgroup]
2025-06-21T12:10:25.3804560Z Complete job name: Build Windows (x64) Python 3.9
2025-06-21T12:10:25.5243896Z ##[group]Run actions/checkout@v4
2025-06-21T12:10:25.5247204Z with:
2025-06-21T12:10:25.5247659Z   submodules: recursive
2025-06-21T12:10:25.5248186Z   repository: Ambro86/synthizer3d
2025-06-21T12:10:25.5248944Z   token: ***
2025-06-21T12:10:25.5249396Z   ssh-strict: true
2025-06-21T12:10:25.5249868Z   ssh-user: git
2025-06-21T12:10:25.5250338Z   persist-credentials: true
2025-06-21T12:10:25.5250846Z   clean: true
2025-06-21T12:10:25.5251225Z   sparse-checkout-cone-mode: true
2025-06-21T12:10:25.5251690Z   fetch-depth: 1
2025-06-21T12:10:25.5252052Z   fetch-tags: false
2025-06-21T12:10:25.5252417Z   show-progress: true
2025-06-21T12:10:25.5252806Z   lfs: false
2025-06-21T12:10:25.5253158Z   set-safe-directory: true
2025-06-21T12:10:25.5253765Z env:
2025-06-21T12:10:25.5254093Z   PYVERSION: 3.9
2025-06-21T12:10:25.5254461Z   CI_ARCH_LOWER: x64
2025-06-21T12:10:25.5254823Z   CI_WINDOWS: 1
2025-06-21T12:10:25.5255178Z   CI_ARCH_ENV: x64
2025-06-21T12:10:25.5255607Z   VCPKG_DEFAULT_TRIPLET: x64-windows
2025-06-21T12:10:25.5256296Z   EFFECTIVE_VCPKG_INSTALLED_DIR_BASE: D:\a\synthizer3d\synthizer3d\vcpkg_installed
2025-06-21T12:10:25.5257016Z ##[endgroup]
2025-06-21T12:10:25.6952645Z Syncing repository: Ambro86/synthizer3d
2025-06-21T12:10:25.6955776Z ##[group]Getting Git version info
2025-06-21T12:10:25.6957340Z Working directory is 'D:\a\synthizer3d\synthizer3d'
2025-06-21T12:10:25.8193938Z [command]"C:\Program Files\Git\bin\git.exe" version
2025-06-21T12:10:26.1428076Z git version 2.49.0.windows.1
2025-06-21T12:10:26.1474741Z ##[endgroup]
2025-06-21T12:10:26.1547997Z Temporarily overriding HOME='D:\a\_temp\dbfa88db-6095-4dd0-8a9b-afd84e1a03c9' before making global git config changes
2025-06-21T12:10:26.1551033Z Adding repository directory to the temporary git global config as a safe directory
2025-06-21T12:10:26.1553811Z [command]"C:\Program Files\Git\bin\git.exe" config --global --add safe.directory D:\a\synthizer3d\synthizer3d
2025-06-21T12:10:26.1973329Z Deleting the contents of 'D:\a\synthizer3d\synthizer3d'
2025-06-21T12:10:26.1978807Z ##[group]Initializing the repository
2025-06-21T12:10:26.1988671Z [command]"C:\Program Files\Git\bin\git.exe" init D:\a\synthizer3d\synthizer3d
2025-06-21T12:10:26.2646344Z Initialized empty Git repository in D:/a/synthizer3d/synthizer3d/.git/
2025-06-21T12:10:26.2680709Z [command]"C:\Program Files\Git\bin\git.exe" remote add origin https://github.com/Ambro86/synthizer3d
2025-06-21T12:10:26.3072290Z ##[endgroup]
2025-06-21T12:10:26.3073534Z ##[group]Disabling automatic garbage collection
2025-06-21T12:10:26.3081214Z [command]"C:\Program Files\Git\bin\git.exe" config --local gc.auto 0
2025-06-21T12:10:26.3289426Z ##[endgroup]
2025-06-21T12:10:26.3290537Z ##[group]Setting up auth
2025-06-21T12:10:26.3301845Z [command]"C:\Program Files\Git\bin\git.exe" config --local --name-only --get-regexp core\.sshCommand
2025-06-21T12:10:26.3519604Z [command]"C:\Program Files\Git\bin\git.exe" submodule foreach --recursive "sh -c \"git config --local --name-only --get-regexp 'core\.sshCommand' && git config --local --unset-all 'core.sshCommand' || :\""
2025-06-21T12:10:27.4509792Z [command]"C:\Program Files\Git\bin\git.exe" config --local --name-only --get-regexp http\.https\:\/\/github\.com\/\.extraheader
2025-06-21T12:10:27.4729194Z [command]"C:\Program Files\Git\bin\git.exe" submodule foreach --recursive "sh -c \"git config --local --name-only --get-regexp 'http\.https\:\/\/github\.com\/\.extraheader' && git config --local --unset-all 'http.https://github.com/.extraheader' || :\""
2025-06-21T12:10:27.8595095Z [command]"C:\Program Files\Git\bin\git.exe" config --local http.https://github.com/.extraheader "AUTHORIZATION: basic ***"
2025-06-21T12:10:27.8824823Z ##[endgroup]
2025-06-21T12:10:27.8825894Z ##[group]Fetching the repository
2025-06-21T12:10:27.8840640Z [command]"C:\Program Files\Git\bin\git.exe" -c protocol.version=2 fetch --no-tags --prune --no-recurse-submodules --depth=1 origin +260b7ac8c032556f480a3d29ec2e815f140f23b6:refs/remotes/origin/master
2025-06-21T12:10:29.1884713Z From https://github.com/Ambro86/synthizer3d
2025-06-21T12:10:29.1886894Z  * [new ref]         260b7ac8c032556f480a3d29ec2e815f140f23b6 -> origin/master
2025-06-21T12:10:29.2064811Z ##[endgroup]
2025-06-21T12:10:29.2065482Z ##[group]Determining the checkout info
2025-06-21T12:10:29.2067651Z ##[endgroup]
2025-06-21T12:10:29.2078571Z [command]"C:\Program Files\Git\bin\git.exe" sparse-checkout disable
2025-06-21T12:10:29.2395471Z [command]"C:\Program Files\Git\bin\git.exe" config --local --unset-all extensions.worktreeConfig
2025-06-21T12:10:29.2605296Z ##[group]Checking out the ref
2025-06-21T12:10:29.2618093Z [command]"C:\Program Files\Git\bin\git.exe" checkout --progress --force -B master refs/remotes/origin/master
2025-06-21T12:10:29.9949174Z branch 'master' set up to track 'origin/master'.
2025-06-21T12:10:29.9953869Z Reset branch 'master'
2025-06-21T12:10:30.0000715Z ##[endgroup]
2025-06-21T12:10:30.0001360Z ##[group]Setting up auth for fetching submodules
2025-06-21T12:10:30.0010635Z [command]"C:\Program Files\Git\bin\git.exe" config --global http.https://github.com/.extraheader "AUTHORIZATION: basic ***"
2025-06-21T12:10:30.0240200Z [command]"C:\Program Files\Git\bin\git.exe" config --global --unset-all url.https://github.com/.insteadOf
2025-06-21T12:10:30.0452854Z [command]"C:\Program Files\Git\bin\git.exe" config --global --add url.https://github.com/.insteadOf git@github.com:
2025-06-21T12:10:30.0678611Z [command]"C:\Program Files\Git\bin\git.exe" config --global --add url.https://github.com/.insteadOf org-58132298@github.com:
2025-06-21T12:10:30.0900633Z ##[endgroup]
2025-06-21T12:10:30.0901059Z ##[group]Fetching submodules
2025-06-21T12:10:30.0910248Z [command]"C:\Program Files\Git\bin\git.exe" submodule sync --recursive
2025-06-21T12:10:30.4835296Z [command]"C:\Program Files\Git\bin\git.exe" -c protocol.version=2 submodule update --init --force --depth=1 --recursive
2025-06-21T12:10:30.8750142Z [command]"C:\Program Files\Git\bin\git.exe" submodule foreach --recursive "git config --local gc.auto 0"
2025-06-21T12:10:31.2824857Z ##[endgroup]
2025-06-21T12:10:31.2825451Z ##[group]Persisting credentials for submodules
2025-06-21T12:10:31.2842684Z [command]"C:\Program Files\Git\bin\git.exe" submodule foreach --recursive "sh -c \"git config --local --name-only --get-regexp 'url\.https\:\/\/github\.com\/\.insteadOf' && git config --local --unset-all 'url.https://github.com/.insteadOf' || :\""
2025-06-21T12:10:31.6740869Z [command]"C:\Program Files\Git\bin\git.exe" submodule foreach --recursive "sh -c \"git config --local 'http.https://github.com/.extraheader' 'AUTHORIZATION: basic ***' && git config --local --show-origin --name-only --get-regexp remote.origin.url\""
2025-06-21T12:10:32.1058288Z [command]"C:\Program Files\Git\bin\git.exe" submodule foreach --recursive "git config --local --add 'url.https://github.com/.insteadOf' 'git@github.com:'"
2025-06-21T12:10:32.5511126Z [command]"C:\Program Files\Git\bin\git.exe" submodule foreach --recursive "git config --local --add 'url.https://github.com/.insteadOf' 'org-58132298@github.com:'"
2025-06-21T12:10:32.9427410Z ##[endgroup]
2025-06-21T12:10:32.9670191Z [command]"C:\Program Files\Git\bin\git.exe" log -1 --format=%H
2025-06-21T12:10:32.9861553Z 260b7ac8c032556f480a3d29ec2e815f140f23b6
2025-06-21T12:10:33.0195973Z ##[group]Run actions/setup-python@v5
2025-06-21T12:10:33.0196265Z with:
2025-06-21T12:10:33.0196425Z   python-version: 3.9
2025-06-21T12:10:33.0196610Z   architecture: x64
2025-06-21T12:10:33.0196785Z   check-latest: false
2025-06-21T12:10:33.0197086Z   token: ***
2025-06-21T12:10:33.0197254Z   update-environment: true
2025-06-21T12:10:33.0197456Z   allow-prereleases: false
2025-06-21T12:10:33.0197642Z   freethreaded: false
2025-06-21T12:10:33.0197812Z env:
2025-06-21T12:10:33.0197943Z   PYVERSION: 3.9
2025-06-21T12:10:33.0198104Z   CI_ARCH_LOWER: x64
2025-06-21T12:10:33.0198254Z   CI_WINDOWS: 1
2025-06-21T12:10:33.0198401Z   CI_ARCH_ENV: x64
2025-06-21T12:10:33.0198563Z   VCPKG_DEFAULT_TRIPLET: x64-windows
2025-06-21T12:10:33.0199071Z   EFFECTIVE_VCPKG_INSTALLED_DIR_BASE: D:\a\synthizer3d\synthizer3d\vcpkg_installed
2025-06-21T12:10:33.0199396Z ##[endgroup]
2025-06-21T12:10:33.2371813Z ##[group]Installed versions
2025-06-21T12:10:33.2653944Z Successfully set up CPython (3.9.13)
2025-06-21T12:10:33.2655388Z ##[endgroup]
2025-06-21T12:10:33.2904810Z ##[group]Run python -m pip install --upgrade pip
2025-06-21T12:10:33.2905218Z [36;1mpython -m pip install --upgrade pip[0m
2025-06-21T12:10:33.3100679Z shell: C:\Program Files\PowerShell\7\pwsh.EXE -command ". '{0}'"
2025-06-21T12:10:33.3101075Z env:
2025-06-21T12:10:33.3101249Z   PYVERSION: 3.9
2025-06-21T12:10:33.3101454Z   CI_ARCH_LOWER: x64
2025-06-21T12:10:33.3101658Z   CI_WINDOWS: 1
2025-06-21T12:10:33.3101845Z   CI_ARCH_ENV: x64
2025-06-21T12:10:33.3102061Z   VCPKG_DEFAULT_TRIPLET: x64-windows
2025-06-21T12:10:33.3102510Z   EFFECTIVE_VCPKG_INSTALLED_DIR_BASE: D:\a\synthizer3d\synthizer3d\vcpkg_installed
2025-06-21T12:10:33.3103040Z   pythonLocation: C:\hostedtoolcache\windows\Python\3.9.13\x64
2025-06-21T12:10:33.3103563Z   PKG_CONFIG_PATH: C:\hostedtoolcache\windows\Python\3.9.13\x64/lib/pkgconfig
2025-06-21T12:10:33.3104050Z   Python_ROOT_DIR: C:\hostedtoolcache\windows\Python\3.9.13\x64
2025-06-21T12:10:33.3104526Z   Python2_ROOT_DIR: C:\hostedtoolcache\windows\Python\3.9.13\x64
2025-06-21T12:10:33.3104959Z   Python3_ROOT_DIR: C:\hostedtoolcache\windows\Python\3.9.13\x64
2025-06-21T12:10:33.3105311Z ##[endgroup]
2025-06-21T12:10:42.0946392Z Requirement already satisfied: pip in c:\hostedtoolcache\windows\python\3.9.13\x64\lib\site-packages (25.1.1)
2025-06-21T12:10:43.0131531Z ##[group]Run python synthizer-c/vendor.py synthizer-vendored
2025-06-21T12:10:43.0131973Z [36;1mpython synthizer-c/vendor.py synthizer-vendored[0m
2025-06-21T12:10:43.0161649Z shell: C:\Program Files\PowerShell\7\pwsh.EXE -command ". '{0}'"
2025-06-21T12:10:43.0161955Z env:
2025-06-21T12:10:43.0162098Z   PYVERSION: 3.9
2025-06-21T12:10:43.0162273Z   CI_ARCH_LOWER: x64
2025-06-21T12:10:43.0162457Z   CI_WINDOWS: 1
2025-06-21T12:10:43.0162606Z   CI_ARCH_ENV: x64
2025-06-21T12:10:43.0162781Z   VCPKG_DEFAULT_TRIPLET: x64-windows
2025-06-21T12:10:43.0163162Z   EFFECTIVE_VCPKG_INSTALLED_DIR_BASE: D:\a\synthizer3d\synthizer3d\vcpkg_installed
2025-06-21T12:10:43.0163585Z   pythonLocation: C:\hostedtoolcache\windows\Python\3.9.13\x64
2025-06-21T12:10:43.0163965Z   PKG_CONFIG_PATH: C:\hostedtoolcache\windows\Python\3.9.13\x64/lib/pkgconfig
2025-06-21T12:10:43.0164341Z   Python_ROOT_DIR: C:\hostedtoolcache\windows\Python\3.9.13\x64
2025-06-21T12:10:43.0164721Z   Python2_ROOT_DIR: C:\hostedtoolcache\windows\Python\3.9.13\x64
2025-06-21T12:10:43.0165059Z   Python3_ROOT_DIR: C:\hostedtoolcache\windows\Python\3.9.13\x64
2025-06-21T12:10:43.0165325Z ##[endgroup]
2025-06-21T12:10:45.0802056Z ##[group]Run actions/cache@v4
2025-06-21T12:10:45.0802323Z with:
2025-06-21T12:10:45.0802500Z   path: ~\AppData\Local\pip\Cache
2025-06-21T12:10:45.0802905Z   key: Windows-pip-3.9-x64-fd62cf1b2d8c3435a128d204c6cd2231c847205d5db9e4eec5403ac211d9c1fd
2025-06-21T12:10:45.0803376Z   restore-keys: Windows-pip-3.9-x64-

2025-06-21T12:10:45.0803615Z   enableCrossOsArchive: false
2025-06-21T12:10:45.0803813Z   fail-on-cache-miss: false
2025-06-21T12:10:45.0803999Z   lookup-only: false
2025-06-21T12:10:45.0804153Z   save-always: false
2025-06-21T12:10:45.0804301Z env:
2025-06-21T12:10:45.0804429Z   PYVERSION: 3.9
2025-06-21T12:10:45.0804581Z   CI_ARCH_LOWER: x64
2025-06-21T12:10:45.0804724Z   CI_WINDOWS: 1
2025-06-21T12:10:45.0804871Z   CI_ARCH_ENV: x64
2025-06-21T12:10:45.0805031Z   VCPKG_DEFAULT_TRIPLET: x64-windows
2025-06-21T12:10:45.0805369Z   EFFECTIVE_VCPKG_INSTALLED_DIR_BASE: D:\a\synthizer3d\synthizer3d\vcpkg_installed
2025-06-21T12:10:45.0805815Z   pythonLocation: C:\hostedtoolcache\windows\Python\3.9.13\x64
2025-06-21T12:10:45.0806206Z   PKG_CONFIG_PATH: C:\hostedtoolcache\windows\Python\3.9.13\x64/lib/pkgconfig
2025-06-21T12:10:45.0806582Z   Python_ROOT_DIR: C:\hostedtoolcache\windows\Python\3.9.13\x64
2025-06-21T12:10:45.0807093Z   Python2_ROOT_DIR: C:\hostedtoolcache\windows\Python\3.9.13\x64
2025-06-21T12:10:45.0807436Z   Python3_ROOT_DIR: C:\hostedtoolcache\windows\Python\3.9.13\x64
2025-06-21T12:10:45.0807695Z ##[endgroup]
2025-06-21T12:10:45.4773938Z Cache hit for: Windows-pip-3.9-x64-fd62cf1b2d8c3435a128d204c6cd2231c847205d5db9e4eec5403ac211d9c1fd
2025-06-21T12:10:45.9004414Z Received 40280036 of 40280036 (100.0%), 104.1 MBs/sec
2025-06-21T12:10:45.9007835Z Cache Size: ~38 MB (40280036 B)
2025-06-21T12:10:45.9041660Z [command]"C:\Program Files\Git\usr\bin\tar.exe" -xf D:/a/_temp/f7d3a82a-c63b-4512-bbe4-b82d4ebf75cd/cache.tzst -P -C D:/a/synthizer3d/synthizer3d --force-local --use-compress-program "zstd -d"
2025-06-21T12:10:46.1424954Z Cache restored successfully
2025-06-21T12:10:46.1574860Z Cache restored from key: Windows-pip-3.9-x64-8204ec170c08dd0abff80ed66d63220be042e73be65df83ea866bbbef3886486
2025-06-21T12:10:46.1792295Z ##[group]Run ilammy/msvc-dev-cmd@v1
2025-06-21T12:10:46.1792728Z with:
2025-06-21T12:10:46.1792881Z   arch: x64
2025-06-21T12:10:46.1793024Z env:
2025-06-21T12:10:46.1793159Z   PYVERSION: 3.9
2025-06-21T12:10:46.1793325Z   CI_ARCH_LOWER: x64
2025-06-21T12:10:46.1793493Z   CI_WINDOWS: 1
2025-06-21T12:10:46.1793637Z   CI_ARCH_ENV: x64
2025-06-21T12:10:46.1793817Z   VCPKG_DEFAULT_TRIPLET: x64-windows
2025-06-21T12:10:46.1794168Z   EFFECTIVE_VCPKG_INSTALLED_DIR_BASE: D:\a\synthizer3d\synthizer3d\vcpkg_installed
2025-06-21T12:10:46.1794600Z   pythonLocation: C:\hostedtoolcache\windows\Python\3.9.13\x64
2025-06-21T12:10:46.1795010Z   PKG_CONFIG_PATH: C:\hostedtoolcache\windows\Python\3.9.13\x64/lib/pkgconfig
2025-06-21T12:10:46.1795396Z   Python_ROOT_DIR: C:\hostedtoolcache\windows\Python\3.9.13\x64
2025-06-21T12:10:46.1795747Z   Python2_ROOT_DIR: C:\hostedtoolcache\windows\Python\3.9.13\x64
2025-06-21T12:10:46.1796126Z   Python3_ROOT_DIR: C:\hostedtoolcache\windows\Python\3.9.13\x64
2025-06-21T12:10:46.1796390Z ##[endgroup]
2025-06-21T12:10:46.6645166Z Found with vswhere: C:\Program Files\Microsoft Visual Studio\2022\Enterprise\VC\Auxiliary\Build\vcvarsall.bat
2025-06-21T12:10:49.6385810Z ##[group]Environment variables
2025-06-21T12:10:49.6386236Z Setting CommandPromptType
2025-06-21T12:10:49.6398724Z Setting DevEnvDir
2025-06-21T12:10:49.6402696Z Setting ExtensionSdkDir
2025-06-21T12:10:49.6405278Z Setting EXTERNAL_INCLUDE
2025-06-21T12:10:49.6410515Z Setting Framework40Version
2025-06-21T12:10:49.6412905Z Setting FrameworkDir
2025-06-21T12:10:49.6415254Z Setting FrameworkDir64
2025-06-21T12:10:49.6418608Z Setting FrameworkVersion
2025-06-21T12:10:49.6421395Z Setting FrameworkVersion64
2025-06-21T12:10:49.6425217Z Setting FSHARPINSTALLDIR
2025-06-21T12:10:49.6428427Z Setting HTMLHelpDir
2025-06-21T12:10:49.6431010Z Setting IFCPATH
2025-06-21T12:10:49.6435211Z Setting INCLUDE
2025-06-21T12:10:49.6441140Z Setting is_x64_arch
2025-06-21T12:10:49.6450982Z Setting LIB
2025-06-21T12:10:49.6453157Z Setting LIBPATH
2025-06-21T12:10:49.6455741Z Setting NETFXSDKDir
2025-06-21T12:10:49.6459629Z Setting Path
2025-06-21T12:10:49.6463736Z Setting Platform
2025-06-21T12:10:49.6466932Z Setting UCRTVersion
2025-06-21T12:10:49.6469543Z Setting UniversalCRTSdkDir
2025-06-21T12:10:49.6472570Z Setting VCIDEInstallDir
2025-06-21T12:10:49.6475607Z Setting VCINSTALLDIR
2025-06-21T12:10:49.6477880Z Setting VCPKG_ROOT
2025-06-21T12:10:49.6479767Z Setting VCToolsInstallDir
2025-06-21T12:10:49.6481694Z Setting VCToolsRedistDir
2025-06-21T12:10:49.6483600Z Setting VCToolsVersion
2025-06-21T12:10:49.6485528Z Setting VisualStudioVersion
2025-06-21T12:10:49.6487320Z Setting VS170COMNTOOLS
2025-06-21T12:10:49.6489180Z Setting VSCMD_ARG_app_plat
2025-06-21T12:10:49.6490987Z Setting VSCMD_ARG_HOST_ARCH
2025-06-21T12:10:49.6492787Z Setting VSCMD_ARG_TGT_ARCH
2025-06-21T12:10:49.6494564Z Setting VSCMD_VER
2025-06-21T12:10:49.6496662Z Setting VSINSTALLDIR
2025-06-21T12:10:49.6498502Z Setting VSSDK150INSTALL
2025-06-21T12:10:49.6500307Z Setting VSSDKINSTALL
2025-06-21T12:10:49.6502459Z Setting WindowsLibPath
2025-06-21T12:10:49.6504579Z Setting WindowsSdkBinPath
2025-06-21T12:10:49.6506422Z Setting WindowsSdkDir
2025-06-21T12:10:49.6508267Z Setting WindowsSDKLibVersion
2025-06-21T12:10:49.6510071Z Setting WindowsSdkVerBinPath
2025-06-21T12:10:49.6511935Z Setting WindowsSDKVersion
2025-06-21T12:10:49.6513864Z Setting WindowsSDK_ExecutablePath_x64
2025-06-21T12:10:49.6515660Z Setting WindowsSDK_ExecutablePath_x86
2025-06-21T12:10:49.6517462Z Setting __DOTNET_ADD_64BIT
2025-06-21T12:10:49.6519368Z Setting __DOTNET_PREFERRED_BITNESS
2025-06-21T12:10:49.6521226Z Setting __VSCMD_PREINIT_PATH
2025-06-21T12:10:49.6523973Z ##[endgroup]
2025-06-21T12:10:49.6524225Z Configured Developer Command Prompt
2025-06-21T12:10:49.6730941Z ##[group]Run lukka/run-vcpkg@v11
2025-06-21T12:10:49.6731240Z with:
2025-06-21T12:10:49.6731414Z   vcpkgJsonGlob: vcpkg.json
2025-06-21T12:10:49.6731632Z   runVcpkgInstall: true
2025-06-21T12:10:49.6731872Z   vcpkgDirectory: D:\a\synthizer3d\synthizer3d/vcpkg
2025-06-21T12:10:49.6732209Z   vcpkgGitURL: https://github.com/microsoft/vcpkg.git
2025-06-21T12:10:49.6732488Z   doNotUpdateVcpkg: false
2025-06-21T12:10:49.6732682Z   doNotCache: true
2025-06-21T12:10:49.6732858Z   vcpkgJsonIgnores: ['**/vcpkg/**']
2025-06-21T12:10:49.6733149Z   vcpkgConfigurationJsonGlob: **/vcpkg-configuration.json
2025-06-21T12:10:49.6733785Z   runVcpkgFormatString: [`install`, `--recurse`, `--clean-after-build`, `--x-install-root`, `$[env.VCPKG_INSTALLED_DIR]`, `--triplet`, `$[env.VCPKG_DEFAULT_TRIPLET]`]
2025-06-21T12:10:49.6734349Z   useShell: true
2025-06-21T12:10:49.6734797Z   logCollectionRegExps: \s*"(.+CMakeOutput\.log)"\.\s*;\s*"(.+CMakeError\.log)"\.\s*;\s*(.+out\.log)\s*;\s+(.+err\.log)\s*;\s*(.+vcpkg.+\.log)\s*
2025-06-21T12:10:49.6735232Z env:
2025-06-21T12:10:49.6735376Z   PYVERSION: 3.9
2025-06-21T12:10:49.6735620Z   CI_ARCH_LOWER: x64
2025-06-21T12:10:49.6735806Z   CI_WINDOWS: 1
2025-06-21T12:10:49.6735954Z   CI_ARCH_ENV: x64
2025-06-21T12:10:49.6736132Z   VCPKG_DEFAULT_TRIPLET: x64-windows
2025-06-21T12:10:49.6736475Z   EFFECTIVE_VCPKG_INSTALLED_DIR_BASE: D:\a\synthizer3d\synthizer3d\vcpkg_installed
2025-06-21T12:10:49.6736892Z   pythonLocation: C:\hostedtoolcache\windows\Python\3.9.13\x64
2025-06-21T12:10:49.6737282Z   PKG_CONFIG_PATH: C:\hostedtoolcache\windows\Python\3.9.13\x64/lib/pkgconfig
2025-06-21T12:10:49.6737666Z   Python_ROOT_DIR: C:\hostedtoolcache\windows\Python\3.9.13\x64
2025-06-21T12:10:49.6738014Z   Python2_ROOT_DIR: C:\hostedtoolcache\windows\Python\3.9.13\x64
2025-06-21T12:10:49.6738366Z   Python3_ROOT_DIR: C:\hostedtoolcache\windows\Python\3.9.13\x64
2025-06-21T12:10:49.6738644Z   CommandPromptType: Native
2025-06-21T12:10:49.6738962Z   DevEnvDir: C:\Program Files\Microsoft Visual Studio\2022\Enterprise\Common7\IDE\
2025-06-21T12:10:49.6739420Z   ExtensionSdkDir: C:\Program Files (x86)\Microsoft SDKs\Windows Kits\10\ExtensionSDKs
2025-06-21T12:10:49.6741416Z   EXTERNAL_INCLUDE: C:\Program Files\Microsoft Visual Studio\2022\Enterprise\VC\Tools\MSVC\14.43.34808\include;C:\Program Files\Microsoft Visual Studio\2022\Enterprise\VC\Tools\MSVC\14.43.34808\ATLMFC\include;C:\Program Files\Microsoft Visual Studio\2022\Enterprise\VC\Auxiliary\VS\include;C:\Program Files (x86)\Windows Kits\10\include\10.0.26100.0\ucrt;C:\Program Files (x86)\Windows Kits\10\\include\10.0.26100.0\\um;C:\Program Files (x86)\Windows Kits\10\\include\10.0.26100.0\\shared;C:\Program Files (x86)\Windows Kits\10\\include\10.0.26100.0\\winrt;C:\Program Files (x86)\Windows Kits\10\\include\10.0.26100.0\\cppwinrt;C:\Program Files (x86)\Windows Kits\NETFXSDK\4.8\include\um
2025-06-21T12:10:49.6743293Z   Framework40Version: v4.0
2025-06-21T12:10:49.6743545Z   FrameworkDir: C:\Windows\Microsoft.NET\Framework64\
2025-06-21T12:10:49.6743846Z   FrameworkDir64: C:\Windows\Microsoft.NET\Framework64\
2025-06-21T12:10:49.6744106Z   FrameworkVersion: v4.0.30319
2025-06-21T12:10:49.6744308Z   FrameworkVersion64: v4.0.30319
2025-06-21T12:10:49.6744777Z   FSHARPINSTALLDIR: C:\Program Files\Microsoft Visual Studio\2022\Enterprise\Common7\IDE\CommonExtensions\Microsoft\FSharp\Tools
2025-06-21T12:10:49.6745458Z   HTMLHelpDir: C:\Program Files (x86)\HTML Help Workshop
2025-06-21T12:10:49.6745882Z   IFCPATH: C:\Program Files\Microsoft Visual Studio\2022\Enterprise\VC\Tools\MSVC\14.43.34808\ifc\x64
2025-06-21T12:10:49.6749247Z   INCLUDE: C:\Program Files\Microsoft Visual Studio\2022\Enterprise\VC\Tools\MSVC\14.43.34808\include;C:\Program Files\Microsoft Visual Studio\2022\Enterprise\VC\Tools\MSVC\14.43.34808\ATLMFC\include;C:\Program Files\Microsoft Visual Studio\2022\Enterprise\VC\Auxiliary\VS\include;C:\Program Files (x86)\Windows Kits\10\include\10.0.26100.0\ucrt;C:\Program Files (x86)\Windows Kits\10\\include\10.0.26100.0\\um;C:\Program Files (x86)\Windows Kits\10\\include\10.0.26100.0\\shared;C:\Program Files (x86)\Windows Kits\10\\include\10.0.26100.0\\winrt;C:\Program Files (x86)\Windows Kits\10\\include\10.0.26100.0\\cppwinrt;C:\Program Files (x86)\Windows Kits\NETFXSDK\4.8\include\um
2025-06-21T12:10:49.6751169Z   is_x64_arch: true
2025-06-21T12:10:49.6752210Z   LIB: C:\Program Files\Microsoft Visual Studio\2022\Enterprise\VC\Tools\MSVC\14.43.34808\ATLMFC\lib\x64;C:\Program Files\Microsoft Visual Studio\2022\Enterprise\VC\Tools\MSVC\14.43.34808\lib\x64;C:\Program Files (x86)\Windows Kits\NETFXSDK\4.8\lib\um\x64;C:\Program Files (x86)\Windows Kits\10\lib\10.0.26100.0\ucrt\x64;C:\Program Files (x86)\Windows Kits\10\\lib\10.0.26100.0\\um\x64
2025-06-21T12:10:49.6754445Z   LIBPATH: C:\Program Files\Microsoft Visual Studio\2022\Enterprise\VC\Tools\MSVC\14.43.34808\ATLMFC\lib\x64;C:\Program Files\Microsoft Visual Studio\2022\Enterprise\VC\Tools\MSVC\14.43.34808\lib\x64;C:\Program Files\Microsoft Visual Studio\2022\Enterprise\VC\Tools\MSVC\14.43.34808\lib\x86\store\references;C:\Program Files (x86)\Windows Kits\10\UnionMetadata\10.0.26100.0;C:\Program Files (x86)\Windows Kits\10\References\10.0.26100.0;C:\Windows\Microsoft.NET\Framework64\v4.0.30319
2025-06-21T12:10:49.6755885Z   NETFXSDKDir: C:\Program Files (x86)\Windows Kits\NETFXSDK\4.8\
2025-06-21T12:10:49.6769055Z   Path: C:\Program Files\Microsoft Visual Studio\2022\Enterprise\VC\Tools\MSVC\14.43.34808\bin\HostX64\x64;C:\Program Files\Microsoft Visual Studio\2022\Enterprise\Common7\IDE\VC\VCPackages;C:\Program Files\Microsoft Visual Studio\2022\Enterprise\Common7\IDE\CommonExtensions\Microsoft\TestWindow;C:\Program Files\Microsoft Visual Studio\2022\Enterprise\Common7\IDE\CommonExtensions\Microsoft\TeamFoundation\Team Explorer;C:\Program Files\Microsoft Visual Studio\2022\Enterprise\MSBuild\Current\bin\Roslyn;C:\Program Files (x86)\Microsoft SDKs\Windows\v10.0A\bin\NETFX 4.8 Tools\x64\;C:\Program Files (x86)\HTML Help Workshop;C:\Program Files\Microsoft Visual Studio\2022\Enterprise\Common7\IDE\CommonExtensions\Microsoft\FSharp\Tools;C:\Program Files\Microsoft Visual Studio\2022\Enterprise\Team Tools\DiagnosticsHub\Collector;C:\Program Files\Microsoft Visual Studio\2022\Enterprise\Common7\IDE\Extensions\Microsoft\CodeCoverage.Console;C:\Program Files (x86)\Windows Kits\10\bin\10.0.26100.0\\x64;C:\Program Files (x86)\Windows Kits\10\bin\\x64;C:\Program Files\Microsoft Visual Studio\2022\Enterprise\\MSBuild\Current\Bin\amd64;C:\Windows\Microsoft.NET\Framework64\v4.0.30319;C:\Program Files\Microsoft Visual Studio\2022\Enterprise\Common7\IDE\;C:\Program Files\Microsoft Visual Studio\2022\Enterprise\Common7\Tools\;C:\Users\runneradmin\AppData\Roaming\Python\Python39\Scripts;C:\hostedtoolcache\windows\Python\3.9.13\x64\Scripts;C:\hostedtoolcache\windows\Python\3.9.13\x64;C:\Program Files\MongoDB\Server\5.0\bin;C:\aliyun-cli;C:\vcpkg;C:\Program Files (x86)\NSIS\;C:\tools\zstd;C:\Program Files\Mercurial\;C:\hostedtoolcache\windows\stack\3.5.1\x64;C:\cabal\bin;C:\\ghcup\bin;C:\mingw64\bin;C:\Program Files\dotnet;C:\Program Files\MySQL\MySQL Server 8.0\bin;C:\Program Files\R\R-4.4.2\bin\x64;C:\SeleniumWebDrivers\GeckoDriver;C:\SeleniumWebDrivers\EdgeDriver\;C:\SeleniumWebDrivers\ChromeDriver;C:\Program Files (x86)\sbt\bin;C:\Program Files (x86)\GitHub CLI;C:\Program Files\Git\bin;C:\Program Files (x86)\pipx_bin;C:\npm\prefix;C:\hostedtoolcache\windows\go\1.24.3\x64\bin;C:\hostedtoolcache\windows\Ruby\3.3.8\x64\bin;C:\Program Files\OpenSSL\bin;C:\tools\kotlinc\bin;C:\hostedtoolcache\windows\Java_Temurin-Hotspot_jdk\8.0.452-9\x64\bin;C:\Program Files\ImageMagick-7.1.1-Q16-HDRI;C:\Program Files\Microsoft SDKs\Azure\CLI2\wbin;C:\ProgramData\kind;C:\ProgramData\Chocolatey\bin;C:\Windows\system32;C:\Windows;C:\Windows\System32\Wbem;C:\Windows\System32\WindowsPowerShell\v1.0\;C:\Windows\System32\OpenSSH\;C:\Program Files\dotnet\;C:\Program Files\PowerShell\7\;C:\Program Files\Microsoft\Web Platform Installer\;C:\Program Files\TortoiseSVN\bin;C:\Program Files\Microsoft SQL Server\Client SDK\ODBC\170\Tools\Binn\;C:\Program Files\Microsoft SQL Server\150\Tools\Binn\;C:\Program Files (x86)\Windows Kits\10\Windows Performance Toolkit\;C:\Program Files (x86)\WiX Toolset v3.14\bin;C:\Program Files\Microsoft SQL Server\130\DTS\Binn\;C:\Program Files\Microsoft SQL Server\140\DTS\Binn\;C:\Program Files\Microsoft SQL Server\150\DTS\Binn\;C:\Program Files\Microsoft SQL Server\160\DTS\Binn\;C:\Strawberry\c\bin;C:\Strawberry\perl\site\bin;C:\Strawberry\perl\bin;C:\ProgramData\chocolatey\lib\pulumi\tools\Pulumi\bin;C:\Program Files\CMake\bin;C:\ProgramData\chocolatey\lib\maven\apache-maven-3.9.9\bin;C:\Program Files\Microsoft Service Fabric\bin\Fabric\Fabric.Code;C:\Program Files\Microsoft SDKs\Service Fabric\Tools\ServiceFabricLocalClusterManager;C:\Program Files\nodejs\;C:\Program Files\Git\cmd;C:\Program Files\Git\mingw64\bin;C:\Program Files\Git\usr\bin;C:\Program Files\GitHub CLI\;c:\tools\php;C:\Program Files\Amazon\AWSCLIV2\;C:\Program Files\Amazon\SessionManagerPlugin\bin\;C:\Program Files\Amazon\AWSSAMCLI\bin\;C:\Program Files\Microsoft SQL Server\130\Tools\Binn\;C:\Program Files\LLVM\bin;C:\Users\runneradmin\.dotnet\tools;C:\Users\runneradmin\.cargo\bin;C:\Users\runneradmin\AppData\Local\Microsoft\WindowsApps;C:\Program Files (x86)\Microsoft Visual Studio\Installer;C:\Program Files\Microsoft Visual Studio\2022\Enterprise\VC\Tools\Llvm\x64\bin;C:\Program Files\Microsoft Visual Studio\2022\Enterprise\Common7\IDE\CommonExtensions\Microsoft\CMake\CMake\bin;C:\Program Files\Microsoft Visual Studio\2022\Enterprise\Common7\IDE\CommonExtensions\Microsoft\CMake\Ninja;C:\Program Files\Microsoft Visual Studio\2022\Enterprise\Common7\IDE\VC\Linux\bin\ConnectionManagerExe;C:\Program Files\Microsoft Visual Studio\2022\Enterprise\VC\vcpkg
2025-06-21T12:10:49.6782045Z   Platform: x64
2025-06-21T12:10:49.6782214Z   UCRTVersion: 10.0.26100.0
2025-06-21T12:10:49.6782478Z   UniversalCRTSdkDir: C:\Program Files (x86)\Windows Kits\10\
2025-06-21T12:10:49.6782927Z   VCIDEInstallDir: C:\Program Files\Microsoft Visual Studio\2022\Enterprise\Common7\IDE\VC\
2025-06-21T12:10:49.6783401Z   VCINSTALLDIR: C:\Program Files\Microsoft Visual Studio\2022\Enterprise\VC\
2025-06-21T12:10:49.6783821Z   VCPKG_ROOT: C:\Program Files\Microsoft Visual Studio\2022\Enterprise\VC\vcpkg
2025-06-21T12:10:49.6784326Z   VCToolsInstallDir: C:\Program Files\Microsoft Visual Studio\2022\Enterprise\VC\Tools\MSVC\14.43.34808\
2025-06-21T12:10:49.6784911Z   VCToolsRedistDir: C:\Program Files\Microsoft Visual Studio\2022\Enterprise\VC\Redist\MSVC\14.42.34433\
2025-06-21T12:10:49.6785315Z   VCToolsVersion: 14.43.34808
2025-06-21T12:10:49.6785512Z   VisualStudioVersion: 17.0
2025-06-21T12:10:49.6785845Z   VS170COMNTOOLS: C:\Program Files\Microsoft Visual Studio\2022\Enterprise\Common7\Tools\
2025-06-21T12:10:49.6786202Z   VSCMD_ARG_app_plat: Desktop
2025-06-21T12:10:49.6786394Z   VSCMD_ARG_HOST_ARCH: x64
2025-06-21T12:10:49.6786571Z   VSCMD_ARG_TGT_ARCH: x64
2025-06-21T12:10:49.6786749Z   VSCMD_VER: 17.13.2
2025-06-21T12:10:49.6787017Z   VSINSTALLDIR: C:\Program Files\Microsoft Visual Studio\2022\Enterprise\
2025-06-21T12:10:49.6787439Z   VSSDK150INSTALL: C:\Program Files\Microsoft Visual Studio\2022\Enterprise\VSSDK
2025-06-21T12:10:49.6787875Z   VSSDKINSTALL: C:\Program Files\Microsoft Visual Studio\2022\Enterprise\VSSDK
2025-06-21T12:10:49.6788629Z   WindowsLibPath: C:\Program Files (x86)\Windows Kits\10\UnionMetadata\10.0.26100.0;C:\Program Files (x86)\Windows Kits\10\References\10.0.26100.0
2025-06-21T12:10:49.6789199Z   WindowsSdkBinPath: C:\Program Files (x86)\Windows Kits\10\bin\
2025-06-21T12:10:49.6789536Z   WindowsSdkDir: C:\Program Files (x86)\Windows Kits\10\
2025-06-21T12:10:49.6789810Z   WindowsSDKLibVersion: 10.0.26100.0\
2025-06-21T12:10:49.6790141Z   WindowsSdkVerBinPath: C:\Program Files (x86)\Windows Kits\10\bin\10.0.26100.0\
2025-06-21T12:10:49.6790525Z   WindowsSDKVersion: 10.0.26100.0\
2025-06-21T12:10:49.6790990Z   WindowsSDK_ExecutablePath_x64: C:\Program Files (x86)\Microsoft SDKs\Windows\v10.0A\bin\NETFX 4.8 Tools\x64\
2025-06-21T12:10:49.6791585Z   WindowsSDK_ExecutablePath_x86: C:\Program Files (x86)\Microsoft SDKs\Windows\v10.0A\bin\NETFX 4.8 Tools\
2025-06-21T12:10:49.6791977Z   __DOTNET_ADD_64BIT: 1
2025-06-21T12:10:49.6792161Z   __DOTNET_PREFERRED_BITNESS: 64
2025-06-21T12:10:49.6800068Z   __VSCMD_PREINIT_PATH: C:\Users\runneradmin\AppData\Roaming\Python\Python39\Scripts;C:\hostedtoolcache\windows\Python\3.9.13\x64\Scripts;C:\hostedtoolcache\windows\Python\3.9.13\x64;C:\Program Files\MongoDB\Server\5.0\bin;C:\aliyun-cli;C:\vcpkg;C:\Program Files (x86)\NSIS\;C:\tools\zstd;C:\Program Files\Mercurial\;C:\hostedtoolcache\windows\stack\3.5.1\x64;C:\cabal\bin;C:\\ghcup\bin;C:\mingw64\bin;C:\Program Files\dotnet;C:\Program Files\MySQL\MySQL Server 8.0\bin;C:\Program Files\R\R-4.4.2\bin\x64;C:\SeleniumWebDrivers\GeckoDriver;C:\SeleniumWebDrivers\EdgeDriver\;C:\SeleniumWebDrivers\ChromeDriver;C:\Program Files (x86)\sbt\bin;C:\Program Files (x86)\GitHub CLI;C:\Program Files\Git\bin;C:\Program Files (x86)\pipx_bin;C:\npm\prefix;C:\hostedtoolcache\windows\go\1.24.3\x64\bin;C:\hostedtoolcache\windows\Python\3.9.13\x64\Scripts;C:\hostedtoolcache\windows\Python\3.9.13\x64;C:\hostedtoolcache\windows\Ruby\3.3.8\x64\bin;C:\Program Files\OpenSSL\bin;C:\tools\kotlinc\bin;C:\hostedtoolcache\windows\Java_Temurin-Hotspot_jdk\8.0.452-9\x64\bin;C:\Program Files\ImageMagick-7.1.1-Q16-HDRI;C:\Program Files\Microsoft SDKs\Azure\CLI2\wbin;C:\ProgramData\kind;C:\ProgramData\Chocolatey\bin;C:\Windows\system32;C:\Windows;C:\Windows\System32\Wbem;C:\Windows\System32\WindowsPowerShell\v1.0\;C:\Windows\System32\OpenSSH\;C:\Program Files\dotnet\;C:\Program Files\PowerShell\7\;C:\Program Files\Microsoft\Web Platform Installer\;C:\Program Files\TortoiseSVN\bin;C:\Program Files\Microsoft SQL Server\Client SDK\ODBC\170\Tools\Binn\;C:\Program Files\Microsoft SQL Server\150\Tools\Binn\;C:\Program Files (x86)\Windows Kits\10\Windows Performance Toolkit\;C:\Program Files (x86)\WiX Toolset v3.14\bin;C:\Program Files\Microsoft SQL Server\130\DTS\Binn\;C:\Program Files\Microsoft SQL Server\140\DTS\Binn\;C:\Program Files\Microsoft SQL Server\150\DTS\Binn\;C:\Program Files\Microsoft SQL Server\160\DTS\Binn\;C:\Strawberry\c\bin;C:\Strawberry\perl\site\bin;C:\Strawberry\perl\bin;C:\ProgramData\chocolatey\lib\pulumi\tools\Pulumi\bin;C:\Program Files\CMake\bin;C:\ProgramData\chocolatey\lib\maven\apache-maven-3.9.9\bin;C:\Program Files\Microsoft Service Fabric\bin\Fabric\Fabric.Code;C:\Program Files\Microsoft SDKs\Service Fabric\Tools\ServiceFabricLocalClusterManager;C:\Program Files\nodejs\;C:\Program Files\Git\cmd;C:\Program Files\Git\mingw64\bin;C:\Program Files\Git\usr\bin;C:\Program Files\GitHub CLI\;c:\tools\php;C:\Program Files (x86)\sbt\bin;C:\Program Files\Amazon\AWSCLIV2\;C:\Program Files\Amazon\SessionManagerPlugin\bin\;C:\Program Files\Amazon\AWSSAMCLI\bin\;C:\Program Files\Microsoft SQL Server\130\Tools\Binn\;C:\Program Files\LLVM\bin;C:\Users\runneradmin\.dotnet\tools;C:\Users\runneradmin\.cargo\bin;C:\Users\runneradmin\AppData\Local\Microsoft\WindowsApps;C:\Program Files (x86)\Microsoft Visual Studio\Installer
2025-06-21T12:10:49.6808070Z ##[endgroup]
2025-06-21T12:10:49.9382085Z ##[group]Prepare output directories
2025-06-21T12:10:49.9385108Z The vpckg root directory: 'D:\a\synthizer3d\synthizer3d\vcpkg'
2025-06-21T12:10:49.9426057Z ##[endgroup]
2025-06-21T12:10:49.9426597Z ⏱ elapsed: 0.004 seconds
2025-06-21T12:10:50.0707031Z Running command '"C:\Program Files\Git\bin\git.exe"' with args '^"submodule^",^"status^",^"D:\a\synthizer3d\synthizer3d\vcpkg^"' in current directory 'D:\a\synthizer3d\synthizer3d'.
2025-06-21T12:10:50.5347094Z error: pathspec 'D:\a\synthizer3d\synthizer3d\vcpkg' did not match any file(s) known to git
2025-06-21T12:10:50.5425679Z ##[group]Searching for vcpkg.json with glob expression 'vcpkg.json'
2025-06-21T12:10:50.5501322Z Found vcpkg.json at 'vcpkg.json'.
2025-06-21T12:10:50.5503733Z ##[endgroup]
2025-06-21T12:10:50.5504198Z ⏱ elapsed: 0.008 seconds
2025-06-21T12:10:50.5505113Z ##[group]The vcpkgCommitId is not provided, searching for a vcpkg-configuration.json using **/vcpkg-configuration.json
2025-06-21T12:10:50.5508482Z Searching for 'vcpkg-configuration.json' using: '**/vcpkg-configuration.json'
2025-06-21T12:10:50.5947145Z The file 'vcpkg-configuration.json' was not found with glob expression '**/vcpkg-configuration.json'.
2025-06-21T12:10:50.5948180Z A vcpkg-configuration.json is not found.
2025-06-21T12:10:50.5977303Z ##[endgroup]
2025-06-21T12:10:50.5977700Z ⏱ elapsed: 0.047 seconds
2025-06-21T12:10:50.5978959Z Found baseline '8f63c9ed5897d7367a92a442a79f91721e0fd38f', this is the Git commit id going to be used to fetch vcpkg from the repository
2025-06-21T12:10:50.6003179Z ##[group]Setup to run on GitHub Action runners
2025-06-21T12:10:50.6003939Z Set the workflow environment variable 'VCPKG_BINARY_SOURCES' to value 'clear;x-gha,readwrite'
2025-06-21T12:10:50.6005888Z Set the workflow environment variable 'ACTIONS_CACHE_URL' to value 'https://acghubeus2.actions.githubusercontent.com/bwbzopuV3oKlbowlUKWdOnf6KF0vjv7EYqCB3ZHqukKhTVgy74/'
2025-06-21T12:10:50.6048057Z Set the workflow environment variable 'ACTIONS_RUNTIME_TOKEN' to value '***'
2025-06-21T12:10:50.6048725Z ##[endgroup]
2025-06-21T12:10:50.6049089Z ⏱ elapsed: 0.002 seconds
2025-06-21T12:10:50.6049564Z ##[group]Retrieving the vcpkg Git commit id at: 'D:\a\synthizer3d\synthizer3d\vcpkg'
2025-06-21T12:10:50.7167162Z Fetching the Git commit id at 'D:\a\synthizer3d\synthizer3d\vcpkg' ...
2025-06-21T12:10:50.7172353Z Running command '"C:\Program Files\Git\bin\git.exe"' with args '^"rev-parse^",^"HEAD^"' in current directory 'D:\a\synthizer3d\synthizer3d\vcpkg'.
2025-06-21T12:10:50.7455920Z 260b7ac8c032556f480a3d29ec2e815f140f23b6
2025-06-21T12:10:50.7491180Z ##[endgroup]
2025-06-21T12:10:50.7491846Z ⏱ elapsed: 0.148 seconds
2025-06-21T12:10:50.7492359Z ##[group]Check whether vcpkg repository is up to date
2025-06-21T12:10:50.7494901Z Checking whether vcpkg's repository is updated to commit id '260b7ac8c032556f480a3d29ec2e815f140f23b6' ...
2025-06-21T12:10:50.7497241Z Current commit id of vcpkg: '260b7ac8c032556f480a3d29ec2e815f140f23b6'.
2025-06-21T12:10:50.7497735Z Is vcpkg repository updated? No
2025-06-21T12:10:50.7498610Z ##[endgroup]
2025-06-21T12:10:50.7498932Z ⏱ elapsed: 0.001 seconds
2025-06-21T12:10:50.7499286Z ##[group]Download vcpkg source code repository
2025-06-21T12:10:50.7500983Z Cloning vcpkg in 'D:\a\synthizer3d\synthizer3d\vcpkg'...
2025-06-21T12:10:50.8560441Z Running command '"C:\Program Files\Git\bin\git.exe"' with args '^"clone^",^"https://github.com/microsoft/vcpkg.git^",^"-n^",^".^"' in current directory 'D:\a\synthizer3d\synthizer3d\vcpkg'.
2025-06-21T12:10:50.8915408Z Cloning into '.'...
2025-06-21T12:11:00.6878325Z Running command '"C:\Program Files\Git\bin\git.exe"' with args '^"checkout^",^"--force^",^"8f63c9ed5897d7367a92a442a79f91721e0fd38f^"' in current directory 'D:\a\synthizer3d\synthizer3d\vcpkg'.
2025-06-21T12:11:02.6390466Z Note: switching to '8f63c9ed5897d7367a92a442a79f91721e0fd38f'.
2025-06-21T12:11:02.6390863Z 
2025-06-21T12:11:02.6391264Z You are in 'detached HEAD' state. You can look around, make experimental
2025-06-21T12:11:02.6392102Z changes and commit them, and you can discard any commits you make in this
2025-06-21T12:11:02.6393181Z state without impacting any branches by switching back to a branch.
2025-06-21T12:11:02.6393601Z 
2025-06-21T12:11:02.6393856Z If you want to create a new branch to retain commits you create, you may
2025-06-21T12:11:02.6394329Z do so (now or later) by using -c with the switch command. Example:
2025-06-21T12:11:02.6394547Z 
2025-06-21T12:11:02.6394683Z   git switch -c <new-branch-name>
2025-06-21T12:11:02.6394837Z 
2025-06-21T12:11:02.6394965Z Or undo this operation with:
2025-06-21T12:11:02.6395105Z 
2025-06-21T12:11:02.6395185Z   git switch -
2025-06-21T12:11:02.6395291Z 
2025-06-21T12:11:02.6395564Z Turn off this advice by setting config variable advice.detachedHead to false
2025-06-21T12:11:02.6395837Z 
2025-06-21T12:11:02.6397379Z HEAD is now at 8f63c9ed58 [tree-sitter-c] update to 0.24.1 (#45715)
2025-06-21T12:11:02.6444150Z Clone vcpkg in 'D:\a\synthizer3d\synthizer3d\vcpkg'.
2025-06-21T12:11:02.6444944Z ##[endgroup]
2025-06-21T12:11:02.6445456Z ⏱ elapsed: 11.895 seconds
2025-06-21T12:11:02.6445827Z ##[group]Build vcpkg executable
2025-06-21T12:11:02.7825917Z Running command '"C:\Windows\system32\cmd.exe"' with args '^"/c^",^"D:\a\synthizer3d\synthizer3d\vcpkg\bootstrap-vcpkg.bat^"' in current directory 'D:\a\synthizer3d\synthizer3d\vcpkg'.
2025-06-21T12:11:03.2797083Z Downloading https://github.com/microsoft/vcpkg-tool/releases/download/2025-05-19/vcpkg.exe -> D:\a\synthizer3d\synthizer3d\vcpkg\vcpkg.exe... done.
2025-06-21T12:11:03.3855639Z Validating signature... done.
2025-06-21T12:11:03.3950664Z 
2025-06-21T12:11:03.4125482Z vcpkg package management program version 2025-05-19-ece4c0f6b8fae9e94513d544c7aa753dd2c82337
2025-06-21T12:11:03.4126237Z 
2025-06-21T12:11:03.4126574Z See LICENSE.txt for license information.
2025-06-21T12:11:03.4149004Z Telemetry
2025-06-21T12:11:03.4149268Z ---------
2025-06-21T12:11:03.4149878Z vcpkg collects usage data in order to help us improve your experience.
2025-06-21T12:11:03.4150825Z The data collected by Microsoft is anonymous.
2025-06-21T12:11:03.4151758Z You can opt-out of telemetry by re-running the bootstrap-vcpkg script with -disableMetrics,
2025-06-21T12:11:03.4152650Z passing --disable-metrics to vcpkg on the command line,
2025-06-21T12:11:03.4153375Z or by setting the VCPKG_DISABLE_METRICS environment variable.
2025-06-21T12:11:03.4153765Z 
2025-06-21T12:11:03.4154186Z Read more about vcpkg telemetry at docs/about/privacy.md
2025-06-21T12:11:03.5494348Z Fetching the Git commit id at 'D:\a\synthizer3d\synthizer3d\vcpkg' ...
2025-06-21T12:11:03.5495965Z Running command '"C:\Program Files\Git\bin\git.exe"' with args '^"rev-parse^",^"HEAD^"' in current directory 'D:\a\synthizer3d\synthizer3d\vcpkg'.
2025-06-21T12:11:03.5773146Z 8f63c9ed5897d7367a92a442a79f91721e0fd38f
2025-06-21T12:11:03.5810207Z Stored last built vcpkg commit id '8f63c9ed5897d7367a92a442a79f91721e0fd38f' in file 'D:\a\synthizer3d\synthizer3d\vcpkg\vcpkgLastBuiltCommitId'.
2025-06-21T12:11:03.5811036Z ##[endgroup]
2025-06-21T12:11:03.5811540Z ⏱ elapsed: 0.936 seconds
2025-06-21T12:11:03.5811984Z ##[group]Add to PATH vcpkg at 'D:\a\synthizer3d\synthizer3d\vcpkg'
2025-06-21T12:11:03.5815324Z ##[endgroup]
2025-06-21T12:11:03.5816648Z ⏱ elapsed: 0.000 seconds
2025-06-21T12:11:03.5818346Z ##[group]Install/Update ports using vcpkg.json
2025-06-21T12:11:03.5821761Z Running 'vcpkg install,--recurse,--clean-after-build,--x-install-root,D:/a/synthizer3d/synthizer3d/969f6665-88a2-4c98-938e-ca9259871fec/vcpkg_installed,--triplet,x64-windows' in directory 'D:\a\synthizer3d\synthizer3d' ...
2025-06-21T12:11:03.5824331Z Running command '"D:\a\synthizer3d\synthizer3d\vcpkg\vcpkg.exe"' with args '^"install^",^"--recurse^",^"--clean-after-build^",^"--x-install-root^",^"D:/a/synthizer3d/synthizer3d/969f6665-88a2-4c98-938e-ca9259871fec/vcpkg_installed^",^"--triplet^",^"x64-windows^"' in current directory 'D:\a\synthizer3d\synthizer3d'.
2025-06-21T12:11:03.5994282Z warning: The vcpkg D:\a\synthizer3d\synthizer3d\vcpkg\vcpkg.exe is using detected vcpkg root D:\a\synthizer3d\synthizer3d\vcpkg and ignoring mismatched VCPKG_ROOT environment value C:\Program Files\Microsoft Visual Studio\2022\Enterprise\VC\vcpkg. To suppress this message, unset the environment variable or use the --vcpkg-root command line switch.
2025-06-21T12:11:04.8500612Z Detecting compiler hash for triplet x64-windows...
2025-06-21T12:11:11.6031347Z Compiler found: C:/Program Files/Microsoft Visual Studio/2022/Enterprise/VC/Tools/MSVC/14.43.34808/bin/Hostx64/x64/cl.exe
2025-06-21T12:11:11.6159305Z The following packages will be built and installed:
2025-06-21T12:11:11.6159887Z   * atl:x64-windows@0
2025-06-21T12:11:11.6160272Z   * atlmfc:x64-windows@0#3
2025-06-21T12:11:11.6160690Z     libogg:x64-windows@1.3.5#2
2025-06-21T12:11:11.6161398Z     libvorbis:x64-windows@1.3.7#4
2025-06-21T12:11:11.6161847Z     opus:x64-windows@1.5.2
2025-06-21T12:11:11.6162264Z     opusfile:x64-windows@0.12+20221121#1
2025-06-21T12:11:11.6162737Z     soundtouch:x64-windows@2.3.3
2025-06-21T12:11:11.6163197Z   * vcpkg-cmake:x64-windows@2024-04-23
2025-06-21T12:11:11.6163728Z   * vcpkg-cmake-config:x64-windows@2024-05-23
2025-06-21T12:11:11.6164495Z Additional packages (*) will be modified to complete this operation.
2025-06-21T12:11:11.6173921Z %VCPKG_BINARY_SOURCES%: warning: The 'x-gha' binary caching backend has been removed. Consider using a NuGet-based binary caching provider instead, see extended documentation at https://learn.microsoft.com/vcpkg/users/binarycaching?WT.mc_id=vcpkg_inproduct_cli.
2025-06-21T12:11:11.6175767Z   on expression: clear;x-gha,readwrite
2025-06-21T12:11:11.6176271Z                                       ^
2025-06-21T12:11:11.6176865Z Installing 1/9 vcpkg-cmake-config:x64-windows@2024-05-23...
2025-06-21T12:11:11.6177567Z Building vcpkg-cmake-config:x64-windows@2024-05-23...
2025-06-21T12:11:11.6458216Z -- Installing: D:/a/synthizer3d/synthizer3d/vcpkg/packages/vcpkg-cmake-config_x64-windows/share/vcpkg-cmake-config/vcpkg_cmake_config_fixup.cmake
2025-06-21T12:11:11.6464113Z -- Installing: D:/a/synthizer3d/synthizer3d/vcpkg/packages/vcpkg-cmake-config_x64-windows/share/vcpkg-cmake-config/vcpkg-port-config.cmake
2025-06-21T12:11:11.6476846Z -- Installing: D:/a/synthizer3d/synthizer3d/vcpkg/packages/vcpkg-cmake-config_x64-windows/share/vcpkg-cmake-config/copyright
2025-06-21T12:11:11.6512823Z -- Skipping post-build validation due to VCPKG_POLICY_EMPTY_PACKAGE
2025-06-21T12:11:11.6548580Z Elapsed time to handle vcpkg-cmake-config:x64-windows: 38.6 ms
2025-06-21T12:11:11.6549816Z vcpkg-cmake-config:x64-windows package ABI: 842797583f0500a3cabbedf03fb083636fe11e4fd3fd19d9a475485e484445fb
2025-06-21T12:11:11.6558957Z Installing 2/9 vcpkg-cmake:x64-windows@2024-04-23...
2025-06-21T12:11:11.6559604Z Building vcpkg-cmake:x64-windows@2024-04-23...
2025-06-21T12:11:11.6837579Z -- Installing: D:/a/synthizer3d/synthizer3d/vcpkg/packages/vcpkg-cmake_x64-windows/share/vcpkg-cmake/vcpkg_cmake_configure.cmake
2025-06-21T12:11:11.6850553Z -- Installing: D:/a/synthizer3d/synthizer3d/vcpkg/packages/vcpkg-cmake_x64-windows/share/vcpkg-cmake/vcpkg_cmake_build.cmake
2025-06-21T12:11:11.6852762Z -- Installing: D:/a/synthizer3d/synthizer3d/vcpkg/packages/vcpkg-cmake_x64-windows/share/vcpkg-cmake/vcpkg_cmake_install.cmake
2025-06-21T12:11:11.6856671Z -- Installing: D:/a/synthizer3d/synthizer3d/vcpkg/packages/vcpkg-cmake_x64-windows/share/vcpkg-cmake/vcpkg-port-config.cmake
2025-06-21T12:11:11.6858654Z -- Installing: D:/a/synthizer3d/synthizer3d/vcpkg/packages/vcpkg-cmake_x64-windows/share/vcpkg-cmake/copyright
2025-06-21T12:11:11.6893124Z -- Performing post-build validation
2025-06-21T12:11:11.6940950Z Elapsed time to handle vcpkg-cmake:x64-windows: 39.5 ms
2025-06-21T12:11:11.6942088Z vcpkg-cmake:x64-windows package ABI: a500b93f9e0b831ca946128005613d551eeb943040c8f073dc3184f7e15c9834
2025-06-21T12:11:11.6946101Z Installing 3/9 libogg:x64-windows@1.3.5#2...
2025-06-21T12:11:11.6946531Z Building libogg:x64-windows@1.3.5#2...
2025-06-21T12:11:11.7326233Z Downloading https://gitlab.xiph.org/xiph/ogg/-/archive/v1.3.5/ogg-v1.3.5.tar.gz -> xiph-ogg-v1.3.5.tar.gz
2025-06-21T12:11:12.8420138Z Successfully downloaded xiph-ogg-v1.3.5.tar.gz
2025-06-21T12:11:12.8459491Z -- Extracting source D:/a/synthizer3d/synthizer3d/vcpkg/downloads/xiph-ogg-v1.3.5.tar.gz
2025-06-21T12:11:13.0409856Z -- Using source at D:/a/synthizer3d/synthizer3d/vcpkg/buildtrees/libogg/src/v1.3.5-1a4243fef9.clean
2025-06-21T12:11:13.0522454Z -- Found external ninja('1.12.1').
2025-06-21T12:11:13.0560967Z -- Configuring x64-windows
2025-06-21T12:11:20.0788436Z -- Building x64-windows-dbg
2025-06-21T12:11:20.4789658Z -- Building x64-windows-rel
2025-06-21T12:11:21.0526168Z -- Fixing pkgconfig file: D:/a/synthizer3d/synthizer3d/vcpkg/packages/libogg_x64-windows/lib/pkgconfig/ogg.pc
2025-06-21T12:11:21.0726313Z Downloading msys2-mingw-w64-x86_64-pkgconf-1~2.3.0-1-any.pkg.tar.zst, trying https://mirror.msys2.org/mingw/mingw64/mingw-w64-x86_64-pkgconf-1~2.3.0-1-any.pkg.tar.zst
2025-06-21T12:11:21.6866341Z Successfully downloaded msys2-mingw-w64-x86_64-pkgconf-1~2.3.0-1-any.pkg.tar.zst
2025-06-21T12:11:21.6986872Z Downloading msys2-msys2-runtime-3.5.4-2-x86_64.pkg.tar.zst, trying https://mirror.msys2.org/msys/x86_64/msys2-runtime-3.5.4-2-x86_64.pkg.tar.zst
2025-06-21T12:11:22.3540241Z Successfully downloaded msys2-msys2-runtime-3.5.4-2-x86_64.pkg.tar.zst
2025-06-21T12:11:22.4165007Z -- Using msys root at D:/a/synthizer3d/synthizer3d/vcpkg/downloads/tools/msys2/21caed2f81ec917b
2025-06-21T12:11:22.4260689Z -- Fixing pkgconfig file: D:/a/synthizer3d/synthizer3d/vcpkg/packages/libogg_x64-windows/debug/lib/pkgconfig/ogg.pc
2025-06-21T12:11:22.4327374Z -- Installing: D:/a/synthizer3d/synthizer3d/vcpkg/packages/libogg_x64-windows/share/libogg/copyright
2025-06-21T12:11:22.4382622Z -- Performing post-build validation
2025-06-21T12:11:22.4591325Z Elapsed time to handle libogg:x64-windows: 11 s
2025-06-21T12:11:22.4592357Z libogg:x64-windows package ABI: a0557943a3eb3893da4fede0807e4138b3f8e9736e60b3498faf762055851b8f
2025-06-21T12:11:22.4596071Z Installing 4/9 libvorbis:x64-windows@1.3.7#4...
2025-06-21T12:11:22.4596691Z Building libvorbis:x64-windows@1.3.7#4...
2025-06-21T12:11:22.4982602Z Downloading https://github.com/xiph/vorbis/archive/v1.3.7.tar.gz -> xiph-vorbis-v1.3.7.tar.gz
2025-06-21T12:11:22.6470236Z Successfully downloaded xiph-vorbis-v1.3.7.tar.gz
2025-06-21T12:11:22.6540763Z -- Extracting source D:/a/synthizer3d/synthizer3d/vcpkg/downloads/xiph-vorbis-v1.3.7.tar.gz
2025-06-21T12:11:22.8349721Z -- Applying patch 0001-Dont-export-vorbisenc-functions.patch
2025-06-21T12:11:22.8570552Z -- Applying patch 0002-Fixup-pkgconfig-libs.patch
2025-06-21T12:11:22.8807054Z -- Applying patch 0003-def-mingw-compat.patch
2025-06-21T12:11:22.9046208Z -- Applying patch 0004-ogg-find-dependency.patch
2025-06-21T12:11:22.9294344Z -- Using source at D:/a/synthizer3d/synthizer3d/vcpkg/buildtrees/libvorbis/src/v1.3.7-c32164610e.clean
2025-06-21T12:11:22.9436467Z -- Found external ninja('1.12.1').
2025-06-21T12:11:22.9475408Z -- Configuring x64-windows
2025-06-21T12:11:24.7391404Z -- Building x64-windows-dbg
2025-06-21T12:11:25.9704091Z -- Building x64-windows-rel
2025-06-21T12:11:28.4403110Z -- Fixing pkgconfig file: D:/a/synthizer3d/synthizer3d/vcpkg/packages/libvorbis_x64-windows/lib/pkgconfig/vorbis.pc
2025-06-21T12:11:28.4410556Z -- Fixing pkgconfig file: D:/a/synthizer3d/synthizer3d/vcpkg/packages/libvorbis_x64-windows/lib/pkgconfig/vorbisenc.pc
2025-06-21T12:11:28.4415687Z -- Fixing pkgconfig file: D:/a/synthizer3d/synthizer3d/vcpkg/packages/libvorbis_x64-windows/lib/pkgconfig/vorbisfile.pc
2025-06-21T12:11:28.4608542Z Downloading msys2-mingw-w64-x86_64-pkgconf-1~2.3.0-1-any.pkg.tar.zst, trying https://mirror.msys2.org/mingw/mingw64/mingw-w64-x86_64-pkgconf-1~2.3.0-1-any.pkg.tar.zst
2025-06-21T12:11:28.9945065Z Successfully downloaded msys2-mingw-w64-x86_64-pkgconf-1~2.3.0-1-any.pkg.tar.zst
2025-06-21T12:11:29.0063224Z Downloading msys2-msys2-runtime-3.5.4-2-x86_64.pkg.tar.zst, trying https://mirror.msys2.org/msys/x86_64/msys2-runtime-3.5.4-2-x86_64.pkg.tar.zst
2025-06-21T12:11:29.6658523Z Successfully downloaded msys2-msys2-runtime-3.5.4-2-x86_64.pkg.tar.zst
2025-06-21T12:11:29.6687249Z -- Using msys root at D:/a/synthizer3d/synthizer3d/vcpkg/downloads/tools/msys2/21caed2f81ec917b
2025-06-21T12:11:29.6868959Z -- Fixing pkgconfig file: D:/a/synthizer3d/synthizer3d/vcpkg/packages/libvorbis_x64-windows/debug/lib/pkgconfig/vorbis.pc
2025-06-21T12:11:29.6874754Z -- Fixing pkgconfig file: D:/a/synthizer3d/synthizer3d/vcpkg/packages/libvorbis_x64-windows/debug/lib/pkgconfig/vorbisenc.pc
2025-06-21T12:11:29.6879370Z -- Fixing pkgconfig file: D:/a/synthizer3d/synthizer3d/vcpkg/packages/libvorbis_x64-windows/debug/lib/pkgconfig/vorbisfile.pc
2025-06-21T12:11:29.8076308Z -- Installing: D:/a/synthizer3d/synthizer3d/vcpkg/packages/libvorbis_x64-windows/share/libvorbis/usage
2025-06-21T12:11:29.8082215Z -- Installing: D:/a/synthizer3d/synthizer3d/vcpkg/packages/libvorbis_x64-windows/share/libvorbis/copyright
2025-06-21T12:11:29.8133178Z -- Performing post-build validation
2025-06-21T12:11:29.8528039Z Elapsed time to handle libvorbis:x64-windows: 7.4 s
2025-06-21T12:11:29.8529151Z libvorbis:x64-windows package ABI: d90efec2c9090f56a4508a9a4435f94eb42aca93d2a98ecfbdc3a996d623c61c
2025-06-21T12:11:29.8530063Z Installing 5/9 opus:x64-windows@1.5.2...
2025-06-21T12:11:29.8533037Z Building opus:x64-windows@1.5.2...
2025-06-21T12:11:29.8921729Z Downloading https://github.com/xiph/opus/archive/v1.5.2.tar.gz -> xiph-opus-v1.5.2.tar.gz
2025-06-21T12:11:30.0725914Z Successfully downloaded xiph-opus-v1.5.2.tar.gz
2025-06-21T12:11:30.0895086Z -- Extracting source D:/a/synthizer3d/synthizer3d/vcpkg/downloads/xiph-opus-v1.5.2.tar.gz
2025-06-21T12:11:30.3266548Z -- Applying patch fix-pkgconfig-version.patch
2025-06-21T12:11:30.3488928Z -- Using source at D:/a/synthizer3d/synthizer3d/vcpkg/buildtrees/opus/src/v1.5.2-81ed242155.clean
2025-06-21T12:11:30.3608252Z -- Found external ninja('1.12.1').
2025-06-21T12:11:30.3642437Z -- Configuring x64-windows
2025-06-21T12:11:35.2913194Z -- Building x64-windows-dbg
2025-06-21T12:11:40.4108432Z -- Building x64-windows-rel
2025-06-21T12:11:49.0036587Z -- Fixing pkgconfig file: D:/a/synthizer3d/synthizer3d/vcpkg/packages/opus_x64-windows/lib/pkgconfig/opus.pc
2025-06-21T12:11:49.0239332Z Downloading msys2-mingw-w64-x86_64-pkgconf-1~2.3.0-1-any.pkg.tar.zst, trying https://mirror.msys2.org/mingw/mingw64/mingw-w64-x86_64-pkgconf-1~2.3.0-1-any.pkg.tar.zst
2025-06-21T12:11:49.5655881Z Successfully downloaded msys2-mingw-w64-x86_64-pkgconf-1~2.3.0-1-any.pkg.tar.zst
2025-06-21T12:11:49.5810325Z Downloading msys2-msys2-runtime-3.5.4-2-x86_64.pkg.tar.zst, trying https://mirror.msys2.org/msys/x86_64/msys2-runtime-3.5.4-2-x86_64.pkg.tar.zst
2025-06-21T12:11:50.2436225Z Successfully downloaded msys2-msys2-runtime-3.5.4-2-x86_64.pkg.tar.zst
2025-06-21T12:11:50.2471616Z -- Using msys root at D:/a/synthizer3d/synthizer3d/vcpkg/downloads/tools/msys2/21caed2f81ec917b
2025-06-21T12:11:50.2551462Z -- Fixing pkgconfig file: D:/a/synthizer3d/synthizer3d/vcpkg/packages/opus_x64-windows/debug/lib/pkgconfig/opus.pc
2025-06-21T12:11:50.2636359Z -- Installing: D:/a/synthizer3d/synthizer3d/vcpkg/packages/opus_x64-windows/share/opus/copyright
2025-06-21T12:11:50.2711248Z -- Performing post-build validation
2025-06-21T12:11:50.3440660Z Elapsed time to handle opus:x64-windows: 20 s
2025-06-21T12:11:50.3441773Z opus:x64-windows package ABI: 85472ea35b34b5b2cb87ab8fa93a3b878862ba2c74d619b262819f1046f3d06f
2025-06-21T12:11:50.3442710Z Installing 6/9 opusfile:x64-windows@0.12+20221121#1...
2025-06-21T12:11:50.3443629Z Building opusfile:x64-windows@0.12+20221121#1...
2025-06-21T12:11:50.3886533Z -- Note: opusfile only supports static library linkage. Building static library.
2025-06-21T12:11:50.4011856Z Downloading https://github.com/xiph/opusfile/archive/9d718345ce03b2fad5d7d28e0bcd1cc69ab2b166.tar.gz -> xiph-opusfile-9d718345ce03b2fad5d7d28e0bcd1cc69ab2b166.tar.gz
2025-06-21T12:11:50.5198753Z Successfully downloaded xiph-opusfile-9d718345ce03b2fad5d7d28e0bcd1cc69ab2b166.tar.gz
2025-06-21T12:11:50.5241474Z -- Extracting source D:/a/synthizer3d/synthizer3d/vcpkg/downloads/xiph-opusfile-9d718345ce03b2fad5d7d28e0bcd1cc69ab2b166.tar.gz
2025-06-21T12:11:50.6552404Z -- Using source at D:/a/synthizer3d/synthizer3d/vcpkg/buildtrees/opusfile/src/c69ab2b166-6cc7de23ec.clean
2025-06-21T12:11:50.6730429Z -- Found external ninja('1.12.1').
2025-06-21T12:11:50.6767319Z -- Configuring x64-windows
2025-06-21T12:11:52.3059191Z -- Building x64-windows-dbg
2025-06-21T12:11:53.5622291Z -- Building x64-windows-rel
2025-06-21T12:11:54.0672567Z -- Fixing pkgconfig file: D:/a/synthizer3d/synthizer3d/vcpkg/packages/opusfile_x64-windows/lib/pkgconfig/opusfile.pc
2025-06-21T12:11:54.0866941Z Downloading msys2-mingw-w64-x86_64-pkgconf-1~2.3.0-1-any.pkg.tar.zst, trying https://mirror.msys2.org/mingw/mingw64/mingw-w64-x86_64-pkgconf-1~2.3.0-1-any.pkg.tar.zst
2025-06-21T12:11:54.6158435Z Successfully downloaded msys2-mingw-w64-x86_64-pkgconf-1~2.3.0-1-any.pkg.tar.zst
2025-06-21T12:11:54.6279549Z Downloading msys2-msys2-runtime-3.5.4-2-x86_64.pkg.tar.zst, trying https://mirror.msys2.org/msys/x86_64/msys2-runtime-3.5.4-2-x86_64.pkg.tar.zst
2025-06-21T12:11:55.2854792Z Successfully downloaded msys2-msys2-runtime-3.5.4-2-x86_64.pkg.tar.zst
2025-06-21T12:11:55.2883566Z -- Using msys root at D:/a/synthizer3d/synthizer3d/vcpkg/downloads/tools/msys2/21caed2f81ec917b
2025-06-21T12:11:55.2956142Z -- Fixing pkgconfig file: D:/a/synthizer3d/synthizer3d/vcpkg/packages/opusfile_x64-windows/debug/lib/pkgconfig/opusfile.pc
2025-06-21T12:11:55.3052339Z -- Installing: D:/a/synthizer3d/synthizer3d/vcpkg/packages/opusfile_x64-windows/share/opusfile/copyright
2025-06-21T12:11:55.3058813Z -- Installing: D:/a/synthizer3d/synthizer3d/vcpkg/packages/opusfile_x64-windows/share/opusfile/usage
2025-06-21T12:11:55.3113101Z -- Performing post-build validation
2025-06-21T12:11:55.3256801Z Elapsed time to handle opusfile:x64-windows: 5 s
2025-06-21T12:11:55.3258404Z opusfile:x64-windows package ABI: 393a65d651c7a2ecd7aa3929806afcb2252d03470cf3ab96d0a5a178ff8ac0ea
2025-06-21T12:11:55.3259499Z Installing 7/9 atl:x64-windows@0...
2025-06-21T12:11:55.3264825Z Building atl:x64-windows@0...
2025-06-21T12:11:55.3600993Z -- Skipping post-build validation due to VCPKG_POLICY_EMPTY_PACKAGE
2025-06-21T12:11:55.3627480Z Elapsed time to handle atl:x64-windows: 37 ms
2025-06-21T12:11:55.3628808Z atl:x64-windows package ABI: 00c2ec0d92501baf73b36832a4cf6267281ce78714eab01bcc631fe906883872
2025-06-21T12:11:55.3632713Z Installing 8/9 atlmfc:x64-windows@0#3...
2025-06-21T12:11:55.3633276Z Building atlmfc:x64-windows@0#3...
2025-06-21T12:11:55.4008751Z -- Skipping post-build validation due to VCPKG_POLICY_EMPTY_PACKAGE
2025-06-21T12:11:55.4036066Z Elapsed time to handle atlmfc:x64-windows: 40.8 ms
2025-06-21T12:11:55.4037377Z atlmfc:x64-windows package ABI: eb110e8ab4abe86fa37c7f0085ad4fc46ce18802f978ea90d75ed1f56bb72837
2025-06-21T12:11:55.4038502Z Installing 9/9 soundtouch:x64-windows@2.3.3...
2025-06-21T12:11:55.4041271Z Building soundtouch:x64-windows@2.3.3...
2025-06-21T12:11:55.4423506Z Downloading https://codeberg.org/soundtouch/soundtouch/archive/2.3.3.tar.gz -> soundtouch-soundtouch-2.3.3.tar.gz
2025-06-21T12:11:56.5143745Z Successfully downloaded soundtouch-soundtouch-2.3.3.tar.gz
2025-06-21T12:11:56.5191746Z -- Extracting source D:/a/synthizer3d/synthizer3d/vcpkg/downloads/soundtouch-soundtouch-2.3.3.tar.gz
2025-06-21T12:11:56.6598864Z -- Using source at D:/a/synthizer3d/synthizer3d/vcpkg/buildtrees/soundtouch/src/2.3.3-309213044d.clean
2025-06-21T12:11:56.6710322Z -- Found external ninja('1.12.1').
2025-06-21T12:11:56.6749189Z -- Configuring x64-windows
2025-06-21T12:11:58.0815425Z -- Building x64-windows-dbg
2025-06-21T12:12:00.3726134Z -- Building x64-windows-rel
2025-06-21T12:12:02.5407315Z -- Fixing pkgconfig file: D:/a/synthizer3d/synthizer3d/vcpkg/packages/soundtouch_x64-windows/lib/pkgconfig/soundtouch.pc
2025-06-21T12:12:02.5598527Z Downloading msys2-mingw-w64-x86_64-pkgconf-1~2.3.0-1-any.pkg.tar.zst, trying https://mirror.msys2.org/mingw/mingw64/mingw-w64-x86_64-pkgconf-1~2.3.0-1-any.pkg.tar.zst
2025-06-21T12:12:03.1000421Z Successfully downloaded msys2-mingw-w64-x86_64-pkgconf-1~2.3.0-1-any.pkg.tar.zst
2025-06-21T12:12:03.1118540Z Downloading msys2-msys2-runtime-3.5.4-2-x86_64.pkg.tar.zst, trying https://mirror.msys2.org/msys/x86_64/msys2-runtime-3.5.4-2-x86_64.pkg.tar.zst
2025-06-21T12:12:03.7528348Z Successfully downloaded msys2-msys2-runtime-3.5.4-2-x86_64.pkg.tar.zst
2025-06-21T12:12:03.7556593Z -- Using msys root at D:/a/synthizer3d/synthizer3d/vcpkg/downloads/tools/msys2/21caed2f81ec917b
2025-06-21T12:12:03.7626167Z -- Fixing pkgconfig file: D:/a/synthizer3d/synthizer3d/vcpkg/packages/soundtouch_x64-windows/debug/lib/pkgconfig/soundtouch.pc
2025-06-21T12:12:03.8070102Z -- Installing: D:/a/synthizer3d/synthizer3d/vcpkg/packages/soundtouch_x64-windows/share/soundtouch/copyright
2025-06-21T12:12:03.8130847Z -- Performing post-build validation
2025-06-21T12:12:03.8361395Z Elapsed time to handle soundtouch:x64-windows: 8.4 s
2025-06-21T12:12:03.8362610Z soundtouch:x64-windows package ABI: cba299c175d42d095d98a381b7b4aa62179cb526de49043c0d1fb0751d841aaf
2025-06-21T12:12:03.8381886Z libogg provides CMake targets:
2025-06-21T12:12:03.8382195Z 
2025-06-21T12:12:03.8382620Z   # this is heuristically generated, and may not be correct
2025-06-21T12:12:03.8383300Z   find_package(Ogg CONFIG REQUIRED)
2025-06-21T12:12:03.8383956Z   target_link_libraries(main PRIVATE Ogg::ogg)
2025-06-21T12:12:03.8384325Z 
2025-06-21T12:12:03.8384588Z libogg provides pkg-config modules:
2025-06-21T12:12:03.8384906Z 
2025-06-21T12:12:03.8385252Z   # ogg is a library for manipulating ogg bitstreams
2025-06-21T12:12:03.8386034Z   ogg
2025-06-21T12:12:03.8386276Z 
2025-06-21T12:12:03.8391609Z The package libvorbis provides CMake targets:
2025-06-21T12:12:03.8391947Z 
2025-06-21T12:12:03.8393005Z     # Vorbis reference encoder and decoder, low-level API
2025-06-21T12:12:03.8393699Z     find_package(Vorbis CONFIG REQUIRED)
2025-06-21T12:12:03.8394348Z     target_link_libraries(main PRIVATE Vorbis::vorbis)
2025-06-21T12:12:03.8394689Z 
2025-06-21T12:12:03.8395102Z     # Audio stream decoding and basic manipulation, high-level API
2025-06-21T12:12:03.8395733Z     find_package(Vorbis CONFIG REQUIRED)
2025-06-21T12:12:03.8396356Z     target_link_libraries(main PRIVATE Vorbis::vorbisfile)
2025-06-21T12:12:03.8396713Z 
2025-06-21T12:12:03.8397072Z     # Convenience API for setting up an encoding environment
2025-06-21T12:12:03.8397660Z     find_package(Vorbis CONFIG REQUIRED)
2025-06-21T12:12:03.8398267Z     target_link_libraries(main PRIVATE Vorbis::vorbisenc)
2025-06-21T12:12:03.8398647Z 
2025-06-21T12:12:03.8398866Z opus provides CMake targets:
2025-06-21T12:12:03.8399087Z 
2025-06-21T12:12:03.8399422Z   # this is heuristically generated, and may not be correct
2025-06-21T12:12:03.8400008Z   find_package(Opus CONFIG REQUIRED)
2025-06-21T12:12:03.8400566Z   target_link_libraries(main PRIVATE Opus::opus)
2025-06-21T12:12:03.8400904Z 
2025-06-21T12:12:03.8401126Z opus provides pkg-config modules:
2025-06-21T12:12:03.8401385Z 
2025-06-21T12:12:03.8401609Z   # Opus IETF audio codec ( build)
2025-06-21T12:12:03.8401958Z   opus
2025-06-21T12:12:03.8402097Z 
2025-06-21T12:12:03.8402368Z The package opusfile provides CMake targets:
2025-06-21T12:12:03.8402693Z 
2025-06-21T12:12:03.8402945Z     find_package(OpusFile CONFIG REQUIRED)
2025-06-21T12:12:03.8403870Z     target_link_libraries(main PRIVATE OpusFile::opusfile)
2025-06-21T12:12:03.8404392Z 
2025-06-21T12:12:03.8404776Z     # To use the opusurl API
2025-06-21T12:12:03.8405367Z     target_link_libraries(main PRIVATE OpusFile::opusurl)
2025-06-21T12:12:03.8405987Z 
2025-06-21T12:12:03.8406269Z soundtouch provides CMake targets:
2025-06-21T12:12:03.8406549Z 
2025-06-21T12:12:03.8406893Z   # this is heuristically generated, and may not be correct
2025-06-21T12:12:03.8407892Z   find_package(SoundTouch CONFIG REQUIRED)
2025-06-21T12:12:03.8408924Z   target_link_libraries(main PRIVATE SoundTouch::SoundTouch)
2025-06-21T12:12:03.8409331Z 
2025-06-21T12:12:03.8409585Z soundtouch provides pkg-config modules:
2025-06-21T12:12:03.8409886Z 
2025-06-21T12:12:03.8410796Z   # SoundTouch is an open-source audio processing library for changing the Tempo, Pitch and Playback Rates of audio streams or files
2025-06-21T12:12:03.8411690Z   soundtouch
2025-06-21T12:12:03.8411896Z 
2025-06-21T12:12:03.8412224Z All requested installations completed successfully in: 52 s
2025-06-21T12:12:03.8429496Z ##[endgroup]
2025-06-21T12:12:03.8430189Z ⏱ elapsed: 60.261 seconds
2025-06-21T12:12:03.8430866Z ##[group]Set output environment variables
2025-06-21T12:12:03.8432994Z Set the workflow environment variable 'RUNVCPKG_VCPKG_ROOT' to value 'D:\a\synthizer3d\synthizer3d\vcpkg'
2025-06-21T12:12:03.8437636Z Set the workflow environment variable 'VCPKG_ROOT' to value 'D:\a\synthizer3d\synthizer3d\vcpkg'
2025-06-21T12:12:03.8441014Z Set the step output variable 'RUNVCPKG_VCPKG_ROOT_OUT' to value 'D:\a\synthizer3d\synthizer3d\vcpkg''
2025-06-21T12:12:03.8445215Z Set the workflow environment variable 'VCPKG_DEFAULT_TRIPLET' to value 'x64-windows'
2025-06-21T12:12:03.8448304Z Set the step output variable 'RUNVCPKG_VCPKG_DEFAULT_TRIPLET_OUT' to value 'x64-windows''
2025-06-21T12:12:03.8451140Z ##[endgroup]
2025-06-21T12:12:03.8451778Z ⏱ elapsed: 0.002 seconds
2025-06-21T12:12:03.8464989Z run-vcpkg action execution succeeded
2025-06-21T12:12:03.8645915Z ##[group]Run Write-Host "VCPKG_ROOT (tool directory from lukka/run-vcpkg) is $env:VCPKG_ROOT"
2025-06-21T12:12:03.8646588Z [36;1mWrite-Host "VCPKG_ROOT (tool directory from lukka/run-vcpkg) is $env:VCPKG_ROOT"[0m
2025-06-21T12:12:03.8647072Z [36;1mWrite-Host "VCPKG_DEFAULT_TRIPLET is $env:VCPKG_DEFAULT_TRIPLET"[0m
2025-06-21T12:12:03.8647471Z [36;1mWrite-Host "GITHUB_WORKSPACE is $env:GITHUB_WORKSPACE"[0m
2025-06-21T12:12:03.8648087Z [36;1mWrite-Host "Initial EFFECTIVE_VCPKG_INSTALLED_DIR_BASE (from job env, target for manifest install) is $env:EFFECTIVE_VCPKG_INSTALLED_DIR_BASE"[0m
2025-06-21T12:12:03.8648623Z [36;1m[0m
2025-06-21T12:12:03.8648788Z [36;1mif (-not $env:VCPKG_ROOT) {[0m
2025-06-21T12:12:03.8649162Z [36;1m  Write-Error "VCPKG_ROOT not set. This should be set by the lukka/run-vcpkg action."[0m
2025-06-21T12:12:03.8649504Z [36;1m  exit 1[0m
2025-06-21T12:12:03.8649661Z [36;1m}[0m
2025-06-21T12:12:03.8649802Z [36;1m[0m
2025-06-21T12:12:03.8650103Z [36;1m# Esegui vcpkg install. Se vcpkg.json è in $env:GITHUB_WORKSPACE (CWD),[0m
2025-06-21T12:12:03.8650610Z [36;1m# installerà in $env:GITHUB_WORKSPACE/vcpkg_installed/$env:VCPKG_DEFAULT_TRIPLET[0m
2025-06-21T12:12:03.8651146Z [36;1m# che corrisponde a $env:EFFECTIVE_VCPKG_INSTALLED_DIR_BASE/$env:VCPKG_DEFAULT_TRIPLET[0m
2025-06-21T12:12:03.8651674Z [36;1m# La CurrentWorkingDirectory per gli script eseguiti da 'run:' è $GITHUB_WORKSPACE.[0m
2025-06-21T12:12:03.8652161Z [36;1m& "$env:VCPKG_ROOT\vcpkg.exe" install --triplet $env:VCPKG_DEFAULT_TRIPLET[0m
2025-06-21T12:12:03.8652541Z [36;1mWrite-Host "Finished vcpkg install command."[0m
2025-06-21T12:12:03.8652792Z [36;1m[0m
2025-06-21T12:12:03.8653100Z [36;1m# CMAKE_PREFIX_PATH deve puntare a dove vcpkg ha effettivamente installato i pacchetti.[0m
2025-06-21T12:12:03.8653673Z [36;1m# Con la modalità manifest, questo è $env:EFFECTIVE_VCPKG_INSTALLED_DIR_BASE/$env:VCPKG_DEFAULT_TRIPLET.[0m
2025-06-21T12:12:03.8654301Z [36;1m$cmakePrefixPathValue = Join-Path $env:EFFECTIVE_VCPKG_INSTALLED_DIR_BASE $env:VCPKG_DEFAULT_TRIPLET[0m
2025-06-21T12:12:03.8654716Z [36;1m[0m
2025-06-21T12:12:03.8655021Z [36;1mWrite-Host "Verifying existence of target CMAKE_PREFIX_PATH: $cmakePrefixPathValue"[0m
2025-06-21T12:12:03.8655501Z [36;1mif (-not (Test-Path $cmakePrefixPathValue -PathType Container)) {[0m
2025-06-21T12:12:03.8656090Z [36;1m  Write-Warning "ATTENZIONE: La directory $cmakePrefixPathValue (target per CMAKE_PREFIX_PATH) NON esiste dopo vcpkg install."[0m
2025-06-21T12:12:03.8657446Z [36;1m  Write-Warning "Questo indica che vcpkg non ha installato nella posizione manifest attesa."[0m
2025-06-21T12:12:03.8657967Z [36;1m  Write-Warning "Contenuto di $env:EFFECTIVE_VCPKG_INSTALLED_DIR_BASE per debug:"[0m
2025-06-21T12:12:03.8658773Z [36;1m  Get-ChildItem -Path $env:EFFECTIVE_VCPKG_INSTALLED_DIR_BASE -ErrorAction SilentlyContinue -Depth 1 || Write-Warning "$env:EFFECTIVE_VCPKG_INSTALLED_DIR_BASE non esiste o è vuoto."[0m
2025-06-21T12:12:03.8659415Z [36;1m  [0m
2025-06-21T12:12:03.8659712Z [36;1m  # Fallback per debug: controlla la directory di installazione classica di vcpkg[0m
2025-06-21T12:12:03.8660284Z [36;1m  $classicVcpkgInstalledPath = Join-Path (Join-Path $env:VCPKG_ROOT "installed") $env:VCPKG_DEFAULT_TRIPLET[0m
2025-06-21T12:12:03.8660970Z [36;1m  Write-Warning "Controllo del percorso di installazione classico di vcpkg per debug: $classicVcpkgInstalledPath"[0m
2025-06-21T12:12:03.8661524Z [36;1m  if(Test-Path $classicVcpkgInstalledPath -PathType Container){[0m
2025-06-21T12:12:03.8662189Z [36;1m      Write-Warning "Il percorso classico $classicVcpkgInstalledPath ESISTE. Questo è fonte di confusione se era prevista la modalità manifest."[0m
2025-06-21T12:12:03.8662726Z [36;1m  } else {[0m
2025-06-21T12:12:03.8663042Z [36;1m      Write-Warning "Anche il percorso classico $classicVcpkgInstalledPath NON esiste."[0m
2025-06-21T12:12:03.8663394Z [36;1m  }[0m
2025-06-21T12:12:03.8664851Z [36;1m} else {[0m
2025-06-21T12:12:03.8665279Z [36;1m  Write-Host "Confermato: La directory target per CMAKE_PREFIX_PATH esiste: $cmakePrefixPathValue"[0m
2025-06-21T12:12:03.8665690Z [36;1m}[0m
2025-06-21T12:12:03.8665833Z [36;1m[0m
2025-06-21T12:12:03.8666215Z [36;1mecho "CMAKE_PREFIX_PATH=$cmakePrefixPathValue" | Out-File -FilePath $env:GITHUB_ENV -Encoding utf8 -Append[0m
2025-06-21T12:12:03.8666784Z [36;1mWrite-Host "CMAKE_PREFIX_PATH impostato a $cmakePrefixPathValue"[0m
2025-06-21T12:12:03.8667342Z [36;1m# EFFECTIVE_VCPKG_INSTALLED_DIR_BASE è già corretto dall'env del job, non serve aggiornarlo di nuovo in GITHUB_ENV[0m
2025-06-21T12:12:03.8667868Z [36;1m# se la nostra assunzione sulla modalità manifest è corretta.[0m
2025-06-21T12:12:03.8700551Z shell: C:\Program Files\PowerShell\7\pwsh.EXE -command ". '{0}'"
2025-06-21T12:12:03.8700848Z env:
2025-06-21T12:12:03.8700999Z   PYVERSION: 3.9
2025-06-21T12:12:03.8701160Z   CI_ARCH_LOWER: x64
2025-06-21T12:12:03.8701343Z   CI_WINDOWS: 1
2025-06-21T12:12:03.8701500Z   CI_ARCH_ENV: x64
2025-06-21T12:12:03.8701669Z   VCPKG_DEFAULT_TRIPLET: x64-windows
2025-06-21T12:12:03.8702015Z   EFFECTIVE_VCPKG_INSTALLED_DIR_BASE: D:\a\synthizer3d\synthizer3d\vcpkg_installed
2025-06-21T12:12:03.8702441Z   pythonLocation: C:\hostedtoolcache\windows\Python\3.9.13\x64
2025-06-21T12:12:03.8702827Z   PKG_CONFIG_PATH: C:\hostedtoolcache\windows\Python\3.9.13\x64/lib/pkgconfig
2025-06-21T12:12:03.8703200Z   Python_ROOT_DIR: C:\hostedtoolcache\windows\Python\3.9.13\x64
2025-06-21T12:12:03.8703552Z   Python2_ROOT_DIR: C:\hostedtoolcache\windows\Python\3.9.13\x64
2025-06-21T12:12:03.8703898Z   Python3_ROOT_DIR: C:\hostedtoolcache\windows\Python\3.9.13\x64
2025-06-21T12:12:03.8704184Z   CommandPromptType: Native
2025-06-21T12:12:03.8704493Z   DevEnvDir: C:\Program Files\Microsoft Visual Studio\2022\Enterprise\Common7\IDE\
2025-06-21T12:12:03.8704955Z   ExtensionSdkDir: C:\Program Files (x86)\Microsoft SDKs\Windows Kits\10\ExtensionSDKs
2025-06-21T12:12:03.8706943Z   EXTERNAL_INCLUDE: C:\Program Files\Microsoft Visual Studio\2022\Enterprise\VC\Tools\MSVC\14.43.34808\include;C:\Program Files\Microsoft Visual Studio\2022\Enterprise\VC\Tools\MSVC\14.43.34808\ATLMFC\include;C:\Program Files\Microsoft Visual Studio\2022\Enterprise\VC\Auxiliary\VS\include;C:\Program Files (x86)\Windows Kits\10\include\10.0.26100.0\ucrt;C:\Program Files (x86)\Windows Kits\10\\include\10.0.26100.0\\um;C:\Program Files (x86)\Windows Kits\10\\include\10.0.26100.0\\shared;C:\Program Files (x86)\Windows Kits\10\\include\10.0.26100.0\\winrt;C:\Program Files (x86)\Windows Kits\10\\include\10.0.26100.0\\cppwinrt;C:\Program Files (x86)\Windows Kits\NETFXSDK\4.8\include\um
2025-06-21T12:12:03.8708913Z   Framework40Version: v4.0
2025-06-21T12:12:03.8709150Z   FrameworkDir: C:\Windows\Microsoft.NET\Framework64\
2025-06-21T12:12:03.8709454Z   FrameworkDir64: C:\Windows\Microsoft.NET\Framework64\
2025-06-21T12:12:03.8709715Z   FrameworkVersion: v4.0.30319
2025-06-21T12:12:03.8709922Z   FrameworkVersion64: v4.0.30319
2025-06-21T12:12:03.8710393Z   FSHARPINSTALLDIR: C:\Program Files\Microsoft Visual Studio\2022\Enterprise\Common7\IDE\CommonExtensions\Microsoft\FSharp\Tools
2025-06-21T12:12:03.8710932Z   HTMLHelpDir: C:\Program Files (x86)\HTML Help Workshop
2025-06-21T12:12:03.8711361Z   IFCPATH: C:\Program Files\Microsoft Visual Studio\2022\Enterprise\VC\Tools\MSVC\14.43.34808\ifc\x64
2025-06-21T12:12:03.8713945Z   INCLUDE: C:\Program Files\Microsoft Visual Studio\2022\Enterprise\VC\Tools\MSVC\14.43.34808\include;C:\Program Files\Microsoft Visual Studio\2022\Enterprise\VC\Tools\MSVC\14.43.34808\ATLMFC\include;C:\Program Files\Microsoft Visual Studio\2022\Enterprise\VC\Auxiliary\VS\include;C:\Program Files (x86)\Windows Kits\10\include\10.0.26100.0\ucrt;C:\Program Files (x86)\Windows Kits\10\\include\10.0.26100.0\\um;C:\Program Files (x86)\Windows Kits\10\\include\10.0.26100.0\\shared;C:\Program Files (x86)\Windows Kits\10\\include\10.0.26100.0\\winrt;C:\Program Files (x86)\Windows Kits\10\\include\10.0.26100.0\\cppwinrt;C:\Program Files (x86)\Windows Kits\NETFXSDK\4.8\include\um
2025-06-21T12:12:03.8715854Z   is_x64_arch: true
2025-06-21T12:12:03.8716866Z   LIB: C:\Program Files\Microsoft Visual Studio\2022\Enterprise\VC\Tools\MSVC\14.43.34808\ATLMFC\lib\x64;C:\Program Files\Microsoft Visual Studio\2022\Enterprise\VC\Tools\MSVC\14.43.34808\lib\x64;C:\Program Files (x86)\Windows Kits\NETFXSDK\4.8\lib\um\x64;C:\Program Files (x86)\Windows Kits\10\lib\10.0.26100.0\ucrt\x64;C:\Program Files (x86)\Windows Kits\10\\lib\10.0.26100.0\\um\x64
2025-06-21T12:12:03.8719096Z   LIBPATH: C:\Program Files\Microsoft Visual Studio\2022\Enterprise\VC\Tools\MSVC\14.43.34808\ATLMFC\lib\x64;C:\Program Files\Microsoft Visual Studio\2022\Enterprise\VC\Tools\MSVC\14.43.34808\lib\x64;C:\Program Files\Microsoft Visual Studio\2022\Enterprise\VC\Tools\MSVC\14.43.34808\lib\x86\store\references;C:\Program Files (x86)\Windows Kits\10\UnionMetadata\10.0.26100.0;C:\Program Files (x86)\Windows Kits\10\References\10.0.26100.0;C:\Windows\Microsoft.NET\Framework64\v4.0.30319
2025-06-21T12:12:03.8720556Z   NETFXSDKDir: C:\Program Files (x86)\Windows Kits\NETFXSDK\4.8\
2025-06-21T12:12:03.8733273Z   Path: C:\Program Files\Microsoft Visual Studio\2022\Enterprise\VC\Tools\MSVC\14.43.34808\bin\HostX64\x64;C:\Program Files\Microsoft Visual Studio\2022\Enterprise\Common7\IDE\VC\VCPackages;C:\Program Files\Microsoft Visual Studio\2022\Enterprise\Common7\IDE\CommonExtensions\Microsoft\TestWindow;C:\Program Files\Microsoft Visual Studio\2022\Enterprise\Common7\IDE\CommonExtensions\Microsoft\TeamFoundation\Team Explorer;C:\Program Files\Microsoft Visual Studio\2022\Enterprise\MSBuild\Current\bin\Roslyn;C:\Program Files (x86)\Microsoft SDKs\Windows\v10.0A\bin\NETFX 4.8 Tools\x64\;C:\Program Files (x86)\HTML Help Workshop;C:\Program Files\Microsoft Visual Studio\2022\Enterprise\Common7\IDE\CommonExtensions\Microsoft\FSharp\Tools;C:\Program Files\Microsoft Visual Studio\2022\Enterprise\Team Tools\DiagnosticsHub\Collector;C:\Program Files\Microsoft Visual Studio\2022\Enterprise\Common7\IDE\Extensions\Microsoft\CodeCoverage.Console;C:\Program Files (x86)\Windows Kits\10\bin\10.0.26100.0\\x64;C:\Program Files (x86)\Windows Kits\10\bin\\x64;C:\Program Files\Microsoft Visual Studio\2022\Enterprise\\MSBuild\Current\Bin\amd64;C:\Windows\Microsoft.NET\Framework64\v4.0.30319;C:\Program Files\Microsoft Visual Studio\2022\Enterprise\Common7\IDE\;C:\Program Files\Microsoft Visual Studio\2022\Enterprise\Common7\Tools\;C:\Users\runneradmin\AppData\Roaming\Python\Python39\Scripts;C:\hostedtoolcache\windows\Python\3.9.13\x64\Scripts;C:\hostedtoolcache\windows\Python\3.9.13\x64;C:\Program Files\MongoDB\Server\5.0\bin;C:\aliyun-cli;C:\vcpkg;C:\Program Files (x86)\NSIS\;C:\tools\zstd;C:\Program Files\Mercurial\;C:\hostedtoolcache\windows\stack\3.5.1\x64;C:\cabal\bin;C:\\ghcup\bin;C:\mingw64\bin;C:\Program Files\dotnet;C:\Program Files\MySQL\MySQL Server 8.0\bin;C:\Program Files\R\R-4.4.2\bin\x64;C:\SeleniumWebDrivers\GeckoDriver;C:\SeleniumWebDrivers\EdgeDriver\;C:\SeleniumWebDrivers\ChromeDriver;C:\Program Files (x86)\sbt\bin;C:\Program Files (x86)\GitHub CLI;C:\Program Files\Git\bin;C:\Program Files (x86)\pipx_bin;C:\npm\prefix;C:\hostedtoolcache\windows\go\1.24.3\x64\bin;C:\hostedtoolcache\windows\Ruby\3.3.8\x64\bin;C:\Program Files\OpenSSL\bin;C:\tools\kotlinc\bin;C:\hostedtoolcache\windows\Java_Temurin-Hotspot_jdk\8.0.452-9\x64\bin;C:\Program Files\ImageMagick-7.1.1-Q16-HDRI;C:\Program Files\Microsoft SDKs\Azure\CLI2\wbin;C:\ProgramData\kind;C:\ProgramData\Chocolatey\bin;C:\Windows\system32;C:\Windows;C:\Windows\System32\Wbem;C:\Windows\System32\WindowsPowerShell\v1.0\;C:\Windows\System32\OpenSSH\;C:\Program Files\dotnet\;C:\Program Files\PowerShell\7\;C:\Program Files\Microsoft\Web Platform Installer\;C:\Program Files\TortoiseSVN\bin;C:\Program Files\Microsoft SQL Server\Client SDK\ODBC\170\Tools\Binn\;C:\Program Files\Microsoft SQL Server\150\Tools\Binn\;C:\Program Files (x86)\Windows Kits\10\Windows Performance Toolkit\;C:\Program Files (x86)\WiX Toolset v3.14\bin;C:\Program Files\Microsoft SQL Server\130\DTS\Binn\;C:\Program Files\Microsoft SQL Server\140\DTS\Binn\;C:\Program Files\Microsoft SQL Server\150\DTS\Binn\;C:\Program Files\Microsoft SQL Server\160\DTS\Binn\;C:\Strawberry\c\bin;C:\Strawberry\perl\site\bin;C:\Strawberry\perl\bin;C:\ProgramData\chocolatey\lib\pulumi\tools\Pulumi\bin;C:\Program Files\CMake\bin;C:\ProgramData\chocolatey\lib\maven\apache-maven-3.9.9\bin;C:\Program Files\Microsoft Service Fabric\bin\Fabric\Fabric.Code;C:\Program Files\Microsoft SDKs\Service Fabric\Tools\ServiceFabricLocalClusterManager;C:\Program Files\nodejs\;C:\Program Files\Git\cmd;C:\Program Files\Git\mingw64\bin;C:\Program Files\Git\usr\bin;C:\Program Files\GitHub CLI\;c:\tools\php;C:\Program Files\Amazon\AWSCLIV2\;C:\Program Files\Amazon\SessionManagerPlugin\bin\;C:\Program Files\Amazon\AWSSAMCLI\bin\;C:\Program Files\Microsoft SQL Server\130\Tools\Binn\;C:\Program Files\LLVM\bin;C:\Users\runneradmin\.dotnet\tools;C:\Users\runneradmin\.cargo\bin;C:\Users\runneradmin\AppData\Local\Microsoft\WindowsApps;C:\Program Files (x86)\Microsoft Visual Studio\Installer;C:\Program Files\Microsoft Visual Studio\2022\Enterprise\VC\Tools\Llvm\x64\bin;C:\Program Files\Microsoft Visual Studio\2022\Enterprise\Common7\IDE\CommonExtensions\Microsoft\CMake\CMake\bin;C:\Program Files\Microsoft Visual Studio\2022\Enterprise\Common7\IDE\CommonExtensions\Microsoft\CMake\Ninja;C:\Program Files\Microsoft Visual Studio\2022\Enterprise\Common7\IDE\VC\Linux\bin\ConnectionManagerExe;C:\Program Files\Microsoft Visual Studio\2022\Enterprise\VC\vcpkg
2025-06-21T12:12:03.8746015Z   Platform: x64
2025-06-21T12:12:03.8746179Z   UCRTVersion: 10.0.26100.0
2025-06-21T12:12:03.8746434Z   UniversalCRTSdkDir: C:\Program Files (x86)\Windows Kits\10\
2025-06-21T12:12:03.8746865Z   VCIDEInstallDir: C:\Program Files\Microsoft Visual Studio\2022\Enterprise\Common7\IDE\VC\
2025-06-21T12:12:03.8747327Z   VCINSTALLDIR: C:\Program Files\Microsoft Visual Studio\2022\Enterprise\VC\
2025-06-21T12:12:03.8747675Z   VCPKG_ROOT: D:\a\synthizer3d\synthizer3d\vcpkg
2025-06-21T12:12:03.8748095Z   VCToolsInstallDir: C:\Program Files\Microsoft Visual Studio\2022\Enterprise\VC\Tools\MSVC\14.43.34808\
2025-06-21T12:12:03.8748670Z   VCToolsRedistDir: C:\Program Files\Microsoft Visual Studio\2022\Enterprise\VC\Redist\MSVC\14.42.34433\
2025-06-21T12:12:03.8749070Z   VCToolsVersion: 14.43.34808
2025-06-21T12:12:03.8749264Z   VisualStudioVersion: 17.0
2025-06-21T12:12:03.8749589Z   VS170COMNTOOLS: C:\Program Files\Microsoft Visual Studio\2022\Enterprise\Common7\Tools\
2025-06-21T12:12:03.8750014Z   VSCMD_ARG_app_plat: Desktop
2025-06-21T12:12:03.8750203Z   VSCMD_ARG_HOST_ARCH: x64
2025-06-21T12:12:03.8750376Z   VSCMD_ARG_TGT_ARCH: x64
2025-06-21T12:12:03.8750547Z   VSCMD_VER: 17.13.2
2025-06-21T12:12:03.8750808Z   VSINSTALLDIR: C:\Program Files\Microsoft Visual Studio\2022\Enterprise\
2025-06-21T12:12:03.8751221Z   VSSDK150INSTALL: C:\Program Files\Microsoft Visual Studio\2022\Enterprise\VSSDK
2025-06-21T12:12:03.8751654Z   VSSDKINSTALL: C:\Program Files\Microsoft Visual Studio\2022\Enterprise\VSSDK
2025-06-21T12:12:03.8752248Z   WindowsLibPath: C:\Program Files (x86)\Windows Kits\10\UnionMetadata\10.0.26100.0;C:\Program Files (x86)\Windows Kits\10\References\10.0.26100.0
2025-06-21T12:12:03.8752812Z   WindowsSdkBinPath: C:\Program Files (x86)\Windows Kits\10\bin\
2025-06-21T12:12:03.8753141Z   WindowsSdkDir: C:\Program Files (x86)\Windows Kits\10\
2025-06-21T12:12:03.8753409Z   WindowsSDKLibVersion: 10.0.26100.0\
2025-06-21T12:12:03.8753736Z   WindowsSdkVerBinPath: C:\Program Files (x86)\Windows Kits\10\bin\10.0.26100.0\
2025-06-21T12:12:03.8754072Z   WindowsSDKVersion: 10.0.26100.0\
2025-06-21T12:12:03.8754470Z   WindowsSDK_ExecutablePath_x64: C:\Program Files (x86)\Microsoft SDKs\Windows\v10.0A\bin\NETFX 4.8 Tools\x64\
2025-06-21T12:12:03.8755052Z   WindowsSDK_ExecutablePath_x86: C:\Program Files (x86)\Microsoft SDKs\Windows\v10.0A\bin\NETFX 4.8 Tools\
2025-06-21T12:12:03.8755443Z   __DOTNET_ADD_64BIT: 1
2025-06-21T12:12:03.8755696Z   __DOTNET_PREFERRED_BITNESS: 64
2025-06-21T12:12:03.8763524Z   __VSCMD_PREINIT_PATH: C:\Users\runneradmin\AppData\Roaming\Python\Python39\Scripts;C:\hostedtoolcache\windows\Python\3.9.13\x64\Scripts;C:\hostedtoolcache\windows\Python\3.9.13\x64;C:\Program Files\MongoDB\Server\5.0\bin;C:\aliyun-cli;C:\vcpkg;C:\Program Files (x86)\NSIS\;C:\tools\zstd;C:\Program Files\Mercurial\;C:\hostedtoolcache\windows\stack\3.5.1\x64;C:\cabal\bin;C:\\ghcup\bin;C:\mingw64\bin;C:\Program Files\dotnet;C:\Program Files\MySQL\MySQL Server 8.0\bin;C:\Program Files\R\R-4.4.2\bin\x64;C:\SeleniumWebDrivers\GeckoDriver;C:\SeleniumWebDrivers\EdgeDriver\;C:\SeleniumWebDrivers\ChromeDriver;C:\Program Files (x86)\sbt\bin;C:\Program Files (x86)\GitHub CLI;C:\Program Files\Git\bin;C:\Program Files (x86)\pipx_bin;C:\npm\prefix;C:\hostedtoolcache\windows\go\1.24.3\x64\bin;C:\hostedtoolcache\windows\Python\3.9.13\x64\Scripts;C:\hostedtoolcache\windows\Python\3.9.13\x64;C:\hostedtoolcache\windows\Ruby\3.3.8\x64\bin;C:\Program Files\OpenSSL\bin;C:\tools\kotlinc\bin;C:\hostedtoolcache\windows\Java_Temurin-Hotspot_jdk\8.0.452-9\x64\bin;C:\Program Files\ImageMagick-7.1.1-Q16-HDRI;C:\Program Files\Microsoft SDKs\Azure\CLI2\wbin;C:\ProgramData\kind;C:\ProgramData\Chocolatey\bin;C:\Windows\system32;C:\Windows;C:\Windows\System32\Wbem;C:\Windows\System32\WindowsPowerShell\v1.0\;C:\Windows\System32\OpenSSH\;C:\Program Files\dotnet\;C:\Program Files\PowerShell\7\;C:\Program Files\Microsoft\Web Platform Installer\;C:\Program Files\TortoiseSVN\bin;C:\Program Files\Microsoft SQL Server\Client SDK\ODBC\170\Tools\Binn\;C:\Program Files\Microsoft SQL Server\150\Tools\Binn\;C:\Program Files (x86)\Windows Kits\10\Windows Performance Toolkit\;C:\Program Files (x86)\WiX Toolset v3.14\bin;C:\Program Files\Microsoft SQL Server\130\DTS\Binn\;C:\Program Files\Microsoft SQL Server\140\DTS\Binn\;C:\Program Files\Microsoft SQL Server\150\DTS\Binn\;C:\Program Files\Microsoft SQL Server\160\DTS\Binn\;C:\Strawberry\c\bin;C:\Strawberry\perl\site\bin;C:\Strawberry\perl\bin;C:\ProgramData\chocolatey\lib\pulumi\tools\Pulumi\bin;C:\Program Files\CMake\bin;C:\ProgramData\chocolatey\lib\maven\apache-maven-3.9.9\bin;C:\Program Files\Microsoft Service Fabric\bin\Fabric\Fabric.Code;C:\Program Files\Microsoft SDKs\Service Fabric\Tools\ServiceFabricLocalClusterManager;C:\Program Files\nodejs\;C:\Program Files\Git\cmd;C:\Program Files\Git\mingw64\bin;C:\Program Files\Git\usr\bin;C:\Program Files\GitHub CLI\;c:\tools\php;C:\Program Files (x86)\sbt\bin;C:\Program Files\Amazon\AWSCLIV2\;C:\Program Files\Amazon\SessionManagerPlugin\bin\;C:\Program Files\Amazon\AWSSAMCLI\bin\;C:\Program Files\Microsoft SQL Server\130\Tools\Binn\;C:\Program Files\LLVM\bin;C:\Users\runneradmin\.dotnet\tools;C:\Users\runneradmin\.cargo\bin;C:\Users\runneradmin\AppData\Local\Microsoft\WindowsApps;C:\Program Files (x86)\Microsoft Visual Studio\Installer
2025-06-21T12:12:03.8771767Z   VCPKG_DEFAULT_BINARY_CACHE: D:/a/synthizer3d/synthizer3d/969f6665-88a2-4c98-938e-ca9259871fec/vcpkg_cache
2025-06-21T12:12:03.8772211Z   VCPKG_BINARY_SOURCES: clear;x-gha,readwrite
2025-06-21T12:12:03.8772753Z   ACTIONS_CACHE_URL: https://acghubeus2.actions.githubusercontent.com/bwbzopuV3oKlbowlUKWdOnf6KF0vjv7EYqCB3ZHqukKhTVgy74/
2025-06-21T12:12:03.8809447Z   ACTIONS_RUNTIME_TOKEN: ***
2025-06-21T12:12:03.8809724Z   RUNVCPKG_VCPKG_ROOT: D:\a\synthizer3d\synthizer3d\vcpkg
2025-06-21T12:12:03.8809986Z ##[endgroup]
2025-06-21T12:12:04.1472538Z VCPKG_ROOT (tool directory from lukka/run-vcpkg) is D:\a\synthizer3d\synthizer3d\vcpkg
2025-06-21T12:12:04.1479615Z VCPKG_DEFAULT_TRIPLET is x64-windows
2025-06-21T12:12:04.1485498Z GITHUB_WORKSPACE is D:\a\synthizer3d\synthizer3d
2025-06-21T12:12:04.1491149Z Initial EFFECTIVE_VCPKG_INSTALLED_DIR_BASE (from job env, target for manifest install) is D:\a\synthizer3d\synthizer3d\vcpkg_installed
2025-06-21T12:12:04.3589982Z Detecting compiler hash for triplet x64-windows...
2025-06-21T12:12:06.3293326Z Compiler found: C:/Program Files/Microsoft Visual Studio/2022/Enterprise/VC/Tools/MSVC/14.43.34808/bin/Hostx64/x64/cl.exe
2025-06-21T12:12:06.3407374Z The following packages will be built and installed:
2025-06-21T12:12:06.3407998Z   * atl:x64-windows@0
2025-06-21T12:12:06.3408319Z   * atlmfc:x64-windows@0#3
2025-06-21T12:12:06.3408640Z     libogg:x64-windows@1.3.5#2
2025-06-21T12:12:06.3408976Z     libvorbis:x64-windows@1.3.7#4
2025-06-21T12:12:06.3409313Z     opus:x64-windows@1.5.2
2025-06-21T12:12:06.3409710Z     opusfile:x64-windows@0.12+20221121#1
2025-06-21T12:12:06.3410281Z     soundtouch:x64-windows@2.3.3
2025-06-21T12:12:06.3410877Z   * vcpkg-cmake:x64-windows@2024-04-23
2025-06-21T12:12:06.3411721Z   * vcpkg-cmake-config:x64-windows@2024-05-23
2025-06-21T12:12:06.3412602Z Additional packages (*) will be modified to complete this operation.
2025-06-21T12:12:06.3414444Z %VCPKG_BINARY_SOURCES%: warning: The 'x-gha' binary caching backend has been removed. Consider using a NuGet-based binary caching provider instead, see extended documentation at https://learn.microsoft.com/vcpkg/users/binarycaching?WT.mc_id=vcpkg_inproduct_cli.
2025-06-21T12:12:06.3415778Z   on expression: clear;x-gha,readwrite
2025-06-21T12:12:06.3416157Z                                       ^
2025-06-21T12:12:06.3416633Z Installing 1/9 vcpkg-cmake-config:x64-windows@2024-05-23...
2025-06-21T12:12:06.3417167Z Building vcpkg-cmake-config:x64-windows@2024-05-23...
2025-06-21T12:12:06.3703229Z -- Installing: D:/a/synthizer3d/synthizer3d/vcpkg/packages/vcpkg-cmake-config_x64-windows/share/vcpkg-cmake-config/vcpkg_cmake_config_fixup.cmake
2025-06-21T12:12:06.3708678Z -- Installing: D:/a/synthizer3d/synthizer3d/vcpkg/packages/vcpkg-cmake-config_x64-windows/share/vcpkg-cmake-config/vcpkg-port-config.cmake
2025-06-21T12:12:06.3712376Z -- Installing: D:/a/synthizer3d/synthizer3d/vcpkg/packages/vcpkg-cmake-config_x64-windows/share/vcpkg-cmake-config/copyright
2025-06-21T12:12:06.3751640Z -- Skipping post-build validation due to VCPKG_POLICY_EMPTY_PACKAGE
2025-06-21T12:12:06.3778975Z Elapsed time to handle vcpkg-cmake-config:x64-windows: 36.7 ms
2025-06-21T12:12:06.3779908Z vcpkg-cmake-config:x64-windows package ABI: 842797583f0500a3cabbedf03fb083636fe11e4fd3fd19d9a475485e484445fb
2025-06-21T12:12:06.3780623Z Installing 2/9 vcpkg-cmake:x64-windows@2024-04-23...
2025-06-21T12:12:06.3781069Z Building vcpkg-cmake:x64-windows@2024-04-23...
2025-06-21T12:12:06.4060363Z -- Installing: D:/a/synthizer3d/synthizer3d/vcpkg/packages/vcpkg-cmake_x64-windows/share/vcpkg-cmake/vcpkg_cmake_configure.cmake
2025-06-21T12:12:06.4066296Z -- Installing: D:/a/synthizer3d/synthizer3d/vcpkg/packages/vcpkg-cmake_x64-windows/share/vcpkg-cmake/vcpkg_cmake_build.cmake
2025-06-21T12:12:06.4071126Z -- Installing: D:/a/synthizer3d/synthizer3d/vcpkg/packages/vcpkg-cmake_x64-windows/share/vcpkg-cmake/vcpkg_cmake_install.cmake
2025-06-21T12:12:06.4075603Z -- Installing: D:/a/synthizer3d/synthizer3d/vcpkg/packages/vcpkg-cmake_x64-windows/share/vcpkg-cmake/vcpkg-port-config.cmake
2025-06-21T12:12:06.4080323Z -- Installing: D:/a/synthizer3d/synthizer3d/vcpkg/packages/vcpkg-cmake_x64-windows/share/vcpkg-cmake/copyright
2025-06-21T12:12:06.4120673Z -- Performing post-build validation
2025-06-21T12:12:06.4164576Z Elapsed time to handle vcpkg-cmake:x64-windows: 38.5 ms
2025-06-21T12:12:06.4165308Z vcpkg-cmake:x64-windows package ABI: a500b93f9e0b831ca946128005613d551eeb943040c8f073dc3184f7e15c9834
2025-06-21T12:12:06.4165855Z Installing 3/9 libogg:x64-windows@1.3.5#2...
2025-06-21T12:12:06.4166186Z Building libogg:x64-windows@1.3.5#2...
2025-06-21T12:12:06.4543912Z Downloading https://gitlab.xiph.org/xiph/ogg/-/archive/v1.3.5/ogg-v1.3.5.tar.gz -> xiph-ogg-v1.3.5.tar.gz
2025-06-21T12:12:07.2441842Z Successfully downloaded xiph-ogg-v1.3.5.tar.gz
2025-06-21T12:12:07.4798502Z -- Extracting source D:/a/synthizer3d/synthizer3d/vcpkg/downloads/xiph-ogg-v1.3.5.tar.gz
2025-06-21T12:12:07.6208263Z -- Using source at D:/a/synthizer3d/synthizer3d/vcpkg/buildtrees/libogg/src/v1.3.5-1a4243fef9.clean
2025-06-21T12:12:07.6319436Z -- Found external ninja('1.12.1').
2025-06-21T12:12:07.6353161Z -- Configuring x64-windows
2025-06-21T12:12:13.5777347Z -- Building x64-windows-dbg
2025-06-21T12:12:13.8715872Z -- Building x64-windows-rel
2025-06-21T12:12:14.1873668Z -- Fixing pkgconfig file: D:/a/synthizer3d/synthizer3d/vcpkg/packages/libogg_x64-windows/lib/pkgconfig/ogg.pc
2025-06-21T12:12:14.2065369Z Downloading msys2-mingw-w64-x86_64-pkgconf-1~2.3.0-1-any.pkg.tar.zst, trying https://mirror.msys2.org/mingw/mingw64/mingw-w64-x86_64-pkgconf-1~2.3.0-1-any.pkg.tar.zst
2025-06-21T12:12:14.7514892Z Successfully downloaded msys2-mingw-w64-x86_64-pkgconf-1~2.3.0-1-any.pkg.tar.zst
2025-06-21T12:12:14.7730515Z Downloading msys2-msys2-runtime-3.5.4-2-x86_64.pkg.tar.zst, trying https://mirror.msys2.org/msys/x86_64/msys2-runtime-3.5.4-2-x86_64.pkg.tar.zst
2025-06-21T12:12:15.4002213Z Successfully downloaded msys2-msys2-runtime-3.5.4-2-x86_64.pkg.tar.zst
2025-06-21T12:12:15.4099073Z -- Using msys root at D:/a/synthizer3d/synthizer3d/vcpkg/downloads/tools/msys2/21caed2f81ec917b
2025-06-21T12:12:15.4171249Z -- Fixing pkgconfig file: D:/a/synthizer3d/synthizer3d/vcpkg/packages/libogg_x64-windows/debug/lib/pkgconfig/ogg.pc
2025-06-21T12:12:15.4241865Z -- Installing: D:/a/synthizer3d/synthizer3d/vcpkg/packages/libogg_x64-windows/share/libogg/copyright
2025-06-21T12:12:15.4300777Z -- Performing post-build validation
2025-06-21T12:12:15.4392318Z Elapsed time to handle libogg:x64-windows: 9 s
2025-06-21T12:12:15.4393373Z libogg:x64-windows package ABI: a0557943a3eb3893da4fede0807e4138b3f8e9736e60b3498faf762055851b8f
2025-06-21T12:12:15.4394312Z Installing 4/9 libvorbis:x64-windows@1.3.7#4...
2025-06-21T12:12:15.4394892Z Building libvorbis:x64-windows@1.3.7#4...
2025-06-21T12:12:15.4793311Z Downloading https://github.com/xiph/vorbis/archive/v1.3.7.tar.gz -> xiph-vorbis-v1.3.7.tar.gz
2025-06-21T12:12:15.6154337Z Successfully downloaded xiph-vorbis-v1.3.7.tar.gz
2025-06-21T12:12:15.6308090Z -- Extracting source D:/a/synthizer3d/synthizer3d/vcpkg/downloads/xiph-vorbis-v1.3.7.tar.gz
2025-06-21T12:12:15.8095288Z -- Applying patch 0001-Dont-export-vorbisenc-functions.patch
2025-06-21T12:12:15.8295253Z -- Applying patch 0002-Fixup-pkgconfig-libs.patch
2025-06-21T12:12:15.8487068Z -- Applying patch 0003-def-mingw-compat.patch
2025-06-21T12:12:15.8681249Z -- Applying patch 0004-ogg-find-dependency.patch
2025-06-21T12:12:15.8878442Z -- Using source at D:/a/synthizer3d/synthizer3d/vcpkg/buildtrees/libvorbis/src/v1.3.7-c32164610e.clean
2025-06-21T12:12:15.8983213Z -- Found external ninja('1.12.1').
2025-06-21T12:12:15.9016193Z -- Configuring x64-windows
2025-06-21T12:12:17.3801636Z -- Building x64-windows-dbg
2025-06-21T12:12:18.5558672Z -- Building x64-windows-rel
2025-06-21T12:12:20.9848497Z -- Fixing pkgconfig file: D:/a/synthizer3d/synthizer3d/vcpkg/packages/libvorbis_x64-windows/lib/pkgconfig/vorbis.pc
2025-06-21T12:12:20.9853476Z -- Fixing pkgconfig file: D:/a/synthizer3d/synthizer3d/vcpkg/packages/libvorbis_x64-windows/lib/pkgconfig/vorbisenc.pc
2025-06-21T12:12:20.9858443Z -- Fixing pkgconfig file: D:/a/synthizer3d/synthizer3d/vcpkg/packages/libvorbis_x64-windows/lib/pkgconfig/vorbisfile.pc
2025-06-21T12:12:20.9965173Z -- Using cached msys2-mingw-w64-x86_64-pkgconf-1~2.3.0-1-any.pkg.tar.zst
2025-06-21T12:12:21.0031754Z -- Using cached msys2-msys2-runtime-3.5.4-2-x86_64.pkg.tar.zst
2025-06-21T12:12:21.0035827Z -- Using msys root at D:/a/synthizer3d/synthizer3d/vcpkg/downloads/tools/msys2/21caed2f81ec917b
2025-06-21T12:12:21.0222734Z -- Fixing pkgconfig file: D:/a/synthizer3d/synthizer3d/vcpkg/packages/libvorbis_x64-windows/debug/lib/pkgconfig/vorbis.pc
2025-06-21T12:12:21.0228420Z -- Fixing pkgconfig file: D:/a/synthizer3d/synthizer3d/vcpkg/packages/libvorbis_x64-windows/debug/lib/pkgconfig/vorbisenc.pc
2025-06-21T12:12:21.0233546Z -- Fixing pkgconfig file: D:/a/synthizer3d/synthizer3d/vcpkg/packages/libvorbis_x64-windows/debug/lib/pkgconfig/vorbisfile.pc
2025-06-21T12:12:21.1493143Z -- Installing: D:/a/synthizer3d/synthizer3d/vcpkg/packages/libvorbis_x64-windows/share/libvorbis/usage
2025-06-21T12:12:21.1496604Z -- Installing: D:/a/synthizer3d/synthizer3d/vcpkg/packages/libvorbis_x64-windows/share/libvorbis/copyright
2025-06-21T12:12:21.1551717Z -- Performing post-build validation
2025-06-21T12:12:21.1646348Z Elapsed time to handle libvorbis:x64-windows: 5.7 s
2025-06-21T12:12:21.1647213Z libvorbis:x64-windows package ABI: d90efec2c9090f56a4508a9a4435f94eb42aca93d2a98ecfbdc3a996d623c61c
2025-06-21T12:12:21.1647790Z Installing 5/9 opus:x64-windows@1.5.2...
2025-06-21T12:12:21.1648088Z Building opus:x64-windows@1.5.2...
2025-06-21T12:12:21.2032659Z Downloading https://github.com/xiph/opus/archive/v1.5.2.tar.gz -> xiph-opus-v1.5.2.tar.gz
2025-06-21T12:12:21.3382287Z Successfully downloaded xiph-opus-v1.5.2.tar.gz
2025-06-21T12:12:21.3671789Z -- Extracting source D:/a/synthizer3d/synthizer3d/vcpkg/downloads/xiph-opus-v1.5.2.tar.gz
2025-06-21T12:12:21.6247483Z -- Applying patch fix-pkgconfig-version.patch
2025-06-21T12:12:21.6460095Z -- Using source at D:/a/synthizer3d/synthizer3d/vcpkg/buildtrees/opus/src/v1.5.2-81ed242155.clean
2025-06-21T12:12:21.6578254Z -- Found external ninja('1.12.1').
2025-06-21T12:12:21.6613027Z -- Configuring x64-windows
2025-06-21T12:12:26.2176217Z -- Building x64-windows-dbg
2025-06-21T12:12:31.2696161Z -- Building x64-windows-rel
2025-06-21T12:12:39.2612214Z -- Fixing pkgconfig file: D:/a/synthizer3d/synthizer3d/vcpkg/packages/opus_x64-windows/lib/pkgconfig/opus.pc
2025-06-21T12:12:39.2718788Z -- Using cached msys2-mingw-w64-x86_64-pkgconf-1~2.3.0-1-any.pkg.tar.zst
2025-06-21T12:12:39.2791262Z -- Using cached msys2-msys2-runtime-3.5.4-2-x86_64.pkg.tar.zst
2025-06-21T12:12:39.2795451Z -- Using msys root at D:/a/synthizer3d/synthizer3d/vcpkg/downloads/tools/msys2/21caed2f81ec917b
2025-06-21T12:12:39.2860389Z -- Fixing pkgconfig file: D:/a/synthizer3d/synthizer3d/vcpkg/packages/opus_x64-windows/debug/lib/pkgconfig/opus.pc
2025-06-21T12:12:39.2929666Z -- Installing: D:/a/synthizer3d/synthizer3d/vcpkg/packages/opus_x64-windows/share/opus/copyright
2025-06-21T12:12:39.2981957Z -- Performing post-build validation
2025-06-21T12:12:39.3056852Z Elapsed time to handle opus:x64-windows: 18 s
2025-06-21T12:12:39.3057541Z opus:x64-windows package ABI: 85472ea35b34b5b2cb87ab8fa93a3b878862ba2c74d619b262819f1046f3d06f
2025-06-21T12:12:39.3058078Z Installing 6/9 opusfile:x64-windows@0.12+20221121#1...
2025-06-21T12:12:39.3058440Z Building opusfile:x64-windows@0.12+20221121#1...
2025-06-21T12:12:39.3357323Z -- Note: opusfile only supports static library linkage. Building static library.
2025-06-21T12:12:39.3448149Z Downloading https://github.com/xiph/opusfile/archive/9d718345ce03b2fad5d7d28e0bcd1cc69ab2b166.tar.gz -> xiph-opusfile-9d718345ce03b2fad5d7d28e0bcd1cc69ab2b166.tar.gz
2025-06-21T12:12:39.4327374Z Successfully downloaded xiph-opusfile-9d718345ce03b2fad5d7d28e0bcd1cc69ab2b166.tar.gz
2025-06-21T12:12:39.4431439Z -- Extracting source D:/a/synthizer3d/synthizer3d/vcpkg/downloads/xiph-opusfile-9d718345ce03b2fad5d7d28e0bcd1cc69ab2b166.tar.gz
2025-06-21T12:12:39.5790440Z -- Using source at D:/a/synthizer3d/synthizer3d/vcpkg/buildtrees/opusfile/src/c69ab2b166-6cc7de23ec.clean
2025-06-21T12:12:39.5911573Z -- Found external ninja('1.12.1').
2025-06-21T12:12:39.5944465Z -- Configuring x64-windows
2025-06-21T12:12:40.7827467Z -- Building x64-windows-dbg
2025-06-21T12:12:41.0370058Z -- Building x64-windows-rel
2025-06-21T12:12:41.5257748Z -- Fixing pkgconfig file: D:/a/synthizer3d/synthizer3d/vcpkg/packages/opusfile_x64-windows/lib/pkgconfig/opusfile.pc
2025-06-21T12:12:41.5365213Z -- Using cached msys2-mingw-w64-x86_64-pkgconf-1~2.3.0-1-any.pkg.tar.zst
2025-06-21T12:12:41.5434406Z -- Using cached msys2-msys2-runtime-3.5.4-2-x86_64.pkg.tar.zst
2025-06-21T12:12:41.5438757Z -- Using msys root at D:/a/synthizer3d/synthizer3d/vcpkg/downloads/tools/msys2/21caed2f81ec917b
2025-06-21T12:12:41.5509110Z -- Fixing pkgconfig file: D:/a/synthizer3d/synthizer3d/vcpkg/packages/opusfile_x64-windows/debug/lib/pkgconfig/opusfile.pc
2025-06-21T12:12:41.5603559Z -- Installing: D:/a/synthizer3d/synthizer3d/vcpkg/packages/opusfile_x64-windows/share/opusfile/copyright
2025-06-21T12:12:41.5612641Z -- Installing: D:/a/synthizer3d/synthizer3d/vcpkg/packages/opusfile_x64-windows/share/opusfile/usage
2025-06-21T12:12:41.5663752Z -- Performing post-build validation
2025-06-21T12:12:41.5732749Z Elapsed time to handle opusfile:x64-windows: 2.3 s
2025-06-21T12:12:41.5733386Z opusfile:x64-windows package ABI: 393a65d651c7a2ecd7aa3929806afcb2252d03470cf3ab96d0a5a178ff8ac0ea
2025-06-21T12:12:41.5733886Z Installing 7/9 atl:x64-windows@0...
2025-06-21T12:12:41.5734173Z Building atl:x64-windows@0...
2025-06-21T12:12:41.6070910Z -- Skipping post-build validation due to VCPKG_POLICY_EMPTY_PACKAGE
2025-06-21T12:12:41.6092657Z Elapsed time to handle atl:x64-windows: 36 ms
2025-06-21T12:12:41.6093779Z atl:x64-windows package ABI: 00c2ec0d92501baf73b36832a4cf6267281ce78714eab01bcc631fe906883872
2025-06-21T12:12:41.6094385Z Installing 8/9 atlmfc:x64-windows@0#3...
2025-06-21T12:12:41.6094787Z Building atlmfc:x64-windows@0#3...
2025-06-21T12:12:41.6429152Z -- Skipping post-build validation due to VCPKG_POLICY_EMPTY_PACKAGE
2025-06-21T12:12:41.6455867Z Elapsed time to handle atlmfc:x64-windows: 36.3 ms
2025-06-21T12:12:41.6456493Z atlmfc:x64-windows package ABI: eb110e8ab4abe86fa37c7f0085ad4fc46ce18802f978ea90d75ed1f56bb72837
2025-06-21T12:12:41.6457030Z Installing 9/9 soundtouch:x64-windows@2.3.3...
2025-06-21T12:12:41.6457360Z Building soundtouch:x64-windows@2.3.3...
2025-06-21T12:12:41.6841036Z Downloading https://codeberg.org/soundtouch/soundtouch/archive/2.3.3.tar.gz -> soundtouch-soundtouch-2.3.3.tar.gz
2025-06-21T12:12:42.5629227Z Successfully downloaded soundtouch-soundtouch-2.3.3.tar.gz
2025-06-21T12:12:42.5748603Z -- Extracting source D:/a/synthizer3d/synthizer3d/vcpkg/downloads/soundtouch-soundtouch-2.3.3.tar.gz
2025-06-21T12:12:42.7214303Z -- Using source at D:/a/synthizer3d/synthizer3d/vcpkg/buildtrees/soundtouch/src/2.3.3-309213044d.clean
2025-06-21T12:12:42.7327054Z -- Found external ninja('1.12.1').
2025-06-21T12:12:42.7360373Z -- Configuring x64-windows
2025-06-21T12:12:44.1551276Z -- Building x64-windows-dbg
2025-06-21T12:12:46.2413801Z -- Building x64-windows-rel
2025-06-21T12:12:48.3655868Z -- Fixing pkgconfig file: D:/a/synthizer3d/synthizer3d/vcpkg/packages/soundtouch_x64-windows/lib/pkgconfig/soundtouch.pc
2025-06-21T12:12:48.3760988Z -- Using cached msys2-mingw-w64-x86_64-pkgconf-1~2.3.0-1-any.pkg.tar.zst
2025-06-21T12:12:48.3830153Z -- Using cached msys2-msys2-runtime-3.5.4-2-x86_64.pkg.tar.zst
2025-06-21T12:12:48.3833798Z -- Using msys root at D:/a/synthizer3d/synthizer3d/vcpkg/downloads/tools/msys2/21caed2f81ec917b
2025-06-21T12:12:48.3900833Z -- Fixing pkgconfig file: D:/a/synthizer3d/synthizer3d/vcpkg/packages/soundtouch_x64-windows/debug/lib/pkgconfig/soundtouch.pc
2025-06-21T12:12:48.4340202Z -- Installing: D:/a/synthizer3d/synthizer3d/vcpkg/packages/soundtouch_x64-windows/share/soundtouch/copyright
2025-06-21T12:12:48.4400146Z -- Performing post-build validation
2025-06-21T12:12:48.4489437Z Elapsed time to handle soundtouch:x64-windows: 6.8 s
2025-06-21T12:12:48.4490112Z soundtouch:x64-windows package ABI: cba299c175d42d095d98a381b7b4aa62179cb526de49043c0d1fb0751d841aaf
2025-06-21T12:12:48.4509272Z libogg provides CMake targets:
2025-06-21T12:12:48.4509538Z 
2025-06-21T12:12:48.4509920Z   # this is heuristically generated, and may not be correct
2025-06-21T12:12:48.4510495Z   find_package(Ogg CONFIG REQUIRED)
2025-06-21T12:12:48.4511235Z   target_link_libraries(main PRIVATE Ogg::ogg)
2025-06-21T12:12:48.4511663Z 
2025-06-21T12:12:48.4511938Z libogg provides pkg-config modules:
2025-06-21T12:12:48.4512240Z 
2025-06-21T12:12:48.4512577Z   # ogg is a library for manipulating ogg bitstreams
2025-06-21T12:12:48.4513004Z   ogg
2025-06-21T12:12:48.4513158Z 
2025-06-21T12:12:48.4513460Z The package libvorbis provides CMake targets:
2025-06-21T12:12:48.4513802Z 
2025-06-21T12:12:48.4515211Z     # Vorbis reference encoder and decoder, low-level API
2025-06-21T12:12:48.4515892Z     find_package(Vorbis CONFIG REQUIRED)
2025-06-21T12:12:48.4516551Z     target_link_libraries(main PRIVATE Vorbis::vorbis)
2025-06-21T12:12:48.4516917Z 
2025-06-21T12:12:48.4517354Z     # Audio stream decoding and basic manipulation, high-level API
2025-06-21T12:12:48.4518027Z     find_package(Vorbis CONFIG REQUIRED)
2025-06-21T12:12:48.4518707Z     target_link_libraries(main PRIVATE Vorbis::vorbisfile)
2025-06-21T12:12:48.4518951Z 
2025-06-21T12:12:48.4519294Z     # Convenience API for setting up an encoding environment
2025-06-21T12:12:48.4519917Z     find_package(Vorbis CONFIG REQUIRED)
2025-06-21T12:12:48.4520575Z     target_link_libraries(main PRIVATE Vorbis::vorbisenc)
2025-06-21T12:12:48.4520940Z 
2025-06-21T12:12:48.4521178Z opus provides CMake targets:
2025-06-21T12:12:48.4521409Z 
2025-06-21T12:12:48.4521764Z   # this is heuristically generated, and may not be correct
2025-06-21T12:12:48.4522365Z   find_package(Opus CONFIG REQUIRED)
2025-06-21T12:12:48.4523076Z   target_link_libraries(main PRIVATE Opus::opus)
2025-06-21T12:12:48.4523383Z 
2025-06-21T12:12:48.4523592Z opus provides pkg-config modules:
2025-06-21T12:12:48.4523820Z 
2025-06-21T12:12:48.4524016Z   # Opus IETF audio codec ( build)
2025-06-21T12:12:48.4524327Z   opus
2025-06-21T12:12:48.4524452Z 
2025-06-21T12:12:48.4524689Z The package opusfile provides CMake targets:
2025-06-21T12:12:48.4524959Z 
2025-06-21T12:12:48.4525185Z     find_package(OpusFile CONFIG REQUIRED)
2025-06-21T12:12:48.4525742Z     target_link_libraries(main PRIVATE OpusFile::opusfile)
2025-06-21T12:12:48.4526073Z 
2025-06-21T12:12:48.4526242Z     # To use the opusurl API
2025-06-21T12:12:48.4526734Z     target_link_libraries(main PRIVATE OpusFile::opusurl)
2025-06-21T12:12:48.4527026Z 
2025-06-21T12:12:48.4527209Z soundtouch provides CMake targets:
2025-06-21T12:12:48.4527418Z 
2025-06-21T12:12:48.4527701Z   # this is heuristically generated, and may not be correct
2025-06-21T12:12:48.4528196Z   find_package(SoundTouch CONFIG REQUIRED)
2025-06-21T12:12:48.4528737Z   target_link_libraries(main PRIVATE SoundTouch::SoundTouch)
2025-06-21T12:12:48.4529044Z 
2025-06-21T12:12:48.4529244Z soundtouch provides pkg-config modules:
2025-06-21T12:12:48.4529500Z 
2025-06-21T12:12:48.4530466Z   # SoundTouch is an open-source audio processing library for changing the Tempo, Pitch and Playback Rates of audio streams or files
2025-06-21T12:12:48.4531280Z   soundtouch
2025-06-21T12:12:48.4531434Z 
2025-06-21T12:12:48.4531790Z All requested installations completed successfully in: 42 s
2025-06-21T12:12:48.4627544Z Finished vcpkg install command.
2025-06-21T12:12:48.4916519Z Verifying existence of target CMAKE_PREFIX_PATH: D:\a\synthizer3d\synthizer3d\vcpkg_installed\x64-windows
2025-06-21T12:12:48.4955659Z Confermato: La directory target per CMAKE_PREFIX_PATH esiste: D:\a\synthizer3d\synthizer3d\vcpkg_installed\x64-windows
2025-06-21T12:12:48.5136955Z CMAKE_PREFIX_PATH impostato a D:\a\synthizer3d\synthizer3d\vcpkg_installed\x64-windows
2025-06-21T12:12:48.5509151Z ##[group]Run python -m pip install --upgrade pip
2025-06-21T12:12:48.5509572Z [36;1mpython -m pip install --upgrade pip[0m
2025-06-21T12:12:48.5510074Z [36;1mpip install ninja cmake wheel tomli setuptools packaging distro scikit-build cython build delvewheel[0m
2025-06-21T12:12:48.5540810Z shell: C:\Program Files\PowerShell\7\pwsh.EXE -command ". '{0}'"
2025-06-21T12:12:48.5541120Z env:
2025-06-21T12:12:48.5541273Z   PYVERSION: 3.9
2025-06-21T12:12:48.5541442Z   CI_ARCH_LOWER: x64
2025-06-21T12:12:48.5541629Z   CI_WINDOWS: 1
2025-06-21T12:12:48.5541783Z   CI_ARCH_ENV: x64
2025-06-21T12:12:48.5541960Z   VCPKG_DEFAULT_TRIPLET: x64-windows
2025-06-21T12:12:48.5542314Z   EFFECTIVE_VCPKG_INSTALLED_DIR_BASE: D:\a\synthizer3d\synthizer3d\vcpkg_installed
2025-06-21T12:12:48.5542764Z   pythonLocation: C:\hostedtoolcache\windows\Python\3.9.13\x64
2025-06-21T12:12:48.5543163Z   PKG_CONFIG_PATH: C:\hostedtoolcache\windows\Python\3.9.13\x64/lib/pkgconfig
2025-06-21T12:12:48.5543588Z   Python_ROOT_DIR: C:\hostedtoolcache\windows\Python\3.9.13\x64
2025-06-21T12:12:48.5543941Z   Python2_ROOT_DIR: C:\hostedtoolcache\windows\Python\3.9.13\x64
2025-06-21T12:12:48.5544298Z   Python3_ROOT_DIR: C:\hostedtoolcache\windows\Python\3.9.13\x64
2025-06-21T12:12:48.5544591Z   CommandPromptType: Native
2025-06-21T12:12:48.5544920Z   DevEnvDir: C:\Program Files\Microsoft Visual Studio\2022\Enterprise\Common7\IDE\
2025-06-21T12:12:48.5545408Z   ExtensionSdkDir: C:\Program Files (x86)\Microsoft SDKs\Windows Kits\10\ExtensionSDKs
2025-06-21T12:12:48.5547455Z   EXTERNAL_INCLUDE: C:\Program Files\Microsoft Visual Studio\2022\Enterprise\VC\Tools\MSVC\14.43.34808\include;C:\Program Files\Microsoft Visual Studio\2022\Enterprise\VC\Tools\MSVC\14.43.34808\ATLMFC\include;C:\Program Files\Microsoft Visual Studio\2022\Enterprise\VC\Auxiliary\VS\include;C:\Program Files (x86)\Windows Kits\10\include\10.0.26100.0\ucrt;C:\Program Files (x86)\Windows Kits\10\\include\10.0.26100.0\\um;C:\Program Files (x86)\Windows Kits\10\\include\10.0.26100.0\\shared;C:\Program Files (x86)\Windows Kits\10\\include\10.0.26100.0\\winrt;C:\Program Files (x86)\Windows Kits\10\\include\10.0.26100.0\\cppwinrt;C:\Program Files (x86)\Windows Kits\NETFXSDK\4.8\include\um
2025-06-21T12:12:48.5549355Z   Framework40Version: v4.0
2025-06-21T12:12:48.5549598Z   FrameworkDir: C:\Windows\Microsoft.NET\Framework64\
2025-06-21T12:12:48.5549929Z   FrameworkDir64: C:\Windows\Microsoft.NET\Framework64\
2025-06-21T12:12:48.5550210Z   FrameworkVersion: v4.0.30319
2025-06-21T12:12:48.5550425Z   FrameworkVersion64: v4.0.30319
2025-06-21T12:12:48.5550897Z   FSHARPINSTALLDIR: C:\Program Files\Microsoft Visual Studio\2022\Enterprise\Common7\IDE\CommonExtensions\Microsoft\FSharp\Tools
2025-06-21T12:12:48.5551440Z   HTMLHelpDir: C:\Program Files (x86)\HTML Help Workshop
2025-06-21T12:12:48.5551877Z   IFCPATH: C:\Program Files\Microsoft Visual Studio\2022\Enterprise\VC\Tools\MSVC\14.43.34808\ifc\x64
2025-06-21T12:12:48.5553904Z   INCLUDE: C:\Program Files\Microsoft Visual Studio\2022\Enterprise\VC\Tools\MSVC\14.43.34808\include;C:\Program Files\Microsoft Visual Studio\2022\Enterprise\VC\Tools\MSVC\14.43.34808\ATLMFC\include;C:\Program Files\Microsoft Visual Studio\2022\Enterprise\VC\Auxiliary\VS\include;C:\Program Files (x86)\Windows Kits\10\include\10.0.26100.0\ucrt;C:\Program Files (x86)\Windows Kits\10\\include\10.0.26100.0\\um;C:\Program Files (x86)\Windows Kits\10\\include\10.0.26100.0\\shared;C:\Program Files (x86)\Windows Kits\10\\include\10.0.26100.0\\winrt;C:\Program Files (x86)\Windows Kits\10\\include\10.0.26100.0\\cppwinrt;C:\Program Files (x86)\Windows Kits\NETFXSDK\4.8\include\um
2025-06-21T12:12:48.5555874Z   is_x64_arch: true
2025-06-21T12:12:48.5558432Z   LIB: C:\Program Files\Microsoft Visual Studio\2022\Enterprise\VC\Tools\MSVC\14.43.34808\ATLMFC\lib\x64;C:\Program Files\Microsoft Visual Studio\2022\Enterprise\VC\Tools\MSVC\14.43.34808\lib\x64;C:\Program Files (x86)\Windows Kits\NETFXSDK\4.8\lib\um\x64;C:\Program Files (x86)\Windows Kits\10\lib\10.0.26100.0\ucrt\x64;C:\Program Files (x86)\Windows Kits\10\\lib\10.0.26100.0\\um\x64
2025-06-21T12:12:48.5560813Z   LIBPATH: C:\Program Files\Microsoft Visual Studio\2022\Enterprise\VC\Tools\MSVC\14.43.34808\ATLMFC\lib\x64;C:\Program Files\Microsoft Visual Studio\2022\Enterprise\VC\Tools\MSVC\14.43.34808\lib\x64;C:\Program Files\Microsoft Visual Studio\2022\Enterprise\VC\Tools\MSVC\14.43.34808\lib\x86\store\references;C:\Program Files (x86)\Windows Kits\10\UnionMetadata\10.0.26100.0;C:\Program Files (x86)\Windows Kits\10\References\10.0.26100.0;C:\Windows\Microsoft.NET\Framework64\v4.0.30319
2025-06-21T12:12:48.5562297Z   NETFXSDKDir: C:\Program Files (x86)\Windows Kits\NETFXSDK\4.8\
2025-06-21T12:12:48.5575572Z   Path: C:\Program Files\Microsoft Visual Studio\2022\Enterprise\VC\Tools\MSVC\14.43.34808\bin\HostX64\x64;C:\Program Files\Microsoft Visual Studio\2022\Enterprise\Common7\IDE\VC\VCPackages;C:\Program Files\Microsoft Visual Studio\2022\Enterprise\Common7\IDE\CommonExtensions\Microsoft\TestWindow;C:\Program Files\Microsoft Visual Studio\2022\Enterprise\Common7\IDE\CommonExtensions\Microsoft\TeamFoundation\Team Explorer;C:\Program Files\Microsoft Visual Studio\2022\Enterprise\MSBuild\Current\bin\Roslyn;C:\Program Files (x86)\Microsoft SDKs\Windows\v10.0A\bin\NETFX 4.8 Tools\x64\;C:\Program Files (x86)\HTML Help Workshop;C:\Program Files\Microsoft Visual Studio\2022\Enterprise\Common7\IDE\CommonExtensions\Microsoft\FSharp\Tools;C:\Program Files\Microsoft Visual Studio\2022\Enterprise\Team Tools\DiagnosticsHub\Collector;C:\Program Files\Microsoft Visual Studio\2022\Enterprise\Common7\IDE\Extensions\Microsoft\CodeCoverage.Console;C:\Program Files (x86)\Windows Kits\10\bin\10.0.26100.0\\x64;C:\Program Files (x86)\Windows Kits\10\bin\\x64;C:\Program Files\Microsoft Visual Studio\2022\Enterprise\\MSBuild\Current\Bin\amd64;C:\Windows\Microsoft.NET\Framework64\v4.0.30319;C:\Program Files\Microsoft Visual Studio\2022\Enterprise\Common7\IDE\;C:\Program Files\Microsoft Visual Studio\2022\Enterprise\Common7\Tools\;C:\Users\runneradmin\AppData\Roaming\Python\Python39\Scripts;C:\hostedtoolcache\windows\Python\3.9.13\x64\Scripts;C:\hostedtoolcache\windows\Python\3.9.13\x64;C:\Program Files\MongoDB\Server\5.0\bin;C:\aliyun-cli;C:\vcpkg;C:\Program Files (x86)\NSIS\;C:\tools\zstd;C:\Program Files\Mercurial\;C:\hostedtoolcache\windows\stack\3.5.1\x64;C:\cabal\bin;C:\\ghcup\bin;C:\mingw64\bin;C:\Program Files\dotnet;C:\Program Files\MySQL\MySQL Server 8.0\bin;C:\Program Files\R\R-4.4.2\bin\x64;C:\SeleniumWebDrivers\GeckoDriver;C:\SeleniumWebDrivers\EdgeDriver\;C:\SeleniumWebDrivers\ChromeDriver;C:\Program Files (x86)\sbt\bin;C:\Program Files (x86)\GitHub CLI;C:\Program Files\Git\bin;C:\Program Files (x86)\pipx_bin;C:\npm\prefix;C:\hostedtoolcache\windows\go\1.24.3\x64\bin;C:\hostedtoolcache\windows\Ruby\3.3.8\x64\bin;C:\Program Files\OpenSSL\bin;C:\tools\kotlinc\bin;C:\hostedtoolcache\windows\Java_Temurin-Hotspot_jdk\8.0.452-9\x64\bin;C:\Program Files\ImageMagick-7.1.1-Q16-HDRI;C:\Program Files\Microsoft SDKs\Azure\CLI2\wbin;C:\ProgramData\kind;C:\ProgramData\Chocolatey\bin;C:\Windows\system32;C:\Windows;C:\Windows\System32\Wbem;C:\Windows\System32\WindowsPowerShell\v1.0\;C:\Windows\System32\OpenSSH\;C:\Program Files\dotnet\;C:\Program Files\PowerShell\7\;C:\Program Files\Microsoft\Web Platform Installer\;C:\Program Files\TortoiseSVN\bin;C:\Program Files\Microsoft SQL Server\Client SDK\ODBC\170\Tools\Binn\;C:\Program Files\Microsoft SQL Server\150\Tools\Binn\;C:\Program Files (x86)\Windows Kits\10\Windows Performance Toolkit\;C:\Program Files (x86)\WiX Toolset v3.14\bin;C:\Program Files\Microsoft SQL Server\130\DTS\Binn\;C:\Program Files\Microsoft SQL Server\140\DTS\Binn\;C:\Program Files\Microsoft SQL Server\150\DTS\Binn\;C:\Program Files\Microsoft SQL Server\160\DTS\Binn\;C:\Strawberry\c\bin;C:\Strawberry\perl\site\bin;C:\Strawberry\perl\bin;C:\ProgramData\chocolatey\lib\pulumi\tools\Pulumi\bin;C:\Program Files\CMake\bin;C:\ProgramData\chocolatey\lib\maven\apache-maven-3.9.9\bin;C:\Program Files\Microsoft Service Fabric\bin\Fabric\Fabric.Code;C:\Program Files\Microsoft SDKs\Service Fabric\Tools\ServiceFabricLocalClusterManager;C:\Program Files\nodejs\;C:\Program Files\Git\cmd;C:\Program Files\Git\mingw64\bin;C:\Program Files\Git\usr\bin;C:\Program Files\GitHub CLI\;c:\tools\php;C:\Program Files\Amazon\AWSCLIV2\;C:\Program Files\Amazon\SessionManagerPlugin\bin\;C:\Program Files\Amazon\AWSSAMCLI\bin\;C:\Program Files\Microsoft SQL Server\130\Tools\Binn\;C:\Program Files\LLVM\bin;C:\Users\runneradmin\.dotnet\tools;C:\Users\runneradmin\.cargo\bin;C:\Users\runneradmin\AppData\Local\Microsoft\WindowsApps;C:\Program Files (x86)\Microsoft Visual Studio\Installer;C:\Program Files\Microsoft Visual Studio\2022\Enterprise\VC\Tools\Llvm\x64\bin;C:\Program Files\Microsoft Visual Studio\2022\Enterprise\Common7\IDE\CommonExtensions\Microsoft\CMake\CMake\bin;C:\Program Files\Microsoft Visual Studio\2022\Enterprise\Common7\IDE\CommonExtensions\Microsoft\CMake\Ninja;C:\Program Files\Microsoft Visual Studio\2022\Enterprise\Common7\IDE\VC\Linux\bin\ConnectionManagerExe;C:\Program Files\Microsoft Visual Studio\2022\Enterprise\VC\vcpkg
2025-06-21T12:12:48.5588526Z   Platform: x64
2025-06-21T12:12:48.5588697Z   UCRTVersion: 10.0.26100.0
2025-06-21T12:12:48.5588959Z   UniversalCRTSdkDir: C:\Program Files (x86)\Windows Kits\10\
2025-06-21T12:12:48.5589406Z   VCIDEInstallDir: C:\Program Files\Microsoft Visual Studio\2022\Enterprise\Common7\IDE\VC\
2025-06-21T12:12:48.5589884Z   VCINSTALLDIR: C:\Program Files\Microsoft Visual Studio\2022\Enterprise\VC\
2025-06-21T12:12:48.5590243Z   VCPKG_ROOT: D:\a\synthizer3d\synthizer3d\vcpkg
2025-06-21T12:12:48.5590672Z   VCToolsInstallDir: C:\Program Files\Microsoft Visual Studio\2022\Enterprise\VC\Tools\MSVC\14.43.34808\
2025-06-21T12:12:48.5591263Z   VCToolsRedistDir: C:\Program Files\Microsoft Visual Studio\2022\Enterprise\VC\Redist\MSVC\14.42.34433\
2025-06-21T12:12:48.5591670Z   VCToolsVersion: 14.43.34808
2025-06-21T12:12:48.5591876Z   VisualStudioVersion: 17.0
2025-06-21T12:12:48.5592214Z   VS170COMNTOOLS: C:\Program Files\Microsoft Visual Studio\2022\Enterprise\Common7\Tools\
2025-06-21T12:12:48.5592576Z   VSCMD_ARG_app_plat: Desktop
2025-06-21T12:12:48.5592771Z   VSCMD_ARG_HOST_ARCH: x64
2025-06-21T12:12:48.5592951Z   VSCMD_ARG_TGT_ARCH: x64
2025-06-21T12:12:48.5593127Z   VSCMD_VER: 17.13.2
2025-06-21T12:12:48.5593454Z   VSINSTALLDIR: C:\Program Files\Microsoft Visual Studio\2022\Enterprise\
2025-06-21T12:12:48.5593898Z   VSSDK150INSTALL: C:\Program Files\Microsoft Visual Studio\2022\Enterprise\VSSDK
2025-06-21T12:12:48.5594345Z   VSSDKINSTALL: C:\Program Files\Microsoft Visual Studio\2022\Enterprise\VSSDK
2025-06-21T12:12:48.5594951Z   WindowsLibPath: C:\Program Files (x86)\Windows Kits\10\UnionMetadata\10.0.26100.0;C:\Program Files (x86)\Windows Kits\10\References\10.0.26100.0
2025-06-21T12:12:48.5595527Z   WindowsSdkBinPath: C:\Program Files (x86)\Windows Kits\10\bin\
2025-06-21T12:12:48.5595866Z   WindowsSdkDir: C:\Program Files (x86)\Windows Kits\10\
2025-06-21T12:12:48.5596146Z   WindowsSDKLibVersion: 10.0.26100.0\
2025-06-21T12:12:48.5596479Z   WindowsSdkVerBinPath: C:\Program Files (x86)\Windows Kits\10\bin\10.0.26100.0\
2025-06-21T12:12:48.5596819Z   WindowsSDKVersion: 10.0.26100.0\
2025-06-21T12:12:48.5597221Z   WindowsSDK_ExecutablePath_x64: C:\Program Files (x86)\Microsoft SDKs\Windows\v10.0A\bin\NETFX 4.8 Tools\x64\
2025-06-21T12:12:48.5597818Z   WindowsSDK_ExecutablePath_x86: C:\Program Files (x86)\Microsoft SDKs\Windows\v10.0A\bin\NETFX 4.8 Tools\
2025-06-21T12:12:48.5598300Z   __DOTNET_ADD_64BIT: 1
2025-06-21T12:12:48.5598484Z   __DOTNET_PREFERRED_BITNESS: 64
2025-06-21T12:12:48.5606647Z   __VSCMD_PREINIT_PATH: C:\Users\runneradmin\AppData\Roaming\Python\Python39\Scripts;C:\hostedtoolcache\windows\Python\3.9.13\x64\Scripts;C:\hostedtoolcache\windows\Python\3.9.13\x64;C:\Program Files\MongoDB\Server\5.0\bin;C:\aliyun-cli;C:\vcpkg;C:\Program Files (x86)\NSIS\;C:\tools\zstd;C:\Program Files\Mercurial\;C:\hostedtoolcache\windows\stack\3.5.1\x64;C:\cabal\bin;C:\\ghcup\bin;C:\mingw64\bin;C:\Program Files\dotnet;C:\Program Files\MySQL\MySQL Server 8.0\bin;C:\Program Files\R\R-4.4.2\bin\x64;C:\SeleniumWebDrivers\GeckoDriver;C:\SeleniumWebDrivers\EdgeDriver\;C:\SeleniumWebDrivers\ChromeDriver;C:\Program Files (x86)\sbt\bin;C:\Program Files (x86)\GitHub CLI;C:\Program Files\Git\bin;C:\Program Files (x86)\pipx_bin;C:\npm\prefix;C:\hostedtoolcache\windows\go\1.24.3\x64\bin;C:\hostedtoolcache\windows\Python\3.9.13\x64\Scripts;C:\hostedtoolcache\windows\Python\3.9.13\x64;C:\hostedtoolcache\windows\Ruby\3.3.8\x64\bin;C:\Program Files\OpenSSL\bin;C:\tools\kotlinc\bin;C:\hostedtoolcache\windows\Java_Temurin-Hotspot_jdk\8.0.452-9\x64\bin;C:\Program Files\ImageMagick-7.1.1-Q16-HDRI;C:\Program Files\Microsoft SDKs\Azure\CLI2\wbin;C:\ProgramData\kind;C:\ProgramData\Chocolatey\bin;C:\Windows\system32;C:\Windows;C:\Windows\System32\Wbem;C:\Windows\System32\WindowsPowerShell\v1.0\;C:\Windows\System32\OpenSSH\;C:\Program Files\dotnet\;C:\Program Files\PowerShell\7\;C:\Program Files\Microsoft\Web Platform Installer\;C:\Program Files\TortoiseSVN\bin;C:\Program Files\Microsoft SQL Server\Client SDK\ODBC\170\Tools\Binn\;C:\Program Files\Microsoft SQL Server\150\Tools\Binn\;C:\Program Files (x86)\Windows Kits\10\Windows Performance Toolkit\;C:\Program Files (x86)\WiX Toolset v3.14\bin;C:\Program Files\Microsoft SQL Server\130\DTS\Binn\;C:\Program Files\Microsoft SQL Server\140\DTS\Binn\;C:\Program Files\Microsoft SQL Server\150\DTS\Binn\;C:\Program Files\Microsoft SQL Server\160\DTS\Binn\;C:\Strawberry\c\bin;C:\Strawberry\perl\site\bin;C:\Strawberry\perl\bin;C:\ProgramData\chocolatey\lib\pulumi\tools\Pulumi\bin;C:\Program Files\CMake\bin;C:\ProgramData\chocolatey\lib\maven\apache-maven-3.9.9\bin;C:\Program Files\Microsoft Service Fabric\bin\Fabric\Fabric.Code;C:\Program Files\Microsoft SDKs\Service Fabric\Tools\ServiceFabricLocalClusterManager;C:\Program Files\nodejs\;C:\Program Files\Git\cmd;C:\Program Files\Git\mingw64\bin;C:\Program Files\Git\usr\bin;C:\Program Files\GitHub CLI\;c:\tools\php;C:\Program Files (x86)\sbt\bin;C:\Program Files\Amazon\AWSCLIV2\;C:\Program Files\Amazon\SessionManagerPlugin\bin\;C:\Program Files\Amazon\AWSSAMCLI\bin\;C:\Program Files\Microsoft SQL Server\130\Tools\Binn\;C:\Program Files\LLVM\bin;C:\Users\runneradmin\.dotnet\tools;C:\Users\runneradmin\.cargo\bin;C:\Users\runneradmin\AppData\Local\Microsoft\WindowsApps;C:\Program Files (x86)\Microsoft Visual Studio\Installer
2025-06-21T12:12:48.5614930Z   VCPKG_DEFAULT_BINARY_CACHE: D:/a/synthizer3d/synthizer3d/969f6665-88a2-4c98-938e-ca9259871fec/vcpkg_cache
2025-06-21T12:12:48.5615387Z   VCPKG_BINARY_SOURCES: clear;x-gha,readwrite
2025-06-21T12:12:48.5615940Z   ACTIONS_CACHE_URL: https://acghubeus2.actions.githubusercontent.com/bwbzopuV3oKlbowlUKWdOnf6KF0vjv7EYqCB3ZHqukKhTVgy74/
2025-06-21T12:12:48.5652730Z   ACTIONS_RUNTIME_TOKEN: ***
2025-06-21T12:12:48.5653033Z   RUNVCPKG_VCPKG_ROOT: D:\a\synthizer3d\synthizer3d\vcpkg
2025-06-21T12:12:48.5653427Z   CMAKE_PREFIX_PATH: D:\a\synthizer3d\synthizer3d\vcpkg_installed\x64-windows
2025-06-21T12:12:48.5653739Z ##[endgroup]
2025-06-21T12:12:49.6789015Z Requirement already satisfied: pip in c:\hostedtoolcache\windows\python\3.9.13\x64\lib\site-packages (25.1.1)
2025-06-21T12:12:50.7490000Z Collecting ninja
2025-06-21T12:12:50.7517306Z   Using cached ninja-1.11.1.4-py3-none-win_amd64.whl.metadata (5.0 kB)
2025-06-21T12:12:50.8913822Z Collecting cmake
2025-06-21T12:12:50.8942607Z   Using cached cmake-4.0.3-py3-none-win_amd64.whl.metadata (6.3 kB)
2025-06-21T12:12:50.9299669Z Collecting wheel
2025-06-21T12:12:50.9326052Z   Using cached wheel-0.45.1-py3-none-any.whl.metadata (2.3 kB)
2025-06-21T12:12:50.9347233Z Requirement already satisfied: tomli in c:\hostedtoolcache\windows\python\3.9.13\x64\lib\site-packages (2.2.1)
2025-06-21T12:12:50.9351723Z Requirement already satisfied: setuptools in c:\hostedtoolcache\windows\python\3.9.13\x64\lib\site-packages (58.1.0)
2025-06-21T12:12:50.9355853Z Requirement already satisfied: packaging in c:\hostedtoolcache\windows\python\3.9.13\x64\lib\site-packages (25.0)
2025-06-21T12:12:50.9538004Z Collecting distro
2025-06-21T12:12:50.9563486Z   Using cached distro-1.9.0-py3-none-any.whl.metadata (6.8 kB)
2025-06-21T12:12:50.9788937Z Collecting scikit-build
2025-06-21T12:12:50.9813737Z   Using cached scikit_build-0.18.1-py3-none-any.whl.metadata (18 kB)
2025-06-21T12:12:51.2315652Z Collecting cython
2025-06-21T12:12:51.2344601Z   Using cached cython-3.1.2-cp39-cp39-win_amd64.whl.metadata (6.0 kB)
2025-06-21T12:12:51.2578878Z Collecting build
2025-06-21T12:12:51.2604899Z   Using cached build-1.2.2.post1-py3-none-any.whl.metadata (6.5 kB)
2025-06-21T12:12:51.2973937Z Collecting delvewheel
2025-06-21T12:12:51.2999277Z   Using cached delvewheel-1.10.1-py3-none-any.whl.metadata (17 kB)
2025-06-21T12:12:51.3435764Z Collecting pyproject_hooks (from build)
2025-06-21T12:12:51.3460942Z   Using cached pyproject_hooks-1.2.0-py3-none-any.whl.metadata (1.3 kB)
2025-06-21T12:12:51.3478124Z Requirement already satisfied: colorama in c:\hostedtoolcache\windows\python\3.9.13\x64\lib\site-packages (from build) (0.4.6)
2025-06-21T12:12:51.3858269Z Collecting importlib-metadata>=4.6 (from build)
2025-06-21T12:12:51.3884001Z   Using cached importlib_metadata-8.7.0-py3-none-any.whl.metadata (4.8 kB)
2025-06-21T12:12:51.4133846Z Collecting pefile>=2024.8.26 (from delvewheel)
2025-06-21T12:12:51.4159313Z   Using cached pefile-2024.8.26-py3-none-any.whl.metadata (1.4 kB)
2025-06-21T12:12:51.4435735Z Collecting zipp>=3.20 (from importlib-metadata>=4.6->build)
2025-06-21T12:12:51.4461308Z   Using cached zipp-3.23.0-py3-none-any.whl.metadata (3.6 kB)
2025-06-21T12:12:51.4581997Z Using cached ninja-1.11.1.4-py3-none-win_amd64.whl (296 kB)
2025-06-21T12:12:51.4608124Z Using cached cmake-4.0.3-py3-none-win_amd64.whl (36.9 MB)
2025-06-21T12:12:51.4863380Z Using cached wheel-0.45.1-py3-none-any.whl (72 kB)
2025-06-21T12:12:51.4890149Z Using cached distro-1.9.0-py3-none-any.whl (20 kB)
2025-06-21T12:12:51.4914492Z Using cached scikit_build-0.18.1-py3-none-any.whl (85 kB)
2025-06-21T12:12:51.4938465Z Using cached cython-3.1.2-cp39-cp39-win_amd64.whl (2.7 MB)
2025-06-21T12:12:51.4974557Z Using cached build-1.2.2.post1-py3-none-any.whl (22 kB)
2025-06-21T12:12:51.4998220Z Using cached delvewheel-1.10.1-py3-none-any.whl (58 kB)
2025-06-21T12:12:51.5022566Z Using cached importlib_metadata-8.7.0-py3-none-any.whl (27 kB)
2025-06-21T12:12:51.5047801Z Using cached pefile-2024.8.26-py3-none-any.whl (74 kB)
2025-06-21T12:12:51.5071729Z Using cached zipp-3.23.0-py3-none-any.whl (10 kB)
2025-06-21T12:12:51.5095841Z Using cached pyproject_hooks-1.2.0-py3-none-any.whl (10 kB)
2025-06-21T12:12:51.7630189Z Installing collected packages: zipp, wheel, pyproject_hooks, pefile, ninja, distro, cython, cmake, scikit-build, importlib-metadata, delvewheel, build
2025-06-21T12:13:02.5154252Z 
2025-06-21T12:13:02.5230999Z Successfully installed build-1.2.2.post1 cmake-4.0.3 cython-3.1.2 delvewheel-1.10.1 distro-1.9.0 importlib-metadata-8.7.0 ninja-1.11.1.4 pefile-2024.8.26 pyproject_hooks-1.2.0 scikit-build-0.18.1 wheel-0.45.1 zipp-3.23.0
2025-06-21T12:13:02.6849143Z ##[group]Run Set-Location $Env:GITHUB_WORKSPACE
2025-06-21T12:13:02.6849534Z [36;1mSet-Location $Env:GITHUB_WORKSPACE[0m
2025-06-21T12:13:02.6849794Z [36;1mWrite-Host "Arch: x64"[0m
2025-06-21T12:13:02.6850140Z [36;1mWrite-Host "Current CMAKE_PREFIX_PATH for build is: $env:CMAKE_PREFIX_PATH"[0m
2025-06-21T12:13:02.6850689Z [36;1mWrite-Host "EFFECTIVE_VCPKG_INSTALLED_DIR_BASE for build is: $env:EFFECTIVE_VCPKG_INSTALLED_DIR_BASE"[0m
2025-06-21T12:13:02.6851521Z [36;1mWrite-Host "Synthizer expects vcpkg path (for debug/verification): $env:SYNTHIZER_EXPECTED_VCPKG_PATH_FOR_DEBUG"[0m
2025-06-21T12:13:02.6852034Z [36;1mpython -m build --wheel --no-isolation[0m
2025-06-21T12:13:02.6881002Z shell: C:\Windows\System32\WindowsPowerShell\v1.0\powershell.EXE -command ". '{0}'"
2025-06-21T12:13:02.6881366Z env:
2025-06-21T12:13:02.6881515Z   PYVERSION: 3.9
2025-06-21T12:13:02.6881677Z   CI_ARCH_LOWER: x64
2025-06-21T12:13:02.6881847Z   CI_WINDOWS: 1
2025-06-21T12:13:02.6882035Z   CI_ARCH_ENV: x64
2025-06-21T12:13:02.6882214Z   VCPKG_DEFAULT_TRIPLET: x64-windows
2025-06-21T12:13:02.6882564Z   EFFECTIVE_VCPKG_INSTALLED_DIR_BASE: D:\a\synthizer3d\synthizer3d\vcpkg_installed
2025-06-21T12:13:02.6882990Z   pythonLocation: C:\hostedtoolcache\windows\Python\3.9.13\x64
2025-06-21T12:13:02.6883370Z   PKG_CONFIG_PATH: C:\hostedtoolcache\windows\Python\3.9.13\x64/lib/pkgconfig
2025-06-21T12:13:02.6883767Z   Python_ROOT_DIR: C:\hostedtoolcache\windows\Python\3.9.13\x64
2025-06-21T12:13:02.6884124Z   Python2_ROOT_DIR: C:\hostedtoolcache\windows\Python\3.9.13\x64
2025-06-21T12:13:02.6884478Z   Python3_ROOT_DIR: C:\hostedtoolcache\windows\Python\3.9.13\x64
2025-06-21T12:13:02.6884765Z   CommandPromptType: Native
2025-06-21T12:13:02.6885090Z   DevEnvDir: C:\Program Files\Microsoft Visual Studio\2022\Enterprise\Common7\IDE\
2025-06-21T12:13:02.6885564Z   ExtensionSdkDir: C:\Program Files (x86)\Microsoft SDKs\Windows Kits\10\ExtensionSDKs
2025-06-21T12:13:02.6887587Z   EXTERNAL_INCLUDE: C:\Program Files\Microsoft Visual Studio\2022\Enterprise\VC\Tools\MSVC\14.43.34808\include;C:\Program Files\Microsoft Visual Studio\2022\Enterprise\VC\Tools\MSVC\14.43.34808\ATLMFC\include;C:\Program Files\Microsoft Visual Studio\2022\Enterprise\VC\Auxiliary\VS\include;C:\Program Files (x86)\Windows Kits\10\include\10.0.26100.0\ucrt;C:\Program Files (x86)\Windows Kits\10\\include\10.0.26100.0\\um;C:\Program Files (x86)\Windows Kits\10\\include\10.0.26100.0\\shared;C:\Program Files (x86)\Windows Kits\10\\include\10.0.26100.0\\winrt;C:\Program Files (x86)\Windows Kits\10\\include\10.0.26100.0\\cppwinrt;C:\Program Files (x86)\Windows Kits\NETFXSDK\4.8\include\um
2025-06-21T12:13:02.6889492Z   Framework40Version: v4.0
2025-06-21T12:13:02.6889731Z   FrameworkDir: C:\Windows\Microsoft.NET\Framework64\
2025-06-21T12:13:02.6890042Z   FrameworkDir64: C:\Windows\Microsoft.NET\Framework64\
2025-06-21T12:13:02.6890301Z   FrameworkVersion: v4.0.30319
2025-06-21T12:13:02.6890519Z   FrameworkVersion64: v4.0.30319
2025-06-21T12:13:02.6890992Z   FSHARPINSTALLDIR: C:\Program Files\Microsoft Visual Studio\2022\Enterprise\Common7\IDE\CommonExtensions\Microsoft\FSharp\Tools
2025-06-21T12:13:02.6891521Z   HTMLHelpDir: C:\Program Files (x86)\HTML Help Workshop
2025-06-21T12:13:02.6891951Z   IFCPATH: C:\Program Files\Microsoft Visual Studio\2022\Enterprise\VC\Tools\MSVC\14.43.34808\ifc\x64
2025-06-21T12:13:02.6895454Z   INCLUDE: C:\Program Files\Microsoft Visual Studio\2022\Enterprise\VC\Tools\MSVC\14.43.34808\include;C:\Program Files\Microsoft Visual Studio\2022\Enterprise\VC\Tools\MSVC\14.43.34808\ATLMFC\include;C:\Program Files\Microsoft Visual Studio\2022\Enterprise\VC\Auxiliary\VS\include;C:\Program Files (x86)\Windows Kits\10\include\10.0.26100.0\ucrt;C:\Program Files (x86)\Windows Kits\10\\include\10.0.26100.0\\um;C:\Program Files (x86)\Windows Kits\10\\include\10.0.26100.0\\shared;C:\Program Files (x86)\Windows Kits\10\\include\10.0.26100.0\\winrt;C:\Program Files (x86)\Windows Kits\10\\include\10.0.26100.0\\cppwinrt;C:\Program Files (x86)\Windows Kits\NETFXSDK\4.8\include\um
2025-06-21T12:13:02.6897405Z   is_x64_arch: true
2025-06-21T12:13:02.6898457Z   LIB: C:\Program Files\Microsoft Visual Studio\2022\Enterprise\VC\Tools\MSVC\14.43.34808\ATLMFC\lib\x64;C:\Program Files\Microsoft Visual Studio\2022\Enterprise\VC\Tools\MSVC\14.43.34808\lib\x64;C:\Program Files (x86)\Windows Kits\NETFXSDK\4.8\lib\um\x64;C:\Program Files (x86)\Windows Kits\10\lib\10.0.26100.0\ucrt\x64;C:\Program Files (x86)\Windows Kits\10\\lib\10.0.26100.0\\um\x64
2025-06-21T12:13:02.6900852Z   LIBPATH: C:\Program Files\Microsoft Visual Studio\2022\Enterprise\VC\Tools\MSVC\14.43.34808\ATLMFC\lib\x64;C:\Program Files\Microsoft Visual Studio\2022\Enterprise\VC\Tools\MSVC\14.43.34808\lib\x64;C:\Program Files\Microsoft Visual Studio\2022\Enterprise\VC\Tools\MSVC\14.43.34808\lib\x86\store\references;C:\Program Files (x86)\Windows Kits\10\UnionMetadata\10.0.26100.0;C:\Program Files (x86)\Windows Kits\10\References\10.0.26100.0;C:\Windows\Microsoft.NET\Framework64\v4.0.30319
2025-06-21T12:13:02.6902312Z   NETFXSDKDir: C:\Program Files (x86)\Windows Kits\NETFXSDK\4.8\
2025-06-21T12:13:02.6915525Z   Path: C:\Program Files\Microsoft Visual Studio\2022\Enterprise\VC\Tools\MSVC\14.43.34808\bin\HostX64\x64;C:\Program Files\Microsoft Visual Studio\2022\Enterprise\Common7\IDE\VC\VCPackages;C:\Program Files\Microsoft Visual Studio\2022\Enterprise\Common7\IDE\CommonExtensions\Microsoft\TestWindow;C:\Program Files\Microsoft Visual Studio\2022\Enterprise\Common7\IDE\CommonExtensions\Microsoft\TeamFoundation\Team Explorer;C:\Program Files\Microsoft Visual Studio\2022\Enterprise\MSBuild\Current\bin\Roslyn;C:\Program Files (x86)\Microsoft SDKs\Windows\v10.0A\bin\NETFX 4.8 Tools\x64\;C:\Program Files (x86)\HTML Help Workshop;C:\Program Files\Microsoft Visual Studio\2022\Enterprise\Common7\IDE\CommonExtensions\Microsoft\FSharp\Tools;C:\Program Files\Microsoft Visual Studio\2022\Enterprise\Team Tools\DiagnosticsHub\Collector;C:\Program Files\Microsoft Visual Studio\2022\Enterprise\Common7\IDE\Extensions\Microsoft\CodeCoverage.Console;C:\Program Files (x86)\Windows Kits\10\bin\10.0.26100.0\\x64;C:\Program Files (x86)\Windows Kits\10\bin\\x64;C:\Program Files\Microsoft Visual Studio\2022\Enterprise\\MSBuild\Current\Bin\amd64;C:\Windows\Microsoft.NET\Framework64\v4.0.30319;C:\Program Files\Microsoft Visual Studio\2022\Enterprise\Common7\IDE\;C:\Program Files\Microsoft Visual Studio\2022\Enterprise\Common7\Tools\;C:\Users\runneradmin\AppData\Roaming\Python\Python39\Scripts;C:\hostedtoolcache\windows\Python\3.9.13\x64\Scripts;C:\hostedtoolcache\windows\Python\3.9.13\x64;C:\Program Files\MongoDB\Server\5.0\bin;C:\aliyun-cli;C:\vcpkg;C:\Program Files (x86)\NSIS\;C:\tools\zstd;C:\Program Files\Mercurial\;C:\hostedtoolcache\windows\stack\3.5.1\x64;C:\cabal\bin;C:\\ghcup\bin;C:\mingw64\bin;C:\Program Files\dotnet;C:\Program Files\MySQL\MySQL Server 8.0\bin;C:\Program Files\R\R-4.4.2\bin\x64;C:\SeleniumWebDrivers\GeckoDriver;C:\SeleniumWebDrivers\EdgeDriver\;C:\SeleniumWebDrivers\ChromeDriver;C:\Program Files (x86)\sbt\bin;C:\Program Files (x86)\GitHub CLI;C:\Program Files\Git\bin;C:\Program Files (x86)\pipx_bin;C:\npm\prefix;C:\hostedtoolcache\windows\go\1.24.3\x64\bin;C:\hostedtoolcache\windows\Ruby\3.3.8\x64\bin;C:\Program Files\OpenSSL\bin;C:\tools\kotlinc\bin;C:\hostedtoolcache\windows\Java_Temurin-Hotspot_jdk\8.0.452-9\x64\bin;C:\Program Files\ImageMagick-7.1.1-Q16-HDRI;C:\Program Files\Microsoft SDKs\Azure\CLI2\wbin;C:\ProgramData\kind;C:\ProgramData\Chocolatey\bin;C:\Windows\system32;C:\Windows;C:\Windows\System32\Wbem;C:\Windows\System32\WindowsPowerShell\v1.0\;C:\Windows\System32\OpenSSH\;C:\Program Files\dotnet\;C:\Program Files\PowerShell\7\;C:\Program Files\Microsoft\Web Platform Installer\;C:\Program Files\TortoiseSVN\bin;C:\Program Files\Microsoft SQL Server\Client SDK\ODBC\170\Tools\Binn\;C:\Program Files\Microsoft SQL Server\150\Tools\Binn\;C:\Program Files (x86)\Windows Kits\10\Windows Performance Toolkit\;C:\Program Files (x86)\WiX Toolset v3.14\bin;C:\Program Files\Microsoft SQL Server\130\DTS\Binn\;C:\Program Files\Microsoft SQL Server\140\DTS\Binn\;C:\Program Files\Microsoft SQL Server\150\DTS\Binn\;C:\Program Files\Microsoft SQL Server\160\DTS\Binn\;C:\Strawberry\c\bin;C:\Strawberry\perl\site\bin;C:\Strawberry\perl\bin;C:\ProgramData\chocolatey\lib\pulumi\tools\Pulumi\bin;C:\Program Files\CMake\bin;C:\ProgramData\chocolatey\lib\maven\apache-maven-3.9.9\bin;C:\Program Files\Microsoft Service Fabric\bin\Fabric\Fabric.Code;C:\Program Files\Microsoft SDKs\Service Fabric\Tools\ServiceFabricLocalClusterManager;C:\Program Files\nodejs\;C:\Program Files\Git\cmd;C:\Program Files\Git\mingw64\bin;C:\Program Files\Git\usr\bin;C:\Program Files\GitHub CLI\;c:\tools\php;C:\Program Files\Amazon\AWSCLIV2\;C:\Program Files\Amazon\SessionManagerPlugin\bin\;C:\Program Files\Amazon\AWSSAMCLI\bin\;C:\Program Files\Microsoft SQL Server\130\Tools\Binn\;C:\Program Files\LLVM\bin;C:\Users\runneradmin\.dotnet\tools;C:\Users\runneradmin\.cargo\bin;C:\Users\runneradmin\AppData\Local\Microsoft\WindowsApps;C:\Program Files (x86)\Microsoft Visual Studio\Installer;C:\Program Files\Microsoft Visual Studio\2022\Enterprise\VC\Tools\Llvm\x64\bin;C:\Program Files\Microsoft Visual Studio\2022\Enterprise\Common7\IDE\CommonExtensions\Microsoft\CMake\CMake\bin;C:\Program Files\Microsoft Visual Studio\2022\Enterprise\Common7\IDE\CommonExtensions\Microsoft\CMake\Ninja;C:\Program Files\Microsoft Visual Studio\2022\Enterprise\Common7\IDE\VC\Linux\bin\ConnectionManagerExe;C:\Program Files\Microsoft Visual Studio\2022\Enterprise\VC\vcpkg
2025-06-21T12:13:02.6928868Z   Platform: x64
2025-06-21T12:13:02.6929038Z   UCRTVersion: 10.0.26100.0
2025-06-21T12:13:02.6929303Z   UniversalCRTSdkDir: C:\Program Files (x86)\Windows Kits\10\
2025-06-21T12:13:02.6929744Z   VCIDEInstallDir: C:\Program Files\Microsoft Visual Studio\2022\Enterprise\Common7\IDE\VC\
2025-06-21T12:13:02.6930214Z   VCINSTALLDIR: C:\Program Files\Microsoft Visual Studio\2022\Enterprise\VC\
2025-06-21T12:13:02.6930577Z   VCPKG_ROOT: D:\a\synthizer3d\synthizer3d\vcpkg
2025-06-21T12:13:02.6931006Z   VCToolsInstallDir: C:\Program Files\Microsoft Visual Studio\2022\Enterprise\VC\Tools\MSVC\14.43.34808\
2025-06-21T12:13:02.6931585Z   VCToolsRedistDir: C:\Program Files\Microsoft Visual Studio\2022\Enterprise\VC\Redist\MSVC\14.42.34433\
2025-06-21T12:13:02.6931986Z   VCToolsVersion: 14.43.34808
2025-06-21T12:13:02.6932190Z   VisualStudioVersion: 17.0
2025-06-21T12:13:02.6932520Z   VS170COMNTOOLS: C:\Program Files\Microsoft Visual Studio\2022\Enterprise\Common7\Tools\
2025-06-21T12:13:02.6932892Z   VSCMD_ARG_app_plat: Desktop
2025-06-21T12:13:02.6933091Z   VSCMD_ARG_HOST_ARCH: x64
2025-06-21T12:13:02.6933275Z   VSCMD_ARG_TGT_ARCH: x64
2025-06-21T12:13:02.6933444Z   VSCMD_VER: 17.13.2
2025-06-21T12:13:02.6933715Z   VSINSTALLDIR: C:\Program Files\Microsoft Visual Studio\2022\Enterprise\
2025-06-21T12:13:02.6934147Z   VSSDK150INSTALL: C:\Program Files\Microsoft Visual Studio\2022\Enterprise\VSSDK
2025-06-21T12:13:02.6934578Z   VSSDKINSTALL: C:\Program Files\Microsoft Visual Studio\2022\Enterprise\VSSDK
2025-06-21T12:13:02.6935177Z   WindowsLibPath: C:\Program Files (x86)\Windows Kits\10\UnionMetadata\10.0.26100.0;C:\Program Files (x86)\Windows Kits\10\References\10.0.26100.0
2025-06-21T12:13:02.6935747Z   WindowsSdkBinPath: C:\Program Files (x86)\Windows Kits\10\bin\
2025-06-21T12:13:02.6936086Z   WindowsSdkDir: C:\Program Files (x86)\Windows Kits\10\
2025-06-21T12:13:02.6936354Z   WindowsSDKLibVersion: 10.0.26100.0\
2025-06-21T12:13:02.6936696Z   WindowsSdkVerBinPath: C:\Program Files (x86)\Windows Kits\10\bin\10.0.26100.0\
2025-06-21T12:13:02.6937035Z   WindowsSDKVersion: 10.0.26100.0\
2025-06-21T12:13:02.6937440Z   WindowsSDK_ExecutablePath_x64: C:\Program Files (x86)\Microsoft SDKs\Windows\v10.0A\bin\NETFX 4.8 Tools\x64\
2025-06-21T12:13:02.6938023Z   WindowsSDK_ExecutablePath_x86: C:\Program Files (x86)\Microsoft SDKs\Windows\v10.0A\bin\NETFX 4.8 Tools\
2025-06-21T12:13:02.6938421Z   __DOTNET_ADD_64BIT: 1
2025-06-21T12:13:02.6938676Z   __DOTNET_PREFERRED_BITNESS: 64
2025-06-21T12:13:02.6946552Z   __VSCMD_PREINIT_PATH: C:\Users\runneradmin\AppData\Roaming\Python\Python39\Scripts;C:\hostedtoolcache\windows\Python\3.9.13\x64\Scripts;C:\hostedtoolcache\windows\Python\3.9.13\x64;C:\Program Files\MongoDB\Server\5.0\bin;C:\aliyun-cli;C:\vcpkg;C:\Program Files (x86)\NSIS\;C:\tools\zstd;C:\Program Files\Mercurial\;C:\hostedtoolcache\windows\stack\3.5.1\x64;C:\cabal\bin;C:\\ghcup\bin;C:\mingw64\bin;C:\Program Files\dotnet;C:\Program Files\MySQL\MySQL Server 8.0\bin;C:\Program Files\R\R-4.4.2\bin\x64;C:\SeleniumWebDrivers\GeckoDriver;C:\SeleniumWebDrivers\EdgeDriver\;C:\SeleniumWebDrivers\ChromeDriver;C:\Program Files (x86)\sbt\bin;C:\Program Files (x86)\GitHub CLI;C:\Program Files\Git\bin;C:\Program Files (x86)\pipx_bin;C:\npm\prefix;C:\hostedtoolcache\windows\go\1.24.3\x64\bin;C:\hostedtoolcache\windows\Python\3.9.13\x64\Scripts;C:\hostedtoolcache\windows\Python\3.9.13\x64;C:\hostedtoolcache\windows\Ruby\3.3.8\x64\bin;C:\Program Files\OpenSSL\bin;C:\tools\kotlinc\bin;C:\hostedtoolcache\windows\Java_Temurin-Hotspot_jdk\8.0.452-9\x64\bin;C:\Program Files\ImageMagick-7.1.1-Q16-HDRI;C:\Program Files\Microsoft SDKs\Azure\CLI2\wbin;C:\ProgramData\kind;C:\ProgramData\Chocolatey\bin;C:\Windows\system32;C:\Windows;C:\Windows\System32\Wbem;C:\Windows\System32\WindowsPowerShell\v1.0\;C:\Windows\System32\OpenSSH\;C:\Program Files\dotnet\;C:\Program Files\PowerShell\7\;C:\Program Files\Microsoft\Web Platform Installer\;C:\Program Files\TortoiseSVN\bin;C:\Program Files\Microsoft SQL Server\Client SDK\ODBC\170\Tools\Binn\;C:\Program Files\Microsoft SQL Server\150\Tools\Binn\;C:\Program Files (x86)\Windows Kits\10\Windows Performance Toolkit\;C:\Program Files (x86)\WiX Toolset v3.14\bin;C:\Program Files\Microsoft SQL Server\130\DTS\Binn\;C:\Program Files\Microsoft SQL Server\140\DTS\Binn\;C:\Program Files\Microsoft SQL Server\150\DTS\Binn\;C:\Program Files\Microsoft SQL Server\160\DTS\Binn\;C:\Strawberry\c\bin;C:\Strawberry\perl\site\bin;C:\Strawberry\perl\bin;C:\ProgramData\chocolatey\lib\pulumi\tools\Pulumi\bin;C:\Program Files\CMake\bin;C:\ProgramData\chocolatey\lib\maven\apache-maven-3.9.9\bin;C:\Program Files\Microsoft Service Fabric\bin\Fabric\Fabric.Code;C:\Program Files\Microsoft SDKs\Service Fabric\Tools\ServiceFabricLocalClusterManager;C:\Program Files\nodejs\;C:\Program Files\Git\cmd;C:\Program Files\Git\mingw64\bin;C:\Program Files\Git\usr\bin;C:\Program Files\GitHub CLI\;c:\tools\php;C:\Program Files (x86)\sbt\bin;C:\Program Files\Amazon\AWSCLIV2\;C:\Program Files\Amazon\SessionManagerPlugin\bin\;C:\Program Files\Amazon\AWSSAMCLI\bin\;C:\Program Files\Microsoft SQL Server\130\Tools\Binn\;C:\Program Files\LLVM\bin;C:\Users\runneradmin\.dotnet\tools;C:\Users\runneradmin\.cargo\bin;C:\Users\runneradmin\AppData\Local\Microsoft\WindowsApps;C:\Program Files (x86)\Microsoft Visual Studio\Installer
2025-06-21T12:13:02.6954814Z   VCPKG_DEFAULT_BINARY_CACHE: D:/a/synthizer3d/synthizer3d/969f6665-88a2-4c98-938e-ca9259871fec/vcpkg_cache
2025-06-21T12:13:02.6955288Z   VCPKG_BINARY_SOURCES: clear;x-gha,readwrite
2025-06-21T12:13:02.6955835Z   ACTIONS_CACHE_URL: https://acghubeus2.actions.githubusercontent.com/bwbzopuV3oKlbowlUKWdOnf6KF0vjv7EYqCB3ZHqukKhTVgy74/
2025-06-21T12:13:02.6992592Z   ACTIONS_RUNTIME_TOKEN: ***
2025-06-21T12:13:02.6992864Z   RUNVCPKG_VCPKG_ROOT: D:\a\synthizer3d\synthizer3d\vcpkg
2025-06-21T12:13:02.6993244Z   CMAKE_PREFIX_PATH: D:\a\synthizer3d\synthizer3d\vcpkg_installed\x64-windows
2025-06-21T12:13:02.6993740Z   SYNTHIZER_EXPECTED_VCPKG_PATH_FOR_DEBUG: D:\a\synthizer3d\synthizer3d\vcpkg_installed\x64-windows
2025-06-21T12:13:02.6994126Z ##[endgroup]
2025-06-21T12:13:02.9805020Z Arch: x64
2025-06-21T12:13:02.9822505Z Current CMAKE_PREFIX_PATH for build is: D:\a\synthizer3d\synthizer3d\vcpkg_installed\x64-windows
2025-06-21T12:13:02.9829913Z EFFECTIVE_VCPKG_INSTALLED_DIR_BASE for build is: D:\a\synthizer3d\synthizer3d\vcpkg_installed
2025-06-21T12:13:02.9837305Z Synthizer expects vcpkg path (for debug/verification): D:\a\synthizer3d\synthizer3d\vcpkg_installed\x64-windows
2025-06-21T12:13:03.1972749Z * Getting build dependencies for wheel...
2025-06-21T12:13:06.9874302Z Set VCPKG_INSTALLED_PATH to D:\a\synthizer3d\synthizer3d\vcpkg_installed\x64-windows
2025-06-21T12:13:06.9874901Z 
2025-06-21T12:13:06.9874913Z 
2025-06-21T12:13:06.9876132Z --------------------------------------------------------------------------------
2025-06-21T12:13:06.9877572Z -- Trying 'Ninja (Visual Studio 17 2022 x64 v144)' generator
2025-06-21T12:13:06.9878409Z --------------------------------
2025-06-21T12:13:06.9878822Z ---------------------------
2025-06-21T12:13:06.9879193Z ----------------------
2025-06-21T12:13:06.9879517Z -----------------
2025-06-21T12:13:06.9879765Z ------------
2025-06-21T12:13:06.9880006Z -------
2025-06-21T12:13:06.9880227Z --
2025-06-21T12:13:07.0010808Z Not searching for unused variables given on the command line.
2025-06-21T12:13:07.1041660Z CMake Deprecation Warning at CMakeLists.txt:1 (cmake_minimum_required):
2025-06-21T12:13:07.1042420Z   Compatibility with CMake < 3.10 will be removed from a future version of
2025-06-21T12:13:07.1042828Z   CMake.
2025-06-21T12:13:07.1042940Z 
2025-06-21T12:13:07.1043286Z   Update the VERSION argument <min> value.  Or, use the <min>...<max> syntax
2025-06-21T12:13:07.1043945Z   to tell CMake that the project requires at least <min> but has been updated
2025-06-21T12:13:07.1044495Z   to work with policies introduced by <max> or earlier.
2025-06-21T12:13:07.1044759Z 
2025-06-21T12:13:07.1044767Z 
2025-06-21T12:13:09.5033202Z -- The C compiler identification is MSVC 19.43.34808.0
2025-06-21T12:13:09.5733653Z -- Detecting C compiler ABI info
2025-06-21T12:13:10.8342624Z -- Detecting C compiler ABI info - done
2025-06-21T12:13:10.9319719Z -- Check for working C compiler: C:/Program Files/Microsoft Visual Studio/2022/Enterprise/VC/Tools/MSVC/14.43.34808/bin/Hostx86/x64/cl.exe - skipped
2025-06-21T12:13:10.9323769Z -- Detecting C compile features
2025-06-21T12:13:10.9330215Z -- Detecting C compile features - done
2025-06-21T12:13:12.0141240Z -- The CXX compiler identification is MSVC 19.43.34808.0
2025-06-21T12:13:12.0227365Z -- Detecting CXX compiler ABI info
2025-06-21T12:13:12.4453566Z -- Detecting CXX compiler ABI info - done
2025-06-21T12:13:12.4587699Z -- Check for working CXX compiler: C:/Program Files/Microsoft Visual Studio/2022/Enterprise/VC/Tools/MSVC/14.43.34808/bin/Hostx86/x64/cl.exe - skipped
2025-06-21T12:13:12.4591710Z -- Detecting CXX compile features
2025-06-21T12:13:12.4604374Z -- Detecting CXX compile features - done
2025-06-21T12:13:12.4633292Z -- Configuring done (5.5s)
2025-06-21T12:13:12.4784172Z -- Generating done (0.0s)
2025-06-21T12:13:12.4791275Z -- Build files have been written to: D:/a/synthizer3d/synthizer3d/_cmake_test_compile/build
2025-06-21T12:13:12.4850591Z --
2025-06-21T12:13:12.4850864Z -------
2025-06-21T12:13:12.4851116Z ------------
2025-06-21T12:13:12.4851422Z -----------------
2025-06-21T12:13:12.4851764Z ----------------------
2025-06-21T12:13:12.4852188Z ---------------------------
2025-06-21T12:13:12.4852611Z --------------------------------
2025-06-21T12:13:12.4853312Z -- Trying 'Ninja (Visual Studio 17 2022 x64 v144)' generator - success
2025-06-21T12:13:12.4854175Z --------------------------------------------------------------------------------
2025-06-21T12:13:12.4854575Z 
2025-06-21T12:13:12.6399846Z Configuring Project
2025-06-21T12:13:12.6400199Z   Working directory:
2025-06-21T12:13:12.6400637Z     D:\a\synthizer3d\synthizer3d\_skbuild\win-amd64-3.9\cmake-build
2025-06-21T12:13:12.6400974Z   Command:
2025-06-21T12:13:12.6410635Z     'C:\hostedtoolcache\windows\Python\3.9.13\x64\Lib\site-packages\cmake\data\bin/cmake.exe' 'D:\a\synthizer3d\synthizer3d\synthizer-vendored' -G Ninja '-DCMAKE_MAKE_PROGRAM:FILEPATH=C:\hostedtoolcache\windows\Python\3.9.13\x64\Scripts\ninja' -D_SKBUILD_FORCE_MSVC=1930 --no-warn-unused-cli '-DCMAKE_INSTALL_PREFIX:PATH=D:\a\synthizer3d\synthizer3d\_skbuild\win-amd64-3.9\cmake-install' -DPYTHON_VERSION_STRING:STRING=3.9.13 -DSKBUILD:INTERNAL=TRUE '-DCMAKE_MODULE_PATH:PATH=C:\hostedtoolcache\windows\Python\3.9.13\x64\lib\site-packages\skbuild\resources\cmake' '-DPYTHON_EXECUTABLE:PATH=C:\hostedtoolcache\windows\Python\3.9.13\x64\python.exe' '-DPYTHON_INCLUDE_DIR:PATH=C:\hostedtoolcache\windows\Python\3.9.13\x64\Include' '-DPYTHON_LIBRARY:PATH=C:\hostedtoolcache\windows\Python\3.9.13\x64\libs\python39.lib' '-DPython_EXECUTABLE:PATH=C:\hostedtoolcache\windows\Python\3.9.13\x64\python.exe' '-DPython_ROOT_DIR:PATH=C:\hostedtoolcache\windows\Python\3.9.13\x64' -DPython_FIND_REGISTRY:STRING=NEVER '-DPython_INCLUDE_DIR:PATH=C:\hostedtoolcache\windows\Python\3.9.13\x64\Include' '-DPython_LIBRARY:PATH=C:\hostedtoolcache\windows\Python\3.9.13\x64\libs\python39.lib' '-DPython3_EXECUTABLE:PATH=C:\hostedtoolcache\windows\Python\3.9.13\x64\python.exe' '-DPython3_ROOT_DIR:PATH=C:\hostedtoolcache\windows\Python\3.9.13\x64' -DPython3_FIND_REGISTRY:STRING=NEVER '-DPython3_INCLUDE_DIR:PATH=C:\hostedtoolcache\windows\Python\3.9.13\x64\Include' '-DPython3_LIBRARY:PATH=C:\hostedtoolcache\windows\Python\3.9.13\x64\libs\python39.lib' '-DCMAKE_MAKE_PROGRAM:FILEPATH=C:\hostedtoolcache\windows\Python\3.9.13\x64\Scripts\ninja' -DCMAKE_BUILD_TYPE=Release -DCMAKE_MSVC_RUNTIME_LIBRARY=MultiThreadedDLL -DSYZ_STATIC_RUNTIME=OFF -DCMAKE_POSITION_INDEPENDENT_CODE=TRUE -DSYZ_INTEGRATING=ON
2025-06-21T12:13:12.6419253Z 
2025-06-21T12:13:12.6538731Z Not searching for unused variables given on the command line.
2025-06-21T12:13:13.0539469Z -- The C compiler identification is MSVC 19.43.34808.0
2025-06-21T12:13:13.3854112Z -- The CXX compiler identification is MSVC 19.43.34808.0
2025-06-21T12:13:13.4314184Z -- Detecting C compiler ABI info
2025-06-21T12:13:14.1436750Z -- Detecting C compiler ABI info - done
2025-06-21T12:13:14.1567383Z -- Check for working C compiler: C:/Program Files/Microsoft Visual Studio/2022/Enterprise/VC/Tools/MSVC/14.43.34808/bin/Hostx86/x64/cl.exe - skipped
2025-06-21T12:13:14.1571271Z -- Detecting C compile features
2025-06-21T12:13:14.1578185Z -- Detecting C compile features - done
2025-06-21T12:13:14.1668805Z -- Detecting CXX compiler ABI info
2025-06-21T12:13:14.5378862Z -- Detecting CXX compiler ABI info - done
2025-06-21T12:13:14.5509047Z -- Check for working CXX compiler: C:/Program Files/Microsoft Visual Studio/2022/Enterprise/VC/Tools/MSVC/14.43.34808/bin/Hostx86/x64/cl.exe - skipped
2025-06-21T12:13:14.5513416Z -- Detecting CXX compile features
2025-06-21T12:13:14.5524511Z -- Detecting CXX compile features - done
2025-06-21T12:13:14.9189590Z -- Performing Test CMAKE_HAVE_LIBC_PTHREAD
2025-06-21T12:13:15.0106337Z -- Performing Test CMAKE_HAVE_LIBC_PTHREAD - Failed
2025-06-21T12:13:15.0107364Z -- Looking for pthread_create in pthreads
2025-06-21T12:13:15.1608315Z -- Looking for pthread_create in pthreads - not found
2025-06-21T12:13:15.1609049Z -- Looking for pthread_create in pthread
2025-06-21T12:13:15.2892933Z -- Looking for pthread_create in pthread - not found
2025-06-21T12:13:15.2904176Z -- Found Threads: TRUE
2025-06-21T12:13:15.4009778Z -- Found SoundTouch: D:/a/synthizer3d/synthizer3d/vcpkg_installed/x64-windows/debug/bin/SoundTouch.dll
2025-06-21T12:13:15.4016046Z -- Performing Test OP_READ_FLOAT_AVAILABLE
2025-06-21T12:13:16.2955877Z -- Performing Test OP_READ_FLOAT_AVAILABLE - Success
2025-06-21T12:13:16.2956259Z -- op_read_float is available
2025-06-21T12:13:20.4404715Z -- Performing Test FILESYSTEM_OK
2025-06-21T12:13:22.5381932Z -- Performing Test FILESYSTEM_OK - Success
2025-06-21T12:13:22.5382509Z -- Found C++17 filesystem support
2025-06-21T12:13:22.5391812Z -- Using vcpkg includes from VCPKG_INSTALLED_PATH: D:\a\synthizer3d\synthizer3d\vcpkg_installed\x64-windows/include
2025-06-21T12:13:23.8646167Z -- Math library not found
2025-06-21T12:13:23.8656243Z -- Configuring done (11.2s)
2025-06-21T12:13:23.9069068Z -- Generating done (0.0s)
2025-06-21T12:13:23.9078440Z -- Build files have been written to: D:/a/synthizer3d/synthizer3d/_skbuild/win-amd64-3.9/cmake-build
2025-06-21T12:13:27.2597429Z [1/28] Building CXX object CMakeFiles\synthizer.dir\src\base_object.cpp.obj
2025-06-21T12:13:27.4160418Z [2/28] Building CXX object CMakeFiles\synthizer.dir\src\c_api\unity.cpp.obj
2025-06-21T12:13:27.5256153Z FAILED: CMakeFiles/synthizer.dir/src/c_api/unity.cpp.obj 
2025-06-21T12:13:33.0007299Z C:\PROGRA~1\MICROS~2\2022\ENTERP~1\VC\Tools\MSVC\1443~1.348\bin\Hostx86\x64\cl.exe  /nologo /TP -DBUILDING_SYNTHIZER -DNOMINMAX -DOP_READ_FLOAT_AVAILABLE -DSYZ_MAJOR=0 -DSYZ_MINOR=1 -DSYZ_PATCH=9 -DSYZ_USE_FILESYSTEM -DWDL_RESAMPLE_TYPE=float -ID:\a\synthizer3d\synthizer3d\synthizer-vendored\include -ID:\a\synthizer3d\synthizer3d\synthizer-vendored\deps\deps\third_party\wdl -ID:\a\synthizer3d\synthizer3d\vcpkg_installed\x64-windows\include -ID:\a\synthizer3d\synthizer3d\synthizer-vendored\deps\deps\third_party\boost_partial -ID:\a\synthizer3d\synthizer3d\synthizer-vendored\deps\deps\third_party\concurrentqueue -ID:\a\synthizer3d\synthizer3d\synthizer-vendored\deps\deps\third_party\cpp11-on-multicore\common -ID:\a\synthizer3d\synthizer3d\synthizer-vendored\deps\deps\third_party\dr_libs -ID:\a\synthizer3d\synthizer3d\synthizer-vendored\deps\deps\third_party\hedley -ID:\a\synthizer3d\synthizer3d\synthizer-vendored\deps\deps\third_party\miniaudio -ID:\a\synthizer3d\synthizer3d\synthizer-vendored\deps\deps\third_party\pdqsort /DWIN32 /D_WINDOWS /GR /EHsc /O2 /Ob2 /DNDEBUG -std:c++17 -MD /wd4068 /wd5030 /wd4244 /wd4267 /Zc:preprocessor /wd5105 /wd4127 /experimental:external /external:W0 /external:anglebrackets /wd4702 /W4 /WX /showIncludes /FoCMakeFiles\synthizer.dir\src\c_api\unity.cpp.obj /FdCMakeFiles\synthizer.dir\synthizer.pdb /FS -c D:\a\synthizer3d\synthizer3d\synthizer-vendored\src\c_api\unity.cpp
2025-06-21T12:13:33.3329928Z ##[error]D:\a\synthizer3d\synthizer3d\synthizer-vendored\include\synthizer/generators/buffer.hpp(23): fatal error C1083: Cannot open include file: 'SoundTouch.h': No such file or directory
2025-06-21T12:13:33.5325654Z [3/28] Building CXX object CMakeFiles\synthizer.dir\src\byte_stream.cpp.obj
2025-06-21T12:13:33.6456182Z [4/28] Building CXX object CMakeFiles\synthizer.dir\src\audio_output.cpp.obj
2025-06-21T12:13:33.8140191Z [5/28] Building CXX object CMakeFiles\synthizer.dir\src\decoding.cpp.obj
2025-06-21T12:13:34.6977620Z cl : Command line warning D9025 : overriding '/WX' with '/WX-'
2025-06-21T12:13:34.6978694Z [6/28] Building C object CMakeFiles\synthizer_single_file_libs.dir\src\single_file_libs.c.obj
2025-06-21T12:13:34.6979759Z [7/28] Building CXX object CMakeFiles\synthizer.dir\src\context.cpp.obj
2025-06-21T12:13:34.6980406Z ninja: build stopped: subcommand failed.
2025-06-21T12:13:34.7023632Z Traceback (most recent call last):
2025-06-21T12:13:34.7025023Z   File "C:\hostedtoolcache\windows\Python\3.9.13\x64\lib\site-packages\pyproject_hooks\_in_process\_in_process.py", line 389, in <module>
2025-06-21T12:13:34.7068669Z     main()
2025-06-21T12:13:34.7069981Z   File "C:\hostedtoolcache\windows\Python\3.9.13\x64\lib\site-packages\pyproject_hooks\_in_process\_in_process.py", line 373, in main
2025-06-21T12:13:34.7071345Z     json_out["return_val"] = hook(**hook_input["kwargs"])
2025-06-21T12:13:34.7072616Z   File "C:\hostedtoolcache\windows\Python\3.9.13\x64\lib\site-packages\pyproject_hooks\_in_process\_in_process.py", line 143, in get_requires_for_build_wheel
2025-06-21T12:13:34.7073824Z     return hook(config_settings)
2025-06-21T12:13:34.7074649Z   File "C:\hostedtoolcache\windows\Python\3.9.13\x64\lib\site-packages\setuptools\build_meta.py", line 154, in get_requires_for_build_wheel
2025-06-21T12:13:34.7152851Z     return self._get_build_requires(
2025-06-21T12:13:34.7154917Z   File "C:\hostedtoolcache\windows\Python\3.9.13\x64\lib\site-packages\setuptools\build_meta.py", line 135, in _get_build_requires
2025-06-21T12:13:34.7156955Z     self.run_setup()
2025-06-21T12:13:34.7158194Z   File "C:\hostedtoolcache\windows\Python\3.9.13\x64\lib\site-packages\setuptools\build_meta.py", line 258, in run_setup
2025-06-21T12:13:34.7191076Z     super(_BuildMetaLegacyBackend,
2025-06-21T12:13:34.7193724Z   File "C:\hostedtoolcache\windows\Python\3.9.13\x64\lib\site-packages\setuptools\build_meta.py", line 150, in run_setup
2025-06-21T12:13:34.7195112Z     exec(compile(code, __file__, 'exec'), locals())
2025-06-21T12:13:34.7195913Z   File "setup.py", line 68, in <module>
2025-06-21T12:13:34.7196460Z     cmake.make()
2025-06-21T12:13:34.7198315Z   File "C:\hostedtoolcache\windows\Python\3.9.13\x64\lib\site-packages\skbuild\cmaker.py", line 696, in make
2025-06-21T12:13:34.7200376Z     self.make_impl(clargs=clargs, config=config, source_dir=source_dir, install_target=install_target, env=env)
2025-06-21T12:13:34.7202338Z   File "C:\hostedtoolcache\windows\Python\3.9.13\x64\lib\site-packages\skbuild\cmaker.py", line 741, in make_impl
2025-06-21T12:13:34.7203308Z     raise SKBuildError(msg)
2025-06-21T12:13:34.7204093Z skbuild.exceptions.SKBuildError: An error occurred while building with CMake.
2025-06-21T12:13:34.7204720Z   Command:
2025-06-21T12:13:34.7205905Z     'C:\hostedtoolcache\windows\Python\3.9.13\x64\Lib\site-packages\cmake\data\bin/cmake.exe' --build . --target install --config Release --
2025-06-21T12:13:34.7206902Z   Install target:
2025-06-21T12:13:34.7207165Z     install
2025-06-21T12:13:34.7207467Z   Source directory:
2025-06-21T12:13:34.7207861Z     D:\a\synthizer3d\synthizer3d
2025-06-21T12:13:34.7208279Z   Working directory:
2025-06-21T12:13:34.7208892Z     D:\a\synthizer3d\synthizer3d\_skbuild\win-amd64-3.9\cmake-build
2025-06-21T12:13:34.7210422Z Please check the install target is valid and see CMake's output for more information.
2025-06-21T12:13:34.7210977Z 
2025-06-21T12:13:34.7457488Z 
2025-06-21T12:13:34.7458272Z ERROR Backend subprocess exited when trying to invoke get_requires_for_build_wheel
2025-06-21T12:13:34.7902090Z ##[error]Process completed with exit code 1.
2025-06-21T12:13:34.8055206Z Post job cleanup.
2025-06-21T12:13:35.0498179Z [command]"C:\Program Files\Git\bin\git.exe" version
2025-06-21T12:13:35.0722579Z git version 2.49.0.windows.1
2025-06-21T12:13:35.0788432Z Temporarily overriding HOME='D:\a\_temp\27c2fe1e-b0e4-42e8-83d8-d97caf20a9a3' before making global git config changes
2025-06-21T12:13:35.0789238Z Adding repository directory to the temporary git global config as a safe directory
2025-06-21T12:13:35.0801043Z [command]"C:\Program Files\Git\bin\git.exe" config --global --add safe.directory D:\a\synthizer3d\synthizer3d
2025-06-21T12:13:35.1039328Z [command]"C:\Program Files\Git\bin\git.exe" config --local --name-only --get-regexp core\.sshCommand
2025-06-21T12:13:35.1266774Z [command]"C:\Program Files\Git\bin\git.exe" submodule foreach --recursive "sh -c \"git config --local --name-only --get-regexp 'core\.sshCommand' && git config --local --unset-all 'core.sshCommand' || :\""
2025-06-21T12:13:35.5178815Z [command]"C:\Program Files\Git\bin\git.exe" config --local --name-only --get-regexp http\.https\:\/\/github\.com\/\.extraheader
2025-06-21T12:13:35.5372178Z http.https://github.com/.extraheader
2025-06-21T12:13:35.5407425Z [command]"C:\Program Files\Git\bin\git.exe" config --local --unset-all http.https://github.com/.extraheader
2025-06-21T12:13:35.5629659Z [command]"C:\Program Files\Git\bin\git.exe" submodule foreach --recursive "sh -c \"git config --local --name-only --get-regexp 'http\.https\:\/\/github\.com\/\.extraheader' && git config --local --unset-all 'http.https://github.com/.extraheader' || :\""
2025-06-21T12:13:35.9687556Z Cleaning up orphan processes
2025-06-21T12:13:36.0238062Z Terminate orphan process: pid (1396) (vctip)
2025-06-21T12:13:36.0410616Z Terminate orphan process: pid (7480) (mspdbsrv)