2025-06-24T23:22:44.8266380Z Current runner version: '2.325.0'
2025-06-24T23:22:44.8312227Z ##[group]Runner Image Provisioner
2025-06-24T23:22:44.8313036Z Hosted Compute Agent
2025-06-24T23:22:44.8313537Z Version: 20250620.352
2025-06-24T23:22:44.8314232Z Commit: f262f3aba23b10ea191b2a62bdee1ca4c3d344da
2025-06-24T23:22:44.8314945Z Build Date: 2025-06-20T19:27:17Z
2025-06-24T23:22:44.8315500Z ##[endgroup]
2025-06-24T23:22:44.8316067Z ##[group]Operating System
2025-06-24T23:22:44.8316591Z Ubuntu
2025-06-24T23:22:44.8317065Z 24.04.2
2025-06-24T23:22:44.8317560Z LTS
2025-06-24T23:22:44.8318021Z ##[endgroup]
2025-06-24T23:22:44.8318466Z ##[group]Runner Image
2025-06-24T23:22:44.8319418Z Image: ubuntu-24.04
2025-06-24T23:22:44.8320300Z Version: 20250602.3.0
2025-06-24T23:22:44.8321263Z Included Software: https://github.com/actions/runner-images/blob/ubuntu24/20250602.3/images/ubuntu/Ubuntu2404-Readme.md
2025-06-24T23:22:44.8322854Z Image Release: https://github.com/actions/runner-images/releases/tag/ubuntu24%2F20250602.3
2025-06-24T23:22:44.8323818Z ##[endgroup]
2025-06-24T23:22:44.8326370Z ##[group]GITHUB_TOKEN Permissions
2025-06-24T23:22:44.8328589Z Actions: write
2025-06-24T23:22:44.8329227Z Attestations: write
2025-06-24T23:22:44.8329852Z Checks: write
2025-06-24T23:22:44.8330325Z Contents: write
2025-06-24T23:22:44.8330852Z Deployments: write
2025-06-24T23:22:44.8331391Z Discussions: write
2025-06-24T23:22:44.8331830Z Issues: write
2025-06-24T23:22:44.8332356Z Metadata: read
2025-06-24T23:22:44.8332793Z Models: read
2025-06-24T23:22:44.8333258Z Packages: write
2025-06-24T23:22:44.8333778Z Pages: write
2025-06-24T23:22:44.8334262Z PullRequests: write
2025-06-24T23:22:44.8334805Z RepositoryProjects: write
2025-06-24T23:22:44.8335377Z SecurityEvents: write
2025-06-24T23:22:44.8335995Z Statuses: write
2025-06-24T23:22:44.8336427Z ##[endgroup]
2025-06-24T23:22:44.8338889Z Secret source: Actions
2025-06-24T23:22:44.8339881Z Prepare workflow directory
2025-06-24T23:22:44.8905952Z Prepare all required actions
2025-06-24T23:22:44.8943203Z Getting action download info
2025-06-24T23:22:45.1524297Z ##[group]Download immutable action package 'actions/checkout@v4'
2025-06-24T23:22:45.1525265Z Version: 4.2.2
2025-06-24T23:22:45.1526364Z Digest: sha256:ccb2698953eaebd21c7bf6268a94f9c26518a7e38e27e0b83c1fe1ad049819b1
2025-06-24T23:22:45.1527524Z Source commit SHA: 11bd71901bbe5b1630ceea73d27597364c9af683
2025-06-24T23:22:45.1528193Z ##[endgroup]
2025-06-24T23:22:45.2543525Z ##[group]Download immutable action package 'actions/cache@v4'
2025-06-24T23:22:45.2544248Z Version: 4.2.3
2025-06-24T23:22:45.2544965Z Digest: sha256:c8a3bb963e1f1826d8fcc8d1354f0dd29d8ac1db1d4f6f20247055ae11b81ed9
2025-06-24T23:22:45.2545993Z Source commit SHA: 5a3ec84eff668545956fd18022155c47e93e2684
2025-06-24T23:22:45.2546673Z ##[endgroup]
2025-06-24T23:22:45.4017875Z Download action repository 'lukka/run-vcpkg@v11' (SHA:7d259227a1fb6471a0253dd5ab7419835228f7d7)
2025-06-24T23:22:45.6992255Z ##[group]Download immutable action package 'actions/upload-artifact@v4'
2025-06-24T23:22:45.6993128Z Version: 4.6.2
2025-06-24T23:22:45.6993884Z Digest: sha256:290722aa3281d5caf23d0acdc3dbeb3424786a1a01a9cc97e72f147225e37c38
2025-06-24T23:22:45.6994854Z Source commit SHA: ea165f8d65b6e75b540449e92b4886f43607fa02
2025-06-24T23:22:45.6995544Z ##[endgroup]
2025-06-24T23:22:45.9325798Z Complete job name: Build Linux (x86_64) Python 3.11
2025-06-24T23:22:45.9760077Z ##[group]Checking docker version
2025-06-24T23:22:45.9772478Z ##[command]/usr/bin/docker version --format '{{.Server.APIVersion}}'
2025-06-24T23:22:46.8852363Z '1.48'
2025-06-24T23:22:46.8867245Z Docker daemon API version: '1.48'
2025-06-24T23:22:46.8868383Z ##[command]/usr/bin/docker version --format '{{.Client.APIVersion}}'
2025-06-24T23:22:46.9052893Z '1.48'
2025-06-24T23:22:46.9072318Z Docker client API version: '1.48'
2025-06-24T23:22:46.9078270Z ##[endgroup]
2025-06-24T23:22:46.9081658Z ##[group]Clean up resources from previous jobs
2025-06-24T23:22:46.9087176Z ##[command]/usr/bin/docker ps --all --quiet --no-trunc --filter "label=ba9c1b"
2025-06-24T23:22:46.9237457Z ##[command]/usr/bin/docker network prune --force --filter "label=ba9c1b"
2025-06-24T23:22:46.9369322Z ##[endgroup]
2025-06-24T23:22:46.9370625Z ##[group]Create local container network
2025-06-24T23:22:46.9381693Z ##[command]/usr/bin/docker network create --label ba9c1b github_network_bec96be998ee49b8993985e5572d0eba
2025-06-24T23:22:46.9856309Z 5032e2be19eb797642c7af157ffe2486aefcd645eaa8257304dfc97af6866a39
2025-06-24T23:22:46.9876785Z ##[endgroup]
2025-06-24T23:22:46.9902703Z ##[group]Starting job container
2025-06-24T23:22:46.9925110Z ##[command]/usr/bin/docker pull quay.io/pypa/manylinux_2_28_x86_64
2025-06-24T23:22:47.0030641Z Using default tag: latest
2025-06-24T23:22:47.3556856Z latest: Pulling from pypa/manylinux_2_28_x86_64
2025-06-24T23:22:47.3565489Z 1609df1ab4d8: Pulling fs layer
2025-06-24T23:22:47.3566363Z 07277fe42816: Pulling fs layer
2025-06-24T23:22:47.3566824Z 3e71ff1da8ba: Pulling fs layer
2025-06-24T23:22:47.3567294Z e9a89bd7d45e: Pulling fs layer
2025-06-24T23:22:47.3567783Z 3dac7dfb7d2c: Pulling fs layer
2025-06-24T23:22:47.3569113Z 63ca810b93e1: Pulling fs layer
2025-06-24T23:22:47.3569784Z ec2f2dcf031c: Pulling fs layer
2025-06-24T23:22:47.3570202Z 891e8728a965: Pulling fs layer
2025-06-24T23:22:47.3570676Z 8daa6cd1f516: Pulling fs layer
2025-06-24T23:22:47.3571183Z a367f8476dea: Pulling fs layer
2025-06-24T23:22:47.3571508Z 0687e6c25f32: Pulling fs layer
2025-06-24T23:22:47.3571806Z e4ee168ece01: Pulling fs layer
2025-06-24T23:22:47.3572092Z 059fa8db8343: Pulling fs layer
2025-06-24T23:22:47.3572344Z 45b3a7323b63: Pulling fs layer
2025-06-24T23:22:47.3572642Z 51f2a9252993: Pulling fs layer
2025-06-24T23:22:47.3572886Z 4f4fb700ef54: Pulling fs layer
2025-06-24T23:22:47.3573126Z 44a7d70d0172: Pulling fs layer
2025-06-24T23:22:47.3573380Z 1e79ecd82ceb: Pulling fs layer
2025-06-24T23:22:47.3573627Z b3c5e8ab0974: Pulling fs layer
2025-06-24T23:22:47.3573884Z 929bd3643518: Pulling fs layer
2025-06-24T23:22:47.3574128Z 894bb7e47db6: Pulling fs layer
2025-06-24T23:22:47.3574382Z b9a087c621b3: Pulling fs layer
2025-06-24T23:22:47.3574628Z e4ee168ece01: Waiting
2025-06-24T23:22:47.3574853Z 059fa8db8343: Waiting
2025-06-24T23:22:47.3575080Z 45b3a7323b63: Waiting
2025-06-24T23:22:47.3575292Z 51f2a9252993: Waiting
2025-06-24T23:22:47.3575711Z 4f4fb700ef54: Waiting
2025-06-24T23:22:47.3575944Z ec2f2dcf031c: Waiting
2025-06-24T23:22:47.3576167Z 891e8728a965: Waiting
2025-06-24T23:22:47.3576427Z 44a7d70d0172: Waiting
2025-06-24T23:22:47.3576638Z 8daa6cd1f516: Waiting
2025-06-24T23:22:47.3576840Z 0687e6c25f32: Waiting
2025-06-24T23:22:47.3577044Z a367f8476dea: Waiting
2025-06-24T23:22:47.3577253Z 1e79ecd82ceb: Waiting
2025-06-24T23:22:47.3577455Z e9a89bd7d45e: Waiting
2025-06-24T23:22:47.3577660Z 3dac7dfb7d2c: Waiting
2025-06-24T23:22:47.3577861Z b3c5e8ab0974: Waiting
2025-06-24T23:22:47.3578066Z 929bd3643518: Waiting
2025-06-24T23:22:47.3578267Z b9a087c621b3: Waiting
2025-06-24T23:22:47.3578524Z 894bb7e47db6: Waiting
2025-06-24T23:22:47.5626334Z 07277fe42816: Verifying Checksum
2025-06-24T23:22:47.5626895Z 07277fe42816: Download complete
2025-06-24T23:22:47.6051893Z 3e71ff1da8ba: Download complete
2025-06-24T23:22:47.6563119Z e9a89bd7d45e: Verifying Checksum
2025-06-24T23:22:47.6563734Z e9a89bd7d45e: Download complete
2025-06-24T23:22:47.7343798Z 3dac7dfb7d2c: Verifying Checksum
2025-06-24T23:22:47.7344833Z 3dac7dfb7d2c: Download complete
2025-06-24T23:22:47.7557101Z 63ca810b93e1: Verifying Checksum
2025-06-24T23:22:47.7557752Z 63ca810b93e1: Download complete
2025-06-24T23:22:48.0044049Z 8daa6cd1f516: Verifying Checksum
2025-06-24T23:22:48.0045430Z 8daa6cd1f516: Download complete
2025-06-24T23:22:48.1423152Z a367f8476dea: Verifying Checksum
2025-06-24T23:22:48.1423614Z a367f8476dea: Download complete
2025-06-24T23:22:48.2676407Z 0687e6c25f32: Download complete
2025-06-24T23:22:48.4184684Z e4ee168ece01: Download complete
2025-06-24T23:22:48.5273826Z 059fa8db8343: Verifying Checksum
2025-06-24T23:22:48.5274339Z 059fa8db8343: Download complete
2025-06-24T23:22:48.6741585Z 45b3a7323b63: Verifying Checksum
2025-06-24T23:22:48.6742539Z 45b3a7323b63: Download complete
2025-06-24T23:22:48.8108708Z 51f2a9252993: Download complete
2025-06-24T23:22:48.8986424Z 4f4fb700ef54: Verifying Checksum
2025-06-24T23:22:48.8987297Z 4f4fb700ef54: Download complete
2025-06-24T23:22:49.0300770Z 44a7d70d0172: Download complete
2025-06-24T23:22:49.2400735Z 1e79ecd82ceb: Verifying Checksum
2025-06-24T23:22:49.2401361Z 1e79ecd82ceb: Download complete
2025-06-24T23:22:49.6770696Z b3c5e8ab0974: Verifying Checksum
2025-06-24T23:22:49.6771151Z b3c5e8ab0974: Download complete
2025-06-24T23:22:49.9342678Z 929bd3643518: Verifying Checksum
2025-06-24T23:22:49.9343641Z 929bd3643518: Download complete
2025-06-24T23:22:50.0164266Z 1609df1ab4d8: Verifying Checksum
2025-06-24T23:22:50.0165638Z 1609df1ab4d8: Download complete
2025-06-24T23:22:50.1577911Z b9a087c621b3: Download complete
2025-06-24T23:22:50.7179023Z ec2f2dcf031c: Verifying Checksum
2025-06-24T23:22:50.7179498Z ec2f2dcf031c: Download complete
2025-06-24T23:22:52.6513791Z 1609df1ab4d8: Pull complete
2025-06-24T23:22:53.4466005Z 894bb7e47db6: Verifying Checksum
2025-06-24T23:22:53.4466441Z 894bb7e47db6: Download complete
2025-06-24T23:22:53.8660761Z 07277fe42816: Pull complete
2025-06-24T23:22:53.9010419Z 3e71ff1da8ba: Pull complete
2025-06-24T23:22:53.9142577Z e9a89bd7d45e: Pull complete
2025-06-24T23:22:53.9258550Z 3dac7dfb7d2c: Pull complete
2025-06-24T23:22:53.9355823Z 63ca810b93e1: Pull complete
2025-06-24T23:23:00.7700286Z ec2f2dcf031c: Pull complete
2025-06-24T23:23:00.7967654Z 891e8728a965: Pull complete
2025-06-24T23:23:00.8072006Z 8daa6cd1f516: Pull complete
2025-06-24T23:23:00.8519041Z a367f8476dea: Pull complete
2025-06-24T23:23:00.8633392Z 0687e6c25f32: Pull complete
2025-06-24T23:23:00.9162083Z e4ee168ece01: Pull complete
2025-06-24T23:23:00.9275944Z 059fa8db8343: Pull complete
2025-06-24T23:23:00.9712426Z 45b3a7323b63: Pull complete
2025-06-24T23:23:00.9825418Z 51f2a9252993: Pull complete
2025-06-24T23:23:00.9905368Z 4f4fb700ef54: Pull complete
2025-06-24T23:23:01.0116458Z 44a7d70d0172: Pull complete
2025-06-24T23:23:01.0411393Z 1e79ecd82ceb: Pull complete
2025-06-24T23:23:01.2341854Z b3c5e8ab0974: Pull complete
2025-06-24T23:23:01.2532801Z 929bd3643518: Pull complete
2025-06-24T23:23:14.5006655Z 894bb7e47db6: Pull complete
2025-06-24T23:23:14.5175184Z b9a087c621b3: Pull complete
2025-06-24T23:23:14.5222568Z Digest: sha256:afceced13f5f580c67c3297f197240aa8c7c942dff2426a56d246382d62888c6
2025-06-24T23:23:14.5234592Z Status: Downloaded newer image for quay.io/pypa/manylinux_2_28_x86_64:latest
2025-06-24T23:23:14.5246296Z quay.io/pypa/manylinux_2_28_x86_64:latest
2025-06-24T23:23:14.5323651Z ##[command]/usr/bin/docker create --name ee6948e9cab24ca7bcd483509d89aa8f_quayiopypamanylinux_2_28_x86_64_1fe19e --label ba9c1b --workdir /__w/synthizer3d/synthizer3d --network github_network_bec96be998ee49b8993985e5572d0eba --user root -e "HOME=/github/home" -e GITHUB_ACTIONS=true -e CI=true -v "/var/run/docker.sock":"/var/run/docker.sock" -v "/home/runner/work":"/__w" -v "/home/runner/actions-runner/cached/externals":"/__e":ro -v "/home/runner/work/_temp":"/__w/_temp" -v "/home/runner/work/_actions":"/__w/_actions" -v "/opt/hostedtoolcache":"/__t" -v "/home/runner/work/_temp/_github_home":"/github/home" -v "/home/runner/work/_temp/_github_workflow":"/github/workflow" --entrypoint "tail" quay.io/pypa/manylinux_2_28_x86_64 "-f" "/dev/null"
2025-06-24T23:23:14.5605786Z e4c06ad1f363506494ffd592c7e6907f72fa14bc07c106c3170a8b3d8b04b859
2025-06-24T23:23:14.5628511Z ##[command]/usr/bin/docker start e4c06ad1f363506494ffd592c7e6907f72fa14bc07c106c3170a8b3d8b04b859
2025-06-24T23:23:15.2733162Z e4c06ad1f363506494ffd592c7e6907f72fa14bc07c106c3170a8b3d8b04b859
2025-06-24T23:23:15.2752855Z ##[command]/usr/bin/docker ps --all --filter id=e4c06ad1f363506494ffd592c7e6907f72fa14bc07c106c3170a8b3d8b04b859 --filter status=running --no-trunc --format "{{.ID}} {{.Status}}"
2025-06-24T23:23:15.2866881Z e4c06ad1f363506494ffd592c7e6907f72fa14bc07c106c3170a8b3d8b04b859 Up Less than a second
2025-06-24T23:23:15.2886480Z ##[command]/usr/bin/docker inspect --format "{{range .Config.Env}}{{println .}}{{end}}" e4c06ad1f363506494ffd592c7e6907f72fa14bc07c106c3170a8b3d8b04b859
2025-06-24T23:23:15.2999527Z CI=true
2025-06-24T23:23:15.3000144Z HOME=/github/home
2025-06-24T23:23:15.3000442Z GITHUB_ACTIONS=true
2025-06-24T23:23:15.3001067Z PATH=/opt/rh/gcc-toolset-14/root/usr/bin:/usr/local/sbin:/usr/local/bin:/usr/sbin:/usr/bin:/sbin:/bin
2025-06-24T23:23:15.3001539Z LANG=en_US.UTF-8
2025-06-24T23:23:15.3001741Z AUDITWHEEL_POLICY=manylinux_2_28
2025-06-24T23:23:15.3001958Z AUDITWHEEL_ARCH=x86_64
2025-06-24T23:23:15.3002159Z AUDITWHEEL_PLAT=manylinux_2_28_x86_64
2025-06-24T23:23:15.3002385Z LC_ALL=en_US.UTF-8
2025-06-24T23:23:15.3002551Z LANGUAGE=en_US.UTF-8
2025-06-24T23:23:15.3002768Z DEVTOOLSET_ROOTPATH=/opt/rh/gcc-toolset-14/root
2025-06-24T23:23:15.3003467Z LD_LIBRARY_PATH=/opt/rh/gcc-toolset-14/root/usr/lib64:/opt/rh/gcc-toolset-14/root/usr/lib:/opt/rh/gcc-toolset-14/root/usr/lib64/dyninst:/opt/rh/gcc-toolset-14/root/usr/lib/dyninst
2025-06-24T23:23:15.3004169Z PKG_CONFIG_PATH=/usr/local/lib/pkgconfig
2025-06-24T23:23:15.3004418Z SSL_CERT_FILE=/opt/_internal/certs.pem
2025-06-24T23:23:15.3018783Z ##[endgroup]
2025-06-24T23:23:15.3027387Z ##[group]Waiting for all services to be ready
2025-06-24T23:23:15.3029021Z ##[endgroup]
2025-06-24T23:23:15.3313249Z ##[group]Run actions/checkout@v4
2025-06-24T23:23:15.3313768Z with:
2025-06-24T23:23:15.3313945Z   submodules: recursive
2025-06-24T23:23:15.3314143Z   repository: Ambro86/synthizer3d
2025-06-24T23:23:15.3314501Z   token: ***
2025-06-24T23:23:15.3314668Z   ssh-strict: true
2025-06-24T23:23:15.3314838Z   ssh-user: git
2025-06-24T23:23:15.3315012Z   persist-credentials: true
2025-06-24T23:23:15.3315222Z   clean: true
2025-06-24T23:23:15.3315403Z   sparse-checkout-cone-mode: true
2025-06-24T23:23:15.3315611Z   fetch-depth: 1
2025-06-24T23:23:15.3315778Z   fetch-tags: false
2025-06-24T23:23:15.3315948Z   show-progress: true
2025-06-24T23:23:15.3316122Z   lfs: false
2025-06-24T23:23:15.3316289Z   set-safe-directory: true
2025-06-24T23:23:15.3316663Z env:
2025-06-24T23:23:15.3316813Z   CI_ARCH: x86_64
2025-06-24T23:23:15.3316993Z   MANYLINUX_VERSION: manylinux_2_28
2025-06-24T23:23:15.3317204Z   PYVERSION: 3.11
2025-06-24T23:23:15.3317383Z   VCPKG_DEFAULT_TRIPLET: x64-linux
2025-06-24T23:23:15.3317837Z   EFFECTIVE_VCPKG_INSTALLED_DIR_BASE: /home/runner/work/synthizer3d/synthizer3d/vcpkg_installed
2025-06-24T23:23:15.3318504Z ##[endgroup]
2025-06-24T23:23:15.3373865Z ##[command]/usr/bin/docker exec  e4c06ad1f363506494ffd592c7e6907f72fa14bc07c106c3170a8b3d8b04b859 sh -c "cat /etc/*release | grep ^ID"
2025-06-24T23:23:15.5529451Z Syncing repository: Ambro86/synthizer3d
2025-06-24T23:23:15.5531539Z ##[group]Getting Git version info
2025-06-24T23:23:15.5532107Z Working directory is '/__w/synthizer3d/synthizer3d'
2025-06-24T23:23:15.5532963Z [command]/usr/local/bin/git version
2025-06-24T23:23:15.5533376Z git version 2.49.0
2025-06-24T23:23:15.5546055Z ##[endgroup]
2025-06-24T23:23:15.5562540Z Temporarily overriding HOME='/__w/_temp/99d3115b-0b24-42fa-a7c6-ec23ac343c80' before making global git config changes
2025-06-24T23:23:15.5563646Z Adding repository directory to the temporary git global config as a safe directory
2025-06-24T23:23:15.5569064Z [command]/usr/local/bin/git config --global --add safe.directory /__w/synthizer3d/synthizer3d
2025-06-24T23:23:15.5604283Z Deleting the contents of '/__w/synthizer3d/synthizer3d'
2025-06-24T23:23:15.5608450Z ##[group]Initializing the repository
2025-06-24T23:23:15.5612867Z [command]/usr/local/bin/git init /__w/synthizer3d/synthizer3d
2025-06-24T23:23:15.5655141Z hint: Using 'master' as the name for the initial branch. This default branch name
2025-06-24T23:23:15.5656009Z hint: is subject to change. To configure the initial branch name to use in all
2025-06-24T23:23:15.5657223Z hint: of your new repositories, which will suppress this warning, call:
2025-06-24T23:23:15.5657806Z hint:
2025-06-24T23:23:15.5658213Z hint: 	git config --global init.defaultBranch <name>
2025-06-24T23:23:15.5659002Z hint:
2025-06-24T23:23:15.5659481Z hint: Names commonly chosen instead of 'master' are 'main', 'trunk' and
2025-06-24T23:23:15.5660510Z hint: 'development'. The just-created branch can be renamed via this command:
2025-06-24T23:23:15.5661112Z hint:
2025-06-24T23:23:15.5661445Z hint: 	git branch -m <name>
2025-06-24T23:23:15.5662028Z Initialized empty Git repository in /__w/synthizer3d/synthizer3d/.git/
2025-06-24T23:23:15.5669808Z [command]/usr/local/bin/git remote add origin https://github.com/Ambro86/synthizer3d
2025-06-24T23:23:15.5706039Z ##[endgroup]
2025-06-24T23:23:15.5706621Z ##[group]Disabling automatic garbage collection
2025-06-24T23:23:15.5710797Z [command]/usr/local/bin/git config --local gc.auto 0
2025-06-24T23:23:15.5740317Z ##[endgroup]
2025-06-24T23:23:15.5740657Z ##[group]Setting up auth
2025-06-24T23:23:15.5746910Z [command]/usr/local/bin/git config --local --name-only --get-regexp core\.sshCommand
2025-06-24T23:23:15.5778237Z [command]/usr/local/bin/git submodule foreach --recursive sh -c "git config --local --name-only --get-regexp 'core\.sshCommand' && git config --local --unset-all 'core.sshCommand' || :"
2025-06-24T23:23:15.6138717Z [command]/usr/local/bin/git config --local --name-only --get-regexp http\.https\:\/\/github\.com\/\.extraheader
2025-06-24T23:23:15.6170648Z [command]/usr/local/bin/git submodule foreach --recursive sh -c "git config --local --name-only --get-regexp 'http\.https\:\/\/github\.com\/\.extraheader' && git config --local --unset-all 'http.https://github.com/.extraheader' || :"
2025-06-24T23:23:15.6534764Z [command]/usr/local/bin/git config --local http.https://github.com/.extraheader AUTHORIZATION: basic ***
2025-06-24T23:23:15.6571829Z ##[endgroup]
2025-06-24T23:23:15.6572238Z ##[group]Fetching the repository
2025-06-24T23:23:15.6580055Z [command]/usr/local/bin/git -c protocol.version=2 fetch --no-tags --prune --no-recurse-submodules --depth=1 origin +b631fa19c6edd02e9a7e908777667fe1458f4bc1:refs/remotes/origin/master
2025-06-24T23:23:16.5865734Z From https://github.com/Ambro86/synthizer3d
2025-06-24T23:23:16.5866603Z  * [new ref]         b631fa19c6edd02e9a7e908777667fe1458f4bc1 -> origin/master
2025-06-24T23:23:16.5892257Z ##[endgroup]
2025-06-24T23:23:16.5893203Z ##[group]Determining the checkout info
2025-06-24T23:23:16.5895355Z ##[endgroup]
2025-06-24T23:23:16.5900490Z [command]/usr/local/bin/git sparse-checkout disable
2025-06-24T23:23:16.5941732Z [command]/usr/local/bin/git config --local --unset-all extensions.worktreeConfig
2025-06-24T23:23:16.5978665Z ##[group]Checking out the ref
2025-06-24T23:23:16.5983146Z [command]/usr/local/bin/git checkout --progress --force -B master refs/remotes/origin/master
2025-06-24T23:23:16.8830865Z Reset branch 'master'
2025-06-24T23:23:16.8832658Z branch 'master' set up to track 'origin/master'.
2025-06-24T23:23:16.8847780Z ##[endgroup]
2025-06-24T23:23:16.8848313Z ##[group]Setting up auth for fetching submodules
2025-06-24T23:23:16.8854060Z [command]/usr/local/bin/git config --global http.https://github.com/.extraheader AUTHORIZATION: basic ***
2025-06-24T23:23:16.8895580Z [command]/usr/local/bin/git config --global --unset-all url.https://github.com/.insteadOf
2025-06-24T23:23:16.8928233Z [command]/usr/local/bin/git config --global --add url.https://github.com/.insteadOf git@github.com:
2025-06-24T23:23:16.8962888Z [command]/usr/local/bin/git config --global --add url.https://github.com/.insteadOf org-58132298@github.com:
2025-06-24T23:23:16.8990317Z ##[endgroup]
2025-06-24T23:23:16.8990648Z ##[group]Fetching submodules
2025-06-24T23:23:16.8994503Z [command]/usr/local/bin/git submodule sync --recursive
2025-06-24T23:23:16.9363896Z [command]/usr/local/bin/git -c protocol.version=2 submodule update --init --force --depth=1 --recursive
2025-06-24T23:23:16.9732766Z [command]/usr/local/bin/git submodule foreach --recursive git config --local gc.auto 0
2025-06-24T23:23:17.0091541Z ##[endgroup]
2025-06-24T23:23:17.0092123Z ##[group]Persisting credentials for submodules
2025-06-24T23:23:17.0098024Z [command]/usr/local/bin/git submodule foreach --recursive sh -c "git config --local --name-only --get-regexp 'url\.https\:\/\/github\.com\/\.insteadOf' && git config --local --unset-all 'url.https://github.com/.insteadOf' || :"
2025-06-24T23:23:17.0466760Z [command]/usr/local/bin/git submodule foreach --recursive sh -c "git config --local 'http.https://github.com/.extraheader' 'AUTHORIZATION: basic ***' && git config --local --show-origin --name-only --get-regexp remote.origin.url"
2025-06-24T23:23:17.0837292Z [command]/usr/local/bin/git submodule foreach --recursive git config --local --add 'url.https://github.com/.insteadOf' 'git@github.com:'
2025-06-24T23:23:17.1201626Z [command]/usr/local/bin/git submodule foreach --recursive git config --local --add 'url.https://github.com/.insteadOf' 'org-58132298@github.com:'
2025-06-24T23:23:17.1556988Z ##[endgroup]
2025-06-24T23:23:17.1595567Z [command]/usr/local/bin/git log -1 --format=%H
2025-06-24T23:23:17.1621912Z b631fa19c6edd02e9a7e908777667fe1458f4bc1
2025-06-24T23:23:17.1820603Z ##[group]Run echo "🐍 Setting up Python 3.11 environment..."
2025-06-24T23:23:17.1821077Z [36;1mecho "🐍 Setting up Python 3.11 environment..."[0m
2025-06-24T23:23:17.1821481Z [36;1mif [ "3.11" = "3.8" ]; then echo "PYTHON_PATH=/opt/python/cp38-cp38" >> $GITHUB_ENV[0m
2025-06-24T23:23:17.1821922Z [36;1melif [ "3.11" = "3.9" ]; then echo "PYTHON_PATH=/opt/python/cp39-cp39" >> $GITHUB_ENV[0m
2025-06-24T23:23:17.1822359Z [36;1melif [ "3.11" = "3.10" ]; then echo "PYTHON_PATH=/opt/python/cp310-cp310" >> $GITHUB_ENV[0m
2025-06-24T23:23:17.1822788Z [36;1melif [ "3.11" = "3.11" ]; then echo "PYTHON_PATH=/opt/python/cp311-cp311" >> $GITHUB_ENV[0m
2025-06-24T23:23:17.1823202Z [36;1melif [ "3.11" = "3.12" ]; then echo "PYTHON_PATH=/opt/python/cp312-cp312" >> $GITHUB_ENV[0m
2025-06-24T23:23:17.1823615Z [36;1melif [ "3.11" = "3.13" ]; then echo "PYTHON_PATH=/opt/python/cp313-cp313" >> $GITHUB_ENV[0m
2025-06-24T23:23:17.1823925Z [36;1mfi[0m
2025-06-24T23:23:17.1827127Z shell: sh -e {0}
2025-06-24T23:23:17.1827341Z env:
2025-06-24T23:23:17.1827502Z   CI_ARCH: x86_64
2025-06-24T23:23:17.1827691Z   MANYLINUX_VERSION: manylinux_2_28
2025-06-24T23:23:17.1827924Z   PYVERSION: 3.11
2025-06-24T23:23:17.1828111Z   VCPKG_DEFAULT_TRIPLET: x64-linux
2025-06-24T23:23:17.1828524Z   EFFECTIVE_VCPKG_INSTALLED_DIR_BASE: /home/runner/work/synthizer3d/synthizer3d/vcpkg_installed
2025-06-24T23:23:17.1828926Z ##[endgroup]
2025-06-24T23:23:17.2444160Z 🐍 Setting up Python 3.11 environment...
2025-06-24T23:23:17.2504131Z ##[group]Run echo "📦 Installing system dependencies..."
2025-06-24T23:23:17.2504541Z [36;1mecho "📦 Installing system dependencies..."[0m
2025-06-24T23:23:17.2504850Z [36;1mif command -v dnf >/dev/null 2>&1; then[0m
2025-06-24T23:23:17.2505205Z [36;1m  dnf install -y curl zip unzip tar cmake make gcc-c++ openssl-devel[0m
2025-06-24T23:23:17.2505565Z [36;1melif command -v yum >/dev/null 2>&1; then[0m
2025-06-24T23:23:17.2505912Z [36;1m  yum install -y curl zip unzip tar cmake make gcc-c++ openssl-devel[0m
2025-06-24T23:23:17.2506232Z [36;1mfi[0m
2025-06-24T23:23:17.2506389Z [36;1m[0m
2025-06-24T23:23:17.2506631Z [36;1mecho "📦 Installing Python build tools (including ninja)..."[0m
2025-06-24T23:23:17.2507020Z [36;1m$PYTHON_PATH/bin/python -m pip install --upgrade pip[0m
2025-06-24T23:23:17.2507586Z [36;1m$PYTHON_PATH/bin/pip install ninja cmake wheel tomli setuptools packaging distro scikit-build cython build auditwheel twine[0m
2025-06-24T23:23:17.2508202Z shell: sh -e {0}
2025-06-24T23:23:17.2508366Z env:
2025-06-24T23:23:17.2508519Z   CI_ARCH: x86_64
2025-06-24T23:23:17.2508693Z   MANYLINUX_VERSION: manylinux_2_28
2025-06-24T23:23:17.2508910Z   PYVERSION: 3.11
2025-06-24T23:23:17.2509089Z   VCPKG_DEFAULT_TRIPLET: x64-linux
2025-06-24T23:23:17.2509483Z   EFFECTIVE_VCPKG_INSTALLED_DIR_BASE: /home/runner/work/synthizer3d/synthizer3d/vcpkg_installed
2025-06-24T23:23:17.2510526Z   PYTHON_PATH: /opt/python/cp311-cp311
2025-06-24T23:23:17.2510760Z ##[endgroup]
2025-06-24T23:23:17.3072159Z 📦 Installing system dependencies...
2025-06-24T23:23:17.8143496Z AlmaLinux 8 - BaseOS                            111 MB/s |  27 MB     00:00    
2025-06-24T23:23:21.3301372Z AlmaLinux 8 - AppStream                         102 MB/s |  19 MB     00:00    
2025-06-24T23:23:24.4566094Z AlmaLinux 8 - Extras                            136 kB/s |  14 kB     00:00    
2025-06-24T23:23:24.6416409Z AlmaLinux 8 - PowerTools                         37 MB/s | 4.6 MB     00:00    
2025-06-24T23:23:25.6286381Z Extra Packages for Enterprise Linux 8 - x86_64   67 MB/s |  14 MB     00:00    
2025-06-24T23:23:31.1854009Z Package curl-7.61.1-34.el8_10.3.x86_64 is already installed.
2025-06-24T23:23:31.1865287Z Package unzip-6.0-48.el8_10.x86_64 is already installed.
2025-06-24T23:23:31.1871986Z Package tar-2:1.30-10.el8_10.x86_64 is already installed.
2025-06-24T23:23:31.1883153Z Package make-1:4.2.1-11.el8.x86_64 is already installed.
2025-06-24T23:23:31.2178956Z Dependencies resolved.
2025-06-24T23:23:31.2201596Z ================================================================================
2025-06-24T23:23:31.2202300Z  Package                Arch      Version                    Repository    Size
2025-06-24T23:23:31.2202791Z ================================================================================
2025-06-24T23:23:31.2203090Z Installing:
2025-06-24T23:23:31.2203371Z  cmake                  x86_64    3.26.5-2.el8               appstream     14 M
2025-06-24T23:23:31.2203823Z  gcc-c++                x86_64    8.5.0-26.el8_10.alma.1     appstream     12 M
2025-06-24T23:23:31.2204270Z  openssl-devel          x86_64    1:1.1.1k-14.el8_6          baseos       2.3 M
2025-06-24T23:23:31.2204684Z  zip                    x86_64    3.0-23.el8                 baseos       270 k
2025-06-24T23:23:31.2205010Z Installing dependencies:
2025-06-24T23:23:31.2205344Z  cmake-data             noarch    3.26.5-2.el8               appstream    1.9 M
2025-06-24T23:23:31.2205794Z  cmake-filesystem       x86_64    3.26.5-2.el8               appstream     44 k
2025-06-24T23:23:31.2206275Z  cmake-rpm-macros       noarch    3.26.5-2.el8               appstream     43 k
2025-06-24T23:23:31.2206805Z  keyutils-libs-devel    x86_64    1.5.10-9.el8               baseos        47 k
2025-06-24T23:23:31.2207288Z  krb5-devel             x86_64    1.18.2-32.el8_10           baseos       562 k
2025-06-24T23:23:31.2207680Z  libcom_err-devel       x86_64    1.45.6-6.el8_10            baseos        38 k
2025-06-24T23:23:31.2208360Z  libselinux-devel       x86_64    2.9-10.el8_10              baseos       199 k
2025-06-24T23:23:31.2208805Z  libsepol-devel         x86_64    2.9-3.el8                  baseos        86 k
2025-06-24T23:23:31.2209185Z  libuv                  x86_64    1:1.41.1-2.el8_10          appstream    155 k
2025-06-24T23:23:31.2209761Z  libverto-devel         x86_64    0.3.2-2.el8                baseos        17 k
2025-06-24T23:23:31.2210445Z  pcre2-devel            x86_64    10.32-3.el8_6              baseos       604 k
2025-06-24T23:23:31.2211063Z  pcre2-utf16            x86_64    10.32-3.el8_6              baseos       228 k
2025-06-24T23:23:31.2211649Z  pcre2-utf32            x86_64    10.32-3.el8_6              baseos       219 k
2025-06-24T23:23:31.2212149Z  vim-filesystem         noarch    2:8.0.1763-19.el8_6.4      appstream     49 k
2025-06-24T23:23:31.2212582Z 
2025-06-24T23:23:31.2212717Z Transaction Summary
2025-06-24T23:23:31.2213044Z ================================================================================
2025-06-24T23:23:31.2213452Z Install  18 Packages
2025-06-24T23:23:31.2213641Z 
2025-06-24T23:23:31.2213790Z Total download size: 33 M
2025-06-24T23:23:31.2213997Z Installed size: 84 M
2025-06-24T23:23:31.2216104Z Downloading Packages:
2025-06-24T23:23:31.4134424Z (1/18): keyutils-libs-devel-1.5.10-9.el8.x86_64 2.2 MB/s |  47 kB     00:00    
2025-06-24T23:23:31.4187816Z (2/18): libselinux-devel-2.9-10.el8_10.x86_64.r  39 MB/s | 199 kB     00:00    
2025-06-24T23:23:31.4256748Z (3/18): libsepol-devel-2.9-3.el8.x86_64.rpm      13 MB/s |  86 kB     00:00    
2025-06-24T23:23:31.4291915Z (4/18): krb5-devel-1.18.2-32.el8_10.x86_64.rpm   15 MB/s | 562 kB     00:00    
2025-06-24T23:23:31.4302895Z (5/18): libverto-devel-0.3.2-2.el8.x86_64.rpm   3.9 MB/s |  17 kB     00:00    
2025-06-24T23:23:31.4380399Z (6/18): pcre2-devel-10.32-3.el8_6.x86_64.rpm     79 MB/s | 604 kB     00:00    
2025-06-24T23:23:31.4425447Z (7/18): pcre2-utf16-10.32-3.el8_6.x86_64.rpm     53 MB/s | 228 kB     00:00    
2025-06-24T23:23:31.4478910Z (8/18): pcre2-utf32-10.32-3.el8_6.x86_64.rpm     43 MB/s | 219 kB     00:00    
2025-06-24T23:23:31.4491689Z (9/18): libcom_err-devel-1.45.6-6.el8_10.x86_64 671 kB/s |  38 kB     00:00    
2025-06-24T23:23:31.4626838Z (10/18): zip-3.0-23.el8.x86_64.rpm               18 MB/s | 270 kB     00:00    
2025-06-24T23:23:31.4699191Z (11/18): openssl-devel-1.1.1k-14.el8_6.x86_64.r  58 MB/s | 2.3 MB     00:00    
2025-06-24T23:23:31.4781159Z (12/18): cmake-filesystem-3.26.5-2.el8.x86_64.r 5.8 MB/s |  44 kB     00:00    
2025-06-24T23:23:31.4829515Z (13/18): cmake-rpm-macros-3.26.5-2.el8.noarch.r 9.4 MB/s |  43 kB     00:00    
2025-06-24T23:23:31.4936896Z (14/18): cmake-data-3.26.5-2.el8.noarch.rpm      62 MB/s | 1.9 MB     00:00    
2025-06-24T23:23:31.5006669Z (15/18): libuv-1.41.1-2.el8_10.x86_64.rpm        23 MB/s | 155 kB     00:00    
2025-06-24T23:23:31.5049442Z (16/18): vim-filesystem-8.0.1763-19.el8_6.4.noa  12 MB/s |  49 kB     00:00    
2025-06-24T23:23:31.5799454Z (17/18): cmake-3.26.5-2.el8.x86_64.rpm          105 MB/s |  14 MB     00:00    
2025-06-24T23:23:31.6031039Z (18/18): gcc-c++-8.5.0-26.el8_10.alma.1.x86_64. 103 MB/s |  12 MB     00:00    
2025-06-24T23:23:31.6035571Z --------------------------------------------------------------------------------
2025-06-24T23:23:31.6038152Z Total                                            86 MB/s |  33 MB     00:00     
2025-06-24T23:23:31.8738024Z Running transaction check
2025-06-24T23:23:31.8971343Z Transaction check succeeded.
2025-06-24T23:23:31.8971913Z Running transaction test
2025-06-24T23:23:32.0634905Z Transaction test succeeded.
2025-06-24T23:23:32.0652120Z Running transaction
2025-06-24T23:23:32.2785349Z   Preparing        :                                                        1/1 
2025-06-24T23:23:32.2896817Z   Installing       : cmake-rpm-macros-3.26.5-2.el8.noarch                  1/18 
2025-06-24T23:23:32.2990087Z   Installing       : cmake-filesystem-3.26.5-2.el8.x86_64                  2/18 
2025-06-24T23:23:32.3139262Z   Installing       : vim-filesystem-2:8.0.1763-19.el8_6.4.noarch           3/18 
2025-06-24T23:23:32.8045683Z   Installing       : libuv-1:1.41.1-2.el8_10.x86_64                        4/18 
2025-06-24T23:23:33.6792056Z   Installing       : cmake-data-3.26.5-2.el8.noarch                        5/18 
2025-06-24T23:23:33.6997772Z   Installing       : cmake-3.26.5-2.el8.x86_64                             6/18 
2025-06-24T23:23:33.7206994Z   Installing       : pcre2-utf32-10.32-3.el8_6.x86_64                      7/18 
2025-06-24T23:23:33.7608372Z   Installing       : pcre2-utf16-10.32-3.el8_6.x86_64                      8/18 
2025-06-24T23:23:33.7678728Z   Installing       : pcre2-devel-10.32-3.el8_6.x86_64                      9/18 
2025-06-24T23:23:33.7797033Z   Installing       : libverto-devel-0.3.2-2.el8.x86_64                    10/18 
2025-06-24T23:23:33.7923596Z   Installing       : libsepol-devel-2.9-3.el8.x86_64                      11/18 
2025-06-24T23:23:33.8002387Z   Installing       : libselinux-devel-2.9-10.el8_10.x86_64                12/18 
2025-06-24T23:23:33.8057198Z   Installing       : libcom_err-devel-1.45.6-6.el8_10.x86_64              13/18 
2025-06-24T23:23:33.8507903Z   Installing       : keyutils-libs-devel-1.5.10-9.el8.x86_64              14/18 
2025-06-24T23:23:34.0252534Z   Installing       : krb5-devel-1.18.2-32.el8_10.x86_64                   15/18 
2025-06-24T23:23:34.7981561Z   Installing       : openssl-devel-1:1.1.1k-14.el8_6.x86_64               16/18 
2025-06-24T23:23:34.8245975Z   Installing       : gcc-c++-8.5.0-26.el8_10.alma.1.x86_64                17/18 
2025-06-24T23:23:34.8308127Z   Installing       : zip-3.0-23.el8.x86_64                                18/18 
2025-06-24T23:23:34.9113214Z   Running scriptlet: zip-3.0-23.el8.x86_64                                18/18 
2025-06-24T23:23:34.9114136Z   Verifying        : keyutils-libs-devel-1.5.10-9.el8.x86_64               1/18 
2025-06-24T23:23:34.9114979Z   Verifying        : krb5-devel-1.18.2-32.el8_10.x86_64                    2/18 
2025-06-24T23:23:34.9116813Z   Verifying        : libcom_err-devel-1.45.6-6.el8_10.x86_64               3/18 
2025-06-24T23:23:34.9118063Z   Verifying        : libselinux-devel-2.9-10.el8_10.x86_64                 4/18 
2025-06-24T23:23:34.9119505Z   Verifying        : libsepol-devel-2.9-3.el8.x86_64                       5/18 
2025-06-24T23:23:34.9120366Z   Verifying        : libverto-devel-0.3.2-2.el8.x86_64                     6/18 
2025-06-24T23:23:34.9121031Z   Verifying        : openssl-devel-1:1.1.1k-14.el8_6.x86_64                7/18 
2025-06-24T23:23:34.9121708Z   Verifying        : pcre2-devel-10.32-3.el8_6.x86_64                      8/18 
2025-06-24T23:23:34.9122338Z   Verifying        : pcre2-utf16-10.32-3.el8_6.x86_64                      9/18 
2025-06-24T23:23:34.9122977Z   Verifying        : pcre2-utf32-10.32-3.el8_6.x86_64                     10/18 
2025-06-24T23:23:34.9125262Z   Verifying        : zip-3.0-23.el8.x86_64                                11/18 
2025-06-24T23:23:34.9127537Z   Verifying        : cmake-3.26.5-2.el8.x86_64                            12/18 
2025-06-24T23:23:34.9128208Z   Verifying        : cmake-data-3.26.5-2.el8.noarch                       13/18 
2025-06-24T23:23:34.9128876Z   Verifying        : cmake-filesystem-3.26.5-2.el8.x86_64                 14/18 
2025-06-24T23:23:34.9129521Z   Verifying        : cmake-rpm-macros-3.26.5-2.el8.noarch                 15/18 
2025-06-24T23:23:34.9130268Z   Verifying        : gcc-c++-8.5.0-26.el8_10.alma.1.x86_64                16/18 
2025-06-24T23:23:34.9130832Z   Verifying        : libuv-1:1.41.1-2.el8_10.x86_64                       17/18 
2025-06-24T23:23:34.9934055Z   Verifying        : vim-filesystem-2:8.0.1763-19.el8_6.4.noarch          18/18 
2025-06-24T23:23:34.9934387Z 
2025-06-24T23:23:34.9934465Z Installed:
2025-06-24T23:23:34.9934754Z   cmake-3.26.5-2.el8.x86_64                                                     
2025-06-24T23:23:34.9935167Z   cmake-data-3.26.5-2.el8.noarch                                                
2025-06-24T23:23:34.9935892Z   cmake-filesystem-3.26.5-2.el8.x86_64                                          
2025-06-24T23:23:34.9936362Z   cmake-rpm-macros-3.26.5-2.el8.noarch                                          
2025-06-24T23:23:34.9936796Z   gcc-c++-8.5.0-26.el8_10.alma.1.x86_64                                         
2025-06-24T23:23:34.9937224Z   keyutils-libs-devel-1.5.10-9.el8.x86_64                                       
2025-06-24T23:23:34.9937651Z   krb5-devel-1.18.2-32.el8_10.x86_64                                            
2025-06-24T23:23:34.9938098Z   libcom_err-devel-1.45.6-6.el8_10.x86_64                                       
2025-06-24T23:23:34.9938527Z   libselinux-devel-2.9-10.el8_10.x86_64                                         
2025-06-24T23:23:34.9938954Z   libsepol-devel-2.9-3.el8.x86_64                                               
2025-06-24T23:23:34.9939352Z   libuv-1:1.41.1-2.el8_10.x86_64                                                
2025-06-24T23:23:34.9940043Z   libverto-devel-0.3.2-2.el8.x86_64                                             
2025-06-24T23:23:34.9940482Z   openssl-devel-1:1.1.1k-14.el8_6.x86_64                                        
2025-06-24T23:23:34.9940913Z   pcre2-devel-10.32-3.el8_6.x86_64                                              
2025-06-24T23:23:34.9941338Z   pcre2-utf16-10.32-3.el8_6.x86_64                                              
2025-06-24T23:23:34.9941745Z   pcre2-utf32-10.32-3.el8_6.x86_64                                              
2025-06-24T23:23:34.9942342Z   vim-filesystem-2:8.0.1763-19.el8_6.4.noarch                                   
2025-06-24T23:23:34.9942745Z   zip-3.0-23.el8.x86_64                                                         
2025-06-24T23:23:34.9942969Z 
2025-06-24T23:23:34.9943041Z Complete!
2025-06-24T23:23:35.0524673Z 📦 Installing Python build tools (including ninja)...
2025-06-24T23:23:36.2901654Z WARNING: The directory '/github/home/.cache/pip' or its parent directory is not owned or is not writable by the current user. The cache has been disabled. Check the permissions and owner of that directory. If executing pip with sudo, you should use sudo's -H flag.
2025-06-24T23:23:36.3718024Z Requirement already satisfied: pip in /opt/python/cp311-cp311/lib/python3.11/site-packages (25.1.1)
2025-06-24T23:23:36.4540073Z WARNING: Running pip as the 'root' user can result in broken permissions and conflicting behaviour with the system package manager, possibly rendering your system unusable. It is recommended to use a virtual environment instead: https://pip.pypa.io/warnings/venv. Use the --root-user-action option if you know what you are doing and want to suppress this warning.
2025-06-24T23:23:36.7984491Z WARNING: The directory '/github/home/.cache/pip' or its parent directory is not owned or is not writable by the current user. The cache has been disabled. Check the permissions and owner of that directory. If executing pip with sudo, you should use sudo's -H flag.
2025-06-24T23:23:36.8875672Z Collecting ninja
2025-06-24T23:23:36.9210363Z   Downloading ninja-1.11.1.4-py3-none-manylinux_2_12_x86_64.manylinux2010_x86_64.whl.metadata (5.0 kB)
2025-06-24T23:23:37.0464473Z Collecting cmake
2025-06-24T23:23:37.0542390Z   Downloading cmake-4.0.3-py3-none-manylinux_2_17_x86_64.manylinux2014_x86_64.whl.metadata (6.3 kB)
2025-06-24T23:23:37.0564376Z Requirement already satisfied: wheel in /opt/_internal/cpython-3.11.13/lib/python3.11/site-packages (0.45.1)
2025-06-24T23:23:37.0711551Z Collecting tomli
2025-06-24T23:23:37.0784166Z   Downloading tomli-2.2.1-cp311-cp311-manylinux_2_17_x86_64.manylinux2014_x86_64.whl.metadata (11 kB)
2025-06-24T23:23:37.0809331Z Requirement already satisfied: setuptools in /opt/_internal/cpython-3.11.13/lib/python3.11/site-packages (80.9.0)
2025-06-24T23:23:37.0814506Z Requirement already satisfied: packaging in /opt/_internal/cpython-3.11.13/lib/python3.11/site-packages (25.0)
2025-06-24T23:23:37.0919090Z Collecting distro
2025-06-24T23:23:37.0994259Z   Downloading distro-1.9.0-py3-none-any.whl.metadata (6.8 kB)
2025-06-24T23:23:37.1159725Z Collecting scikit-build
2025-06-24T23:23:37.1230840Z   Downloading scikit_build-0.18.1-py3-none-any.whl.metadata (18 kB)
2025-06-24T23:23:37.3340589Z Collecting cython
2025-06-24T23:23:37.3424840Z   Downloading cython-3.1.2-cp311-cp311-manylinux_2_17_x86_64.manylinux2014_x86_64.whl.metadata (5.9 kB)
2025-06-24T23:23:37.3445255Z Requirement already satisfied: build in /opt/_internal/cpython-3.11.13/lib/python3.11/site-packages (1.2.2.post1)
2025-06-24T23:23:37.3589164Z Collecting auditwheel
2025-06-24T23:23:37.3676134Z   Downloading auditwheel-6.4.0-py3-none-any.whl.metadata (7.3 kB)
2025-06-24T23:23:37.3861183Z Collecting twine
2025-06-24T23:23:37.3931891Z   Downloading twine-6.1.0-py3-none-any.whl.metadata (3.7 kB)
2025-06-24T23:23:37.4058006Z Requirement already satisfied: pyproject_hooks in /opt/_internal/cpython-3.11.13/lib/python3.11/site-packages (from build) (1.2.0)
2025-06-24T23:23:37.4192856Z Collecting pyelftools>=0.24 (from auditwheel)
2025-06-24T23:23:37.4263327Z   Downloading pyelftools-0.32-py3-none-any.whl.metadata (372 bytes)
2025-06-24T23:23:37.4416242Z Collecting readme-renderer>=35.0 (from twine)
2025-06-24T23:23:37.4489527Z   Downloading readme_renderer-44.0-py3-none-any.whl.metadata (2.8 kB)
2025-06-24T23:23:37.4748478Z Collecting requests>=2.20 (from twine)
2025-06-24T23:23:37.4818858Z   Downloading requests-2.32.4-py3-none-any.whl.metadata (4.9 kB)
2025-06-24T23:23:37.4952712Z Collecting requests-toolbelt!=0.9.0,>=0.8.0 (from twine)
2025-06-24T23:23:37.5025372Z   Downloading requests_toolbelt-1.0.0-py2.py3-none-any.whl.metadata (14 kB)
2025-06-24T23:23:37.5278713Z Collecting urllib3>=1.26.0 (from twine)
2025-06-24T23:23:37.5347198Z   Downloading urllib3-2.5.0-py3-none-any.whl.metadata (6.5 kB)
2025-06-24T23:23:37.5704260Z Collecting keyring>=15.1 (from twine)
2025-06-24T23:23:37.5780444Z   Downloading keyring-25.6.0-py3-none-any.whl.metadata (20 kB)
2025-06-24T23:23:37.5949411Z Collecting rfc3986>=1.4.0 (from twine)
2025-06-24T23:23:37.6019849Z   Downloading rfc3986-2.0.0-py2.py3-none-any.whl.metadata (6.6 kB)
2025-06-24T23:23:37.6398563Z Collecting rich>=12.0.0 (from twine)
2025-06-24T23:23:37.6471705Z   Downloading rich-14.0.0-py3-none-any.whl.metadata (18 kB)
2025-06-24T23:23:37.6586102Z Collecting id (from twine)
2025-06-24T23:23:37.6660055Z   Downloading id-1.5.0-py3-none-any.whl.metadata (5.2 kB)
2025-06-24T23:23:37.6794475Z Collecting SecretStorage>=3.2 (from keyring>=15.1->twine)
2025-06-24T23:23:37.6865990Z   Downloading SecretStorage-3.3.3-py3-none-any.whl.metadata (4.0 kB)
2025-06-24T23:23:37.6979097Z Collecting jeepney>=0.4.2 (from keyring>=15.1->twine)
2025-06-24T23:23:37.7052158Z   Downloading jeepney-0.9.0-py3-none-any.whl.metadata (1.2 kB)
2025-06-24T23:23:37.7377413Z Collecting importlib_metadata>=4.11.4 (from keyring>=15.1->twine)
2025-06-24T23:23:37.7449795Z   Downloading importlib_metadata-8.7.0-py3-none-any.whl.metadata (4.8 kB)
2025-06-24T23:23:37.7626647Z Collecting jaraco.classes (from keyring>=15.1->twine)
2025-06-24T23:23:37.7698697Z   Downloading jaraco.classes-3.4.0-py3-none-any.whl.metadata (2.6 kB)
2025-06-24T23:23:37.7880260Z Collecting jaraco.functools (from keyring>=15.1->twine)
2025-06-24T23:23:37.7951378Z   Downloading jaraco_functools-4.2.1-py3-none-any.whl.metadata (2.9 kB)
2025-06-24T23:23:37.8275326Z Collecting jaraco.context (from keyring>=15.1->twine)
2025-06-24T23:23:37.8347723Z   Downloading jaraco.context-6.0.1-py3-none-any.whl.metadata (4.1 kB)
2025-06-24T23:23:37.8543746Z Collecting zipp>=3.20 (from importlib_metadata>=4.11.4->keyring>=15.1->twine)
2025-06-24T23:23:37.8613896Z   Downloading zipp-3.23.0-py3-none-any.whl.metadata (3.6 kB)
2025-06-24T23:23:37.8940967Z Collecting nh3>=0.2.14 (from readme-renderer>=35.0->twine)
2025-06-24T23:23:37.9012089Z   Downloading nh3-0.2.21-cp38-abi3-manylinux_2_17_x86_64.manylinux2014_x86_64.whl.metadata (2.0 kB)
2025-06-24T23:23:37.9154311Z Collecting docutils>=0.21.2 (from readme-renderer>=35.0->twine)
2025-06-24T23:23:37.9226966Z   Downloading docutils-0.21.2-py3-none-any.whl.metadata (2.8 kB)
2025-06-24T23:23:37.9424529Z Collecting Pygments>=2.5.1 (from readme-renderer>=35.0->twine)
2025-06-24T23:23:37.9494367Z   Downloading pygments-2.19.2-py3-none-any.whl.metadata (2.5 kB)
2025-06-24T23:23:38.0273348Z Collecting charset_normalizer<4,>=2 (from requests>=2.20->twine)
2025-06-24T23:23:38.0347665Z   Downloading charset_normalizer-3.4.2-cp311-cp311-manylinux_2_17_x86_64.manylinux2014_x86_64.whl.metadata (35 kB)
2025-06-24T23:23:38.0506355Z Collecting idna<4,>=2.5 (from requests>=2.20->twine)
2025-06-24T23:23:38.0577922Z   Downloading idna-3.10-py3-none-any.whl.metadata (10 kB)
2025-06-24T23:23:38.0889220Z Collecting certifi>=2017.4.17 (from requests>=2.20->twine)
2025-06-24T23:23:38.0967208Z   Downloading certifi-2025.6.15-py3-none-any.whl.metadata (2.4 kB)
2025-06-24T23:23:38.1299009Z Collecting markdown-it-py>=2.2.0 (from rich>=12.0.0->twine)
2025-06-24T23:23:38.1368392Z   Downloading markdown_it_py-3.0.0-py3-none-any.whl.metadata (6.9 kB)
2025-06-24T23:23:38.1571684Z Collecting mdurl~=0.1 (from markdown-it-py>=2.2.0->rich>=12.0.0->twine)
2025-06-24T23:23:38.1639536Z   Downloading mdurl-0.1.2-py3-none-any.whl.metadata (1.6 kB)
2025-06-24T23:23:38.3305795Z Collecting cryptography>=2.0 (from SecretStorage>=3.2->keyring>=15.1->twine)
2025-06-24T23:23:38.3379191Z   Downloading cryptography-45.0.4-cp311-abi3-manylinux_2_28_x86_64.whl.metadata (5.7 kB)
2025-06-24T23:23:38.4400580Z Collecting cffi>=1.14 (from cryptography>=2.0->SecretStorage>=3.2->keyring>=15.1->twine)
2025-06-24T23:23:38.4473871Z   Downloading cffi-1.17.1-cp311-cp311-manylinux_2_17_x86_64.manylinux2014_x86_64.whl.metadata (1.5 kB)
2025-06-24T23:23:38.4595960Z Collecting pycparser (from cffi>=1.14->cryptography>=2.0->SecretStorage>=3.2->keyring>=15.1->twine)
2025-06-24T23:23:38.4666082Z   Downloading pycparser-2.22-py3-none-any.whl.metadata (943 bytes)
2025-06-24T23:23:38.4868951Z Collecting more-itertools (from jaraco.classes->keyring>=15.1->twine)
2025-06-24T23:23:38.4942936Z   Downloading more_itertools-10.7.0-py3-none-any.whl.metadata (37 kB)
2025-06-24T23:23:38.5065676Z Collecting backports.tarfile (from jaraco.context->keyring>=15.1->twine)
2025-06-24T23:23:38.5134919Z   Downloading backports.tarfile-1.2.0-py3-none-any.whl.metadata (2.0 kB)
2025-06-24T23:23:38.5286315Z Downloading ninja-1.11.1.4-py3-none-manylinux_2_12_x86_64.manylinux2010_x86_64.whl (422 kB)
2025-06-24T23:23:38.5484123Z Downloading cmake-4.0.3-py3-none-manylinux_2_17_x86_64.manylinux2014_x86_64.whl (27.9 MB)
2025-06-24T23:23:38.6364635Z    ━━━━━━━━━━━━━━━━━━━━━━━━━━━━━━━━━━━━━━━━ 27.9/27.9 MB 325.4 MB/s eta 0:00:00
2025-06-24T23:23:38.6441394Z Downloading tomli-2.2.1-cp311-cp311-manylinux_2_17_x86_64.manylinux2014_x86_64.whl (236 kB)
2025-06-24T23:23:38.6516922Z Downloading distro-1.9.0-py3-none-any.whl (20 kB)
2025-06-24T23:23:38.6587512Z Downloading scikit_build-0.18.1-py3-none-any.whl (85 kB)
2025-06-24T23:23:38.6658155Z Downloading cython-3.1.2-cp311-cp311-manylinux_2_17_x86_64.manylinux2014_x86_64.whl (3.2 MB)
2025-06-24T23:23:38.6759511Z    ━━━━━━━━━━━━━━━━━━━━━━━━━━━━━━━━━━━━━━━━ 3.2/3.2 MB 398.2 MB/s eta 0:00:00
2025-06-24T23:23:38.6843007Z Downloading auditwheel-6.4.0-py3-none-any.whl (50 kB)
2025-06-24T23:23:38.6917408Z Downloading twine-6.1.0-py3-none-any.whl (40 kB)
2025-06-24T23:23:38.6988210Z Downloading keyring-25.6.0-py3-none-any.whl (39 kB)
2025-06-24T23:23:38.7064901Z Downloading importlib_metadata-8.7.0-py3-none-any.whl (27 kB)
2025-06-24T23:23:38.7137830Z Downloading jeepney-0.9.0-py3-none-any.whl (49 kB)
2025-06-24T23:23:38.7209724Z Downloading pyelftools-0.32-py3-none-any.whl (188 kB)
2025-06-24T23:23:38.7289131Z Downloading readme_renderer-44.0-py3-none-any.whl (13 kB)
2025-06-24T23:23:38.7360269Z Downloading docutils-0.21.2-py3-none-any.whl (587 kB)
2025-06-24T23:23:38.7393590Z    ━━━━━━━━━━━━━━━━━━━━━━━━━━━━━━━━━━━━━━━ 587.4/587.4 kB 630.8 MB/s eta 0:00:00
2025-06-24T23:23:38.7463287Z Downloading nh3-0.2.21-cp38-abi3-manylinux_2_17_x86_64.manylinux2014_x86_64.whl (739 kB)
2025-06-24T23:23:38.7501159Z    ━━━━━━━━━━━━━━━━━━━━━━━━━━━━━━━━━━━━━━━ 739.0/739.0 kB 598.0 MB/s eta 0:00:00
2025-06-24T23:23:38.7571003Z Downloading pygments-2.19.2-py3-none-any.whl (1.2 MB)
2025-06-24T23:23:38.7618130Z    ━━━━━━━━━━━━━━━━━━━━━━━━━━━━━━━━━━━━━━━━ 1.2/1.2 MB 429.7 MB/s eta 0:00:00
2025-06-24T23:23:38.7687827Z Downloading requests-2.32.4-py3-none-any.whl (64 kB)
2025-06-24T23:23:38.7759953Z Downloading charset_normalizer-3.4.2-cp311-cp311-manylinux_2_17_x86_64.manylinux2014_x86_64.whl (147 kB)
2025-06-24T23:23:38.7832350Z Downloading idna-3.10-py3-none-any.whl (70 kB)
2025-06-24T23:23:38.7903711Z Downloading urllib3-2.5.0-py3-none-any.whl (129 kB)
2025-06-24T23:23:38.7976655Z Downloading certifi-2025.6.15-py3-none-any.whl (157 kB)
2025-06-24T23:23:38.8049110Z Downloading requests_toolbelt-1.0.0-py2.py3-none-any.whl (54 kB)
2025-06-24T23:23:38.8118450Z Downloading rfc3986-2.0.0-py2.py3-none-any.whl (31 kB)
2025-06-24T23:23:38.8189895Z Downloading rich-14.0.0-py3-none-any.whl (243 kB)
2025-06-24T23:23:38.8265156Z Downloading markdown_it_py-3.0.0-py3-none-any.whl (87 kB)
2025-06-24T23:23:38.8337365Z Downloading mdurl-0.1.2-py3-none-any.whl (10.0 kB)
2025-06-24T23:23:38.8408587Z Downloading SecretStorage-3.3.3-py3-none-any.whl (15 kB)
2025-06-24T23:23:38.8483195Z Downloading cryptography-45.0.4-cp311-abi3-manylinux_2_28_x86_64.whl (4.5 MB)
2025-06-24T23:23:38.8619544Z    ━━━━━━━━━━━━━━━━━━━━━━━━━━━━━━━━━━━━━━━━ 4.5/4.5 MB 376.9 MB/s eta 0:00:00
2025-06-24T23:23:38.8697680Z Downloading cffi-1.17.1-cp311-cp311-manylinux_2_17_x86_64.manylinux2014_x86_64.whl (467 kB)
2025-06-24T23:23:38.8782862Z Downloading zipp-3.23.0-py3-none-any.whl (10 kB)
2025-06-24T23:23:38.8852656Z Downloading id-1.5.0-py3-none-any.whl (13 kB)
2025-06-24T23:23:38.8921718Z Downloading jaraco.classes-3.4.0-py3-none-any.whl (6.8 kB)
2025-06-24T23:23:38.8991294Z Downloading jaraco.context-6.0.1-py3-none-any.whl (6.8 kB)
2025-06-24T23:23:38.9061378Z Downloading backports.tarfile-1.2.0-py3-none-any.whl (30 kB)
2025-06-24T23:23:38.9136088Z Downloading jaraco_functools-4.2.1-py3-none-any.whl (10 kB)
2025-06-24T23:23:38.9206875Z Downloading more_itertools-10.7.0-py3-none-any.whl (65 kB)
2025-06-24T23:23:38.9280362Z Downloading pycparser-2.22-py3-none-any.whl (117 kB)
2025-06-24T23:23:39.0955218Z Installing collected packages: pyelftools, zipp, urllib3, tomli, rfc3986, Pygments, pycparser, ninja, nh3, more-itertools, mdurl, jeepney, idna, docutils, distro, cython, cmake, charset_normalizer, certifi, backports.tarfile, auditwheel, scikit-build, requests, readme-renderer, markdown-it-py, jaraco.functools, jaraco.context, jaraco.classes, importlib_metadata, cffi, rich, requests-toolbelt, id, cryptography, SecretStorage, keyring, twine
2025-06-24T23:23:43.0944284Z 
2025-06-24T23:23:43.0972805Z Successfully installed Pygments-2.19.2 SecretStorage-3.3.3 auditwheel-6.4.0 backports.tarfile-1.2.0 certifi-2025.6.15 cffi-1.17.1 charset_normalizer-3.4.2 cmake-4.0.3 cryptography-45.0.4 cython-3.1.2 distro-1.9.0 docutils-0.21.2 id-1.5.0 idna-3.10 importlib_metadata-8.7.0 jaraco.classes-3.4.0 jaraco.context-6.0.1 jaraco.functools-4.2.1 jeepney-0.9.0 keyring-25.6.0 markdown-it-py-3.0.0 mdurl-0.1.2 more-itertools-10.7.0 nh3-0.2.21 ninja-1.11.1.4 pycparser-2.22 pyelftools-0.32 readme-renderer-44.0 requests-2.32.4 requests-toolbelt-1.0.0 rfc3986-2.0.0 rich-14.0.0 scikit-build-0.18.1 tomli-2.2.1 twine-6.1.0 urllib3-2.5.0 zipp-3.23.0
2025-06-24T23:23:43.0977436Z WARNING: Running pip as the 'root' user can result in broken permissions and conflicting behaviour with the system package manager, possibly rendering your system unusable. It is recommended to use a virtual environment instead: https://pip.pypa.io/warnings/venv. Use the --root-user-action option if you know what you are doing and want to suppress this warning.
2025-06-24T23:23:43.3342946Z ##[group]Run echo "VCPKG_DEFAULT_BINARY_CACHE=/home/runner/work/synthizer3d/synthizer3d/vcpkg_cache" >> $GITHUB_ENV
2025-06-24T23:23:43.3343721Z [36;1mecho "VCPKG_DEFAULT_BINARY_CACHE=/home/runner/work/synthizer3d/synthizer3d/vcpkg_cache" >> $GITHUB_ENV[0m
2025-06-24T23:23:43.3344307Z shell: sh -e {0}
2025-06-24T23:23:43.3344475Z env:
2025-06-24T23:23:43.3344634Z   CI_ARCH: x86_64
2025-06-24T23:23:43.3344815Z   MANYLINUX_VERSION: manylinux_2_28
2025-06-24T23:23:43.3345038Z   PYVERSION: 3.11
2025-06-24T23:23:43.3345219Z   VCPKG_DEFAULT_TRIPLET: x64-linux
2025-06-24T23:23:43.3345616Z   EFFECTIVE_VCPKG_INSTALLED_DIR_BASE: /home/runner/work/synthizer3d/synthizer3d/vcpkg_installed
2025-06-24T23:23:43.3346030Z   PYTHON_PATH: /opt/python/cp311-cp311
2025-06-24T23:23:43.3346258Z ##[endgroup]
2025-06-24T23:23:43.7235457Z ##[group]Run actions/cache@v4
2025-06-24T23:23:43.7235707Z with:
2025-06-24T23:23:43.7235954Z   path: /home/runner/work/synthizer3d/synthizer3d/vcpkg_cache
2025-06-24T23:23:43.7236435Z   key: vcpkg-cache-x64-linux-8d4200f24396f7b0d3dda1dc71ac7780839230b233bf5179a27d6ca22c36092a
2025-06-24T23:23:43.7236870Z   restore-keys: vcpkg-cache-x64-linux-

2025-06-24T23:23:43.7237126Z   enableCrossOsArchive: false
2025-06-24T23:23:43.7237337Z   fail-on-cache-miss: false
2025-06-24T23:23:43.7237529Z   lookup-only: false
2025-06-24T23:23:43.7237707Z   save-always: false
2025-06-24T23:23:43.7237867Z env:
2025-06-24T23:23:43.7238014Z   CI_ARCH: x86_64
2025-06-24T23:23:43.7238190Z   MANYLINUX_VERSION: manylinux_2_28
2025-06-24T23:23:43.7238410Z   PYVERSION: 3.11
2025-06-24T23:23:43.7238587Z   VCPKG_DEFAULT_TRIPLET: x64-linux
2025-06-24T23:23:43.7238978Z   EFFECTIVE_VCPKG_INSTALLED_DIR_BASE: /home/runner/work/synthizer3d/synthizer3d/vcpkg_installed
2025-06-24T23:23:43.7239436Z   PYTHON_PATH: /opt/python/cp311-cp311
2025-06-24T23:23:43.7240261Z   VCPKG_DEFAULT_BINARY_CACHE: /home/runner/work/synthizer3d/synthizer3d/vcpkg_cache
2025-06-24T23:23:43.7240619Z ##[endgroup]
2025-06-24T23:23:43.7243578Z ##[command]/usr/bin/docker exec  e4c06ad1f363506494ffd592c7e6907f72fa14bc07c106c3170a8b3d8b04b859 sh -c "cat /etc/*release | grep ^ID"
2025-06-24T23:23:44.0370942Z Cache not found for input keys: vcpkg-cache-x64-linux-8d4200f24396f7b0d3dda1dc71ac7780839230b233bf5179a27d6ca22c36092a, vcpkg-cache-x64-linux-
2025-06-24T23:23:44.0487806Z ##[group]Run lukka/run-vcpkg@v11
2025-06-24T23:23:44.0488058Z with:
2025-06-24T23:23:44.0488228Z   vcpkgJsonGlob: vcpkg.json
2025-06-24T23:23:44.0488450Z   runVcpkgInstall: true
2025-06-24T23:23:44.0488721Z   vcpkgDirectory: /home/runner/work/synthizer3d/synthizer3d/vcpkg
2025-06-24T23:23:44.0489096Z   vcpkgGitURL: https://github.com/microsoft/vcpkg.git
2025-06-24T23:23:44.0489380Z   doNotUpdateVcpkg: false
2025-06-24T23:23:44.0489801Z   doNotCache: true
2025-06-24T23:23:44.0490033Z   vcpkgJsonIgnores: ['**/vcpkg/**']
2025-06-24T23:23:44.0490341Z   vcpkgConfigurationJsonGlob: **/vcpkg-configuration.json
2025-06-24T23:23:44.0490973Z   runVcpkgFormatString: [`install`, `--recurse`, `--clean-after-build`, `--x-install-root`, `$[env.VCPKG_INSTALLED_DIR]`, `--triplet`, `$[env.VCPKG_DEFAULT_TRIPLET]`]
2025-06-24T23:23:44.0491537Z   useShell: true
2025-06-24T23:23:44.0491994Z   logCollectionRegExps: \s*"(.+CMakeOutput\.log)"\.\s*;\s*"(.+CMakeError\.log)"\.\s*;\s*(.+out\.log)\s*;\s+(.+err\.log)\s*;\s*(.+vcpkg.+\.log)\s*
2025-06-24T23:23:44.0492452Z env:
2025-06-24T23:23:44.0492601Z   CI_ARCH: x86_64
2025-06-24T23:23:44.0492783Z   MANYLINUX_VERSION: manylinux_2_28
2025-06-24T23:23:44.0493005Z   PYVERSION: 3.11
2025-06-24T23:23:44.0493184Z   VCPKG_DEFAULT_TRIPLET: x64-linux
2025-06-24T23:23:44.0493581Z   EFFECTIVE_VCPKG_INSTALLED_DIR_BASE: /home/runner/work/synthizer3d/synthizer3d/vcpkg_installed
2025-06-24T23:23:44.0494012Z   PYTHON_PATH: /opt/python/cp311-cp311
2025-06-24T23:23:44.0494370Z   VCPKG_DEFAULT_BINARY_CACHE: /home/runner/work/synthizer3d/synthizer3d/vcpkg_cache
2025-06-24T23:23:44.0494725Z ##[endgroup]
2025-06-24T23:23:44.0498456Z ##[command]/usr/bin/docker exec  e4c06ad1f363506494ffd592c7e6907f72fa14bc07c106c3170a8b3d8b04b859 sh -c "cat /etc/*release | grep ^ID"
2025-06-24T23:23:44.3363675Z ##[group]Prepare output directories
2025-06-24T23:23:44.3365820Z The vpckg root directory: '/__w/synthizer3d/synthizer3d/vcpkg'
2025-06-24T23:23:44.3394111Z ##[endgroup]
2025-06-24T23:23:44.3395096Z ⏱ elapsed: 0.003 seconds
2025-06-24T23:23:44.3436798Z Running command '/usr/local/bin/git' with args 'submodule,status,/__w/synthizer3d/synthizer3d/vcpkg' in current directory '/__w/synthizer3d/synthizer3d'.
2025-06-24T23:23:44.3713244Z fatal: detected dubious ownership in repository at '/__w/synthizer3d/synthizer3d'
2025-06-24T23:23:44.3714209Z To add an exception for this directory, call:
2025-06-24T23:23:44.3714814Z 
2025-06-24T23:23:44.3716034Z 	git config --global --add safe.directory /__w/synthizer3d/synthizer3d
2025-06-24T23:23:44.3762120Z ##[group]Searching for vcpkg.json with glob expression 'vcpkg.json'
2025-06-24T23:23:44.3841131Z Found vcpkg.json at 'vcpkg.json'.
2025-06-24T23:23:44.3845383Z ##[endgroup]
2025-06-24T23:23:44.3846256Z ⏱ elapsed: 0.010 seconds
2025-06-24T23:23:44.3847326Z ##[group]The vcpkgCommitId is not provided, searching for a vcpkg-configuration.json using **/vcpkg-configuration.json
2025-06-24T23:23:44.3851753Z Searching for 'vcpkg-configuration.json' using: '**/vcpkg-configuration.json'
2025-06-24T23:23:44.4176272Z The file 'vcpkg-configuration.json' was not found with glob expression '**/vcpkg-configuration.json'.
2025-06-24T23:23:44.4178406Z A vcpkg-configuration.json is not found.
2025-06-24T23:23:44.4198682Z ##[endgroup]
2025-06-24T23:23:44.4199238Z ⏱ elapsed: 0.035 seconds
2025-06-24T23:23:44.4200328Z Found baseline '8f63c9ed5897d7367a92a442a79f91721e0fd38f', this is the Git commit id going to be used to fetch vcpkg from the repository
2025-06-24T23:23:44.4240603Z ##[group]Setup to run on GitHub Action runners
2025-06-24T23:23:44.4242212Z Set the workflow environment variable 'VCPKG_BINARY_SOURCES' to value 'clear;x-gha,readwrite'
2025-06-24T23:23:44.4244481Z Set the workflow environment variable 'ACTIONS_CACHE_URL' to value 'https://acghubeus2.actions.githubusercontent.com/bwbzopuV3oKlbowlUKWdOnf6KF0vjv7EYqCB3ZHqukKhTVgy74/'
2025-06-24T23:23:44.4286212Z Set the workflow environment variable 'ACTIONS_RUNTIME_TOKEN' to value '***'
2025-06-24T23:23:44.4287824Z ##[endgroup]
2025-06-24T23:23:44.4288473Z ⏱ elapsed: 0.001 seconds
2025-06-24T23:23:44.4289364Z ##[group]Retrieving the vcpkg Git commit id at: '/__w/synthizer3d/synthizer3d/vcpkg'
2025-06-24T23:23:44.4291462Z Fetching the Git commit id at '/__w/synthizer3d/synthizer3d/vcpkg' ...
2025-06-24T23:23:44.4293106Z Running command '/usr/local/bin/git' with args 'rev-parse,HEAD' in current directory '/__w/synthizer3d/synthizer3d/vcpkg'.
2025-06-24T23:23:44.4295206Z fatal: detected dubious ownership in repository at '/__w/synthizer3d/synthizer3d'
2025-06-24T23:23:44.4296918Z To add an exception for this directory, call:
2025-06-24T23:23:44.4297267Z 
2025-06-24T23:23:44.4297824Z 	git config --global --add safe.directory /__w/synthizer3d/synthizer3d
2025-06-24T23:23:44.4299256Z Git commit id not found.
2025-06-24T23:23:44.4300290Z ##[endgroup]
2025-06-24T23:23:44.4300844Z ⏱ elapsed: 0.007 seconds
2025-06-24T23:23:44.4301528Z ##[group]Check whether vcpkg repository is up to date
2025-06-24T23:23:44.4302414Z Checking whether vcpkg's repository is updated to commit id '' ...
2025-06-24T23:23:44.4303401Z Current commit id of vcpkg: ''.
2025-06-24T23:23:44.4303927Z Is vcpkg repository updated? No
2025-06-24T23:23:44.4304527Z ##[endgroup]
2025-06-24T23:23:44.4305053Z ⏱ elapsed: 0.000 seconds
2025-06-24T23:23:44.4305696Z ##[group]Download vcpkg source code repository
2025-06-24T23:23:44.4306669Z Cloning vcpkg in '/__w/synthizer3d/synthizer3d/vcpkg'...
2025-06-24T23:23:44.4318152Z Running command '/usr/local/bin/git' with args 'clone,https://github.com/microsoft/vcpkg.git,-n,.' in current directory '/__w/synthizer3d/synthizer3d/vcpkg'.
2025-06-24T23:23:44.4359562Z Cloning into '.'...
2025-06-24T23:23:53.6267479Z Running command '/usr/local/bin/git' with args 'checkout,--force,8f63c9ed5897d7367a92a442a79f91721e0fd38f' in current directory '/__w/synthizer3d/synthizer3d/vcpkg'.
2025-06-24T23:23:54.3002935Z Note: switching to '8f63c9ed5897d7367a92a442a79f91721e0fd38f'.
2025-06-24T23:23:54.3003413Z 
2025-06-24T23:23:54.3003933Z You are in 'detached HEAD' state. You can look around, make experimental
2025-06-24T23:23:54.3004829Z changes and commit them, and you can discard any commits you make in this
2025-06-24T23:23:54.3005695Z state without impacting any branches by switching back to a branch.
2025-06-24T23:23:54.3006088Z 
2025-06-24T23:23:54.3006664Z If you want to create a new branch to retain commits you create, you may
2025-06-24T23:23:54.3007475Z do so (now or later) by using -c with the switch command. Example:
2025-06-24T23:23:54.3007835Z 
2025-06-24T23:23:54.3008085Z   git switch -c <new-branch-name>
2025-06-24T23:23:54.3008335Z 
2025-06-24T23:23:54.3008566Z Or undo this operation with:
2025-06-24T23:23:54.3008799Z 
2025-06-24T23:23:54.3008944Z   git switch -
2025-06-24T23:23:54.3009114Z 
2025-06-24T23:23:54.3009817Z Turn off this advice by setting config variable advice.detachedHead to false
2025-06-24T23:23:54.3010267Z 
2025-06-24T23:23:54.3010687Z HEAD is now at 8f63c9ed58 [tree-sitter-c] update to 0.24.1 (#45715)
2025-06-24T23:23:54.3024925Z Clone vcpkg in '/__w/synthizer3d/synthizer3d/vcpkg'.
2025-06-24T23:23:54.3026078Z ##[endgroup]
2025-06-24T23:23:54.3026541Z ⏱ elapsed: 9.873 seconds
2025-06-24T23:23:54.3026957Z ##[group]Build vcpkg executable
2025-06-24T23:23:54.3038095Z Running command 'chmod' with args '+x,/__w/synthizer3d/synthizer3d/vcpkg/bootstrap-vcpkg.sh' in current directory 'undefined'.
2025-06-24T23:23:54.3089881Z Running command '/usr/bin/sh' with args '-c,/__w/synthizer3d/synthizer3d/vcpkg/bootstrap-vcpkg.sh' in current directory '/__w/synthizer3d/synthizer3d/vcpkg'.
2025-06-24T23:23:54.3275143Z Downloading vcpkg-glibc...
2025-06-24T23:23:54.5643173Z vcpkg package management program version 2025-05-19-ece4c0f6b8fae9e94513d544c7aa753dd2c82337
2025-06-24T23:23:54.5643800Z 
2025-06-24T23:23:54.5644112Z See LICENSE.txt for license information.
2025-06-24T23:23:54.5662808Z Telemetry
2025-06-24T23:23:54.5663215Z ---------
2025-06-24T23:23:54.5663879Z vcpkg collects usage data in order to help us improve your experience.
2025-06-24T23:23:54.5664938Z The data collected by Microsoft is anonymous.
2025-06-24T23:23:54.5665991Z You can opt-out of telemetry by re-running the bootstrap-vcpkg script with -disableMetrics,
2025-06-24T23:23:54.5666937Z passing --disable-metrics to vcpkg on the command line,
2025-06-24T23:23:54.5667722Z or by setting the VCPKG_DISABLE_METRICS environment variable.
2025-06-24T23:23:54.5668203Z 
2025-06-24T23:23:54.5668586Z Read more about vcpkg telemetry at docs/about/privacy.md
2025-06-24T23:23:54.5678387Z Fetching the Git commit id at '/__w/synthizer3d/synthizer3d/vcpkg' ...
2025-06-24T23:23:54.5680068Z Running command '/usr/local/bin/git' with args 'rev-parse,HEAD' in current directory '/__w/synthizer3d/synthizer3d/vcpkg'.
2025-06-24T23:23:54.5722599Z 8f63c9ed5897d7367a92a442a79f91721e0fd38f
2025-06-24T23:23:54.5729883Z Stored last built vcpkg commit id '8f63c9ed5897d7367a92a442a79f91721e0fd38f' in file '/__w/synthizer3d/synthizer3d/vcpkg/vcpkgLastBuiltCommitId'.
2025-06-24T23:23:54.5731066Z ##[endgroup]
2025-06-24T23:23:54.5731713Z ⏱ elapsed: 0.270 seconds
2025-06-24T23:23:54.5732381Z ##[group]Add to PATH vcpkg at '/__w/synthizer3d/synthizer3d/vcpkg'
2025-06-24T23:23:54.5733120Z ##[endgroup]
2025-06-24T23:23:54.5733574Z ⏱ elapsed: 0.000 seconds
2025-06-24T23:23:54.5734649Z ##[group]Install/Update ports using vcpkg.json
2025-06-24T23:23:54.5740299Z Running 'vcpkg install,--recurse,--clean-after-build,--x-install-root,/__w/synthizer3d/synthizer3d/969f6665-88a2-4c98-938e-ca9259871fec/vcpkg_installed,--triplet,x64-linux' in directory '/__w/synthizer3d/synthizer3d' ...
2025-06-24T23:23:54.5744114Z Running command '/__w/synthizer3d/synthizer3d/vcpkg/vcpkg' with args 'install,--recurse,--clean-after-build,--x-install-root,/__w/synthizer3d/synthizer3d/969f6665-88a2-4c98-938e-ca9259871fec/vcpkg_installed,--triplet,x64-linux' in current directory '/__w/synthizer3d/synthizer3d'.
2025-06-24T23:23:55.4903803Z Detecting compiler hash for triplet x64-linux...
2025-06-24T23:23:56.2178306Z Compiler found: /opt/rh/gcc-toolset-14/root/usr/bin/c++
2025-06-24T23:23:56.2252072Z The following packages will be built and installed:
2025-06-24T23:23:56.2252680Z     libogg:x64-linux@1.3.5#2
2025-06-24T23:23:56.2253153Z     libvorbis:x64-linux@1.3.7#4
2025-06-24T23:23:56.2253577Z     opus:x64-linux@1.5.2
2025-06-24T23:23:56.2254051Z     opusfile:x64-linux@0.12+20221121#1
2025-06-24T23:23:56.2254552Z     soundtouch:x64-linux@2.3.3
2025-06-24T23:23:56.2255044Z   * vcpkg-cmake:x64-linux@2024-04-23
2025-06-24T23:23:56.2255590Z   * vcpkg-cmake-config:x64-linux@2024-05-23
2025-06-24T23:23:56.2256393Z Additional packages (*) will be modified to complete this operation.
2025-06-24T23:23:56.2264304Z $VCPKG_BINARY_SOURCES: warning: The 'x-gha' binary caching backend has been removed. Consider using a NuGet-based binary caching provider instead, see extended documentation at https://learn.microsoft.com/vcpkg/users/binarycaching?WT.mc_id=vcpkg_inproduct_cli.
2025-06-24T23:23:56.2266102Z   on expression: clear;x-gha,readwrite
2025-06-24T23:23:56.2266593Z                                       ^
2025-06-24T23:23:56.2267012Z Installing 1/7 vcpkg-cmake-config:x64-linux@2024-05-23...
2025-06-24T23:23:56.2267488Z Building vcpkg-cmake-config:x64-linux@2024-05-23...
2025-06-24T23:23:56.3988369Z -- Installing: /__w/synthizer3d/synthizer3d/vcpkg/packages/vcpkg-cmake-config_x64-linux/share/vcpkg-cmake-config/vcpkg_cmake_config_fixup.cmake
2025-06-24T23:23:56.4001355Z -- Installing: /__w/synthizer3d/synthizer3d/vcpkg/packages/vcpkg-cmake-config_x64-linux/share/vcpkg-cmake-config/vcpkg-port-config.cmake
2025-06-24T23:23:56.4005758Z -- Installing: /__w/synthizer3d/synthizer3d/vcpkg/packages/vcpkg-cmake-config_x64-linux/share/vcpkg-cmake-config/copyright
2025-06-24T23:23:56.4011470Z -- Skipping post-build validation due to VCPKG_POLICY_EMPTY_PACKAGE
2025-06-24T23:23:56.4024894Z Elapsed time to handle vcpkg-cmake-config:x64-linux: 177 ms
2025-06-24T23:23:56.4026041Z vcpkg-cmake-config:x64-linux package ABI: 363882f17f4f2571030827d3e78269b7dbea395d63cab8f644e26c1685d891d7
2025-06-24T23:23:56.4027210Z Installing 2/7 vcpkg-cmake:x64-linux@2024-04-23...
2025-06-24T23:23:56.4032277Z Building vcpkg-cmake:x64-linux@2024-04-23...
2025-06-24T23:23:56.5725337Z -- Installing: /__w/synthizer3d/synthizer3d/vcpkg/packages/vcpkg-cmake_x64-linux/share/vcpkg-cmake/vcpkg_cmake_configure.cmake
2025-06-24T23:23:56.5732918Z -- Installing: /__w/synthizer3d/synthizer3d/vcpkg/packages/vcpkg-cmake_x64-linux/share/vcpkg-cmake/vcpkg_cmake_build.cmake
2025-06-24T23:23:56.5734173Z -- Installing: /__w/synthizer3d/synthizer3d/vcpkg/packages/vcpkg-cmake_x64-linux/share/vcpkg-cmake/vcpkg_cmake_install.cmake
2025-06-24T23:23:56.5735253Z -- Installing: /__w/synthizer3d/synthizer3d/vcpkg/packages/vcpkg-cmake_x64-linux/share/vcpkg-cmake/vcpkg-port-config.cmake
2025-06-24T23:23:56.5736152Z -- Installing: /__w/synthizer3d/synthizer3d/vcpkg/packages/vcpkg-cmake_x64-linux/share/vcpkg-cmake/copyright
2025-06-24T23:23:56.5750762Z -- Performing post-build validation
2025-06-24T23:23:56.5765705Z Elapsed time to handle vcpkg-cmake:x64-linux: 174 ms
2025-06-24T23:23:56.5772185Z vcpkg-cmake:x64-linux package ABI: ac88e4dec74e861499ccff4bec61abd7477a39fecbe216b4bdc885c7b3fdeee5
2025-06-24T23:23:56.5772909Z Installing 3/7 libogg:x64-linux@1.3.5#2...
2025-06-24T23:23:56.5773227Z Building libogg:x64-linux@1.3.5#2...
2025-06-24T23:23:56.7488861Z Downloading https://gitlab.xiph.org/xiph/ogg/-/archive/v1.3.5/ogg-v1.3.5.tar.gz -> xiph-ogg-v1.3.5.tar.gz
2025-06-24T23:24:00.7585279Z error: curl: (7) Couldn't connect to server
2025-06-24T23:24:00.7586193Z note: If you are using a proxy, please ensure your proxy settings are correct.
2025-06-24T23:24:00.7586903Z Possible causes are:
2025-06-24T23:24:00.7587820Z 1. You are actually using an HTTP proxy, but setting HTTPS_PROXY variable to `https//address:port`.
2025-06-24T23:24:00.7589829Z This is not correct, because `https://` prefix claims the proxy is an HTTPS proxy, while your proxy (v2ray, shadowsocksr, etc...) is an HTTP proxy.
2025-06-24T23:24:00.7591341Z Try setting `http://address:port` to both HTTP_PROXY and HTTPS_PROXY instead.
2025-06-24T23:24:00.7593301Z 2. If you are using Windows, vcpkg will automatically use your Windows IE Proxy Settings set by your proxy software. See: https://github.com/microsoft/vcpkg-tool/pull/77
2025-06-24T23:24:00.7594676Z The value set by your proxy might be wrong, or have same `https://` prefix issue.
2025-06-24T23:24:00.7595385Z 3. Your proxy's remote server is our of service.
2025-06-24T23:24:00.7597045Z If you believe this is not a temporary download server failure and vcpkg needs to be changed to download this file from a different location, please submit an issue to https://github.com/Microsoft/vcpkg/issues
2025-06-24T23:24:00.7605663Z CMake Error at scripts/cmake/vcpkg_download_distfile.cmake:136 (message):
2025-06-24T23:24:00.7621456Z ##[error]  Download failed, halting portfile.
2025-06-24T23:24:00.7629821Z Call Stack (most recent call first):
2025-06-24T23:24:00.7630312Z   scripts/cmake/vcpkg_from_gitlab.cmake:113 (vcpkg_download_distfile)
2025-06-24T23:24:00.7631104Z   buildtrees/versioning_/versions/libogg/7de72b080f4e8596980840f33de0a62394d99e6b/portfile.cmake:1 (vcpkg_from_gitlab)
2025-06-24T23:24:00.7631694Z   scripts/ports.cmake:206 (include)
2025-06-24T23:24:00.7631859Z 
2025-06-24T23:24:00.7631865Z 
2025-06-24T23:24:00.7632107Z error: building libogg:x64-linux failed with: BUILD_FAILED
2025-06-24T23:24:00.7632800Z See https://learn.microsoft.com/vcpkg/troubleshoot/build-failures?WT.mc_id=vcpkg_inproduct_cli for more information.
2025-06-24T23:24:00.7633373Z Elapsed time to handle libogg:x64-linux: 4.2 s
2025-06-24T23:24:00.7679076Z Please ensure you're using the latest port files with `git pull` and `vcpkg update`.
2025-06-24T23:24:00.7679959Z Then check for known issues at:
2025-06-24T23:24:00.7680529Z   https://github.com/microsoft/vcpkg/issues?q=is%3Aissue+is%3Aopen+in%3Atitle+libogg
2025-06-24T23:24:00.7680967Z You can submit a new issue at:
2025-06-24T23:24:00.7682487Z   https://github.com/microsoft/vcpkg/issues/new?title=[libogg]+Build+error+on+x64-linux&body=Copy%20issue%20body%20from%20collapsed%20section%20%22issue_body.md%22%20in%20the%20ci%20log%20output
2025-06-24T23:24:00.7684057Z ##[group]issue_body.md
2025-06-24T23:24:00.7684490Z Package: libogg:x64-linux@1.3.5#2
2025-06-24T23:24:00.7684761Z 
2025-06-24T23:24:00.7684949Z **Host Environment**
2025-06-24T23:24:00.7685152Z 
2025-06-24T23:24:00.7685325Z - Host: x64-linux
2025-06-24T23:24:00.7685696Z - Compiler: GNU 14.2.1
2025-06-24T23:24:00.7686415Z -    vcpkg-tool version: 2025-05-19-ece4c0f6b8fae9e94513d544c7aa753dd2c82337
2025-06-24T23:24:00.7687290Z     vcpkg-scripts version: 8f63c9ed58 2025-05-26 (4 weeks ago)
2025-06-24T23:24:00.7687657Z 
2025-06-24T23:24:00.7687832Z **To Reproduce**
2025-06-24T23:24:00.7687987Z 
2025-06-24T23:24:00.7688169Z `vcpkg install --recurse --clean-after-build`
2025-06-24T23:24:00.7688405Z 
2025-06-24T23:24:00.7688592Z **Failure logs**
2025-06-24T23:24:00.7688771Z 
2025-06-24T23:24:00.7688851Z ```
2025-06-24T23:24:00.7689877Z Downloading https://gitlab.xiph.org/xiph/ogg/-/archive/v1.3.5/ogg-v1.3.5.tar.gz -> xiph-ogg-v1.3.5.tar.gz
2025-06-24T23:24:00.7690435Z error: curl: (7) Couldn't connect to server
2025-06-24T23:24:00.7690885Z note: If you are using a proxy, please ensure your proxy settings are correct.
2025-06-24T23:24:00.7691252Z Possible causes are:
2025-06-24T23:24:00.7691761Z 1. You are actually using an HTTP proxy, but setting HTTPS_PROXY variable to `https//address:port`.
2025-06-24T23:24:00.7692631Z This is not correct, because `https://` prefix claims the proxy is an HTTPS proxy, while your proxy (v2ray, shadowsocksr, etc...) is an HTTP proxy.
2025-06-24T23:24:00.7693378Z Try setting `http://address:port` to both HTTP_PROXY and HTTPS_PROXY instead.
2025-06-24T23:24:00.7694297Z 2. If you are using Windows, vcpkg will automatically use your Windows IE Proxy Settings set by your proxy software. See: https://github.com/microsoft/vcpkg-tool/pull/77
2025-06-24T23:24:00.7695091Z The value set by your proxy might be wrong, or have same `https://` prefix issue.
2025-06-24T23:24:00.7695523Z 3. Your proxy's remote server is our of service.
2025-06-24T23:24:00.7696516Z If you believe this is not a temporary download server failure and vcpkg needs to be changed to download this file from a different location, please submit an issue to https://github.com/Microsoft/vcpkg/issues
2025-06-24T23:24:00.7697509Z CMake Error at scripts/cmake/vcpkg_download_distfile.cmake:136 (message):
2025-06-24T23:24:00.7698383Z ##[error]  Download failed, halting portfile.
2025-06-24T23:24:00.7699221Z Call Stack (most recent call first):
2025-06-24T23:24:00.7699938Z   scripts/cmake/vcpkg_from_gitlab.cmake:113 (vcpkg_download_distfile)
2025-06-24T23:24:00.7700717Z   buildtrees/versioning_/versions/libogg/7de72b080f4e8596980840f33de0a62394d99e6b/portfile.cmake:1 (vcpkg_from_gitlab)
2025-06-24T23:24:00.7701286Z   scripts/ports.cmake:206 (include)
2025-06-24T23:24:00.7701448Z 
2025-06-24T23:24:00.7701455Z 
2025-06-24T23:24:00.7701461Z 
2025-06-24T23:24:00.7701530Z ```
2025-06-24T23:24:00.7701620Z 
2025-06-24T23:24:00.7701734Z **Additional context**
2025-06-24T23:24:00.7701858Z 
2025-06-24T23:24:00.7702009Z <details><summary>vcpkg.json</summary>
2025-06-24T23:24:00.7702171Z 
2025-06-24T23:24:00.7702232Z ```
2025-06-24T23:24:00.7702377Z {
2025-06-24T23:24:00.7702569Z   "name": "synthizer3d",
2025-06-24T23:24:00.7702797Z   "version": "0.1.0",
2025-06-24T23:24:00.7703157Z   "builtin-baseline": "8f63c9ed5897d7367a92a442a79f91721e0fd38f",
2025-06-24T23:24:00.7703482Z   "dependencies": [
2025-06-24T23:24:00.7703687Z     "libvorbis",
2025-06-24T23:24:00.7704091Z     "libogg",
2025-06-24T23:24:00.7704253Z     "opus",
2025-06-24T23:24:00.7704422Z     "opusfile",
2025-06-24T23:24:00.7704677Z     "soundtouch"
2025-06-24T23:24:00.7704872Z   ]
2025-06-24T23:24:00.7705033Z }
2025-06-24T23:24:00.7705124Z 
2025-06-24T23:24:00.7705199Z ```
2025-06-24T23:24:00.7705338Z </details>
2025-06-24T23:24:00.7705639Z ##[endgroup]
2025-06-24T23:24:00.7705736Z 
2025-06-24T23:24:00.7715439Z ##[error]Last command execution failed with error code '1'.
2025-06-24T23:24:00.7716320Z ##[endgroup]
2025-06-24T23:24:00.7716767Z ⏱ elapsed: 6.195 seconds
2025-06-24T23:24:00.7770420Z Error: Last command execution failed with error code '1'.
2025-06-24T23:24:00.7771252Z     at BaseUtilLib.throwIfErrorCode (/__w/_actions/lukka/run-vcpkg/v11/dist/index.js:44357:19)
2025-06-24T23:24:00.7771914Z     at VcpkgRunner.<anonymous> (/__w/_actions/lukka/run-vcpkg/v11/dist/index.js:46522:28)
2025-06-24T23:24:00.7772332Z     at Generator.next (<anonymous>)
2025-06-24T23:24:00.7772780Z     at fulfilled (/__w/_actions/lukka/run-vcpkg/v11/dist/index.js:46272:58)
2025-06-24T23:24:00.7773822Z ##[error]run-vcpkg action execution failed: Last command execution failed with error code '1'.
2025-06-24T23:24:00.7944352Z Post job cleanup.
2025-06-24T23:24:00.7961910Z ##[command]/usr/bin/docker exec  e4c06ad1f363506494ffd592c7e6907f72fa14bc07c106c3170a8b3d8b04b859 sh -c "cat /etc/*release | grep ^ID"
2025-06-24T23:24:00.9867830Z [command]/usr/local/bin/git version
2025-06-24T23:24:00.9911989Z git version 2.49.0
2025-06-24T23:24:00.9968302Z Temporarily overriding HOME='/__w/_temp/b0230610-a7fb-46b8-b11e-10099aa6211b' before making global git config changes
2025-06-24T23:24:00.9971108Z Adding repository directory to the temporary git global config as a safe directory
2025-06-24T23:24:00.9977932Z [command]/usr/local/bin/git config --global --add safe.directory /__w/synthizer3d/synthizer3d
2025-06-24T23:24:01.0015482Z [command]/usr/local/bin/git config --local --name-only --get-regexp core\.sshCommand
2025-06-24T23:24:01.0057395Z [command]/usr/local/bin/git submodule foreach --recursive sh -c "git config --local --name-only --get-regexp 'core\.sshCommand' && git config --local --unset-all 'core.sshCommand' || :"
2025-06-24T23:24:01.0419452Z [command]/usr/local/bin/git config --local --name-only --get-regexp http\.https\:\/\/github\.com\/\.extraheader
2025-06-24T23:24:01.0442087Z http.https://github.com/.extraheader
2025-06-24T23:24:01.0454623Z [command]/usr/local/bin/git config --local --unset-all http.https://github.com/.extraheader
2025-06-24T23:24:01.0487073Z [command]/usr/local/bin/git submodule foreach --recursive sh -c "git config --local --name-only --get-regexp 'http\.https\:\/\/github\.com\/\.extraheader' && git config --local --unset-all 'http.https://github.com/.extraheader' || :"
2025-06-24T23:24:01.0960671Z Stop and remove container: ee6948e9cab24ca7bcd483509d89aa8f_quayiopypamanylinux_2_28_x86_64_1fe19e
2025-06-24T23:24:01.0965647Z ##[command]/usr/bin/docker rm --force e4c06ad1f363506494ffd592c7e6907f72fa14bc07c106c3170a8b3d8b04b859
2025-06-24T23:24:02.1667850Z e4c06ad1f363506494ffd592c7e6907f72fa14bc07c106c3170a8b3d8b04b859
2025-06-24T23:24:02.1696641Z Remove container network: github_network_bec96be998ee49b8993985e5572d0eba
2025-06-24T23:24:02.1701334Z ##[command]/usr/bin/docker network rm github_network_bec96be998ee49b8993985e5572d0eba
2025-06-24T23:24:02.2690485Z github_network_bec96be998ee49b8993985e5572d0eba
2025-06-24T23:24:02.2746786Z Cleaning up orphan processes