2025-06-23T20:27:03.3121008Z Current runner version: '2.325.0'
2025-06-23T20:27:03.3142932Z ##[group]Runner Image Provisioner
2025-06-23T20:27:03.3143722Z Hosted Compute Agent
2025-06-23T20:27:03.3144224Z Version: 20250620.352
2025-06-23T20:27:03.3144745Z Commit: f262f3aba23b10ea191b2a62bdee1ca4c3d344da
2025-06-23T20:27:03.3145388Z Build Date: 2025-06-20T19:27:17Z
2025-06-23T20:27:03.3145908Z ##[endgroup]
2025-06-23T20:27:03.3146364Z ##[group]Operating System
2025-06-23T20:27:03.3146876Z Microsoft Windows Server 2022
2025-06-23T20:27:03.3147425Z 10.0.20348
2025-06-23T20:27:03.3147810Z Datacenter
2025-06-23T20:27:03.3148209Z ##[endgroup]
2025-06-23T20:27:03.3148626Z ##[group]Runner Image
2025-06-23T20:27:03.3149105Z Image: windows-2022
2025-06-23T20:27:03.3149517Z Version: 20250602.1.0
2025-06-23T20:27:03.3150715Z Included Software: https://github.com/actions/runner-images/blob/win22/20250602.1/images/windows/Windows2022-Readme.md
2025-06-23T20:27:03.3152193Z Image Release: https://github.com/actions/runner-images/releases/tag/win22%2F20250602.1
2025-06-23T20:27:03.3153110Z ##[endgroup]
2025-06-23T20:27:03.3155413Z ##[group]GITHUB_TOKEN Permissions
2025-06-23T20:27:03.3157487Z Actions: write
2025-06-23T20:27:03.3157947Z Attestations: write
2025-06-23T20:27:03.3158390Z Checks: write
2025-06-23T20:27:03.3158817Z Contents: write
2025-06-23T20:27:03.3159222Z Deployments: write
2025-06-23T20:27:03.3159666Z Discussions: write
2025-06-23T20:27:03.3160068Z Issues: write
2025-06-23T20:27:03.3160518Z Metadata: read
2025-06-23T20:27:03.3160914Z Models: read
2025-06-23T20:27:03.3161326Z Packages: write
2025-06-23T20:27:03.3161726Z Pages: write
2025-06-23T20:27:03.3162179Z PullRequests: write
2025-06-23T20:27:03.3162670Z RepositoryProjects: write
2025-06-23T20:27:03.3163161Z SecurityEvents: write
2025-06-23T20:27:03.3163690Z Statuses: write
2025-06-23T20:27:03.3164079Z ##[endgroup]
2025-06-23T20:27:03.3166098Z Secret source: Actions
2025-06-23T20:27:03.3166700Z Prepare workflow directory
2025-06-23T20:27:03.3761974Z Prepare all required actions
2025-06-23T20:27:03.3798052Z Getting action download info
2025-06-23T20:27:03.9273806Z ##[group]Download immutable action package 'actions/checkout@v4'
2025-06-23T20:27:03.9274827Z Version: 4.2.2
2025-06-23T20:27:03.9275742Z Digest: sha256:ccb2698953eaebd21c7bf6268a94f9c26518a7e38e27e0b83c1fe1ad049819b1
2025-06-23T20:27:03.9276884Z Source commit SHA: 11bd71901bbe5b1630ceea73d27597364c9af683
2025-06-23T20:27:03.9277586Z ##[endgroup]
2025-06-23T20:27:04.0564715Z ##[group]Download immutable action package 'actions/setup-python@v5'
2025-06-23T20:27:04.0565584Z Version: 5.6.0
2025-06-23T20:27:04.0566282Z Digest: sha256:0b35a0c11c97499e4e0576589036d450b9f5f9da74b7774225b3614b57324404
2025-06-23T20:27:04.0567222Z Source commit SHA: a26af69be951a213d495a4c3e4e4022e16d87065
2025-06-23T20:27:04.0567883Z ##[endgroup]
2025-06-23T20:27:04.5112217Z ##[group]Download immutable action package 'actions/cache@v4'
2025-06-23T20:27:04.5113012Z Version: 4.2.3
2025-06-23T20:27:04.5113748Z Digest: sha256:c8a3bb963e1f1826d8fcc8d1354f0dd29d8ac1db1d4f6f20247055ae11b81ed9
2025-06-23T20:27:04.5114742Z Source commit SHA: 5a3ec84eff668545956fd18022155c47e93e2684
2025-06-23T20:27:04.5115394Z ##[endgroup]
2025-06-23T20:27:04.6658148Z Download action repository 'ilammy/msvc-dev-cmd@v1' (SHA:0b201ec74fa43914dc39ae48a89fd1d8cb592756)
2025-06-23T20:27:05.2208510Z Download action repository 'lukka/run-vcpkg@v11' (SHA:7d259227a1fb6471a0253dd5ab7419835228f7d7)
2025-06-23T20:27:05.8069649Z ##[group]Download immutable action package 'actions/upload-artifact@v4'
2025-06-23T20:27:05.8070133Z Version: 4.6.2
2025-06-23T20:27:05.8070517Z Digest: sha256:290722aa3281d5caf23d0acdc3dbeb3424786a1a01a9cc97e72f147225e37c38
2025-06-23T20:27:05.8070990Z Source commit SHA: ea165f8d65b6e75b540449e92b4886f43607fa02
2025-06-23T20:27:05.8071315Z ##[endgroup]
2025-06-23T20:27:06.1320714Z Complete job name: Build Windows (x64) Python 3.9
2025-06-23T20:27:06.3258101Z ##[group]Run actions/checkout@v4
2025-06-23T20:27:06.3260532Z with:
2025-06-23T20:27:06.3260892Z   submodules: recursive
2025-06-23T20:27:06.3261260Z   repository: Ambro86/synthizer3d
2025-06-23T20:27:06.3261820Z   token: ***
2025-06-23T20:27:06.3262103Z   ssh-strict: true
2025-06-23T20:27:06.3262467Z   ssh-user: git
2025-06-23T20:27:06.3262829Z   persist-credentials: true
2025-06-23T20:27:06.3263176Z   clean: true
2025-06-23T20:27:06.3263554Z   sparse-checkout-cone-mode: true
2025-06-23T20:27:06.3263913Z   fetch-depth: 1
2025-06-23T20:27:06.3264228Z   fetch-tags: false
2025-06-23T20:27:06.3264551Z   show-progress: true
2025-06-23T20:27:06.3264887Z   lfs: false
2025-06-23T20:27:06.3265182Z   set-safe-directory: true
2025-06-23T20:27:06.3265779Z env:
2025-06-23T20:27:06.3266052Z   PYVERSION: 3.9
2025-06-23T20:27:06.3266399Z   CI_ARCH_LOWER: x64
2025-06-23T20:27:06.3266728Z   CI_WINDOWS: 1
2025-06-23T20:27:06.3267008Z   CI_ARCH_ENV: x64
2025-06-23T20:27:06.3267429Z   VCPKG_DEFAULT_TRIPLET: x64-windows
2025-06-23T20:27:06.3268018Z   EFFECTIVE_VCPKG_INSTALLED_DIR_BASE: D:\a\synthizer3d\synthizer3d\vcpkg_installed
2025-06-23T20:27:06.3268461Z ##[endgroup]
2025-06-23T20:27:06.5012620Z Syncing repository: Ambro86/synthizer3d
2025-06-23T20:27:06.5014176Z ##[group]Getting Git version info
2025-06-23T20:27:06.5014638Z Working directory is 'D:\a\synthizer3d\synthizer3d'
2025-06-23T20:27:06.6082275Z [command]"C:\Program Files\Git\bin\git.exe" version
2025-06-23T20:27:06.9402684Z git version 2.49.0.windows.1
2025-06-23T20:27:06.9457739Z ##[endgroup]
2025-06-23T20:27:06.9479287Z Temporarily overriding HOME='D:\a\_temp\0cf62457-f431-48f5-843f-6b370cb7b0f8' before making global git config changes
2025-06-23T20:27:06.9480366Z Adding repository directory to the temporary git global config as a safe directory
2025-06-23T20:27:06.9490985Z [command]"C:\Program Files\Git\bin\git.exe" config --global --add safe.directory D:\a\synthizer3d\synthizer3d
2025-06-23T20:27:06.9994505Z Deleting the contents of 'D:\a\synthizer3d\synthizer3d'
2025-06-23T20:27:07.0000145Z ##[group]Initializing the repository
2025-06-23T20:27:07.0009454Z [command]"C:\Program Files\Git\bin\git.exe" init D:\a\synthizer3d\synthizer3d
2025-06-23T20:27:07.0688451Z Initialized empty Git repository in D:/a/synthizer3d/synthizer3d/.git/
2025-06-23T20:27:07.0737680Z [command]"C:\Program Files\Git\bin\git.exe" remote add origin https://github.com/Ambro86/synthizer3d
2025-06-23T20:27:07.1148725Z ##[endgroup]
2025-06-23T20:27:07.1157719Z ##[group]Disabling automatic garbage collection
2025-06-23T20:27:07.1158211Z [command]"C:\Program Files\Git\bin\git.exe" config --local gc.auto 0
2025-06-23T20:27:07.1368524Z ##[endgroup]
2025-06-23T20:27:07.1369022Z ##[group]Setting up auth
2025-06-23T20:27:07.1382579Z [command]"C:\Program Files\Git\bin\git.exe" config --local --name-only --get-regexp core\.sshCommand
2025-06-23T20:27:07.1607288Z [command]"C:\Program Files\Git\bin\git.exe" submodule foreach --recursive "sh -c \"git config --local --name-only --get-regexp 'core\.sshCommand' && git config --local --unset-all 'core.sshCommand' || :\""
2025-06-23T20:27:08.4909804Z [command]"C:\Program Files\Git\bin\git.exe" config --local --name-only --get-regexp http\.https\:\/\/github\.com\/\.extraheader
2025-06-23T20:27:08.5129787Z [command]"C:\Program Files\Git\bin\git.exe" submodule foreach --recursive "sh -c \"git config --local --name-only --get-regexp 'http\.https\:\/\/github\.com\/\.extraheader' && git config --local --unset-all 'http.https://github.com/.extraheader' || :\""
2025-06-23T20:27:08.9303155Z [command]"C:\Program Files\Git\bin\git.exe" config --local http.https://github.com/.extraheader "AUTHORIZATION: basic ***"
2025-06-23T20:27:08.9536154Z ##[endgroup]
2025-06-23T20:27:08.9536914Z ##[group]Fetching the repository
2025-06-23T20:27:08.9553343Z [command]"C:\Program Files\Git\bin\git.exe" -c protocol.version=2 fetch --no-tags --prune --no-recurse-submodules --depth=1 origin +450292660e0d518d8e2a7e5646a9563b6c1a194e:refs/remotes/origin/master
2025-06-23T20:27:10.8833942Z From https://github.com/Ambro86/synthizer3d
2025-06-23T20:27:10.9020633Z  * [new ref]         450292660e0d518d8e2a7e5646a9563b6c1a194e -> origin/master
2025-06-23T20:27:10.9022353Z ##[endgroup]
2025-06-23T20:27:10.9022770Z ##[group]Determining the checkout info
2025-06-23T20:27:10.9024735Z ##[endgroup]
2025-06-23T20:27:10.9035592Z [command]"C:\Program Files\Git\bin\git.exe" sparse-checkout disable
2025-06-23T20:27:10.9483960Z [command]"C:\Program Files\Git\bin\git.exe" config --local --unset-all extensions.worktreeConfig
2025-06-23T20:27:10.9775297Z ##[group]Checking out the ref
2025-06-23T20:27:10.9787977Z [command]"C:\Program Files\Git\bin\git.exe" checkout --progress --force -B master refs/remotes/origin/master
2025-06-23T20:27:11.8048311Z branch 'master' set up to track 'origin/master'.
2025-06-23T20:27:11.8054366Z Reset branch 'master'
2025-06-23T20:27:11.8108270Z ##[endgroup]
2025-06-23T20:27:11.8108875Z ##[group]Setting up auth for fetching submodules
2025-06-23T20:27:11.8119645Z [command]"C:\Program Files\Git\bin\git.exe" config --global http.https://github.com/.extraheader "AUTHORIZATION: basic ***"
2025-06-23T20:27:11.8354627Z [command]"C:\Program Files\Git\bin\git.exe" config --global --unset-all url.https://github.com/.insteadOf
2025-06-23T20:27:11.8573204Z [command]"C:\Program Files\Git\bin\git.exe" config --global --add url.https://github.com/.insteadOf git@github.com:
2025-06-23T20:27:11.8798076Z [command]"C:\Program Files\Git\bin\git.exe" config --global --add url.https://github.com/.insteadOf org-58132298@github.com:
2025-06-23T20:27:11.9007478Z ##[endgroup]
2025-06-23T20:27:11.9007820Z ##[group]Fetching submodules
2025-06-23T20:27:11.9016488Z [command]"C:\Program Files\Git\bin\git.exe" submodule sync --recursive
2025-06-23T20:27:12.3065912Z [command]"C:\Program Files\Git\bin\git.exe" -c protocol.version=2 submodule update --init --force --depth=1 --recursive
2025-06-23T20:27:12.6982547Z [command]"C:\Program Files\Git\bin\git.exe" submodule foreach --recursive "git config --local gc.auto 0"
2025-06-23T20:27:13.1033486Z ##[endgroup]
2025-06-23T20:27:13.1034051Z ##[group]Persisting credentials for submodules
2025-06-23T20:27:13.1044958Z [command]"C:\Program Files\Git\bin\git.exe" submodule foreach --recursive "sh -c \"git config --local --name-only --get-regexp 'url\.https\:\/\/github\.com\/\.insteadOf' && git config --local --unset-all 'url.https://github.com/.insteadOf' || :\""
2025-06-23T20:27:13.5420396Z [command]"C:\Program Files\Git\bin\git.exe" submodule foreach --recursive "sh -c \"git config --local 'http.https://github.com/.extraheader' 'AUTHORIZATION: basic ***' && git config --local --show-origin --name-only --get-regexp remote.origin.url\""
2025-06-23T20:27:13.9330095Z [command]"C:\Program Files\Git\bin\git.exe" submodule foreach --recursive "git config --local --add 'url.https://github.com/.insteadOf' 'git@github.com:'"
2025-06-23T20:27:14.4023733Z [command]"C:\Program Files\Git\bin\git.exe" submodule foreach --recursive "git config --local --add 'url.https://github.com/.insteadOf' 'org-58132298@github.com:'"
2025-06-23T20:27:14.8274170Z ##[endgroup]
2025-06-23T20:27:14.8552204Z [command]"C:\Program Files\Git\bin\git.exe" log -1 --format=%H
2025-06-23T20:27:14.8750786Z 450292660e0d518d8e2a7e5646a9563b6c1a194e
2025-06-23T20:27:14.9079749Z ##[group]Run actions/setup-python@v5
2025-06-23T20:27:14.9080054Z with:
2025-06-23T20:27:14.9080212Z   python-version: 3.9
2025-06-23T20:27:14.9080406Z   architecture: x64
2025-06-23T20:27:14.9080575Z   check-latest: false
2025-06-23T20:27:14.9080907Z   token: ***
2025-06-23T20:27:14.9081077Z   update-environment: true
2025-06-23T20:27:14.9081274Z   allow-prereleases: false
2025-06-23T20:27:14.9081474Z   freethreaded: false
2025-06-23T20:27:14.9081644Z env:
2025-06-23T20:27:14.9081785Z   PYVERSION: 3.9
2025-06-23T20:27:14.9081943Z   CI_ARCH_LOWER: x64
2025-06-23T20:27:14.9082104Z   CI_WINDOWS: 1
2025-06-23T20:27:14.9082257Z   CI_ARCH_ENV: x64
2025-06-23T20:27:14.9082421Z   VCPKG_DEFAULT_TRIPLET: x64-windows
2025-06-23T20:27:14.9082947Z   EFFECTIVE_VCPKG_INSTALLED_DIR_BASE: D:\a\synthizer3d\synthizer3d\vcpkg_installed
2025-06-23T20:27:14.9083278Z ##[endgroup]
2025-06-23T20:27:15.1230538Z ##[group]Installed versions
2025-06-23T20:27:15.1505506Z Successfully set up CPython (3.9.13)
2025-06-23T20:27:15.1507113Z ##[endgroup]
2025-06-23T20:27:15.1752640Z ##[group]Run python -m pip install --upgrade pip
2025-06-23T20:27:15.1753043Z [36;1mpython -m pip install --upgrade pip[0m
2025-06-23T20:27:15.1855103Z shell: C:\Program Files\PowerShell\7\pwsh.EXE -command ". '{0}'"
2025-06-23T20:27:15.1855489Z env:
2025-06-23T20:27:15.1855670Z   PYVERSION: 3.9
2025-06-23T20:27:15.1855885Z   CI_ARCH_LOWER: x64
2025-06-23T20:27:15.1856098Z   CI_WINDOWS: 1
2025-06-23T20:27:15.1856293Z   CI_ARCH_ENV: x64
2025-06-23T20:27:15.1856515Z   VCPKG_DEFAULT_TRIPLET: x64-windows
2025-06-23T20:27:15.1856973Z   EFFECTIVE_VCPKG_INSTALLED_DIR_BASE: D:\a\synthizer3d\synthizer3d\vcpkg_installed
2025-06-23T20:27:15.1857540Z   pythonLocation: C:\hostedtoolcache\windows\Python\3.9.13\x64
2025-06-23T20:27:15.1858093Z   PKG_CONFIG_PATH: C:\hostedtoolcache\windows\Python\3.9.13\x64/lib/pkgconfig
2025-06-23T20:27:15.1858610Z   Python_ROOT_DIR: C:\hostedtoolcache\windows\Python\3.9.13\x64
2025-06-23T20:27:15.1859095Z   Python2_ROOT_DIR: C:\hostedtoolcache\windows\Python\3.9.13\x64
2025-06-23T20:27:15.1859554Z   Python3_ROOT_DIR: C:\hostedtoolcache\windows\Python\3.9.13\x64
2025-06-23T20:27:15.1859917Z ##[endgroup]
2025-06-23T20:27:24.0356061Z Requirement already satisfied: pip in c:\hostedtoolcache\windows\python\3.9.13\x64\lib\site-packages (25.1.1)
2025-06-23T20:27:25.0718761Z ##[group]Run python synthizer-c/vendor.py synthizer-vendored
2025-06-23T20:27:25.0719265Z [36;1mpython synthizer-c/vendor.py synthizer-vendored[0m
2025-06-23T20:27:25.0749709Z shell: C:\Program Files\PowerShell\7\pwsh.EXE -command ". '{0}'"
2025-06-23T20:27:25.0750007Z env:
2025-06-23T20:27:25.0750150Z   PYVERSION: 3.9
2025-06-23T20:27:25.0750312Z   CI_ARCH_LOWER: x64
2025-06-23T20:27:25.0750485Z   CI_WINDOWS: 1
2025-06-23T20:27:25.0750632Z   CI_ARCH_ENV: x64
2025-06-23T20:27:25.0750795Z   VCPKG_DEFAULT_TRIPLET: x64-windows
2025-06-23T20:27:25.0751142Z   EFFECTIVE_VCPKG_INSTALLED_DIR_BASE: D:\a\synthizer3d\synthizer3d\vcpkg_installed
2025-06-23T20:27:25.0751558Z   pythonLocation: C:\hostedtoolcache\windows\Python\3.9.13\x64
2025-06-23T20:27:25.0751948Z   PKG_CONFIG_PATH: C:\hostedtoolcache\windows\Python\3.9.13\x64/lib/pkgconfig
2025-06-23T20:27:25.0752331Z   Python_ROOT_DIR: C:\hostedtoolcache\windows\Python\3.9.13\x64
2025-06-23T20:27:25.0752703Z   Python2_ROOT_DIR: C:\hostedtoolcache\windows\Python\3.9.13\x64
2025-06-23T20:27:25.0753044Z   Python3_ROOT_DIR: C:\hostedtoolcache\windows\Python\3.9.13\x64
2025-06-23T20:27:25.0753307Z ##[endgroup]
2025-06-23T20:27:27.1346700Z ##[group]Run actions/cache@v4
2025-06-23T20:27:27.1346974Z with:
2025-06-23T20:27:27.1347149Z   path: ~\AppData\Local\pip\Cache
2025-06-23T20:27:27.1347553Z   key: Windows-pip-3.9-x64-7bb05f23c3f96376e1221853e6931719cecbbb5da9517de533d3a2e015d61e31
2025-06-23T20:27:27.1348046Z   restore-keys: Windows-pip-3.9-x64-

2025-06-23T20:27:27.1348297Z   enableCrossOsArchive: false
2025-06-23T20:27:27.1348503Z   fail-on-cache-miss: false
2025-06-23T20:27:27.1348698Z   lookup-only: false
2025-06-23T20:27:27.1348867Z   save-always: false
2025-06-23T20:27:27.1349026Z env:
2025-06-23T20:27:27.1349156Z   PYVERSION: 3.9
2025-06-23T20:27:27.1349323Z   CI_ARCH_LOWER: x64
2025-06-23T20:27:27.1349476Z   CI_WINDOWS: 1
2025-06-23T20:27:27.1349627Z   CI_ARCH_ENV: x64
2025-06-23T20:27:27.1349795Z   VCPKG_DEFAULT_TRIPLET: x64-windows
2025-06-23T20:27:27.1350145Z   EFFECTIVE_VCPKG_INSTALLED_DIR_BASE: D:\a\synthizer3d\synthizer3d\vcpkg_installed
2025-06-23T20:27:27.1350614Z   pythonLocation: C:\hostedtoolcache\windows\Python\3.9.13\x64
2025-06-23T20:27:27.1351007Z   PKG_CONFIG_PATH: C:\hostedtoolcache\windows\Python\3.9.13\x64/lib/pkgconfig
2025-06-23T20:27:27.1351396Z   Python_ROOT_DIR: C:\hostedtoolcache\windows\Python\3.9.13\x64
2025-06-23T20:27:27.1351914Z   Python2_ROOT_DIR: C:\hostedtoolcache\windows\Python\3.9.13\x64
2025-06-23T20:27:27.1352262Z   Python3_ROOT_DIR: C:\hostedtoolcache\windows\Python\3.9.13\x64
2025-06-23T20:27:27.1352527Z ##[endgroup]
2025-06-23T20:27:27.7209159Z Cache hit for: Windows-pip-3.9-x64-7bb05f23c3f96376e1221853e6931719cecbbb5da9517de533d3a2e015d61e31
2025-06-23T20:27:29.0055128Z Received 33554432 of 40280248 (83.3%), 31.8 MBs/sec
2025-06-23T20:27:29.1049559Z Received 40280248 of 40280248 (100.0%), 34.7 MBs/sec
2025-06-23T20:27:29.1053035Z Cache Size: ~38 MB (40280248 B)
2025-06-23T20:27:29.1085317Z [command]"C:\Program Files\Git\usr\bin\tar.exe" -xf D:/a/_temp/cf0ac91c-725b-4499-aa72-1407487e8e7b/cache.tzst -P -C D:/a/synthizer3d/synthizer3d --force-local --use-compress-program "zstd -d"
2025-06-23T20:27:29.3426268Z Cache restored successfully
2025-06-23T20:27:29.3575438Z Cache restored from key: Windows-pip-3.9-x64-7bb05f23c3f96376e1221853e6931719cecbbb5da9517de533d3a2e015d61e31
2025-06-23T20:27:29.3794305Z ##[group]Run ilammy/msvc-dev-cmd@v1
2025-06-23T20:27:29.3794625Z with:
2025-06-23T20:27:29.3794777Z   arch: x64
2025-06-23T20:27:29.3794925Z env:
2025-06-23T20:27:29.3795062Z   PYVERSION: 3.9
2025-06-23T20:27:29.3795236Z   CI_ARCH_LOWER: x64
2025-06-23T20:27:29.3795407Z   CI_WINDOWS: 1
2025-06-23T20:27:29.3795560Z   CI_ARCH_ENV: x64
2025-06-23T20:27:29.3795741Z   VCPKG_DEFAULT_TRIPLET: x64-windows
2025-06-23T20:27:29.3796104Z   EFFECTIVE_VCPKG_INSTALLED_DIR_BASE: D:\a\synthizer3d\synthizer3d\vcpkg_installed
2025-06-23T20:27:29.3796535Z   pythonLocation: C:\hostedtoolcache\windows\Python\3.9.13\x64
2025-06-23T20:27:29.3796933Z   PKG_CONFIG_PATH: C:\hostedtoolcache\windows\Python\3.9.13\x64/lib/pkgconfig
2025-06-23T20:27:29.3797324Z   Python_ROOT_DIR: C:\hostedtoolcache\windows\Python\3.9.13\x64
2025-06-23T20:27:29.3797676Z   Python2_ROOT_DIR: C:\hostedtoolcache\windows\Python\3.9.13\x64
2025-06-23T20:27:29.3798059Z   Python3_ROOT_DIR: C:\hostedtoolcache\windows\Python\3.9.13\x64
2025-06-23T20:27:29.3798346Z ##[endgroup]
2025-06-23T20:27:29.8946164Z Found with vswhere: C:\Program Files\Microsoft Visual Studio\2022\Enterprise\VC\Auxiliary\Build\vcvarsall.bat
2025-06-23T20:27:32.8516916Z ##[group]Environment variables
2025-06-23T20:27:32.8517357Z Setting CommandPromptType
2025-06-23T20:27:32.8532614Z Setting DevEnvDir
2025-06-23T20:27:32.8536672Z Setting ExtensionSdkDir
2025-06-23T20:27:32.8539320Z Setting EXTERNAL_INCLUDE
2025-06-23T20:27:32.8546763Z Setting Framework40Version
2025-06-23T20:27:32.8549336Z Setting FrameworkDir
2025-06-23T20:27:32.8551765Z Setting FrameworkDir64
2025-06-23T20:27:32.8555683Z Setting FrameworkVersion
2025-06-23T20:27:32.8558510Z Setting FrameworkVersion64
2025-06-23T20:27:32.8562309Z Setting FSHARPINSTALLDIR
2025-06-23T20:27:32.8565963Z Setting HTMLHelpDir
2025-06-23T20:27:32.8568353Z Setting IFCPATH
2025-06-23T20:27:32.8572045Z Setting INCLUDE
2025-06-23T20:27:32.8577167Z Setting is_x64_arch
2025-06-23T20:27:32.8587121Z Setting LIB
2025-06-23T20:27:32.8589954Z Setting LIBPATH
2025-06-23T20:27:32.8592699Z Setting NETFXSDKDir
2025-06-23T20:27:32.8596770Z Setting Path
2025-06-23T20:27:32.8600824Z Setting Platform
2025-06-23T20:27:32.8604117Z Setting UCRTVersion
2025-06-23T20:27:32.8607192Z Setting UniversalCRTSdkDir
2025-06-23T20:27:32.8609459Z Setting VCIDEInstallDir
2025-06-23T20:27:32.8612631Z Setting VCINSTALLDIR
2025-06-23T20:27:32.8614801Z Setting VCPKG_ROOT
2025-06-23T20:27:32.8616864Z Setting VCToolsInstallDir
2025-06-23T20:27:32.8618931Z Setting VCToolsRedistDir
2025-06-23T20:27:32.8620970Z Setting VCToolsVersion
2025-06-23T20:27:32.8623027Z Setting VisualStudioVersion
2025-06-23T20:27:32.8625019Z Setting VS170COMNTOOLS
2025-06-23T20:27:32.8627051Z Setting VSCMD_ARG_app_plat
2025-06-23T20:27:32.8629020Z Setting VSCMD_ARG_HOST_ARCH
2025-06-23T20:27:32.8630826Z Setting VSCMD_ARG_TGT_ARCH
2025-06-23T20:27:32.8632620Z Setting VSCMD_VER
2025-06-23T20:27:32.8634691Z Setting VSINSTALLDIR
2025-06-23T20:27:32.8636683Z Setting VSSDK150INSTALL
2025-06-23T20:27:32.8638531Z Setting VSSDKINSTALL
2025-06-23T20:27:32.8641330Z Setting WindowsLibPath
2025-06-23T20:27:32.8643986Z Setting WindowsSdkBinPath
2025-06-23T20:27:32.8645862Z Setting WindowsSdkDir
2025-06-23T20:27:32.8647710Z Setting WindowsSDKLibVersion
2025-06-23T20:27:32.8649653Z Setting WindowsSdkVerBinPath
2025-06-23T20:27:32.8651463Z Setting WindowsSDKVersion
2025-06-23T20:27:32.8653336Z Setting WindowsSDK_ExecutablePath_x64
2025-06-23T20:27:32.8655174Z Setting WindowsSDK_ExecutablePath_x86
2025-06-23T20:27:32.8656989Z Setting __DOTNET_ADD_64BIT
2025-06-23T20:27:32.8658905Z Setting __DOTNET_PREFERRED_BITNESS
2025-06-23T20:27:32.8660734Z Setting __VSCMD_PREINIT_PATH
2025-06-23T20:27:32.8663618Z ##[endgroup]
2025-06-23T20:27:32.8663881Z Configured Developer Command Prompt
2025-06-23T20:27:32.8860647Z ##[group]Run lukka/run-vcpkg@v11
2025-06-23T20:27:32.8860957Z with:
2025-06-23T20:27:32.8861131Z   vcpkgJsonGlob: vcpkg.json
2025-06-23T20:27:32.8861370Z   runVcpkgInstall: true
2025-06-23T20:27:32.8861601Z   vcpkgDirectory: D:\a\synthizer3d\synthizer3d/vcpkg
2025-06-23T20:27:32.8861932Z   vcpkgGitURL: https://github.com/microsoft/vcpkg.git
2025-06-23T20:27:32.8862209Z   doNotUpdateVcpkg: false
2025-06-23T20:27:32.8862399Z   doNotCache: true
2025-06-23T20:27:32.8862575Z   vcpkgJsonIgnores: ['**/vcpkg/**']
2025-06-23T20:27:32.8862872Z   vcpkgConfigurationJsonGlob: **/vcpkg-configuration.json
2025-06-23T20:27:32.8863512Z   runVcpkgFormatString: [`install`, `--recurse`, `--clean-after-build`, `--x-install-root`, `$[env.VCPKG_INSTALLED_DIR]`, `--triplet`, `$[env.VCPKG_DEFAULT_TRIPLET]`]
2025-06-23T20:27:32.8864069Z   useShell: true
2025-06-23T20:27:32.8864505Z   logCollectionRegExps: \s*"(.+CMakeOutput\.log)"\.\s*;\s*"(.+CMakeError\.log)"\.\s*;\s*(.+out\.log)\s*;\s+(.+err\.log)\s*;\s*(.+vcpkg.+\.log)\s*
2025-06-23T20:27:32.8864948Z env:
2025-06-23T20:27:32.8865088Z   PYVERSION: 3.9
2025-06-23T20:27:32.8865320Z   CI_ARCH_LOWER: x64
2025-06-23T20:27:32.8865521Z   CI_WINDOWS: 1
2025-06-23T20:27:32.8865667Z   CI_ARCH_ENV: x64
2025-06-23T20:27:32.8865843Z   VCPKG_DEFAULT_TRIPLET: x64-windows
2025-06-23T20:27:32.8866193Z   EFFECTIVE_VCPKG_INSTALLED_DIR_BASE: D:\a\synthizer3d\synthizer3d\vcpkg_installed
2025-06-23T20:27:32.8866618Z   pythonLocation: C:\hostedtoolcache\windows\Python\3.9.13\x64
2025-06-23T20:27:32.8867012Z   PKG_CONFIG_PATH: C:\hostedtoolcache\windows\Python\3.9.13\x64/lib/pkgconfig
2025-06-23T20:27:32.8867413Z   Python_ROOT_DIR: C:\hostedtoolcache\windows\Python\3.9.13\x64
2025-06-23T20:27:32.8867779Z   Python2_ROOT_DIR: C:\hostedtoolcache\windows\Python\3.9.13\x64
2025-06-23T20:27:32.8868131Z   Python3_ROOT_DIR: C:\hostedtoolcache\windows\Python\3.9.13\x64
2025-06-23T20:27:32.8868413Z   CommandPromptType: Native
2025-06-23T20:27:32.8868739Z   DevEnvDir: C:\Program Files\Microsoft Visual Studio\2022\Enterprise\Common7\IDE\
2025-06-23T20:27:32.8869203Z   ExtensionSdkDir: C:\Program Files (x86)\Microsoft SDKs\Windows Kits\10\ExtensionSDKs
2025-06-23T20:27:32.8871231Z   EXTERNAL_INCLUDE: C:\Program Files\Microsoft Visual Studio\2022\Enterprise\VC\Tools\MSVC\14.43.34808\include;C:\Program Files\Microsoft Visual Studio\2022\Enterprise\VC\Tools\MSVC\14.43.34808\ATLMFC\include;C:\Program Files\Microsoft Visual Studio\2022\Enterprise\VC\Auxiliary\VS\include;C:\Program Files (x86)\Windows Kits\10\include\10.0.26100.0\ucrt;C:\Program Files (x86)\Windows Kits\10\\include\10.0.26100.0\\um;C:\Program Files (x86)\Windows Kits\10\\include\10.0.26100.0\\shared;C:\Program Files (x86)\Windows Kits\10\\include\10.0.26100.0\\winrt;C:\Program Files (x86)\Windows Kits\10\\include\10.0.26100.0\\cppwinrt;C:\Program Files (x86)\Windows Kits\NETFXSDK\4.8\include\um
2025-06-23T20:27:32.8873126Z   Framework40Version: v4.0
2025-06-23T20:27:32.8873377Z   FrameworkDir: C:\Windows\Microsoft.NET\Framework64\
2025-06-23T20:27:32.8873681Z   FrameworkDir64: C:\Windows\Microsoft.NET\Framework64\
2025-06-23T20:27:32.8873944Z   FrameworkVersion: v4.0.30319
2025-06-23T20:27:32.8874325Z   FrameworkVersion64: v4.0.30319
2025-06-23T20:27:32.8874804Z   FSHARPINSTALLDIR: C:\Program Files\Microsoft Visual Studio\2022\Enterprise\Common7\IDE\CommonExtensions\Microsoft\FSharp\Tools
2025-06-23T20:27:32.8875332Z   HTMLHelpDir: C:\Program Files (x86)\HTML Help Workshop
2025-06-23T20:27:32.8875762Z   IFCPATH: C:\Program Files\Microsoft Visual Studio\2022\Enterprise\VC\Tools\MSVC\14.43.34808\ifc\x64
2025-06-23T20:27:32.8879322Z   INCLUDE: C:\Program Files\Microsoft Visual Studio\2022\Enterprise\VC\Tools\MSVC\14.43.34808\include;C:\Program Files\Microsoft Visual Studio\2022\Enterprise\VC\Tools\MSVC\14.43.34808\ATLMFC\include;C:\Program Files\Microsoft Visual Studio\2022\Enterprise\VC\Auxiliary\VS\include;C:\Program Files (x86)\Windows Kits\10\include\10.0.26100.0\ucrt;C:\Program Files (x86)\Windows Kits\10\\include\10.0.26100.0\\um;C:\Program Files (x86)\Windows Kits\10\\include\10.0.26100.0\\shared;C:\Program Files (x86)\Windows Kits\10\\include\10.0.26100.0\\winrt;C:\Program Files (x86)\Windows Kits\10\\include\10.0.26100.0\\cppwinrt;C:\Program Files (x86)\Windows Kits\NETFXSDK\4.8\include\um
2025-06-23T20:27:32.8881264Z   is_x64_arch: true
2025-06-23T20:27:32.8882327Z   LIB: C:\Program Files\Microsoft Visual Studio\2022\Enterprise\VC\Tools\MSVC\14.43.34808\ATLMFC\lib\x64;C:\Program Files\Microsoft Visual Studio\2022\Enterprise\VC\Tools\MSVC\14.43.34808\lib\x64;C:\Program Files (x86)\Windows Kits\NETFXSDK\4.8\lib\um\x64;C:\Program Files (x86)\Windows Kits\10\lib\10.0.26100.0\ucrt\x64;C:\Program Files (x86)\Windows Kits\10\\lib\10.0.26100.0\\um\x64
2025-06-23T20:27:32.8884626Z   LIBPATH: C:\Program Files\Microsoft Visual Studio\2022\Enterprise\VC\Tools\MSVC\14.43.34808\ATLMFC\lib\x64;C:\Program Files\Microsoft Visual Studio\2022\Enterprise\VC\Tools\MSVC\14.43.34808\lib\x64;C:\Program Files\Microsoft Visual Studio\2022\Enterprise\VC\Tools\MSVC\14.43.34808\lib\x86\store\references;C:\Program Files (x86)\Windows Kits\10\UnionMetadata\10.0.26100.0;C:\Program Files (x86)\Windows Kits\10\References\10.0.26100.0;C:\Windows\Microsoft.NET\Framework64\v4.0.30319
2025-06-23T20:27:32.8886100Z   NETFXSDKDir: C:\Program Files (x86)\Windows Kits\NETFXSDK\4.8\
2025-06-23T20:27:32.8899358Z   Path: C:\Program Files\Microsoft Visual Studio\2022\Enterprise\VC\Tools\MSVC\14.43.34808\bin\HostX64\x64;C:\Program Files\Microsoft Visual Studio\2022\Enterprise\Common7\IDE\VC\VCPackages;C:\Program Files\Microsoft Visual Studio\2022\Enterprise\Common7\IDE\CommonExtensions\Microsoft\TestWindow;C:\Program Files\Microsoft Visual Studio\2022\Enterprise\Common7\IDE\CommonExtensions\Microsoft\TeamFoundation\Team Explorer;C:\Program Files\Microsoft Visual Studio\2022\Enterprise\MSBuild\Current\bin\Roslyn;C:\Program Files (x86)\Microsoft SDKs\Windows\v10.0A\bin\NETFX 4.8 Tools\x64\;C:\Program Files (x86)\HTML Help Workshop;C:\Program Files\Microsoft Visual Studio\2022\Enterprise\Common7\IDE\CommonExtensions\Microsoft\FSharp\Tools;C:\Program Files\Microsoft Visual Studio\2022\Enterprise\Team Tools\DiagnosticsHub\Collector;C:\Program Files\Microsoft Visual Studio\2022\Enterprise\Common7\IDE\Extensions\Microsoft\CodeCoverage.Console;C:\Program Files (x86)\Windows Kits\10\bin\10.0.26100.0\\x64;C:\Program Files (x86)\Windows Kits\10\bin\\x64;C:\Program Files\Microsoft Visual Studio\2022\Enterprise\\MSBuild\Current\Bin\amd64;C:\Windows\Microsoft.NET\Framework64\v4.0.30319;C:\Program Files\Microsoft Visual Studio\2022\Enterprise\Common7\IDE\;C:\Program Files\Microsoft Visual Studio\2022\Enterprise\Common7\Tools\;C:\Users\runneradmin\AppData\Roaming\Python\Python39\Scripts;C:\hostedtoolcache\windows\Python\3.9.13\x64\Scripts;C:\hostedtoolcache\windows\Python\3.9.13\x64;C:\Program Files\MongoDB\Server\5.0\bin;C:\aliyun-cli;C:\vcpkg;C:\Program Files (x86)\NSIS\;C:\tools\zstd;C:\Program Files\Mercurial\;C:\hostedtoolcache\windows\stack\3.5.1\x64;C:\cabal\bin;C:\\ghcup\bin;C:\mingw64\bin;C:\Program Files\dotnet;C:\Program Files\MySQL\MySQL Server 8.0\bin;C:\Program Files\R\R-4.4.2\bin\x64;C:\SeleniumWebDrivers\GeckoDriver;C:\SeleniumWebDrivers\EdgeDriver\;C:\SeleniumWebDrivers\ChromeDriver;C:\Program Files (x86)\sbt\bin;C:\Program Files (x86)\GitHub CLI;C:\Program Files\Git\bin;C:\Program Files (x86)\pipx_bin;C:\npm\prefix;C:\hostedtoolcache\windows\go\1.24.3\x64\bin;C:\hostedtoolcache\windows\Ruby\3.3.8\x64\bin;C:\Program Files\OpenSSL\bin;C:\tools\kotlinc\bin;C:\hostedtoolcache\windows\Java_Temurin-Hotspot_jdk\8.0.452-9\x64\bin;C:\Program Files\ImageMagick-7.1.1-Q16-HDRI;C:\Program Files\Microsoft SDKs\Azure\CLI2\wbin;C:\ProgramData\kind;C:\ProgramData\Chocolatey\bin;C:\Windows\system32;C:\Windows;C:\Windows\System32\Wbem;C:\Windows\System32\WindowsPowerShell\v1.0\;C:\Windows\System32\OpenSSH\;C:\Program Files\dotnet\;C:\Program Files\PowerShell\7\;C:\Program Files\Microsoft\Web Platform Installer\;C:\Program Files\TortoiseSVN\bin;C:\Program Files\Microsoft SQL Server\Client SDK\ODBC\170\Tools\Binn\;C:\Program Files\Microsoft SQL Server\150\Tools\Binn\;C:\Program Files (x86)\Windows Kits\10\Windows Performance Toolkit\;C:\Program Files (x86)\WiX Toolset v3.14\bin;C:\Program Files\Microsoft SQL Server\130\DTS\Binn\;C:\Program Files\Microsoft SQL Server\140\DTS\Binn\;C:\Program Files\Microsoft SQL Server\150\DTS\Binn\;C:\Program Files\Microsoft SQL Server\160\DTS\Binn\;C:\Strawberry\c\bin;C:\Strawberry\perl\site\bin;C:\Strawberry\perl\bin;C:\ProgramData\chocolatey\lib\pulumi\tools\Pulumi\bin;C:\Program Files\CMake\bin;C:\ProgramData\chocolatey\lib\maven\apache-maven-3.9.9\bin;C:\Program Files\Microsoft Service Fabric\bin\Fabric\Fabric.Code;C:\Program Files\Microsoft SDKs\Service Fabric\Tools\ServiceFabricLocalClusterManager;C:\Program Files\nodejs\;C:\Program Files\Git\cmd;C:\Program Files\Git\mingw64\bin;C:\Program Files\Git\usr\bin;C:\Program Files\GitHub CLI\;c:\tools\php;C:\Program Files\Amazon\AWSCLIV2\;C:\Program Files\Amazon\SessionManagerPlugin\bin\;C:\Program Files\Amazon\AWSSAMCLI\bin\;C:\Program Files\Microsoft SQL Server\130\Tools\Binn\;C:\Program Files\LLVM\bin;C:\Users\runneradmin\.dotnet\tools;C:\Users\runneradmin\.cargo\bin;C:\Users\runneradmin\AppData\Local\Microsoft\WindowsApps;C:\Program Files (x86)\Microsoft Visual Studio\Installer;C:\Program Files\Microsoft Visual Studio\2022\Enterprise\VC\Tools\Llvm\x64\bin;C:\Program Files\Microsoft Visual Studio\2022\Enterprise\Common7\IDE\CommonExtensions\Microsoft\CMake\CMake\bin;C:\Program Files\Microsoft Visual Studio\2022\Enterprise\Common7\IDE\CommonExtensions\Microsoft\CMake\Ninja;C:\Program Files\Microsoft Visual Studio\2022\Enterprise\Common7\IDE\VC\Linux\bin\ConnectionManagerExe;C:\Program Files\Microsoft Visual Studio\2022\Enterprise\VC\vcpkg
2025-06-23T20:27:32.8912272Z   Platform: x64
2025-06-23T20:27:32.8912442Z   UCRTVersion: 10.0.26100.0
2025-06-23T20:27:32.8912702Z   UniversalCRTSdkDir: C:\Program Files (x86)\Windows Kits\10\
2025-06-23T20:27:32.8913150Z   VCIDEInstallDir: C:\Program Files\Microsoft Visual Studio\2022\Enterprise\Common7\IDE\VC\
2025-06-23T20:27:32.8913630Z   VCINSTALLDIR: C:\Program Files\Microsoft Visual Studio\2022\Enterprise\VC\
2025-06-23T20:27:32.8914062Z   VCPKG_ROOT: C:\Program Files\Microsoft Visual Studio\2022\Enterprise\VC\vcpkg
2025-06-23T20:27:32.8914565Z   VCToolsInstallDir: C:\Program Files\Microsoft Visual Studio\2022\Enterprise\VC\Tools\MSVC\14.43.34808\
2025-06-23T20:27:32.8915156Z   VCToolsRedistDir: C:\Program Files\Microsoft Visual Studio\2022\Enterprise\VC\Redist\MSVC\14.42.34433\
2025-06-23T20:27:32.8915564Z   VCToolsVersion: 14.43.34808
2025-06-23T20:27:32.8915764Z   VisualStudioVersion: 17.0
2025-06-23T20:27:32.8916095Z   VS170COMNTOOLS: C:\Program Files\Microsoft Visual Studio\2022\Enterprise\Common7\Tools\
2025-06-23T20:27:32.8916463Z   VSCMD_ARG_app_plat: Desktop
2025-06-23T20:27:32.8916658Z   VSCMD_ARG_HOST_ARCH: x64
2025-06-23T20:27:32.8916845Z   VSCMD_ARG_TGT_ARCH: x64
2025-06-23T20:27:32.8917029Z   VSCMD_VER: 17.13.2
2025-06-23T20:27:32.8917301Z   VSINSTALLDIR: C:\Program Files\Microsoft Visual Studio\2022\Enterprise\
2025-06-23T20:27:32.8917730Z   VSSDK150INSTALL: C:\Program Files\Microsoft Visual Studio\2022\Enterprise\VSSDK
2025-06-23T20:27:32.8918258Z   VSSDKINSTALL: C:\Program Files\Microsoft Visual Studio\2022\Enterprise\VSSDK
2025-06-23T20:27:32.8918865Z   WindowsLibPath: C:\Program Files (x86)\Windows Kits\10\UnionMetadata\10.0.26100.0;C:\Program Files (x86)\Windows Kits\10\References\10.0.26100.0
2025-06-23T20:27:32.8919434Z   WindowsSdkBinPath: C:\Program Files (x86)\Windows Kits\10\bin\
2025-06-23T20:27:32.8919772Z   WindowsSdkDir: C:\Program Files (x86)\Windows Kits\10\
2025-06-23T20:27:32.8920047Z   WindowsSDKLibVersion: 10.0.26100.0\
2025-06-23T20:27:32.8920401Z   WindowsSdkVerBinPath: C:\Program Files (x86)\Windows Kits\10\bin\10.0.26100.0\
2025-06-23T20:27:32.8920741Z   WindowsSDKVersion: 10.0.26100.0\
2025-06-23T20:27:32.8921210Z   WindowsSDK_ExecutablePath_x64: C:\Program Files (x86)\Microsoft SDKs\Windows\v10.0A\bin\NETFX 4.8 Tools\x64\
2025-06-23T20:27:32.8921811Z   WindowsSDK_ExecutablePath_x86: C:\Program Files (x86)\Microsoft SDKs\Windows\v10.0A\bin\NETFX 4.8 Tools\
2025-06-23T20:27:32.8922210Z   __DOTNET_ADD_64BIT: 1
2025-06-23T20:27:32.8922395Z   __DOTNET_PREFERRED_BITNESS: 64
2025-06-23T20:27:32.8930347Z   __VSCMD_PREINIT_PATH: C:\Users\runneradmin\AppData\Roaming\Python\Python39\Scripts;C:\hostedtoolcache\windows\Python\3.9.13\x64\Scripts;C:\hostedtoolcache\windows\Python\3.9.13\x64;C:\Program Files\MongoDB\Server\5.0\bin;C:\aliyun-cli;C:\vcpkg;C:\Program Files (x86)\NSIS\;C:\tools\zstd;C:\Program Files\Mercurial\;C:\hostedtoolcache\windows\stack\3.5.1\x64;C:\cabal\bin;C:\\ghcup\bin;C:\mingw64\bin;C:\Program Files\dotnet;C:\Program Files\MySQL\MySQL Server 8.0\bin;C:\Program Files\R\R-4.4.2\bin\x64;C:\SeleniumWebDrivers\GeckoDriver;C:\SeleniumWebDrivers\EdgeDriver\;C:\SeleniumWebDrivers\ChromeDriver;C:\Program Files (x86)\sbt\bin;C:\Program Files (x86)\GitHub CLI;C:\Program Files\Git\bin;C:\Program Files (x86)\pipx_bin;C:\npm\prefix;C:\hostedtoolcache\windows\go\1.24.3\x64\bin;C:\hostedtoolcache\windows\Python\3.9.13\x64\Scripts;C:\hostedtoolcache\windows\Python\3.9.13\x64;C:\hostedtoolcache\windows\Ruby\3.3.8\x64\bin;C:\Program Files\OpenSSL\bin;C:\tools\kotlinc\bin;C:\hostedtoolcache\windows\Java_Temurin-Hotspot_jdk\8.0.452-9\x64\bin;C:\Program Files\ImageMagick-7.1.1-Q16-HDRI;C:\Program Files\Microsoft SDKs\Azure\CLI2\wbin;C:\ProgramData\kind;C:\ProgramData\Chocolatey\bin;C:\Windows\system32;C:\Windows;C:\Windows\System32\Wbem;C:\Windows\System32\WindowsPowerShell\v1.0\;C:\Windows\System32\OpenSSH\;C:\Program Files\dotnet\;C:\Program Files\PowerShell\7\;C:\Program Files\Microsoft\Web Platform Installer\;C:\Program Files\TortoiseSVN\bin;C:\Program Files\Microsoft SQL Server\Client SDK\ODBC\170\Tools\Binn\;C:\Program Files\Microsoft SQL Server\150\Tools\Binn\;C:\Program Files (x86)\Windows Kits\10\Windows Performance Toolkit\;C:\Program Files (x86)\WiX Toolset v3.14\bin;C:\Program Files\Microsoft SQL Server\130\DTS\Binn\;C:\Program Files\Microsoft SQL Server\140\DTS\Binn\;C:\Program Files\Microsoft SQL Server\150\DTS\Binn\;C:\Program Files\Microsoft SQL Server\160\DTS\Binn\;C:\Strawberry\c\bin;C:\Strawberry\perl\site\bin;C:\Strawberry\perl\bin;C:\ProgramData\chocolatey\lib\pulumi\tools\Pulumi\bin;C:\Program Files\CMake\bin;C:\ProgramData\chocolatey\lib\maven\apache-maven-3.9.9\bin;C:\Program Files\Microsoft Service Fabric\bin\Fabric\Fabric.Code;C:\Program Files\Microsoft SDKs\Service Fabric\Tools\ServiceFabricLocalClusterManager;C:\Program Files\nodejs\;C:\Program Files\Git\cmd;C:\Program Files\Git\mingw64\bin;C:\Program Files\Git\usr\bin;C:\Program Files\GitHub CLI\;c:\tools\php;C:\Program Files (x86)\sbt\bin;C:\Program Files\Amazon\AWSCLIV2\;C:\Program Files\Amazon\SessionManagerPlugin\bin\;C:\Program Files\Amazon\AWSSAMCLI\bin\;C:\Program Files\Microsoft SQL Server\130\Tools\Binn\;C:\Program Files\LLVM\bin;C:\Users\runneradmin\.dotnet\tools;C:\Users\runneradmin\.cargo\bin;C:\Users\runneradmin\AppData\Local\Microsoft\WindowsApps;C:\Program Files (x86)\Microsoft Visual Studio\Installer
2025-06-23T20:27:32.8938371Z ##[endgroup]
2025-06-23T20:27:33.1308048Z ##[group]Prepare output directories
2025-06-23T20:27:33.1310309Z The vpckg root directory: 'D:\a\synthizer3d\synthizer3d\vcpkg'
2025-06-23T20:27:33.1344369Z ##[endgroup]
2025-06-23T20:27:33.1344817Z ‚è± elapsed: 0.004 seconds
2025-06-23T20:27:33.2630148Z Running command '"C:\Program Files\Git\bin\git.exe"' with args '^"submodule^",^"status^",^"D:\a\synthizer3d\synthizer3d\vcpkg^"' in current directory 'D:\a\synthizer3d\synthizer3d'.
2025-06-23T20:27:33.6946408Z error: pathspec 'D:\a\synthizer3d\synthizer3d\vcpkg' did not match any file(s) known to git
2025-06-23T20:27:33.7036812Z ##[group]Searching for vcpkg.json with glob expression 'vcpkg.json'
2025-06-23T20:27:33.7113430Z Found vcpkg.json at 'vcpkg.json'.
2025-06-23T20:27:33.7116015Z ##[endgroup]
2025-06-23T20:27:33.7116585Z ‚è± elapsed: 0.008 seconds
2025-06-23T20:27:33.7118259Z ##[group]The vcpkgCommitId is not provided, searching for a vcpkg-configuration.json using **/vcpkg-configuration.json
2025-06-23T20:27:33.7122322Z Searching for 'vcpkg-configuration.json' using: '**/vcpkg-configuration.json'
2025-06-23T20:27:33.7583441Z The file 'vcpkg-configuration.json' was not found with glob expression '**/vcpkg-configuration.json'.
2025-06-23T20:27:33.7584331Z A vcpkg-configuration.json is not found.
2025-06-23T20:27:33.7607299Z ##[endgroup]
2025-06-23T20:27:33.7607797Z ‚è± elapsed: 0.049 seconds
2025-06-23T20:27:33.7608586Z Found baseline '8f63c9ed5897d7367a92a442a79f91721e0fd38f', this is the Git commit id going to be used to fetch vcpkg from the repository
2025-06-23T20:27:33.7628178Z ##[group]Setup to run on GitHub Action runners
2025-06-23T20:27:33.7628972Z Set the workflow environment variable 'VCPKG_BINARY_SOURCES' to value 'clear;x-gha,readwrite'
2025-06-23T20:27:33.7630329Z Set the workflow environment variable 'ACTIONS_CACHE_URL' to value 'https://acghubeus2.actions.githubusercontent.com/bwbzopuV3oKlbowlUKWdOnf6KF0vjv7EYqCB3ZHqukKhTVgy74/'
2025-06-23T20:27:33.7672202Z Set the workflow environment variable 'ACTIONS_RUNTIME_TOKEN' to value '***'
2025-06-23T20:27:33.7672915Z ##[endgroup]
2025-06-23T20:27:33.7673284Z ‚è± elapsed: 0.002 seconds
2025-06-23T20:27:33.7673744Z ##[group]Retrieving the vcpkg Git commit id at: 'D:\a\synthizer3d\synthizer3d\vcpkg'
2025-06-23T20:27:33.8851261Z Fetching the Git commit id at 'D:\a\synthizer3d\synthizer3d\vcpkg' ...
2025-06-23T20:27:33.8856815Z Running command '"C:\Program Files\Git\bin\git.exe"' with args '^"rev-parse^",^"HEAD^"' in current directory 'D:\a\synthizer3d\synthizer3d\vcpkg'.
2025-06-23T20:27:33.9457491Z 450292660e0d518d8e2a7e5646a9563b6c1a194e
2025-06-23T20:27:33.9501157Z ##[endgroup]
2025-06-23T20:27:33.9501731Z ‚è± elapsed: 0.186 seconds
2025-06-23T20:27:33.9502148Z ##[group]Check whether vcpkg repository is up to date
2025-06-23T20:27:33.9504069Z Checking whether vcpkg's repository is updated to commit id '450292660e0d518d8e2a7e5646a9563b6c1a194e' ...
2025-06-23T20:27:33.9507304Z Current commit id of vcpkg: '450292660e0d518d8e2a7e5646a9563b6c1a194e'.
2025-06-23T20:27:33.9507745Z Is vcpkg repository updated? No
2025-06-23T20:27:33.9508149Z ##[endgroup]
2025-06-23T20:27:33.9508498Z ‚è± elapsed: 0.001 seconds
2025-06-23T20:27:33.9508960Z ##[group]Download vcpkg source code repository
2025-06-23T20:27:33.9511426Z Cloning vcpkg in 'D:\a\synthizer3d\synthizer3d\vcpkg'...
2025-06-23T20:27:34.0518793Z Running command '"C:\Program Files\Git\bin\git.exe"' with args '^"clone^",^"https://github.com/microsoft/vcpkg.git^",^"-n^",^".^"' in current directory 'D:\a\synthizer3d\synthizer3d\vcpkg'.
2025-06-23T20:27:34.0898783Z Cloning into '.'...
2025-06-23T20:27:45.2401750Z Running command '"C:\Program Files\Git\bin\git.exe"' with args '^"checkout^",^"--force^",^"8f63c9ed5897d7367a92a442a79f91721e0fd38f^"' in current directory 'D:\a\synthizer3d\synthizer3d\vcpkg'.
2025-06-23T20:27:47.3283742Z Note: switching to '8f63c9ed5897d7367a92a442a79f91721e0fd38f'.
2025-06-23T20:27:47.3284204Z 
2025-06-23T20:27:47.3284651Z You are in 'detached HEAD' state. You can look around, make experimental
2025-06-23T20:27:47.3285458Z changes and commit them, and you can discard any commits you make in this
2025-06-23T20:27:47.3286584Z state without impacting any branches by switching back to a branch.
2025-06-23T20:27:47.3287004Z 
2025-06-23T20:27:47.3287377Z If you want to create a new branch to retain commits you create, you may
2025-06-23T20:27:47.3288121Z do so (now or later) by using -c with the switch command. Example:
2025-06-23T20:27:47.3288511Z 
2025-06-23T20:27:47.3288726Z   git switch -c <new-branch-name>
2025-06-23T20:27:47.3288985Z 
2025-06-23T20:27:47.3289169Z Or undo this operation with:
2025-06-23T20:27:47.3289363Z 
2025-06-23T20:27:47.3289472Z   git switch -
2025-06-23T20:27:47.3289622Z 
2025-06-23T20:27:47.3290065Z Turn off this advice by setting config variable advice.detachedHead to false
2025-06-23T20:27:47.3290540Z 
2025-06-23T20:27:47.3292178Z HEAD is now at 8f63c9ed58 [tree-sitter-c] update to 0.24.1 (#45715)
2025-06-23T20:27:47.3347636Z Clone vcpkg in 'D:\a\synthizer3d\synthizer3d\vcpkg'.
2025-06-23T20:27:47.3348580Z ##[endgroup]
2025-06-23T20:27:47.3349233Z ‚è± elapsed: 13.384 seconds
2025-06-23T20:27:47.3349623Z ##[group]Build vcpkg executable
2025-06-23T20:27:47.4543002Z Running command '"C:\Windows\system32\cmd.exe"' with args '^"/c^",^"D:\a\synthizer3d\synthizer3d\vcpkg\bootstrap-vcpkg.bat^"' in current directory 'D:\a\synthizer3d\synthizer3d\vcpkg'.
2025-06-23T20:27:48.8165280Z Downloading https://github.com/microsoft/vcpkg-tool/releases/download/2025-05-19/vcpkg.exe -> D:\a\synthizer3d\synthizer3d\vcpkg\vcpkg.exe... done.
2025-06-23T20:27:48.9294498Z Validating signature... done.
2025-06-23T20:27:48.9392576Z 
2025-06-23T20:27:48.9573610Z vcpkg package management program version 2025-05-19-ece4c0f6b8fae9e94513d544c7aa753dd2c82337
2025-06-23T20:27:48.9574283Z 
2025-06-23T20:27:48.9574599Z See LICENSE.txt for license information.
2025-06-23T20:27:48.9597381Z Telemetry
2025-06-23T20:27:48.9597671Z ---------
2025-06-23T20:27:48.9598367Z vcpkg collects usage data in order to help us improve your experience.
2025-06-23T20:27:48.9599505Z The data collected by Microsoft is anonymous.
2025-06-23T20:27:48.9600507Z You can opt-out of telemetry by re-running the bootstrap-vcpkg script with -disableMetrics,
2025-06-23T20:27:48.9601416Z passing --disable-metrics to vcpkg on the command line,
2025-06-23T20:27:48.9602218Z or by setting the VCPKG_DISABLE_METRICS environment variable.
2025-06-23T20:27:48.9602630Z 
2025-06-23T20:27:48.9603772Z Read more about vcpkg telemetry at docs/about/privacy.md
2025-06-23T20:27:49.0948053Z Fetching the Git commit id at 'D:\a\synthizer3d\synthizer3d\vcpkg' ...
2025-06-23T20:27:49.0949840Z Running command '"C:\Program Files\Git\bin\git.exe"' with args '^"rev-parse^",^"HEAD^"' in current directory 'D:\a\synthizer3d\synthizer3d\vcpkg'.
2025-06-23T20:27:49.1227639Z 8f63c9ed5897d7367a92a442a79f91721e0fd38f
2025-06-23T20:27:49.1270460Z Stored last built vcpkg commit id '8f63c9ed5897d7367a92a442a79f91721e0fd38f' in file 'D:\a\synthizer3d\synthizer3d\vcpkg\vcpkgLastBuiltCommitId'.
2025-06-23T20:27:49.1271388Z ##[endgroup]
2025-06-23T20:27:49.1271858Z ‚è± elapsed: 1.792 seconds
2025-06-23T20:27:49.1272275Z ##[group]Add to PATH vcpkg at 'D:\a\synthizer3d\synthizer3d\vcpkg'
2025-06-23T20:27:49.1274942Z ##[endgroup]
2025-06-23T20:27:49.1276072Z ‚è± elapsed: 0.000 seconds
2025-06-23T20:27:49.1277477Z ##[group]Install/Update ports using vcpkg.json
2025-06-23T20:27:49.1281005Z Running 'vcpkg install,--recurse,--clean-after-build,--x-install-root,D:/a/synthizer3d/synthizer3d/969f6665-88a2-4c98-938e-ca9259871fec/vcpkg_installed,--triplet,x64-windows' in directory 'D:\a\synthizer3d\synthizer3d' ...
2025-06-23T20:27:49.1284370Z Running command '"D:\a\synthizer3d\synthizer3d\vcpkg\vcpkg.exe"' with args '^"install^",^"--recurse^",^"--clean-after-build^",^"--x-install-root^",^"D:/a/synthizer3d/synthizer3d/969f6665-88a2-4c98-938e-ca9259871fec/vcpkg_installed^",^"--triplet^",^"x64-windows^"' in current directory 'D:\a\synthizer3d\synthizer3d'.
2025-06-23T20:27:49.1460253Z warning: The vcpkg D:\a\synthizer3d\synthizer3d\vcpkg\vcpkg.exe is using detected vcpkg root D:\a\synthizer3d\synthizer3d\vcpkg and ignoring mismatched VCPKG_ROOT environment value C:\Program Files\Microsoft Visual Studio\2022\Enterprise\VC\vcpkg. To suppress this message, unset the environment variable or use the --vcpkg-root command line switch.
2025-06-23T20:27:50.4569659Z Detecting compiler hash for triplet x64-windows...
2025-06-23T20:27:57.6842746Z Compiler found: C:/Program Files/Microsoft Visual Studio/2022/Enterprise/VC/Tools/MSVC/14.43.34808/bin/Hostx64/x64/cl.exe
2025-06-23T20:27:57.6975431Z The following packages will be built and installed:
2025-06-23T20:27:57.6976052Z   * atl:x64-windows@0
2025-06-23T20:27:57.6976463Z   * atlmfc:x64-windows@0#3
2025-06-23T20:27:57.6976885Z     libogg:x64-windows@1.3.5#2
2025-06-23T20:27:57.6977614Z     libvorbis:x64-windows@1.3.7#4
2025-06-23T20:27:57.6978114Z     opus:x64-windows@1.5.2
2025-06-23T20:27:57.6978514Z     opusfile:x64-windows@0.12+20221121#1
2025-06-23T20:27:57.6978815Z     soundtouch:x64-windows@2.3.3
2025-06-23T20:27:57.6979091Z   * vcpkg-cmake:x64-windows@2024-04-23
2025-06-23T20:27:57.6979405Z   * vcpkg-cmake-config:x64-windows@2024-05-23
2025-06-23T20:27:57.6979833Z Additional packages (*) will be modified to complete this operation.
2025-06-23T20:27:57.6995646Z %VCPKG_BINARY_SOURCES%: warning: The 'x-gha' binary caching backend has been removed. Consider using a NuGet-based binary caching provider instead, see extended documentation at https://learn.microsoft.com/vcpkg/users/binarycaching?WT.mc_id=vcpkg_inproduct_cli.
2025-06-23T20:27:57.6996684Z   on expression: clear;x-gha,readwrite
2025-06-23T20:27:57.6996982Z                                       ^
2025-06-23T20:27:57.6997355Z Installing 1/9 vcpkg-cmake-config:x64-windows@2024-05-23...
2025-06-23T20:27:57.6997780Z Building vcpkg-cmake-config:x64-windows@2024-05-23...
2025-06-23T20:27:57.7271507Z -- Installing: D:/a/synthizer3d/synthizer3d/vcpkg/packages/vcpkg-cmake-config_x64-windows/share/vcpkg-cmake-config/vcpkg_cmake_config_fixup.cmake
2025-06-23T20:27:57.7286627Z -- Installing: D:/a/synthizer3d/synthizer3d/vcpkg/packages/vcpkg-cmake-config_x64-windows/share/vcpkg-cmake-config/vcpkg-port-config.cmake
2025-06-23T20:27:57.7288440Z -- Installing: D:/a/synthizer3d/synthizer3d/vcpkg/packages/vcpkg-cmake-config_x64-windows/share/vcpkg-cmake-config/copyright
2025-06-23T20:27:57.7327116Z -- Skipping post-build validation due to VCPKG_POLICY_EMPTY_PACKAGE
2025-06-23T20:27:57.7362471Z Elapsed time to handle vcpkg-cmake-config:x64-windows: 38.9 ms
2025-06-23T20:27:57.7363858Z vcpkg-cmake-config:x64-windows package ABI: 842797583f0500a3cabbedf03fb083636fe11e4fd3fd19d9a475485e484445fb
2025-06-23T20:27:57.7369690Z Installing 2/9 vcpkg-cmake:x64-windows@2024-04-23...
2025-06-23T20:27:57.7370384Z Building vcpkg-cmake:x64-windows@2024-04-23...
2025-06-23T20:27:57.7650897Z -- Installing: D:/a/synthizer3d/synthizer3d/vcpkg/packages/vcpkg-cmake_x64-windows/share/vcpkg-cmake/vcpkg_cmake_configure.cmake
2025-06-23T20:27:57.7659431Z -- Installing: D:/a/synthizer3d/synthizer3d/vcpkg/packages/vcpkg-cmake_x64-windows/share/vcpkg-cmake/vcpkg_cmake_build.cmake
2025-06-23T20:27:57.7661204Z -- Installing: D:/a/synthizer3d/synthizer3d/vcpkg/packages/vcpkg-cmake_x64-windows/share/vcpkg-cmake/vcpkg_cmake_install.cmake
2025-06-23T20:27:57.7669706Z -- Installing: D:/a/synthizer3d/synthizer3d/vcpkg/packages/vcpkg-cmake_x64-windows/share/vcpkg-cmake/vcpkg-port-config.cmake
2025-06-23T20:27:57.7679115Z -- Installing: D:/a/synthizer3d/synthizer3d/vcpkg/packages/vcpkg-cmake_x64-windows/share/vcpkg-cmake/copyright
2025-06-23T20:27:57.7712859Z -- Performing post-build validation
2025-06-23T20:27:57.7758043Z Elapsed time to handle vcpkg-cmake:x64-windows: 39.7 ms
2025-06-23T20:27:57.7759153Z vcpkg-cmake:x64-windows package ABI: a500b93f9e0b831ca946128005613d551eeb943040c8f073dc3184f7e15c9834
2025-06-23T20:27:57.7763240Z Installing 3/9 libogg:x64-windows@1.3.5#2...
2025-06-23T20:27:57.7763722Z Building libogg:x64-windows@1.3.5#2...
2025-06-23T20:27:57.8147207Z Downloading https://gitlab.xiph.org/xiph/ogg/-/archive/v1.3.5/ogg-v1.3.5.tar.gz -> xiph-ogg-v1.3.5.tar.gz
2025-06-23T20:27:58.1963091Z Successfully downloaded xiph-ogg-v1.3.5.tar.gz
2025-06-23T20:27:58.2000047Z -- Extracting source D:/a/synthizer3d/synthizer3d/vcpkg/downloads/xiph-ogg-v1.3.5.tar.gz
2025-06-23T20:27:58.4108482Z -- Using source at D:/a/synthizer3d/synthizer3d/vcpkg/buildtrees/libogg/src/v1.3.5-1a4243fef9.clean
2025-06-23T20:27:58.4223136Z -- Found external ninja('1.12.1').
2025-06-23T20:27:58.4259598Z -- Configuring x64-windows
2025-06-23T20:28:05.6292559Z -- Building x64-windows-dbg
2025-06-23T20:28:06.0318361Z -- Building x64-windows-rel
2025-06-23T20:28:06.6066341Z -- Fixing pkgconfig file: D:/a/synthizer3d/synthizer3d/vcpkg/packages/libogg_x64-windows/lib/pkgconfig/ogg.pc
2025-06-23T20:28:06.6273838Z Downloading msys2-mingw-w64-x86_64-pkgconf-1~2.3.0-1-any.pkg.tar.zst, trying https://mirror.msys2.org/mingw/mingw64/mingw-w64-x86_64-pkgconf-1~2.3.0-1-any.pkg.tar.zst
2025-06-23T20:28:07.4452314Z Successfully downloaded msys2-mingw-w64-x86_64-pkgconf-1~2.3.0-1-any.pkg.tar.zst
2025-06-23T20:28:07.4573083Z Downloading msys2-msys2-runtime-3.5.4-2-x86_64.pkg.tar.zst, trying https://mirror.msys2.org/msys/x86_64/msys2-runtime-3.5.4-2-x86_64.pkg.tar.zst
2025-06-23T20:28:08.6857373Z Successfully downloaded msys2-msys2-runtime-3.5.4-2-x86_64.pkg.tar.zst
2025-06-23T20:28:08.7475830Z -- Using msys root at D:/a/synthizer3d/synthizer3d/vcpkg/downloads/tools/msys2/21caed2f81ec917b
2025-06-23T20:28:08.7567759Z -- Fixing pkgconfig file: D:/a/synthizer3d/synthizer3d/vcpkg/packages/libogg_x64-windows/debug/lib/pkgconfig/ogg.pc
2025-06-23T20:28:08.7636004Z -- Installing: D:/a/synthizer3d/synthizer3d/vcpkg/packages/libogg_x64-windows/share/libogg/copyright
2025-06-23T20:28:08.7693859Z -- Performing post-build validation
2025-06-23T20:28:08.7897563Z Elapsed time to handle libogg:x64-windows: 11 s
2025-06-23T20:28:08.7898631Z libogg:x64-windows package ABI: a0557943a3eb3893da4fede0807e4138b3f8e9736e60b3498faf762055851b8f
2025-06-23T20:28:08.7902774Z Installing 4/9 libvorbis:x64-windows@1.3.7#4...
2025-06-23T20:28:08.7903248Z Building libvorbis:x64-windows@1.3.7#4...
2025-06-23T20:28:08.8285979Z Downloading https://github.com/xiph/vorbis/archive/v1.3.7.tar.gz -> xiph-vorbis-v1.3.7.tar.gz
2025-06-23T20:28:09.3397143Z Successfully downloaded xiph-vorbis-v1.3.7.tar.gz
2025-06-23T20:28:09.3473396Z -- Extracting source D:/a/synthizer3d/synthizer3d/vcpkg/downloads/xiph-vorbis-v1.3.7.tar.gz
2025-06-23T20:28:09.5318722Z -- Applying patch 0001-Dont-export-vorbisenc-functions.patch
2025-06-23T20:28:09.5522116Z -- Applying patch 0002-Fixup-pkgconfig-libs.patch
2025-06-23T20:28:09.5717174Z -- Applying patch 0003-def-mingw-compat.patch
2025-06-23T20:28:09.5917147Z -- Applying patch 0004-ogg-find-dependency.patch
2025-06-23T20:28:09.6115979Z -- Using source at D:/a/synthizer3d/synthizer3d/vcpkg/buildtrees/libvorbis/src/v1.3.7-c32164610e.clean
2025-06-23T20:28:09.6221378Z -- Found external ninja('1.12.1').
2025-06-23T20:28:09.6255793Z -- Configuring x64-windows
2025-06-23T20:28:11.2319639Z -- Building x64-windows-dbg
2025-06-23T20:28:12.5234350Z -- Building x64-windows-rel
2025-06-23T20:28:14.9736736Z -- Fixing pkgconfig file: D:/a/synthizer3d/synthizer3d/vcpkg/packages/libvorbis_x64-windows/lib/pkgconfig/vorbis.pc
2025-06-23T20:28:14.9750806Z -- Fixing pkgconfig file: D:/a/synthizer3d/synthizer3d/vcpkg/packages/libvorbis_x64-windows/lib/pkgconfig/vorbisenc.pc
2025-06-23T20:28:14.9751798Z -- Fixing pkgconfig file: D:/a/synthizer3d/synthizer3d/vcpkg/packages/libvorbis_x64-windows/lib/pkgconfig/vorbisfile.pc
2025-06-23T20:28:14.9936777Z Downloading msys2-mingw-w64-x86_64-pkgconf-1~2.3.0-1-any.pkg.tar.zst, trying https://mirror.msys2.org/mingw/mingw64/mingw-w64-x86_64-pkgconf-1~2.3.0-1-any.pkg.tar.zst
2025-06-23T20:28:15.7817414Z Successfully downloaded msys2-mingw-w64-x86_64-pkgconf-1~2.3.0-1-any.pkg.tar.zst
2025-06-23T20:28:15.7943605Z Downloading msys2-msys2-runtime-3.5.4-2-x86_64.pkg.tar.zst, trying https://mirror.msys2.org/msys/x86_64/msys2-runtime-3.5.4-2-x86_64.pkg.tar.zst
2025-06-23T20:28:16.7973587Z Successfully downloaded msys2-msys2-runtime-3.5.4-2-x86_64.pkg.tar.zst
2025-06-23T20:28:16.8006731Z -- Using msys root at D:/a/synthizer3d/synthizer3d/vcpkg/downloads/tools/msys2/21caed2f81ec917b
2025-06-23T20:28:16.8207717Z -- Fixing pkgconfig file: D:/a/synthizer3d/synthizer3d/vcpkg/packages/libvorbis_x64-windows/debug/lib/pkgconfig/vorbis.pc
2025-06-23T20:28:16.8212844Z -- Fixing pkgconfig file: D:/a/synthizer3d/synthizer3d/vcpkg/packages/libvorbis_x64-windows/debug/lib/pkgconfig/vorbisenc.pc
2025-06-23T20:28:16.8221386Z -- Fixing pkgconfig file: D:/a/synthizer3d/synthizer3d/vcpkg/packages/libvorbis_x64-windows/debug/lib/pkgconfig/vorbisfile.pc
2025-06-23T20:28:16.9478928Z -- Installing: D:/a/synthizer3d/synthizer3d/vcpkg/packages/libvorbis_x64-windows/share/libvorbis/usage
2025-06-23T20:28:16.9484725Z -- Installing: D:/a/synthizer3d/synthizer3d/vcpkg/packages/libvorbis_x64-windows/share/libvorbis/copyright
2025-06-23T20:28:16.9537657Z -- Performing post-build validation
2025-06-23T20:28:16.9943087Z Elapsed time to handle libvorbis:x64-windows: 8.2 s
2025-06-23T20:28:16.9944040Z libvorbis:x64-windows package ABI: d90efec2c9090f56a4508a9a4435f94eb42aca93d2a98ecfbdc3a996d623c61c
2025-06-23T20:28:16.9944745Z Installing 5/9 opus:x64-windows@1.5.2...
2025-06-23T20:28:16.9945132Z Building opus:x64-windows@1.5.2...
2025-06-23T20:28:17.0344755Z Downloading https://github.com/xiph/opus/archive/v1.5.2.tar.gz -> xiph-opus-v1.5.2.tar.gz
2025-06-23T20:28:17.5367245Z Successfully downloaded xiph-opus-v1.5.2.tar.gz
2025-06-23T20:28:17.5540453Z -- Extracting source D:/a/synthizer3d/synthizer3d/vcpkg/downloads/xiph-opus-v1.5.2.tar.gz
2025-06-23T20:28:17.8023067Z -- Applying patch fix-pkgconfig-version.patch
2025-06-23T20:28:17.8241433Z -- Using source at D:/a/synthizer3d/synthizer3d/vcpkg/buildtrees/opus/src/v1.5.2-81ed242155.clean
2025-06-23T20:28:17.8362908Z -- Found external ninja('1.12.1').
2025-06-23T20:28:17.8396728Z -- Configuring x64-windows
2025-06-23T20:28:22.7091395Z -- Building x64-windows-dbg
2025-06-23T20:28:27.8292841Z -- Building x64-windows-rel
2025-06-23T20:28:35.8088400Z -- Fixing pkgconfig file: D:/a/synthizer3d/synthizer3d/vcpkg/packages/opus_x64-windows/lib/pkgconfig/opus.pc
2025-06-23T20:28:35.8278139Z Downloading msys2-mingw-w64-x86_64-pkgconf-1~2.3.0-1-any.pkg.tar.zst, trying https://mirror.msys2.org/mingw/mingw64/mingw-w64-x86_64-pkgconf-1~2.3.0-1-any.pkg.tar.zst
2025-06-23T20:28:36.6121244Z Successfully downloaded msys2-mingw-w64-x86_64-pkgconf-1~2.3.0-1-any.pkg.tar.zst
2025-06-23T20:28:36.6242134Z Downloading msys2-msys2-runtime-3.5.4-2-x86_64.pkg.tar.zst, trying https://mirror.msys2.org/msys/x86_64/msys2-runtime-3.5.4-2-x86_64.pkg.tar.zst
2025-06-23T20:28:37.8532005Z Successfully downloaded msys2-msys2-runtime-3.5.4-2-x86_64.pkg.tar.zst
2025-06-23T20:28:37.8557551Z -- Using msys root at D:/a/synthizer3d/synthizer3d/vcpkg/downloads/tools/msys2/21caed2f81ec917b
2025-06-23T20:28:37.8626871Z -- Fixing pkgconfig file: D:/a/synthizer3d/synthizer3d/vcpkg/packages/opus_x64-windows/debug/lib/pkgconfig/opus.pc
2025-06-23T20:28:37.8697199Z -- Installing: D:/a/synthizer3d/synthizer3d/vcpkg/packages/opus_x64-windows/share/opus/copyright
2025-06-23T20:28:37.8761247Z -- Performing post-build validation
2025-06-23T20:28:37.9366395Z Elapsed time to handle opus:x64-windows: 21 s
2025-06-23T20:28:37.9367601Z opus:x64-windows package ABI: 85472ea35b34b5b2cb87ab8fa93a3b878862ba2c74d619b262819f1046f3d06f
2025-06-23T20:28:37.9368423Z Installing 6/9 opusfile:x64-windows@0.12+20221121#1...
2025-06-23T20:28:37.9368893Z Building opusfile:x64-windows@0.12+20221121#1...
2025-06-23T20:28:37.9670484Z -- Note: opusfile only supports static library linkage. Building static library.
2025-06-23T20:28:37.9761629Z Downloading https://github.com/xiph/opusfile/archive/9d718345ce03b2fad5d7d28e0bcd1cc69ab2b166.tar.gz -> xiph-opusfile-9d718345ce03b2fad5d7d28e0bcd1cc69ab2b166.tar.gz
2025-06-23T20:28:38.4428473Z Successfully downloaded xiph-opusfile-9d718345ce03b2fad5d7d28e0bcd1cc69ab2b166.tar.gz
2025-06-23T20:28:38.4466728Z -- Extracting source D:/a/synthizer3d/synthizer3d/vcpkg/downloads/xiph-opusfile-9d718345ce03b2fad5d7d28e0bcd1cc69ab2b166.tar.gz
2025-06-23T20:28:38.5816830Z -- Using source at D:/a/synthizer3d/synthizer3d/vcpkg/buildtrees/opusfile/src/c69ab2b166-6cc7de23ec.clean
2025-06-23T20:28:38.5926224Z -- Found external ninja('1.12.1').
2025-06-23T20:28:38.5961800Z -- Configuring x64-windows
2025-06-23T20:28:39.8144208Z -- Building x64-windows-dbg
2025-06-23T20:28:40.7863563Z -- Building x64-windows-rel
2025-06-23T20:28:41.2897192Z -- Fixing pkgconfig file: D:/a/synthizer3d/synthizer3d/vcpkg/packages/opusfile_x64-windows/lib/pkgconfig/opusfile.pc
2025-06-23T20:28:41.3088099Z Downloading msys2-mingw-w64-x86_64-pkgconf-1~2.3.0-1-any.pkg.tar.zst, trying https://mirror.msys2.org/mingw/mingw64/mingw-w64-x86_64-pkgconf-1~2.3.0-1-any.pkg.tar.zst
2025-06-23T20:28:42.0995921Z Successfully downloaded msys2-mingw-w64-x86_64-pkgconf-1~2.3.0-1-any.pkg.tar.zst
2025-06-23T20:28:42.1116580Z Downloading msys2-msys2-runtime-3.5.4-2-x86_64.pkg.tar.zst, trying https://mirror.msys2.org/msys/x86_64/msys2-runtime-3.5.4-2-x86_64.pkg.tar.zst
2025-06-23T20:28:43.3426440Z Successfully downloaded msys2-msys2-runtime-3.5.4-2-x86_64.pkg.tar.zst
2025-06-23T20:28:43.3456007Z -- Using msys root at D:/a/synthizer3d/synthizer3d/vcpkg/downloads/tools/msys2/21caed2f81ec917b
2025-06-23T20:28:43.3532528Z -- Fixing pkgconfig file: D:/a/synthizer3d/synthizer3d/vcpkg/packages/opusfile_x64-windows/debug/lib/pkgconfig/opusfile.pc
2025-06-23T20:28:43.3627222Z -- Installing: D:/a/synthizer3d/synthizer3d/vcpkg/packages/opusfile_x64-windows/share/opusfile/copyright
2025-06-23T20:28:43.3635128Z -- Installing: D:/a/synthizer3d/synthizer3d/vcpkg/packages/opusfile_x64-windows/share/opusfile/usage
2025-06-23T20:28:43.3690254Z -- Performing post-build validation
2025-06-23T20:28:43.3845027Z Elapsed time to handle opusfile:x64-windows: 5.4 s
2025-06-23T20:28:43.3846122Z opusfile:x64-windows package ABI: 393a65d651c7a2ecd7aa3929806afcb2252d03470cf3ab96d0a5a178ff8ac0ea
2025-06-23T20:28:43.3849006Z Installing 7/9 atl:x64-windows@0...
2025-06-23T20:28:43.3849395Z Building atl:x64-windows@0...
2025-06-23T20:28:43.4186537Z -- Skipping post-build validation due to VCPKG_POLICY_EMPTY_PACKAGE
2025-06-23T20:28:43.4212903Z Elapsed time to handle atl:x64-windows: 36.7 ms
2025-06-23T20:28:43.4214148Z atl:x64-windows package ABI: 00c2ec0d92501baf73b36832a4cf6267281ce78714eab01bcc631fe906883872
2025-06-23T20:28:43.4215163Z Installing 8/9 atlmfc:x64-windows@0#3...
2025-06-23T20:28:43.4218062Z Building atlmfc:x64-windows@0#3...
2025-06-23T20:28:43.4600378Z -- Skipping post-build validation due to VCPKG_POLICY_EMPTY_PACKAGE
2025-06-23T20:28:43.4627095Z Elapsed time to handle atlmfc:x64-windows: 41.4 ms
2025-06-23T20:28:43.4627990Z atlmfc:x64-windows package ABI: eb110e8ab4abe86fa37c7f0085ad4fc46ce18802f978ea90d75ed1f56bb72837
2025-06-23T20:28:43.4628688Z Installing 9/9 soundtouch:x64-windows@2.3.3...
2025-06-23T20:28:43.4629162Z Building soundtouch:x64-windows@2.3.3...
2025-06-23T20:28:43.5009616Z Downloading https://codeberg.org/soundtouch/soundtouch/archive/2.3.3.tar.gz -> soundtouch-soundtouch-2.3.3.tar.gz
2025-06-23T20:28:45.1239724Z Successfully downloaded soundtouch-soundtouch-2.3.3.tar.gz
2025-06-23T20:28:45.1287253Z -- Extracting source D:/a/synthizer3d/synthizer3d/vcpkg/downloads/soundtouch-soundtouch-2.3.3.tar.gz
2025-06-23T20:28:45.2739075Z -- Using source at D:/a/synthizer3d/synthizer3d/vcpkg/buildtrees/soundtouch/src/2.3.3-309213044d.clean
2025-06-23T20:28:45.2847507Z -- Found external ninja('1.12.1').
2025-06-23T20:28:45.2885135Z -- Configuring x64-windows
2025-06-23T20:28:46.7116972Z -- Building x64-windows-dbg
2025-06-23T20:28:49.0085364Z -- Building x64-windows-rel
2025-06-23T20:28:51.2371613Z -- Fixing pkgconfig file: D:/a/synthizer3d/synthizer3d/vcpkg/packages/soundtouch_x64-windows/lib/pkgconfig/soundtouch.pc
2025-06-23T20:28:51.2571726Z Downloading msys2-mingw-w64-x86_64-pkgconf-1~2.3.0-1-any.pkg.tar.zst, trying https://mirror.msys2.org/mingw/mingw64/mingw-w64-x86_64-pkgconf-1~2.3.0-1-any.pkg.tar.zst
2025-06-23T20:28:52.0459935Z Successfully downloaded msys2-mingw-w64-x86_64-pkgconf-1~2.3.0-1-any.pkg.tar.zst
2025-06-23T20:28:52.0583715Z Downloading msys2-msys2-runtime-3.5.4-2-x86_64.pkg.tar.zst, trying https://mirror.msys2.org/msys/x86_64/msys2-runtime-3.5.4-2-x86_64.pkg.tar.zst
2025-06-23T20:28:53.2914683Z Successfully downloaded msys2-msys2-runtime-3.5.4-2-x86_64.pkg.tar.zst
2025-06-23T20:28:53.2941870Z -- Using msys root at D:/a/synthizer3d/synthizer3d/vcpkg/downloads/tools/msys2/21caed2f81ec917b
2025-06-23T20:28:53.3011063Z -- Fixing pkgconfig file: D:/a/synthizer3d/synthizer3d/vcpkg/packages/soundtouch_x64-windows/debug/lib/pkgconfig/soundtouch.pc
2025-06-23T20:28:53.3460836Z -- Installing: D:/a/synthizer3d/synthizer3d/vcpkg/packages/soundtouch_x64-windows/share/soundtouch/copyright
2025-06-23T20:28:53.3521167Z -- Performing post-build validation
2025-06-23T20:28:53.3757044Z Elapsed time to handle soundtouch:x64-windows: 9.9 s
2025-06-23T20:28:53.3758213Z soundtouch:x64-windows package ABI: cba299c175d42d095d98a381b7b4aa62179cb526de49043c0d1fb0751d841aaf
2025-06-23T20:28:53.3778034Z libogg provides CMake targets:
2025-06-23T20:28:53.3778348Z 
2025-06-23T20:28:53.3778734Z   # this is heuristically generated, and may not be correct
2025-06-23T20:28:53.3779363Z   find_package(Ogg CONFIG REQUIRED)
2025-06-23T20:28:53.3779986Z   target_link_libraries(main PRIVATE Ogg::ogg)
2025-06-23T20:28:53.3780329Z 
2025-06-23T20:28:53.3780580Z libogg provides pkg-config modules:
2025-06-23T20:28:53.3780881Z 
2025-06-23T20:28:53.3781072Z   # ogg is a library for manipulating ogg bitstreams
2025-06-23T20:28:53.3781473Z   ogg
2025-06-23T20:28:53.3781980Z 
2025-06-23T20:28:53.3785800Z The package libvorbis provides CMake targets:
2025-06-23T20:28:53.3786174Z 
2025-06-23T20:28:53.3786523Z     # Vorbis reference encoder and decoder, low-level API
2025-06-23T20:28:53.3787814Z     find_package(Vorbis CONFIG REQUIRED)
2025-06-23T20:28:53.3788478Z     target_link_libraries(main PRIVATE Vorbis::vorbis)
2025-06-23T20:28:53.3788819Z 
2025-06-23T20:28:53.3789668Z     # Audio stream decoding and basic manipulation, high-level API
2025-06-23T20:28:53.3790350Z     find_package(Vorbis CONFIG REQUIRED)
2025-06-23T20:28:53.3791033Z     target_link_libraries(main PRIVATE Vorbis::vorbisfile)
2025-06-23T20:28:53.3791425Z 
2025-06-23T20:28:53.3791798Z     # Convenience API for setting up an encoding environment
2025-06-23T20:28:53.3792437Z     find_package(Vorbis CONFIG REQUIRED)
2025-06-23T20:28:53.3793048Z     target_link_libraries(main PRIVATE Vorbis::vorbisenc)
2025-06-23T20:28:53.3793384Z 
2025-06-23T20:28:53.3793590Z opus provides CMake targets:
2025-06-23T20:28:53.3793809Z 
2025-06-23T20:28:53.3794143Z   # this is heuristically generated, and may not be correct
2025-06-23T20:28:53.3794734Z   find_package(Opus CONFIG REQUIRED)
2025-06-23T20:28:53.3795304Z   target_link_libraries(main PRIVATE Opus::opus)
2025-06-23T20:28:53.3795601Z 
2025-06-23T20:28:53.3795819Z opus provides pkg-config modules:
2025-06-23T20:28:53.3796095Z 
2025-06-23T20:28:53.3796309Z   # Opus IETF audio codec ( build)
2025-06-23T20:28:53.3796601Z   opus
2025-06-23T20:28:53.3796724Z 
2025-06-23T20:28:53.3797940Z The package opusfile provides CMake targets:
2025-06-23T20:28:53.3798762Z 
2025-06-23T20:28:53.3799043Z     find_package(OpusFile CONFIG REQUIRED)
2025-06-23T20:28:53.3799723Z     target_link_libraries(main PRIVATE OpusFile::opusfile)
2025-06-23T20:28:53.3800081Z 
2025-06-23T20:28:53.3800300Z     # To use the opusurl API
2025-06-23T20:28:53.3800877Z     target_link_libraries(main PRIVATE OpusFile::opusurl)
2025-06-23T20:28:53.3801252Z 
2025-06-23T20:28:53.3801516Z soundtouch provides CMake targets:
2025-06-23T20:28:53.3801795Z 
2025-06-23T20:28:53.3802144Z   # this is heuristically generated, and may not be correct
2025-06-23T20:28:53.3803056Z   find_package(SoundTouch CONFIG REQUIRED)
2025-06-23T20:28:53.3803735Z   target_link_libraries(main PRIVATE SoundTouch::SoundTouch)
2025-06-23T20:28:53.3804092Z 
2025-06-23T20:28:53.3804311Z soundtouch provides pkg-config modules:
2025-06-23T20:28:53.3804619Z 
2025-06-23T20:28:53.3805518Z   # SoundTouch is an open-source audio processing library for changing the Tempo, Pitch and Playback Rates of audio streams or files
2025-06-23T20:28:53.3806381Z   soundtouch
2025-06-23T20:28:53.3806533Z 
2025-06-23T20:28:53.3806903Z All requested installations completed successfully in: 56 s
2025-06-23T20:28:53.3827426Z ##[endgroup]
2025-06-23T20:28:53.3828044Z ‚è± elapsed: 64.255 seconds
2025-06-23T20:28:53.3828529Z ##[group]Set output environment variables
2025-06-23T20:28:53.3830748Z Set the workflow environment variable 'RUNVCPKG_VCPKG_ROOT' to value 'D:\a\synthizer3d\synthizer3d\vcpkg'
2025-06-23T20:28:53.3835278Z Set the workflow environment variable 'VCPKG_ROOT' to value 'D:\a\synthizer3d\synthizer3d\vcpkg'
2025-06-23T20:28:53.3839007Z Set the step output variable 'RUNVCPKG_VCPKG_ROOT_OUT' to value 'D:\a\synthizer3d\synthizer3d\vcpkg''
2025-06-23T20:28:53.3842829Z Set the workflow environment variable 'VCPKG_DEFAULT_TRIPLET' to value 'x64-windows'
2025-06-23T20:28:53.3845876Z Set the step output variable 'RUNVCPKG_VCPKG_DEFAULT_TRIPLET_OUT' to value 'x64-windows''
2025-06-23T20:28:53.3848865Z ##[endgroup]
2025-06-23T20:28:53.3849430Z ‚è± elapsed: 0.002 seconds
2025-06-23T20:28:53.3854083Z run-vcpkg action execution succeeded
2025-06-23T20:28:53.4048842Z ##[group]Run Write-Host "VCPKG_ROOT (tool directory from lukka/run-vcpkg) is $env:VCPKG_ROOT"
2025-06-23T20:28:53.4049530Z [36;1mWrite-Host "VCPKG_ROOT (tool directory from lukka/run-vcpkg) is $env:VCPKG_ROOT"[0m
2025-06-23T20:28:53.4050027Z [36;1mWrite-Host "VCPKG_DEFAULT_TRIPLET is $env:VCPKG_DEFAULT_TRIPLET"[0m
2025-06-23T20:28:53.4050431Z [36;1mWrite-Host "GITHUB_WORKSPACE is $env:GITHUB_WORKSPACE"[0m
2025-06-23T20:28:53.4051099Z [36;1mWrite-Host "Initial EFFECTIVE_VCPKG_INSTALLED_DIR_BASE (from job env, target for manifest install) is $env:EFFECTIVE_VCPKG_INSTALLED_DIR_BASE"[0m
2025-06-23T20:28:53.4051625Z [36;1m[0m
2025-06-23T20:28:53.4051792Z [36;1mif (-not $env:VCPKG_ROOT) {[0m
2025-06-23T20:28:53.4052174Z [36;1m  Write-Error "VCPKG_ROOT not set. This should be set by the lukka/run-vcpkg action."[0m
2025-06-23T20:28:53.4052530Z [36;1m  exit 1[0m
2025-06-23T20:28:53.4052685Z [36;1m}[0m
2025-06-23T20:28:53.4052831Z [36;1m[0m
2025-06-23T20:28:53.4053129Z [36;1m# Esegui vcpkg install. Se vcpkg.json √® in $env:GITHUB_WORKSPACE (CWD),[0m
2025-06-23T20:28:53.4053673Z [36;1m# installer√† in $env:GITHUB_WORKSPACE/vcpkg_installed/$env:VCPKG_DEFAULT_TRIPLET[0m
2025-06-23T20:28:53.4054189Z [36;1m# che corrisponde a $env:EFFECTIVE_VCPKG_INSTALLED_DIR_BASE/$env:VCPKG_DEFAULT_TRIPLET[0m
2025-06-23T20:28:53.4054722Z [36;1m# La CurrentWorkingDirectory per gli script eseguiti da 'run:' √® $GITHUB_WORKSPACE.[0m
2025-06-23T20:28:53.4055219Z [36;1m& "$env:VCPKG_ROOT\vcpkg.exe" install --triplet $env:VCPKG_DEFAULT_TRIPLET[0m
2025-06-23T20:28:53.4055605Z [36;1mWrite-Host "Finished vcpkg install command."[0m
2025-06-23T20:28:53.4055847Z [36;1m[0m
2025-06-23T20:28:53.4056149Z [36;1m# CMAKE_PREFIX_PATH deve puntare a dove vcpkg ha effettivamente installato i pacchetti.[0m
2025-06-23T20:28:53.4056727Z [36;1m# Con la modalit√† manifest, questo √® $env:EFFECTIVE_VCPKG_INSTALLED_DIR_BASE/$env:VCPKG_DEFAULT_TRIPLET.[0m
2025-06-23T20:28:53.4057365Z [36;1m$cmakePrefixPathValue = Join-Path $env:EFFECTIVE_VCPKG_INSTALLED_DIR_BASE $env:VCPKG_DEFAULT_TRIPLET[0m
2025-06-23T20:28:53.4057780Z [36;1m[0m
2025-06-23T20:28:53.4058083Z [36;1mWrite-Host "Verifying existence of target CMAKE_PREFIX_PATH: $cmakePrefixPathValue"[0m
2025-06-23T20:28:53.4058564Z [36;1mif (-not (Test-Path $cmakePrefixPathValue -PathType Container)) {[0m
2025-06-23T20:28:53.4059163Z [36;1m  Write-Warning "ATTENZIONE: La directory $cmakePrefixPathValue (target per CMAKE_PREFIX_PATH) NON esiste dopo vcpkg install."[0m
2025-06-23T20:28:53.4060519Z [36;1m  Write-Warning "Questo indica che vcpkg non ha installato nella posizione manifest attesa."[0m
2025-06-23T20:28:53.4061047Z [36;1m  Write-Warning "Contenuto di $env:EFFECTIVE_VCPKG_INSTALLED_DIR_BASE per debug:"[0m
2025-06-23T20:28:53.4061853Z [36;1m  Get-ChildItem -Path $env:EFFECTIVE_VCPKG_INSTALLED_DIR_BASE -ErrorAction SilentlyContinue -Depth 1 || Write-Warning "$env:EFFECTIVE_VCPKG_INSTALLED_DIR_BASE non esiste o √® vuoto."[0m
2025-06-23T20:28:53.4062502Z [36;1m  [0m
2025-06-23T20:28:53.4062782Z [36;1m  # Fallback per debug: controlla la directory di installazione classica di vcpkg[0m
2025-06-23T20:28:53.4063362Z [36;1m  $classicVcpkgInstalledPath = Join-Path (Join-Path $env:VCPKG_ROOT "installed") $env:VCPKG_DEFAULT_TRIPLET[0m
2025-06-23T20:28:53.4064052Z [36;1m  Write-Warning "Controllo del percorso di installazione classico di vcpkg per debug: $classicVcpkgInstalledPath"[0m
2025-06-23T20:28:53.4064619Z [36;1m  if(Test-Path $classicVcpkgInstalledPath -PathType Container){[0m
2025-06-23T20:28:53.4065264Z [36;1m      Write-Warning "Il percorso classico $classicVcpkgInstalledPath ESISTE. Questo √® fonte di confusione se era prevista la modalit√† manifest."[0m
2025-06-23T20:28:53.4065811Z [36;1m  } else {[0m
2025-06-23T20:28:53.4066137Z [36;1m      Write-Warning "Anche il percorso classico $classicVcpkgInstalledPath NON esiste."[0m
2025-06-23T20:28:53.4066490Z [36;1m  }[0m
2025-06-23T20:28:53.4067883Z [36;1m} else {[0m
2025-06-23T20:28:53.4068313Z [36;1m  Write-Host "Confermato: La directory target per CMAKE_PREFIX_PATH esiste: $cmakePrefixPathValue"[0m
2025-06-23T20:28:53.4068742Z [36;1m}[0m
2025-06-23T20:28:53.4068879Z [36;1m[0m
2025-06-23T20:28:53.4069261Z [36;1mecho "CMAKE_PREFIX_PATH=$cmakePrefixPathValue" | Out-File -FilePath $env:GITHUB_ENV -Encoding utf8 -Append[0m
2025-06-23T20:28:53.4069813Z [36;1mWrite-Host "CMAKE_PREFIX_PATH impostato a $cmakePrefixPathValue"[0m
2025-06-23T20:28:53.4070375Z [36;1m# EFFECTIVE_VCPKG_INSTALLED_DIR_BASE √® gi√† corretto dall'env del job, non serve aggiornarlo di nuovo in GITHUB_ENV[0m
2025-06-23T20:28:53.4070889Z [36;1m# se la nostra assunzione sulla modalit√† manifest √® corretta.[0m
2025-06-23T20:28:53.4105452Z shell: C:\Program Files\PowerShell\7\pwsh.EXE -command ". '{0}'"
2025-06-23T20:28:53.4105751Z env:
2025-06-23T20:28:53.4105905Z   PYVERSION: 3.9
2025-06-23T20:28:53.4106073Z   CI_ARCH_LOWER: x64
2025-06-23T20:28:53.4106264Z   CI_WINDOWS: 1
2025-06-23T20:28:53.4106413Z   CI_ARCH_ENV: x64
2025-06-23T20:28:53.4106586Z   VCPKG_DEFAULT_TRIPLET: x64-windows
2025-06-23T20:28:53.4106935Z   EFFECTIVE_VCPKG_INSTALLED_DIR_BASE: D:\a\synthizer3d\synthizer3d\vcpkg_installed
2025-06-23T20:28:53.4107349Z   pythonLocation: C:\hostedtoolcache\windows\Python\3.9.13\x64
2025-06-23T20:28:53.4107739Z   PKG_CONFIG_PATH: C:\hostedtoolcache\windows\Python\3.9.13\x64/lib/pkgconfig
2025-06-23T20:28:53.4108139Z   Python_ROOT_DIR: C:\hostedtoolcache\windows\Python\3.9.13\x64
2025-06-23T20:28:53.4108486Z   Python2_ROOT_DIR: C:\hostedtoolcache\windows\Python\3.9.13\x64
2025-06-23T20:28:53.4108828Z   Python3_ROOT_DIR: C:\hostedtoolcache\windows\Python\3.9.13\x64
2025-06-23T20:28:53.4109112Z   CommandPromptType: Native
2025-06-23T20:28:53.4109423Z   DevEnvDir: C:\Program Files\Microsoft Visual Studio\2022\Enterprise\Common7\IDE\
2025-06-23T20:28:53.4109875Z   ExtensionSdkDir: C:\Program Files (x86)\Microsoft SDKs\Windows Kits\10\ExtensionSDKs
2025-06-23T20:28:53.4111881Z   EXTERNAL_INCLUDE: C:\Program Files\Microsoft Visual Studio\2022\Enterprise\VC\Tools\MSVC\14.43.34808\include;C:\Program Files\Microsoft Visual Studio\2022\Enterprise\VC\Tools\MSVC\14.43.34808\ATLMFC\include;C:\Program Files\Microsoft Visual Studio\2022\Enterprise\VC\Auxiliary\VS\include;C:\Program Files (x86)\Windows Kits\10\include\10.0.26100.0\ucrt;C:\Program Files (x86)\Windows Kits\10\\include\10.0.26100.0\\um;C:\Program Files (x86)\Windows Kits\10\\include\10.0.26100.0\\shared;C:\Program Files (x86)\Windows Kits\10\\include\10.0.26100.0\\winrt;C:\Program Files (x86)\Windows Kits\10\\include\10.0.26100.0\\cppwinrt;C:\Program Files (x86)\Windows Kits\NETFXSDK\4.8\include\um
2025-06-23T20:28:53.4113868Z   Framework40Version: v4.0
2025-06-23T20:28:53.4114102Z   FrameworkDir: C:\Windows\Microsoft.NET\Framework64\
2025-06-23T20:28:53.4114406Z   FrameworkDir64: C:\Windows\Microsoft.NET\Framework64\
2025-06-23T20:28:53.4114673Z   FrameworkVersion: v4.0.30319
2025-06-23T20:28:53.4114883Z   FrameworkVersion64: v4.0.30319
2025-06-23T20:28:53.4115363Z   FSHARPINSTALLDIR: C:\Program Files\Microsoft Visual Studio\2022\Enterprise\Common7\IDE\CommonExtensions\Microsoft\FSharp\Tools
2025-06-23T20:28:53.4115905Z   HTMLHelpDir: C:\Program Files (x86)\HTML Help Workshop
2025-06-23T20:28:53.4116328Z   IFCPATH: C:\Program Files\Microsoft Visual Studio\2022\Enterprise\VC\Tools\MSVC\14.43.34808\ifc\x64
2025-06-23T20:28:53.4118968Z   INCLUDE: C:\Program Files\Microsoft Visual Studio\2022\Enterprise\VC\Tools\MSVC\14.43.34808\include;C:\Program Files\Microsoft Visual Studio\2022\Enterprise\VC\Tools\MSVC\14.43.34808\ATLMFC\include;C:\Program Files\Microsoft Visual Studio\2022\Enterprise\VC\Auxiliary\VS\include;C:\Program Files (x86)\Windows Kits\10\include\10.0.26100.0\ucrt;C:\Program Files (x86)\Windows Kits\10\\include\10.0.26100.0\\um;C:\Program Files (x86)\Windows Kits\10\\include\10.0.26100.0\\shared;C:\Program Files (x86)\Windows Kits\10\\include\10.0.26100.0\\winrt;C:\Program Files (x86)\Windows Kits\10\\include\10.0.26100.0\\cppwinrt;C:\Program Files (x86)\Windows Kits\NETFXSDK\4.8\include\um
2025-06-23T20:28:53.4120862Z   is_x64_arch: true
2025-06-23T20:28:53.4121900Z   LIB: C:\Program Files\Microsoft Visual Studio\2022\Enterprise\VC\Tools\MSVC\14.43.34808\ATLMFC\lib\x64;C:\Program Files\Microsoft Visual Studio\2022\Enterprise\VC\Tools\MSVC\14.43.34808\lib\x64;C:\Program Files (x86)\Windows Kits\NETFXSDK\4.8\lib\um\x64;C:\Program Files (x86)\Windows Kits\10\lib\10.0.26100.0\ucrt\x64;C:\Program Files (x86)\Windows Kits\10\\lib\10.0.26100.0\\um\x64
2025-06-23T20:28:53.4124163Z   LIBPATH: C:\Program Files\Microsoft Visual Studio\2022\Enterprise\VC\Tools\MSVC\14.43.34808\ATLMFC\lib\x64;C:\Program Files\Microsoft Visual Studio\2022\Enterprise\VC\Tools\MSVC\14.43.34808\lib\x64;C:\Program Files\Microsoft Visual Studio\2022\Enterprise\VC\Tools\MSVC\14.43.34808\lib\x86\store\references;C:\Program Files (x86)\Windows Kits\10\UnionMetadata\10.0.26100.0;C:\Program Files (x86)\Windows Kits\10\References\10.0.26100.0;C:\Windows\Microsoft.NET\Framework64\v4.0.30319
2025-06-23T20:28:53.4125607Z   NETFXSDKDir: C:\Program Files (x86)\Windows Kits\NETFXSDK\4.8\
2025-06-23T20:28:53.4138543Z   Path: C:\Program Files\Microsoft Visual Studio\2022\Enterprise\VC\Tools\MSVC\14.43.34808\bin\HostX64\x64;C:\Program Files\Microsoft Visual Studio\2022\Enterprise\Common7\IDE\VC\VCPackages;C:\Program Files\Microsoft Visual Studio\2022\Enterprise\Common7\IDE\CommonExtensions\Microsoft\TestWindow;C:\Program Files\Microsoft Visual Studio\2022\Enterprise\Common7\IDE\CommonExtensions\Microsoft\TeamFoundation\Team Explorer;C:\Program Files\Microsoft Visual Studio\2022\Enterprise\MSBuild\Current\bin\Roslyn;C:\Program Files (x86)\Microsoft SDKs\Windows\v10.0A\bin\NETFX 4.8 Tools\x64\;C:\Program Files (x86)\HTML Help Workshop;C:\Program Files\Microsoft Visual Studio\2022\Enterprise\Common7\IDE\CommonExtensions\Microsoft\FSharp\Tools;C:\Program Files\Microsoft Visual Studio\2022\Enterprise\Team Tools\DiagnosticsHub\Collector;C:\Program Files\Microsoft Visual Studio\2022\Enterprise\Common7\IDE\Extensions\Microsoft\CodeCoverage.Console;C:\Program Files (x86)\Windows Kits\10\bin\10.0.26100.0\\x64;C:\Program Files (x86)\Windows Kits\10\bin\\x64;C:\Program Files\Microsoft Visual Studio\2022\Enterprise\\MSBuild\Current\Bin\amd64;C:\Windows\Microsoft.NET\Framework64\v4.0.30319;C:\Program Files\Microsoft Visual Studio\2022\Enterprise\Common7\IDE\;C:\Program Files\Microsoft Visual Studio\2022\Enterprise\Common7\Tools\;C:\Users\runneradmin\AppData\Roaming\Python\Python39\Scripts;C:\hostedtoolcache\windows\Python\3.9.13\x64\Scripts;C:\hostedtoolcache\windows\Python\3.9.13\x64;C:\Program Files\MongoDB\Server\5.0\bin;C:\aliyun-cli;C:\vcpkg;C:\Program Files (x86)\NSIS\;C:\tools\zstd;C:\Program Files\Mercurial\;C:\hostedtoolcache\windows\stack\3.5.1\x64;C:\cabal\bin;C:\\ghcup\bin;C:\mingw64\bin;C:\Program Files\dotnet;C:\Program Files\MySQL\MySQL Server 8.0\bin;C:\Program Files\R\R-4.4.2\bin\x64;C:\SeleniumWebDrivers\GeckoDriver;C:\SeleniumWebDrivers\EdgeDriver\;C:\SeleniumWebDrivers\ChromeDriver;C:\Program Files (x86)\sbt\bin;C:\Program Files (x86)\GitHub CLI;C:\Program Files\Git\bin;C:\Program Files (x86)\pipx_bin;C:\npm\prefix;C:\hostedtoolcache\windows\go\1.24.3\x64\bin;C:\hostedtoolcache\windows\Ruby\3.3.8\x64\bin;C:\Program Files\OpenSSL\bin;C:\tools\kotlinc\bin;C:\hostedtoolcache\windows\Java_Temurin-Hotspot_jdk\8.0.452-9\x64\bin;C:\Program Files\ImageMagick-7.1.1-Q16-HDRI;C:\Program Files\Microsoft SDKs\Azure\CLI2\wbin;C:\ProgramData\kind;C:\ProgramData\Chocolatey\bin;C:\Windows\system32;C:\Windows;C:\Windows\System32\Wbem;C:\Windows\System32\WindowsPowerShell\v1.0\;C:\Windows\System32\OpenSSH\;C:\Program Files\dotnet\;C:\Program Files\PowerShell\7\;C:\Program Files\Microsoft\Web Platform Installer\;C:\Program Files\TortoiseSVN\bin;C:\Program Files\Microsoft SQL Server\Client SDK\ODBC\170\Tools\Binn\;C:\Program Files\Microsoft SQL Server\150\Tools\Binn\;C:\Program Files (x86)\Windows Kits\10\Windows Performance Toolkit\;C:\Program Files (x86)\WiX Toolset v3.14\bin;C:\Program Files\Microsoft SQL Server\130\DTS\Binn\;C:\Program Files\Microsoft SQL Server\140\DTS\Binn\;C:\Program Files\Microsoft SQL Server\150\DTS\Binn\;C:\Program Files\Microsoft SQL Server\160\DTS\Binn\;C:\Strawberry\c\bin;C:\Strawberry\perl\site\bin;C:\Strawberry\perl\bin;C:\ProgramData\chocolatey\lib\pulumi\tools\Pulumi\bin;C:\Program Files\CMake\bin;C:\ProgramData\chocolatey\lib\maven\apache-maven-3.9.9\bin;C:\Program Files\Microsoft Service Fabric\bin\Fabric\Fabric.Code;C:\Program Files\Microsoft SDKs\Service Fabric\Tools\ServiceFabricLocalClusterManager;C:\Program Files\nodejs\;C:\Program Files\Git\cmd;C:\Program Files\Git\mingw64\bin;C:\Program Files\Git\usr\bin;C:\Program Files\GitHub CLI\;c:\tools\php;C:\Program Files\Amazon\AWSCLIV2\;C:\Program Files\Amazon\SessionManagerPlugin\bin\;C:\Program Files\Amazon\AWSSAMCLI\bin\;C:\Program Files\Microsoft SQL Server\130\Tools\Binn\;C:\Program Files\LLVM\bin;C:\Users\runneradmin\.dotnet\tools;C:\Users\runneradmin\.cargo\bin;C:\Users\runneradmin\AppData\Local\Microsoft\WindowsApps;C:\Program Files (x86)\Microsoft Visual Studio\Installer;C:\Program Files\Microsoft Visual Studio\2022\Enterprise\VC\Tools\Llvm\x64\bin;C:\Program Files\Microsoft Visual Studio\2022\Enterprise\Common7\IDE\CommonExtensions\Microsoft\CMake\CMake\bin;C:\Program Files\Microsoft Visual Studio\2022\Enterprise\Common7\IDE\CommonExtensions\Microsoft\CMake\Ninja;C:\Program Files\Microsoft Visual Studio\2022\Enterprise\Common7\IDE\VC\Linux\bin\ConnectionManagerExe;C:\Program Files\Microsoft Visual Studio\2022\Enterprise\VC\vcpkg
2025-06-23T20:28:53.4151409Z   Platform: x64
2025-06-23T20:28:53.4151579Z   UCRTVersion: 10.0.26100.0
2025-06-23T20:28:53.4151840Z   UniversalCRTSdkDir: C:\Program Files (x86)\Windows Kits\10\
2025-06-23T20:28:53.4152279Z   VCIDEInstallDir: C:\Program Files\Microsoft Visual Studio\2022\Enterprise\Common7\IDE\VC\
2025-06-23T20:28:53.4152749Z   VCINSTALLDIR: C:\Program Files\Microsoft Visual Studio\2022\Enterprise\VC\
2025-06-23T20:28:53.4153130Z   VCPKG_ROOT: D:\a\synthizer3d\synthizer3d\vcpkg
2025-06-23T20:28:53.4153568Z   VCToolsInstallDir: C:\Program Files\Microsoft Visual Studio\2022\Enterprise\VC\Tools\MSVC\14.43.34808\
2025-06-23T20:28:53.4154157Z   VCToolsRedistDir: C:\Program Files\Microsoft Visual Studio\2022\Enterprise\VC\Redist\MSVC\14.42.34433\
2025-06-23T20:28:53.4154559Z   VCToolsVersion: 14.43.34808
2025-06-23T20:28:53.4154764Z   VisualStudioVersion: 17.0
2025-06-23T20:28:53.4155093Z   VS170COMNTOOLS: C:\Program Files\Microsoft Visual Studio\2022\Enterprise\Common7\Tools\
2025-06-23T20:28:53.4155530Z   VSCMD_ARG_app_plat: Desktop
2025-06-23T20:28:53.4155733Z   VSCMD_ARG_HOST_ARCH: x64
2025-06-23T20:28:53.4155920Z   VSCMD_ARG_TGT_ARCH: x64
2025-06-23T20:28:53.4156089Z   VSCMD_VER: 17.13.2
2025-06-23T20:28:53.4156355Z   VSINSTALLDIR: C:\Program Files\Microsoft Visual Studio\2022\Enterprise\
2025-06-23T20:28:53.4156786Z   VSSDK150INSTALL: C:\Program Files\Microsoft Visual Studio\2022\Enterprise\VSSDK
2025-06-23T20:28:53.4157226Z   VSSDKINSTALL: C:\Program Files\Microsoft Visual Studio\2022\Enterprise\VSSDK
2025-06-23T20:28:53.4157824Z   WindowsLibPath: C:\Program Files (x86)\Windows Kits\10\UnionMetadata\10.0.26100.0;C:\Program Files (x86)\Windows Kits\10\References\10.0.26100.0
2025-06-23T20:28:53.4158392Z   WindowsSdkBinPath: C:\Program Files (x86)\Windows Kits\10\bin\
2025-06-23T20:28:53.4158730Z   WindowsSdkDir: C:\Program Files (x86)\Windows Kits\10\
2025-06-23T20:28:53.4159000Z   WindowsSDKLibVersion: 10.0.26100.0\
2025-06-23T20:28:53.4159326Z   WindowsSdkVerBinPath: C:\Program Files (x86)\Windows Kits\10\bin\10.0.26100.0\
2025-06-23T20:28:53.4159661Z   WindowsSDKVersion: 10.0.26100.0\
2025-06-23T20:28:53.4160063Z   WindowsSDK_ExecutablePath_x64: C:\Program Files (x86)\Microsoft SDKs\Windows\v10.0A\bin\NETFX 4.8 Tools\x64\
2025-06-23T20:28:53.4160655Z   WindowsSDK_ExecutablePath_x86: C:\Program Files (x86)\Microsoft SDKs\Windows\v10.0A\bin\NETFX 4.8 Tools\
2025-06-23T20:28:53.4161041Z   __DOTNET_ADD_64BIT: 1
2025-06-23T20:28:53.4161292Z   __DOTNET_PREFERRED_BITNESS: 64
2025-06-23T20:28:53.4169177Z   __VSCMD_PREINIT_PATH: C:\Users\runneradmin\AppData\Roaming\Python\Python39\Scripts;C:\hostedtoolcache\windows\Python\3.9.13\x64\Scripts;C:\hostedtoolcache\windows\Python\3.9.13\x64;C:\Program Files\MongoDB\Server\5.0\bin;C:\aliyun-cli;C:\vcpkg;C:\Program Files (x86)\NSIS\;C:\tools\zstd;C:\Program Files\Mercurial\;C:\hostedtoolcache\windows\stack\3.5.1\x64;C:\cabal\bin;C:\\ghcup\bin;C:\mingw64\bin;C:\Program Files\dotnet;C:\Program Files\MySQL\MySQL Server 8.0\bin;C:\Program Files\R\R-4.4.2\bin\x64;C:\SeleniumWebDrivers\GeckoDriver;C:\SeleniumWebDrivers\EdgeDriver\;C:\SeleniumWebDrivers\ChromeDriver;C:\Program Files (x86)\sbt\bin;C:\Program Files (x86)\GitHub CLI;C:\Program Files\Git\bin;C:\Program Files (x86)\pipx_bin;C:\npm\prefix;C:\hostedtoolcache\windows\go\1.24.3\x64\bin;C:\hostedtoolcache\windows\Python\3.9.13\x64\Scripts;C:\hostedtoolcache\windows\Python\3.9.13\x64;C:\hostedtoolcache\windows\Ruby\3.3.8\x64\bin;C:\Program Files\OpenSSL\bin;C:\tools\kotlinc\bin;C:\hostedtoolcache\windows\Java_Temurin-Hotspot_jdk\8.0.452-9\x64\bin;C:\Program Files\ImageMagick-7.1.1-Q16-HDRI;C:\Program Files\Microsoft SDKs\Azure\CLI2\wbin;C:\ProgramData\kind;C:\ProgramData\Chocolatey\bin;C:\Windows\system32;C:\Windows;C:\Windows\System32\Wbem;C:\Windows\System32\WindowsPowerShell\v1.0\;C:\Windows\System32\OpenSSH\;C:\Program Files\dotnet\;C:\Program Files\PowerShell\7\;C:\Program Files\Microsoft\Web Platform Installer\;C:\Program Files\TortoiseSVN\bin;C:\Program Files\Microsoft SQL Server\Client SDK\ODBC\170\Tools\Binn\;C:\Program Files\Microsoft SQL Server\150\Tools\Binn\;C:\Program Files (x86)\Windows Kits\10\Windows Performance Toolkit\;C:\Program Files (x86)\WiX Toolset v3.14\bin;C:\Program Files\Microsoft SQL Server\130\DTS\Binn\;C:\Program Files\Microsoft SQL Server\140\DTS\Binn\;C:\Program Files\Microsoft SQL Server\150\DTS\Binn\;C:\Program Files\Microsoft SQL Server\160\DTS\Binn\;C:\Strawberry\c\bin;C:\Strawberry\perl\site\bin;C:\Strawberry\perl\bin;C:\ProgramData\chocolatey\lib\pulumi\tools\Pulumi\bin;C:\Program Files\CMake\bin;C:\ProgramData\chocolatey\lib\maven\apache-maven-3.9.9\bin;C:\Program Files\Microsoft Service Fabric\bin\Fabric\Fabric.Code;C:\Program Files\Microsoft SDKs\Service Fabric\Tools\ServiceFabricLocalClusterManager;C:\Program Files\nodejs\;C:\Program Files\Git\cmd;C:\Program Files\Git\mingw64\bin;C:\Program Files\Git\usr\bin;C:\Program Files\GitHub CLI\;c:\tools\php;C:\Program Files (x86)\sbt\bin;C:\Program Files\Amazon\AWSCLIV2\;C:\Program Files\Amazon\SessionManagerPlugin\bin\;C:\Program Files\Amazon\AWSSAMCLI\bin\;C:\Program Files\Microsoft SQL Server\130\Tools\Binn\;C:\Program Files\LLVM\bin;C:\Users\runneradmin\.dotnet\tools;C:\Users\runneradmin\.cargo\bin;C:\Users\runneradmin\AppData\Local\Microsoft\WindowsApps;C:\Program Files (x86)\Microsoft Visual Studio\Installer
2025-06-23T20:28:53.4177466Z   VCPKG_DEFAULT_BINARY_CACHE: D:/a/synthizer3d/synthizer3d/969f6665-88a2-4c98-938e-ca9259871fec/vcpkg_cache
2025-06-23T20:28:53.4177912Z   VCPKG_BINARY_SOURCES: clear;x-gha,readwrite
2025-06-23T20:28:53.4178452Z   ACTIONS_CACHE_URL: https://acghubeus2.actions.githubusercontent.com/bwbzopuV3oKlbowlUKWdOnf6KF0vjv7EYqCB3ZHqukKhTVgy74/
2025-06-23T20:28:53.4215244Z   ACTIONS_RUNTIME_TOKEN: ***
2025-06-23T20:28:53.4215506Z   RUNVCPKG_VCPKG_ROOT: D:\a\synthizer3d\synthizer3d\vcpkg
2025-06-23T20:28:53.4215767Z ##[endgroup]
2025-06-23T20:28:53.6854512Z VCPKG_ROOT (tool directory from lukka/run-vcpkg) is D:\a\synthizer3d\synthizer3d\vcpkg
2025-06-23T20:28:53.6859898Z VCPKG_DEFAULT_TRIPLET is x64-windows
2025-06-23T20:28:53.6865748Z GITHUB_WORKSPACE is D:\a\synthizer3d\synthizer3d
2025-06-23T20:28:53.6871028Z Initial EFFECTIVE_VCPKG_INSTALLED_DIR_BASE (from job env, target for manifest install) is D:\a\synthizer3d\synthizer3d\vcpkg_installed
2025-06-23T20:28:53.9080573Z Detecting compiler hash for triplet x64-windows...
2025-06-23T20:28:55.8814963Z Compiler found: C:/Program Files/Microsoft Visual Studio/2022/Enterprise/VC/Tools/MSVC/14.43.34808/bin/Hostx64/x64/cl.exe
2025-06-23T20:28:55.8926650Z The following packages will be built and installed:
2025-06-23T20:28:55.8927155Z   * atl:x64-windows@0
2025-06-23T20:28:55.8927448Z   * atlmfc:x64-windows@0#3
2025-06-23T20:28:55.8927764Z     libogg:x64-windows@1.3.5#2
2025-06-23T20:28:55.8928094Z     libvorbis:x64-windows@1.3.7#4
2025-06-23T20:28:55.8928429Z     opus:x64-windows@1.5.2
2025-06-23T20:28:55.8928786Z     opusfile:x64-windows@0.12+20221121#1
2025-06-23T20:28:55.8929402Z     soundtouch:x64-windows@2.3.3
2025-06-23T20:28:55.8929960Z   * vcpkg-cmake:x64-windows@2024-04-23
2025-06-23T20:28:55.8930650Z   * vcpkg-cmake-config:x64-windows@2024-05-23
2025-06-23T20:28:55.8931599Z Additional packages (*) will be modified to complete this operation.
2025-06-23T20:28:55.8934345Z %VCPKG_BINARY_SOURCES%: warning: The 'x-gha' binary caching backend has been removed. Consider using a NuGet-based binary caching provider instead, see extended documentation at https://learn.microsoft.com/vcpkg/users/binarycaching?WT.mc_id=vcpkg_inproduct_cli.
2025-06-23T20:28:55.8935689Z   on expression: clear;x-gha,readwrite
2025-06-23T20:28:55.8936065Z                                       ^
2025-06-23T20:28:55.8936535Z Installing 1/9 vcpkg-cmake-config:x64-windows@2024-05-23...
2025-06-23T20:28:55.8937064Z Building vcpkg-cmake-config:x64-windows@2024-05-23...
2025-06-23T20:28:55.9230294Z -- Installing: D:/a/synthizer3d/synthizer3d/vcpkg/packages/vcpkg-cmake-config_x64-windows/share/vcpkg-cmake-config/vcpkg_cmake_config_fixup.cmake
2025-06-23T20:28:55.9235747Z -- Installing: D:/a/synthizer3d/synthizer3d/vcpkg/packages/vcpkg-cmake-config_x64-windows/share/vcpkg-cmake-config/vcpkg-port-config.cmake
2025-06-23T20:28:55.9240054Z -- Installing: D:/a/synthizer3d/synthizer3d/vcpkg/packages/vcpkg-cmake-config_x64-windows/share/vcpkg-cmake-config/copyright
2025-06-23T20:28:55.9291620Z -- Skipping post-build validation due to VCPKG_POLICY_EMPTY_PACKAGE
2025-06-23T20:28:55.9320056Z Elapsed time to handle vcpkg-cmake-config:x64-windows: 38.9 ms
2025-06-23T20:28:55.9321176Z vcpkg-cmake-config:x64-windows package ABI: 842797583f0500a3cabbedf03fb083636fe11e4fd3fd19d9a475485e484445fb
2025-06-23T20:28:55.9322149Z Installing 2/9 vcpkg-cmake:x64-windows@2024-04-23...
2025-06-23T20:28:55.9322735Z Building vcpkg-cmake:x64-windows@2024-04-23...
2025-06-23T20:28:55.9630487Z -- Installing: D:/a/synthizer3d/synthizer3d/vcpkg/packages/vcpkg-cmake_x64-windows/share/vcpkg-cmake/vcpkg_cmake_configure.cmake
2025-06-23T20:28:55.9636221Z -- Installing: D:/a/synthizer3d/synthizer3d/vcpkg/packages/vcpkg-cmake_x64-windows/share/vcpkg-cmake/vcpkg_cmake_build.cmake
2025-06-23T20:28:55.9641027Z -- Installing: D:/a/synthizer3d/synthizer3d/vcpkg/packages/vcpkg-cmake_x64-windows/share/vcpkg-cmake/vcpkg_cmake_install.cmake
2025-06-23T20:28:55.9645850Z -- Installing: D:/a/synthizer3d/synthizer3d/vcpkg/packages/vcpkg-cmake_x64-windows/share/vcpkg-cmake/vcpkg-port-config.cmake
2025-06-23T20:28:55.9650747Z -- Installing: D:/a/synthizer3d/synthizer3d/vcpkg/packages/vcpkg-cmake_x64-windows/share/vcpkg-cmake/copyright
2025-06-23T20:28:55.9694872Z -- Performing post-build validation
2025-06-23T20:28:55.9741566Z Elapsed time to handle vcpkg-cmake:x64-windows: 42.1 ms
2025-06-23T20:28:55.9742435Z vcpkg-cmake:x64-windows package ABI: a500b93f9e0b831ca946128005613d551eeb943040c8f073dc3184f7e15c9834
2025-06-23T20:28:55.9743077Z Installing 3/9 libogg:x64-windows@1.3.5#2...
2025-06-23T20:28:55.9743476Z Building libogg:x64-windows@1.3.5#2...
2025-06-23T20:28:56.0137279Z Downloading https://gitlab.xiph.org/xiph/ogg/-/archive/v1.3.5/ogg-v1.3.5.tar.gz -> xiph-ogg-v1.3.5.tar.gz
2025-06-23T20:28:56.3393796Z Successfully downloaded xiph-ogg-v1.3.5.tar.gz
2025-06-23T20:28:56.6143854Z -- Extracting source D:/a/synthizer3d/synthizer3d/vcpkg/downloads/xiph-ogg-v1.3.5.tar.gz
2025-06-23T20:28:56.7593817Z -- Using source at D:/a/synthizer3d/synthizer3d/vcpkg/buildtrees/libogg/src/v1.3.5-1a4243fef9.clean
2025-06-23T20:28:56.7707441Z -- Found external ninja('1.12.1').
2025-06-23T20:28:56.7741008Z -- Configuring x64-windows
2025-06-23T20:29:02.7411713Z -- Building x64-windows-dbg
2025-06-23T20:29:03.0470343Z -- Building x64-windows-rel
2025-06-23T20:29:03.3548181Z -- Fixing pkgconfig file: D:/a/synthizer3d/synthizer3d/vcpkg/packages/libogg_x64-windows/lib/pkgconfig/ogg.pc
2025-06-23T20:29:03.3738842Z Downloading msys2-mingw-w64-x86_64-pkgconf-1~2.3.0-1-any.pkg.tar.zst, trying https://mirror.msys2.org/mingw/mingw64/mingw-w64-x86_64-pkgconf-1~2.3.0-1-any.pkg.tar.zst
2025-06-23T20:29:04.1630909Z Successfully downloaded msys2-mingw-w64-x86_64-pkgconf-1~2.3.0-1-any.pkg.tar.zst
2025-06-23T20:29:04.1846538Z Downloading msys2-msys2-runtime-3.5.4-2-x86_64.pkg.tar.zst, trying https://mirror.msys2.org/msys/x86_64/msys2-runtime-3.5.4-2-x86_64.pkg.tar.zst
2025-06-23T20:29:05.4205018Z Successfully downloaded msys2-msys2-runtime-3.5.4-2-x86_64.pkg.tar.zst
2025-06-23T20:29:05.4299493Z -- Using msys root at D:/a/synthizer3d/synthizer3d/vcpkg/downloads/tools/msys2/21caed2f81ec917b
2025-06-23T20:29:05.4368810Z -- Fixing pkgconfig file: D:/a/synthizer3d/synthizer3d/vcpkg/packages/libogg_x64-windows/debug/lib/pkgconfig/ogg.pc
2025-06-23T20:29:05.4437001Z -- Installing: D:/a/synthizer3d/synthizer3d/vcpkg/packages/libogg_x64-windows/share/libogg/copyright
2025-06-23T20:29:05.4494972Z -- Performing post-build validation
2025-06-23T20:29:05.4595072Z Elapsed time to handle libogg:x64-windows: 9.5 s
2025-06-23T20:29:05.4596074Z libogg:x64-windows package ABI: a0557943a3eb3893da4fede0807e4138b3f8e9736e60b3498faf762055851b8f
2025-06-23T20:29:05.4597036Z Installing 4/9 libvorbis:x64-windows@1.3.7#4...
2025-06-23T20:29:05.4597548Z Building libvorbis:x64-windows@1.3.7#4...
2025-06-23T20:29:05.5014719Z Downloading https://github.com/xiph/vorbis/archive/v1.3.7.tar.gz -> xiph-vorbis-v1.3.7.tar.gz
2025-06-23T20:29:05.8623522Z Successfully downloaded xiph-vorbis-v1.3.7.tar.gz
2025-06-23T20:29:05.8774626Z -- Extracting source D:/a/synthizer3d/synthizer3d/vcpkg/downloads/xiph-vorbis-v1.3.7.tar.gz
2025-06-23T20:29:06.0622297Z -- Applying patch 0001-Dont-export-vorbisenc-functions.patch
2025-06-23T20:29:06.0824396Z -- Applying patch 0002-Fixup-pkgconfig-libs.patch
2025-06-23T20:29:06.1013117Z -- Applying patch 0003-def-mingw-compat.patch
2025-06-23T20:29:06.1205044Z -- Applying patch 0004-ogg-find-dependency.patch
2025-06-23T20:29:06.1400178Z -- Using source at D:/a/synthizer3d/synthizer3d/vcpkg/buildtrees/libvorbis/src/v1.3.7-c32164610e.clean
2025-06-23T20:29:06.1505639Z -- Found external ninja('1.12.1').
2025-06-23T20:29:06.1538052Z -- Configuring x64-windows
2025-06-23T20:29:07.5888366Z -- Building x64-windows-dbg
2025-06-23T20:29:08.7747779Z -- Building x64-windows-rel
2025-06-23T20:29:11.1962288Z -- Fixing pkgconfig file: D:/a/synthizer3d/synthizer3d/vcpkg/packages/libvorbis_x64-windows/lib/pkgconfig/vorbis.pc
2025-06-23T20:29:11.1967063Z -- Fixing pkgconfig file: D:/a/synthizer3d/synthizer3d/vcpkg/packages/libvorbis_x64-windows/lib/pkgconfig/vorbisenc.pc
2025-06-23T20:29:11.1972097Z -- Fixing pkgconfig file: D:/a/synthizer3d/synthizer3d/vcpkg/packages/libvorbis_x64-windows/lib/pkgconfig/vorbisfile.pc
2025-06-23T20:29:11.2080609Z -- Using cached msys2-mingw-w64-x86_64-pkgconf-1~2.3.0-1-any.pkg.tar.zst
2025-06-23T20:29:11.2146784Z -- Using cached msys2-msys2-runtime-3.5.4-2-x86_64.pkg.tar.zst
2025-06-23T20:29:11.2150658Z -- Using msys root at D:/a/synthizer3d/synthizer3d/vcpkg/downloads/tools/msys2/21caed2f81ec917b
2025-06-23T20:29:11.2330344Z -- Fixing pkgconfig file: D:/a/synthizer3d/synthizer3d/vcpkg/packages/libvorbis_x64-windows/debug/lib/pkgconfig/vorbis.pc
2025-06-23T20:29:11.2335347Z -- Fixing pkgconfig file: D:/a/synthizer3d/synthizer3d/vcpkg/packages/libvorbis_x64-windows/debug/lib/pkgconfig/vorbisenc.pc
2025-06-23T20:29:11.2340262Z -- Fixing pkgconfig file: D:/a/synthizer3d/synthizer3d/vcpkg/packages/libvorbis_x64-windows/debug/lib/pkgconfig/vorbisfile.pc
2025-06-23T20:29:11.3557760Z -- Installing: D:/a/synthizer3d/synthizer3d/vcpkg/packages/libvorbis_x64-windows/share/libvorbis/usage
2025-06-23T20:29:11.3561434Z -- Installing: D:/a/synthizer3d/synthizer3d/vcpkg/packages/libvorbis_x64-windows/share/libvorbis/copyright
2025-06-23T20:29:11.3615900Z -- Performing post-build validation
2025-06-23T20:29:11.3710107Z Elapsed time to handle libvorbis:x64-windows: 5.9 s
2025-06-23T20:29:11.3711891Z libvorbis:x64-windows package ABI: d90efec2c9090f56a4508a9a4435f94eb42aca93d2a98ecfbdc3a996d623c61c
2025-06-23T20:29:11.3712872Z Installing 5/9 opus:x64-windows@1.5.2...
2025-06-23T20:29:11.3713456Z Building opus:x64-windows@1.5.2...
2025-06-23T20:29:11.4100231Z Downloading https://github.com/xiph/opus/archive/v1.5.2.tar.gz -> xiph-opus-v1.5.2.tar.gz
2025-06-23T20:29:12.2946428Z Successfully downloaded xiph-opus-v1.5.2.tar.gz
2025-06-23T20:29:12.3215543Z -- Extracting source D:/a/synthizer3d/synthizer3d/vcpkg/downloads/xiph-opus-v1.5.2.tar.gz
2025-06-23T20:29:12.5833239Z -- Applying patch fix-pkgconfig-version.patch
2025-06-23T20:29:12.6044775Z -- Using source at D:/a/synthizer3d/synthizer3d/vcpkg/buildtrees/opus/src/v1.5.2-81ed242155.clean
2025-06-23T20:29:12.6161325Z -- Found external ninja('1.12.1').
2025-06-23T20:29:12.6195332Z -- Configuring x64-windows
2025-06-23T20:29:17.0372279Z -- Building x64-windows-dbg
2025-06-23T20:29:22.0938832Z -- Building x64-windows-rel
2025-06-23T20:29:30.0783211Z -- Fixing pkgconfig file: D:/a/synthizer3d/synthizer3d/vcpkg/packages/opus_x64-windows/lib/pkgconfig/opus.pc
2025-06-23T20:29:30.0890660Z -- Using cached msys2-mingw-w64-x86_64-pkgconf-1~2.3.0-1-any.pkg.tar.zst
2025-06-23T20:29:30.0960155Z -- Using cached msys2-msys2-runtime-3.5.4-2-x86_64.pkg.tar.zst
2025-06-23T20:29:30.0963893Z -- Using msys root at D:/a/synthizer3d/synthizer3d/vcpkg/downloads/tools/msys2/21caed2f81ec917b
2025-06-23T20:29:30.1028453Z -- Fixing pkgconfig file: D:/a/synthizer3d/synthizer3d/vcpkg/packages/opus_x64-windows/debug/lib/pkgconfig/opus.pc
2025-06-23T20:29:30.1100724Z -- Installing: D:/a/synthizer3d/synthizer3d/vcpkg/packages/opus_x64-windows/share/opus/copyright
2025-06-23T20:29:30.1153640Z -- Performing post-build validation
2025-06-23T20:29:30.1227670Z Elapsed time to handle opus:x64-windows: 19 s
2025-06-23T20:29:30.1228696Z opus:x64-windows package ABI: 85472ea35b34b5b2cb87ab8fa93a3b878862ba2c74d619b262819f1046f3d06f
2025-06-23T20:29:30.1229645Z Installing 6/9 opusfile:x64-windows@0.12+20221121#1...
2025-06-23T20:29:30.1230295Z Building opusfile:x64-windows@0.12+20221121#1...
2025-06-23T20:29:30.1525540Z -- Note: opusfile only supports static library linkage. Building static library.
2025-06-23T20:29:30.1622337Z Downloading https://github.com/xiph/opusfile/archive/9d718345ce03b2fad5d7d28e0bcd1cc69ab2b166.tar.gz -> xiph-opusfile-9d718345ce03b2fad5d7d28e0bcd1cc69ab2b166.tar.gz
2025-06-23T20:29:30.4556355Z Successfully downloaded xiph-opusfile-9d718345ce03b2fad5d7d28e0bcd1cc69ab2b166.tar.gz
2025-06-23T20:29:30.4655640Z -- Extracting source D:/a/synthizer3d/synthizer3d/vcpkg/downloads/xiph-opusfile-9d718345ce03b2fad5d7d28e0bcd1cc69ab2b166.tar.gz
2025-06-23T20:29:30.5958479Z -- Using source at D:/a/synthizer3d/synthizer3d/vcpkg/buildtrees/opusfile/src/c69ab2b166-6cc7de23ec.clean
2025-06-23T20:29:30.6072030Z -- Found external ninja('1.12.1').
2025-06-23T20:29:30.6154922Z -- Configuring x64-windows
2025-06-23T20:29:31.7946829Z -- Building x64-windows-dbg
2025-06-23T20:29:32.0517636Z -- Building x64-windows-rel
2025-06-23T20:29:32.5436316Z -- Fixing pkgconfig file: D:/a/synthizer3d/synthizer3d/vcpkg/packages/opusfile_x64-windows/lib/pkgconfig/opusfile.pc
2025-06-23T20:29:32.5545148Z -- Using cached msys2-mingw-w64-x86_64-pkgconf-1~2.3.0-1-any.pkg.tar.zst
2025-06-23T20:29:32.5613249Z -- Using cached msys2-msys2-runtime-3.5.4-2-x86_64.pkg.tar.zst
2025-06-23T20:29:32.5617104Z -- Using msys root at D:/a/synthizer3d/synthizer3d/vcpkg/downloads/tools/msys2/21caed2f81ec917b
2025-06-23T20:29:32.5687683Z -- Fixing pkgconfig file: D:/a/synthizer3d/synthizer3d/vcpkg/packages/opusfile_x64-windows/debug/lib/pkgconfig/opusfile.pc
2025-06-23T20:29:32.5783314Z -- Installing: D:/a/synthizer3d/synthizer3d/vcpkg/packages/opusfile_x64-windows/share/opusfile/copyright
2025-06-23T20:29:32.5791768Z -- Installing: D:/a/synthizer3d/synthizer3d/vcpkg/packages/opusfile_x64-windows/share/opusfile/usage
2025-06-23T20:29:32.5841006Z -- Performing post-build validation
2025-06-23T20:29:32.5904307Z Elapsed time to handle opusfile:x64-windows: 2.5 s
2025-06-23T20:29:32.5905404Z opusfile:x64-windows package ABI: 393a65d651c7a2ecd7aa3929806afcb2252d03470cf3ab96d0a5a178ff8ac0ea
2025-06-23T20:29:32.5905941Z Installing 7/9 atl:x64-windows@0...
2025-06-23T20:29:32.5906223Z Building atl:x64-windows@0...
2025-06-23T20:29:32.6246078Z -- Skipping post-build validation due to VCPKG_POLICY_EMPTY_PACKAGE
2025-06-23T20:29:32.6270082Z Elapsed time to handle atl:x64-windows: 36.5 ms
2025-06-23T20:29:32.6270770Z atl:x64-windows package ABI: 00c2ec0d92501baf73b36832a4cf6267281ce78714eab01bcc631fe906883872
2025-06-23T20:29:32.6271279Z Installing 8/9 atlmfc:x64-windows@0#3...
2025-06-23T20:29:32.6271620Z Building atlmfc:x64-windows@0#3...
2025-06-23T20:29:32.6602425Z -- Skipping post-build validation due to VCPKG_POLICY_EMPTY_PACKAGE
2025-06-23T20:29:32.6629582Z Elapsed time to handle atlmfc:x64-windows: 35.9 ms
2025-06-23T20:29:32.6630607Z atlmfc:x64-windows package ABI: eb110e8ab4abe86fa37c7f0085ad4fc46ce18802f978ea90d75ed1f56bb72837
2025-06-23T20:29:32.6631728Z Installing 9/9 soundtouch:x64-windows@2.3.3...
2025-06-23T20:29:32.6632281Z Building soundtouch:x64-windows@2.3.3...
2025-06-23T20:29:32.7012000Z Downloading https://codeberg.org/soundtouch/soundtouch/archive/2.3.3.tar.gz -> soundtouch-soundtouch-2.3.3.tar.gz
2025-06-23T20:29:34.2037823Z Successfully downloaded soundtouch-soundtouch-2.3.3.tar.gz
2025-06-23T20:29:34.2153785Z -- Extracting source D:/a/synthizer3d/synthizer3d/vcpkg/downloads/soundtouch-soundtouch-2.3.3.tar.gz
2025-06-23T20:29:34.3639411Z -- Using source at D:/a/synthizer3d/synthizer3d/vcpkg/buildtrees/soundtouch/src/2.3.3-309213044d.clean
2025-06-23T20:29:34.3747893Z -- Found external ninja('1.12.1').
2025-06-23T20:29:34.3781526Z -- Configuring x64-windows
2025-06-23T20:29:35.7518980Z -- Building x64-windows-dbg
2025-06-23T20:29:37.8030635Z -- Building x64-windows-rel
2025-06-23T20:29:39.8801738Z -- Fixing pkgconfig file: D:/a/synthizer3d/synthizer3d/vcpkg/packages/soundtouch_x64-windows/lib/pkgconfig/soundtouch.pc
2025-06-23T20:29:39.8907175Z -- Using cached msys2-mingw-w64-x86_64-pkgconf-1~2.3.0-1-any.pkg.tar.zst
2025-06-23T20:29:39.8977543Z -- Using cached msys2-msys2-runtime-3.5.4-2-x86_64.pkg.tar.zst
2025-06-23T20:29:39.8981839Z -- Using msys root at D:/a/synthizer3d/synthizer3d/vcpkg/downloads/tools/msys2/21caed2f81ec917b
2025-06-23T20:29:39.9047267Z -- Fixing pkgconfig file: D:/a/synthizer3d/synthizer3d/vcpkg/packages/soundtouch_x64-windows/debug/lib/pkgconfig/soundtouch.pc
2025-06-23T20:29:39.9496154Z -- Installing: D:/a/synthizer3d/synthizer3d/vcpkg/packages/soundtouch_x64-windows/share/soundtouch/copyright
2025-06-23T20:29:39.9553073Z -- Performing post-build validation
2025-06-23T20:29:39.9638398Z Elapsed time to handle soundtouch:x64-windows: 7.3 s
2025-06-23T20:29:39.9639147Z soundtouch:x64-windows package ABI: cba299c175d42d095d98a381b7b4aa62179cb526de49043c0d1fb0751d841aaf
2025-06-23T20:29:39.9658342Z libogg provides CMake targets:
2025-06-23T20:29:39.9658647Z 
2025-06-23T20:29:39.9658997Z   # this is heuristically generated, and may not be correct
2025-06-23T20:29:39.9659428Z   find_package(Ogg CONFIG REQUIRED)
2025-06-23T20:29:39.9659864Z   target_link_libraries(main PRIVATE Ogg::ogg)
2025-06-23T20:29:39.9660094Z 
2025-06-23T20:29:39.9660253Z libogg provides pkg-config modules:
2025-06-23T20:29:39.9660445Z 
2025-06-23T20:29:39.9660661Z   # ogg is a library for manipulating ogg bitstreams
2025-06-23T20:29:39.9660955Z   ogg
2025-06-23T20:29:39.9661086Z 
2025-06-23T20:29:39.9661355Z The package libvorbis provides CMake targets:
2025-06-23T20:29:39.9661671Z 
2025-06-23T20:29:39.9662804Z     # Vorbis reference encoder and decoder, low-level API
2025-06-23T20:29:39.9663251Z     find_package(Vorbis CONFIG REQUIRED)
2025-06-23T20:29:39.9663674Z     target_link_libraries(main PRIVATE Vorbis::vorbis)
2025-06-23T20:29:39.9663907Z 
2025-06-23T20:29:39.9664184Z     # Audio stream decoding and basic manipulation, high-level API
2025-06-23T20:29:39.9664726Z     find_package(Vorbis CONFIG REQUIRED)
2025-06-23T20:29:39.9665274Z     target_link_libraries(main PRIVATE Vorbis::vorbisfile)
2025-06-23T20:29:39.9665534Z 
2025-06-23T20:29:39.9665785Z     # Convenience API for setting up an encoding environment
2025-06-23T20:29:39.9666257Z     find_package(Vorbis CONFIG REQUIRED)
2025-06-23T20:29:39.9666814Z     target_link_libraries(main PRIVATE Vorbis::vorbisenc)
2025-06-23T20:29:39.9667112Z 
2025-06-23T20:29:39.9667320Z opus provides CMake targets:
2025-06-23T20:29:39.9667541Z 
2025-06-23T20:29:39.9667790Z   # this is heuristically generated, and may not be correct
2025-06-23T20:29:39.9668193Z   find_package(Opus CONFIG REQUIRED)
2025-06-23T20:29:39.9668583Z   target_link_libraries(main PRIVATE Opus::opus)
2025-06-23T20:29:39.9668812Z 
2025-06-23T20:29:39.9668966Z opus provides pkg-config modules:
2025-06-23T20:29:39.9669147Z 
2025-06-23T20:29:39.9669468Z   # Opus IETF audio codec ( build)
2025-06-23T20:29:39.9669715Z   opus
2025-06-23T20:29:39.9669811Z 
2025-06-23T20:29:39.9669999Z The package opusfile provides CMake targets:
2025-06-23T20:29:39.9670217Z 
2025-06-23T20:29:39.9670390Z     find_package(OpusFile CONFIG REQUIRED)
2025-06-23T20:29:39.9670827Z     target_link_libraries(main PRIVATE OpusFile::opusfile)
2025-06-23T20:29:39.9671075Z 
2025-06-23T20:29:39.9671215Z     # To use the opusurl API
2025-06-23T20:29:39.9671602Z     target_link_libraries(main PRIVATE OpusFile::opusurl)
2025-06-23T20:29:39.9671850Z 
2025-06-23T20:29:39.9672006Z soundtouch provides CMake targets:
2025-06-23T20:29:39.9672185Z 
2025-06-23T20:29:39.9672426Z   # this is heuristically generated, and may not be correct
2025-06-23T20:29:39.9672782Z   find_package(SoundTouch CONFIG REQUIRED)
2025-06-23T20:29:39.9673157Z   target_link_libraries(main PRIVATE SoundTouch::SoundTouch)
2025-06-23T20:29:39.9673383Z 
2025-06-23T20:29:39.9673527Z soundtouch provides pkg-config modules:
2025-06-23T20:29:39.9673692Z 
2025-06-23T20:29:39.9674193Z   # SoundTouch is an open-source audio processing library for changing the Tempo, Pitch and Playback Rates of audio streams or files
2025-06-23T20:29:39.9674670Z   soundtouch
2025-06-23T20:29:39.9674937Z 
2025-06-23T20:29:39.9675338Z All requested installations completed successfully in: 44 s
2025-06-23T20:29:39.9770887Z Finished vcpkg install command.
2025-06-23T20:29:40.0056671Z Verifying existence of target CMAKE_PREFIX_PATH: D:\a\synthizer3d\synthizer3d\vcpkg_installed\x64-windows
2025-06-23T20:29:40.0095147Z Confermato: La directory target per CMAKE_PREFIX_PATH esiste: D:\a\synthizer3d\synthizer3d\vcpkg_installed\x64-windows
2025-06-23T20:29:40.0272349Z CMAKE_PREFIX_PATH impostato a D:\a\synthizer3d\synthizer3d\vcpkg_installed\x64-windows
2025-06-23T20:29:40.0635940Z ##[group]Run python -m pip install --upgrade pip
2025-06-23T20:29:40.0636393Z [36;1mpython -m pip install --upgrade pip[0m
2025-06-23T20:29:40.0636966Z [36;1mpip install ninja cmake wheel tomli setuptools packaging distro scikit-build cython build delvewheel[0m
2025-06-23T20:29:40.0668579Z shell: C:\Program Files\PowerShell\7\pwsh.EXE -command ". '{0}'"
2025-06-23T20:29:40.0668882Z env:
2025-06-23T20:29:40.0669048Z   PYVERSION: 3.9
2025-06-23T20:29:40.0669207Z   CI_ARCH_LOWER: x64
2025-06-23T20:29:40.0669373Z   CI_WINDOWS: 1
2025-06-23T20:29:40.0669521Z   CI_ARCH_ENV: x64
2025-06-23T20:29:40.0669688Z   VCPKG_DEFAULT_TRIPLET: x64-windows
2025-06-23T20:29:40.0670033Z   EFFECTIVE_VCPKG_INSTALLED_DIR_BASE: D:\a\synthizer3d\synthizer3d\vcpkg_installed
2025-06-23T20:29:40.0670479Z   pythonLocation: C:\hostedtoolcache\windows\Python\3.9.13\x64
2025-06-23T20:29:40.0670879Z   PKG_CONFIG_PATH: C:\hostedtoolcache\windows\Python\3.9.13\x64/lib/pkgconfig
2025-06-23T20:29:40.0671285Z   Python_ROOT_DIR: C:\hostedtoolcache\windows\Python\3.9.13\x64
2025-06-23T20:29:40.0671642Z   Python2_ROOT_DIR: C:\hostedtoolcache\windows\Python\3.9.13\x64
2025-06-23T20:29:40.0672015Z   Python3_ROOT_DIR: C:\hostedtoolcache\windows\Python\3.9.13\x64
2025-06-23T20:29:40.0672315Z   CommandPromptType: Native
2025-06-23T20:29:40.0672641Z   DevEnvDir: C:\Program Files\Microsoft Visual Studio\2022\Enterprise\Common7\IDE\
2025-06-23T20:29:40.0673120Z   ExtensionSdkDir: C:\Program Files (x86)\Microsoft SDKs\Windows Kits\10\ExtensionSDKs
2025-06-23T20:29:40.0675152Z   EXTERNAL_INCLUDE: C:\Program Files\Microsoft Visual Studio\2022\Enterprise\VC\Tools\MSVC\14.43.34808\include;C:\Program Files\Microsoft Visual Studio\2022\Enterprise\VC\Tools\MSVC\14.43.34808\ATLMFC\include;C:\Program Files\Microsoft Visual Studio\2022\Enterprise\VC\Auxiliary\VS\include;C:\Program Files (x86)\Windows Kits\10\include\10.0.26100.0\ucrt;C:\Program Files (x86)\Windows Kits\10\\include\10.0.26100.0\\um;C:\Program Files (x86)\Windows Kits\10\\include\10.0.26100.0\\shared;C:\Program Files (x86)\Windows Kits\10\\include\10.0.26100.0\\winrt;C:\Program Files (x86)\Windows Kits\10\\include\10.0.26100.0\\cppwinrt;C:\Program Files (x86)\Windows Kits\NETFXSDK\4.8\include\um
2025-06-23T20:29:40.0677050Z   Framework40Version: v4.0
2025-06-23T20:29:40.0677287Z   FrameworkDir: C:\Windows\Microsoft.NET\Framework64\
2025-06-23T20:29:40.0677591Z   FrameworkDir64: C:\Windows\Microsoft.NET\Framework64\
2025-06-23T20:29:40.0677851Z   FrameworkVersion: v4.0.30319
2025-06-23T20:29:40.0678053Z   FrameworkVersion64: v4.0.30319
2025-06-23T20:29:40.0678524Z   FSHARPINSTALLDIR: C:\Program Files\Microsoft Visual Studio\2022\Enterprise\Common7\IDE\CommonExtensions\Microsoft\FSharp\Tools
2025-06-23T20:29:40.0679054Z   HTMLHelpDir: C:\Program Files (x86)\HTML Help Workshop
2025-06-23T20:29:40.0679471Z   IFCPATH: C:\Program Files\Microsoft Visual Studio\2022\Enterprise\VC\Tools\MSVC\14.43.34808\ifc\x64
2025-06-23T20:29:40.0681484Z   INCLUDE: C:\Program Files\Microsoft Visual Studio\2022\Enterprise\VC\Tools\MSVC\14.43.34808\include;C:\Program Files\Microsoft Visual Studio\2022\Enterprise\VC\Tools\MSVC\14.43.34808\ATLMFC\include;C:\Program Files\Microsoft Visual Studio\2022\Enterprise\VC\Auxiliary\VS\include;C:\Program Files (x86)\Windows Kits\10\include\10.0.26100.0\ucrt;C:\Program Files (x86)\Windows Kits\10\\include\10.0.26100.0\\um;C:\Program Files (x86)\Windows Kits\10\\include\10.0.26100.0\\shared;C:\Program Files (x86)\Windows Kits\10\\include\10.0.26100.0\\winrt;C:\Program Files (x86)\Windows Kits\10\\include\10.0.26100.0\\cppwinrt;C:\Program Files (x86)\Windows Kits\NETFXSDK\4.8\include\um
2025-06-23T20:29:40.0683464Z   is_x64_arch: true
2025-06-23T20:29:40.0686449Z   LIB: C:\Program Files\Microsoft Visual Studio\2022\Enterprise\VC\Tools\MSVC\14.43.34808\ATLMFC\lib\x64;C:\Program Files\Microsoft Visual Studio\2022\Enterprise\VC\Tools\MSVC\14.43.34808\lib\x64;C:\Program Files (x86)\Windows Kits\NETFXSDK\4.8\lib\um\x64;C:\Program Files (x86)\Windows Kits\10\lib\10.0.26100.0\ucrt\x64;C:\Program Files (x86)\Windows Kits\10\\lib\10.0.26100.0\\um\x64
2025-06-23T20:29:40.0688778Z   LIBPATH: C:\Program Files\Microsoft Visual Studio\2022\Enterprise\VC\Tools\MSVC\14.43.34808\ATLMFC\lib\x64;C:\Program Files\Microsoft Visual Studio\2022\Enterprise\VC\Tools\MSVC\14.43.34808\lib\x64;C:\Program Files\Microsoft Visual Studio\2022\Enterprise\VC\Tools\MSVC\14.43.34808\lib\x86\store\references;C:\Program Files (x86)\Windows Kits\10\UnionMetadata\10.0.26100.0;C:\Program Files (x86)\Windows Kits\10\References\10.0.26100.0;C:\Windows\Microsoft.NET\Framework64\v4.0.30319
2025-06-23T20:29:40.0690268Z   NETFXSDKDir: C:\Program Files (x86)\Windows Kits\NETFXSDK\4.8\
2025-06-23T20:29:40.0703526Z   Path: C:\Program Files\Microsoft Visual Studio\2022\Enterprise\VC\Tools\MSVC\14.43.34808\bin\HostX64\x64;C:\Program Files\Microsoft Visual Studio\2022\Enterprise\Common7\IDE\VC\VCPackages;C:\Program Files\Microsoft Visual Studio\2022\Enterprise\Common7\IDE\CommonExtensions\Microsoft\TestWindow;C:\Program Files\Microsoft Visual Studio\2022\Enterprise\Common7\IDE\CommonExtensions\Microsoft\TeamFoundation\Team Explorer;C:\Program Files\Microsoft Visual Studio\2022\Enterprise\MSBuild\Current\bin\Roslyn;C:\Program Files (x86)\Microsoft SDKs\Windows\v10.0A\bin\NETFX 4.8 Tools\x64\;C:\Program Files (x86)\HTML Help Workshop;C:\Program Files\Microsoft Visual Studio\2022\Enterprise\Common7\IDE\CommonExtensions\Microsoft\FSharp\Tools;C:\Program Files\Microsoft Visual Studio\2022\Enterprise\Team Tools\DiagnosticsHub\Collector;C:\Program Files\Microsoft Visual Studio\2022\Enterprise\Common7\IDE\Extensions\Microsoft\CodeCoverage.Console;C:\Program Files (x86)\Windows Kits\10\bin\10.0.26100.0\\x64;C:\Program Files (x86)\Windows Kits\10\bin\\x64;C:\Program Files\Microsoft Visual Studio\2022\Enterprise\\MSBuild\Current\Bin\amd64;C:\Windows\Microsoft.NET\Framework64\v4.0.30319;C:\Program Files\Microsoft Visual Studio\2022\Enterprise\Common7\IDE\;C:\Program Files\Microsoft Visual Studio\2022\Enterprise\Common7\Tools\;C:\Users\runneradmin\AppData\Roaming\Python\Python39\Scripts;C:\hostedtoolcache\windows\Python\3.9.13\x64\Scripts;C:\hostedtoolcache\windows\Python\3.9.13\x64;C:\Program Files\MongoDB\Server\5.0\bin;C:\aliyun-cli;C:\vcpkg;C:\Program Files (x86)\NSIS\;C:\tools\zstd;C:\Program Files\Mercurial\;C:\hostedtoolcache\windows\stack\3.5.1\x64;C:\cabal\bin;C:\\ghcup\bin;C:\mingw64\bin;C:\Program Files\dotnet;C:\Program Files\MySQL\MySQL Server 8.0\bin;C:\Program Files\R\R-4.4.2\bin\x64;C:\SeleniumWebDrivers\GeckoDriver;C:\SeleniumWebDrivers\EdgeDriver\;C:\SeleniumWebDrivers\ChromeDriver;C:\Program Files (x86)\sbt\bin;C:\Program Files (x86)\GitHub CLI;C:\Program Files\Git\bin;C:\Program Files (x86)\pipx_bin;C:\npm\prefix;C:\hostedtoolcache\windows\go\1.24.3\x64\bin;C:\hostedtoolcache\windows\Ruby\3.3.8\x64\bin;C:\Program Files\OpenSSL\bin;C:\tools\kotlinc\bin;C:\hostedtoolcache\windows\Java_Temurin-Hotspot_jdk\8.0.452-9\x64\bin;C:\Program Files\ImageMagick-7.1.1-Q16-HDRI;C:\Program Files\Microsoft SDKs\Azure\CLI2\wbin;C:\ProgramData\kind;C:\ProgramData\Chocolatey\bin;C:\Windows\system32;C:\Windows;C:\Windows\System32\Wbem;C:\Windows\System32\WindowsPowerShell\v1.0\;C:\Windows\System32\OpenSSH\;C:\Program Files\dotnet\;C:\Program Files\PowerShell\7\;C:\Program Files\Microsoft\Web Platform Installer\;C:\Program Files\TortoiseSVN\bin;C:\Program Files\Microsoft SQL Server\Client SDK\ODBC\170\Tools\Binn\;C:\Program Files\Microsoft SQL Server\150\Tools\Binn\;C:\Program Files (x86)\Windows Kits\10\Windows Performance Toolkit\;C:\Program Files (x86)\WiX Toolset v3.14\bin;C:\Program Files\Microsoft SQL Server\130\DTS\Binn\;C:\Program Files\Microsoft SQL Server\140\DTS\Binn\;C:\Program Files\Microsoft SQL Server\150\DTS\Binn\;C:\Program Files\Microsoft SQL Server\160\DTS\Binn\;C:\Strawberry\c\bin;C:\Strawberry\perl\site\bin;C:\Strawberry\perl\bin;C:\ProgramData\chocolatey\lib\pulumi\tools\Pulumi\bin;C:\Program Files\CMake\bin;C:\ProgramData\chocolatey\lib\maven\apache-maven-3.9.9\bin;C:\Program Files\Microsoft Service Fabric\bin\Fabric\Fabric.Code;C:\Program Files\Microsoft SDKs\Service Fabric\Tools\ServiceFabricLocalClusterManager;C:\Program Files\nodejs\;C:\Program Files\Git\cmd;C:\Program Files\Git\mingw64\bin;C:\Program Files\Git\usr\bin;C:\Program Files\GitHub CLI\;c:\tools\php;C:\Program Files\Amazon\AWSCLIV2\;C:\Program Files\Amazon\SessionManagerPlugin\bin\;C:\Program Files\Amazon\AWSSAMCLI\bin\;C:\Program Files\Microsoft SQL Server\130\Tools\Binn\;C:\Program Files\LLVM\bin;C:\Users\runneradmin\.dotnet\tools;C:\Users\runneradmin\.cargo\bin;C:\Users\runneradmin\AppData\Local\Microsoft\WindowsApps;C:\Program Files (x86)\Microsoft Visual Studio\Installer;C:\Program Files\Microsoft Visual Studio\2022\Enterprise\VC\Tools\Llvm\x64\bin;C:\Program Files\Microsoft Visual Studio\2022\Enterprise\Common7\IDE\CommonExtensions\Microsoft\CMake\CMake\bin;C:\Program Files\Microsoft Visual Studio\2022\Enterprise\Common7\IDE\CommonExtensions\Microsoft\CMake\Ninja;C:\Program Files\Microsoft Visual Studio\2022\Enterprise\Common7\IDE\VC\Linux\bin\ConnectionManagerExe;C:\Program Files\Microsoft Visual Studio\2022\Enterprise\VC\vcpkg
2025-06-23T20:29:40.0716390Z   Platform: x64
2025-06-23T20:29:40.0716556Z   UCRTVersion: 10.0.26100.0
2025-06-23T20:29:40.0716814Z   UniversalCRTSdkDir: C:\Program Files (x86)\Windows Kits\10\
2025-06-23T20:29:40.0717250Z   VCIDEInstallDir: C:\Program Files\Microsoft Visual Studio\2022\Enterprise\Common7\IDE\VC\
2025-06-23T20:29:40.0717720Z   VCINSTALLDIR: C:\Program Files\Microsoft Visual Studio\2022\Enterprise\VC\
2025-06-23T20:29:40.0718069Z   VCPKG_ROOT: D:\a\synthizer3d\synthizer3d\vcpkg
2025-06-23T20:29:40.0718496Z   VCToolsInstallDir: C:\Program Files\Microsoft Visual Studio\2022\Enterprise\VC\Tools\MSVC\14.43.34808\
2025-06-23T20:29:40.0719090Z   VCToolsRedistDir: C:\Program Files\Microsoft Visual Studio\2022\Enterprise\VC\Redist\MSVC\14.42.34433\
2025-06-23T20:29:40.0719489Z   VCToolsVersion: 14.43.34808
2025-06-23T20:29:40.0719682Z   VisualStudioVersion: 17.0
2025-06-23T20:29:40.0720013Z   VS170COMNTOOLS: C:\Program Files\Microsoft Visual Studio\2022\Enterprise\Common7\Tools\
2025-06-23T20:29:40.0720373Z   VSCMD_ARG_app_plat: Desktop
2025-06-23T20:29:40.0720563Z   VSCMD_ARG_HOST_ARCH: x64
2025-06-23T20:29:40.0720739Z   VSCMD_ARG_TGT_ARCH: x64
2025-06-23T20:29:40.0720909Z   VSCMD_VER: 17.13.2
2025-06-23T20:29:40.0721174Z   VSINSTALLDIR: C:\Program Files\Microsoft Visual Studio\2022\Enterprise\
2025-06-23T20:29:40.0721601Z   VSSDK150INSTALL: C:\Program Files\Microsoft Visual Studio\2022\Enterprise\VSSDK
2025-06-23T20:29:40.0722036Z   VSSDKINSTALL: C:\Program Files\Microsoft Visual Studio\2022\Enterprise\VSSDK
2025-06-23T20:29:40.0722637Z   WindowsLibPath: C:\Program Files (x86)\Windows Kits\10\UnionMetadata\10.0.26100.0;C:\Program Files (x86)\Windows Kits\10\References\10.0.26100.0
2025-06-23T20:29:40.0723208Z   WindowsSdkBinPath: C:\Program Files (x86)\Windows Kits\10\bin\
2025-06-23T20:29:40.0723542Z   WindowsSdkDir: C:\Program Files (x86)\Windows Kits\10\
2025-06-23T20:29:40.0723812Z   WindowsSDKLibVersion: 10.0.26100.0\
2025-06-23T20:29:40.0724145Z   WindowsSdkVerBinPath: C:\Program Files (x86)\Windows Kits\10\bin\10.0.26100.0\
2025-06-23T20:29:40.0724482Z   WindowsSDKVersion: 10.0.26100.0\
2025-06-23T20:29:40.0724877Z   WindowsSDK_ExecutablePath_x64: C:\Program Files (x86)\Microsoft SDKs\Windows\v10.0A\bin\NETFX 4.8 Tools\x64\
2025-06-23T20:29:40.0725467Z   WindowsSDK_ExecutablePath_x86: C:\Program Files (x86)\Microsoft SDKs\Windows\v10.0A\bin\NETFX 4.8 Tools\
2025-06-23T20:29:40.0725945Z   __DOTNET_ADD_64BIT: 1
2025-06-23T20:29:40.0726122Z   __DOTNET_PREFERRED_BITNESS: 64
2025-06-23T20:29:40.0734144Z   __VSCMD_PREINIT_PATH: C:\Users\runneradmin\AppData\Roaming\Python\Python39\Scripts;C:\hostedtoolcache\windows\Python\3.9.13\x64\Scripts;C:\hostedtoolcache\windows\Python\3.9.13\x64;C:\Program Files\MongoDB\Server\5.0\bin;C:\aliyun-cli;C:\vcpkg;C:\Program Files (x86)\NSIS\;C:\tools\zstd;C:\Program Files\Mercurial\;C:\hostedtoolcache\windows\stack\3.5.1\x64;C:\cabal\bin;C:\\ghcup\bin;C:\mingw64\bin;C:\Program Files\dotnet;C:\Program Files\MySQL\MySQL Server 8.0\bin;C:\Program Files\R\R-4.4.2\bin\x64;C:\SeleniumWebDrivers\GeckoDriver;C:\SeleniumWebDrivers\EdgeDriver\;C:\SeleniumWebDrivers\ChromeDriver;C:\Program Files (x86)\sbt\bin;C:\Program Files (x86)\GitHub CLI;C:\Program Files\Git\bin;C:\Program Files (x86)\pipx_bin;C:\npm\prefix;C:\hostedtoolcache\windows\go\1.24.3\x64\bin;C:\hostedtoolcache\windows\Python\3.9.13\x64\Scripts;C:\hostedtoolcache\windows\Python\3.9.13\x64;C:\hostedtoolcache\windows\Ruby\3.3.8\x64\bin;C:\Program Files\OpenSSL\bin;C:\tools\kotlinc\bin;C:\hostedtoolcache\windows\Java_Temurin-Hotspot_jdk\8.0.452-9\x64\bin;C:\Program Files\ImageMagick-7.1.1-Q16-HDRI;C:\Program Files\Microsoft SDKs\Azure\CLI2\wbin;C:\ProgramData\kind;C:\ProgramData\Chocolatey\bin;C:\Windows\system32;C:\Windows;C:\Windows\System32\Wbem;C:\Windows\System32\WindowsPowerShell\v1.0\;C:\Windows\System32\OpenSSH\;C:\Program Files\dotnet\;C:\Program Files\PowerShell\7\;C:\Program Files\Microsoft\Web Platform Installer\;C:\Program Files\TortoiseSVN\bin;C:\Program Files\Microsoft SQL Server\Client SDK\ODBC\170\Tools\Binn\;C:\Program Files\Microsoft SQL Server\150\Tools\Binn\;C:\Program Files (x86)\Windows Kits\10\Windows Performance Toolkit\;C:\Program Files (x86)\WiX Toolset v3.14\bin;C:\Program Files\Microsoft SQL Server\130\DTS\Binn\;C:\Program Files\Microsoft SQL Server\140\DTS\Binn\;C:\Program Files\Microsoft SQL Server\150\DTS\Binn\;C:\Program Files\Microsoft SQL Server\160\DTS\Binn\;C:\Strawberry\c\bin;C:\Strawberry\perl\site\bin;C:\Strawberry\perl\bin;C:\ProgramData\chocolatey\lib\pulumi\tools\Pulumi\bin;C:\Program Files\CMake\bin;C:\ProgramData\chocolatey\lib\maven\apache-maven-3.9.9\bin;C:\Program Files\Microsoft Service Fabric\bin\Fabric\Fabric.Code;C:\Program Files\Microsoft SDKs\Service Fabric\Tools\ServiceFabricLocalClusterManager;C:\Program Files\nodejs\;C:\Program Files\Git\cmd;C:\Program Files\Git\mingw64\bin;C:\Program Files\Git\usr\bin;C:\Program Files\GitHub CLI\;c:\tools\php;C:\Program Files (x86)\sbt\bin;C:\Program Files\Amazon\AWSCLIV2\;C:\Program Files\Amazon\SessionManagerPlugin\bin\;C:\Program Files\Amazon\AWSSAMCLI\bin\;C:\Program Files\Microsoft SQL Server\130\Tools\Binn\;C:\Program Files\LLVM\bin;C:\Users\runneradmin\.dotnet\tools;C:\Users\runneradmin\.cargo\bin;C:\Users\runneradmin\AppData\Local\Microsoft\WindowsApps;C:\Program Files (x86)\Microsoft Visual Studio\Installer
2025-06-23T20:29:40.0742342Z   VCPKG_DEFAULT_BINARY_CACHE: D:/a/synthizer3d/synthizer3d/969f6665-88a2-4c98-938e-ca9259871fec/vcpkg_cache
2025-06-23T20:29:40.0742789Z   VCPKG_BINARY_SOURCES: clear;x-gha,readwrite
2025-06-23T20:29:40.0743338Z   ACTIONS_CACHE_URL: https://acghubeus2.actions.githubusercontent.com/bwbzopuV3oKlbowlUKWdOnf6KF0vjv7EYqCB3ZHqukKhTVgy74/
2025-06-23T20:29:40.0780345Z   ACTIONS_RUNTIME_TOKEN: ***
2025-06-23T20:29:40.0780610Z   RUNVCPKG_VCPKG_ROOT: D:\a\synthizer3d\synthizer3d\vcpkg
2025-06-23T20:29:40.0780992Z   CMAKE_PREFIX_PATH: D:\a\synthizer3d\synthizer3d\vcpkg_installed\x64-windows
2025-06-23T20:29:40.0781299Z ##[endgroup]
2025-06-23T20:29:41.1652854Z Requirement already satisfied: pip in c:\hostedtoolcache\windows\python\3.9.13\x64\lib\site-packages (25.1.1)
2025-06-23T20:29:42.2209125Z Collecting ninja
2025-06-23T20:29:42.2236373Z   Using cached ninja-1.11.1.4-py3-none-win_amd64.whl.metadata (5.0 kB)
2025-06-23T20:29:42.3671405Z Collecting cmake
2025-06-23T20:29:42.3699744Z   Using cached cmake-4.0.3-py3-none-win_amd64.whl.metadata (6.3 kB)
2025-06-23T20:29:42.4012400Z Collecting wheel
2025-06-23T20:29:42.4037706Z   Using cached wheel-0.45.1-py3-none-any.whl.metadata (2.3 kB)
2025-06-23T20:29:42.4057536Z Requirement already satisfied: tomli in c:\hostedtoolcache\windows\python\3.9.13\x64\lib\site-packages (2.2.1)
2025-06-23T20:29:42.4061844Z Requirement already satisfied: setuptools in c:\hostedtoolcache\windows\python\3.9.13\x64\lib\site-packages (58.1.0)
2025-06-23T20:29:42.4065961Z Requirement already satisfied: packaging in c:\hostedtoolcache\windows\python\3.9.13\x64\lib\site-packages (25.0)
2025-06-23T20:29:42.4250843Z Collecting distro
2025-06-23T20:29:42.4275721Z   Using cached distro-1.9.0-py3-none-any.whl.metadata (6.8 kB)
2025-06-23T20:29:42.4543897Z Collecting scikit-build
2025-06-23T20:29:42.4568735Z   Using cached scikit_build-0.18.1-py3-none-any.whl.metadata (18 kB)
2025-06-23T20:29:42.7002234Z Collecting cython
2025-06-23T20:29:42.7030283Z   Using cached cython-3.1.2-cp39-cp39-win_amd64.whl.metadata (6.0 kB)
2025-06-23T20:29:42.7246066Z Collecting build
2025-06-23T20:29:42.7272578Z   Using cached build-1.2.2.post1-py3-none-any.whl.metadata (6.5 kB)
2025-06-23T20:29:42.7661421Z Collecting delvewheel
2025-06-23T20:29:42.7686668Z   Using cached delvewheel-1.10.1-py3-none-any.whl.metadata (17 kB)
2025-06-23T20:29:42.8024137Z Collecting pyproject_hooks (from build)
2025-06-23T20:29:42.8049040Z   Using cached pyproject_hooks-1.2.0-py3-none-any.whl.metadata (1.3 kB)
2025-06-23T20:29:42.8066777Z Requirement already satisfied: colorama in c:\hostedtoolcache\windows\python\3.9.13\x64\lib\site-packages (from build) (0.4.6)
2025-06-23T20:29:42.8472886Z Collecting importlib-metadata>=4.6 (from build)
2025-06-23T20:29:42.8498052Z   Using cached importlib_metadata-8.7.0-py3-none-any.whl.metadata (4.8 kB)
2025-06-23T20:29:42.8791137Z Collecting pefile>=2024.8.26 (from delvewheel)
2025-06-23T20:29:42.8817833Z   Using cached pefile-2024.8.26-py3-none-any.whl.metadata (1.4 kB)
2025-06-23T20:29:42.9103063Z Collecting zipp>=3.20 (from importlib-metadata>=4.6->build)
2025-06-23T20:29:42.9128711Z   Using cached zipp-3.23.0-py3-none-any.whl.metadata (3.6 kB)
2025-06-23T20:29:42.9248849Z Using cached ninja-1.11.1.4-py3-none-win_amd64.whl (296 kB)
2025-06-23T20:29:42.9275185Z Using cached cmake-4.0.3-py3-none-win_amd64.whl (36.9 MB)
2025-06-23T20:29:42.9488024Z Using cached wheel-0.45.1-py3-none-any.whl (72 kB)
2025-06-23T20:29:42.9512177Z Using cached distro-1.9.0-py3-none-any.whl (20 kB)
2025-06-23T20:29:42.9537857Z Using cached scikit_build-0.18.1-py3-none-any.whl (85 kB)
2025-06-23T20:29:42.9562119Z Using cached cython-3.1.2-cp39-cp39-win_amd64.whl (2.7 MB)
2025-06-23T20:29:42.9598373Z Using cached build-1.2.2.post1-py3-none-any.whl (22 kB)
2025-06-23T20:29:42.9622612Z Using cached delvewheel-1.10.1-py3-none-any.whl (58 kB)
2025-06-23T20:29:42.9682500Z Using cached importlib_metadata-8.7.0-py3-none-any.whl (27 kB)
2025-06-23T20:29:42.9707966Z Using cached pefile-2024.8.26-py3-none-any.whl (74 kB)
2025-06-23T20:29:42.9731759Z Using cached zipp-3.23.0-py3-none-any.whl (10 kB)
2025-06-23T20:29:42.9755541Z Using cached pyproject_hooks-1.2.0-py3-none-any.whl (10 kB)
2025-06-23T20:29:43.2313498Z Installing collected packages: zipp, wheel, pyproject_hooks, pefile, ninja, distro, cython, cmake, scikit-build, importlib-metadata, delvewheel, build
2025-06-23T20:29:53.6366138Z 
2025-06-23T20:29:53.6443377Z Successfully installed build-1.2.2.post1 cmake-4.0.3 cython-3.1.2 delvewheel-1.10.1 distro-1.9.0 importlib-metadata-8.7.0 ninja-1.11.1.4 pefile-2024.8.26 pyproject_hooks-1.2.0 scikit-build-0.18.1 wheel-0.45.1 zipp-3.23.0
2025-06-23T20:29:53.8087307Z ##[group]Run Set-Location $Env:GITHUB_WORKSPACE
2025-06-23T20:29:53.8087718Z [36;1mSet-Location $Env:GITHUB_WORKSPACE[0m
2025-06-23T20:29:53.8088003Z [36;1mWrite-Host "Arch: x64"[0m
2025-06-23T20:29:53.8088371Z [36;1mWrite-Host "Current CMAKE_PREFIX_PATH for build is: $env:CMAKE_PREFIX_PATH"[0m
2025-06-23T20:29:53.8088953Z [36;1mWrite-Host "EFFECTIVE_VCPKG_INSTALLED_DIR_BASE for build is: $env:EFFECTIVE_VCPKG_INSTALLED_DIR_BASE"[0m
2025-06-23T20:29:53.8089843Z [36;1mWrite-Host "Synthizer expects vcpkg path (for debug/verification): $env:SYNTHIZER_EXPECTED_VCPKG_PATH_FOR_DEBUG"[0m
2025-06-23T20:29:53.8090378Z [36;1mpython -m build --wheel --no-isolation[0m
2025-06-23T20:29:53.8120172Z shell: C:\Windows\System32\WindowsPowerShell\v1.0\powershell.EXE -command ". '{0}'"
2025-06-23T20:29:53.8120535Z env:
2025-06-23T20:29:53.8120684Z   PYVERSION: 3.9
2025-06-23T20:29:53.8120851Z   CI_ARCH_LOWER: x64
2025-06-23T20:29:53.8121014Z   CI_WINDOWS: 1
2025-06-23T20:29:53.8121190Z   CI_ARCH_ENV: x64
2025-06-23T20:29:53.8121369Z   VCPKG_DEFAULT_TRIPLET: x64-windows
2025-06-23T20:29:53.8121726Z   EFFECTIVE_VCPKG_INSTALLED_DIR_BASE: D:\a\synthizer3d\synthizer3d\vcpkg_installed
2025-06-23T20:29:53.8122153Z   pythonLocation: C:\hostedtoolcache\windows\Python\3.9.13\x64
2025-06-23T20:29:53.8122542Z   PKG_CONFIG_PATH: C:\hostedtoolcache\windows\Python\3.9.13\x64/lib/pkgconfig
2025-06-23T20:29:53.8122930Z   Python_ROOT_DIR: C:\hostedtoolcache\windows\Python\3.9.13\x64
2025-06-23T20:29:53.8123284Z   Python2_ROOT_DIR: C:\hostedtoolcache\windows\Python\3.9.13\x64
2025-06-23T20:29:53.8123628Z   Python3_ROOT_DIR: C:\hostedtoolcache\windows\Python\3.9.13\x64
2025-06-23T20:29:53.8123911Z   CommandPromptType: Native
2025-06-23T20:29:53.8124226Z   DevEnvDir: C:\Program Files\Microsoft Visual Studio\2022\Enterprise\Common7\IDE\
2025-06-23T20:29:53.8124690Z   ExtensionSdkDir: C:\Program Files (x86)\Microsoft SDKs\Windows Kits\10\ExtensionSDKs
2025-06-23T20:29:53.8126712Z   EXTERNAL_INCLUDE: C:\Program Files\Microsoft Visual Studio\2022\Enterprise\VC\Tools\MSVC\14.43.34808\include;C:\Program Files\Microsoft Visual Studio\2022\Enterprise\VC\Tools\MSVC\14.43.34808\ATLMFC\include;C:\Program Files\Microsoft Visual Studio\2022\Enterprise\VC\Auxiliary\VS\include;C:\Program Files (x86)\Windows Kits\10\include\10.0.26100.0\ucrt;C:\Program Files (x86)\Windows Kits\10\\include\10.0.26100.0\\um;C:\Program Files (x86)\Windows Kits\10\\include\10.0.26100.0\\shared;C:\Program Files (x86)\Windows Kits\10\\include\10.0.26100.0\\winrt;C:\Program Files (x86)\Windows Kits\10\\include\10.0.26100.0\\cppwinrt;C:\Program Files (x86)\Windows Kits\NETFXSDK\4.8\include\um
2025-06-23T20:29:53.8128610Z   Framework40Version: v4.0
2025-06-23T20:29:53.8128847Z   FrameworkDir: C:\Windows\Microsoft.NET\Framework64\
2025-06-23T20:29:53.8129145Z   FrameworkDir64: C:\Windows\Microsoft.NET\Framework64\
2025-06-23T20:29:53.8129406Z   FrameworkVersion: v4.0.30319
2025-06-23T20:29:53.8129664Z   FrameworkVersion64: v4.0.30319
2025-06-23T20:29:53.8130139Z   FSHARPINSTALLDIR: C:\Program Files\Microsoft Visual Studio\2022\Enterprise\Common7\IDE\CommonExtensions\Microsoft\FSharp\Tools
2025-06-23T20:29:53.8130666Z   HTMLHelpDir: C:\Program Files (x86)\HTML Help Workshop
2025-06-23T20:29:53.8131089Z   IFCPATH: C:\Program Files\Microsoft Visual Studio\2022\Enterprise\VC\Tools\MSVC\14.43.34808\ifc\x64
2025-06-23T20:29:53.8134669Z   INCLUDE: C:\Program Files\Microsoft Visual Studio\2022\Enterprise\VC\Tools\MSVC\14.43.34808\include;C:\Program Files\Microsoft Visual Studio\2022\Enterprise\VC\Tools\MSVC\14.43.34808\ATLMFC\include;C:\Program Files\Microsoft Visual Studio\2022\Enterprise\VC\Auxiliary\VS\include;C:\Program Files (x86)\Windows Kits\10\include\10.0.26100.0\ucrt;C:\Program Files (x86)\Windows Kits\10\\include\10.0.26100.0\\um;C:\Program Files (x86)\Windows Kits\10\\include\10.0.26100.0\\shared;C:\Program Files (x86)\Windows Kits\10\\include\10.0.26100.0\\winrt;C:\Program Files (x86)\Windows Kits\10\\include\10.0.26100.0\\cppwinrt;C:\Program Files (x86)\Windows Kits\NETFXSDK\4.8\include\um
2025-06-23T20:29:53.8136593Z   is_x64_arch: true
2025-06-23T20:29:53.8137635Z   LIB: C:\Program Files\Microsoft Visual Studio\2022\Enterprise\VC\Tools\MSVC\14.43.34808\ATLMFC\lib\x64;C:\Program Files\Microsoft Visual Studio\2022\Enterprise\VC\Tools\MSVC\14.43.34808\lib\x64;C:\Program Files (x86)\Windows Kits\NETFXSDK\4.8\lib\um\x64;C:\Program Files (x86)\Windows Kits\10\lib\10.0.26100.0\ucrt\x64;C:\Program Files (x86)\Windows Kits\10\\lib\10.0.26100.0\\um\x64
2025-06-23T20:29:53.8139993Z   LIBPATH: C:\Program Files\Microsoft Visual Studio\2022\Enterprise\VC\Tools\MSVC\14.43.34808\ATLMFC\lib\x64;C:\Program Files\Microsoft Visual Studio\2022\Enterprise\VC\Tools\MSVC\14.43.34808\lib\x64;C:\Program Files\Microsoft Visual Studio\2022\Enterprise\VC\Tools\MSVC\14.43.34808\lib\x86\store\references;C:\Program Files (x86)\Windows Kits\10\UnionMetadata\10.0.26100.0;C:\Program Files (x86)\Windows Kits\10\References\10.0.26100.0;C:\Windows\Microsoft.NET\Framework64\v4.0.30319
2025-06-23T20:29:53.8141445Z   NETFXSDKDir: C:\Program Files (x86)\Windows Kits\NETFXSDK\4.8\
2025-06-23T20:29:53.8154500Z   Path: C:\Program Files\Microsoft Visual Studio\2022\Enterprise\VC\Tools\MSVC\14.43.34808\bin\HostX64\x64;C:\Program Files\Microsoft Visual Studio\2022\Enterprise\Common7\IDE\VC\VCPackages;C:\Program Files\Microsoft Visual Studio\2022\Enterprise\Common7\IDE\CommonExtensions\Microsoft\TestWindow;C:\Program Files\Microsoft Visual Studio\2022\Enterprise\Common7\IDE\CommonExtensions\Microsoft\TeamFoundation\Team Explorer;C:\Program Files\Microsoft Visual Studio\2022\Enterprise\MSBuild\Current\bin\Roslyn;C:\Program Files (x86)\Microsoft SDKs\Windows\v10.0A\bin\NETFX 4.8 Tools\x64\;C:\Program Files (x86)\HTML Help Workshop;C:\Program Files\Microsoft Visual Studio\2022\Enterprise\Common7\IDE\CommonExtensions\Microsoft\FSharp\Tools;C:\Program Files\Microsoft Visual Studio\2022\Enterprise\Team Tools\DiagnosticsHub\Collector;C:\Program Files\Microsoft Visual Studio\2022\Enterprise\Common7\IDE\Extensions\Microsoft\CodeCoverage.Console;C:\Program Files (x86)\Windows Kits\10\bin\10.0.26100.0\\x64;C:\Program Files (x86)\Windows Kits\10\bin\\x64;C:\Program Files\Microsoft Visual Studio\2022\Enterprise\\MSBuild\Current\Bin\amd64;C:\Windows\Microsoft.NET\Framework64\v4.0.30319;C:\Program Files\Microsoft Visual Studio\2022\Enterprise\Common7\IDE\;C:\Program Files\Microsoft Visual Studio\2022\Enterprise\Common7\Tools\;C:\Users\runneradmin\AppData\Roaming\Python\Python39\Scripts;C:\hostedtoolcache\windows\Python\3.9.13\x64\Scripts;C:\hostedtoolcache\windows\Python\3.9.13\x64;C:\Program Files\MongoDB\Server\5.0\bin;C:\aliyun-cli;C:\vcpkg;C:\Program Files (x86)\NSIS\;C:\tools\zstd;C:\Program Files\Mercurial\;C:\hostedtoolcache\windows\stack\3.5.1\x64;C:\cabal\bin;C:\\ghcup\bin;C:\mingw64\bin;C:\Program Files\dotnet;C:\Program Files\MySQL\MySQL Server 8.0\bin;C:\Program Files\R\R-4.4.2\bin\x64;C:\SeleniumWebDrivers\GeckoDriver;C:\SeleniumWebDrivers\EdgeDriver\;C:\SeleniumWebDrivers\ChromeDriver;C:\Program Files (x86)\sbt\bin;C:\Program Files (x86)\GitHub CLI;C:\Program Files\Git\bin;C:\Program Files (x86)\pipx_bin;C:\npm\prefix;C:\hostedtoolcache\windows\go\1.24.3\x64\bin;C:\hostedtoolcache\windows\Ruby\3.3.8\x64\bin;C:\Program Files\OpenSSL\bin;C:\tools\kotlinc\bin;C:\hostedtoolcache\windows\Java_Temurin-Hotspot_jdk\8.0.452-9\x64\bin;C:\Program Files\ImageMagick-7.1.1-Q16-HDRI;C:\Program Files\Microsoft SDKs\Azure\CLI2\wbin;C:\ProgramData\kind;C:\ProgramData\Chocolatey\bin;C:\Windows\system32;C:\Windows;C:\Windows\System32\Wbem;C:\Windows\System32\WindowsPowerShell\v1.0\;C:\Windows\System32\OpenSSH\;C:\Program Files\dotnet\;C:\Program Files\PowerShell\7\;C:\Program Files\Microsoft\Web Platform Installer\;C:\Program Files\TortoiseSVN\bin;C:\Program Files\Microsoft SQL Server\Client SDK\ODBC\170\Tools\Binn\;C:\Program Files\Microsoft SQL Server\150\Tools\Binn\;C:\Program Files (x86)\Windows Kits\10\Windows Performance Toolkit\;C:\Program Files (x86)\WiX Toolset v3.14\bin;C:\Program Files\Microsoft SQL Server\130\DTS\Binn\;C:\Program Files\Microsoft SQL Server\140\DTS\Binn\;C:\Program Files\Microsoft SQL Server\150\DTS\Binn\;C:\Program Files\Microsoft SQL Server\160\DTS\Binn\;C:\Strawberry\c\bin;C:\Strawberry\perl\site\bin;C:\Strawberry\perl\bin;C:\ProgramData\chocolatey\lib\pulumi\tools\Pulumi\bin;C:\Program Files\CMake\bin;C:\ProgramData\chocolatey\lib\maven\apache-maven-3.9.9\bin;C:\Program Files\Microsoft Service Fabric\bin\Fabric\Fabric.Code;C:\Program Files\Microsoft SDKs\Service Fabric\Tools\ServiceFabricLocalClusterManager;C:\Program Files\nodejs\;C:\Program Files\Git\cmd;C:\Program Files\Git\mingw64\bin;C:\Program Files\Git\usr\bin;C:\Program Files\GitHub CLI\;c:\tools\php;C:\Program Files\Amazon\AWSCLIV2\;C:\Program Files\Amazon\SessionManagerPlugin\bin\;C:\Program Files\Amazon\AWSSAMCLI\bin\;C:\Program Files\Microsoft SQL Server\130\Tools\Binn\;C:\Program Files\LLVM\bin;C:\Users\runneradmin\.dotnet\tools;C:\Users\runneradmin\.cargo\bin;C:\Users\runneradmin\AppData\Local\Microsoft\WindowsApps;C:\Program Files (x86)\Microsoft Visual Studio\Installer;C:\Program Files\Microsoft Visual Studio\2022\Enterprise\VC\Tools\Llvm\x64\bin;C:\Program Files\Microsoft Visual Studio\2022\Enterprise\Common7\IDE\CommonExtensions\Microsoft\CMake\CMake\bin;C:\Program Files\Microsoft Visual Studio\2022\Enterprise\Common7\IDE\CommonExtensions\Microsoft\CMake\Ninja;C:\Program Files\Microsoft Visual Studio\2022\Enterprise\Common7\IDE\VC\Linux\bin\ConnectionManagerExe;C:\Program Files\Microsoft Visual Studio\2022\Enterprise\VC\vcpkg
2025-06-23T20:29:53.8167857Z   Platform: x64
2025-06-23T20:29:53.8168031Z   UCRTVersion: 10.0.26100.0
2025-06-23T20:29:53.8168299Z   UniversalCRTSdkDir: C:\Program Files (x86)\Windows Kits\10\
2025-06-23T20:29:53.8168742Z   VCIDEInstallDir: C:\Program Files\Microsoft Visual Studio\2022\Enterprise\Common7\IDE\VC\
2025-06-23T20:29:53.8169213Z   VCINSTALLDIR: C:\Program Files\Microsoft Visual Studio\2022\Enterprise\VC\
2025-06-23T20:29:53.8169571Z   VCPKG_ROOT: D:\a\synthizer3d\synthizer3d\vcpkg
2025-06-23T20:29:53.8169998Z   VCToolsInstallDir: C:\Program Files\Microsoft Visual Studio\2022\Enterprise\VC\Tools\MSVC\14.43.34808\
2025-06-23T20:29:53.8170587Z   VCToolsRedistDir: C:\Program Files\Microsoft Visual Studio\2022\Enterprise\VC\Redist\MSVC\14.42.34433\
2025-06-23T20:29:53.8170995Z   VCToolsVersion: 14.43.34808
2025-06-23T20:29:53.8171215Z   VisualStudioVersion: 17.0
2025-06-23T20:29:53.8171548Z   VS170COMNTOOLS: C:\Program Files\Microsoft Visual Studio\2022\Enterprise\Common7\Tools\
2025-06-23T20:29:53.8171917Z   VSCMD_ARG_app_plat: Desktop
2025-06-23T20:29:53.8172117Z   VSCMD_ARG_HOST_ARCH: x64
2025-06-23T20:29:53.8172290Z   VSCMD_ARG_TGT_ARCH: x64
2025-06-23T20:29:53.8172465Z   VSCMD_VER: 17.13.2
2025-06-23T20:29:53.8172730Z   VSINSTALLDIR: C:\Program Files\Microsoft Visual Studio\2022\Enterprise\
2025-06-23T20:29:53.8173158Z   VSSDK150INSTALL: C:\Program Files\Microsoft Visual Studio\2022\Enterprise\VSSDK
2025-06-23T20:29:53.8173588Z   VSSDKINSTALL: C:\Program Files\Microsoft Visual Studio\2022\Enterprise\VSSDK
2025-06-23T20:29:53.8174196Z   WindowsLibPath: C:\Program Files (x86)\Windows Kits\10\UnionMetadata\10.0.26100.0;C:\Program Files (x86)\Windows Kits\10\References\10.0.26100.0
2025-06-23T20:29:53.8174771Z   WindowsSdkBinPath: C:\Program Files (x86)\Windows Kits\10\bin\
2025-06-23T20:29:53.8175114Z   WindowsSdkDir: C:\Program Files (x86)\Windows Kits\10\
2025-06-23T20:29:53.8175383Z   WindowsSDKLibVersion: 10.0.26100.0\
2025-06-23T20:29:53.8175714Z   WindowsSdkVerBinPath: C:\Program Files (x86)\Windows Kits\10\bin\10.0.26100.0\
2025-06-23T20:29:53.8176050Z   WindowsSDKVersion: 10.0.26100.0\
2025-06-23T20:29:53.8176445Z   WindowsSDK_ExecutablePath_x64: C:\Program Files (x86)\Microsoft SDKs\Windows\v10.0A\bin\NETFX 4.8 Tools\x64\
2025-06-23T20:29:53.8177035Z   WindowsSDK_ExecutablePath_x86: C:\Program Files (x86)\Microsoft SDKs\Windows\v10.0A\bin\NETFX 4.8 Tools\
2025-06-23T20:29:53.8177424Z   __DOTNET_ADD_64BIT: 1
2025-06-23T20:29:53.8177690Z   __DOTNET_PREFERRED_BITNESS: 64
2025-06-23T20:29:53.8185652Z   __VSCMD_PREINIT_PATH: C:\Users\runneradmin\AppData\Roaming\Python\Python39\Scripts;C:\hostedtoolcache\windows\Python\3.9.13\x64\Scripts;C:\hostedtoolcache\windows\Python\3.9.13\x64;C:\Program Files\MongoDB\Server\5.0\bin;C:\aliyun-cli;C:\vcpkg;C:\Program Files (x86)\NSIS\;C:\tools\zstd;C:\Program Files\Mercurial\;C:\hostedtoolcache\windows\stack\3.5.1\x64;C:\cabal\bin;C:\\ghcup\bin;C:\mingw64\bin;C:\Program Files\dotnet;C:\Program Files\MySQL\MySQL Server 8.0\bin;C:\Program Files\R\R-4.4.2\bin\x64;C:\SeleniumWebDrivers\GeckoDriver;C:\SeleniumWebDrivers\EdgeDriver\;C:\SeleniumWebDrivers\ChromeDriver;C:\Program Files (x86)\sbt\bin;C:\Program Files (x86)\GitHub CLI;C:\Program Files\Git\bin;C:\Program Files (x86)\pipx_bin;C:\npm\prefix;C:\hostedtoolcache\windows\go\1.24.3\x64\bin;C:\hostedtoolcache\windows\Python\3.9.13\x64\Scripts;C:\hostedtoolcache\windows\Python\3.9.13\x64;C:\hostedtoolcache\windows\Ruby\3.3.8\x64\bin;C:\Program Files\OpenSSL\bin;C:\tools\kotlinc\bin;C:\hostedtoolcache\windows\Java_Temurin-Hotspot_jdk\8.0.452-9\x64\bin;C:\Program Files\ImageMagick-7.1.1-Q16-HDRI;C:\Program Files\Microsoft SDKs\Azure\CLI2\wbin;C:\ProgramData\kind;C:\ProgramData\Chocolatey\bin;C:\Windows\system32;C:\Windows;C:\Windows\System32\Wbem;C:\Windows\System32\WindowsPowerShell\v1.0\;C:\Windows\System32\OpenSSH\;C:\Program Files\dotnet\;C:\Program Files\PowerShell\7\;C:\Program Files\Microsoft\Web Platform Installer\;C:\Program Files\TortoiseSVN\bin;C:\Program Files\Microsoft SQL Server\Client SDK\ODBC\170\Tools\Binn\;C:\Program Files\Microsoft SQL Server\150\Tools\Binn\;C:\Program Files (x86)\Windows Kits\10\Windows Performance Toolkit\;C:\Program Files (x86)\WiX Toolset v3.14\bin;C:\Program Files\Microsoft SQL Server\130\DTS\Binn\;C:\Program Files\Microsoft SQL Server\140\DTS\Binn\;C:\Program Files\Microsoft SQL Server\150\DTS\Binn\;C:\Program Files\Microsoft SQL Server\160\DTS\Binn\;C:\Strawberry\c\bin;C:\Strawberry\perl\site\bin;C:\Strawberry\perl\bin;C:\ProgramData\chocolatey\lib\pulumi\tools\Pulumi\bin;C:\Program Files\CMake\bin;C:\ProgramData\chocolatey\lib\maven\apache-maven-3.9.9\bin;C:\Program Files\Microsoft Service Fabric\bin\Fabric\Fabric.Code;C:\Program Files\Microsoft SDKs\Service Fabric\Tools\ServiceFabricLocalClusterManager;C:\Program Files\nodejs\;C:\Program Files\Git\cmd;C:\Program Files\Git\mingw64\bin;C:\Program Files\Git\usr\bin;C:\Program Files\GitHub CLI\;c:\tools\php;C:\Program Files (x86)\sbt\bin;C:\Program Files\Amazon\AWSCLIV2\;C:\Program Files\Amazon\SessionManagerPlugin\bin\;C:\Program Files\Amazon\AWSSAMCLI\bin\;C:\Program Files\Microsoft SQL Server\130\Tools\Binn\;C:\Program Files\LLVM\bin;C:\Users\runneradmin\.dotnet\tools;C:\Users\runneradmin\.cargo\bin;C:\Users\runneradmin\AppData\Local\Microsoft\WindowsApps;C:\Program Files (x86)\Microsoft Visual Studio\Installer
2025-06-23T20:29:53.8194069Z   VCPKG_DEFAULT_BINARY_CACHE: D:/a/synthizer3d/synthizer3d/969f6665-88a2-4c98-938e-ca9259871fec/vcpkg_cache
2025-06-23T20:29:53.8194514Z   VCPKG_BINARY_SOURCES: clear;x-gha,readwrite
2025-06-23T20:29:53.8195059Z   ACTIONS_CACHE_URL: https://acghubeus2.actions.githubusercontent.com/bwbzopuV3oKlbowlUKWdOnf6KF0vjv7EYqCB3ZHqukKhTVgy74/
2025-06-23T20:29:53.8231850Z   ACTIONS_RUNTIME_TOKEN: ***
2025-06-23T20:29:53.8232118Z   RUNVCPKG_VCPKG_ROOT: D:\a\synthizer3d\synthizer3d\vcpkg
2025-06-23T20:29:53.8232494Z   CMAKE_PREFIX_PATH: D:\a\synthizer3d\synthizer3d\vcpkg_installed\x64-windows
2025-06-23T20:29:53.8232990Z   SYNTHIZER_EXPECTED_VCPKG_PATH_FOR_DEBUG: D:\a\synthizer3d\synthizer3d\vcpkg_installed\x64-windows
2025-06-23T20:29:53.8233368Z ##[endgroup]
2025-06-23T20:29:54.1088935Z Arch: x64
2025-06-23T20:29:54.1106317Z Current CMAKE_PREFIX_PATH for build is: D:\a\synthizer3d\synthizer3d\vcpkg_installed\x64-windows
2025-06-23T20:29:54.1113735Z EFFECTIVE_VCPKG_INSTALLED_DIR_BASE for build is: D:\a\synthizer3d\synthizer3d\vcpkg_installed
2025-06-23T20:29:54.1121235Z Synthizer expects vcpkg path (for debug/verification): D:\a\synthizer3d\synthizer3d\vcpkg_installed\x64-windows
2025-06-23T20:29:54.3312538Z * Getting build dependencies for wheel...
2025-06-23T20:29:58.6457616Z Set VCPKG_INSTALLED_PATH to D:\a\synthizer3d\synthizer3d\vcpkg_installed\x64-windows
2025-06-23T20:29:58.6457981Z 
2025-06-23T20:29:58.6457988Z 
2025-06-23T20:29:58.6458238Z --------------------------------------------------------------------------------
2025-06-23T20:29:58.6458914Z -- Trying 'Ninja (Visual Studio 17 2022 x64 v144)' generator
2025-06-23T20:29:58.6459238Z --------------------------------
2025-06-23T20:29:58.6459475Z ---------------------------
2025-06-23T20:29:58.6459724Z ----------------------
2025-06-23T20:29:58.6459916Z -----------------
2025-06-23T20:29:58.6460072Z ------------
2025-06-23T20:29:58.6460210Z -------
2025-06-23T20:29:58.6460347Z --
2025-06-23T20:29:58.6582539Z Not searching for unused variables given on the command line.
2025-06-23T20:29:58.7610406Z CMake Deprecation Warning at CMakeLists.txt:1 (cmake_minimum_required):
2025-06-23T20:29:58.7611543Z   Compatibility with CMake < 3.10 will be removed from a future version of
2025-06-23T20:29:58.7612059Z   CMake.
2025-06-23T20:29:58.7612201Z 
2025-06-23T20:29:58.7612646Z   Update the VERSION argument <min> value.  Or, use the <min>...<max> syntax
2025-06-23T20:29:58.7613501Z   to tell CMake that the project requires at least <min> but has been updated
2025-06-23T20:29:58.7614215Z   to work with policies introduced by <max> or earlier.
2025-06-23T20:29:58.7614546Z 
2025-06-23T20:29:58.7614556Z 
2025-06-23T20:30:01.3404528Z -- The C compiler identification is MSVC 19.43.34808.0
2025-06-23T20:30:01.3858959Z -- Detecting C compiler ABI info
2025-06-23T20:30:02.7419904Z -- Detecting C compiler ABI info - done
2025-06-23T20:30:02.7725551Z -- Check for working C compiler: C:/Program Files/Microsoft Visual Studio/2022/Enterprise/VC/Tools/MSVC/14.43.34808/bin/Hostx86/x64/cl.exe - skipped
2025-06-23T20:30:02.7729393Z -- Detecting C compile features
2025-06-23T20:30:02.7735633Z -- Detecting C compile features - done
2025-06-23T20:30:03.6624103Z -- The CXX compiler identification is MSVC 19.43.34808.0
2025-06-23T20:30:03.6707626Z -- Detecting CXX compiler ABI info
2025-06-23T20:30:04.2316200Z -- Detecting CXX compiler ABI info - done
2025-06-23T20:30:04.2449617Z -- Check for working CXX compiler: C:/Program Files/Microsoft Visual Studio/2022/Enterprise/VC/Tools/MSVC/14.43.34808/bin/Hostx86/x64/cl.exe - skipped
2025-06-23T20:30:04.2453400Z -- Detecting CXX compile features
2025-06-23T20:30:04.2464343Z -- Detecting CXX compile features - done
2025-06-23T20:30:04.2493411Z -- Configuring done (5.6s)
2025-06-23T20:30:04.2637910Z -- Generating done (0.0s)
2025-06-23T20:30:04.2645485Z -- Build files have been written to: D:/a/synthizer3d/synthizer3d/_cmake_test_compile/build
2025-06-23T20:30:04.2705833Z --
2025-06-23T20:30:04.2706095Z -------
2025-06-23T20:30:04.2706314Z ------------
2025-06-23T20:30:04.2706603Z -----------------
2025-06-23T20:30:04.2706937Z ----------------------
2025-06-23T20:30:04.2707547Z ---------------------------
2025-06-23T20:30:04.2707957Z --------------------------------
2025-06-23T20:30:04.2708397Z -- Trying 'Ninja (Visual Studio 17 2022 x64 v144)' generator - success
2025-06-23T20:30:04.2708923Z --------------------------------------------------------------------------------
2025-06-23T20:30:04.2709176Z 
2025-06-23T20:30:04.3415996Z Configuring Project
2025-06-23T20:30:04.3416406Z   Working directory:
2025-06-23T20:30:04.3417087Z     D:\a\synthizer3d\synthizer3d\_skbuild\win-amd64-3.9\cmake-build
2025-06-23T20:30:04.3417902Z   Command:
2025-06-23T20:30:04.3428756Z     'C:\hostedtoolcache\windows\Python\3.9.13\x64\Lib\site-packages\cmake\data\bin/cmake.exe' 'D:\a\synthizer3d\synthizer3d\synthizer-vendored' -G Ninja '-DCMAKE_MAKE_PROGRAM:FILEPATH=C:\hostedtoolcache\windows\Python\3.9.13\x64\Scripts\ninja' -D_SKBUILD_FORCE_MSVC=1930 --no-warn-unused-cli '-DCMAKE_INSTALL_PREFIX:PATH=D:\a\synthizer3d\synthizer3d\_skbuild\win-amd64-3.9\cmake-install' -DPYTHON_VERSION_STRING:STRING=3.9.13 -DSKBUILD:INTERNAL=TRUE '-DCMAKE_MODULE_PATH:PATH=C:\hostedtoolcache\windows\Python\3.9.13\x64\lib\site-packages\skbuild\resources\cmake' '-DPYTHON_EXECUTABLE:PATH=C:\hostedtoolcache\windows\Python\3.9.13\x64\python.exe' '-DPYTHON_INCLUDE_DIR:PATH=C:\hostedtoolcache\windows\Python\3.9.13\x64\Include' '-DPYTHON_LIBRARY:PATH=C:\hostedtoolcache\windows\Python\3.9.13\x64\libs\python39.lib' '-DPython_EXECUTABLE:PATH=C:\hostedtoolcache\windows\Python\3.9.13\x64\python.exe' '-DPython_ROOT_DIR:PATH=C:\hostedtoolcache\windows\Python\3.9.13\x64' -DPython_FIND_REGISTRY:STRING=NEVER '-DPython_INCLUDE_DIR:PATH=C:\hostedtoolcache\windows\Python\3.9.13\x64\Include' '-DPython_LIBRARY:PATH=C:\hostedtoolcache\windows\Python\3.9.13\x64\libs\python39.lib' '-DPython3_EXECUTABLE:PATH=C:\hostedtoolcache\windows\Python\3.9.13\x64\python.exe' '-DPython3_ROOT_DIR:PATH=C:\hostedtoolcache\windows\Python\3.9.13\x64' -DPython3_FIND_REGISTRY:STRING=NEVER '-DPython3_INCLUDE_DIR:PATH=C:\hostedtoolcache\windows\Python\3.9.13\x64\Include' '-DPython3_LIBRARY:PATH=C:\hostedtoolcache\windows\Python\3.9.13\x64\libs\python39.lib' '-DCMAKE_MAKE_PROGRAM:FILEPATH=C:\hostedtoolcache\windows\Python\3.9.13\x64\Scripts\ninja' -DCMAKE_BUILD_TYPE=Release -DCMAKE_MSVC_RUNTIME_LIBRARY=MultiThreadedDLL -DSYZ_STATIC_RUNTIME=OFF -DCMAKE_POSITION_INDEPENDENT_CODE=TRUE -DSYZ_INTEGRATING=ON
2025-06-23T20:30:04.3438728Z 
2025-06-23T20:30:04.3548020Z Not searching for unused variables given on the command line.
2025-06-23T20:30:04.7505366Z -- The C compiler identification is MSVC 19.43.34808.0
2025-06-23T20:30:05.0864691Z -- The CXX compiler identification is MSVC 19.43.34808.0
2025-06-23T20:30:05.1338762Z -- Detecting C compiler ABI info
2025-06-23T20:30:05.6544057Z -- Detecting C compiler ABI info - done
2025-06-23T20:30:05.6674573Z -- Check for working C compiler: C:/Program Files/Microsoft Visual Studio/2022/Enterprise/VC/Tools/MSVC/14.43.34808/bin/Hostx86/x64/cl.exe - skipped
2025-06-23T20:30:05.6678454Z -- Detecting C compile features
2025-06-23T20:30:05.6684309Z -- Detecting C compile features - done
2025-06-23T20:30:05.6818043Z -- Detecting CXX compiler ABI info
2025-06-23T20:30:06.0303847Z -- Detecting CXX compiler ABI info - done
2025-06-23T20:30:06.0430684Z -- Check for working CXX compiler: C:/Program Files/Microsoft Visual Studio/2022/Enterprise/VC/Tools/MSVC/14.43.34808/bin/Hostx86/x64/cl.exe - skipped
2025-06-23T20:30:06.0434849Z -- Detecting CXX compile features
2025-06-23T20:30:06.0446155Z -- Detecting CXX compile features - done
2025-06-23T20:30:06.3787322Z -- Performing Test CMAKE_HAVE_LIBC_PTHREAD
2025-06-23T20:30:06.4662593Z -- Performing Test CMAKE_HAVE_LIBC_PTHREAD - Failed
2025-06-23T20:30:06.4663360Z -- Looking for pthread_create in pthreads
2025-06-23T20:30:06.6527576Z -- Looking for pthread_create in pthreads - not found
2025-06-23T20:30:06.6528243Z -- Looking for pthread_create in pthread
2025-06-23T20:30:06.7770149Z -- Looking for pthread_create in pthread - not found
2025-06-23T20:30:06.7781463Z -- Found Threads: TRUE
2025-06-23T20:30:06.8830261Z -- Found SoundTouch: D:/a/synthizer3d/synthizer3d/vcpkg_installed/x64-windows/debug/bin/SoundTouch.dll
2025-06-23T20:30:06.8837652Z -- Performing Test OP_READ_FLOAT_AVAILABLE
2025-06-23T20:30:07.4705620Z -- Performing Test OP_READ_FLOAT_AVAILABLE - Success
2025-06-23T20:30:07.4706069Z -- op_read_float is available
2025-06-23T20:30:11.4466116Z -- Performing Test FILESYSTEM_OK
2025-06-23T20:30:13.2310263Z -- Performing Test FILESYSTEM_OK - Success
2025-06-23T20:30:13.2310743Z -- Found C++17 filesystem support
2025-06-23T20:30:13.2320136Z -- Using vcpkg includes from VCPKG_INSTALLED_PATH: D:\a\synthizer3d\synthizer3d\vcpkg_installed\x64-windows/include
2025-06-23T20:30:14.2329516Z -- Math library not found
2025-06-23T20:30:14.2339767Z -- Configuring done (9.9s)
2025-06-23T20:30:14.2746503Z -- Generating done (0.0s)
2025-06-23T20:30:14.2755857Z -- Build files have been written to: D:/a/synthizer3d/synthizer3d/_skbuild/win-amd64-3.9/cmake-build
2025-06-23T20:30:24.2669256Z [1/28] Building CXX object CMakeFiles\synthizer.dir\src\base_object.cpp.obj
2025-06-23T20:30:24.5345797Z [2/28] Building CXX object CMakeFiles\synthizer.dir\src\byte_stream.cpp.obj
2025-06-23T20:30:24.7531135Z [3/28] Building CXX object CMakeFiles\synthizer.dir\src\audio_output.cpp.obj
2025-06-23T20:30:25.1780438Z [4/28] Building CXX object CMakeFiles\synthizer.dir\src\decoding.cpp.obj
2025-06-23T20:30:25.6070088Z cl : Command line warning D9025 : overriding '/WX' with '/WX-'
2025-06-23T20:30:26.0194478Z [5/28] Building CXX object CMakeFiles\synthizer.dir\src\error.cpp.obj
2025-06-23T20:30:30.6762096Z [6/28] Building CXX object CMakeFiles\synthizer.dir\src\event_timeline.cpp.obj
2025-06-23T20:30:30.6803304Z [7/28] Building CXX object CMakeFiles\synthizer.dir\src\events.cpp.obj
2025-06-23T20:30:30.7344107Z [8/28] Building C object CMakeFiles\synthizer_single_file_libs.dir\src\single_file_libs.c.obj
2025-06-23T20:30:30.8068944Z [9/28] Building CXX object CMakeFiles\synthizer.dir\src\generator.cpp.obj
2025-06-23T20:30:30.8408383Z [10/28] Building CXX object CMakeFiles\synthizer.dir\src\context.cpp.obj
2025-06-23T20:30:30.8486778Z [11/28] Building CXX object CMakeFiles\synthizer.dir\src\logging.cpp.obj
2025-06-23T20:30:30.8651876Z [12/28] Building CXX object CMakeFiles\synthizer.dir\src\property_internals.cpp.obj
2025-06-23T20:30:31.8327926Z [13/28] Building CXX object CMakeFiles\synthizer.dir\src\memory.cpp.obj
2025-06-23T20:30:31.8332308Z [14/28] Building CXX object CMakeFiles\synthizer.dir\src\routable.cpp.obj
2025-06-23T20:30:31.8334352Z [15/28] Building CXX object CMakeFiles\synthizer.dir\src\pausable.cpp.obj
2025-06-23T20:30:31.8336002Z [16/28] Building CXX object CMakeFiles\synthizer.dir\src\data\arrays.cpp.obj
2025-06-23T20:30:31.8337309Z [17/28] Building CXX object CMakeFiles\synthizer.dir\src\data\hrtf.cpp.obj
2025-06-23T20:30:31.8338516Z [18/28] Building CXX object CMakeFiles\synthizer.dir\src\c_api\unity.cpp.obj
2025-06-23T20:30:31.8339456Z FAILED: CMakeFiles/synthizer.dir/src/c_api/unity.cpp.obj 
2025-06-23T20:30:31.8354086Z C:\PROGRA~1\MICROS~2\2022\ENTERP~1\VC\Tools\MSVC\1443~1.348\bin\Hostx86\x64\cl.exe  /nologo /TP -DBUILDING_SYNTHIZER -DNOMINMAX -DOP_READ_FLOAT_AVAILABLE -DSYZ_MAJOR=0 -DSYZ_MINOR=1 -DSYZ_PATCH=9 -DSYZ_USE_FILESYSTEM -DWDL_RESAMPLE_TYPE=float -ID:\a\synthizer3d\synthizer3d\synthizer-vendored\include -ID:\a\synthizer3d\synthizer3d\synthizer-vendored\deps\deps\third_party\wdl -ID:\a\synthizer3d\synthizer3d\vcpkg_installed\x64-windows\include -ID:\a\synthizer3d\synthizer3d\synthizer-vendored\deps\deps\third_party\boost_partial -ID:\a\synthizer3d\synthizer3d\synthizer-vendored\deps\deps\third_party\concurrentqueue -ID:\a\synthizer3d\synthizer3d\synthizer-vendored\deps\deps\third_party\cpp11-on-multicore\common -ID:\a\synthizer3d\synthizer3d\synthizer-vendored\deps\deps\third_party\dr_libs -ID:\a\synthizer3d\synthizer3d\synthizer-vendored\deps\deps\third_party\hedley -ID:\a\synthizer3d\synthizer3d\synthizer-vendored\deps\deps\third_party\miniaudio -ID:\a\synthizer3d\synthizer3d\synthizer-vendored\deps\deps\third_party\pdqsort /DWIN32 /D_WINDOWS /GR /EHsc /O2 /Ob2 /DNDEBUG -std:c++17 -MD /wd4068 /wd5030 /wd4244 /wd4267 /Zc:preprocessor /wd5105 /wd4127 /experimental:external /external:W0 /external:anglebrackets /wd4702 /W4 /WX /showIncludes /FoCMakeFiles\synthizer.dir\src\c_api\unity.cpp.obj /FdCMakeFiles\synthizer.dir\synthizer.pdb /FS -c D:\a\synthizer3d\synthizer3d\synthizer-vendored\src\c_api\unity.cpp
2025-06-23T20:30:31.8464425Z ##[error]D:\a\synthizer3d\synthizer3d\synthizer-vendored\include\synthizer/generators/buffer.hpp(298): error C2220: the following warning is treated as an error
2025-06-23T20:30:31.8476725Z ##[warning]D:\a\synthizer3d\synthizer3d\synthizer-vendored\include\synthizer/generators/buffer.hpp(298): warning C4189: 'buffered_before': local variable is initialized but not referenced
2025-06-23T20:30:31.8724613Z D:\a\synthizer3d\synthizer3d\synthizer-vendored\include\synthizer/generators/buffer.hpp(298): note: the template instantiation context (the oldest one first) is
2025-06-23T20:30:31.8731519Z D:\a\synthizer3d\synthizer3d\synthizer-vendored\include\synthizer/generators/buffer.hpp(254): note: see reference to function template instantiation 'unknown-type std::visit(_Callable &&,_Variants ...)' being compiled
2025-06-23T20:30:31.8737103Z C:\Program Files\Microsoft Visual Studio\2022\Enterprise\VC\Tools\MSVC\14.43.34808\include\variant(1579): note: see reference to alias template instantiation 'std::_Variant_visit_result_t<_Callable,std::variant<synthizer::ModSlice<const int16_t,synthizer::mod_pointer_detail::DynamicModProvider>,const int16_t *>&>' being compiled
2025-06-23T20:30:31.8739731Z         with
2025-06-23T20:30:31.8740203Z         [
2025-06-23T20:30:31.8741252Z             _Callable=synthizer::BufferGenerator::generateBlock::<lambda_9d1219e1f0dd9ebf2f8d16e5f40a68d9>
2025-06-23T20:30:31.8742211Z         ]
2025-06-23T20:30:31.8744556Z C:\Program Files\Microsoft Visual Studio\2022\Enterprise\VC\Tools\MSVC\14.43.34808\include\variant(1400): note: see reference to function template instantiation 'unknown-type std::invoke(_Callable &&,_Ty1 &&,_Types2 ...) noexcept(<expr>)' being compiled
2025-06-23T20:30:31.9016309Z C:\Program Files\Microsoft Visual Studio\2022\Enterprise\VC\Tools\MSVC\14.43.34808\include\type_traits(1703): note: while compiling class template member function 'unknown-type std::_Invoker_functor::_Call(_Callable &&,_Types ...) noexcept(<expr>)'
2025-06-23T20:30:31.9020798Z C:\Program Files\Microsoft Visual Studio\2022\Enterprise\VC\Tools\MSVC\14.43.34808\include\type_traits(1602): note: see reference to function template instantiation 'void synthizer::BufferGenerator::generateBlock::<lambda_9d1219e1f0dd9ebf2f8d16e5f40a68d9>::operator ()<_First>(_First) const' being compiled
2025-06-23T20:30:31.9025311Z         with
2025-06-23T20:30:31.9026307Z         [
2025-06-23T20:30:31.9027639Z             _First=synthizer::ModSlice<const int16_t,synthizer::mod_pointer_detail::DynamicModProvider>
2025-06-23T20:30:31.9028588Z         ]
2025-06-23T20:30:31.9031779Z D:\a\synthizer3d\synthizer3d\synthizer-vendored\include\synthizer/generators/buffer.hpp(256): note: see reference to function template instantiation 'void synthizer::FadeDriver::drive<synthizer::BufferGenerator::generateBlock::<lambda_9d1219e1f0dd9ebf2f8d16e5f40a68d9>::()::<lambda_849dfa22e51157804ed5ded8fe422de0>>(unsigned int,CB &&)' being compiled
2025-06-23T20:30:31.9034354Z         with
2025-06-23T20:30:31.9034762Z         [
2025-06-23T20:30:31.9036126Z             CB=synthizer::BufferGenerator::generateBlock::<lambda_9d1219e1f0dd9ebf2f8d16e5f40a68d9>::()::<lambda_849dfa22e51157804ed5ded8fe422de0>
2025-06-23T20:30:31.9037279Z         ]
2025-06-23T20:30:31.9042513Z D:\a\synthizer3d\synthizer3d\synthizer-vendored\include\synthizer/fade_driver.hpp(59): note: see reference to function template instantiation 'void synthizer::BufferGenerator::generateBlock::<lambda_9d1219e1f0dd9ebf2f8d16e5f40a68d9>::()::<lambda_849dfa22e51157804ed5ded8fe422de0>::operator ()<synthizer::FadeDriver::drive::<lambda_4fa8d910d85430b4cca437a1b9c1e9a2>>(synthizer::FadeDriver::drive::<lambda_4fa8d910d85430b4cca437a1b9c1e9a2>) const' being compiled
2025-06-23T20:30:34.6114045Z ##[warning]D:\a\synthizer3d\synthizer3d\synthizer-vendored\include\synthizer/generators/buffer.hpp(303): warning C4189: 'buffered_after': local variable is initialized but not referenced
2025-06-23T20:30:34.6116961Z [19/28] Building CXX object CMakeFiles\synthizer.dir\src\shared_object.cpp.obj
2025-06-23T20:30:34.6118092Z [20/28] Building CXX object CMakeFiles\synthizer.dir\src\streams\custom_stream.cpp.obj
2025-06-23T20:30:34.6119253Z [21/28] Building CXX object CMakeFiles\synthizer.dir\src\streams\memory_stream.cpp.obj
2025-06-23T20:30:34.6121047Z [22/28] Building CXX object CMakeFiles\synthizer.dir\src\streams\file.cpp.obj
2025-06-23T20:30:34.6121957Z [23/28] Building CXX object CMakeFiles\synthizer.dir\src\router.cpp.obj
2025-06-23T20:30:34.6122639Z ninja: build stopped: subcommand failed.
2025-06-23T20:30:34.6161280Z Traceback (most recent call last):
2025-06-23T20:30:34.6162195Z   File "C:\hostedtoolcache\windows\Python\3.9.13\x64\lib\site-packages\pyproject_hooks\_in_process\_in_process.py", line 389, in <module>
2025-06-23T20:30:34.6207499Z     main()
2025-06-23T20:30:34.6208727Z   File "C:\hostedtoolcache\windows\Python\3.9.13\x64\lib\site-packages\pyproject_hooks\_in_process\_in_process.py", line 373, in main
2025-06-23T20:30:34.6210705Z     json_out["return_val"] = hook(**hook_input["kwargs"])
2025-06-23T20:30:34.6211990Z   File "C:\hostedtoolcache\windows\Python\3.9.13\x64\lib\site-packages\pyproject_hooks\_in_process\_in_process.py", line 143, in get_requires_for_build_wheel
2025-06-23T20:30:34.6212926Z     return hook(config_settings)
2025-06-23T20:30:34.6214170Z   File "C:\hostedtoolcache\windows\Python\3.9.13\x64\lib\site-packages\setuptools\build_meta.py", line 154, in get_requires_for_build_wheel
2025-06-23T20:30:34.6218066Z     return self._get_build_requires(
2025-06-23T20:30:34.6219873Z   File "C:\hostedtoolcache\windows\Python\3.9.13\x64\lib\site-packages\setuptools\build_meta.py", line 135, in _get_build_requires
2025-06-23T20:30:34.6220970Z     self.run_setup()
2025-06-23T20:30:34.6222200Z   File "C:\hostedtoolcache\windows\Python\3.9.13\x64\lib\site-packages\setuptools\build_meta.py", line 258, in run_setup
2025-06-23T20:30:34.6223222Z     super(_BuildMetaLegacyBackend,
2025-06-23T20:30:34.6224447Z   File "C:\hostedtoolcache\windows\Python\3.9.13\x64\lib\site-packages\setuptools\build_meta.py", line 150, in run_setup
2025-06-23T20:30:34.6225592Z     exec(compile(code, __file__, 'exec'), locals())
2025-06-23T20:30:34.6226288Z   File "setup.py", line 68, in <module>
2025-06-23T20:30:34.6226778Z     cmake.make()
2025-06-23T20:30:34.6227799Z   File "C:\hostedtoolcache\windows\Python\3.9.13\x64\lib\site-packages\skbuild\cmaker.py", line 696, in make
2025-06-23T20:30:34.6229470Z     self.make_impl(clargs=clargs, config=config, source_dir=source_dir, install_target=install_target, env=env)
2025-06-23T20:30:34.6231029Z   File "C:\hostedtoolcache\windows\Python\3.9.13\x64\lib\site-packages\skbuild\cmaker.py", line 741, in make_impl
2025-06-23T20:30:34.6231938Z     raise SKBuildError(msg)
2025-06-23T20:30:34.6232721Z skbuild.exceptions.SKBuildError: An error occurred while building with CMake.
2025-06-23T20:30:34.6233357Z   Command:
2025-06-23T20:30:34.6234517Z     'C:\hostedtoolcache\windows\Python\3.9.13\x64\Lib\site-packages\cmake\data\bin/cmake.exe' --build . --target install --config Release --
2025-06-23T20:30:34.6235518Z   Install target:
2025-06-23T20:30:34.6235796Z     install
2025-06-23T20:30:34.6236117Z   Source directory:
2025-06-23T20:30:34.6236522Z     D:\a\synthizer3d\synthizer3d
2025-06-23T20:30:34.6236930Z   Working directory:
2025-06-23T20:30:34.6237554Z     D:\a\synthizer3d\synthizer3d\_skbuild\win-amd64-3.9\cmake-build
2025-06-23T20:30:34.6238512Z Please check the install target is valid and see CMake's output for more information.
2025-06-23T20:30:34.6239069Z 
2025-06-23T20:30:34.6511246Z 
2025-06-23T20:30:34.6511999Z ERROR Backend subprocess exited when trying to invoke get_requires_for_build_wheel
2025-06-23T20:30:34.7007922Z ##[error]Process completed with exit code 1.
2025-06-23T20:30:34.7163785Z Post job cleanup.
2025-06-23T20:30:34.9639151Z [command]"C:\Program Files\Git\bin\git.exe" version
2025-06-23T20:30:34.9862678Z git version 2.49.0.windows.1
2025-06-23T20:30:34.9936659Z Temporarily overriding HOME='D:\a\_temp\1fbef89d-63a2-4b0c-912a-f980b1462801' before making global git config changes
2025-06-23T20:30:34.9937819Z Adding repository directory to the temporary git global config as a safe directory
2025-06-23T20:30:34.9949566Z [command]"C:\Program Files\Git\bin\git.exe" config --global --add safe.directory D:\a\synthizer3d\synthizer3d
2025-06-23T20:30:35.0194921Z [command]"C:\Program Files\Git\bin\git.exe" config --local --name-only --get-regexp core\.sshCommand
2025-06-23T20:30:35.0419956Z [command]"C:\Program Files\Git\bin\git.exe" submodule foreach --recursive "sh -c \"git config --local --name-only --get-regexp 'core\.sshCommand' && git config --local --unset-all 'core.sshCommand' || :\""
2025-06-23T20:30:35.4557772Z [command]"C:\Program Files\Git\bin\git.exe" config --local --name-only --get-regexp http\.https\:\/\/github\.com\/\.extraheader
2025-06-23T20:30:35.4750107Z http.https://github.com/.extraheader
2025-06-23T20:30:35.4787277Z [command]"C:\Program Files\Git\bin\git.exe" config --local --unset-all http.https://github.com/.extraheader
2025-06-23T20:30:35.5010275Z [command]"C:\Program Files\Git\bin\git.exe" submodule foreach --recursive "sh -c \"git config --local --name-only --get-regexp 'http\.https\:\/\/github\.com\/\.extraheader' && git config --local --unset-all 'http.https://github.com/.extraheader' || :\""
2025-06-23T20:30:35.9844334Z Cleaning up orphan processes
2025-06-23T20:30:36.0300511Z Terminate orphan process: pid (3952) (vctip)
2025-06-23T20:30:36.0479287Z Terminate orphan process: pid (7240) (mspdbsrv)