2025-06-23T18:57:48.5889959Z Current runner version: '2.325.0'
2025-06-23T18:57:48.5924635Z ##[group]Runner Image Provisioner
2025-06-23T18:57:48.5925808Z Hosted Compute Agent
2025-06-23T18:57:48.5926581Z Version: 20250620.352
2025-06-23T18:57:48.5927482Z Commit: f262f3aba23b10ea191b2a62bdee1ca4c3d344da
2025-06-23T18:57:48.5928593Z Build Date: 2025-06-20T19:27:17Z
2025-06-23T18:57:48.5930118Z ##[endgroup]
2025-06-23T18:57:48.5931019Z ##[group]Operating System
2025-06-23T18:57:48.5931986Z Microsoft Windows Server 2022
2025-06-23T18:57:48.5932874Z 10.0.20348
2025-06-23T18:57:48.5933568Z Datacenter
2025-06-23T18:57:48.5934326Z ##[endgroup]
2025-06-23T18:57:48.5935019Z ##[group]Runner Image
2025-06-23T18:57:48.5935907Z Image: windows-2022
2025-06-23T18:57:48.5936761Z Version: 20250602.1.0
2025-06-23T18:57:48.5938734Z Included Software: https://github.com/actions/runner-images/blob/win22/20250602.1/images/windows/Windows2022-Readme.md
2025-06-23T18:57:48.5941753Z Image Release: https://github.com/actions/runner-images/releases/tag/win22%2F20250602.1
2025-06-23T18:57:48.5943412Z ##[endgroup]
2025-06-23T18:57:48.5947703Z ##[group]GITHUB_TOKEN Permissions
2025-06-23T18:57:48.5951607Z Actions: write
2025-06-23T18:57:48.5952371Z Attestations: write
2025-06-23T18:57:48.5953110Z Checks: write
2025-06-23T18:57:48.5953788Z Contents: write
2025-06-23T18:57:48.5954591Z Deployments: write
2025-06-23T18:57:48.5955320Z Discussions: write
2025-06-23T18:57:48.5956075Z Issues: write
2025-06-23T18:57:48.5956886Z Metadata: read
2025-06-23T18:57:48.5957615Z Models: read
2025-06-23T18:57:48.5958340Z Packages: write
2025-06-23T18:57:48.5959066Z Pages: write
2025-06-23T18:57:48.5959811Z PullRequests: write
2025-06-23T18:57:48.5960544Z RepositoryProjects: write
2025-06-23T18:57:48.5961697Z SecurityEvents: write
2025-06-23T18:57:48.5962601Z Statuses: write
2025-06-23T18:57:48.5963283Z ##[endgroup]
2025-06-23T18:57:48.5965989Z Secret source: Actions
2025-06-23T18:57:48.5966911Z Prepare workflow directory
2025-06-23T18:57:48.6647606Z Prepare all required actions
2025-06-23T18:57:48.6701722Z Getting action download info
2025-06-23T18:57:48.9784581Z ##[group]Download immutable action package 'actions/checkout@v4'
2025-06-23T18:57:48.9785668Z Version: 4.2.2
2025-06-23T18:57:48.9786597Z Digest: sha256:ccb2698953eaebd21c7bf6268a94f9c26518a7e38e27e0b83c1fe1ad049819b1
2025-06-23T18:57:48.9787790Z Source commit SHA: 11bd71901bbe5b1630ceea73d27597364c9af683
2025-06-23T18:57:48.9788477Z ##[endgroup]
2025-06-23T18:57:49.0921922Z ##[group]Download immutable action package 'actions/setup-python@v5'
2025-06-23T18:57:49.0922766Z Version: 5.6.0
2025-06-23T18:57:49.0923436Z Digest: sha256:0b35a0c11c97499e4e0576589036d450b9f5f9da74b7774225b3614b57324404
2025-06-23T18:57:49.0924365Z Source commit SHA: a26af69be951a213d495a4c3e4e4022e16d87065
2025-06-23T18:57:49.0925000Z ##[endgroup]
2025-06-23T18:57:50.0763144Z ##[group]Download immutable action package 'actions/cache@v4'
2025-06-23T18:57:50.0764148Z Version: 4.2.3
2025-06-23T18:57:50.0765181Z Digest: sha256:c8a3bb963e1f1826d8fcc8d1354f0dd29d8ac1db1d4f6f20247055ae11b81ed9
2025-06-23T18:57:50.0766470Z Source commit SHA: 5a3ec84eff668545956fd18022155c47e93e2684
2025-06-23T18:57:50.0767365Z ##[endgroup]
2025-06-23T18:57:50.2089523Z Download action repository 'ilammy/msvc-dev-cmd@v1' (SHA:0b201ec74fa43914dc39ae48a89fd1d8cb592756)
2025-06-23T18:57:50.4752393Z Download action repository 'lukka/run-vcpkg@v11' (SHA:7d259227a1fb6471a0253dd5ab7419835228f7d7)
2025-06-23T18:57:50.6814081Z ##[group]Download immutable action package 'actions/upload-artifact@v4'
2025-06-23T18:57:50.6815646Z Version: 4.6.2
2025-06-23T18:57:50.6816997Z Digest: sha256:290722aa3281d5caf23d0acdc3dbeb3424786a1a01a9cc97e72f147225e37c38
2025-06-23T18:57:50.6818965Z Source commit SHA: ea165f8d65b6e75b540449e92b4886f43607fa02
2025-06-23T18:57:50.6820225Z ##[endgroup]
2025-06-23T18:57:51.0329555Z Complete job name: Build Windows (x86) Python 3.9
2025-06-23T18:57:51.2100031Z ##[group]Run actions/checkout@v4
2025-06-23T18:57:51.2102474Z with:
2025-06-23T18:57:51.2103052Z   submodules: recursive
2025-06-23T18:57:51.2103742Z   repository: Ambro86/synthizer3d
2025-06-23T18:57:51.2104732Z   token: ***
2025-06-23T18:57:51.2105310Z   ssh-strict: true
2025-06-23T18:57:51.2105936Z   ssh-user: git
2025-06-23T18:57:51.2106576Z   persist-credentials: true
2025-06-23T18:57:51.2107278Z   clean: true
2025-06-23T18:57:51.2107910Z   sparse-checkout-cone-mode: true
2025-06-23T18:57:51.2108671Z   fetch-depth: 1
2025-06-23T18:57:51.2109288Z   fetch-tags: false
2025-06-23T18:57:51.2109908Z   show-progress: true
2025-06-23T18:57:51.2110538Z   lfs: false
2025-06-23T18:57:51.2111115Z   set-safe-directory: true
2025-06-23T18:57:51.2111978Z env:
2025-06-23T18:57:51.2112510Z   PYVERSION: 3.9
2025-06-23T18:57:51.2113114Z   CI_ARCH_LOWER: x86
2025-06-23T18:57:51.2113715Z   CI_WINDOWS: 1
2025-06-23T18:57:51.2114299Z   CI_ARCH_ENV: x86
2025-06-23T18:57:51.2114972Z   VCPKG_DEFAULT_TRIPLET: x86-windows
2025-06-23T18:57:51.2116134Z   EFFECTIVE_VCPKG_INSTALLED_DIR_BASE: D:\a\synthizer3d\synthizer3d\vcpkg_installed
2025-06-23T18:57:51.2117309Z ##[endgroup]
2025-06-23T18:57:51.3752089Z Syncing repository: Ambro86/synthizer3d
2025-06-23T18:57:51.3754802Z ##[group]Getting Git version info
2025-06-23T18:57:51.3755778Z Working directory is 'D:\a\synthizer3d\synthizer3d'
2025-06-23T18:57:51.4813585Z [command]"C:\Program Files\Git\bin\git.exe" version
2025-06-23T18:57:51.8311159Z git version 2.49.0.windows.1
2025-06-23T18:57:51.8317173Z ##[endgroup]
2025-06-23T18:57:51.8325591Z Temporarily overriding HOME='D:\a\_temp\103627be-e04e-4d6d-b615-5e4ad22baa4b' before making global git config changes
2025-06-23T18:57:51.8334713Z Adding repository directory to the temporary git global config as a safe directory
2025-06-23T18:57:51.8338359Z [command]"C:\Program Files\Git\bin\git.exe" config --global --add safe.directory D:\a\synthizer3d\synthizer3d
2025-06-23T18:57:51.8975560Z Deleting the contents of 'D:\a\synthizer3d\synthizer3d'
2025-06-23T18:57:51.8981502Z ##[group]Initializing the repository
2025-06-23T18:57:51.8991664Z [command]"C:\Program Files\Git\bin\git.exe" init D:\a\synthizer3d\synthizer3d
2025-06-23T18:57:51.9715496Z Initialized empty Git repository in D:/a/synthizer3d/synthizer3d/.git/
2025-06-23T18:57:51.9760424Z [command]"C:\Program Files\Git\bin\git.exe" remote add origin https://github.com/Ambro86/synthizer3d
2025-06-23T18:57:52.0215676Z ##[endgroup]
2025-06-23T18:57:52.0216857Z ##[group]Disabling automatic garbage collection
2025-06-23T18:57:52.0226773Z [command]"C:\Program Files\Git\bin\git.exe" config --local gc.auto 0
2025-06-23T18:57:52.0466834Z ##[endgroup]
2025-06-23T18:57:52.0467970Z ##[group]Setting up auth
2025-06-23T18:57:52.0481469Z [command]"C:\Program Files\Git\bin\git.exe" config --local --name-only --get-regexp core\.sshCommand
2025-06-23T18:57:52.0722624Z [command]"C:\Program Files\Git\bin\git.exe" submodule foreach --recursive "sh -c \"git config --local --name-only --get-regexp 'core\.sshCommand' && git config --local --unset-all 'core.sshCommand' || :\""
2025-06-23T18:57:53.2776460Z [command]"C:\Program Files\Git\bin\git.exe" config --local --name-only --get-regexp http\.https\:\/\/github\.com\/\.extraheader
2025-06-23T18:57:53.3011625Z [command]"C:\Program Files\Git\bin\git.exe" submodule foreach --recursive "sh -c \"git config --local --name-only --get-regexp 'http\.https\:\/\/github\.com\/\.extraheader' && git config --local --unset-all 'http.https://github.com/.extraheader' || :\""
2025-06-23T18:57:53.6904985Z [command]"C:\Program Files\Git\bin\git.exe" config --local http.https://github.com/.extraheader "AUTHORIZATION: basic ***"
2025-06-23T18:57:53.7144979Z ##[endgroup]
2025-06-23T18:57:53.7145704Z ##[group]Fetching the repository
2025-06-23T18:57:53.7162116Z [command]"C:\Program Files\Git\bin\git.exe" -c protocol.version=2 fetch --no-tags --prune --no-recurse-submodules --depth=1 origin +a16fad85f2ae80eae48828004e32ae75b144c54f:refs/remotes/origin/master
2025-06-23T18:57:54.8647962Z From https://github.com/Ambro86/synthizer3d
2025-06-23T18:57:54.8650140Z  * [new ref]         a16fad85f2ae80eae48828004e32ae75b144c54f -> origin/master
2025-06-23T18:57:54.8839569Z ##[endgroup]
2025-06-23T18:57:54.8840156Z ##[group]Determining the checkout info
2025-06-23T18:57:54.8844146Z ##[endgroup]
2025-06-23T18:57:54.8860200Z [command]"C:\Program Files\Git\bin\git.exe" sparse-checkout disable
2025-06-23T18:57:54.9167643Z [command]"C:\Program Files\Git\bin\git.exe" config --local --unset-all extensions.worktreeConfig
2025-06-23T18:57:54.9399571Z ##[group]Checking out the ref
2025-06-23T18:57:54.9409803Z [command]"C:\Program Files\Git\bin\git.exe" checkout --progress --force -B master refs/remotes/origin/master
2025-06-23T18:57:55.6629470Z branch 'master' set up to track 'origin/master'.
2025-06-23T18:57:55.6634226Z Reset branch 'master'
2025-06-23T18:57:55.6686152Z ##[endgroup]
2025-06-23T18:57:55.6686785Z ##[group]Setting up auth for fetching submodules
2025-06-23T18:57:55.6697003Z [command]"C:\Program Files\Git\bin\git.exe" config --global http.https://github.com/.extraheader "AUTHORIZATION: basic ***"
2025-06-23T18:57:55.6935933Z [command]"C:\Program Files\Git\bin\git.exe" config --global --unset-all url.https://github.com/.insteadOf
2025-06-23T18:57:55.7163793Z [command]"C:\Program Files\Git\bin\git.exe" config --global --add url.https://github.com/.insteadOf git@github.com:
2025-06-23T18:57:55.7390141Z [command]"C:\Program Files\Git\bin\git.exe" config --global --add url.https://github.com/.insteadOf org-58132298@github.com:
2025-06-23T18:57:55.7607404Z ##[endgroup]
2025-06-23T18:57:55.7607843Z ##[group]Fetching submodules
2025-06-23T18:57:55.7616772Z [command]"C:\Program Files\Git\bin\git.exe" submodule sync --recursive
2025-06-23T18:57:56.2113039Z [command]"C:\Program Files\Git\bin\git.exe" -c protocol.version=2 submodule update --init --force --depth=1 --recursive
2025-06-23T18:57:56.6024459Z [command]"C:\Program Files\Git\bin\git.exe" submodule foreach --recursive "git config --local gc.auto 0"
2025-06-23T18:57:57.1259022Z ##[endgroup]
2025-06-23T18:57:57.1259703Z ##[group]Persisting credentials for submodules
2025-06-23T18:57:57.1273429Z [command]"C:\Program Files\Git\bin\git.exe" submodule foreach --recursive "sh -c \"git config --local --name-only --get-regexp 'url\.https\:\/\/github\.com\/\.insteadOf' && git config --local --unset-all 'url.https://github.com/.insteadOf' || :\""
2025-06-23T18:57:57.5867890Z [command]"C:\Program Files\Git\bin\git.exe" submodule foreach --recursive "sh -c \"git config --local 'http.https://github.com/.extraheader' 'AUTHORIZATION: basic ***' && git config --local --show-origin --name-only --get-regexp remote.origin.url\""
2025-06-23T18:57:58.0729335Z [command]"C:\Program Files\Git\bin\git.exe" submodule foreach --recursive "git config --local --add 'url.https://github.com/.insteadOf' 'git@github.com:'"
2025-06-23T18:57:58.5396453Z [command]"C:\Program Files\Git\bin\git.exe" submodule foreach --recursive "git config --local --add 'url.https://github.com/.insteadOf' 'org-58132298@github.com:'"
2025-06-23T18:57:58.9447312Z ##[endgroup]
2025-06-23T18:57:58.9709719Z [command]"C:\Program Files\Git\bin\git.exe" log -1 --format=%H
2025-06-23T18:57:58.9908729Z a16fad85f2ae80eae48828004e32ae75b144c54f
2025-06-23T18:57:59.0247987Z ##[group]Run actions/setup-python@v5
2025-06-23T18:57:59.0248277Z with:
2025-06-23T18:57:59.0248451Z   python-version: 3.9
2025-06-23T18:57:59.0248647Z   architecture: x86
2025-06-23T18:57:59.0248825Z   check-latest: false
2025-06-23T18:57:59.0249137Z   token: ***
2025-06-23T18:57:59.0249307Z   update-environment: true
2025-06-23T18:57:59.0249523Z   allow-prereleases: false
2025-06-23T18:57:59.0249707Z   freethreaded: false
2025-06-23T18:57:59.0249879Z env:
2025-06-23T18:57:59.0250013Z   PYVERSION: 3.9
2025-06-23T18:57:59.0250171Z   CI_ARCH_LOWER: x86
2025-06-23T18:57:59.0250329Z   CI_WINDOWS: 1
2025-06-23T18:57:59.0250480Z   CI_ARCH_ENV: x86
2025-06-23T18:57:59.0250644Z   VCPKG_DEFAULT_TRIPLET: x86-windows
2025-06-23T18:57:59.0251168Z   EFFECTIVE_VCPKG_INSTALLED_DIR_BASE: D:\a\synthizer3d\synthizer3d\vcpkg_installed
2025-06-23T18:57:59.0251496Z ##[endgroup]
2025-06-23T18:57:59.2499591Z ##[group]Installed versions
2025-06-23T18:57:59.2682208Z Successfully set up CPython (3.9.13)
2025-06-23T18:57:59.2683607Z ##[endgroup]
2025-06-23T18:57:59.2935647Z ##[group]Run python -m pip install --upgrade pip
2025-06-23T18:57:59.2936059Z [36;1mpython -m pip install --upgrade pip[0m
2025-06-23T18:57:59.3191551Z shell: C:\Program Files\PowerShell\7\pwsh.EXE -command ". '{0}'"
2025-06-23T18:57:59.3192000Z env:
2025-06-23T18:57:59.3192206Z   PYVERSION: 3.9
2025-06-23T18:57:59.3192442Z   CI_ARCH_LOWER: x86
2025-06-23T18:57:59.3192669Z   CI_WINDOWS: 1
2025-06-23T18:57:59.3192886Z   CI_ARCH_ENV: x86
2025-06-23T18:57:59.3193130Z   VCPKG_DEFAULT_TRIPLET: x86-windows
2025-06-23T18:57:59.3193636Z   EFFECTIVE_VCPKG_INSTALLED_DIR_BASE: D:\a\synthizer3d\synthizer3d\vcpkg_installed
2025-06-23T18:57:59.3194262Z   pythonLocation: C:\hostedtoolcache\windows\Python\3.9.13\x86
2025-06-23T18:57:59.3194871Z   PKG_CONFIG_PATH: C:\hostedtoolcache\windows\Python\3.9.13\x86/lib/pkgconfig
2025-06-23T18:57:59.3195458Z   Python_ROOT_DIR: C:\hostedtoolcache\windows\Python\3.9.13\x86
2025-06-23T18:57:59.3196010Z   Python2_ROOT_DIR: C:\hostedtoolcache\windows\Python\3.9.13\x86
2025-06-23T18:57:59.3196528Z   Python3_ROOT_DIR: C:\hostedtoolcache\windows\Python\3.9.13\x86
2025-06-23T18:57:59.3196931Z ##[endgroup]
2025-06-23T18:58:07.4535717Z Requirement already satisfied: pip in c:\hostedtoolcache\windows\python\3.9.13\x86\lib\site-packages (25.1.1)
2025-06-23T18:58:08.5217764Z ##[group]Run python synthizer-c/vendor.py synthizer-vendored
2025-06-23T18:58:08.5218234Z [36;1mpython synthizer-c/vendor.py synthizer-vendored[0m
2025-06-23T18:58:08.5250586Z shell: C:\Program Files\PowerShell\7\pwsh.EXE -command ". '{0}'"
2025-06-23T18:58:08.5250893Z env:
2025-06-23T18:58:08.5251039Z   PYVERSION: 3.9
2025-06-23T18:58:08.5251209Z   CI_ARCH_LOWER: x86
2025-06-23T18:58:08.5251385Z   CI_WINDOWS: 1
2025-06-23T18:58:08.5251534Z   CI_ARCH_ENV: x86
2025-06-23T18:58:08.5251709Z   VCPKG_DEFAULT_TRIPLET: x86-windows
2025-06-23T18:58:08.5252052Z   EFFECTIVE_VCPKG_INSTALLED_DIR_BASE: D:\a\synthizer3d\synthizer3d\vcpkg_installed
2025-06-23T18:58:08.5252461Z   pythonLocation: C:\hostedtoolcache\windows\Python\3.9.13\x86
2025-06-23T18:58:08.5252846Z   PKG_CONFIG_PATH: C:\hostedtoolcache\windows\Python\3.9.13\x86/lib/pkgconfig
2025-06-23T18:58:08.5253218Z   Python_ROOT_DIR: C:\hostedtoolcache\windows\Python\3.9.13\x86
2025-06-23T18:58:08.5253609Z   Python2_ROOT_DIR: C:\hostedtoolcache\windows\Python\3.9.13\x86
2025-06-23T18:58:08.5253947Z   Python3_ROOT_DIR: C:\hostedtoolcache\windows\Python\3.9.13\x86
2025-06-23T18:58:08.5254214Z ##[endgroup]
2025-06-23T18:58:10.7724014Z ##[group]Run actions/cache@v4
2025-06-23T18:58:10.7724283Z with:
2025-06-23T18:58:10.7724456Z   path: ~\AppData\Local\pip\Cache
2025-06-23T18:58:10.7724857Z   key: Windows-pip-3.9-x86-7bb05f23c3f96376e1221853e6931719cecbbb5da9517de533d3a2e015d61e31
2025-06-23T18:58:10.7725319Z   restore-keys: Windows-pip-3.9-x86-

2025-06-23T18:58:10.7725566Z   enableCrossOsArchive: false
2025-06-23T18:58:10.7725763Z   fail-on-cache-miss: false
2025-06-23T18:58:10.7725947Z   lookup-only: false
2025-06-23T18:58:10.7726105Z   save-always: false
2025-06-23T18:58:10.7726250Z env:
2025-06-23T18:58:10.7726381Z   PYVERSION: 3.9
2025-06-23T18:58:10.7726538Z   CI_ARCH_LOWER: x86
2025-06-23T18:58:10.7726687Z   CI_WINDOWS: 1
2025-06-23T18:58:10.7726829Z   CI_ARCH_ENV: x86
2025-06-23T18:58:10.7726988Z   VCPKG_DEFAULT_TRIPLET: x86-windows
2025-06-23T18:58:10.7727318Z   EFFECTIVE_VCPKG_INSTALLED_DIR_BASE: D:\a\synthizer3d\synthizer3d\vcpkg_installed
2025-06-23T18:58:10.7727766Z   pythonLocation: C:\hostedtoolcache\windows\Python\3.9.13\x86
2025-06-23T18:58:10.7728146Z   PKG_CONFIG_PATH: C:\hostedtoolcache\windows\Python\3.9.13\x86/lib/pkgconfig
2025-06-23T18:58:10.7728515Z   Python_ROOT_DIR: C:\hostedtoolcache\windows\Python\3.9.13\x86
2025-06-23T18:58:10.7729031Z   Python2_ROOT_DIR: C:\hostedtoolcache\windows\Python\3.9.13\x86
2025-06-23T18:58:10.7729362Z   Python3_ROOT_DIR: C:\hostedtoolcache\windows\Python\3.9.13\x86
2025-06-23T18:58:10.7729611Z ##[endgroup]
2025-06-23T18:58:11.1696441Z Cache hit for: Windows-pip-3.9-x86-7bb05f23c3f96376e1221853e6931719cecbbb5da9517de533d3a2e015d61e31
2025-06-23T18:58:11.5063770Z Received 36997747 of 36997747 (100.0%), 125.1 MBs/sec
2025-06-23T18:58:11.5067068Z Cache Size: ~35 MB (36997747 B)
2025-06-23T18:58:11.5098977Z [command]"C:\Program Files\Git\usr\bin\tar.exe" -xf D:/a/_temp/2d0cb290-f6c7-4121-9a6c-fbf84c16feed/cache.tzst -P -C D:/a/synthizer3d/synthizer3d --force-local --use-compress-program "zstd -d"
2025-06-23T18:58:11.7499080Z Cache restored successfully
2025-06-23T18:58:11.7649133Z Cache restored from key: Windows-pip-3.9-x86-7bb05f23c3f96376e1221853e6931719cecbbb5da9517de533d3a2e015d61e31
2025-06-23T18:58:11.7866428Z ##[group]Run ilammy/msvc-dev-cmd@v1
2025-06-23T18:58:11.7866747Z with:
2025-06-23T18:58:11.7866905Z   arch: x86
2025-06-23T18:58:11.7867049Z env:
2025-06-23T18:58:11.7867184Z   PYVERSION: 3.9
2025-06-23T18:58:11.7867353Z   CI_ARCH_LOWER: x86
2025-06-23T18:58:11.7867519Z   CI_WINDOWS: 1
2025-06-23T18:58:11.7867671Z   CI_ARCH_ENV: x86
2025-06-23T18:58:11.7867854Z   VCPKG_DEFAULT_TRIPLET: x86-windows
2025-06-23T18:58:11.7868210Z   EFFECTIVE_VCPKG_INSTALLED_DIR_BASE: D:\a\synthizer3d\synthizer3d\vcpkg_installed
2025-06-23T18:58:11.7868638Z   pythonLocation: C:\hostedtoolcache\windows\Python\3.9.13\x86
2025-06-23T18:58:11.7869025Z   PKG_CONFIG_PATH: C:\hostedtoolcache\windows\Python\3.9.13\x86/lib/pkgconfig
2025-06-23T18:58:11.7889465Z   Python_ROOT_DIR: C:\hostedtoolcache\windows\Python\3.9.13\x86
2025-06-23T18:58:11.7890122Z   Python2_ROOT_DIR: C:\hostedtoolcache\windows\Python\3.9.13\x86
2025-06-23T18:58:11.7890815Z   Python3_ROOT_DIR: C:\hostedtoolcache\windows\Python\3.9.13\x86
2025-06-23T18:58:11.7891305Z ##[endgroup]
2025-06-23T18:58:12.1404854Z Found with vswhere: C:\Program Files\Microsoft Visual Studio\2022\Enterprise\VC\Auxiliary\Build\vcvarsall.bat
2025-06-23T18:58:14.8308393Z ##[group]Environment variables
2025-06-23T18:58:14.8308898Z Setting CommandPromptType
2025-06-23T18:58:14.8321187Z Setting DevEnvDir
2025-06-23T18:58:14.8324825Z Setting ExtensionSdkDir
2025-06-23T18:58:14.8327440Z Setting EXTERNAL_INCLUDE
2025-06-23T18:58:14.8332880Z Setting Framework40Version
2025-06-23T18:58:14.8335227Z Setting FrameworkDir
2025-06-23T18:58:14.8337507Z Setting FrameworkDir32
2025-06-23T18:58:14.8340754Z Setting FrameworkVersion
2025-06-23T18:58:14.8343293Z Setting FrameworkVersion32
2025-06-23T18:58:14.8346655Z Setting FSHARPINSTALLDIR
2025-06-23T18:58:14.8349810Z Setting HTMLHelpDir
2025-06-23T18:58:14.8359102Z Setting IFCPATH
2025-06-23T18:58:14.8362822Z Setting INCLUDE
2025-06-23T18:58:14.8367220Z Setting LIB
2025-06-23T18:58:14.8369410Z Setting LIBPATH
2025-06-23T18:58:14.8371821Z Setting NETFXSDKDir
2025-06-23T18:58:14.8373967Z Setting Path
2025-06-23T18:58:14.8377665Z Setting Platform
2025-06-23T18:58:14.8380488Z Setting UCRTVersion
2025-06-23T18:58:14.8382451Z Setting UniversalCRTSdkDir
2025-06-23T18:58:14.8384390Z Setting VCIDEInstallDir
2025-06-23T18:58:14.8386420Z Setting VCINSTALLDIR
2025-06-23T18:58:14.8389734Z Setting VCPKG_ROOT
2025-06-23T18:58:14.8392241Z Setting VCToolsInstallDir
2025-06-23T18:58:14.8394722Z Setting VCToolsRedistDir
2025-06-23T18:58:14.8397298Z Setting VCToolsVersion
2025-06-23T18:58:14.8399949Z Setting VisualStudioVersion
2025-06-23T18:58:14.8402497Z Setting VS170COMNTOOLS
2025-06-23T18:58:14.8404851Z Setting VSCMD_ARG_app_plat
2025-06-23T18:58:14.8407198Z Setting VSCMD_ARG_HOST_ARCH
2025-06-23T18:58:14.8409612Z Setting VSCMD_ARG_TGT_ARCH
2025-06-23T18:58:14.8411981Z Setting VSCMD_VER
2025-06-23T18:58:14.8414517Z Setting VSINSTALLDIR
2025-06-23T18:58:14.8417343Z Setting VSSDK150INSTALL
2025-06-23T18:58:14.8419838Z Setting VSSDKINSTALL
2025-06-23T18:58:14.8422271Z Setting WindowsLibPath
2025-06-23T18:58:14.8425056Z Setting WindowsSdkBinPath
2025-06-23T18:58:14.8427658Z Setting WindowsSdkDir
2025-06-23T18:58:14.8430213Z Setting WindowsSDKLibVersion
2025-06-23T18:58:14.8432150Z Setting WindowsSdkVerBinPath
2025-06-23T18:58:14.8433988Z Setting WindowsSDKVersion
2025-06-23T18:58:14.8435848Z Setting WindowsSDK_ExecutablePath_x64
2025-06-23T18:58:14.8437648Z Setting WindowsSDK_ExecutablePath_x86
2025-06-23T18:58:14.8439449Z Setting __DOTNET_ADD_32BIT
2025-06-23T18:58:14.8441370Z Setting __DOTNET_PREFERRED_BITNESS
2025-06-23T18:58:14.8443244Z Setting __VSCMD_PREINIT_PATH
2025-06-23T18:58:14.8446218Z ##[endgroup]
2025-06-23T18:58:14.8446464Z Configured Developer Command Prompt
2025-06-23T18:58:14.8638803Z ##[group]Run lukka/run-vcpkg@v11
2025-06-23T18:58:14.8639104Z with:
2025-06-23T18:58:14.8639275Z   vcpkgJsonGlob: vcpkg.json
2025-06-23T18:58:14.8639486Z   runVcpkgInstall: true
2025-06-23T18:58:14.8639718Z   vcpkgDirectory: D:\a\synthizer3d\synthizer3d/vcpkg
2025-06-23T18:58:14.8640063Z   vcpkgGitURL: https://github.com/microsoft/vcpkg.git
2025-06-23T18:58:14.8640339Z   doNotUpdateVcpkg: false
2025-06-23T18:58:14.8640528Z   doNotCache: true
2025-06-23T18:58:14.8640698Z   vcpkgJsonIgnores: ['**/vcpkg/**']
2025-06-23T18:58:14.8640995Z   vcpkgConfigurationJsonGlob: **/vcpkg-configuration.json
2025-06-23T18:58:14.8641621Z   runVcpkgFormatString: [`install`, `--recurse`, `--clean-after-build`, `--x-install-root`, `$[env.VCPKG_INSTALLED_DIR]`, `--triplet`, `$[env.VCPKG_DEFAULT_TRIPLET]`]
2025-06-23T18:58:14.8642171Z   useShell: true
2025-06-23T18:58:14.8642618Z   logCollectionRegExps: \s*"(.+CMakeOutput\.log)"\.\s*;\s*"(.+CMakeError\.log)"\.\s*;\s*(.+out\.log)\s*;\s+(.+err\.log)\s*;\s*(.+vcpkg.+\.log)\s*
2025-06-23T18:58:14.8643049Z env:
2025-06-23T18:58:14.8643193Z   PYVERSION: 3.9
2025-06-23T18:58:14.8643360Z   CI_ARCH_LOWER: x86
2025-06-23T18:58:14.8643624Z   CI_WINDOWS: 1
2025-06-23T18:58:14.8643794Z   CI_ARCH_ENV: x86
2025-06-23T18:58:14.8643973Z   VCPKG_DEFAULT_TRIPLET: x86-windows
2025-06-23T18:58:14.8644327Z   EFFECTIVE_VCPKG_INSTALLED_DIR_BASE: D:\a\synthizer3d\synthizer3d\vcpkg_installed
2025-06-23T18:58:14.8644747Z   pythonLocation: C:\hostedtoolcache\windows\Python\3.9.13\x86
2025-06-23T18:58:14.8645137Z   PKG_CONFIG_PATH: C:\hostedtoolcache\windows\Python\3.9.13\x86/lib/pkgconfig
2025-06-23T18:58:14.8645531Z   Python_ROOT_DIR: C:\hostedtoolcache\windows\Python\3.9.13\x86
2025-06-23T18:58:14.8645878Z   Python2_ROOT_DIR: C:\hostedtoolcache\windows\Python\3.9.13\x86
2025-06-23T18:58:14.8646225Z   Python3_ROOT_DIR: C:\hostedtoolcache\windows\Python\3.9.13\x86
2025-06-23T18:58:14.8646516Z   CommandPromptType: Native
2025-06-23T18:58:14.8646836Z   DevEnvDir: C:\Program Files\Microsoft Visual Studio\2022\Enterprise\Common7\IDE\
2025-06-23T18:58:14.8647294Z   ExtensionSdkDir: C:\Program Files (x86)\Microsoft SDKs\Windows Kits\10\ExtensionSDKs
2025-06-23T18:58:14.8649285Z   EXTERNAL_INCLUDE: C:\Program Files\Microsoft Visual Studio\2022\Enterprise\VC\Tools\MSVC\14.43.34808\include;C:\Program Files\Microsoft Visual Studio\2022\Enterprise\VC\Tools\MSVC\14.43.34808\ATLMFC\include;C:\Program Files\Microsoft Visual Studio\2022\Enterprise\VC\Auxiliary\VS\include;C:\Program Files (x86)\Windows Kits\10\include\10.0.26100.0\ucrt;C:\Program Files (x86)\Windows Kits\10\\include\10.0.26100.0\\um;C:\Program Files (x86)\Windows Kits\10\\include\10.0.26100.0\\shared;C:\Program Files (x86)\Windows Kits\10\\include\10.0.26100.0\\winrt;C:\Program Files (x86)\Windows Kits\10\\include\10.0.26100.0\\cppwinrt;C:\Program Files (x86)\Windows Kits\NETFXSDK\4.8\include\um
2025-06-23T18:58:14.8651153Z   Framework40Version: v4.0
2025-06-23T18:58:14.8651391Z   FrameworkDir: C:\Windows\Microsoft.NET\Framework\
2025-06-23T18:58:14.8651684Z   FrameworkDir32: C:\Windows\Microsoft.NET\Framework\
2025-06-23T18:58:14.8651940Z   FrameworkVersion: v4.0.30319
2025-06-23T18:58:14.8652145Z   FrameworkVersion32: v4.0.30319
2025-06-23T18:58:14.8652609Z   FSHARPINSTALLDIR: C:\Program Files\Microsoft Visual Studio\2022\Enterprise\Common7\IDE\CommonExtensions\Microsoft\FSharp\Tools
2025-06-23T18:58:14.8653296Z   HTMLHelpDir: C:\Program Files (x86)\HTML Help Workshop
2025-06-23T18:58:14.8653716Z   IFCPATH: C:\Program Files\Microsoft Visual Studio\2022\Enterprise\VC\Tools\MSVC\14.43.34808\ifc\x86
2025-06-23T18:58:14.8657048Z   INCLUDE: C:\Program Files\Microsoft Visual Studio\2022\Enterprise\VC\Tools\MSVC\14.43.34808\include;C:\Program Files\Microsoft Visual Studio\2022\Enterprise\VC\Tools\MSVC\14.43.34808\ATLMFC\include;C:\Program Files\Microsoft Visual Studio\2022\Enterprise\VC\Auxiliary\VS\include;C:\Program Files (x86)\Windows Kits\10\include\10.0.26100.0\ucrt;C:\Program Files (x86)\Windows Kits\10\\include\10.0.26100.0\\um;C:\Program Files (x86)\Windows Kits\10\\include\10.0.26100.0\\shared;C:\Program Files (x86)\Windows Kits\10\\include\10.0.26100.0\\winrt;C:\Program Files (x86)\Windows Kits\10\\include\10.0.26100.0\\cppwinrt;C:\Program Files (x86)\Windows Kits\NETFXSDK\4.8\include\um
2025-06-23T18:58:14.8659826Z   LIB: C:\Program Files\Microsoft Visual Studio\2022\Enterprise\VC\Tools\MSVC\14.43.34808\ATLMFC\lib\x86;C:\Program Files\Microsoft Visual Studio\2022\Enterprise\VC\Tools\MSVC\14.43.34808\lib\x86;C:\Program Files (x86)\Windows Kits\NETFXSDK\4.8\lib\um\x86;C:\Program Files (x86)\Windows Kits\10\lib\10.0.26100.0\ucrt\x86;C:\Program Files (x86)\Windows Kits\10\\lib\10.0.26100.0\\um\x86
2025-06-23T18:58:14.8662071Z   LIBPATH: C:\Program Files\Microsoft Visual Studio\2022\Enterprise\VC\Tools\MSVC\14.43.34808\ATLMFC\lib\x86;C:\Program Files\Microsoft Visual Studio\2022\Enterprise\VC\Tools\MSVC\14.43.34808\lib\x86;C:\Program Files\Microsoft Visual Studio\2022\Enterprise\VC\Tools\MSVC\14.43.34808\lib\x86\store\references;C:\Program Files (x86)\Windows Kits\10\UnionMetadata\10.0.26100.0;C:\Program Files (x86)\Windows Kits\10\References\10.0.26100.0;C:\Windows\Microsoft.NET\Framework\v4.0.30319
2025-06-23T18:58:14.8663524Z   NETFXSDKDir: C:\Program Files (x86)\Windows Kits\NETFXSDK\4.8\
2025-06-23T18:58:14.8678032Z   Path: C:\Program Files\Microsoft Visual Studio\2022\Enterprise\VC\Tools\MSVC\14.43.34808\bin\HostX86\x86;C:\Program Files\Microsoft Visual Studio\2022\Enterprise\Common7\IDE\VC\VCPackages;C:\Program Files\Microsoft Visual Studio\2022\Enterprise\Common7\IDE\CommonExtensions\Microsoft\TestWindow;C:\Program Files\Microsoft Visual Studio\2022\Enterprise\Common7\IDE\CommonExtensions\Microsoft\TeamFoundation\Team Explorer;C:\Program Files\Microsoft Visual Studio\2022\Enterprise\MSBuild\Current\bin\Roslyn;C:\Program Files (x86)\Microsoft SDKs\Windows\v10.0A\bin\NETFX 4.8 Tools\;C:\Program Files (x86)\HTML Help Workshop;C:\Program Files\Microsoft Visual Studio\2022\Enterprise\Common7\IDE\CommonExtensions\Microsoft\FSharp\Tools;C:\Program Files\Microsoft Visual Studio\2022\Enterprise\Team Tools\DiagnosticsHub\Collector;C:\Program Files\Microsoft Visual Studio\2022\Enterprise\Common7\IDE\Extensions\Microsoft\CodeCoverage.Console;C:\Program Files (x86)\Windows Kits\10\bin\10.0.26100.0\\x86;C:\Program Files (x86)\Windows Kits\10\bin\\x86;C:\Program Files\Microsoft Visual Studio\2022\Enterprise\\MSBuild\Current\Bin\amd64;C:\Windows\Microsoft.NET\Framework\v4.0.30319;C:\Program Files\Microsoft Visual Studio\2022\Enterprise\Common7\IDE\;C:\Program Files\Microsoft Visual Studio\2022\Enterprise\Common7\Tools\;C:\Users\runneradmin\AppData\Roaming\Python\Python39\Scripts;C:\hostedtoolcache\windows\Python\3.9.13\x86\Scripts;C:\hostedtoolcache\windows\Python\3.9.13\x86;C:\Program Files\MongoDB\Server\5.0\bin;C:\aliyun-cli;C:\vcpkg;C:\Program Files (x86)\NSIS\;C:\tools\zstd;C:\Program Files\Mercurial\;C:\hostedtoolcache\windows\stack\3.5.1\x64;C:\cabal\bin;C:\\ghcup\bin;C:\mingw64\bin;C:\Program Files\dotnet;C:\Program Files\MySQL\MySQL Server 8.0\bin;C:\Program Files\R\R-4.4.2\bin\x64;C:\SeleniumWebDrivers\GeckoDriver;C:\SeleniumWebDrivers\EdgeDriver\;C:\SeleniumWebDrivers\ChromeDriver;C:\Program Files (x86)\sbt\bin;C:\Program Files (x86)\GitHub CLI;C:\Program Files\Git\bin;C:\Program Files (x86)\pipx_bin;C:\npm\prefix;C:\hostedtoolcache\windows\go\1.24.3\x64\bin;C:\hostedtoolcache\windows\Python\3.9.13\x64\Scripts;C:\hostedtoolcache\windows\Python\3.9.13\x64;C:\hostedtoolcache\windows\Ruby\3.3.8\x64\bin;C:\Program Files\OpenSSL\bin;C:\tools\kotlinc\bin;C:\hostedtoolcache\windows\Java_Temurin-Hotspot_jdk\8.0.452-9\x64\bin;C:\Program Files\ImageMagick-7.1.1-Q16-HDRI;C:\Program Files\Microsoft SDKs\Azure\CLI2\wbin;C:\ProgramData\kind;C:\ProgramData\Chocolatey\bin;C:\Windows\system32;C:\Windows;C:\Windows\System32\Wbem;C:\Windows\System32\WindowsPowerShell\v1.0\;C:\Windows\System32\OpenSSH\;C:\Program Files\dotnet\;C:\Program Files\PowerShell\7\;C:\Program Files\Microsoft\Web Platform Installer\;C:\Program Files\TortoiseSVN\bin;C:\Program Files\Microsoft SQL Server\Client SDK\ODBC\170\Tools\Binn\;C:\Program Files\Microsoft SQL Server\150\Tools\Binn\;C:\Program Files (x86)\Windows Kits\10\Windows Performance Toolkit\;C:\Program Files (x86)\WiX Toolset v3.14\bin;C:\Program Files\Microsoft SQL Server\130\DTS\Binn\;C:\Program Files\Microsoft SQL Server\140\DTS\Binn\;C:\Program Files\Microsoft SQL Server\150\DTS\Binn\;C:\Program Files\Microsoft SQL Server\160\DTS\Binn\;C:\Strawberry\c\bin;C:\Strawberry\perl\site\bin;C:\Strawberry\perl\bin;C:\ProgramData\chocolatey\lib\pulumi\tools\Pulumi\bin;C:\Program Files\CMake\bin;C:\ProgramData\chocolatey\lib\maven\apache-maven-3.9.9\bin;C:\Program Files\Microsoft Service Fabric\bin\Fabric\Fabric.Code;C:\Program Files\Microsoft SDKs\Service Fabric\Tools\ServiceFabricLocalClusterManager;C:\Program Files\nodejs\;C:\Program Files\Git\cmd;C:\Program Files\Git\mingw64\bin;C:\Program Files\Git\usr\bin;C:\Program Files\GitHub CLI\;c:\tools\php;C:\Program Files\Amazon\AWSCLIV2\;C:\Program Files\Amazon\SessionManagerPlugin\bin\;C:\Program Files\Amazon\AWSSAMCLI\bin\;C:\Program Files\Microsoft SQL Server\130\Tools\Binn\;C:\Program Files\LLVM\bin;C:\Users\runneradmin\.dotnet\tools;C:\Users\runneradmin\.cargo\bin;C:\Users\runneradmin\AppData\Local\Microsoft\WindowsApps;C:\Program Files (x86)\Microsoft Visual Studio\Installer;C:\Program Files\Microsoft Visual Studio\2022\Enterprise\VC\Tools\Llvm\bin;C:\Program Files\Microsoft Visual Studio\2022\Enterprise\Common7\IDE\CommonExtensions\Microsoft\CMake\CMake\bin;C:\Program Files\Microsoft Visual Studio\2022\Enterprise\Common7\IDE\CommonExtensions\Microsoft\CMake\Ninja;C:\Program Files\Microsoft Visual Studio\2022\Enterprise\Common7\IDE\VC\Linux\bin\ConnectionManagerExe;C:\Program Files\Microsoft Visual Studio\2022\Enterprise\VC\vcpkg
2025-06-23T18:58:14.8691270Z   Platform: x86
2025-06-23T18:58:14.8691438Z   UCRTVersion: 10.0.26100.0
2025-06-23T18:58:14.8691697Z   UniversalCRTSdkDir: C:\Program Files (x86)\Windows Kits\10\
2025-06-23T18:58:14.8692135Z   VCIDEInstallDir: C:\Program Files\Microsoft Visual Studio\2022\Enterprise\Common7\IDE\VC\
2025-06-23T18:58:14.8692625Z   VCINSTALLDIR: C:\Program Files\Microsoft Visual Studio\2022\Enterprise\VC\
2025-06-23T18:58:14.8693042Z   VCPKG_ROOT: C:\Program Files\Microsoft Visual Studio\2022\Enterprise\VC\vcpkg
2025-06-23T18:58:14.8693544Z   VCToolsInstallDir: C:\Program Files\Microsoft Visual Studio\2022\Enterprise\VC\Tools\MSVC\14.43.34808\
2025-06-23T18:58:14.8694126Z   VCToolsRedistDir: C:\Program Files\Microsoft Visual Studio\2022\Enterprise\VC\Redist\MSVC\14.42.34433\
2025-06-23T18:58:14.8694527Z   VCToolsVersion: 14.43.34808
2025-06-23T18:58:14.8694722Z   VisualStudioVersion: 17.0
2025-06-23T18:58:14.8695051Z   VS170COMNTOOLS: C:\Program Files\Microsoft Visual Studio\2022\Enterprise\Common7\Tools\
2025-06-23T18:58:14.8695413Z   VSCMD_ARG_app_plat: Desktop
2025-06-23T18:58:14.8695602Z   VSCMD_ARG_HOST_ARCH: x86
2025-06-23T18:58:14.8695777Z   VSCMD_ARG_TGT_ARCH: x86
2025-06-23T18:58:14.8695952Z   VSCMD_VER: 17.13.2
2025-06-23T18:58:14.8696219Z   VSINSTALLDIR: C:\Program Files\Microsoft Visual Studio\2022\Enterprise\
2025-06-23T18:58:14.8696637Z   VSSDK150INSTALL: C:\Program Files\Microsoft Visual Studio\2022\Enterprise\VSSDK
2025-06-23T18:58:14.8697071Z   VSSDKINSTALL: C:\Program Files\Microsoft Visual Studio\2022\Enterprise\VSSDK
2025-06-23T18:58:14.8697757Z   WindowsLibPath: C:\Program Files (x86)\Windows Kits\10\UnionMetadata\10.0.26100.0;C:\Program Files (x86)\Windows Kits\10\References\10.0.26100.0
2025-06-23T18:58:14.8698331Z   WindowsSdkBinPath: C:\Program Files (x86)\Windows Kits\10\bin\
2025-06-23T18:58:14.8698664Z   WindowsSdkDir: C:\Program Files (x86)\Windows Kits\10\
2025-06-23T18:58:14.8698930Z   WindowsSDKLibVersion: 10.0.26100.0\
2025-06-23T18:58:14.8699251Z   WindowsSdkVerBinPath: C:\Program Files (x86)\Windows Kits\10\bin\10.0.26100.0\
2025-06-23T18:58:14.8699584Z   WindowsSDKVersion: 10.0.26100.0\
2025-06-23T18:58:14.8700043Z   WindowsSDK_ExecutablePath_x64: C:\Program Files (x86)\Microsoft SDKs\Windows\v10.0A\bin\NETFX 4.8 Tools\x64\
2025-06-23T18:58:14.8700635Z   WindowsSDK_ExecutablePath_x86: C:\Program Files (x86)\Microsoft SDKs\Windows\v10.0A\bin\NETFX 4.8 Tools\
2025-06-23T18:58:14.8701031Z   __DOTNET_ADD_32BIT: 1
2025-06-23T18:58:14.8701216Z   __DOTNET_PREFERRED_BITNESS: 32
2025-06-23T18:58:14.8709089Z   __VSCMD_PREINIT_PATH: C:\Users\runneradmin\AppData\Roaming\Python\Python39\Scripts;C:\hostedtoolcache\windows\Python\3.9.13\x86\Scripts;C:\hostedtoolcache\windows\Python\3.9.13\x86;C:\Program Files\MongoDB\Server\5.0\bin;C:\aliyun-cli;C:\vcpkg;C:\Program Files (x86)\NSIS\;C:\tools\zstd;C:\Program Files\Mercurial\;C:\hostedtoolcache\windows\stack\3.5.1\x64;C:\cabal\bin;C:\\ghcup\bin;C:\mingw64\bin;C:\Program Files\dotnet;C:\Program Files\MySQL\MySQL Server 8.0\bin;C:\Program Files\R\R-4.4.2\bin\x64;C:\SeleniumWebDrivers\GeckoDriver;C:\SeleniumWebDrivers\EdgeDriver\;C:\SeleniumWebDrivers\ChromeDriver;C:\Program Files (x86)\sbt\bin;C:\Program Files (x86)\GitHub CLI;C:\Program Files\Git\bin;C:\Program Files (x86)\pipx_bin;C:\npm\prefix;C:\hostedtoolcache\windows\go\1.24.3\x64\bin;C:\hostedtoolcache\windows\Python\3.9.13\x64\Scripts;C:\hostedtoolcache\windows\Python\3.9.13\x64;C:\hostedtoolcache\windows\Ruby\3.3.8\x64\bin;C:\Program Files\OpenSSL\bin;C:\tools\kotlinc\bin;C:\hostedtoolcache\windows\Java_Temurin-Hotspot_jdk\8.0.452-9\x64\bin;C:\Program Files\ImageMagick-7.1.1-Q16-HDRI;C:\Program Files\Microsoft SDKs\Azure\CLI2\wbin;C:\ProgramData\kind;C:\ProgramData\Chocolatey\bin;C:\Windows\system32;C:\Windows;C:\Windows\System32\Wbem;C:\Windows\System32\WindowsPowerShell\v1.0\;C:\Windows\System32\OpenSSH\;C:\Program Files\dotnet\;C:\Program Files\PowerShell\7\;C:\Program Files\Microsoft\Web Platform Installer\;C:\Program Files\TortoiseSVN\bin;C:\Program Files\Microsoft SQL Server\Client SDK\ODBC\170\Tools\Binn\;C:\Program Files\Microsoft SQL Server\150\Tools\Binn\;C:\Program Files (x86)\Windows Kits\10\Windows Performance Toolkit\;C:\Program Files (x86)\WiX Toolset v3.14\bin;C:\Program Files\Microsoft SQL Server\130\DTS\Binn\;C:\Program Files\Microsoft SQL Server\140\DTS\Binn\;C:\Program Files\Microsoft SQL Server\150\DTS\Binn\;C:\Program Files\Microsoft SQL Server\160\DTS\Binn\;C:\Strawberry\c\bin;C:\Strawberry\perl\site\bin;C:\Strawberry\perl\bin;C:\ProgramData\chocolatey\lib\pulumi\tools\Pulumi\bin;C:\Program Files\CMake\bin;C:\ProgramData\chocolatey\lib\maven\apache-maven-3.9.9\bin;C:\Program Files\Microsoft Service Fabric\bin\Fabric\Fabric.Code;C:\Program Files\Microsoft SDKs\Service Fabric\Tools\ServiceFabricLocalClusterManager;C:\Program Files\nodejs\;C:\Program Files\Git\cmd;C:\Program Files\Git\mingw64\bin;C:\Program Files\Git\usr\bin;C:\Program Files\GitHub CLI\;c:\tools\php;C:\Program Files (x86)\sbt\bin;C:\Program Files\Amazon\AWSCLIV2\;C:\Program Files\Amazon\SessionManagerPlugin\bin\;C:\Program Files\Amazon\AWSSAMCLI\bin\;C:\Program Files\Microsoft SQL Server\130\Tools\Binn\;C:\Program Files\LLVM\bin;C:\Users\runneradmin\.dotnet\tools;C:\Users\runneradmin\.cargo\bin;C:\Users\runneradmin\AppData\Local\Microsoft\WindowsApps;C:\Program Files (x86)\Microsoft Visual Studio\Installer
2025-06-23T18:58:14.8717086Z ##[endgroup]
2025-06-23T18:58:15.1130463Z ##[group]Prepare output directories
2025-06-23T18:58:15.1133708Z The vpckg root directory: 'D:\a\synthizer3d\synthizer3d\vcpkg'
2025-06-23T18:58:15.1182650Z ##[endgroup]
2025-06-23T18:58:15.1183265Z ⏱ elapsed: 0.005 seconds
2025-06-23T18:58:15.2663190Z Running command '"C:\Program Files\Git\bin\git.exe"' with args '^"submodule^",^"status^",^"D:\a\synthizer3d\synthizer3d\vcpkg^"' in current directory 'D:\a\synthizer3d\synthizer3d'.
2025-06-23T18:58:15.6848368Z error: pathspec 'D:\a\synthizer3d\synthizer3d\vcpkg' did not match any file(s) known to git
2025-06-23T18:58:15.6934230Z ##[group]Searching for vcpkg.json with glob expression 'vcpkg.json'
2025-06-23T18:58:15.7018574Z Found vcpkg.json at 'vcpkg.json'.
2025-06-23T18:58:15.7021184Z ##[endgroup]
2025-06-23T18:58:15.7021636Z ⏱ elapsed: 0.009 seconds
2025-06-23T18:58:15.7022526Z ##[group]The vcpkgCommitId is not provided, searching for a vcpkg-configuration.json using **/vcpkg-configuration.json
2025-06-23T18:58:15.7026879Z Searching for 'vcpkg-configuration.json' using: '**/vcpkg-configuration.json'
2025-06-23T18:58:15.7481294Z The file 'vcpkg-configuration.json' was not found with glob expression '**/vcpkg-configuration.json'.
2025-06-23T18:58:15.7482973Z A vcpkg-configuration.json is not found.
2025-06-23T18:58:15.7509022Z ##[endgroup]
2025-06-23T18:58:15.7509519Z ⏱ elapsed: 0.049 seconds
2025-06-23T18:58:15.7510197Z Found baseline '8f63c9ed5897d7367a92a442a79f91721e0fd38f', this is the Git commit id going to be used to fetch vcpkg from the repository
2025-06-23T18:58:15.7534910Z ##[group]Setup to run on GitHub Action runners
2025-06-23T18:58:15.7535953Z Set the workflow environment variable 'VCPKG_BINARY_SOURCES' to value 'clear;x-gha,readwrite'
2025-06-23T18:58:15.7537271Z Set the workflow environment variable 'ACTIONS_CACHE_URL' to value 'https://acghubeus2.actions.githubusercontent.com/bwbzopuV3oKlbowlUKWdOnf6KF0vjv7EYqCB3ZHqukKhTVgy74/'
2025-06-23T18:58:15.7580944Z Set the workflow environment variable 'ACTIONS_RUNTIME_TOKEN' to value '***'
2025-06-23T18:58:15.7581638Z ##[endgroup]
2025-06-23T18:58:15.7582023Z ⏱ elapsed: 0.002 seconds
2025-06-23T18:58:15.7582503Z ##[group]Retrieving the vcpkg Git commit id at: 'D:\a\synthizer3d\synthizer3d\vcpkg'
2025-06-23T18:58:15.8750512Z Fetching the Git commit id at 'D:\a\synthizer3d\synthizer3d\vcpkg' ...
2025-06-23T18:58:15.8755681Z Running command '"C:\Program Files\Git\bin\git.exe"' with args '^"rev-parse^",^"HEAD^"' in current directory 'D:\a\synthizer3d\synthizer3d\vcpkg'.
2025-06-23T18:58:15.9039343Z a16fad85f2ae80eae48828004e32ae75b144c54f
2025-06-23T18:58:15.9072867Z ##[endgroup]
2025-06-23T18:58:15.9073573Z ⏱ elapsed: 0.153 seconds
2025-06-23T18:58:15.9074025Z ##[group]Check whether vcpkg repository is up to date
2025-06-23T18:58:15.9076120Z Checking whether vcpkg's repository is updated to commit id 'a16fad85f2ae80eae48828004e32ae75b144c54f' ...
2025-06-23T18:58:15.9078358Z Current commit id of vcpkg: 'a16fad85f2ae80eae48828004e32ae75b144c54f'.
2025-06-23T18:58:15.9078865Z Is vcpkg repository updated? No
2025-06-23T18:58:15.9079423Z ##[endgroup]
2025-06-23T18:58:15.9079835Z ⏱ elapsed: 0.001 seconds
2025-06-23T18:58:15.9080225Z ##[group]Download vcpkg source code repository
2025-06-23T18:58:15.9082050Z Cloning vcpkg in 'D:\a\synthizer3d\synthizer3d\vcpkg'...
2025-06-23T18:58:16.0093842Z Running command '"C:\Program Files\Git\bin\git.exe"' with args '^"clone^",^"https://github.com/microsoft/vcpkg.git^",^"-n^",^".^"' in current directory 'D:\a\synthizer3d\synthizer3d\vcpkg'.
2025-06-23T18:58:16.0456253Z Cloning into '.'...
2025-06-23T18:58:25.9452165Z Running command '"C:\Program Files\Git\bin\git.exe"' with args '^"checkout^",^"--force^",^"8f63c9ed5897d7367a92a442a79f91721e0fd38f^"' in current directory 'D:\a\synthizer3d\synthizer3d\vcpkg'.
2025-06-23T18:58:27.9667876Z Note: switching to '8f63c9ed5897d7367a92a442a79f91721e0fd38f'.
2025-06-23T18:58:27.9668155Z 
2025-06-23T18:58:27.9668439Z You are in 'detached HEAD' state. You can look around, make experimental
2025-06-23T18:58:27.9668943Z changes and commit them, and you can discard any commits you make in this
2025-06-23T18:58:27.9669445Z state without impacting any branches by switching back to a branch.
2025-06-23T18:58:27.9669941Z 
2025-06-23T18:58:27.9670197Z If you want to create a new branch to retain commits you create, you may
2025-06-23T18:58:27.9670665Z do so (now or later) by using -c with the switch command. Example:
2025-06-23T18:58:27.9670893Z 
2025-06-23T18:58:27.9671028Z   git switch -c <new-branch-name>
2025-06-23T18:58:27.9671186Z 
2025-06-23T18:58:27.9671303Z Or undo this operation with:
2025-06-23T18:58:27.9671446Z 
2025-06-23T18:58:27.9671526Z   git switch -
2025-06-23T18:58:27.9671626Z 
2025-06-23T18:58:27.9671904Z Turn off this advice by setting config variable advice.detachedHead to false
2025-06-23T18:58:27.9673896Z 
2025-06-23T18:58:27.9674331Z HEAD is now at 8f63c9ed58 [tree-sitter-c] update to 0.24.1 (#45715)
2025-06-23T18:58:27.9730302Z Clone vcpkg in 'D:\a\synthizer3d\synthizer3d\vcpkg'.
2025-06-23T18:58:27.9731156Z ##[endgroup]
2025-06-23T18:58:27.9731683Z ⏱ elapsed: 12.065 seconds
2025-06-23T18:58:27.9732072Z ##[group]Build vcpkg executable
2025-06-23T18:58:28.0898723Z Running command '"C:\Windows\system32\cmd.exe"' with args '^"/c^",^"D:\a\synthizer3d\synthizer3d\vcpkg\bootstrap-vcpkg.bat^"' in current directory 'D:\a\synthizer3d\synthizer3d\vcpkg'.
2025-06-23T18:58:28.6452731Z Downloading https://github.com/microsoft/vcpkg-tool/releases/download/2025-05-19/vcpkg.exe -> D:\a\synthizer3d\synthizer3d\vcpkg\vcpkg.exe... done.
2025-06-23T18:58:28.7728460Z Validating signature... done.
2025-06-23T18:58:28.7825552Z 
2025-06-23T18:58:28.8002079Z vcpkg package management program version 2025-05-19-ece4c0f6b8fae9e94513d544c7aa753dd2c82337
2025-06-23T18:58:28.8002458Z 
2025-06-23T18:58:28.8002652Z See LICENSE.txt for license information.
2025-06-23T18:58:28.8025986Z Telemetry
2025-06-23T18:58:28.8026331Z ---------
2025-06-23T18:58:28.8027007Z vcpkg collects usage data in order to help us improve your experience.
2025-06-23T18:58:28.8028012Z The data collected by Microsoft is anonymous.
2025-06-23T18:58:28.8028935Z You can opt-out of telemetry by re-running the bootstrap-vcpkg script with -disableMetrics,
2025-06-23T18:58:28.8029812Z passing --disable-metrics to vcpkg on the command line,
2025-06-23T18:58:28.8030531Z or by setting the VCPKG_DISABLE_METRICS environment variable.
2025-06-23T18:58:28.8030908Z 
2025-06-23T18:58:28.8031757Z Read more about vcpkg telemetry at docs/about/privacy.md
2025-06-23T18:58:28.9417729Z Fetching the Git commit id at 'D:\a\synthizer3d\synthizer3d\vcpkg' ...
2025-06-23T18:58:28.9419602Z Running command '"C:\Program Files\Git\bin\git.exe"' with args '^"rev-parse^",^"HEAD^"' in current directory 'D:\a\synthizer3d\synthizer3d\vcpkg'.
2025-06-23T18:58:28.9701747Z 8f63c9ed5897d7367a92a442a79f91721e0fd38f
2025-06-23T18:58:28.9742063Z Stored last built vcpkg commit id '8f63c9ed5897d7367a92a442a79f91721e0fd38f' in file 'D:\a\synthizer3d\synthizer3d\vcpkg\vcpkgLastBuiltCommitId'.
2025-06-23T18:58:28.9742969Z ##[endgroup]
2025-06-23T18:58:28.9743527Z ⏱ elapsed: 1.001 seconds
2025-06-23T18:58:28.9744195Z ##[group]Add to PATH vcpkg at 'D:\a\synthizer3d\synthizer3d\vcpkg'
2025-06-23T18:58:28.9748395Z ##[endgroup]
2025-06-23T18:58:28.9749598Z ⏱ elapsed: 0.001 seconds
2025-06-23T18:58:28.9751068Z ##[group]Install/Update ports using vcpkg.json
2025-06-23T18:58:28.9754578Z Running 'vcpkg install,--recurse,--clean-after-build,--x-install-root,D:/a/synthizer3d/synthizer3d/969f6665-88a2-4c98-938e-ca9259871fec/vcpkg_installed,--triplet,x86-windows' in directory 'D:\a\synthizer3d\synthizer3d' ...
2025-06-23T18:58:28.9757028Z Running command '"D:\a\synthizer3d\synthizer3d\vcpkg\vcpkg.exe"' with args '^"install^",^"--recurse^",^"--clean-after-build^",^"--x-install-root^",^"D:/a/synthizer3d/synthizer3d/969f6665-88a2-4c98-938e-ca9259871fec/vcpkg_installed^",^"--triplet^",^"x86-windows^"' in current directory 'D:\a\synthizer3d\synthizer3d'.
2025-06-23T18:58:28.9942756Z warning: The vcpkg D:\a\synthizer3d\synthizer3d\vcpkg\vcpkg.exe is using detected vcpkg root D:\a\synthizer3d\synthizer3d\vcpkg and ignoring mismatched VCPKG_ROOT environment value C:\Program Files\Microsoft Visual Studio\2022\Enterprise\VC\vcpkg. To suppress this message, unset the environment variable or use the --vcpkg-root command line switch.
2025-06-23T18:58:30.2503486Z Detecting compiler hash for triplet x64-windows...
2025-06-23T18:58:36.7099202Z Compiler found: C:/Program Files/Microsoft Visual Studio/2022/Enterprise/VC/Tools/MSVC/14.43.34808/bin/Hostx64/x64/cl.exe
2025-06-23T18:58:36.7187546Z Detecting compiler hash for triplet x86-windows...
2025-06-23T18:58:41.6177152Z Compiler found: C:/Program Files/Microsoft Visual Studio/2022/Enterprise/VC/Tools/MSVC/14.43.34808/bin/Hostx64/x86/cl.exe
2025-06-23T18:58:41.6221266Z The following packages will be built and installed:
2025-06-23T18:58:41.6221938Z   * atl:x86-windows@0
2025-06-23T18:58:41.6222380Z   * atlmfc:x86-windows@0#3
2025-06-23T18:58:41.6222855Z     libogg:x86-windows@1.3.5#2
2025-06-23T18:58:41.6223377Z     libvorbis:x86-windows@1.3.7#4
2025-06-23T18:58:41.6223870Z     opus:x86-windows@1.5.2
2025-06-23T18:58:41.6224303Z     opusfile:x86-windows@0.12+20221121#1
2025-06-23T18:58:41.6224844Z     soundtouch:x86-windows@2.3.3
2025-06-23T18:58:41.6225306Z   * vcpkg-cmake:x64-windows@2024-04-23
2025-06-23T18:58:41.6225812Z   * vcpkg-cmake-config:x64-windows@2024-05-23
2025-06-23T18:58:41.6226559Z Additional packages (*) will be modified to complete this operation.
2025-06-23T18:58:41.6229487Z %VCPKG_BINARY_SOURCES%: warning: The 'x-gha' binary caching backend has been removed. Consider using a NuGet-based binary caching provider instead, see extended documentation at https://learn.microsoft.com/vcpkg/users/binarycaching?WT.mc_id=vcpkg_inproduct_cli.
2025-06-23T18:58:41.6231279Z   on expression: clear;x-gha,readwrite
2025-06-23T18:58:41.6231772Z                                       ^
2025-06-23T18:58:41.6232354Z Installing 1/9 vcpkg-cmake-config:x64-windows@2024-05-23...
2025-06-23T18:58:41.6233056Z Building vcpkg-cmake-config:x64-windows@2024-05-23...
2025-06-23T18:58:41.6553577Z -- Installing: D:/a/synthizer3d/synthizer3d/vcpkg/packages/vcpkg-cmake-config_x64-windows/share/vcpkg-cmake-config/vcpkg_cmake_config_fixup.cmake
2025-06-23T18:58:41.6580551Z -- Installing: D:/a/synthizer3d/synthizer3d/vcpkg/packages/vcpkg-cmake-config_x64-windows/share/vcpkg-cmake-config/vcpkg-port-config.cmake
2025-06-23T18:58:41.6603396Z -- Installing: D:/a/synthizer3d/synthizer3d/vcpkg/packages/vcpkg-cmake-config_x64-windows/share/vcpkg-cmake-config/copyright
2025-06-23T18:58:41.6654241Z -- Skipping post-build validation due to VCPKG_POLICY_EMPTY_PACKAGE
2025-06-23T18:58:41.6692278Z Elapsed time to handle vcpkg-cmake-config:x64-windows: 46.6 ms
2025-06-23T18:58:41.6693519Z vcpkg-cmake-config:x64-windows package ABI: 842797583f0500a3cabbedf03fb083636fe11e4fd3fd19d9a475485e484445fb
2025-06-23T18:58:41.6699631Z Installing 2/9 vcpkg-cmake:x64-windows@2024-04-23...
2025-06-23T18:58:41.6700266Z Building vcpkg-cmake:x64-windows@2024-04-23...
2025-06-23T18:58:41.6999762Z -- Installing: D:/a/synthizer3d/synthizer3d/vcpkg/packages/vcpkg-cmake_x64-windows/share/vcpkg-cmake/vcpkg_cmake_configure.cmake
2025-06-23T18:58:41.7007396Z -- Installing: D:/a/synthizer3d/synthizer3d/vcpkg/packages/vcpkg-cmake_x64-windows/share/vcpkg-cmake/vcpkg_cmake_build.cmake
2025-06-23T18:58:41.7008415Z -- Installing: D:/a/synthizer3d/synthizer3d/vcpkg/packages/vcpkg-cmake_x64-windows/share/vcpkg-cmake/vcpkg_cmake_install.cmake
2025-06-23T18:58:41.7017911Z -- Installing: D:/a/synthizer3d/synthizer3d/vcpkg/packages/vcpkg-cmake_x64-windows/share/vcpkg-cmake/vcpkg-port-config.cmake
2025-06-23T18:58:41.7027544Z -- Installing: D:/a/synthizer3d/synthizer3d/vcpkg/packages/vcpkg-cmake_x64-windows/share/vcpkg-cmake/copyright
2025-06-23T18:58:41.7062300Z -- Performing post-build validation
2025-06-23T18:58:41.7108537Z Elapsed time to handle vcpkg-cmake:x64-windows: 41.9 ms
2025-06-23T18:58:41.7109604Z vcpkg-cmake:x64-windows package ABI: a500b93f9e0b831ca946128005613d551eeb943040c8f073dc3184f7e15c9834
2025-06-23T18:58:41.7113827Z Installing 3/9 libogg:x86-windows@1.3.5#2...
2025-06-23T18:58:41.7114393Z Building libogg:x86-windows@1.3.5#2...
2025-06-23T18:58:41.7513468Z Downloading https://gitlab.xiph.org/xiph/ogg/-/archive/v1.3.5/ogg-v1.3.5.tar.gz -> xiph-ogg-v1.3.5.tar.gz
2025-06-23T18:58:42.7639519Z Successfully downloaded xiph-ogg-v1.3.5.tar.gz
2025-06-23T18:58:42.7675209Z -- Extracting source D:/a/synthizer3d/synthizer3d/vcpkg/downloads/xiph-ogg-v1.3.5.tar.gz
2025-06-23T18:58:42.9543136Z -- Using source at D:/a/synthizer3d/synthizer3d/vcpkg/buildtrees/libogg/src/v1.3.5-1a4243fef9.clean
2025-06-23T18:58:42.9659341Z -- Found external ninja('1.12.1').
2025-06-23T18:58:42.9699724Z -- Configuring x86-windows
2025-06-23T18:58:50.6143650Z -- Building x86-windows-dbg
2025-06-23T18:58:51.0210961Z -- Building x86-windows-rel
2025-06-23T18:58:51.5466896Z -- Fixing pkgconfig file: D:/a/synthizer3d/synthizer3d/vcpkg/packages/libogg_x86-windows/lib/pkgconfig/ogg.pc
2025-06-23T18:58:51.5669232Z Downloading msys2-mingw-w64-x86_64-pkgconf-1~2.3.0-1-any.pkg.tar.zst, trying https://mirror.msys2.org/mingw/mingw64/mingw-w64-x86_64-pkgconf-1~2.3.0-1-any.pkg.tar.zst
2025-06-23T18:58:52.3992696Z Successfully downloaded msys2-mingw-w64-x86_64-pkgconf-1~2.3.0-1-any.pkg.tar.zst
2025-06-23T18:58:52.4116016Z Downloading msys2-msys2-runtime-3.5.4-2-x86_64.pkg.tar.zst, trying https://mirror.msys2.org/msys/x86_64/msys2-runtime-3.5.4-2-x86_64.pkg.tar.zst
2025-06-23T18:58:53.1493160Z Successfully downloaded msys2-msys2-runtime-3.5.4-2-x86_64.pkg.tar.zst
2025-06-23T18:58:53.1928903Z -- Using msys root at D:/a/synthizer3d/synthizer3d/vcpkg/downloads/tools/msys2/21caed2f81ec917b
2025-06-23T18:58:53.2026730Z -- Fixing pkgconfig file: D:/a/synthizer3d/synthizer3d/vcpkg/packages/libogg_x86-windows/debug/lib/pkgconfig/ogg.pc
2025-06-23T18:58:53.2099911Z -- Installing: D:/a/synthizer3d/synthizer3d/vcpkg/packages/libogg_x86-windows/share/libogg/copyright
2025-06-23T18:58:53.2159691Z -- Performing post-build validation
2025-06-23T18:58:53.2372546Z Elapsed time to handle libogg:x86-windows: 12 s
2025-06-23T18:58:53.2373730Z libogg:x86-windows package ABI: 9d3116e61295141536d65bb41b5ea55c2d7e70816845fe2fcdb939f844d32951
2025-06-23T18:58:53.2374602Z Installing 4/9 libvorbis:x86-windows@1.3.7#4...
2025-06-23T18:58:53.2375068Z Building libvorbis:x86-windows@1.3.7#4...
2025-06-23T18:58:53.2795927Z Downloading https://github.com/xiph/vorbis/archive/v1.3.7.tar.gz -> xiph-vorbis-v1.3.7.tar.gz
2025-06-23T18:58:53.4527303Z Successfully downloaded xiph-vorbis-v1.3.7.tar.gz
2025-06-23T18:58:53.4603015Z -- Extracting source D:/a/synthizer3d/synthizer3d/vcpkg/downloads/xiph-vorbis-v1.3.7.tar.gz
2025-06-23T18:58:53.6424755Z -- Applying patch 0001-Dont-export-vorbisenc-functions.patch
2025-06-23T18:58:53.6646230Z -- Applying patch 0002-Fixup-pkgconfig-libs.patch
2025-06-23T18:58:53.6860087Z -- Applying patch 0003-def-mingw-compat.patch
2025-06-23T18:58:53.7077466Z -- Applying patch 0004-ogg-find-dependency.patch
2025-06-23T18:58:53.7288269Z -- Using source at D:/a/synthizer3d/synthizer3d/vcpkg/buildtrees/libvorbis/src/v1.3.7-c32164610e.clean
2025-06-23T18:58:53.7403357Z -- Found external ninja('1.12.1').
2025-06-23T18:58:53.7437171Z -- Configuring x86-windows
2025-06-23T18:58:55.3117959Z -- Building x86-windows-dbg
2025-06-23T18:58:56.5405995Z -- Building x86-windows-rel
2025-06-23T18:58:58.5377302Z -- Fixing pkgconfig file: D:/a/synthizer3d/synthizer3d/vcpkg/packages/libvorbis_x86-windows/lib/pkgconfig/vorbis.pc
2025-06-23T18:58:58.5381706Z -- Fixing pkgconfig file: D:/a/synthizer3d/synthizer3d/vcpkg/packages/libvorbis_x86-windows/lib/pkgconfig/vorbisenc.pc
2025-06-23T18:58:58.5387246Z -- Fixing pkgconfig file: D:/a/synthizer3d/synthizer3d/vcpkg/packages/libvorbis_x86-windows/lib/pkgconfig/vorbisfile.pc
2025-06-23T18:58:58.5590165Z Downloading msys2-mingw-w64-x86_64-pkgconf-1~2.3.0-1-any.pkg.tar.zst, trying https://mirror.msys2.org/mingw/mingw64/mingw-w64-x86_64-pkgconf-1~2.3.0-1-any.pkg.tar.zst
2025-06-23T18:58:59.1139233Z Successfully downloaded msys2-mingw-w64-x86_64-pkgconf-1~2.3.0-1-any.pkg.tar.zst
2025-06-23T18:58:59.1267267Z Downloading msys2-msys2-runtime-3.5.4-2-x86_64.pkg.tar.zst, trying https://mirror.msys2.org/msys/x86_64/msys2-runtime-3.5.4-2-x86_64.pkg.tar.zst
2025-06-23T18:58:59.8601551Z Successfully downloaded msys2-msys2-runtime-3.5.4-2-x86_64.pkg.tar.zst
2025-06-23T18:58:59.8629766Z -- Using msys root at D:/a/synthizer3d/synthizer3d/vcpkg/downloads/tools/msys2/21caed2f81ec917b
2025-06-23T18:58:59.8817381Z -- Fixing pkgconfig file: D:/a/synthizer3d/synthizer3d/vcpkg/packages/libvorbis_x86-windows/debug/lib/pkgconfig/vorbis.pc
2025-06-23T18:58:59.8822986Z -- Fixing pkgconfig file: D:/a/synthizer3d/synthizer3d/vcpkg/packages/libvorbis_x86-windows/debug/lib/pkgconfig/vorbisenc.pc
2025-06-23T18:58:59.8828478Z -- Fixing pkgconfig file: D:/a/synthizer3d/synthizer3d/vcpkg/packages/libvorbis_x86-windows/debug/lib/pkgconfig/vorbisfile.pc
2025-06-23T18:59:00.0176245Z -- Installing: D:/a/synthizer3d/synthizer3d/vcpkg/packages/libvorbis_x86-windows/share/libvorbis/usage
2025-06-23T18:59:00.0181266Z -- Installing: D:/a/synthizer3d/synthizer3d/vcpkg/packages/libvorbis_x86-windows/share/libvorbis/copyright
2025-06-23T18:59:00.0238722Z -- Performing post-build validation
2025-06-23T18:59:00.0649788Z Elapsed time to handle libvorbis:x86-windows: 6.8 s
2025-06-23T18:59:00.0651261Z libvorbis:x86-windows package ABI: adab93becfac965458b82252da84893d8ac078e2f991ea5f3087e5b9a3a939e0
2025-06-23T18:59:00.0652068Z Installing 5/9 opus:x86-windows@1.5.2...
2025-06-23T18:59:00.0652496Z Building opus:x86-windows@1.5.2...
2025-06-23T18:59:00.1063905Z Downloading https://github.com/xiph/opus/archive/v1.5.2.tar.gz -> xiph-opus-v1.5.2.tar.gz
2025-06-23T18:59:00.2343898Z Successfully downloaded xiph-opus-v1.5.2.tar.gz
2025-06-23T18:59:00.2515453Z -- Extracting source D:/a/synthizer3d/synthizer3d/vcpkg/downloads/xiph-opus-v1.5.2.tar.gz
2025-06-23T18:59:00.5078168Z -- Applying patch fix-pkgconfig-version.patch
2025-06-23T18:59:00.5299755Z -- Using source at D:/a/synthizer3d/synthizer3d/vcpkg/buildtrees/opus/src/v1.5.2-81ed242155.clean
2025-06-23T18:59:00.5423760Z -- Found external ninja('1.12.1').
2025-06-23T18:59:00.5459360Z -- Configuring x86-windows
2025-06-23T18:59:06.5514330Z -- Building x86-windows-dbg
2025-06-23T18:59:11.9445054Z -- Building x86-windows-rel
2025-06-23T18:59:19.4934514Z -- Fixing pkgconfig file: D:/a/synthizer3d/synthizer3d/vcpkg/packages/opus_x86-windows/lib/pkgconfig/opus.pc
2025-06-23T18:59:19.5141484Z Downloading msys2-mingw-w64-x86_64-pkgconf-1~2.3.0-1-any.pkg.tar.zst, trying https://mirror.msys2.org/mingw/mingw64/mingw-w64-x86_64-pkgconf-1~2.3.0-1-any.pkg.tar.zst
2025-06-23T18:59:20.0745914Z Successfully downloaded msys2-mingw-w64-x86_64-pkgconf-1~2.3.0-1-any.pkg.tar.zst
2025-06-23T18:59:20.0875768Z Downloading msys2-msys2-runtime-3.5.4-2-x86_64.pkg.tar.zst, trying https://mirror.msys2.org/msys/x86_64/msys2-runtime-3.5.4-2-x86_64.pkg.tar.zst
2025-06-23T18:59:20.8180821Z Successfully downloaded msys2-msys2-runtime-3.5.4-2-x86_64.pkg.tar.zst
2025-06-23T18:59:20.8210207Z -- Using msys root at D:/a/synthizer3d/synthizer3d/vcpkg/downloads/tools/msys2/21caed2f81ec917b
2025-06-23T18:59:20.8284689Z -- Fixing pkgconfig file: D:/a/synthizer3d/synthizer3d/vcpkg/packages/opus_x86-windows/debug/lib/pkgconfig/opus.pc
2025-06-23T18:59:20.8362628Z -- Installing: D:/a/synthizer3d/synthizer3d/vcpkg/packages/opus_x86-windows/share/opus/copyright
2025-06-23T18:59:20.8423476Z -- Performing post-build validation
2025-06-23T18:59:20.9070121Z Elapsed time to handle opus:x86-windows: 21 s
2025-06-23T18:59:20.9071092Z opus:x86-windows package ABI: 83e5b95bc9fc04c66845576db4b179fe11bca26089260af25c339303740be4b4
2025-06-23T18:59:20.9072024Z Installing 6/9 opusfile:x86-windows@0.12+20221121#1...
2025-06-23T18:59:20.9072542Z Building opusfile:x86-windows@0.12+20221121#1...
2025-06-23T18:59:20.9390712Z -- Note: opusfile only supports static library linkage. Building static library.
2025-06-23T18:59:20.9491248Z Downloading https://github.com/xiph/opusfile/archive/9d718345ce03b2fad5d7d28e0bcd1cc69ab2b166.tar.gz -> xiph-opusfile-9d718345ce03b2fad5d7d28e0bcd1cc69ab2b166.tar.gz
2025-06-23T18:59:21.0945549Z Successfully downloaded xiph-opusfile-9d718345ce03b2fad5d7d28e0bcd1cc69ab2b166.tar.gz
2025-06-23T18:59:21.0984335Z -- Extracting source D:/a/synthizer3d/synthizer3d/vcpkg/downloads/xiph-opusfile-9d718345ce03b2fad5d7d28e0bcd1cc69ab2b166.tar.gz
2025-06-23T18:59:21.2274852Z -- Using source at D:/a/synthizer3d/synthizer3d/vcpkg/buildtrees/opusfile/src/c69ab2b166-6cc7de23ec.clean
2025-06-23T18:59:21.2404944Z -- Found external ninja('1.12.1').
2025-06-23T18:59:21.2444490Z -- Configuring x86-windows
2025-06-23T18:59:22.5364105Z -- Building x86-windows-dbg
2025-06-23T18:59:23.3805381Z -- Building x86-windows-rel
2025-06-23T18:59:23.8195293Z -- Fixing pkgconfig file: D:/a/synthizer3d/synthizer3d/vcpkg/packages/opusfile_x86-windows/lib/pkgconfig/opusfile.pc
2025-06-23T18:59:23.8401595Z Downloading msys2-mingw-w64-x86_64-pkgconf-1~2.3.0-1-any.pkg.tar.zst, trying https://mirror.msys2.org/mingw/mingw64/mingw-w64-x86_64-pkgconf-1~2.3.0-1-any.pkg.tar.zst
2025-06-23T18:59:24.3987009Z Successfully downloaded msys2-mingw-w64-x86_64-pkgconf-1~2.3.0-1-any.pkg.tar.zst
2025-06-23T18:59:24.4112271Z Downloading msys2-msys2-runtime-3.5.4-2-x86_64.pkg.tar.zst, trying https://mirror.msys2.org/msys/x86_64/msys2-runtime-3.5.4-2-x86_64.pkg.tar.zst
2025-06-23T18:59:25.3257447Z Successfully downloaded msys2-msys2-runtime-3.5.4-2-x86_64.pkg.tar.zst
2025-06-23T18:59:25.3286500Z -- Using msys root at D:/a/synthizer3d/synthizer3d/vcpkg/downloads/tools/msys2/21caed2f81ec917b
2025-06-23T18:59:25.3360750Z -- Fixing pkgconfig file: D:/a/synthizer3d/synthizer3d/vcpkg/packages/opusfile_x86-windows/debug/lib/pkgconfig/opusfile.pc
2025-06-23T18:59:25.3458883Z -- Installing: D:/a/synthizer3d/synthizer3d/vcpkg/packages/opusfile_x86-windows/share/opusfile/copyright
2025-06-23T18:59:25.3469684Z -- Installing: D:/a/synthizer3d/synthizer3d/vcpkg/packages/opusfile_x86-windows/share/opusfile/usage
2025-06-23T18:59:25.3527346Z -- Performing post-build validation
2025-06-23T18:59:25.3675216Z Elapsed time to handle opusfile:x86-windows: 4.5 s
2025-06-23T18:59:25.3676150Z opusfile:x86-windows package ABI: 558f8d0c1725b77c6cd28062f718be9e4baef5d64a4d6297e504b882d2ce8a04
2025-06-23T18:59:25.3676970Z Installing 7/9 atl:x86-windows@0...
2025-06-23T18:59:25.3677379Z Building atl:x86-windows@0...
2025-06-23T18:59:25.4033919Z -- Skipping post-build validation due to VCPKG_POLICY_EMPTY_PACKAGE
2025-06-23T18:59:25.4061379Z Elapsed time to handle atl:x86-windows: 38.7 ms
2025-06-23T18:59:25.4062402Z atl:x86-windows package ABI: 342d8acf1d4b00c8d8f5437e477585b33bd67c023be49b90ef63dc559637cb14
2025-06-23T18:59:25.4063211Z Installing 8/9 atlmfc:x86-windows@0#3...
2025-06-23T18:59:25.4063690Z Building atlmfc:x86-windows@0#3...
2025-06-23T18:59:25.4450046Z -- Skipping post-build validation due to VCPKG_POLICY_EMPTY_PACKAGE
2025-06-23T18:59:25.4482097Z Elapsed time to handle atlmfc:x86-windows: 42 ms
2025-06-23T18:59:25.4482794Z atlmfc:x86-windows package ABI: a0ff26a5f4a3e69d6e49f9851c85c9537d1d5ce7c541b6be746af6ec50c22239
2025-06-23T18:59:25.4483312Z Installing 9/9 soundtouch:x86-windows@2.3.3...
2025-06-23T18:59:25.4483635Z Building soundtouch:x86-windows@2.3.3...
2025-06-23T18:59:25.4889510Z Downloading https://codeberg.org/soundtouch/soundtouch/archive/2.3.3.tar.gz -> soundtouch-soundtouch-2.3.3.tar.gz
2025-06-23T18:59:26.3986323Z Successfully downloaded soundtouch-soundtouch-2.3.3.tar.gz
2025-06-23T18:59:26.4035539Z -- Extracting source D:/a/synthizer3d/synthizer3d/vcpkg/downloads/soundtouch-soundtouch-2.3.3.tar.gz
2025-06-23T18:59:26.5522106Z -- Using source at D:/a/synthizer3d/synthizer3d/vcpkg/buildtrees/soundtouch/src/2.3.3-309213044d.clean
2025-06-23T18:59:26.5643061Z -- Found external ninja('1.12.1').
2025-06-23T18:59:26.5683073Z -- Configuring x86-windows
2025-06-23T18:59:28.1135450Z -- Building x86-windows-dbg
2025-06-23T18:59:30.5989395Z -- Building x86-windows-rel
2025-06-23T18:59:32.8752639Z -- Fixing pkgconfig file: D:/a/synthizer3d/synthizer3d/vcpkg/packages/soundtouch_x86-windows/lib/pkgconfig/soundtouch.pc
2025-06-23T18:59:32.8948421Z Downloading msys2-mingw-w64-x86_64-pkgconf-1~2.3.0-1-any.pkg.tar.zst, trying https://mirror.msys2.org/mingw/mingw64/mingw-w64-x86_64-pkgconf-1~2.3.0-1-any.pkg.tar.zst
2025-06-23T18:59:33.4891193Z Successfully downloaded msys2-mingw-w64-x86_64-pkgconf-1~2.3.0-1-any.pkg.tar.zst
2025-06-23T18:59:33.5016261Z Downloading msys2-msys2-runtime-3.5.4-2-x86_64.pkg.tar.zst, trying https://mirror.msys2.org/msys/x86_64/msys2-runtime-3.5.4-2-x86_64.pkg.tar.zst
2025-06-23T18:59:34.2073061Z Successfully downloaded msys2-msys2-runtime-3.5.4-2-x86_64.pkg.tar.zst
2025-06-23T18:59:34.2104069Z -- Using msys root at D:/a/synthizer3d/synthizer3d/vcpkg/downloads/tools/msys2/21caed2f81ec917b
2025-06-23T18:59:34.2176744Z -- Fixing pkgconfig file: D:/a/synthizer3d/synthizer3d/vcpkg/packages/soundtouch_x86-windows/debug/lib/pkgconfig/soundtouch.pc
2025-06-23T18:59:34.2648558Z -- Installing: D:/a/synthizer3d/synthizer3d/vcpkg/packages/soundtouch_x86-windows/share/soundtouch/copyright
2025-06-23T18:59:34.2711594Z -- Performing post-build validation
2025-06-23T18:59:34.2952526Z Elapsed time to handle soundtouch:x86-windows: 8.8 s
2025-06-23T18:59:34.2953796Z soundtouch:x86-windows package ABI: a4eae149255f87cebc15fabf8773d05c612b36e615eedb07f38d5b9c01102cba
2025-06-23T18:59:34.2973205Z libogg provides CMake targets:
2025-06-23T18:59:34.2973524Z 
2025-06-23T18:59:34.2973922Z   # this is heuristically generated, and may not be correct
2025-06-23T18:59:34.2974563Z   find_package(Ogg CONFIG REQUIRED)
2025-06-23T18:59:34.2975227Z   target_link_libraries(main PRIVATE Ogg::ogg)
2025-06-23T18:59:34.2975525Z 
2025-06-23T18:59:34.2975762Z libogg provides pkg-config modules:
2025-06-23T18:59:34.2976350Z 
2025-06-23T18:59:34.2977039Z   # ogg is a library for manipulating ogg bitstreams
2025-06-23T18:59:34.2977919Z   ogg
2025-06-23T18:59:34.2978386Z 
2025-06-23T18:59:34.2983573Z The package libvorbis provides CMake targets:
2025-06-23T18:59:34.2984293Z 
2025-06-23T18:59:34.2984706Z     # Vorbis reference encoder and decoder, low-level API
2025-06-23T18:59:34.2985305Z     find_package(Vorbis CONFIG REQUIRED)
2025-06-23T18:59:34.2985912Z     target_link_libraries(main PRIVATE Vorbis::vorbis)
2025-06-23T18:59:34.2986252Z 
2025-06-23T18:59:34.2986632Z     # Audio stream decoding and basic manipulation, high-level API
2025-06-23T18:59:34.2987334Z     find_package(Vorbis CONFIG REQUIRED)
2025-06-23T18:59:34.2987930Z     target_link_libraries(main PRIVATE Vorbis::vorbisfile)
2025-06-23T18:59:34.2988253Z 
2025-06-23T18:59:34.2988632Z     # Convenience API for setting up an encoding environment
2025-06-23T18:59:34.2989207Z     find_package(Vorbis CONFIG REQUIRED)
2025-06-23T18:59:34.2989810Z     target_link_libraries(main PRIVATE Vorbis::vorbisenc)
2025-06-23T18:59:34.2990151Z 
2025-06-23T18:59:34.2990354Z opus provides CMake targets:
2025-06-23T18:59:34.2990584Z 
2025-06-23T18:59:34.2990928Z   # this is heuristically generated, and may not be correct
2025-06-23T18:59:34.2991474Z   find_package(Opus CONFIG REQUIRED)
2025-06-23T18:59:34.2991997Z   target_link_libraries(main PRIVATE Opus::opus)
2025-06-23T18:59:34.2992289Z 
2025-06-23T18:59:34.2992503Z opus provides pkg-config modules:
2025-06-23T18:59:34.2992755Z 
2025-06-23T18:59:34.2993053Z   # Opus IETF audio codec ( build)
2025-06-23T18:59:34.2993475Z   opus
2025-06-23T18:59:34.2993685Z 
2025-06-23T18:59:34.2993948Z The package opusfile provides CMake targets:
2025-06-23T18:59:34.2994835Z 
2025-06-23T18:59:34.2995239Z     find_package(OpusFile CONFIG REQUIRED)
2025-06-23T18:59:34.2995971Z     target_link_libraries(main PRIVATE OpusFile::opusfile)
2025-06-23T18:59:34.2996468Z 
2025-06-23T18:59:34.2996729Z     # To use the opusurl API
2025-06-23T18:59:34.2997485Z     target_link_libraries(main PRIVATE OpusFile::opusurl)
2025-06-23T18:59:34.2997911Z 
2025-06-23T18:59:34.2998235Z soundtouch provides CMake targets:
2025-06-23T18:59:34.2998825Z 
2025-06-23T18:59:34.2999225Z   # this is heuristically generated, and may not be correct
2025-06-23T18:59:34.2999979Z   find_package(SoundTouch CONFIG REQUIRED)
2025-06-23T18:59:34.3000821Z   target_link_libraries(main PRIVATE SoundTouch::SoundTouch)
2025-06-23T18:59:34.3001275Z 
2025-06-23T18:59:34.3001603Z soundtouch provides pkg-config modules:
2025-06-23T18:59:34.3001971Z 
2025-06-23T18:59:34.3003007Z   # SoundTouch is an open-source audio processing library for changing the Tempo, Pitch and Playback Rates of audio streams or files
2025-06-23T18:59:34.3003910Z   soundtouch
2025-06-23T18:59:34.3004172Z 
2025-06-23T18:59:34.3004713Z All requested installations completed successfully in: 53 s
2025-06-23T18:59:34.3023984Z ##[endgroup]
2025-06-23T18:59:34.3024739Z ⏱ elapsed: 65.327 seconds
2025-06-23T18:59:34.3026407Z ##[group]Set output environment variables
2025-06-23T18:59:34.3028188Z Set the workflow environment variable 'RUNVCPKG_VCPKG_ROOT' to value 'D:\a\synthizer3d\synthizer3d\vcpkg'
2025-06-23T18:59:34.3033503Z Set the workflow environment variable 'VCPKG_ROOT' to value 'D:\a\synthizer3d\synthizer3d\vcpkg'
2025-06-23T18:59:34.3037490Z Set the step output variable 'RUNVCPKG_VCPKG_ROOT_OUT' to value 'D:\a\synthizer3d\synthizer3d\vcpkg''
2025-06-23T18:59:34.3041155Z Set the workflow environment variable 'VCPKG_DEFAULT_TRIPLET' to value 'x86-windows'
2025-06-23T18:59:34.3044128Z Set the step output variable 'RUNVCPKG_VCPKG_DEFAULT_TRIPLET_OUT' to value 'x86-windows''
2025-06-23T18:59:34.3047000Z ##[endgroup]
2025-06-23T18:59:34.3047515Z ⏱ elapsed: 0.002 seconds
2025-06-23T18:59:34.3051457Z run-vcpkg action execution succeeded
2025-06-23T18:59:34.3245824Z ##[group]Run Write-Host "VCPKG_ROOT (tool directory from lukka/run-vcpkg) is $env:VCPKG_ROOT"
2025-06-23T18:59:34.3246546Z [36;1mWrite-Host "VCPKG_ROOT (tool directory from lukka/run-vcpkg) is $env:VCPKG_ROOT"[0m
2025-06-23T18:59:34.3247055Z [36;1mWrite-Host "VCPKG_DEFAULT_TRIPLET is $env:VCPKG_DEFAULT_TRIPLET"[0m
2025-06-23T18:59:34.3247528Z [36;1mWrite-Host "GITHUB_WORKSPACE is $env:GITHUB_WORKSPACE"[0m
2025-06-23T18:59:34.3248156Z [36;1mWrite-Host "Initial EFFECTIVE_VCPKG_INSTALLED_DIR_BASE (from job env, target for manifest install) is $env:EFFECTIVE_VCPKG_INSTALLED_DIR_BASE"[0m
2025-06-23T18:59:34.3248686Z [36;1m[0m
2025-06-23T18:59:34.3248855Z [36;1mif (-not $env:VCPKG_ROOT) {[0m
2025-06-23T18:59:34.3249230Z [36;1m  Write-Error "VCPKG_ROOT not set. This should be set by the lukka/run-vcpkg action."[0m
2025-06-23T18:59:34.3249583Z [36;1m  exit 1[0m
2025-06-23T18:59:34.3249748Z [36;1m}[0m
2025-06-23T18:59:34.3249898Z [36;1m[0m
2025-06-23T18:59:34.3250210Z [36;1m# Esegui vcpkg install. Se vcpkg.json è in $env:GITHUB_WORKSPACE (CWD),[0m
2025-06-23T18:59:34.3250730Z [36;1m# installerà in $env:GITHUB_WORKSPACE/vcpkg_installed/$env:VCPKG_DEFAULT_TRIPLET[0m
2025-06-23T18:59:34.3251280Z [36;1m# che corrisponde a $env:EFFECTIVE_VCPKG_INSTALLED_DIR_BASE/$env:VCPKG_DEFAULT_TRIPLET[0m
2025-06-23T18:59:34.3251830Z [36;1m# La CurrentWorkingDirectory per gli script eseguiti da 'run:' è $GITHUB_WORKSPACE.[0m
2025-06-23T18:59:34.3252331Z [36;1m& "$env:VCPKG_ROOT\vcpkg.exe" install --triplet $env:VCPKG_DEFAULT_TRIPLET[0m
2025-06-23T18:59:34.3252714Z [36;1mWrite-Host "Finished vcpkg install command."[0m
2025-06-23T18:59:34.3252970Z [36;1m[0m
2025-06-23T18:59:34.3253287Z [36;1m# CMAKE_PREFIX_PATH deve puntare a dove vcpkg ha effettivamente installato i pacchetti.[0m
2025-06-23T18:59:34.3253862Z [36;1m# Con la modalità manifest, questo è $env:EFFECTIVE_VCPKG_INSTALLED_DIR_BASE/$env:VCPKG_DEFAULT_TRIPLET.[0m
2025-06-23T18:59:34.3254511Z [36;1m$cmakePrefixPathValue = Join-Path $env:EFFECTIVE_VCPKG_INSTALLED_DIR_BASE $env:VCPKG_DEFAULT_TRIPLET[0m
2025-06-23T18:59:34.3254947Z [36;1m[0m
2025-06-23T18:59:34.3255255Z [36;1mWrite-Host "Verifying existence of target CMAKE_PREFIX_PATH: $cmakePrefixPathValue"[0m
2025-06-23T18:59:34.3255735Z [36;1mif (-not (Test-Path $cmakePrefixPathValue -PathType Container)) {[0m
2025-06-23T18:59:34.3257095Z [36;1m  Write-Warning "ATTENZIONE: La directory $cmakePrefixPathValue (target per CMAKE_PREFIX_PATH) NON esiste dopo vcpkg install."[0m
2025-06-23T18:59:34.3257770Z [36;1m  Write-Warning "Questo indica che vcpkg non ha installato nella posizione manifest attesa."[0m
2025-06-23T18:59:34.3258287Z [36;1m  Write-Warning "Contenuto di $env:EFFECTIVE_VCPKG_INSTALLED_DIR_BASE per debug:"[0m
2025-06-23T18:59:34.3259085Z [36;1m  Get-ChildItem -Path $env:EFFECTIVE_VCPKG_INSTALLED_DIR_BASE -ErrorAction SilentlyContinue -Depth 1 || Write-Warning "$env:EFFECTIVE_VCPKG_INSTALLED_DIR_BASE non esiste o è vuoto."[0m
2025-06-23T18:59:34.3259729Z [36;1m  [0m
2025-06-23T18:59:34.3260018Z [36;1m  # Fallback per debug: controlla la directory di installazione classica di vcpkg[0m
2025-06-23T18:59:34.3260590Z [36;1m  $classicVcpkgInstalledPath = Join-Path (Join-Path $env:VCPKG_ROOT "installed") $env:VCPKG_DEFAULT_TRIPLET[0m
2025-06-23T18:59:34.3261276Z [36;1m  Write-Warning "Controllo del percorso di installazione classico di vcpkg per debug: $classicVcpkgInstalledPath"[0m
2025-06-23T18:59:34.3261833Z [36;1m  if(Test-Path $classicVcpkgInstalledPath -PathType Container){[0m
2025-06-23T18:59:34.3262496Z [36;1m      Write-Warning "Il percorso classico $classicVcpkgInstalledPath ESISTE. Questo è fonte di confusione se era prevista la modalità manifest."[0m
2025-06-23T18:59:34.3263060Z [36;1m  } else {[0m
2025-06-23T18:59:34.3263389Z [36;1m      Write-Warning "Anche il percorso classico $classicVcpkgInstalledPath NON esiste."[0m
2025-06-23T18:59:34.3263754Z [36;1m  }[0m
2025-06-23T18:59:34.3265240Z [36;1m} else {[0m
2025-06-23T18:59:34.3265661Z [36;1m  Write-Host "Confermato: La directory target per CMAKE_PREFIX_PATH esiste: $cmakePrefixPathValue"[0m
2025-06-23T18:59:34.3266064Z [36;1m}[0m
2025-06-23T18:59:34.3266210Z [36;1m[0m
2025-06-23T18:59:34.3266585Z [36;1mecho "CMAKE_PREFIX_PATH=$cmakePrefixPathValue" | Out-File -FilePath $env:GITHUB_ENV -Encoding utf8 -Append[0m
2025-06-23T18:59:34.3267134Z [36;1mWrite-Host "CMAKE_PREFIX_PATH impostato a $cmakePrefixPathValue"[0m
2025-06-23T18:59:34.3267691Z [36;1m# EFFECTIVE_VCPKG_INSTALLED_DIR_BASE è già corretto dall'env del job, non serve aggiornarlo di nuovo in GITHUB_ENV[0m
2025-06-23T18:59:34.3268216Z [36;1m# se la nostra assunzione sulla modalità manifest è corretta.[0m
2025-06-23T18:59:34.3301628Z shell: C:\Program Files\PowerShell\7\pwsh.EXE -command ". '{0}'"
2025-06-23T18:59:34.3301923Z env:
2025-06-23T18:59:34.3302079Z   PYVERSION: 3.9
2025-06-23T18:59:34.3302245Z   CI_ARCH_LOWER: x86
2025-06-23T18:59:34.3302419Z   CI_WINDOWS: 1
2025-06-23T18:59:34.3302573Z   CI_ARCH_ENV: x86
2025-06-23T18:59:34.3302749Z   VCPKG_DEFAULT_TRIPLET: x86-windows
2025-06-23T18:59:34.3303084Z   EFFECTIVE_VCPKG_INSTALLED_DIR_BASE: D:\a\synthizer3d\synthizer3d\vcpkg_installed
2025-06-23T18:59:34.3303504Z   pythonLocation: C:\hostedtoolcache\windows\Python\3.9.13\x86
2025-06-23T18:59:34.3303900Z   PKG_CONFIG_PATH: C:\hostedtoolcache\windows\Python\3.9.13\x86/lib/pkgconfig
2025-06-23T18:59:34.3304297Z   Python_ROOT_DIR: C:\hostedtoolcache\windows\Python\3.9.13\x86
2025-06-23T18:59:34.3304637Z   Python2_ROOT_DIR: C:\hostedtoolcache\windows\Python\3.9.13\x86
2025-06-23T18:59:34.3304985Z   Python3_ROOT_DIR: C:\hostedtoolcache\windows\Python\3.9.13\x86
2025-06-23T18:59:34.3305266Z   CommandPromptType: Native
2025-06-23T18:59:34.3305575Z   DevEnvDir: C:\Program Files\Microsoft Visual Studio\2022\Enterprise\Common7\IDE\
2025-06-23T18:59:34.3306035Z   ExtensionSdkDir: C:\Program Files (x86)\Microsoft SDKs\Windows Kits\10\ExtensionSDKs
2025-06-23T18:59:34.3308036Z   EXTERNAL_INCLUDE: C:\Program Files\Microsoft Visual Studio\2022\Enterprise\VC\Tools\MSVC\14.43.34808\include;C:\Program Files\Microsoft Visual Studio\2022\Enterprise\VC\Tools\MSVC\14.43.34808\ATLMFC\include;C:\Program Files\Microsoft Visual Studio\2022\Enterprise\VC\Auxiliary\VS\include;C:\Program Files (x86)\Windows Kits\10\include\10.0.26100.0\ucrt;C:\Program Files (x86)\Windows Kits\10\\include\10.0.26100.0\\um;C:\Program Files (x86)\Windows Kits\10\\include\10.0.26100.0\\shared;C:\Program Files (x86)\Windows Kits\10\\include\10.0.26100.0\\winrt;C:\Program Files (x86)\Windows Kits\10\\include\10.0.26100.0\\cppwinrt;C:\Program Files (x86)\Windows Kits\NETFXSDK\4.8\include\um
2025-06-23T18:59:34.3310037Z   Framework40Version: v4.0
2025-06-23T18:59:34.3310265Z   FrameworkDir: C:\Windows\Microsoft.NET\Framework\
2025-06-23T18:59:34.3310561Z   FrameworkDir32: C:\Windows\Microsoft.NET\Framework\
2025-06-23T18:59:34.3310813Z   FrameworkVersion: v4.0.30319
2025-06-23T18:59:34.3311019Z   FrameworkVersion32: v4.0.30319
2025-06-23T18:59:34.3311485Z   FSHARPINSTALLDIR: C:\Program Files\Microsoft Visual Studio\2022\Enterprise\Common7\IDE\CommonExtensions\Microsoft\FSharp\Tools
2025-06-23T18:59:34.3312016Z   HTMLHelpDir: C:\Program Files (x86)\HTML Help Workshop
2025-06-23T18:59:34.3312432Z   IFCPATH: C:\Program Files\Microsoft Visual Studio\2022\Enterprise\VC\Tools\MSVC\14.43.34808\ifc\x86
2025-06-23T18:59:34.3315035Z   INCLUDE: C:\Program Files\Microsoft Visual Studio\2022\Enterprise\VC\Tools\MSVC\14.43.34808\include;C:\Program Files\Microsoft Visual Studio\2022\Enterprise\VC\Tools\MSVC\14.43.34808\ATLMFC\include;C:\Program Files\Microsoft Visual Studio\2022\Enterprise\VC\Auxiliary\VS\include;C:\Program Files (x86)\Windows Kits\10\include\10.0.26100.0\ucrt;C:\Program Files (x86)\Windows Kits\10\\include\10.0.26100.0\\um;C:\Program Files (x86)\Windows Kits\10\\include\10.0.26100.0\\shared;C:\Program Files (x86)\Windows Kits\10\\include\10.0.26100.0\\winrt;C:\Program Files (x86)\Windows Kits\10\\include\10.0.26100.0\\cppwinrt;C:\Program Files (x86)\Windows Kits\NETFXSDK\4.8\include\um
2025-06-23T18:59:34.3317764Z   LIB: C:\Program Files\Microsoft Visual Studio\2022\Enterprise\VC\Tools\MSVC\14.43.34808\ATLMFC\lib\x86;C:\Program Files\Microsoft Visual Studio\2022\Enterprise\VC\Tools\MSVC\14.43.34808\lib\x86;C:\Program Files (x86)\Windows Kits\NETFXSDK\4.8\lib\um\x86;C:\Program Files (x86)\Windows Kits\10\lib\10.0.26100.0\ucrt\x86;C:\Program Files (x86)\Windows Kits\10\\lib\10.0.26100.0\\um\x86
2025-06-23T18:59:34.3319974Z   LIBPATH: C:\Program Files\Microsoft Visual Studio\2022\Enterprise\VC\Tools\MSVC\14.43.34808\ATLMFC\lib\x86;C:\Program Files\Microsoft Visual Studio\2022\Enterprise\VC\Tools\MSVC\14.43.34808\lib\x86;C:\Program Files\Microsoft Visual Studio\2022\Enterprise\VC\Tools\MSVC\14.43.34808\lib\x86\store\references;C:\Program Files (x86)\Windows Kits\10\UnionMetadata\10.0.26100.0;C:\Program Files (x86)\Windows Kits\10\References\10.0.26100.0;C:\Windows\Microsoft.NET\Framework\v4.0.30319
2025-06-23T18:59:34.3321408Z   NETFXSDKDir: C:\Program Files (x86)\Windows Kits\NETFXSDK\4.8\
2025-06-23T18:59:34.3334486Z   Path: C:\Program Files\Microsoft Visual Studio\2022\Enterprise\VC\Tools\MSVC\14.43.34808\bin\HostX86\x86;C:\Program Files\Microsoft Visual Studio\2022\Enterprise\Common7\IDE\VC\VCPackages;C:\Program Files\Microsoft Visual Studio\2022\Enterprise\Common7\IDE\CommonExtensions\Microsoft\TestWindow;C:\Program Files\Microsoft Visual Studio\2022\Enterprise\Common7\IDE\CommonExtensions\Microsoft\TeamFoundation\Team Explorer;C:\Program Files\Microsoft Visual Studio\2022\Enterprise\MSBuild\Current\bin\Roslyn;C:\Program Files (x86)\Microsoft SDKs\Windows\v10.0A\bin\NETFX 4.8 Tools\;C:\Program Files (x86)\HTML Help Workshop;C:\Program Files\Microsoft Visual Studio\2022\Enterprise\Common7\IDE\CommonExtensions\Microsoft\FSharp\Tools;C:\Program Files\Microsoft Visual Studio\2022\Enterprise\Team Tools\DiagnosticsHub\Collector;C:\Program Files\Microsoft Visual Studio\2022\Enterprise\Common7\IDE\Extensions\Microsoft\CodeCoverage.Console;C:\Program Files (x86)\Windows Kits\10\bin\10.0.26100.0\\x86;C:\Program Files (x86)\Windows Kits\10\bin\\x86;C:\Program Files\Microsoft Visual Studio\2022\Enterprise\\MSBuild\Current\Bin\amd64;C:\Windows\Microsoft.NET\Framework\v4.0.30319;C:\Program Files\Microsoft Visual Studio\2022\Enterprise\Common7\IDE\;C:\Program Files\Microsoft Visual Studio\2022\Enterprise\Common7\Tools\;C:\Users\runneradmin\AppData\Roaming\Python\Python39\Scripts;C:\hostedtoolcache\windows\Python\3.9.13\x86\Scripts;C:\hostedtoolcache\windows\Python\3.9.13\x86;C:\Program Files\MongoDB\Server\5.0\bin;C:\aliyun-cli;C:\vcpkg;C:\Program Files (x86)\NSIS\;C:\tools\zstd;C:\Program Files\Mercurial\;C:\hostedtoolcache\windows\stack\3.5.1\x64;C:\cabal\bin;C:\\ghcup\bin;C:\mingw64\bin;C:\Program Files\dotnet;C:\Program Files\MySQL\MySQL Server 8.0\bin;C:\Program Files\R\R-4.4.2\bin\x64;C:\SeleniumWebDrivers\GeckoDriver;C:\SeleniumWebDrivers\EdgeDriver\;C:\SeleniumWebDrivers\ChromeDriver;C:\Program Files (x86)\sbt\bin;C:\Program Files (x86)\GitHub CLI;C:\Program Files\Git\bin;C:\Program Files (x86)\pipx_bin;C:\npm\prefix;C:\hostedtoolcache\windows\go\1.24.3\x64\bin;C:\hostedtoolcache\windows\Python\3.9.13\x64\Scripts;C:\hostedtoolcache\windows\Python\3.9.13\x64;C:\hostedtoolcache\windows\Ruby\3.3.8\x64\bin;C:\Program Files\OpenSSL\bin;C:\tools\kotlinc\bin;C:\hostedtoolcache\windows\Java_Temurin-Hotspot_jdk\8.0.452-9\x64\bin;C:\Program Files\ImageMagick-7.1.1-Q16-HDRI;C:\Program Files\Microsoft SDKs\Azure\CLI2\wbin;C:\ProgramData\kind;C:\ProgramData\Chocolatey\bin;C:\Windows\system32;C:\Windows;C:\Windows\System32\Wbem;C:\Windows\System32\WindowsPowerShell\v1.0\;C:\Windows\System32\OpenSSH\;C:\Program Files\dotnet\;C:\Program Files\PowerShell\7\;C:\Program Files\Microsoft\Web Platform Installer\;C:\Program Files\TortoiseSVN\bin;C:\Program Files\Microsoft SQL Server\Client SDK\ODBC\170\Tools\Binn\;C:\Program Files\Microsoft SQL Server\150\Tools\Binn\;C:\Program Files (x86)\Windows Kits\10\Windows Performance Toolkit\;C:\Program Files (x86)\WiX Toolset v3.14\bin;C:\Program Files\Microsoft SQL Server\130\DTS\Binn\;C:\Program Files\Microsoft SQL Server\140\DTS\Binn\;C:\Program Files\Microsoft SQL Server\150\DTS\Binn\;C:\Program Files\Microsoft SQL Server\160\DTS\Binn\;C:\Strawberry\c\bin;C:\Strawberry\perl\site\bin;C:\Strawberry\perl\bin;C:\ProgramData\chocolatey\lib\pulumi\tools\Pulumi\bin;C:\Program Files\CMake\bin;C:\ProgramData\chocolatey\lib\maven\apache-maven-3.9.9\bin;C:\Program Files\Microsoft Service Fabric\bin\Fabric\Fabric.Code;C:\Program Files\Microsoft SDKs\Service Fabric\Tools\ServiceFabricLocalClusterManager;C:\Program Files\nodejs\;C:\Program Files\Git\cmd;C:\Program Files\Git\mingw64\bin;C:\Program Files\Git\usr\bin;C:\Program Files\GitHub CLI\;c:\tools\php;C:\Program Files\Amazon\AWSCLIV2\;C:\Program Files\Amazon\SessionManagerPlugin\bin\;C:\Program Files\Amazon\AWSSAMCLI\bin\;C:\Program Files\Microsoft SQL Server\130\Tools\Binn\;C:\Program Files\LLVM\bin;C:\Users\runneradmin\.dotnet\tools;C:\Users\runneradmin\.cargo\bin;C:\Users\runneradmin\AppData\Local\Microsoft\WindowsApps;C:\Program Files (x86)\Microsoft Visual Studio\Installer;C:\Program Files\Microsoft Visual Studio\2022\Enterprise\VC\Tools\Llvm\bin;C:\Program Files\Microsoft Visual Studio\2022\Enterprise\Common7\IDE\CommonExtensions\Microsoft\CMake\CMake\bin;C:\Program Files\Microsoft Visual Studio\2022\Enterprise\Common7\IDE\CommonExtensions\Microsoft\CMake\Ninja;C:\Program Files\Microsoft Visual Studio\2022\Enterprise\Common7\IDE\VC\Linux\bin\ConnectionManagerExe;C:\Program Files\Microsoft Visual Studio\2022\Enterprise\VC\vcpkg
2025-06-23T18:59:34.3348060Z   Platform: x86
2025-06-23T18:59:34.3348226Z   UCRTVersion: 10.0.26100.0
2025-06-23T18:59:34.3348480Z   UniversalCRTSdkDir: C:\Program Files (x86)\Windows Kits\10\
2025-06-23T18:59:34.3348913Z   VCIDEInstallDir: C:\Program Files\Microsoft Visual Studio\2022\Enterprise\Common7\IDE\VC\
2025-06-23T18:59:34.3349379Z   VCINSTALLDIR: C:\Program Files\Microsoft Visual Studio\2022\Enterprise\VC\
2025-06-23T18:59:34.3349732Z   VCPKG_ROOT: D:\a\synthizer3d\synthizer3d\vcpkg
2025-06-23T18:59:34.3350152Z   VCToolsInstallDir: C:\Program Files\Microsoft Visual Studio\2022\Enterprise\VC\Tools\MSVC\14.43.34808\
2025-06-23T18:59:34.3350735Z   VCToolsRedistDir: C:\Program Files\Microsoft Visual Studio\2022\Enterprise\VC\Redist\MSVC\14.42.34433\
2025-06-23T18:59:34.3351248Z   VCToolsVersion: 14.43.34808
2025-06-23T18:59:34.3351444Z   VisualStudioVersion: 17.0
2025-06-23T18:59:34.3351776Z   VS170COMNTOOLS: C:\Program Files\Microsoft Visual Studio\2022\Enterprise\Common7\Tools\
2025-06-23T18:59:34.3352133Z   VSCMD_ARG_app_plat: Desktop
2025-06-23T18:59:34.3352327Z   VSCMD_ARG_HOST_ARCH: x86
2025-06-23T18:59:34.3352500Z   VSCMD_ARG_TGT_ARCH: x86
2025-06-23T18:59:34.3352669Z   VSCMD_VER: 17.13.2
2025-06-23T18:59:34.3352934Z   VSINSTALLDIR: C:\Program Files\Microsoft Visual Studio\2022\Enterprise\
2025-06-23T18:59:34.3353352Z   VSSDK150INSTALL: C:\Program Files\Microsoft Visual Studio\2022\Enterprise\VSSDK
2025-06-23T18:59:34.3353786Z   VSSDKINSTALL: C:\Program Files\Microsoft Visual Studio\2022\Enterprise\VSSDK
2025-06-23T18:59:34.3354378Z   WindowsLibPath: C:\Program Files (x86)\Windows Kits\10\UnionMetadata\10.0.26100.0;C:\Program Files (x86)\Windows Kits\10\References\10.0.26100.0
2025-06-23T18:59:34.3354939Z   WindowsSdkBinPath: C:\Program Files (x86)\Windows Kits\10\bin\
2025-06-23T18:59:34.3355272Z   WindowsSdkDir: C:\Program Files (x86)\Windows Kits\10\
2025-06-23T18:59:34.3355540Z   WindowsSDKLibVersion: 10.0.26100.0\
2025-06-23T18:59:34.3355866Z   WindowsSdkVerBinPath: C:\Program Files (x86)\Windows Kits\10\bin\10.0.26100.0\
2025-06-23T18:59:34.3356201Z   WindowsSDKVersion: 10.0.26100.0\
2025-06-23T18:59:34.3356592Z   WindowsSDK_ExecutablePath_x64: C:\Program Files (x86)\Microsoft SDKs\Windows\v10.0A\bin\NETFX 4.8 Tools\x64\
2025-06-23T18:59:34.3357177Z   WindowsSDK_ExecutablePath_x86: C:\Program Files (x86)\Microsoft SDKs\Windows\v10.0A\bin\NETFX 4.8 Tools\
2025-06-23T18:59:34.3357646Z   __DOTNET_ADD_32BIT: 1
2025-06-23T18:59:34.3357828Z   __DOTNET_PREFERRED_BITNESS: 32
2025-06-23T18:59:34.3365677Z   __VSCMD_PREINIT_PATH: C:\Users\runneradmin\AppData\Roaming\Python\Python39\Scripts;C:\hostedtoolcache\windows\Python\3.9.13\x86\Scripts;C:\hostedtoolcache\windows\Python\3.9.13\x86;C:\Program Files\MongoDB\Server\5.0\bin;C:\aliyun-cli;C:\vcpkg;C:\Program Files (x86)\NSIS\;C:\tools\zstd;C:\Program Files\Mercurial\;C:\hostedtoolcache\windows\stack\3.5.1\x64;C:\cabal\bin;C:\\ghcup\bin;C:\mingw64\bin;C:\Program Files\dotnet;C:\Program Files\MySQL\MySQL Server 8.0\bin;C:\Program Files\R\R-4.4.2\bin\x64;C:\SeleniumWebDrivers\GeckoDriver;C:\SeleniumWebDrivers\EdgeDriver\;C:\SeleniumWebDrivers\ChromeDriver;C:\Program Files (x86)\sbt\bin;C:\Program Files (x86)\GitHub CLI;C:\Program Files\Git\bin;C:\Program Files (x86)\pipx_bin;C:\npm\prefix;C:\hostedtoolcache\windows\go\1.24.3\x64\bin;C:\hostedtoolcache\windows\Python\3.9.13\x64\Scripts;C:\hostedtoolcache\windows\Python\3.9.13\x64;C:\hostedtoolcache\windows\Ruby\3.3.8\x64\bin;C:\Program Files\OpenSSL\bin;C:\tools\kotlinc\bin;C:\hostedtoolcache\windows\Java_Temurin-Hotspot_jdk\8.0.452-9\x64\bin;C:\Program Files\ImageMagick-7.1.1-Q16-HDRI;C:\Program Files\Microsoft SDKs\Azure\CLI2\wbin;C:\ProgramData\kind;C:\ProgramData\Chocolatey\bin;C:\Windows\system32;C:\Windows;C:\Windows\System32\Wbem;C:\Windows\System32\WindowsPowerShell\v1.0\;C:\Windows\System32\OpenSSH\;C:\Program Files\dotnet\;C:\Program Files\PowerShell\7\;C:\Program Files\Microsoft\Web Platform Installer\;C:\Program Files\TortoiseSVN\bin;C:\Program Files\Microsoft SQL Server\Client SDK\ODBC\170\Tools\Binn\;C:\Program Files\Microsoft SQL Server\150\Tools\Binn\;C:\Program Files (x86)\Windows Kits\10\Windows Performance Toolkit\;C:\Program Files (x86)\WiX Toolset v3.14\bin;C:\Program Files\Microsoft SQL Server\130\DTS\Binn\;C:\Program Files\Microsoft SQL Server\140\DTS\Binn\;C:\Program Files\Microsoft SQL Server\150\DTS\Binn\;C:\Program Files\Microsoft SQL Server\160\DTS\Binn\;C:\Strawberry\c\bin;C:\Strawberry\perl\site\bin;C:\Strawberry\perl\bin;C:\ProgramData\chocolatey\lib\pulumi\tools\Pulumi\bin;C:\Program Files\CMake\bin;C:\ProgramData\chocolatey\lib\maven\apache-maven-3.9.9\bin;C:\Program Files\Microsoft Service Fabric\bin\Fabric\Fabric.Code;C:\Program Files\Microsoft SDKs\Service Fabric\Tools\ServiceFabricLocalClusterManager;C:\Program Files\nodejs\;C:\Program Files\Git\cmd;C:\Program Files\Git\mingw64\bin;C:\Program Files\Git\usr\bin;C:\Program Files\GitHub CLI\;c:\tools\php;C:\Program Files (x86)\sbt\bin;C:\Program Files\Amazon\AWSCLIV2\;C:\Program Files\Amazon\SessionManagerPlugin\bin\;C:\Program Files\Amazon\AWSSAMCLI\bin\;C:\Program Files\Microsoft SQL Server\130\Tools\Binn\;C:\Program Files\LLVM\bin;C:\Users\runneradmin\.dotnet\tools;C:\Users\runneradmin\.cargo\bin;C:\Users\runneradmin\AppData\Local\Microsoft\WindowsApps;C:\Program Files (x86)\Microsoft Visual Studio\Installer
2025-06-23T18:59:34.3373929Z   VCPKG_DEFAULT_BINARY_CACHE: D:/a/synthizer3d/synthizer3d/969f6665-88a2-4c98-938e-ca9259871fec/vcpkg_cache
2025-06-23T18:59:34.3374371Z   VCPKG_BINARY_SOURCES: clear;x-gha,readwrite
2025-06-23T18:59:34.3374912Z   ACTIONS_CACHE_URL: https://acghubeus2.actions.githubusercontent.com/bwbzopuV3oKlbowlUKWdOnf6KF0vjv7EYqCB3ZHqukKhTVgy74/
2025-06-23T18:59:34.3412966Z   ACTIONS_RUNTIME_TOKEN: ***
2025-06-23T18:59:34.3413233Z   RUNVCPKG_VCPKG_ROOT: D:\a\synthizer3d\synthizer3d\vcpkg
2025-06-23T18:59:34.3413501Z ##[endgroup]
2025-06-23T18:59:34.6245256Z VCPKG_ROOT (tool directory from lukka/run-vcpkg) is D:\a\synthizer3d\synthizer3d\vcpkg
2025-06-23T18:59:34.6252677Z VCPKG_DEFAULT_TRIPLET is x86-windows
2025-06-23T18:59:34.6258309Z GITHUB_WORKSPACE is D:\a\synthizer3d\synthizer3d
2025-06-23T18:59:34.6264283Z Initial EFFECTIVE_VCPKG_INSTALLED_DIR_BASE (from job env, target for manifest install) is D:\a\synthizer3d\synthizer3d\vcpkg_installed
2025-06-23T18:59:34.8561784Z Detecting compiler hash for triplet x64-windows...
2025-06-23T18:59:36.9513716Z Compiler found: C:/Program Files/Microsoft Visual Studio/2022/Enterprise/VC/Tools/MSVC/14.43.34808/bin/Hostx64/x64/cl.exe
2025-06-23T18:59:36.9595802Z Detecting compiler hash for triplet x86-windows...
2025-06-23T18:59:38.8312753Z Compiler found: C:/Program Files/Microsoft Visual Studio/2022/Enterprise/VC/Tools/MSVC/14.43.34808/bin/Hostx64/x86/cl.exe
2025-06-23T18:59:38.8347976Z The following packages will be built and installed:
2025-06-23T18:59:38.8348483Z   * atl:x86-windows@0
2025-06-23T18:59:38.8348775Z   * atlmfc:x86-windows@0#3
2025-06-23T18:59:38.8349066Z     libogg:x86-windows@1.3.5#2
2025-06-23T18:59:38.8349390Z     libvorbis:x86-windows@1.3.7#4
2025-06-23T18:59:38.8349712Z     opus:x86-windows@1.5.2
2025-06-23T18:59:38.8350033Z     opusfile:x86-windows@0.12+20221121#1
2025-06-23T18:59:38.8350567Z     soundtouch:x86-windows@2.3.3
2025-06-23T18:59:38.8351134Z   * vcpkg-cmake:x64-windows@2024-04-23
2025-06-23T18:59:38.8351801Z   * vcpkg-cmake-config:x64-windows@2024-05-23
2025-06-23T18:59:38.8352777Z Additional packages (*) will be modified to complete this operation.
2025-06-23T18:59:38.8355701Z %VCPKG_BINARY_SOURCES%: warning: The 'x-gha' binary caching backend has been removed. Consider using a NuGet-based binary caching provider instead, see extended documentation at https://learn.microsoft.com/vcpkg/users/binarycaching?WT.mc_id=vcpkg_inproduct_cli.
2025-06-23T18:59:38.8357228Z   on expression: clear;x-gha,readwrite
2025-06-23T18:59:38.8357598Z                                       ^
2025-06-23T18:59:38.8358040Z Installing 1/9 vcpkg-cmake-config:x64-windows@2024-05-23...
2025-06-23T18:59:38.8358614Z Building vcpkg-cmake-config:x64-windows@2024-05-23...
2025-06-23T18:59:38.8660652Z -- Installing: D:/a/synthizer3d/synthizer3d/vcpkg/packages/vcpkg-cmake-config_x64-windows/share/vcpkg-cmake-config/vcpkg_cmake_config_fixup.cmake
2025-06-23T18:59:38.8666472Z -- Installing: D:/a/synthizer3d/synthizer3d/vcpkg/packages/vcpkg-cmake-config_x64-windows/share/vcpkg-cmake-config/vcpkg-port-config.cmake
2025-06-23T18:59:38.8670602Z -- Installing: D:/a/synthizer3d/synthizer3d/vcpkg/packages/vcpkg-cmake-config_x64-windows/share/vcpkg-cmake-config/copyright
2025-06-23T18:59:38.8721953Z -- Skipping post-build validation due to VCPKG_POLICY_EMPTY_PACKAGE
2025-06-23T18:59:38.8753284Z Elapsed time to handle vcpkg-cmake-config:x64-windows: 40 ms
2025-06-23T18:59:38.8754245Z vcpkg-cmake-config:x64-windows package ABI: 842797583f0500a3cabbedf03fb083636fe11e4fd3fd19d9a475485e484445fb
2025-06-23T18:59:38.8755332Z Installing 2/9 vcpkg-cmake:x64-windows@2024-04-23...
2025-06-23T18:59:38.8755807Z Building vcpkg-cmake:x64-windows@2024-04-23...
2025-06-23T18:59:38.9063435Z -- Installing: D:/a/synthizer3d/synthizer3d/vcpkg/packages/vcpkg-cmake_x64-windows/share/vcpkg-cmake/vcpkg_cmake_configure.cmake
2025-06-23T18:59:38.9068914Z -- Installing: D:/a/synthizer3d/synthizer3d/vcpkg/packages/vcpkg-cmake_x64-windows/share/vcpkg-cmake/vcpkg_cmake_build.cmake
2025-06-23T18:59:38.9073157Z -- Installing: D:/a/synthizer3d/synthizer3d/vcpkg/packages/vcpkg-cmake_x64-windows/share/vcpkg-cmake/vcpkg_cmake_install.cmake
2025-06-23T18:59:38.9077370Z -- Installing: D:/a/synthizer3d/synthizer3d/vcpkg/packages/vcpkg-cmake_x64-windows/share/vcpkg-cmake/vcpkg-port-config.cmake
2025-06-23T18:59:38.9081901Z -- Installing: D:/a/synthizer3d/synthizer3d/vcpkg/packages/vcpkg-cmake_x64-windows/share/vcpkg-cmake/copyright
2025-06-23T18:59:38.9131305Z -- Performing post-build validation
2025-06-23T18:59:38.9171145Z Elapsed time to handle vcpkg-cmake:x64-windows: 41.8 ms
2025-06-23T18:59:38.9172034Z vcpkg-cmake:x64-windows package ABI: a500b93f9e0b831ca946128005613d551eeb943040c8f073dc3184f7e15c9834
2025-06-23T18:59:38.9172716Z Installing 3/9 libogg:x86-windows@1.3.5#2...
2025-06-23T18:59:38.9173116Z Building libogg:x86-windows@1.3.5#2...
2025-06-23T18:59:38.9593227Z Downloading https://gitlab.xiph.org/xiph/ogg/-/archive/v1.3.5/ogg-v1.3.5.tar.gz -> xiph-ogg-v1.3.5.tar.gz
2025-06-23T18:59:39.6727795Z Successfully downloaded xiph-ogg-v1.3.5.tar.gz
2025-06-23T18:59:39.9434384Z -- Extracting source D:/a/synthizer3d/synthizer3d/vcpkg/downloads/xiph-ogg-v1.3.5.tar.gz
2025-06-23T18:59:40.0827542Z -- Using source at D:/a/synthizer3d/synthizer3d/vcpkg/buildtrees/libogg/src/v1.3.5-1a4243fef9.clean
2025-06-23T18:59:40.0948154Z -- Found external ninja('1.12.1').
2025-06-23T18:59:40.0982481Z -- Configuring x86-windows
2025-06-23T18:59:46.4628782Z -- Building x86-windows-dbg
2025-06-23T18:59:46.7734639Z -- Building x86-windows-rel
2025-06-23T18:59:47.0906478Z -- Fixing pkgconfig file: D:/a/synthizer3d/synthizer3d/vcpkg/packages/libogg_x86-windows/lib/pkgconfig/ogg.pc
2025-06-23T18:59:47.1114944Z Downloading msys2-mingw-w64-x86_64-pkgconf-1~2.3.0-1-any.pkg.tar.zst, trying https://mirror.msys2.org/mingw/mingw64/mingw-w64-x86_64-pkgconf-1~2.3.0-1-any.pkg.tar.zst
2025-06-23T18:59:47.6729559Z Successfully downloaded msys2-mingw-w64-x86_64-pkgconf-1~2.3.0-1-any.pkg.tar.zst
2025-06-23T18:59:47.6950148Z Downloading msys2-msys2-runtime-3.5.4-2-x86_64.pkg.tar.zst, trying https://mirror.msys2.org/msys/x86_64/msys2-runtime-3.5.4-2-x86_64.pkg.tar.zst
2025-06-23T18:59:48.3865498Z Successfully downloaded msys2-msys2-runtime-3.5.4-2-x86_64.pkg.tar.zst
2025-06-23T18:59:48.3976438Z -- Using msys root at D:/a/synthizer3d/synthizer3d/vcpkg/downloads/tools/msys2/21caed2f81ec917b
2025-06-23T18:59:48.4054065Z -- Fixing pkgconfig file: D:/a/synthizer3d/synthizer3d/vcpkg/packages/libogg_x86-windows/debug/lib/pkgconfig/ogg.pc
2025-06-23T18:59:48.4143444Z -- Installing: D:/a/synthizer3d/synthizer3d/vcpkg/packages/libogg_x86-windows/share/libogg/copyright
2025-06-23T18:59:48.4225633Z -- Performing post-build validation
2025-06-23T18:59:48.4312055Z Elapsed time to handle libogg:x86-windows: 9.5 s
2025-06-23T18:59:48.4314252Z libogg:x86-windows package ABI: 9d3116e61295141536d65bb41b5ea55c2d7e70816845fe2fcdb939f844d32951
2025-06-23T18:59:48.4315494Z Installing 4/9 libvorbis:x86-windows@1.3.7#4...
2025-06-23T18:59:48.4317472Z Building libvorbis:x86-windows@1.3.7#4...
2025-06-23T18:59:48.4744222Z Downloading https://github.com/xiph/vorbis/archive/v1.3.7.tar.gz -> xiph-vorbis-v1.3.7.tar.gz
2025-06-23T18:59:48.6692501Z Successfully downloaded xiph-vorbis-v1.3.7.tar.gz
2025-06-23T18:59:48.6853226Z -- Extracting source D:/a/synthizer3d/synthizer3d/vcpkg/downloads/xiph-vorbis-v1.3.7.tar.gz
2025-06-23T18:59:48.8725954Z -- Applying patch 0001-Dont-export-vorbisenc-functions.patch
2025-06-23T18:59:48.8949208Z -- Applying patch 0002-Fixup-pkgconfig-libs.patch
2025-06-23T18:59:48.9161491Z -- Applying patch 0003-def-mingw-compat.patch
2025-06-23T18:59:48.9378366Z -- Applying patch 0004-ogg-find-dependency.patch
2025-06-23T18:59:48.9593278Z -- Using source at D:/a/synthizer3d/synthizer3d/vcpkg/buildtrees/libvorbis/src/v1.3.7-c32164610e.clean
2025-06-23T18:59:48.9711290Z -- Found external ninja('1.12.1').
2025-06-23T18:59:48.9745064Z -- Configuring x86-windows
2025-06-23T18:59:50.6363388Z -- Building x86-windows-dbg
2025-06-23T18:59:51.8484713Z -- Building x86-windows-rel
2025-06-23T18:59:53.8307242Z -- Fixing pkgconfig file: D:/a/synthizer3d/synthizer3d/vcpkg/packages/libvorbis_x86-windows/lib/pkgconfig/vorbis.pc
2025-06-23T18:59:53.8312260Z -- Fixing pkgconfig file: D:/a/synthizer3d/synthizer3d/vcpkg/packages/libvorbis_x86-windows/lib/pkgconfig/vorbisenc.pc
2025-06-23T18:59:53.8317412Z -- Fixing pkgconfig file: D:/a/synthizer3d/synthizer3d/vcpkg/packages/libvorbis_x86-windows/lib/pkgconfig/vorbisfile.pc
2025-06-23T18:59:53.8426257Z -- Using cached msys2-mingw-w64-x86_64-pkgconf-1~2.3.0-1-any.pkg.tar.zst
2025-06-23T18:59:53.8492732Z -- Using cached msys2-msys2-runtime-3.5.4-2-x86_64.pkg.tar.zst
2025-06-23T18:59:53.8497556Z -- Using msys root at D:/a/synthizer3d/synthizer3d/vcpkg/downloads/tools/msys2/21caed2f81ec917b
2025-06-23T18:59:53.8705204Z -- Fixing pkgconfig file: D:/a/synthizer3d/synthizer3d/vcpkg/packages/libvorbis_x86-windows/debug/lib/pkgconfig/vorbis.pc
2025-06-23T18:59:53.8711224Z -- Fixing pkgconfig file: D:/a/synthizer3d/synthizer3d/vcpkg/packages/libvorbis_x86-windows/debug/lib/pkgconfig/vorbisenc.pc
2025-06-23T18:59:53.8716965Z -- Fixing pkgconfig file: D:/a/synthizer3d/synthizer3d/vcpkg/packages/libvorbis_x86-windows/debug/lib/pkgconfig/vorbisfile.pc
2025-06-23T18:59:54.0130882Z -- Installing: D:/a/synthizer3d/synthizer3d/vcpkg/packages/libvorbis_x86-windows/share/libvorbis/usage
2025-06-23T18:59:54.0134996Z -- Installing: D:/a/synthizer3d/synthizer3d/vcpkg/packages/libvorbis_x86-windows/share/libvorbis/copyright
2025-06-23T18:59:54.0195373Z -- Performing post-build validation
2025-06-23T18:59:54.0294142Z Elapsed time to handle libvorbis:x86-windows: 5.6 s
2025-06-23T18:59:54.0295363Z libvorbis:x86-windows package ABI: adab93becfac965458b82252da84893d8ac078e2f991ea5f3087e5b9a3a939e0
2025-06-23T18:59:54.0296602Z Installing 5/9 opus:x86-windows@1.5.2...
2025-06-23T18:59:54.0297754Z Building opus:x86-windows@1.5.2...
2025-06-23T18:59:54.0722945Z Downloading https://github.com/xiph/opus/archive/v1.5.2.tar.gz -> xiph-opus-v1.5.2.tar.gz
2025-06-23T18:59:54.2468780Z Successfully downloaded xiph-opus-v1.5.2.tar.gz
2025-06-23T18:59:54.2725457Z -- Extracting source D:/a/synthizer3d/synthizer3d/vcpkg/downloads/xiph-opus-v1.5.2.tar.gz
2025-06-23T18:59:54.5183766Z -- Applying patch fix-pkgconfig-version.patch
2025-06-23T18:59:54.5412903Z -- Using source at D:/a/synthizer3d/synthizer3d/vcpkg/buildtrees/opus/src/v1.5.2-81ed242155.clean
2025-06-23T18:59:54.5542837Z -- Found external ninja('1.12.1').
2025-06-23T18:59:54.5577885Z -- Configuring x86-windows
2025-06-23T19:00:00.4001694Z -- Building x86-windows-dbg
2025-06-23T19:00:05.9028127Z -- Building x86-windows-rel
2025-06-23T19:00:13.4834609Z -- Fixing pkgconfig file: D:/a/synthizer3d/synthizer3d/vcpkg/packages/opus_x86-windows/lib/pkgconfig/opus.pc
2025-06-23T19:00:13.4940365Z -- Using cached msys2-mingw-w64-x86_64-pkgconf-1~2.3.0-1-any.pkg.tar.zst
2025-06-23T19:00:13.5010660Z -- Using cached msys2-msys2-runtime-3.5.4-2-x86_64.pkg.tar.zst
2025-06-23T19:00:13.5015381Z -- Using msys root at D:/a/synthizer3d/synthizer3d/vcpkg/downloads/tools/msys2/21caed2f81ec917b
2025-06-23T19:00:13.5090720Z -- Fixing pkgconfig file: D:/a/synthizer3d/synthizer3d/vcpkg/packages/opus_x86-windows/debug/lib/pkgconfig/opus.pc
2025-06-23T19:00:13.5169226Z -- Installing: D:/a/synthizer3d/synthizer3d/vcpkg/packages/opus_x86-windows/share/opus/copyright
2025-06-23T19:00:13.5230809Z -- Performing post-build validation
2025-06-23T19:00:13.5306930Z Elapsed time to handle opus:x86-windows: 20 s
2025-06-23T19:00:13.5307762Z opus:x86-windows package ABI: 83e5b95bc9fc04c66845576db4b179fe11bca26089260af25c339303740be4b4
2025-06-23T19:00:13.5308457Z Installing 6/9 opusfile:x86-windows@0.12+20221121#1...
2025-06-23T19:00:13.5308926Z Building opusfile:x86-windows@0.12+20221121#1...
2025-06-23T19:00:13.5623075Z -- Note: opusfile only supports static library linkage. Building static library.
2025-06-23T19:00:13.5725935Z Downloading https://github.com/xiph/opusfile/archive/9d718345ce03b2fad5d7d28e0bcd1cc69ab2b166.tar.gz -> xiph-opusfile-9d718345ce03b2fad5d7d28e0bcd1cc69ab2b166.tar.gz
2025-06-23T19:00:13.7321248Z Successfully downloaded xiph-opusfile-9d718345ce03b2fad5d7d28e0bcd1cc69ab2b166.tar.gz
2025-06-23T19:00:13.7433717Z -- Extracting source D:/a/synthizer3d/synthizer3d/vcpkg/downloads/xiph-opusfile-9d718345ce03b2fad5d7d28e0bcd1cc69ab2b166.tar.gz
2025-06-23T19:00:13.8769141Z -- Using source at D:/a/synthizer3d/synthizer3d/vcpkg/buildtrees/opusfile/src/c69ab2b166-6cc7de23ec.clean
2025-06-23T19:00:13.8895179Z -- Found external ninja('1.12.1').
2025-06-23T19:00:13.8928475Z -- Configuring x86-windows
2025-06-23T19:00:15.1239255Z -- Building x86-windows-dbg
2025-06-23T19:00:15.3842470Z -- Building x86-windows-rel
2025-06-23T19:00:15.8285581Z -- Fixing pkgconfig file: D:/a/synthizer3d/synthizer3d/vcpkg/packages/opusfile_x86-windows/lib/pkgconfig/opusfile.pc
2025-06-23T19:00:15.8390762Z -- Using cached msys2-mingw-w64-x86_64-pkgconf-1~2.3.0-1-any.pkg.tar.zst
2025-06-23T19:00:15.8460754Z -- Using cached msys2-msys2-runtime-3.5.4-2-x86_64.pkg.tar.zst
2025-06-23T19:00:15.8465553Z -- Using msys root at D:/a/synthizer3d/synthizer3d/vcpkg/downloads/tools/msys2/21caed2f81ec917b
2025-06-23T19:00:15.8543068Z -- Fixing pkgconfig file: D:/a/synthizer3d/synthizer3d/vcpkg/packages/opusfile_x86-windows/debug/lib/pkgconfig/opusfile.pc
2025-06-23T19:00:15.8642341Z -- Installing: D:/a/synthizer3d/synthizer3d/vcpkg/packages/opusfile_x86-windows/share/opusfile/copyright
2025-06-23T19:00:15.8650316Z -- Installing: D:/a/synthizer3d/synthizer3d/vcpkg/packages/opusfile_x86-windows/share/opusfile/usage
2025-06-23T19:00:15.8706735Z -- Performing post-build validation
2025-06-23T19:00:15.8770413Z Elapsed time to handle opusfile:x86-windows: 2.3 s
2025-06-23T19:00:15.8771316Z opusfile:x86-windows package ABI: 558f8d0c1725b77c6cd28062f718be9e4baef5d64a4d6297e504b882d2ce8a04
2025-06-23T19:00:15.8772020Z Installing 7/9 atl:x86-windows@0...
2025-06-23T19:00:15.8772402Z Building atl:x86-windows@0...
2025-06-23T19:00:15.9121045Z -- Skipping post-build validation due to VCPKG_POLICY_EMPTY_PACKAGE
2025-06-23T19:00:15.9142576Z Elapsed time to handle atl:x86-windows: 37.2 ms
2025-06-23T19:00:15.9143284Z atl:x86-windows package ABI: 342d8acf1d4b00c8d8f5437e477585b33bd67c023be49b90ef63dc559637cb14
2025-06-23T19:00:15.9143951Z Installing 8/9 atlmfc:x86-windows@0#3...
2025-06-23T19:00:15.9144313Z Building atlmfc:x86-windows@0#3...
2025-06-23T19:00:15.9502105Z -- Skipping post-build validation due to VCPKG_POLICY_EMPTY_PACKAGE
2025-06-23T19:00:15.9528015Z Elapsed time to handle atlmfc:x86-windows: 38.5 ms
2025-06-23T19:00:15.9528884Z atlmfc:x86-windows package ABI: a0ff26a5f4a3e69d6e49f9851c85c9537d1d5ce7c541b6be746af6ec50c22239
2025-06-23T19:00:15.9529406Z Installing 9/9 soundtouch:x86-windows@2.3.3...
2025-06-23T19:00:15.9529729Z Building soundtouch:x86-windows@2.3.3...
2025-06-23T19:00:15.9934846Z Downloading https://codeberg.org/soundtouch/soundtouch/archive/2.3.3.tar.gz -> soundtouch-soundtouch-2.3.3.tar.gz
2025-06-23T19:00:16.8895371Z Successfully downloaded soundtouch-soundtouch-2.3.3.tar.gz
2025-06-23T19:00:16.9015202Z -- Extracting source D:/a/synthizer3d/synthizer3d/vcpkg/downloads/soundtouch-soundtouch-2.3.3.tar.gz
2025-06-23T19:00:17.0502952Z -- Using source at D:/a/synthizer3d/synthizer3d/vcpkg/buildtrees/soundtouch/src/2.3.3-309213044d.clean
2025-06-23T19:00:17.0642560Z -- Found external ninja('1.12.1').
2025-06-23T19:00:17.0705702Z -- Configuring x86-windows
2025-06-23T19:00:18.5326562Z -- Building x86-windows-dbg
2025-06-23T19:00:20.6548388Z -- Building x86-windows-rel
2025-06-23T19:00:22.8767158Z -- Fixing pkgconfig file: D:/a/synthizer3d/synthizer3d/vcpkg/packages/soundtouch_x86-windows/lib/pkgconfig/soundtouch.pc
2025-06-23T19:00:22.8876135Z -- Using cached msys2-mingw-w64-x86_64-pkgconf-1~2.3.0-1-any.pkg.tar.zst
2025-06-23T19:00:22.8945671Z -- Using cached msys2-msys2-runtime-3.5.4-2-x86_64.pkg.tar.zst
2025-06-23T19:00:22.8950338Z -- Using msys root at D:/a/synthizer3d/synthizer3d/vcpkg/downloads/tools/msys2/21caed2f81ec917b
2025-06-23T19:00:22.9024927Z -- Fixing pkgconfig file: D:/a/synthizer3d/synthizer3d/vcpkg/packages/soundtouch_x86-windows/debug/lib/pkgconfig/soundtouch.pc
2025-06-23T19:00:22.9499009Z -- Installing: D:/a/synthizer3d/synthizer3d/vcpkg/packages/soundtouch_x86-windows/share/soundtouch/copyright
2025-06-23T19:00:22.9571237Z -- Performing post-build validation
2025-06-23T19:00:22.9655525Z Elapsed time to handle soundtouch:x86-windows: 7 s
2025-06-23T19:00:22.9676164Z soundtouch:x86-windows package ABI: a4eae149255f87cebc15fabf8773d05c612b36e615eedb07f38d5b9c01102cba
2025-06-23T19:00:22.9677337Z libogg provides CMake targets:
2025-06-23T19:00:22.9677683Z 
2025-06-23T19:00:22.9678130Z   # this is heuristically generated, and may not be correct
2025-06-23T19:00:22.9679241Z   find_package(Ogg CONFIG REQUIRED)
2025-06-23T19:00:22.9679928Z   target_link_libraries(main PRIVATE Ogg::ogg)
2025-06-23T19:00:22.9680277Z 
2025-06-23T19:00:22.9680536Z libogg provides pkg-config modules:
2025-06-23T19:00:22.9680846Z 
2025-06-23T19:00:22.9682272Z   # ogg is a library for manipulating ogg bitstreams
2025-06-23T19:00:22.9682776Z   ogg
2025-06-23T19:00:22.9682933Z 
2025-06-23T19:00:22.9683255Z The package libvorbis provides CMake targets:
2025-06-23T19:00:22.9683587Z 
2025-06-23T19:00:22.9683939Z     # Vorbis reference encoder and decoder, low-level API
2025-06-23T19:00:22.9684561Z     find_package(Vorbis CONFIG REQUIRED)
2025-06-23T19:00:22.9685221Z     target_link_libraries(main PRIVATE Vorbis::vorbis)
2025-06-23T19:00:22.9685584Z 
2025-06-23T19:00:22.9685974Z     # Audio stream decoding and basic manipulation, high-level API
2025-06-23T19:00:22.9686358Z     find_package(Vorbis CONFIG REQUIRED)
2025-06-23T19:00:22.9686875Z     target_link_libraries(main PRIVATE Vorbis::vorbisfile)
2025-06-23T19:00:22.9687261Z 
2025-06-23T19:00:22.9687639Z     # Convenience API for setting up an encoding environment
2025-06-23T19:00:22.9688265Z     find_package(Vorbis CONFIG REQUIRED)
2025-06-23T19:00:22.9688889Z     target_link_libraries(main PRIVATE Vorbis::vorbisenc)
2025-06-23T19:00:22.9689279Z 
2025-06-23T19:00:22.9689522Z opus provides CMake targets:
2025-06-23T19:00:22.9689779Z 
2025-06-23T19:00:22.9690127Z   # this is heuristically generated, and may not be correct
2025-06-23T19:00:22.9690836Z   find_package(Opus CONFIG REQUIRED)
2025-06-23T19:00:22.9691366Z   target_link_libraries(main PRIVATE Opus::opus)
2025-06-23T19:00:22.9691664Z 
2025-06-23T19:00:22.9691857Z opus provides pkg-config modules:
2025-06-23T19:00:22.9692094Z 
2025-06-23T19:00:22.9692283Z   # Opus IETF audio codec ( build)
2025-06-23T19:00:22.9692575Z   opus
2025-06-23T19:00:22.9692695Z 
2025-06-23T19:00:22.9692932Z The package opusfile provides CMake targets:
2025-06-23T19:00:22.9693195Z 
2025-06-23T19:00:22.9693407Z     find_package(OpusFile CONFIG REQUIRED)
2025-06-23T19:00:22.9693961Z     target_link_libraries(main PRIVATE OpusFile::opusfile)
2025-06-23T19:00:22.9694270Z 
2025-06-23T19:00:22.9694445Z     # To use the opusurl API
2025-06-23T19:00:22.9694951Z     target_link_libraries(main PRIVATE OpusFile::opusurl)
2025-06-23T19:00:22.9695242Z 
2025-06-23T19:00:22.9695414Z soundtouch provides CMake targets:
2025-06-23T19:00:22.9695626Z 
2025-06-23T19:00:22.9695907Z   # this is heuristically generated, and may not be correct
2025-06-23T19:00:22.9696406Z   find_package(SoundTouch CONFIG REQUIRED)
2025-06-23T19:00:22.9697163Z   target_link_libraries(main PRIVATE SoundTouch::SoundTouch)
2025-06-23T19:00:22.9697471Z 
2025-06-23T19:00:22.9697664Z soundtouch provides pkg-config modules:
2025-06-23T19:00:22.9697898Z 
2025-06-23T19:00:22.9698715Z   # SoundTouch is an open-source audio processing library for changing the Tempo, Pitch and Playback Rates of audio streams or files
2025-06-23T19:00:22.9699634Z   soundtouch
2025-06-23T19:00:22.9699783Z 
2025-06-23T19:00:22.9700133Z All requested installations completed successfully in: 44 s
2025-06-23T19:00:22.9802549Z Finished vcpkg install command.
2025-06-23T19:00:23.0082513Z Verifying existence of target CMAKE_PREFIX_PATH: D:\a\synthizer3d\synthizer3d\vcpkg_installed\x86-windows
2025-06-23T19:00:23.0115695Z Confermato: La directory target per CMAKE_PREFIX_PATH esiste: D:\a\synthizer3d\synthizer3d\vcpkg_installed\x86-windows
2025-06-23T19:00:23.0287153Z CMAKE_PREFIX_PATH impostato a D:\a\synthizer3d\synthizer3d\vcpkg_installed\x86-windows
2025-06-23T19:00:23.0689006Z ##[group]Run python -m pip install --upgrade pip
2025-06-23T19:00:23.0689425Z [36;1mpython -m pip install --upgrade pip[0m
2025-06-23T19:00:23.0689913Z [36;1mpip install ninja cmake wheel tomli setuptools packaging distro scikit-build cython build delvewheel[0m
2025-06-23T19:00:23.0721108Z shell: C:\Program Files\PowerShell\7\pwsh.EXE -command ". '{0}'"
2025-06-23T19:00:23.0721415Z env:
2025-06-23T19:00:23.0721575Z   PYVERSION: 3.9
2025-06-23T19:00:23.0721739Z   CI_ARCH_LOWER: x86
2025-06-23T19:00:23.0721906Z   CI_WINDOWS: 1
2025-06-23T19:00:23.0722065Z   CI_ARCH_ENV: x86
2025-06-23T19:00:23.0722239Z   VCPKG_DEFAULT_TRIPLET: x86-windows
2025-06-23T19:00:23.0722584Z   EFFECTIVE_VCPKG_INSTALLED_DIR_BASE: D:\a\synthizer3d\synthizer3d\vcpkg_installed
2025-06-23T19:00:23.0723018Z   pythonLocation: C:\hostedtoolcache\windows\Python\3.9.13\x86
2025-06-23T19:00:23.0723411Z   PKG_CONFIG_PATH: C:\hostedtoolcache\windows\Python\3.9.13\x86/lib/pkgconfig
2025-06-23T19:00:23.0723837Z   Python_ROOT_DIR: C:\hostedtoolcache\windows\Python\3.9.13\x86
2025-06-23T19:00:23.0724211Z   Python2_ROOT_DIR: C:\hostedtoolcache\windows\Python\3.9.13\x86
2025-06-23T19:00:23.0724590Z   Python3_ROOT_DIR: C:\hostedtoolcache\windows\Python\3.9.13\x86
2025-06-23T19:00:23.0724882Z   CommandPromptType: Native
2025-06-23T19:00:23.0725200Z   DevEnvDir: C:\Program Files\Microsoft Visual Studio\2022\Enterprise\Common7\IDE\
2025-06-23T19:00:23.0725664Z   ExtensionSdkDir: C:\Program Files (x86)\Microsoft SDKs\Windows Kits\10\ExtensionSDKs
2025-06-23T19:00:23.0727659Z   EXTERNAL_INCLUDE: C:\Program Files\Microsoft Visual Studio\2022\Enterprise\VC\Tools\MSVC\14.43.34808\include;C:\Program Files\Microsoft Visual Studio\2022\Enterprise\VC\Tools\MSVC\14.43.34808\ATLMFC\include;C:\Program Files\Microsoft Visual Studio\2022\Enterprise\VC\Auxiliary\VS\include;C:\Program Files (x86)\Windows Kits\10\include\10.0.26100.0\ucrt;C:\Program Files (x86)\Windows Kits\10\\include\10.0.26100.0\\um;C:\Program Files (x86)\Windows Kits\10\\include\10.0.26100.0\\shared;C:\Program Files (x86)\Windows Kits\10\\include\10.0.26100.0\\winrt;C:\Program Files (x86)\Windows Kits\10\\include\10.0.26100.0\\cppwinrt;C:\Program Files (x86)\Windows Kits\NETFXSDK\4.8\include\um
2025-06-23T19:00:23.0729539Z   Framework40Version: v4.0
2025-06-23T19:00:23.0729766Z   FrameworkDir: C:\Windows\Microsoft.NET\Framework\
2025-06-23T19:00:23.0730068Z   FrameworkDir32: C:\Windows\Microsoft.NET\Framework\
2025-06-23T19:00:23.0730339Z   FrameworkVersion: v4.0.30319
2025-06-23T19:00:23.0730540Z   FrameworkVersion32: v4.0.30319
2025-06-23T19:00:23.0731014Z   FSHARPINSTALLDIR: C:\Program Files\Microsoft Visual Studio\2022\Enterprise\Common7\IDE\CommonExtensions\Microsoft\FSharp\Tools
2025-06-23T19:00:23.0731545Z   HTMLHelpDir: C:\Program Files (x86)\HTML Help Workshop
2025-06-23T19:00:23.0731971Z   IFCPATH: C:\Program Files\Microsoft Visual Studio\2022\Enterprise\VC\Tools\MSVC\14.43.34808\ifc\x86
2025-06-23T19:00:23.0733994Z   INCLUDE: C:\Program Files\Microsoft Visual Studio\2022\Enterprise\VC\Tools\MSVC\14.43.34808\include;C:\Program Files\Microsoft Visual Studio\2022\Enterprise\VC\Tools\MSVC\14.43.34808\ATLMFC\include;C:\Program Files\Microsoft Visual Studio\2022\Enterprise\VC\Auxiliary\VS\include;C:\Program Files (x86)\Windows Kits\10\include\10.0.26100.0\ucrt;C:\Program Files (x86)\Windows Kits\10\\include\10.0.26100.0\\um;C:\Program Files (x86)\Windows Kits\10\\include\10.0.26100.0\\shared;C:\Program Files (x86)\Windows Kits\10\\include\10.0.26100.0\\winrt;C:\Program Files (x86)\Windows Kits\10\\include\10.0.26100.0\\cppwinrt;C:\Program Files (x86)\Windows Kits\NETFXSDK\4.8\include\um
2025-06-23T19:00:23.0738633Z   LIB: C:\Program Files\Microsoft Visual Studio\2022\Enterprise\VC\Tools\MSVC\14.43.34808\ATLMFC\lib\x86;C:\Program Files\Microsoft Visual Studio\2022\Enterprise\VC\Tools\MSVC\14.43.34808\lib\x86;C:\Program Files (x86)\Windows Kits\NETFXSDK\4.8\lib\um\x86;C:\Program Files (x86)\Windows Kits\10\lib\10.0.26100.0\ucrt\x86;C:\Program Files (x86)\Windows Kits\10\\lib\10.0.26100.0\\um\x86
2025-06-23T19:00:23.0741056Z   LIBPATH: C:\Program Files\Microsoft Visual Studio\2022\Enterprise\VC\Tools\MSVC\14.43.34808\ATLMFC\lib\x86;C:\Program Files\Microsoft Visual Studio\2022\Enterprise\VC\Tools\MSVC\14.43.34808\lib\x86;C:\Program Files\Microsoft Visual Studio\2022\Enterprise\VC\Tools\MSVC\14.43.34808\lib\x86\store\references;C:\Program Files (x86)\Windows Kits\10\UnionMetadata\10.0.26100.0;C:\Program Files (x86)\Windows Kits\10\References\10.0.26100.0;C:\Windows\Microsoft.NET\Framework\v4.0.30319
2025-06-23T19:00:23.0742788Z   NETFXSDKDir: C:\Program Files (x86)\Windows Kits\NETFXSDK\4.8\
2025-06-23T19:00:23.0757828Z   Path: C:\Program Files\Microsoft Visual Studio\2022\Enterprise\VC\Tools\MSVC\14.43.34808\bin\HostX86\x86;C:\Program Files\Microsoft Visual Studio\2022\Enterprise\Common7\IDE\VC\VCPackages;C:\Program Files\Microsoft Visual Studio\2022\Enterprise\Common7\IDE\CommonExtensions\Microsoft\TestWindow;C:\Program Files\Microsoft Visual Studio\2022\Enterprise\Common7\IDE\CommonExtensions\Microsoft\TeamFoundation\Team Explorer;C:\Program Files\Microsoft Visual Studio\2022\Enterprise\MSBuild\Current\bin\Roslyn;C:\Program Files (x86)\Microsoft SDKs\Windows\v10.0A\bin\NETFX 4.8 Tools\;C:\Program Files (x86)\HTML Help Workshop;C:\Program Files\Microsoft Visual Studio\2022\Enterprise\Common7\IDE\CommonExtensions\Microsoft\FSharp\Tools;C:\Program Files\Microsoft Visual Studio\2022\Enterprise\Team Tools\DiagnosticsHub\Collector;C:\Program Files\Microsoft Visual Studio\2022\Enterprise\Common7\IDE\Extensions\Microsoft\CodeCoverage.Console;C:\Program Files (x86)\Windows Kits\10\bin\10.0.26100.0\\x86;C:\Program Files (x86)\Windows Kits\10\bin\\x86;C:\Program Files\Microsoft Visual Studio\2022\Enterprise\\MSBuild\Current\Bin\amd64;C:\Windows\Microsoft.NET\Framework\v4.0.30319;C:\Program Files\Microsoft Visual Studio\2022\Enterprise\Common7\IDE\;C:\Program Files\Microsoft Visual Studio\2022\Enterprise\Common7\Tools\;C:\Users\runneradmin\AppData\Roaming\Python\Python39\Scripts;C:\hostedtoolcache\windows\Python\3.9.13\x86\Scripts;C:\hostedtoolcache\windows\Python\3.9.13\x86;C:\Program Files\MongoDB\Server\5.0\bin;C:\aliyun-cli;C:\vcpkg;C:\Program Files (x86)\NSIS\;C:\tools\zstd;C:\Program Files\Mercurial\;C:\hostedtoolcache\windows\stack\3.5.1\x64;C:\cabal\bin;C:\\ghcup\bin;C:\mingw64\bin;C:\Program Files\dotnet;C:\Program Files\MySQL\MySQL Server 8.0\bin;C:\Program Files\R\R-4.4.2\bin\x64;C:\SeleniumWebDrivers\GeckoDriver;C:\SeleniumWebDrivers\EdgeDriver\;C:\SeleniumWebDrivers\ChromeDriver;C:\Program Files (x86)\sbt\bin;C:\Program Files (x86)\GitHub CLI;C:\Program Files\Git\bin;C:\Program Files (x86)\pipx_bin;C:\npm\prefix;C:\hostedtoolcache\windows\go\1.24.3\x64\bin;C:\hostedtoolcache\windows\Python\3.9.13\x64\Scripts;C:\hostedtoolcache\windows\Python\3.9.13\x64;C:\hostedtoolcache\windows\Ruby\3.3.8\x64\bin;C:\Program Files\OpenSSL\bin;C:\tools\kotlinc\bin;C:\hostedtoolcache\windows\Java_Temurin-Hotspot_jdk\8.0.452-9\x64\bin;C:\Program Files\ImageMagick-7.1.1-Q16-HDRI;C:\Program Files\Microsoft SDKs\Azure\CLI2\wbin;C:\ProgramData\kind;C:\ProgramData\Chocolatey\bin;C:\Windows\system32;C:\Windows;C:\Windows\System32\Wbem;C:\Windows\System32\WindowsPowerShell\v1.0\;C:\Windows\System32\OpenSSH\;C:\Program Files\dotnet\;C:\Program Files\PowerShell\7\;C:\Program Files\Microsoft\Web Platform Installer\;C:\Program Files\TortoiseSVN\bin;C:\Program Files\Microsoft SQL Server\Client SDK\ODBC\170\Tools\Binn\;C:\Program Files\Microsoft SQL Server\150\Tools\Binn\;C:\Program Files (x86)\Windows Kits\10\Windows Performance Toolkit\;C:\Program Files (x86)\WiX Toolset v3.14\bin;C:\Program Files\Microsoft SQL Server\130\DTS\Binn\;C:\Program Files\Microsoft SQL Server\140\DTS\Binn\;C:\Program Files\Microsoft SQL Server\150\DTS\Binn\;C:\Program Files\Microsoft SQL Server\160\DTS\Binn\;C:\Strawberry\c\bin;C:\Strawberry\perl\site\bin;C:\Strawberry\perl\bin;C:\ProgramData\chocolatey\lib\pulumi\tools\Pulumi\bin;C:\Program Files\CMake\bin;C:\ProgramData\chocolatey\lib\maven\apache-maven-3.9.9\bin;C:\Program Files\Microsoft Service Fabric\bin\Fabric\Fabric.Code;C:\Program Files\Microsoft SDKs\Service Fabric\Tools\ServiceFabricLocalClusterManager;C:\Program Files\nodejs\;C:\Program Files\Git\cmd;C:\Program Files\Git\mingw64\bin;C:\Program Files\Git\usr\bin;C:\Program Files\GitHub CLI\;c:\tools\php;C:\Program Files\Amazon\AWSCLIV2\;C:\Program Files\Amazon\SessionManagerPlugin\bin\;C:\Program Files\Amazon\AWSSAMCLI\bin\;C:\Program Files\Microsoft SQL Server\130\Tools\Binn\;C:\Program Files\LLVM\bin;C:\Users\runneradmin\.dotnet\tools;C:\Users\runneradmin\.cargo\bin;C:\Users\runneradmin\AppData\Local\Microsoft\WindowsApps;C:\Program Files (x86)\Microsoft Visual Studio\Installer;C:\Program Files\Microsoft Visual Studio\2022\Enterprise\VC\Tools\Llvm\bin;C:\Program Files\Microsoft Visual Studio\2022\Enterprise\Common7\IDE\CommonExtensions\Microsoft\CMake\CMake\bin;C:\Program Files\Microsoft Visual Studio\2022\Enterprise\Common7\IDE\CommonExtensions\Microsoft\CMake\Ninja;C:\Program Files\Microsoft Visual Studio\2022\Enterprise\Common7\IDE\VC\Linux\bin\ConnectionManagerExe;C:\Program Files\Microsoft Visual Studio\2022\Enterprise\VC\vcpkg
2025-06-23T19:00:23.0771383Z   Platform: x86
2025-06-23T19:00:23.0771564Z   UCRTVersion: 10.0.26100.0
2025-06-23T19:00:23.0771831Z   UniversalCRTSdkDir: C:\Program Files (x86)\Windows Kits\10\
2025-06-23T19:00:23.0772274Z   VCIDEInstallDir: C:\Program Files\Microsoft Visual Studio\2022\Enterprise\Common7\IDE\VC\
2025-06-23T19:00:23.0772744Z   VCINSTALLDIR: C:\Program Files\Microsoft Visual Studio\2022\Enterprise\VC\
2025-06-23T19:00:23.0773092Z   VCPKG_ROOT: D:\a\synthizer3d\synthizer3d\vcpkg
2025-06-23T19:00:23.0773515Z   VCToolsInstallDir: C:\Program Files\Microsoft Visual Studio\2022\Enterprise\VC\Tools\MSVC\14.43.34808\
2025-06-23T19:00:23.0774095Z   VCToolsRedistDir: C:\Program Files\Microsoft Visual Studio\2022\Enterprise\VC\Redist\MSVC\14.42.34433\
2025-06-23T19:00:23.0774505Z   VCToolsVersion: 14.43.34808
2025-06-23T19:00:23.0774705Z   VisualStudioVersion: 17.0
2025-06-23T19:00:23.0775047Z   VS170COMNTOOLS: C:\Program Files\Microsoft Visual Studio\2022\Enterprise\Common7\Tools\
2025-06-23T19:00:23.0775425Z   VSCMD_ARG_app_plat: Desktop
2025-06-23T19:00:23.0775625Z   VSCMD_ARG_HOST_ARCH: x86
2025-06-23T19:00:23.0775805Z   VSCMD_ARG_TGT_ARCH: x86
2025-06-23T19:00:23.0775983Z   VSCMD_VER: 17.13.2
2025-06-23T19:00:23.0776259Z   VSINSTALLDIR: C:\Program Files\Microsoft Visual Studio\2022\Enterprise\
2025-06-23T19:00:23.0776683Z   VSSDK150INSTALL: C:\Program Files\Microsoft Visual Studio\2022\Enterprise\VSSDK
2025-06-23T19:00:23.0777124Z   VSSDKINSTALL: C:\Program Files\Microsoft Visual Studio\2022\Enterprise\VSSDK
2025-06-23T19:00:23.0777727Z   WindowsLibPath: C:\Program Files (x86)\Windows Kits\10\UnionMetadata\10.0.26100.0;C:\Program Files (x86)\Windows Kits\10\References\10.0.26100.0
2025-06-23T19:00:23.0778294Z   WindowsSdkBinPath: C:\Program Files (x86)\Windows Kits\10\bin\
2025-06-23T19:00:23.0778642Z   WindowsSdkDir: C:\Program Files (x86)\Windows Kits\10\
2025-06-23T19:00:23.0778916Z   WindowsSDKLibVersion: 10.0.26100.0\
2025-06-23T19:00:23.0779367Z   WindowsSdkVerBinPath: C:\Program Files (x86)\Windows Kits\10\bin\10.0.26100.0\
2025-06-23T19:00:23.0779706Z   WindowsSDKVersion: 10.0.26100.0\
2025-06-23T19:00:23.0780102Z   WindowsSDK_ExecutablePath_x64: C:\Program Files (x86)\Microsoft SDKs\Windows\v10.0A\bin\NETFX 4.8 Tools\x64\
2025-06-23T19:00:23.0780693Z   WindowsSDK_ExecutablePath_x86: C:\Program Files (x86)\Microsoft SDKs\Windows\v10.0A\bin\NETFX 4.8 Tools\
2025-06-23T19:00:23.0781087Z   __DOTNET_ADD_32BIT: 1
2025-06-23T19:00:23.0781268Z   __DOTNET_PREFERRED_BITNESS: 32
2025-06-23T19:00:23.0789192Z   __VSCMD_PREINIT_PATH: C:\Users\runneradmin\AppData\Roaming\Python\Python39\Scripts;C:\hostedtoolcache\windows\Python\3.9.13\x86\Scripts;C:\hostedtoolcache\windows\Python\3.9.13\x86;C:\Program Files\MongoDB\Server\5.0\bin;C:\aliyun-cli;C:\vcpkg;C:\Program Files (x86)\NSIS\;C:\tools\zstd;C:\Program Files\Mercurial\;C:\hostedtoolcache\windows\stack\3.5.1\x64;C:\cabal\bin;C:\\ghcup\bin;C:\mingw64\bin;C:\Program Files\dotnet;C:\Program Files\MySQL\MySQL Server 8.0\bin;C:\Program Files\R\R-4.4.2\bin\x64;C:\SeleniumWebDrivers\GeckoDriver;C:\SeleniumWebDrivers\EdgeDriver\;C:\SeleniumWebDrivers\ChromeDriver;C:\Program Files (x86)\sbt\bin;C:\Program Files (x86)\GitHub CLI;C:\Program Files\Git\bin;C:\Program Files (x86)\pipx_bin;C:\npm\prefix;C:\hostedtoolcache\windows\go\1.24.3\x64\bin;C:\hostedtoolcache\windows\Python\3.9.13\x64\Scripts;C:\hostedtoolcache\windows\Python\3.9.13\x64;C:\hostedtoolcache\windows\Ruby\3.3.8\x64\bin;C:\Program Files\OpenSSL\bin;C:\tools\kotlinc\bin;C:\hostedtoolcache\windows\Java_Temurin-Hotspot_jdk\8.0.452-9\x64\bin;C:\Program Files\ImageMagick-7.1.1-Q16-HDRI;C:\Program Files\Microsoft SDKs\Azure\CLI2\wbin;C:\ProgramData\kind;C:\ProgramData\Chocolatey\bin;C:\Windows\system32;C:\Windows;C:\Windows\System32\Wbem;C:\Windows\System32\WindowsPowerShell\v1.0\;C:\Windows\System32\OpenSSH\;C:\Program Files\dotnet\;C:\Program Files\PowerShell\7\;C:\Program Files\Microsoft\Web Platform Installer\;C:\Program Files\TortoiseSVN\bin;C:\Program Files\Microsoft SQL Server\Client SDK\ODBC\170\Tools\Binn\;C:\Program Files\Microsoft SQL Server\150\Tools\Binn\;C:\Program Files (x86)\Windows Kits\10\Windows Performance Toolkit\;C:\Program Files (x86)\WiX Toolset v3.14\bin;C:\Program Files\Microsoft SQL Server\130\DTS\Binn\;C:\Program Files\Microsoft SQL Server\140\DTS\Binn\;C:\Program Files\Microsoft SQL Server\150\DTS\Binn\;C:\Program Files\Microsoft SQL Server\160\DTS\Binn\;C:\Strawberry\c\bin;C:\Strawberry\perl\site\bin;C:\Strawberry\perl\bin;C:\ProgramData\chocolatey\lib\pulumi\tools\Pulumi\bin;C:\Program Files\CMake\bin;C:\ProgramData\chocolatey\lib\maven\apache-maven-3.9.9\bin;C:\Program Files\Microsoft Service Fabric\bin\Fabric\Fabric.Code;C:\Program Files\Microsoft SDKs\Service Fabric\Tools\ServiceFabricLocalClusterManager;C:\Program Files\nodejs\;C:\Program Files\Git\cmd;C:\Program Files\Git\mingw64\bin;C:\Program Files\Git\usr\bin;C:\Program Files\GitHub CLI\;c:\tools\php;C:\Program Files (x86)\sbt\bin;C:\Program Files\Amazon\AWSCLIV2\;C:\Program Files\Amazon\SessionManagerPlugin\bin\;C:\Program Files\Amazon\AWSSAMCLI\bin\;C:\Program Files\Microsoft SQL Server\130\Tools\Binn\;C:\Program Files\LLVM\bin;C:\Users\runneradmin\.dotnet\tools;C:\Users\runneradmin\.cargo\bin;C:\Users\runneradmin\AppData\Local\Microsoft\WindowsApps;C:\Program Files (x86)\Microsoft Visual Studio\Installer
2025-06-23T19:00:23.0797388Z   VCPKG_DEFAULT_BINARY_CACHE: D:/a/synthizer3d/synthizer3d/969f6665-88a2-4c98-938e-ca9259871fec/vcpkg_cache
2025-06-23T19:00:23.0797839Z   VCPKG_BINARY_SOURCES: clear;x-gha,readwrite
2025-06-23T19:00:23.0798405Z   ACTIONS_CACHE_URL: https://acghubeus2.actions.githubusercontent.com/bwbzopuV3oKlbowlUKWdOnf6KF0vjv7EYqCB3ZHqukKhTVgy74/
2025-06-23T19:00:23.0871516Z   ACTIONS_RUNTIME_TOKEN: ***
2025-06-23T19:00:23.0872031Z   RUNVCPKG_VCPKG_ROOT: D:\a\synthizer3d\synthizer3d\vcpkg
2025-06-23T19:00:23.0872754Z   CMAKE_PREFIX_PATH: D:\a\synthizer3d\synthizer3d\vcpkg_installed\x86-windows
2025-06-23T19:00:23.0873541Z ##[endgroup]
2025-06-23T19:00:24.2626907Z Requirement already satisfied: pip in c:\hostedtoolcache\windows\python\3.9.13\x86\lib\site-packages (25.1.1)
2025-06-23T19:00:25.4399848Z Collecting ninja
2025-06-23T19:00:25.4433539Z   Using cached ninja-1.11.1.4-py3-none-win32.whl.metadata (5.0 kB)
2025-06-23T19:00:25.6255610Z Collecting cmake
2025-06-23T19:00:25.6291218Z   Using cached cmake-4.0.3-py3-none-win32.whl.metadata (6.3 kB)
2025-06-23T19:00:25.6686728Z Collecting wheel
2025-06-23T19:00:25.6720536Z   Using cached wheel-0.45.1-py3-none-any.whl.metadata (2.3 kB)
2025-06-23T19:00:25.7040626Z Collecting tomli
2025-06-23T19:00:25.7073610Z   Using cached tomli-2.2.1-py3-none-any.whl.metadata (10 kB)
2025-06-23T19:00:25.7094657Z Requirement already satisfied: setuptools in c:\hostedtoolcache\windows\python\3.9.13\x86\lib\site-packages (58.1.0)
2025-06-23T19:00:25.7404144Z Collecting packaging
2025-06-23T19:00:25.7437766Z   Using cached packaging-25.0-py3-none-any.whl.metadata (3.3 kB)
2025-06-23T19:00:25.7723956Z Collecting distro
2025-06-23T19:00:25.7757526Z   Using cached distro-1.9.0-py3-none-any.whl.metadata (6.8 kB)
2025-06-23T19:00:25.8099728Z Collecting scikit-build
2025-06-23T19:00:25.8133008Z   Using cached scikit_build-0.18.1-py3-none-any.whl.metadata (18 kB)
2025-06-23T19:00:26.1389444Z Collecting cython
2025-06-23T19:00:26.1424984Z   Using cached cython-3.1.2-cp39-cp39-win32.whl.metadata (6.0 kB)
2025-06-23T19:00:26.1887053Z Collecting build
2025-06-23T19:00:26.1920031Z   Using cached build-1.2.2.post1-py3-none-any.whl.metadata (6.5 kB)
2025-06-23T19:00:26.2445931Z Collecting delvewheel
2025-06-23T19:00:26.2479177Z   Using cached delvewheel-1.10.1-py3-none-any.whl.metadata (17 kB)
2025-06-23T19:00:26.2922849Z Collecting pyproject_hooks (from build)
2025-06-23T19:00:26.2955254Z   Using cached pyproject_hooks-1.2.0-py3-none-any.whl.metadata (1.3 kB)
2025-06-23T19:00:26.3255348Z Collecting colorama (from build)
2025-06-23T19:00:26.3287967Z   Using cached colorama-0.4.6-py2.py3-none-any.whl.metadata (17 kB)
2025-06-23T19:00:26.3803984Z Collecting importlib-metadata>=4.6 (from build)
2025-06-23T19:00:26.3849805Z   Using cached importlib_metadata-8.7.0-py3-none-any.whl.metadata (4.8 kB)
2025-06-23T19:00:26.4175061Z Collecting pefile>=2024.8.26 (from delvewheel)
2025-06-23T19:00:26.4207648Z   Using cached pefile-2024.8.26-py3-none-any.whl.metadata (1.4 kB)
2025-06-23T19:00:26.4562058Z Collecting zipp>=3.20 (from importlib-metadata>=4.6->build)
2025-06-23T19:00:26.4594950Z   Using cached zipp-3.23.0-py3-none-any.whl.metadata (3.6 kB)
2025-06-23T19:00:26.4728574Z Using cached ninja-1.11.1.4-py3-none-win32.whl (255 kB)
2025-06-23T19:00:26.4761270Z Using cached cmake-4.0.3-py3-none-win32.whl (33.7 MB)
2025-06-23T19:00:26.4970869Z Using cached wheel-0.45.1-py3-none-any.whl (72 kB)
2025-06-23T19:00:26.5003058Z Using cached tomli-2.2.1-py3-none-any.whl (14 kB)
2025-06-23T19:00:26.5035181Z Using cached packaging-25.0-py3-none-any.whl (66 kB)
2025-06-23T19:00:26.5067514Z Using cached distro-1.9.0-py3-none-any.whl (20 kB)
2025-06-23T19:00:26.5100131Z Using cached scikit_build-0.18.1-py3-none-any.whl (85 kB)
2025-06-23T19:00:26.5132716Z Using cached cython-3.1.2-cp39-cp39-win32.whl (2.5 MB)
2025-06-23T19:00:26.5177036Z Using cached build-1.2.2.post1-py3-none-any.whl (22 kB)
2025-06-23T19:00:26.5209380Z Using cached delvewheel-1.10.1-py3-none-any.whl (58 kB)
2025-06-23T19:00:26.5241907Z Using cached importlib_metadata-8.7.0-py3-none-any.whl (27 kB)
2025-06-23T19:00:26.5274478Z Using cached pefile-2024.8.26-py3-none-any.whl (74 kB)
2025-06-23T19:00:26.5306969Z Using cached zipp-3.23.0-py3-none-any.whl (10 kB)
2025-06-23T19:00:26.5339233Z Using cached colorama-0.4.6-py2.py3-none-any.whl (25 kB)
2025-06-23T19:00:26.5371693Z Using cached pyproject_hooks-1.2.0-py3-none-any.whl (10 kB)
2025-06-23T19:00:27.0357303Z Installing collected packages: zipp, wheel, tomli, pyproject_hooks, pefile, packaging, ninja, distro, cython, colorama, cmake, scikit-build, importlib-metadata, delvewheel, build
2025-06-23T19:00:37.9280688Z 
2025-06-23T19:00:37.9358523Z Successfully installed build-1.2.2.post1 cmake-4.0.3 colorama-0.4.6 cython-3.1.2 delvewheel-1.10.1 distro-1.9.0 importlib-metadata-8.7.0 ninja-1.11.1.4 packaging-25.0 pefile-2024.8.26 pyproject_hooks-1.2.0 scikit-build-0.18.1 tomli-2.2.1 wheel-0.45.1 zipp-3.23.0
2025-06-23T19:00:38.0961800Z ##[group]Run Set-Location $Env:GITHUB_WORKSPACE
2025-06-23T19:00:38.0962199Z [36;1mSet-Location $Env:GITHUB_WORKSPACE[0m
2025-06-23T19:00:38.0962453Z [36;1mWrite-Host "Arch: x86"[0m
2025-06-23T19:00:38.0962807Z [36;1mWrite-Host "Current CMAKE_PREFIX_PATH for build is: $env:CMAKE_PREFIX_PATH"[0m
2025-06-23T19:00:38.0963387Z [36;1mWrite-Host "EFFECTIVE_VCPKG_INSTALLED_DIR_BASE for build is: $env:EFFECTIVE_VCPKG_INSTALLED_DIR_BASE"[0m
2025-06-23T19:00:38.0964081Z [36;1mWrite-Host "Synthizer expects vcpkg path (for debug/verification): $env:SYNTHIZER_EXPECTED_VCPKG_PATH_FOR_DEBUG"[0m
2025-06-23T19:00:38.0964597Z [36;1mpython -m build --wheel --no-isolation[0m
2025-06-23T19:00:38.0994736Z shell: C:\Windows\System32\WindowsPowerShell\v1.0\powershell.EXE -command ". '{0}'"
2025-06-23T19:00:38.0995107Z env:
2025-06-23T19:00:38.0995253Z   PYVERSION: 3.9
2025-06-23T19:00:38.0995418Z   CI_ARCH_LOWER: x86
2025-06-23T19:00:38.0995582Z   CI_WINDOWS: 1
2025-06-23T19:00:38.0995808Z   CI_ARCH_ENV: x86
2025-06-23T19:00:38.0995988Z   VCPKG_DEFAULT_TRIPLET: x86-windows
2025-06-23T19:00:38.0996338Z   EFFECTIVE_VCPKG_INSTALLED_DIR_BASE: D:\a\synthizer3d\synthizer3d\vcpkg_installed
2025-06-23T19:00:38.0996756Z   pythonLocation: C:\hostedtoolcache\windows\Python\3.9.13\x86
2025-06-23T19:00:38.0997151Z   PKG_CONFIG_PATH: C:\hostedtoolcache\windows\Python\3.9.13\x86/lib/pkgconfig
2025-06-23T19:00:38.0997543Z   Python_ROOT_DIR: C:\hostedtoolcache\windows\Python\3.9.13\x86
2025-06-23T19:00:38.0997889Z   Python2_ROOT_DIR: C:\hostedtoolcache\windows\Python\3.9.13\x86
2025-06-23T19:00:38.0998233Z   Python3_ROOT_DIR: C:\hostedtoolcache\windows\Python\3.9.13\x86
2025-06-23T19:00:38.0998517Z   CommandPromptType: Native
2025-06-23T19:00:38.0998833Z   DevEnvDir: C:\Program Files\Microsoft Visual Studio\2022\Enterprise\Common7\IDE\
2025-06-23T19:00:38.0999294Z   ExtensionSdkDir: C:\Program Files (x86)\Microsoft SDKs\Windows Kits\10\ExtensionSDKs
2025-06-23T19:00:38.1001301Z   EXTERNAL_INCLUDE: C:\Program Files\Microsoft Visual Studio\2022\Enterprise\VC\Tools\MSVC\14.43.34808\include;C:\Program Files\Microsoft Visual Studio\2022\Enterprise\VC\Tools\MSVC\14.43.34808\ATLMFC\include;C:\Program Files\Microsoft Visual Studio\2022\Enterprise\VC\Auxiliary\VS\include;C:\Program Files (x86)\Windows Kits\10\include\10.0.26100.0\ucrt;C:\Program Files (x86)\Windows Kits\10\\include\10.0.26100.0\\um;C:\Program Files (x86)\Windows Kits\10\\include\10.0.26100.0\\shared;C:\Program Files (x86)\Windows Kits\10\\include\10.0.26100.0\\winrt;C:\Program Files (x86)\Windows Kits\10\\include\10.0.26100.0\\cppwinrt;C:\Program Files (x86)\Windows Kits\NETFXSDK\4.8\include\um
2025-06-23T19:00:38.1003169Z   Framework40Version: v4.0
2025-06-23T19:00:38.1003399Z   FrameworkDir: C:\Windows\Microsoft.NET\Framework\
2025-06-23T19:00:38.1003696Z   FrameworkDir32: C:\Windows\Microsoft.NET\Framework\
2025-06-23T19:00:38.1003959Z   FrameworkVersion: v4.0.30319
2025-06-23T19:00:38.1004166Z   FrameworkVersion32: v4.0.30319
2025-06-23T19:00:38.1004647Z   FSHARPINSTALLDIR: C:\Program Files\Microsoft Visual Studio\2022\Enterprise\Common7\IDE\CommonExtensions\Microsoft\FSharp\Tools
2025-06-23T19:00:38.1005190Z   HTMLHelpDir: C:\Program Files (x86)\HTML Help Workshop
2025-06-23T19:00:38.1005625Z   IFCPATH: C:\Program Files\Microsoft Visual Studio\2022\Enterprise\VC\Tools\MSVC\14.43.34808\ifc\x86
2025-06-23T19:00:38.1009442Z   INCLUDE: C:\Program Files\Microsoft Visual Studio\2022\Enterprise\VC\Tools\MSVC\14.43.34808\include;C:\Program Files\Microsoft Visual Studio\2022\Enterprise\VC\Tools\MSVC\14.43.34808\ATLMFC\include;C:\Program Files\Microsoft Visual Studio\2022\Enterprise\VC\Auxiliary\VS\include;C:\Program Files (x86)\Windows Kits\10\include\10.0.26100.0\ucrt;C:\Program Files (x86)\Windows Kits\10\\include\10.0.26100.0\\um;C:\Program Files (x86)\Windows Kits\10\\include\10.0.26100.0\\shared;C:\Program Files (x86)\Windows Kits\10\\include\10.0.26100.0\\winrt;C:\Program Files (x86)\Windows Kits\10\\include\10.0.26100.0\\cppwinrt;C:\Program Files (x86)\Windows Kits\NETFXSDK\4.8\include\um
2025-06-23T19:00:38.1012403Z   LIB: C:\Program Files\Microsoft Visual Studio\2022\Enterprise\VC\Tools\MSVC\14.43.34808\ATLMFC\lib\x86;C:\Program Files\Microsoft Visual Studio\2022\Enterprise\VC\Tools\MSVC\14.43.34808\lib\x86;C:\Program Files (x86)\Windows Kits\NETFXSDK\4.8\lib\um\x86;C:\Program Files (x86)\Windows Kits\10\lib\10.0.26100.0\ucrt\x86;C:\Program Files (x86)\Windows Kits\10\\lib\10.0.26100.0\\um\x86
2025-06-23T19:00:38.1014639Z   LIBPATH: C:\Program Files\Microsoft Visual Studio\2022\Enterprise\VC\Tools\MSVC\14.43.34808\ATLMFC\lib\x86;C:\Program Files\Microsoft Visual Studio\2022\Enterprise\VC\Tools\MSVC\14.43.34808\lib\x86;C:\Program Files\Microsoft Visual Studio\2022\Enterprise\VC\Tools\MSVC\14.43.34808\lib\x86\store\references;C:\Program Files (x86)\Windows Kits\10\UnionMetadata\10.0.26100.0;C:\Program Files (x86)\Windows Kits\10\References\10.0.26100.0;C:\Windows\Microsoft.NET\Framework\v4.0.30319
2025-06-23T19:00:38.1016092Z   NETFXSDKDir: C:\Program Files (x86)\Windows Kits\NETFXSDK\4.8\
2025-06-23T19:00:38.1029450Z   Path: C:\Program Files\Microsoft Visual Studio\2022\Enterprise\VC\Tools\MSVC\14.43.34808\bin\HostX86\x86;C:\Program Files\Microsoft Visual Studio\2022\Enterprise\Common7\IDE\VC\VCPackages;C:\Program Files\Microsoft Visual Studio\2022\Enterprise\Common7\IDE\CommonExtensions\Microsoft\TestWindow;C:\Program Files\Microsoft Visual Studio\2022\Enterprise\Common7\IDE\CommonExtensions\Microsoft\TeamFoundation\Team Explorer;C:\Program Files\Microsoft Visual Studio\2022\Enterprise\MSBuild\Current\bin\Roslyn;C:\Program Files (x86)\Microsoft SDKs\Windows\v10.0A\bin\NETFX 4.8 Tools\;C:\Program Files (x86)\HTML Help Workshop;C:\Program Files\Microsoft Visual Studio\2022\Enterprise\Common7\IDE\CommonExtensions\Microsoft\FSharp\Tools;C:\Program Files\Microsoft Visual Studio\2022\Enterprise\Team Tools\DiagnosticsHub\Collector;C:\Program Files\Microsoft Visual Studio\2022\Enterprise\Common7\IDE\Extensions\Microsoft\CodeCoverage.Console;C:\Program Files (x86)\Windows Kits\10\bin\10.0.26100.0\\x86;C:\Program Files (x86)\Windows Kits\10\bin\\x86;C:\Program Files\Microsoft Visual Studio\2022\Enterprise\\MSBuild\Current\Bin\amd64;C:\Windows\Microsoft.NET\Framework\v4.0.30319;C:\Program Files\Microsoft Visual Studio\2022\Enterprise\Common7\IDE\;C:\Program Files\Microsoft Visual Studio\2022\Enterprise\Common7\Tools\;C:\Users\runneradmin\AppData\Roaming\Python\Python39\Scripts;C:\hostedtoolcache\windows\Python\3.9.13\x86\Scripts;C:\hostedtoolcache\windows\Python\3.9.13\x86;C:\Program Files\MongoDB\Server\5.0\bin;C:\aliyun-cli;C:\vcpkg;C:\Program Files (x86)\NSIS\;C:\tools\zstd;C:\Program Files\Mercurial\;C:\hostedtoolcache\windows\stack\3.5.1\x64;C:\cabal\bin;C:\\ghcup\bin;C:\mingw64\bin;C:\Program Files\dotnet;C:\Program Files\MySQL\MySQL Server 8.0\bin;C:\Program Files\R\R-4.4.2\bin\x64;C:\SeleniumWebDrivers\GeckoDriver;C:\SeleniumWebDrivers\EdgeDriver\;C:\SeleniumWebDrivers\ChromeDriver;C:\Program Files (x86)\sbt\bin;C:\Program Files (x86)\GitHub CLI;C:\Program Files\Git\bin;C:\Program Files (x86)\pipx_bin;C:\npm\prefix;C:\hostedtoolcache\windows\go\1.24.3\x64\bin;C:\hostedtoolcache\windows\Python\3.9.13\x64\Scripts;C:\hostedtoolcache\windows\Python\3.9.13\x64;C:\hostedtoolcache\windows\Ruby\3.3.8\x64\bin;C:\Program Files\OpenSSL\bin;C:\tools\kotlinc\bin;C:\hostedtoolcache\windows\Java_Temurin-Hotspot_jdk\8.0.452-9\x64\bin;C:\Program Files\ImageMagick-7.1.1-Q16-HDRI;C:\Program Files\Microsoft SDKs\Azure\CLI2\wbin;C:\ProgramData\kind;C:\ProgramData\Chocolatey\bin;C:\Windows\system32;C:\Windows;C:\Windows\System32\Wbem;C:\Windows\System32\WindowsPowerShell\v1.0\;C:\Windows\System32\OpenSSH\;C:\Program Files\dotnet\;C:\Program Files\PowerShell\7\;C:\Program Files\Microsoft\Web Platform Installer\;C:\Program Files\TortoiseSVN\bin;C:\Program Files\Microsoft SQL Server\Client SDK\ODBC\170\Tools\Binn\;C:\Program Files\Microsoft SQL Server\150\Tools\Binn\;C:\Program Files (x86)\Windows Kits\10\Windows Performance Toolkit\;C:\Program Files (x86)\WiX Toolset v3.14\bin;C:\Program Files\Microsoft SQL Server\130\DTS\Binn\;C:\Program Files\Microsoft SQL Server\140\DTS\Binn\;C:\Program Files\Microsoft SQL Server\150\DTS\Binn\;C:\Program Files\Microsoft SQL Server\160\DTS\Binn\;C:\Strawberry\c\bin;C:\Strawberry\perl\site\bin;C:\Strawberry\perl\bin;C:\ProgramData\chocolatey\lib\pulumi\tools\Pulumi\bin;C:\Program Files\CMake\bin;C:\ProgramData\chocolatey\lib\maven\apache-maven-3.9.9\bin;C:\Program Files\Microsoft Service Fabric\bin\Fabric\Fabric.Code;C:\Program Files\Microsoft SDKs\Service Fabric\Tools\ServiceFabricLocalClusterManager;C:\Program Files\nodejs\;C:\Program Files\Git\cmd;C:\Program Files\Git\mingw64\bin;C:\Program Files\Git\usr\bin;C:\Program Files\GitHub CLI\;c:\tools\php;C:\Program Files\Amazon\AWSCLIV2\;C:\Program Files\Amazon\SessionManagerPlugin\bin\;C:\Program Files\Amazon\AWSSAMCLI\bin\;C:\Program Files\Microsoft SQL Server\130\Tools\Binn\;C:\Program Files\LLVM\bin;C:\Users\runneradmin\.dotnet\tools;C:\Users\runneradmin\.cargo\bin;C:\Users\runneradmin\AppData\Local\Microsoft\WindowsApps;C:\Program Files (x86)\Microsoft Visual Studio\Installer;C:\Program Files\Microsoft Visual Studio\2022\Enterprise\VC\Tools\Llvm\bin;C:\Program Files\Microsoft Visual Studio\2022\Enterprise\Common7\IDE\CommonExtensions\Microsoft\CMake\CMake\bin;C:\Program Files\Microsoft Visual Studio\2022\Enterprise\Common7\IDE\CommonExtensions\Microsoft\CMake\Ninja;C:\Program Files\Microsoft Visual Studio\2022\Enterprise\Common7\IDE\VC\Linux\bin\ConnectionManagerExe;C:\Program Files\Microsoft Visual Studio\2022\Enterprise\VC\vcpkg
2025-06-23T19:00:38.1043059Z   Platform: x86
2025-06-23T19:00:38.1043230Z   UCRTVersion: 10.0.26100.0
2025-06-23T19:00:38.1043499Z   UniversalCRTSdkDir: C:\Program Files (x86)\Windows Kits\10\
2025-06-23T19:00:38.1043925Z   VCIDEInstallDir: C:\Program Files\Microsoft Visual Studio\2022\Enterprise\Common7\IDE\VC\
2025-06-23T19:00:38.1044397Z   VCINSTALLDIR: C:\Program Files\Microsoft Visual Studio\2022\Enterprise\VC\
2025-06-23T19:00:38.1044752Z   VCPKG_ROOT: D:\a\synthizer3d\synthizer3d\vcpkg
2025-06-23T19:00:38.1045186Z   VCToolsInstallDir: C:\Program Files\Microsoft Visual Studio\2022\Enterprise\VC\Tools\MSVC\14.43.34808\
2025-06-23T19:00:38.1045766Z   VCToolsRedistDir: C:\Program Files\Microsoft Visual Studio\2022\Enterprise\VC\Redist\MSVC\14.42.34433\
2025-06-23T19:00:38.1046169Z   VCToolsVersion: 14.43.34808
2025-06-23T19:00:38.1046372Z   VisualStudioVersion: 17.0
2025-06-23T19:00:38.1046702Z   VS170COMNTOOLS: C:\Program Files\Microsoft Visual Studio\2022\Enterprise\Common7\Tools\
2025-06-23T19:00:38.1047068Z   VSCMD_ARG_app_plat: Desktop
2025-06-23T19:00:38.1047263Z   VSCMD_ARG_HOST_ARCH: x86
2025-06-23T19:00:38.1047456Z   VSCMD_ARG_TGT_ARCH: x86
2025-06-23T19:00:38.1047624Z   VSCMD_VER: 17.13.2
2025-06-23T19:00:38.1047896Z   VSINSTALLDIR: C:\Program Files\Microsoft Visual Studio\2022\Enterprise\
2025-06-23T19:00:38.1048329Z   VSSDK150INSTALL: C:\Program Files\Microsoft Visual Studio\2022\Enterprise\VSSDK
2025-06-23T19:00:38.1048761Z   VSSDKINSTALL: C:\Program Files\Microsoft Visual Studio\2022\Enterprise\VSSDK
2025-06-23T19:00:38.1049359Z   WindowsLibPath: C:\Program Files (x86)\Windows Kits\10\UnionMetadata\10.0.26100.0;C:\Program Files (x86)\Windows Kits\10\References\10.0.26100.0
2025-06-23T19:00:38.1049924Z   WindowsSdkBinPath: C:\Program Files (x86)\Windows Kits\10\bin\
2025-06-23T19:00:38.1050259Z   WindowsSdkDir: C:\Program Files (x86)\Windows Kits\10\
2025-06-23T19:00:38.1050527Z   WindowsSDKLibVersion: 10.0.26100.0\
2025-06-23T19:00:38.1050854Z   WindowsSdkVerBinPath: C:\Program Files (x86)\Windows Kits\10\bin\10.0.26100.0\
2025-06-23T19:00:38.1051186Z   WindowsSDKVersion: 10.0.26100.0\
2025-06-23T19:00:38.1051668Z   WindowsSDK_ExecutablePath_x64: C:\Program Files (x86)\Microsoft SDKs\Windows\v10.0A\bin\NETFX 4.8 Tools\x64\
2025-06-23T19:00:38.1052251Z   WindowsSDK_ExecutablePath_x86: C:\Program Files (x86)\Microsoft SDKs\Windows\v10.0A\bin\NETFX 4.8 Tools\
2025-06-23T19:00:38.1052640Z   __DOTNET_ADD_32BIT: 1
2025-06-23T19:00:38.1052881Z   __DOTNET_PREFERRED_BITNESS: 32
2025-06-23T19:00:38.1060724Z   __VSCMD_PREINIT_PATH: C:\Users\runneradmin\AppData\Roaming\Python\Python39\Scripts;C:\hostedtoolcache\windows\Python\3.9.13\x86\Scripts;C:\hostedtoolcache\windows\Python\3.9.13\x86;C:\Program Files\MongoDB\Server\5.0\bin;C:\aliyun-cli;C:\vcpkg;C:\Program Files (x86)\NSIS\;C:\tools\zstd;C:\Program Files\Mercurial\;C:\hostedtoolcache\windows\stack\3.5.1\x64;C:\cabal\bin;C:\\ghcup\bin;C:\mingw64\bin;C:\Program Files\dotnet;C:\Program Files\MySQL\MySQL Server 8.0\bin;C:\Program Files\R\R-4.4.2\bin\x64;C:\SeleniumWebDrivers\GeckoDriver;C:\SeleniumWebDrivers\EdgeDriver\;C:\SeleniumWebDrivers\ChromeDriver;C:\Program Files (x86)\sbt\bin;C:\Program Files (x86)\GitHub CLI;C:\Program Files\Git\bin;C:\Program Files (x86)\pipx_bin;C:\npm\prefix;C:\hostedtoolcache\windows\go\1.24.3\x64\bin;C:\hostedtoolcache\windows\Python\3.9.13\x64\Scripts;C:\hostedtoolcache\windows\Python\3.9.13\x64;C:\hostedtoolcache\windows\Ruby\3.3.8\x64\bin;C:\Program Files\OpenSSL\bin;C:\tools\kotlinc\bin;C:\hostedtoolcache\windows\Java_Temurin-Hotspot_jdk\8.0.452-9\x64\bin;C:\Program Files\ImageMagick-7.1.1-Q16-HDRI;C:\Program Files\Microsoft SDKs\Azure\CLI2\wbin;C:\ProgramData\kind;C:\ProgramData\Chocolatey\bin;C:\Windows\system32;C:\Windows;C:\Windows\System32\Wbem;C:\Windows\System32\WindowsPowerShell\v1.0\;C:\Windows\System32\OpenSSH\;C:\Program Files\dotnet\;C:\Program Files\PowerShell\7\;C:\Program Files\Microsoft\Web Platform Installer\;C:\Program Files\TortoiseSVN\bin;C:\Program Files\Microsoft SQL Server\Client SDK\ODBC\170\Tools\Binn\;C:\Program Files\Microsoft SQL Server\150\Tools\Binn\;C:\Program Files (x86)\Windows Kits\10\Windows Performance Toolkit\;C:\Program Files (x86)\WiX Toolset v3.14\bin;C:\Program Files\Microsoft SQL Server\130\DTS\Binn\;C:\Program Files\Microsoft SQL Server\140\DTS\Binn\;C:\Program Files\Microsoft SQL Server\150\DTS\Binn\;C:\Program Files\Microsoft SQL Server\160\DTS\Binn\;C:\Strawberry\c\bin;C:\Strawberry\perl\site\bin;C:\Strawberry\perl\bin;C:\ProgramData\chocolatey\lib\pulumi\tools\Pulumi\bin;C:\Program Files\CMake\bin;C:\ProgramData\chocolatey\lib\maven\apache-maven-3.9.9\bin;C:\Program Files\Microsoft Service Fabric\bin\Fabric\Fabric.Code;C:\Program Files\Microsoft SDKs\Service Fabric\Tools\ServiceFabricLocalClusterManager;C:\Program Files\nodejs\;C:\Program Files\Git\cmd;C:\Program Files\Git\mingw64\bin;C:\Program Files\Git\usr\bin;C:\Program Files\GitHub CLI\;c:\tools\php;C:\Program Files (x86)\sbt\bin;C:\Program Files\Amazon\AWSCLIV2\;C:\Program Files\Amazon\SessionManagerPlugin\bin\;C:\Program Files\Amazon\AWSSAMCLI\bin\;C:\Program Files\Microsoft SQL Server\130\Tools\Binn\;C:\Program Files\LLVM\bin;C:\Users\runneradmin\.dotnet\tools;C:\Users\runneradmin\.cargo\bin;C:\Users\runneradmin\AppData\Local\Microsoft\WindowsApps;C:\Program Files (x86)\Microsoft Visual Studio\Installer
2025-06-23T19:00:38.1068900Z   VCPKG_DEFAULT_BINARY_CACHE: D:/a/synthizer3d/synthizer3d/969f6665-88a2-4c98-938e-ca9259871fec/vcpkg_cache
2025-06-23T19:00:38.1069338Z   VCPKG_BINARY_SOURCES: clear;x-gha,readwrite
2025-06-23T19:00:38.1069880Z   ACTIONS_CACHE_URL: https://acghubeus2.actions.githubusercontent.com/bwbzopuV3oKlbowlUKWdOnf6KF0vjv7EYqCB3ZHqukKhTVgy74/
2025-06-23T19:00:38.1107890Z   ACTIONS_RUNTIME_TOKEN: ***
2025-06-23T19:00:38.1108151Z   RUNVCPKG_VCPKG_ROOT: D:\a\synthizer3d\synthizer3d\vcpkg
2025-06-23T19:00:38.1108522Z   CMAKE_PREFIX_PATH: D:\a\synthizer3d\synthizer3d\vcpkg_installed\x86-windows
2025-06-23T19:00:38.1109000Z   SYNTHIZER_EXPECTED_VCPKG_PATH_FOR_DEBUG: D:\a\synthizer3d\synthizer3d\vcpkg_installed\x86-windows
2025-06-23T19:00:38.1109371Z ##[endgroup]
2025-06-23T19:00:38.4124203Z Arch: x86
2025-06-23T19:00:38.4143023Z Current CMAKE_PREFIX_PATH for build is: D:\a\synthizer3d\synthizer3d\vcpkg_installed\x86-windows
2025-06-23T19:00:38.4150911Z EFFECTIVE_VCPKG_INSTALLED_DIR_BASE for build is: D:\a\synthizer3d\synthizer3d\vcpkg_installed
2025-06-23T19:00:38.4158743Z Synthizer expects vcpkg path (for debug/verification): D:\a\synthizer3d\synthizer3d\vcpkg_installed\x86-windows
2025-06-23T19:00:38.5482015Z * Getting build dependencies for wheel...
2025-06-23T19:00:48.7761576Z Set VCPKG_INSTALLED_PATH to D:\a\synthizer3d\synthizer3d\vcpkg_installed\x86-windows
2025-06-23T19:00:48.7762060Z 
2025-06-23T19:00:48.7762070Z 
2025-06-23T19:00:48.7762379Z --------------------------------------------------------------------------------
2025-06-23T19:00:48.7762931Z -- Trying 'Ninja (Visual Studio 17 2022 Win32 v144)' generator
2025-06-23T19:00:48.7763335Z --------------------------------
2025-06-23T19:00:48.7763618Z ---------------------------
2025-06-23T19:00:48.7763879Z ----------------------
2025-06-23T19:00:48.7764141Z -----------------
2025-06-23T19:00:48.7764332Z ------------
2025-06-23T19:00:48.7764507Z -------
2025-06-23T19:00:48.7764674Z --
2025-06-23T19:00:48.7912109Z Not searching for unused variables given on the command line.
2025-06-23T19:00:48.8951246Z CMake Deprecation Warning at CMakeLists.txt:1 (cmake_minimum_required):
2025-06-23T19:00:48.8952385Z   Compatibility with CMake < 3.10 will be removed from a future version of
2025-06-23T19:00:48.8952980Z   CMake.
2025-06-23T19:00:48.8953141Z 
2025-06-23T19:00:48.8953640Z   Update the VERSION argument <min> value.  Or, use the <min>...<max> syntax
2025-06-23T19:00:48.8954603Z   to tell CMake that the project requires at least <min> but has been updated
2025-06-23T19:00:48.8955423Z   to work with policies introduced by <max> or earlier.
2025-06-23T19:00:48.8955794Z 
2025-06-23T19:00:48.8955804Z 
2025-06-23T19:00:50.6179433Z -- The C compiler identification is MSVC 19.43.34808.0
2025-06-23T19:00:50.6861184Z -- Detecting C compiler ABI info
2025-06-23T19:00:52.0919007Z -- Detecting C compiler ABI info - done
2025-06-23T19:00:52.1634109Z -- Check for working C compiler: C:/Program Files/Microsoft Visual Studio/2022/Enterprise/VC/Tools/MSVC/14.43.34808/bin/Hostx86/x86/cl.exe - skipped
2025-06-23T19:00:52.1638320Z -- Detecting C compile features
2025-06-23T19:00:52.1645767Z -- Detecting C compile features - done
2025-06-23T19:00:52.8659290Z -- The CXX compiler identification is MSVC 19.43.34808.0
2025-06-23T19:00:52.8749267Z -- Detecting CXX compiler ABI info
2025-06-23T19:00:53.2635259Z -- Detecting CXX compiler ABI info - done
2025-06-23T19:00:53.2773456Z -- Check for working CXX compiler: C:/Program Files/Microsoft Visual Studio/2022/Enterprise/VC/Tools/MSVC/14.43.34808/bin/Hostx86/x86/cl.exe - skipped
2025-06-23T19:00:53.2777834Z -- Detecting CXX compile features
2025-06-23T19:00:53.2791214Z -- Detecting CXX compile features - done
2025-06-23T19:00:53.2823036Z -- Configuring done (4.5s)
2025-06-23T19:00:53.3008235Z -- Generating done (0.0s)
2025-06-23T19:00:53.3016642Z -- Build files have been written to: D:/a/synthizer3d/synthizer3d/_cmake_test_compile/build
2025-06-23T19:00:53.3075834Z --
2025-06-23T19:00:53.3076094Z -------
2025-06-23T19:00:53.3076329Z ------------
2025-06-23T19:00:53.3076647Z -----------------
2025-06-23T19:00:53.3076987Z ----------------------
2025-06-23T19:00:53.3077355Z ---------------------------
2025-06-23T19:00:53.3077753Z --------------------------------
2025-06-23T19:00:53.3078646Z -- Trying 'Ninja (Visual Studio 17 2022 Win32 v144)' generator - success
2025-06-23T19:00:53.3079944Z --------------------------------------------------------------------------------
2025-06-23T19:00:53.3080470Z 
2025-06-23T19:00:53.3222334Z Configuring Project
2025-06-23T19:00:53.3222708Z   Working directory:
2025-06-23T19:00:53.3223144Z     D:\a\synthizer3d\synthizer3d\_skbuild\win32-3.9\cmake-build
2025-06-23T19:00:53.3223501Z   Command:
2025-06-23T19:00:53.3235297Z     'C:\hostedtoolcache\windows\Python\3.9.13\x86\Lib\site-packages\cmake\data\bin/cmake.exe' 'D:\a\synthizer3d\synthizer3d\synthizer-vendored' -G Ninja '-DCMAKE_MAKE_PROGRAM:FILEPATH=C:\hostedtoolcache\windows\Python\3.9.13\x86\Scripts\ninja' -D_SKBUILD_FORCE_MSVC=1930 --no-warn-unused-cli '-DCMAKE_INSTALL_PREFIX:PATH=D:\a\synthizer3d\synthizer3d\_skbuild\win32-3.9\cmake-install' -DPYTHON_VERSION_STRING:STRING=3.9.13 -DSKBUILD:INTERNAL=TRUE '-DCMAKE_MODULE_PATH:PATH=C:\hostedtoolcache\windows\Python\3.9.13\x86\lib\site-packages\skbuild\resources\cmake' '-DPYTHON_EXECUTABLE:PATH=C:\hostedtoolcache\windows\Python\3.9.13\x86\python.exe' '-DPYTHON_INCLUDE_DIR:PATH=C:\hostedtoolcache\windows\Python\3.9.13\x86\Include' '-DPYTHON_LIBRARY:PATH=C:\hostedtoolcache\windows\Python\3.9.13\x86\libs\python39.lib' '-DPython_EXECUTABLE:PATH=C:\hostedtoolcache\windows\Python\3.9.13\x86\python.exe' '-DPython_ROOT_DIR:PATH=C:\hostedtoolcache\windows\Python\3.9.13\x86' -DPython_FIND_REGISTRY:STRING=NEVER '-DPython_INCLUDE_DIR:PATH=C:\hostedtoolcache\windows\Python\3.9.13\x86\Include' '-DPython_LIBRARY:PATH=C:\hostedtoolcache\windows\Python\3.9.13\x86\libs\python39.lib' '-DPython3_EXECUTABLE:PATH=C:\hostedtoolcache\windows\Python\3.9.13\x86\python.exe' '-DPython3_ROOT_DIR:PATH=C:\hostedtoolcache\windows\Python\3.9.13\x86' -DPython3_FIND_REGISTRY:STRING=NEVER '-DPython3_INCLUDE_DIR:PATH=C:\hostedtoolcache\windows\Python\3.9.13\x86\Include' '-DPython3_LIBRARY:PATH=C:\hostedtoolcache\windows\Python\3.9.13\x86\libs\python39.lib' '-DCMAKE_MAKE_PROGRAM:FILEPATH=C:\hostedtoolcache\windows\Python\3.9.13\x86\Scripts\ninja' -DCMAKE_BUILD_TYPE=Release -DCMAKE_MSVC_RUNTIME_LIBRARY=MultiThreadedDLL -DSYZ_STATIC_RUNTIME=OFF -DCMAKE_POSITION_INDEPENDENT_CODE=TRUE -DSYZ_INTEGRATING=ON
2025-06-23T19:00:53.3243691Z 
2025-06-23T19:00:53.3386449Z Not searching for unused variables given on the command line.
2025-06-23T19:00:53.7115266Z -- The C compiler identification is MSVC 19.43.34808.0
2025-06-23T19:00:54.0181370Z -- The CXX compiler identification is MSVC 19.43.34808.0
2025-06-23T19:00:54.0645919Z -- Detecting C compiler ABI info
2025-06-23T19:00:54.4470530Z -- Detecting C compiler ABI info - done
2025-06-23T19:00:54.4608299Z -- Check for working C compiler: C:/Program Files/Microsoft Visual Studio/2022/Enterprise/VC/Tools/MSVC/14.43.34808/bin/Hostx86/x86/cl.exe - skipped
2025-06-23T19:00:54.4612423Z -- Detecting C compile features
2025-06-23T19:00:54.4619200Z -- Detecting C compile features - done
2025-06-23T19:00:54.4717884Z -- Detecting CXX compiler ABI info
2025-06-23T19:00:54.8238222Z -- Detecting CXX compiler ABI info - done
2025-06-23T19:00:54.8372485Z -- Check for working CXX compiler: C:/Program Files/Microsoft Visual Studio/2022/Enterprise/VC/Tools/MSVC/14.43.34808/bin/Hostx86/x86/cl.exe - skipped
2025-06-23T19:00:54.8376604Z -- Detecting CXX compile features
2025-06-23T19:00:54.8388945Z -- Detecting CXX compile features - done
2025-06-23T19:00:55.1872688Z -- Performing Test CMAKE_HAVE_LIBC_PTHREAD
2025-06-23T19:00:55.9525864Z -- Performing Test CMAKE_HAVE_LIBC_PTHREAD - Failed
2025-06-23T19:00:55.9526728Z -- Looking for pthread_create in pthreads
2025-06-23T19:00:56.1020130Z -- Looking for pthread_create in pthreads - not found
2025-06-23T19:00:56.1021123Z -- Looking for pthread_create in pthread
2025-06-23T19:00:56.2389742Z -- Looking for pthread_create in pthread - not found
2025-06-23T19:00:56.2402030Z -- Found Threads: TRUE
2025-06-23T19:00:56.3477206Z -- Found SoundTouch: D:/a/synthizer3d/synthizer3d/vcpkg_installed/x86-windows/debug/bin/SoundTouch.dll
2025-06-23T19:00:56.3484327Z -- Performing Test OP_READ_FLOAT_AVAILABLE
2025-06-23T19:00:56.8468779Z -- Performing Test OP_READ_FLOAT_AVAILABLE - Success
2025-06-23T19:00:56.8469247Z -- op_read_float is available
2025-06-23T19:01:01.6696816Z -- Performing Test FILESYSTEM_OK
2025-06-23T19:01:04.0365033Z -- Performing Test FILESYSTEM_OK - Success
2025-06-23T19:01:04.0365492Z -- Found C++17 filesystem support
2025-06-23T19:01:04.0376250Z -- Using vcpkg includes from VCPKG_INSTALLED_PATH: D:\a\synthizer3d\synthizer3d\vcpkg_installed\x86-windows/include
2025-06-23T19:01:07.7649998Z -- Math library not found
2025-06-23T19:01:07.7662099Z -- Configuring done (14.4s)
2025-06-23T19:01:07.8137977Z -- Generating done (0.0s)
2025-06-23T19:01:07.8149393Z -- Build files have been written to: D:/a/synthizer3d/synthizer3d/_skbuild/win32-3.9/cmake-build
2025-06-23T19:01:11.5129063Z [1/28] Building CXX object CMakeFiles\synthizer.dir\src\audio_output.cpp.obj
2025-06-23T19:01:11.6457151Z [2/28] Building CXX object CMakeFiles\synthizer.dir\src\byte_stream.cpp.obj
2025-06-23T19:01:11.6953601Z [3/28] Building CXX object CMakeFiles\synthizer.dir\src\c_api\unity.cpp.obj
2025-06-23T19:01:11.7362084Z FAILED: CMakeFiles/synthizer.dir/src/c_api/unity.cpp.obj 
2025-06-23T19:01:11.9132857Z C:\PROGRA~1\MICROS~2\2022\ENTERP~1\VC\Tools\MSVC\1443~1.348\bin\Hostx86\x86\cl.exe  /nologo /TP -DBUILDING_SYNTHIZER -DNOMINMAX -DOP_READ_FLOAT_AVAILABLE -DSYZ_MAJOR=0 -DSYZ_MINOR=1 -DSYZ_PATCH=9 -DSYZ_USE_FILESYSTEM -DWDL_RESAMPLE_TYPE=float -ID:\a\synthizer3d\synthizer3d\synthizer-vendored\include -ID:\a\synthizer3d\synthizer3d\synthizer-vendored\deps\deps\third_party\wdl -ID:\a\synthizer3d\synthizer3d\vcpkg_installed\x86-windows\include -ID:\a\synthizer3d\synthizer3d\synthizer-vendored\deps\deps\third_party\boost_partial -ID:\a\synthizer3d\synthizer3d\synthizer-vendored\deps\deps\third_party\concurrentqueue -ID:\a\synthizer3d\synthizer3d\synthizer-vendored\deps\deps\third_party\cpp11-on-multicore\common -ID:\a\synthizer3d\synthizer3d\synthizer-vendored\deps\deps\third_party\dr_libs -ID:\a\synthizer3d\synthizer3d\synthizer-vendored\deps\deps\third_party\hedley -ID:\a\synthizer3d\synthizer3d\synthizer-vendored\deps\deps\third_party\miniaudio -ID:\a\synthizer3d\synthizer3d\synthizer-vendored\deps\deps\third_party\pdqsort /DWIN32 /D_WINDOWS /GR /EHsc /O2 /Ob2 /DNDEBUG -std:c++17 -MD /wd4068 /wd5030 /wd4244 /wd4267 /Zc:preprocessor /wd5105 /wd4127 /experimental:external /external:W0 /external:anglebrackets /wd4702 /W4 /WX /showIncludes /FoCMakeFiles\synthizer.dir\src\c_api\unity.cpp.obj /FdCMakeFiles\synthizer.dir\synthizer.pdb /FS -c D:\a\synthizer3d\synthizer3d\synthizer-vendored\src\c_api\unity.cpp
2025-06-23T19:01:12.0857637Z ##[error]D:\a\synthizer3d\synthizer3d\synthizer-vendored\include\synthizer/generators/buffer.hpp(59): error C2059: syntax error: 'do'
2025-06-23T19:01:12.1501411Z ##[error]D:\a\synthizer3d\synthizer3d\synthizer-vendored\include\synthizer/generators/buffer.hpp(59): error C2334: unexpected token(s) preceding '{'; skipping apparent function body
2025-06-23T19:01:12.3342391Z ##[error]D:\a\synthizer3d\synthizer3d\synthizer-vendored\include\synthizer/generators/buffer.hpp(59): error C2059: syntax error: 'while'
2025-06-23T19:01:12.4153283Z ##[error]D:\a\synthizer3d\synthizer3d\synthizer-vendored\include\synthizer/generators/buffer.hpp(59): error C2334: unexpected token(s) preceding '{'; skipping apparent function body
2025-06-23T19:01:12.5413904Z ##[error]D:\a\synthizer3d\synthizer3d\synthizer-vendored\include\synthizer/generators/buffer.hpp(73): error C2059: syntax error: 'do'
2025-06-23T19:01:12.6158656Z ##[error]D:\a\synthizer3d\synthizer3d\synthizer-vendored\include\synthizer/generators/buffer.hpp(73): error C2334: unexpected token(s) preceding '{'; skipping apparent function body
2025-06-23T19:01:12.7706523Z ##[error]D:\a\synthizer3d\synthizer3d\synthizer-vendored\include\synthizer/generators/buffer.hpp(73): error C2059: syntax error: 'while'
2025-06-23T19:01:12.9456376Z ##[error]D:\a\synthizer3d\synthizer3d\synthizer-vendored\include\synthizer/generators/buffer.hpp(73): error C2334: unexpected token(s) preceding '{'; skipping apparent function body
2025-06-23T19:01:13.0147205Z ##[error]D:\a\synthizer3d\synthizer3d\synthizer-vendored\include\synthizer/generators/buffer.hpp(195): error C2589: 'do': illegal token on right side of '::'
2025-06-23T19:01:13.1618621Z ##[error]D:\a\synthizer3d\synthizer3d\synthizer-vendored\include\synthizer/generators/buffer.hpp(195): error C2059: syntax error: 'if'
2025-06-23T19:01:13.3510323Z ##[error]D:\a\synthizer3d\synthizer3d\synthizer-vendored\include\synthizer/generators/buffer.hpp(195): error C2059: syntax error: 'while'
2025-06-23T19:01:13.4131082Z ##[error]D:\a\synthizer3d\synthizer3d\synthizer-vendored\include\synthizer/generators/buffer.hpp(669): error C2589: 'do': illegal token on right side of '::'
2025-06-23T19:01:13.5544501Z ##[error]D:\a\synthizer3d\synthizer3d\synthizer-vendored\include\synthizer/generators/buffer.hpp(669): error C2059: syntax error: 'if'
2025-06-23T19:01:13.6034367Z ##[error]D:\a\synthizer3d\synthizer3d\synthizer-vendored\include\synthizer/generators/buffer.hpp(679): error C2589: 'do': illegal token on right side of '::'
2025-06-23T19:01:13.7577245Z ##[error]D:\a\synthizer3d\synthizer3d\synthizer-vendored\include\synthizer/generators/buffer.hpp(679): error C2059: syntax error: 'if'
2025-06-23T19:01:13.8042632Z ##[error]D:\a\synthizer3d\synthizer3d\synthizer-vendored\include\synthizer/generators/buffer.hpp(682): error C2046: illegal case
2025-06-23T19:01:13.9613853Z ##[error]D:\a\synthizer3d\synthizer3d\synthizer-vendored\include\synthizer/generators/buffer.hpp(688): error C2589: 'do': illegal token on right side of '::'
2025-06-23T19:01:14.0151347Z ##[error]D:\a\synthizer3d\synthizer3d\synthizer-vendored\include\synthizer/generators/buffer.hpp(688): error C2059: syntax error: 'if'
2025-06-23T19:01:14.3675362Z ##[error]D:\a\synthizer3d\synthizer3d\synthizer-vendored\include\synthizer/generators/buffer.hpp(680): error C2043: illegal break
2025-06-23T19:01:14.4497878Z ##[error]D:\a\synthizer3d\synthizer3d\synthizer-vendored\include\synthizer/generators/buffer.hpp(688): error C2059: syntax error: 'while'
2025-06-23T19:01:14.5869604Z ##[error]D:\a\synthizer3d\synthizer3d\synthizer-vendored\include\synthizer/generators/buffer.hpp(689): error C2059: syntax error: 'break'
2025-06-23T19:01:14.6861199Z ##[error]D:\a\synthizer3d\synthizer3d\synthizer-vendored\include\synthizer/generators/buffer.hpp(691): error C2059: syntax error: 'case'
2025-06-23T19:01:14.9174710Z ##[error]D:\a\synthizer3d\synthizer3d\synthizer-vendored\include\synthizer/generators/buffer.hpp(692): error C2059: syntax error: 'this'
2025-06-23T19:01:15.1647355Z ##[error]D:\a\synthizer3d\synthizer3d\synthizer-vendored\include\synthizer/generators/buffer.hpp(693): error C2059: syntax error: 'this'
2025-06-23T19:01:15.1650392Z ##[error]D:\a\synthizer3d\synthizer3d\synthizer-vendored\include\synthizer/generators/buffer.hpp(694): error C2059: syntax error: 'this'
2025-06-23T19:01:15.5561027Z ##[error]D:\a\synthizer3d\synthizer3d\synthizer-vendored\include\synthizer/generators/buffer.hpp(695): error C2059: syntax error: 'this'
2025-06-23T19:01:15.6532584Z ##[error]D:\a\synthizer3d\synthizer3d\synthizer-vendored\include\synthizer/generators/buffer.hpp(696): error C2059: syntax error: 'this'
2025-06-23T19:01:15.8607663Z ##[error]D:\a\synthizer3d\synthizer3d\synthizer-vendored\include\synthizer/generators/buffer.hpp(697): error C2589: 'do': illegal token on right side of '::'
2025-06-23T19:01:16.0097728Z ##[error]D:\a\synthizer3d\synthizer3d\synthizer-vendored\include\synthizer/generators/buffer.hpp(697): error C2059: syntax error: 'function-style cast'
2025-06-23T19:01:16.0758106Z ##[error]D:\a\synthizer3d\synthizer3d\synthizer-vendored\include\synthizer/generators/buffer.hpp(697): error C2143: syntax error: missing ';' before '{'
2025-06-23T19:01:16.2881967Z ##[error]D:\a\synthizer3d\synthizer3d\synthizer-vendored\include\synthizer/generators/buffer.hpp(697): error C2447: '{': missing function header (old-style formal list?)
2025-06-23T19:01:16.3250221Z ##[error]D:\a\synthizer3d\synthizer3d\synthizer-vendored\include\synthizer/generators/buffer.hpp(697): error C2059: syntax error: 'while'
2025-06-23T19:01:16.5345607Z ##[error]D:\a\synthizer3d\synthizer3d\synthizer-vendored\include\synthizer/generators/buffer.hpp(698): error C2059: syntax error: 'break'
2025-06-23T19:01:16.5728483Z ##[error]D:\a\synthizer3d\synthizer3d\synthizer-vendored\include\synthizer/generators/buffer.hpp(699): error C2059: syntax error: '}'
2025-06-23T19:01:16.5738182Z ##[error]D:\a\synthizer3d\synthizer3d\synthizer-vendored\include\synthizer/generators/buffer.hpp(699): error C2143: syntax error: missing ';' before '}'
2025-06-23T19:01:16.6369607Z ##[error]D:\a\synthizer3d\synthizer3d\synthizer-vendored\include\synthizer/generators/buffer.hpp(703): error C2059: syntax error: 'this'
2025-06-23T19:01:16.7620197Z ##[error]D:\a\synthizer3d\synthizer3d\synthizer-vendored\include\synthizer/generators/buffer.hpp(705): error C2059: syntax error: 'this'
2025-06-23T19:01:16.7752307Z ##[error]D:\a\synthizer3d\synthizer3d\synthizer-vendored\include\synthizer/generators/buffer.hpp(706): error C2059: syntax error: 'this'
2025-06-23T19:01:16.8378055Z ##[error]D:\a\synthizer3d\synthizer3d\synthizer-vendored\include\synthizer/generators/buffer.hpp(709): error C2059: syntax error: 'this'
2025-06-23T19:01:16.9654265Z ##[error]D:\a\synthizer3d\synthizer3d\synthizer-vendored\include\synthizer/generators/buffer.hpp(710): error C2059: syntax error: 'this'
2025-06-23T19:01:16.9783243Z ##[error]D:\a\synthizer3d\synthizer3d\synthizer-vendored\include\synthizer/generators/buffer.hpp(711): error C2059: syntax error: 'this'
2025-06-23T19:01:17.1588959Z ##[error]D:\a\synthizer3d\synthizer3d\synthizer-vendored\include\synthizer/generators/buffer.hpp(718): error C2059: syntax error: '}'
2025-06-23T19:01:17.2451219Z ##[error]D:\a\synthizer3d\synthizer3d\synthizer-vendored\include\synthizer/generators/buffer.hpp(718): error C2143: syntax error: missing ';' before '}'
2025-06-23T19:01:17.4120125Z ##[error]D:\a\synthizer3d\synthizer3d\synthizer-vendored\include\synthizer/generators/buffer.hpp(719): error C2143: syntax error: missing ';' before '}'
2025-06-23T19:01:17.4601849Z ##[error]D:\a\synthizer3d\synthizer3d\synthizer-vendored\include\synthizer/generators/buffer.hpp(719): error C2059: syntax error: '}'
2025-06-23T19:01:17.5429886Z ##[error]D:\a\synthizer3d\synthizer3d\synthizer-vendored\include\synthizer/generators/buffer.hpp(721): error C2143: syntax error: missing ';' before '{'
2025-06-23T19:01:17.6044930Z ##[error]D:\a\synthizer3d\synthizer3d\synthizer-vendored\include\synthizer/generators/buffer.hpp(721): error C2447: '{': missing function header (old-style formal list?)
2025-06-23T19:01:17.6517600Z ##[error]D:\a\synthizer3d\synthizer3d\synthizer-vendored\include\synthizer/generators/buffer.hpp(1225): error C2059: syntax error: '}'
2025-06-23T19:01:17.7461795Z ##[error]D:\a\synthizer3d\synthizer3d\synthizer-vendored\include\synthizer/generators/buffer.hpp(1225): error C2143: syntax error: missing ';' before '}'
2025-06-23T19:01:17.8089189Z ##[error]D:\a\synthizer3d\synthizer3d\synthizer-vendored\include\synthizer/fast_sine_bank.hpp(27): error C2143: syntax error: missing ';' before '{'
2025-06-23T19:01:17.8513337Z ##[error]D:\a\synthizer3d\synthizer3d\synthizer-vendored\include\synthizer/fast_sine_bank.hpp(27): error C2447: '{': missing function header (old-style formal list?)
2025-06-23T19:01:17.8516769Z ##[error]D:\a\synthizer3d\synthizer3d\synthizer-vendored\include\synthizer/generators/fast_sine_bank.hpp(33): error C3646: 'bank': unknown override specifier
2025-06-23T19:01:17.8523384Z ##[error]D:\a\synthizer3d\synthizer3d\synthizer-vendored\include\synthizer/generators/fast_sine_bank.hpp(33): error C4430: missing type specifier - int assumed. Note: C++ does not support default-int
2025-06-23T19:01:17.8530550Z ##[error]D:\a\synthizer3d\synthizer3d\synthizer-vendored\include\synthizer/generators/fast_sine_bank.hpp(38): error C2614: 'synthizer::FastSineBankGenerator': illegal member initialization: 'bank' is not a base or member
2025-06-23T19:01:17.8537276Z ##[error]D:\a\synthizer3d\synthizer3d\synthizer-vendored\include\synthizer/generators/fast_sine_bank.hpp(40): error C2065: 'SineWaveConfig': undeclared identifier
2025-06-23T19:01:17.8547006Z ##[error]D:\a\synthizer3d\synthizer3d\synthizer-vendored\include\synthizer/generators/fast_sine_bank.hpp(40): error C2146: syntax error: missing ';' before identifier 'wave'
2025-06-23T19:01:17.8553257Z ##[error]D:\a\synthizer3d\synthizer3d\synthizer-vendored\include\synthizer/generators/fast_sine_bank.hpp(40): error C2065: 'wave': undeclared identifier
2025-06-23T19:01:17.8560564Z ##[error]D:\a\synthizer3d\synthizer3d\synthizer-vendored\include\synthizer/generators/fast_sine_bank.hpp(41): error C2039: 'bank': is not a member of 'synthizer::FastSineBankGenerator'
2025-06-23T19:01:17.8569216Z D:\a\synthizer3d\synthizer3d\synthizer-vendored\include\synthizer/generators/fast_sine_bank.hpp(18): note: see declaration of 'synthizer::FastSineBankGenerator'
2025-06-23T19:01:17.8576183Z ##[error]D:\a\synthizer3d\synthizer3d\synthizer-vendored\include\synthizer/generators/fast_sine_bank.hpp(41): error C2065: 'wave': undeclared identifier
2025-06-23T19:01:17.8594983Z ##[error]D:\a\synthizer3d\synthizer3d\synthizer-vendored\include\synthizer/generators/fast_sine_bank.hpp(60): error C2039: 'bank': is not a member of 'synthizer::FastSineBankGenerator'
2025-06-23T19:01:17.8600729Z D:\a\synthizer3d\synthizer3d\synthizer-vendored\include\synthizer/generators/fast_sine_bank.hpp(18): note: see declaration of 'synthizer::FastSineBankGenerator'
2025-06-23T19:01:17.8606209Z ##[error]D:\a\synthizer3d\synthizer3d\synthizer-vendored\include\synthizer/generators/fast_sine_bank.hpp(61): error C2039: 'bank': is not a member of 'synthizer::FastSineBankGenerator'
2025-06-23T19:01:17.9804233Z D:\a\synthizer3d\synthizer3d\synthizer-vendored\include\synthizer/generators/fast_sine_bank.hpp(18): note: see declaration of 'synthizer::FastSineBankGenerator'
2025-06-23T19:01:17.9805543Z [4/28] Building CXX object CMakeFiles\synthizer.dir\src\base_object.cpp.obj
2025-06-23T19:01:17.9806315Z [5/28] Building C object CMakeFiles\synthizer_single_file_libs.dir\src\single_file_libs.c.obj
2025-06-23T19:01:17.9806997Z [6/28] Building CXX object CMakeFiles\synthizer.dir\src\error.cpp.obj
2025-06-23T19:01:17.9807587Z [7/28] Building CXX object CMakeFiles\synthizer.dir\src\decoding.cpp.obj
2025-06-23T19:01:17.9808169Z cl : Command line warning D9025 : overriding '/WX' with '/WX-'
2025-06-23T19:01:17.9808774Z [8/28] Building CXX object CMakeFiles\synthizer.dir\src\context.cpp.obj
2025-06-23T19:01:17.9809250Z ninja: build stopped: subcommand failed.
2025-06-23T19:01:17.9854843Z Traceback (most recent call last):
2025-06-23T19:01:17.9855758Z   File "C:\hostedtoolcache\windows\Python\3.9.13\x86\lib\site-packages\pyproject_hooks\_in_process\_in_process.py", line 389, in <module>
2025-06-23T19:01:17.9857771Z     main()
2025-06-23T19:01:17.9858499Z   File "C:\hostedtoolcache\windows\Python\3.9.13\x86\lib\site-packages\pyproject_hooks\_in_process\_in_process.py", line 373, in main
2025-06-23T19:01:17.9860312Z     json_out["return_val"] = hook(**hook_input["kwargs"])
2025-06-23T19:01:17.9861174Z   File "C:\hostedtoolcache\windows\Python\3.9.13\x86\lib\site-packages\pyproject_hooks\_in_process\_in_process.py", line 143, in get_requires_for_build_wheel
2025-06-23T19:01:17.9861930Z     return hook(config_settings)
2025-06-23T19:01:17.9862718Z   File "C:\hostedtoolcache\windows\Python\3.9.13\x86\lib\site-packages\setuptools\build_meta.py", line 154, in get_requires_for_build_wheel
2025-06-23T19:01:17.9936619Z     return self._get_build_requires(
2025-06-23T19:01:17.9937553Z   File "C:\hostedtoolcache\windows\Python\3.9.13\x86\lib\site-packages\setuptools\build_meta.py", line 135, in _get_build_requires
2025-06-23T19:01:17.9939058Z     self.run_setup()
2025-06-23T19:01:17.9940208Z   File "C:\hostedtoolcache\windows\Python\3.9.13\x86\lib\site-packages\setuptools\build_meta.py", line 258, in run_setup
2025-06-23T19:01:17.9942885Z     super(_BuildMetaLegacyBackend,
2025-06-23T19:01:17.9943915Z   File "C:\hostedtoolcache\windows\Python\3.9.13\x86\lib\site-packages\setuptools\build_meta.py", line 150, in run_setup
2025-06-23T19:01:17.9944881Z     exec(compile(code, __file__, 'exec'), locals())
2025-06-23T19:01:17.9945371Z   File "setup.py", line 68, in <module>
2025-06-23T19:01:17.9947279Z     cmake.make()
2025-06-23T19:01:17.9948052Z   File "C:\hostedtoolcache\windows\Python\3.9.13\x86\lib\site-packages\skbuild\cmaker.py", line 696, in make
2025-06-23T19:01:17.9952559Z     self.make_impl(clargs=clargs, config=config, source_dir=source_dir, install_target=install_target, env=env)
2025-06-23T19:01:17.9954525Z   File "C:\hostedtoolcache\windows\Python\3.9.13\x86\lib\site-packages\skbuild\cmaker.py", line 741, in make_impl
2025-06-23T19:01:17.9957851Z     raise SKBuildError(msg)
2025-06-23T19:01:17.9958619Z skbuild.exceptions.SKBuildError: An error occurred while building with CMake.
2025-06-23T19:01:17.9959274Z   Command:
2025-06-23T19:01:17.9960391Z     'C:\hostedtoolcache\windows\Python\3.9.13\x86\Lib\site-packages\cmake\data\bin/cmake.exe' --build . --target install --config Release --
2025-06-23T19:01:17.9961304Z   Install target:
2025-06-23T19:01:17.9961563Z     install
2025-06-23T19:01:17.9961859Z   Source directory:
2025-06-23T19:01:17.9962231Z     D:\a\synthizer3d\synthizer3d
2025-06-23T19:01:17.9962625Z   Working directory:
2025-06-23T19:01:17.9963189Z     D:\a\synthizer3d\synthizer3d\_skbuild\win32-3.9\cmake-build
2025-06-23T19:01:17.9964084Z Please check the install target is valid and see CMake's output for more information.
2025-06-23T19:01:17.9964598Z 
2025-06-23T19:01:18.0206537Z 
2025-06-23T19:01:18.0207416Z ERROR Backend subprocess exited when trying to invoke get_requires_for_build_wheel
2025-06-23T19:01:18.0770705Z ##[error]Process completed with exit code 1.
2025-06-23T19:01:18.0926108Z Post job cleanup.
2025-06-23T19:01:18.3452175Z [command]"C:\Program Files\Git\bin\git.exe" version
2025-06-23T19:01:18.3665159Z git version 2.49.0.windows.1
2025-06-23T19:01:18.3728018Z Temporarily overriding HOME='D:\a\_temp\0dff7884-6f91-49cc-96dd-18fac22529d9' before making global git config changes
2025-06-23T19:01:18.3728985Z Adding repository directory to the temporary git global config as a safe directory
2025-06-23T19:01:18.3739929Z [command]"C:\Program Files\Git\bin\git.exe" config --global --add safe.directory D:\a\synthizer3d\synthizer3d
2025-06-23T19:01:18.3969834Z [command]"C:\Program Files\Git\bin\git.exe" config --local --name-only --get-regexp core\.sshCommand
2025-06-23T19:01:18.4198575Z [command]"C:\Program Files\Git\bin\git.exe" submodule foreach --recursive "sh -c \"git config --local --name-only --get-regexp 'core\.sshCommand' && git config --local --unset-all 'core.sshCommand' || :\""
2025-06-23T19:01:18.8678592Z [command]"C:\Program Files\Git\bin\git.exe" config --local --name-only --get-regexp http\.https\:\/\/github\.com\/\.extraheader
2025-06-23T19:01:18.8876063Z http.https://github.com/.extraheader
2025-06-23T19:01:18.8912801Z [command]"C:\Program Files\Git\bin\git.exe" config --local --unset-all http.https://github.com/.extraheader
2025-06-23T19:01:18.9142811Z [command]"C:\Program Files\Git\bin\git.exe" submodule foreach --recursive "sh -c \"git config --local --name-only --get-regexp 'http\.https\:\/\/github\.com\/\.extraheader' && git config --local --unset-all 'http.https://github.com/.extraheader' || :\""
2025-06-23T19:01:19.3496402Z Cleaning up orphan processes
2025-06-23T19:01:19.3956990Z Terminate orphan process: pid (6372) (vctip)
2025-06-23T19:01:19.4131671Z Terminate orphan process: pid (1768) (mspdbsrv)