2025-06-25T20:00:56.9210557Z Current runner version: '2.325.0'
2025-06-25T20:00:56.9233702Z ##[group]Operating System
2025-06-25T20:00:56.9234441Z Microsoft Windows Server 2022
2025-06-25T20:00:56.9234936Z 10.0.20348
2025-06-25T20:00:56.9235404Z Datacenter
2025-06-25T20:00:56.9235807Z ##[endgroup]
2025-06-25T20:00:56.9236246Z ##[group]Runner Image
2025-06-25T20:00:56.9236723Z Image: windows-2022
2025-06-25T20:00:56.9237195Z Version: 20250617.1.0
2025-06-25T20:00:56.9238131Z Included Software: https://github.com/actions/runner-images/blob/win22/20250617.1/images/windows/Windows2022-Readme.md
2025-06-25T20:00:56.9239451Z Image Release: https://github.com/actions/runner-images/releases/tag/win22%2F20250617.1
2025-06-25T20:00:56.9240269Z ##[endgroup]
2025-06-25T20:00:56.9240694Z ##[group]Runner Image Provisioner
2025-06-25T20:00:56.9241967Z 2.0.437.1
2025-06-25T20:00:56.9242378Z ##[endgroup]
2025-06-25T20:00:56.9244621Z ##[group]GITHUB_TOKEN Permissions
2025-06-25T20:00:56.9246817Z Actions: write
2025-06-25T20:00:56.9247353Z Attestations: write
2025-06-25T20:00:56.9247817Z Checks: write
2025-06-25T20:00:56.9248257Z Contents: write
2025-06-25T20:00:56.9248660Z Deployments: write
2025-06-25T20:00:56.9249103Z Discussions: write
2025-06-25T20:00:56.9249515Z Issues: write
2025-06-25T20:00:56.9249924Z Metadata: read
2025-06-25T20:00:56.9250319Z Models: read
2025-06-25T20:00:56.9250743Z Packages: write
2025-06-25T20:00:56.9251127Z Pages: write
2025-06-25T20:00:56.9251563Z PullRequests: write
2025-06-25T20:00:56.9251999Z RepositoryProjects: write
2025-06-25T20:00:56.9252500Z SecurityEvents: write
2025-06-25T20:00:56.9252962Z Statuses: write
2025-06-25T20:00:56.9253355Z ##[endgroup]
2025-06-25T20:00:56.9255469Z Secret source: Actions
2025-06-25T20:00:56.9256210Z Prepare workflow directory
2025-06-25T20:00:56.9851647Z Prepare all required actions
2025-06-25T20:00:56.9887787Z Getting action download info
2025-06-25T20:00:57.5011089Z ##[group]Download immutable action package 'actions/checkout@v4'
2025-06-25T20:00:57.5012445Z Version: 4.2.2
2025-06-25T20:00:57.5013705Z Digest: sha256:ccb2698953eaebd21c7bf6268a94f9c26518a7e38e27e0b83c1fe1ad049819b1
2025-06-25T20:00:57.5015257Z Source commit SHA: 11bd71901bbe5b1630ceea73d27597364c9af683
2025-06-25T20:00:57.5016236Z ##[endgroup]
2025-06-25T20:00:57.7272690Z ##[group]Download immutable action package 'actions/setup-python@v5'
2025-06-25T20:00:57.7273581Z Version: 5.6.0
2025-06-25T20:00:57.7274328Z Digest: sha256:0b35a0c11c97499e4e0576589036d450b9f5f9da74b7774225b3614b57324404
2025-06-25T20:00:57.7275337Z Source commit SHA: a26af69be951a213d495a4c3e4e4022e16d87065
2025-06-25T20:00:57.7276079Z ##[endgroup]
2025-06-25T20:00:58.2875714Z ##[group]Download immutable action package 'actions/cache@v4'
2025-06-25T20:00:58.2876559Z Version: 4.2.3
2025-06-25T20:00:58.2877302Z Digest: sha256:c8a3bb963e1f1826d8fcc8d1354f0dd29d8ac1db1d4f6f20247055ae11b81ed9
2025-06-25T20:00:58.2878347Z Source commit SHA: 5a3ec84eff668545956fd18022155c47e93e2684
2025-06-25T20:00:58.2879093Z ##[endgroup]
2025-06-25T20:00:58.4457784Z Download action repository 'ilammy/msvc-dev-cmd@v1' (SHA:0b201ec74fa43914dc39ae48a89fd1d8cb592756)
2025-06-25T20:00:59.2046502Z Download action repository 'lukka/run-vcpkg@v11' (SHA:7d259227a1fb6471a0253dd5ab7419835228f7d7)
2025-06-25T20:01:00.1463416Z ##[group]Download immutable action package 'actions/upload-artifact@v4'
2025-06-25T20:01:00.1463879Z Version: 4.6.2
2025-06-25T20:01:00.1464295Z Digest: sha256:290722aa3281d5caf23d0acdc3dbeb3424786a1a01a9cc97e72f147225e37c38
2025-06-25T20:01:00.1464756Z Source commit SHA: ea165f8d65b6e75b540449e92b4886f43607fa02
2025-06-25T20:01:00.1465091Z ##[endgroup]
2025-06-25T20:01:00.4936669Z Complete job name: Build Windows (x86) Python 3.9
2025-06-25T20:01:00.5793641Z ##[group]Run actions/checkout@v4
2025-06-25T20:01:00.5794459Z with:
2025-06-25T20:01:00.5794703Z   submodules: recursive
2025-06-25T20:01:00.5795056Z   repository: Ambro86/synthizer3d
2025-06-25T20:01:00.5795606Z   token: ***
2025-06-25T20:01:00.5795836Z   ssh-strict: true
2025-06-25T20:01:00.5797631Z   ssh-user: git
2025-06-25T20:01:00.5797931Z   persist-credentials: true
2025-06-25T20:01:00.5798241Z   clean: true
2025-06-25T20:01:00.5798502Z   sparse-checkout-cone-mode: true
2025-06-25T20:01:00.5798817Z   fetch-depth: 1
2025-06-25T20:01:00.5799051Z   fetch-tags: false
2025-06-25T20:01:00.5799317Z   show-progress: true
2025-06-25T20:01:00.5799577Z   lfs: false
2025-06-25T20:01:00.5799812Z   set-safe-directory: true
2025-06-25T20:01:00.5800406Z env:
2025-06-25T20:01:00.5800651Z   PYVERSION: 3.9
2025-06-25T20:01:00.5800921Z   CI_ARCH_LOWER: x86
2025-06-25T20:01:00.5801155Z   CI_WINDOWS: 1
2025-06-25T20:01:00.5801424Z   CI_ARCH_ENV: x86
2025-06-25T20:01:00.5801783Z   VCPKG_DEFAULT_TRIPLET: x86-windows
2025-06-25T20:01:00.5802265Z   EFFECTIVE_VCPKG_INSTALLED_DIR_BASE: D:\a\synthizer3d\synthizer3d\vcpkg_installed
2025-06-25T20:01:00.5802675Z ##[endgroup]
2025-06-25T20:01:01.3338897Z Syncing repository: Ambro86/synthizer3d
2025-06-25T20:01:01.3807521Z ##[group]Getting Git version info
2025-06-25T20:01:01.3808262Z Working directory is 'D:\a\synthizer3d\synthizer3d'
2025-06-25T20:01:01.9274228Z [command]"C:\Program Files\Git\bin\git.exe" version
2025-06-25T20:01:02.1503060Z git version 2.50.0.windows.1
2025-06-25T20:01:02.1517480Z ##[endgroup]
2025-06-25T20:01:02.1848538Z Temporarily overriding HOME='D:\a\_temp\5c62e0a6-b84a-4fc8-85a6-c7e3f9eb763e' before making global git config changes
2025-06-25T20:01:02.1849677Z Adding repository directory to the temporary git global config as a safe directory
2025-06-25T20:01:02.1861030Z [command]"C:\Program Files\Git\bin\git.exe" config --global --add safe.directory D:\a\synthizer3d\synthizer3d
2025-06-25T20:01:02.2933681Z Deleting the contents of 'D:\a\synthizer3d\synthizer3d'
2025-06-25T20:01:02.2940624Z ##[group]Initializing the repository
2025-06-25T20:01:02.2956467Z [command]"C:\Program Files\Git\bin\git.exe" init D:\a\synthizer3d\synthizer3d
2025-06-25T20:01:02.4548933Z Initialized empty Git repository in D:/a/synthizer3d/synthizer3d/.git/
2025-06-25T20:01:02.4589290Z [command]"C:\Program Files\Git\bin\git.exe" remote add origin https://github.com/Ambro86/synthizer3d
2025-06-25T20:01:02.5699039Z ##[endgroup]
2025-06-25T20:01:02.5700216Z ##[group]Disabling automatic garbage collection
2025-06-25T20:01:02.5700990Z [command]"C:\Program Files\Git\bin\git.exe" config --local gc.auto 0
2025-06-25T20:01:02.5890296Z ##[endgroup]
2025-06-25T20:01:02.5890713Z ##[group]Setting up auth
2025-06-25T20:01:02.5891294Z [command]"C:\Program Files\Git\bin\git.exe" config --local --name-only --get-regexp core\.sshCommand
2025-06-25T20:01:02.6127934Z [command]"C:\Program Files\Git\bin\git.exe" submodule foreach --recursive "sh -c \"git config --local --name-only --get-regexp 'core\.sshCommand' && git config --local --unset-all 'core.sshCommand' || :\""
2025-06-25T20:01:05.6882311Z [command]"C:\Program Files\Git\bin\git.exe" config --local --name-only --get-regexp http\.https\:\/\/github\.com\/\.extraheader
2025-06-25T20:01:05.7126241Z [command]"C:\Program Files\Git\bin\git.exe" submodule foreach --recursive "sh -c \"git config --local --name-only --get-regexp 'http\.https\:\/\/github\.com\/\.extraheader' && git config --local --unset-all 'http.https://github.com/.extraheader' || :\""
2025-06-25T20:01:06.1293045Z [command]"C:\Program Files\Git\bin\git.exe" config --local http.https://github.com/.extraheader "AUTHORIZATION: basic ***"
2025-06-25T20:01:06.1522702Z ##[endgroup]
2025-06-25T20:01:06.1523162Z ##[group]Fetching the repository
2025-06-25T20:01:06.1545479Z [command]"C:\Program Files\Git\bin\git.exe" -c protocol.version=2 fetch --no-tags --prune --no-recurse-submodules --depth=1 origin +7aeb14910b0074a5464003dca438a92efe35c600:refs/remotes/origin/master
2025-06-25T20:01:09.2378610Z From https://github.com/Ambro86/synthizer3d
2025-06-25T20:01:09.2379338Z  * [new ref]         7aeb14910b0074a5464003dca438a92efe35c600 -> origin/master
2025-06-25T20:01:09.2599537Z ##[endgroup]
2025-06-25T20:01:09.2600206Z ##[group]Determining the checkout info
2025-06-25T20:01:09.2602974Z ##[endgroup]
2025-06-25T20:01:09.2615242Z [command]"C:\Program Files\Git\bin\git.exe" sparse-checkout disable
2025-06-25T20:01:09.2971947Z [command]"C:\Program Files\Git\bin\git.exe" config --local --unset-all extensions.worktreeConfig
2025-06-25T20:01:09.3201739Z ##[group]Checking out the ref
2025-06-25T20:01:09.3215125Z [command]"C:\Program Files\Git\bin\git.exe" checkout --progress --force -B master refs/remotes/origin/master
2025-06-25T20:01:10.0958266Z branch 'master' set up to track 'origin/master'.
2025-06-25T20:01:10.0963477Z Reset branch 'master'
2025-06-25T20:01:10.1022547Z ##[endgroup]
2025-06-25T20:01:10.1025558Z ##[group]Setting up auth for fetching submodules
2025-06-25T20:01:10.1041517Z [command]"C:\Program Files\Git\bin\git.exe" config --global http.https://github.com/.extraheader "AUTHORIZATION: basic ***"
2025-06-25T20:01:10.1283110Z [command]"C:\Program Files\Git\bin\git.exe" config --global --unset-all url.https://github.com/.insteadOf
2025-06-25T20:01:10.1517126Z [command]"C:\Program Files\Git\bin\git.exe" config --global --add url.https://github.com/.insteadOf git@github.com:
2025-06-25T20:01:10.1758579Z [command]"C:\Program Files\Git\bin\git.exe" config --global --add url.https://github.com/.insteadOf org-58132298@github.com:
2025-06-25T20:01:10.1979792Z ##[endgroup]
2025-06-25T20:01:10.1980330Z ##[group]Fetching submodules
2025-06-25T20:01:10.1989916Z [command]"C:\Program Files\Git\bin\git.exe" submodule sync --recursive
2025-06-25T20:01:10.6251650Z [command]"C:\Program Files\Git\bin\git.exe" -c protocol.version=2 submodule update --init --force --depth=1 --recursive
2025-06-25T20:01:11.0333706Z [command]"C:\Program Files\Git\bin\git.exe" submodule foreach --recursive "git config --local gc.auto 0"
2025-06-25T20:01:11.4709771Z ##[endgroup]
2025-06-25T20:01:11.4710151Z ##[group]Persisting credentials for submodules
2025-06-25T20:01:11.4727287Z [command]"C:\Program Files\Git\bin\git.exe" submodule foreach --recursive "sh -c \"git config --local --name-only --get-regexp 'url\.https\:\/\/github\.com\/\.insteadOf' && git config --local --unset-all 'url.https://github.com/.insteadOf' || :\""
2025-06-25T20:01:11.9084340Z [command]"C:\Program Files\Git\bin\git.exe" submodule foreach --recursive "sh -c \"git config --local 'http.https://github.com/.extraheader' 'AUTHORIZATION: basic ***' && git config --local --show-origin --name-only --get-regexp remote.origin.url\""
2025-06-25T20:01:12.3308393Z [command]"C:\Program Files\Git\bin\git.exe" submodule foreach --recursive "git config --local --add 'url.https://github.com/.insteadOf' 'git@github.com:'"
2025-06-25T20:01:12.7720128Z [command]"C:\Program Files\Git\bin\git.exe" submodule foreach --recursive "git config --local --add 'url.https://github.com/.insteadOf' 'org-58132298@github.com:'"
2025-06-25T20:01:13.2409706Z ##[endgroup]
2025-06-25T20:01:13.2687429Z [command]"C:\Program Files\Git\bin\git.exe" log -1 --format=%H
2025-06-25T20:01:13.2898986Z 7aeb14910b0074a5464003dca438a92efe35c600
2025-06-25T20:01:13.3242201Z ##[group]Run actions/setup-python@v5
2025-06-25T20:01:13.3242514Z with:
2025-06-25T20:01:13.3242678Z   python-version: 3.9
2025-06-25T20:01:13.3242862Z   architecture: x86
2025-06-25T20:01:13.3243025Z   check-latest: false
2025-06-25T20:01:13.3243361Z   token: ***
2025-06-25T20:01:13.3243530Z   update-environment: true
2025-06-25T20:01:13.3243725Z   allow-prereleases: false
2025-06-25T20:01:13.3243908Z   freethreaded: false
2025-06-25T20:01:13.3244069Z env:
2025-06-25T20:01:13.3244206Z   PYVERSION: 3.9
2025-06-25T20:01:13.3244359Z   CI_ARCH_LOWER: x86
2025-06-25T20:01:13.3244516Z   CI_WINDOWS: 1
2025-06-25T20:01:13.3244663Z   CI_ARCH_ENV: x86
2025-06-25T20:01:13.3244824Z   VCPKG_DEFAULT_TRIPLET: x86-windows
2025-06-25T20:01:13.3245164Z   EFFECTIVE_VCPKG_INSTALLED_DIR_BASE: D:\a\synthizer3d\synthizer3d\vcpkg_installed
2025-06-25T20:01:13.3245495Z ##[endgroup]
2025-06-25T20:01:13.5569479Z ##[group]Installed versions
2025-06-25T20:01:13.6031576Z Successfully set up CPython (3.9.13)
2025-06-25T20:01:13.6032524Z ##[endgroup]
2025-06-25T20:01:13.6278774Z ##[group]Run python -m pip install --upgrade pip
2025-06-25T20:01:13.6279191Z [36;1mpython -m pip install --upgrade pip[0m
2025-06-25T20:01:13.6652078Z shell: C:\Program Files\PowerShell\7\pwsh.EXE -command ". '{0}'"
2025-06-25T20:01:13.6652398Z env:
2025-06-25T20:01:13.6652565Z   PYVERSION: 3.9
2025-06-25T20:01:13.6652730Z   CI_ARCH_LOWER: x86
2025-06-25T20:01:13.6652893Z   CI_WINDOWS: 1
2025-06-25T20:01:13.6653037Z   CI_ARCH_ENV: x86
2025-06-25T20:01:13.6653213Z   VCPKG_DEFAULT_TRIPLET: x86-windows
2025-06-25T20:01:13.6653561Z   EFFECTIVE_VCPKG_INSTALLED_DIR_BASE: D:\a\synthizer3d\synthizer3d\vcpkg_installed
2025-06-25T20:01:13.6653976Z   pythonLocation: C:\hostedtoolcache\windows\Python\3.9.13\x86
2025-06-25T20:01:13.6654991Z   PKG_CONFIG_PATH: C:\hostedtoolcache\windows\Python\3.9.13\x86/lib/pkgconfig
2025-06-25T20:01:13.6655399Z   Python_ROOT_DIR: C:\hostedtoolcache\windows\Python\3.9.13\x86
2025-06-25T20:01:13.6655833Z   Python2_ROOT_DIR: C:\hostedtoolcache\windows\Python\3.9.13\x86
2025-06-25T20:01:13.6656178Z   Python3_ROOT_DIR: C:\hostedtoolcache\windows\Python\3.9.13\x86
2025-06-25T20:01:13.6656449Z ##[endgroup]
2025-06-25T20:01:27.5538926Z Requirement already satisfied: pip in c:\hostedtoolcache\windows\python\3.9.13\x86\lib\site-packages (25.1.1)
2025-06-25T20:01:29.0891066Z ##[group]Run python synthizer-c/vendor.py synthizer-vendored
2025-06-25T20:01:29.0891569Z [36;1mpython synthizer-c/vendor.py synthizer-vendored[0m
2025-06-25T20:01:29.0924151Z shell: C:\Program Files\PowerShell\7\pwsh.EXE -command ". '{0}'"
2025-06-25T20:01:29.0924456Z env:
2025-06-25T20:01:29.0924597Z   PYVERSION: 3.9
2025-06-25T20:01:29.0924763Z   CI_ARCH_LOWER: x86
2025-06-25T20:01:29.0924927Z   CI_WINDOWS: 1
2025-06-25T20:01:29.0925077Z   CI_ARCH_ENV: x86
2025-06-25T20:01:29.0925253Z   VCPKG_DEFAULT_TRIPLET: x86-windows
2025-06-25T20:01:29.0925593Z   EFFECTIVE_VCPKG_INSTALLED_DIR_BASE: D:\a\synthizer3d\synthizer3d\vcpkg_installed
2025-06-25T20:01:29.0926025Z   pythonLocation: C:\hostedtoolcache\windows\Python\3.9.13\x86
2025-06-25T20:01:29.0926411Z   PKG_CONFIG_PATH: C:\hostedtoolcache\windows\Python\3.9.13\x86/lib/pkgconfig
2025-06-25T20:01:29.0926805Z   Python_ROOT_DIR: C:\hostedtoolcache\windows\Python\3.9.13\x86
2025-06-25T20:01:29.0927181Z   Python2_ROOT_DIR: C:\hostedtoolcache\windows\Python\3.9.13\x86
2025-06-25T20:01:29.0927935Z   Python3_ROOT_DIR: C:\hostedtoolcache\windows\Python\3.9.13\x86
2025-06-25T20:01:29.0928215Z ##[endgroup]
2025-06-25T20:01:31.7672701Z ##[group]Run actions/cache@v4
2025-06-25T20:01:31.7672978Z with:
2025-06-25T20:01:31.7673163Z   path: ~\AppData\Local\pip\Cache
2025-06-25T20:01:31.7673588Z   key: Windows-pip-3.9-x86-ebd7ced2925c28dc1ad4eb51822ae2d2b1a9023a8b34d653a58f9feae5d497ae
2025-06-25T20:01:31.7674072Z   restore-keys: Windows-pip-3.9-x86-

2025-06-25T20:01:31.7674317Z   enableCrossOsArchive: false
2025-06-25T20:01:31.7674531Z   fail-on-cache-miss: false
2025-06-25T20:01:31.7674744Z   lookup-only: false
2025-06-25T20:01:31.7674906Z   save-always: false
2025-06-25T20:01:31.7675062Z env:
2025-06-25T20:01:31.7675201Z   PYVERSION: 3.9
2025-06-25T20:01:31.7675367Z   CI_ARCH_LOWER: x86
2025-06-25T20:01:31.7675523Z   CI_WINDOWS: 1
2025-06-25T20:01:31.7675674Z   CI_ARCH_ENV: x86
2025-06-25T20:01:31.7675869Z   VCPKG_DEFAULT_TRIPLET: x86-windows
2025-06-25T20:01:31.7676601Z   EFFECTIVE_VCPKG_INSTALLED_DIR_BASE: D:\a\synthizer3d\synthizer3d\vcpkg_installed
2025-06-25T20:01:31.7677501Z   pythonLocation: C:\hostedtoolcache\windows\Python\3.9.13\x86
2025-06-25T20:01:31.7677897Z   PKG_CONFIG_PATH: C:\hostedtoolcache\windows\Python\3.9.13\x86/lib/pkgconfig
2025-06-25T20:01:31.7678279Z   Python_ROOT_DIR: C:\hostedtoolcache\windows\Python\3.9.13\x86
2025-06-25T20:01:31.7678623Z   Python2_ROOT_DIR: C:\hostedtoolcache\windows\Python\3.9.13\x86
2025-06-25T20:01:31.7678970Z   Python3_ROOT_DIR: C:\hostedtoolcache\windows\Python\3.9.13\x86
2025-06-25T20:01:31.7679442Z ##[endgroup]
2025-06-25T20:01:32.9151187Z Cache hit for: Windows-pip-3.9-x86-ebd7ced2925c28dc1ad4eb51822ae2d2b1a9023a8b34d653a58f9feae5d497ae
2025-06-25T20:01:34.2375435Z Received 28609855 of 36998463 (77.3%), 27.3 MBs/sec
2025-06-25T20:01:34.3454407Z Received 36998463 of 36998463 (100.0%), 31.8 MBs/sec
2025-06-25T20:01:34.3457977Z Cache Size: ~35 MB (36998463 B)
2025-06-25T20:01:34.3499218Z [command]"C:\Program Files\Git\usr\bin\tar.exe" -xf D:/a/_temp/9ede43ea-0d0f-40ae-bbf6-ce8bc8259802/cache.tzst -P -C D:/a/synthizer3d/synthizer3d --force-local --use-compress-program "zstd -d"
2025-06-25T20:01:35.0200197Z Cache restored successfully
2025-06-25T20:01:35.3051843Z Cache restored from key: Windows-pip-3.9-x86-ebd7ced2925c28dc1ad4eb51822ae2d2b1a9023a8b34d653a58f9feae5d497ae
2025-06-25T20:01:35.3333459Z ##[group]Run ilammy/msvc-dev-cmd@v1
2025-06-25T20:01:35.3333768Z with:
2025-06-25T20:01:35.3333932Z   arch: x86
2025-06-25T20:01:35.3334094Z env:
2025-06-25T20:01:35.3334249Z   PYVERSION: 3.9
2025-06-25T20:01:35.3334424Z   CI_ARCH_LOWER: x86
2025-06-25T20:01:35.3334597Z   CI_WINDOWS: 1
2025-06-25T20:01:35.3334744Z   CI_ARCH_ENV: x86
2025-06-25T20:01:35.3334930Z   VCPKG_DEFAULT_TRIPLET: x86-windows
2025-06-25T20:01:35.3335305Z   EFFECTIVE_VCPKG_INSTALLED_DIR_BASE: D:\a\synthizer3d\synthizer3d\vcpkg_installed
2025-06-25T20:01:35.3335751Z   pythonLocation: C:\hostedtoolcache\windows\Python\3.9.13\x86
2025-06-25T20:01:35.3336154Z   PKG_CONFIG_PATH: C:\hostedtoolcache\windows\Python\3.9.13\x86/lib/pkgconfig
2025-06-25T20:01:35.3336546Z   Python_ROOT_DIR: C:\hostedtoolcache\windows\Python\3.9.13\x86
2025-06-25T20:01:35.3336900Z   Python2_ROOT_DIR: C:\hostedtoolcache\windows\Python\3.9.13\x86
2025-06-25T20:01:35.3337286Z   Python3_ROOT_DIR: C:\hostedtoolcache\windows\Python\3.9.13\x86
2025-06-25T20:01:35.3337559Z ##[endgroup]
2025-06-25T20:01:35.9852340Z Found with vswhere: C:\Program Files\Microsoft Visual Studio\2022\Enterprise\VC\Auxiliary\Build\vcvarsall.bat
2025-06-25T20:01:43.9661699Z ##[group]Environment variables
2025-06-25T20:01:43.9662161Z Setting CommandPromptType
2025-06-25T20:01:43.9675866Z Setting DevEnvDir
2025-06-25T20:01:43.9679693Z Setting ExtensionSdkDir
2025-06-25T20:01:43.9682728Z Setting EXTERNAL_INCLUDE
2025-06-25T20:01:43.9688503Z Setting Framework40Version
2025-06-25T20:01:43.9690861Z Setting FrameworkDir
2025-06-25T20:01:43.9693435Z Setting FrameworkDir32
2025-06-25T20:01:43.9697369Z Setting FrameworkVersion
2025-06-25T20:01:43.9700903Z Setting FrameworkVersion32
2025-06-25T20:01:43.9704659Z Setting FSHARPINSTALLDIR
2025-06-25T20:01:43.9708764Z Setting HTMLHelpDir
2025-06-25T20:01:43.9718991Z Setting IFCPATH
2025-06-25T20:01:43.9723462Z Setting INCLUDE
2025-06-25T20:01:43.9728096Z Setting LIB
2025-06-25T20:01:43.9730464Z Setting LIBPATH
2025-06-25T20:01:43.9733109Z Setting NETFXSDKDir
2025-06-25T20:01:43.9735972Z Setting Path
2025-06-25T20:01:43.9741075Z Setting Platform
2025-06-25T20:01:43.9744959Z Setting UCRTVersion
2025-06-25T20:01:43.9747893Z Setting UniversalCRTSdkDir
2025-06-25T20:01:43.9749936Z Setting VCIDEInstallDir
2025-06-25T20:01:43.9751928Z Setting VCINSTALLDIR
2025-06-25T20:01:43.9754888Z Setting VCPKG_ROOT
2025-06-25T20:01:43.9756885Z Setting VCToolsInstallDir
2025-06-25T20:01:43.9758725Z Setting VCToolsRedistDir
2025-06-25T20:01:43.9760577Z Setting VCToolsVersion
2025-06-25T20:01:43.9762411Z Setting VisualStudioVersion
2025-06-25T20:01:43.9764257Z Setting VS170COMNTOOLS
2025-06-25T20:01:43.9766112Z Setting VSCMD_ARG_app_plat
2025-06-25T20:01:43.9767921Z Setting VSCMD_ARG_HOST_ARCH
2025-06-25T20:01:43.9769789Z Setting VSCMD_ARG_TGT_ARCH
2025-06-25T20:01:43.9771656Z Setting VSCMD_VER
2025-06-25T20:01:43.9774024Z Setting VSINSTALLDIR
2025-06-25T20:01:43.9776616Z Setting VSSDK150INSTALL
2025-06-25T20:01:43.9779392Z Setting VSSDKINSTALL
2025-06-25T20:01:43.9781696Z Setting WindowsLibPath
2025-06-25T20:01:43.9784485Z Setting WindowsSdkBinPath
2025-06-25T20:01:43.9786882Z Setting WindowsSdkDir
2025-06-25T20:01:43.9789571Z Setting WindowsSDKLibVersion
2025-06-25T20:01:43.9792144Z Setting WindowsSdkVerBinPath
2025-06-25T20:01:43.9794279Z Setting WindowsSDKVersion
2025-06-25T20:01:43.9797300Z Setting WindowsSDK_ExecutablePath_x64
2025-06-25T20:01:43.9799566Z Setting WindowsSDK_ExecutablePath_x86
2025-06-25T20:01:43.9801775Z Setting __DOTNET_ADD_32BIT
2025-06-25T20:01:43.9804441Z Setting __DOTNET_PREFERRED_BITNESS
2025-06-25T20:01:43.9807033Z Setting __VSCMD_PREINIT_PATH
2025-06-25T20:01:43.9810362Z ##[endgroup]
2025-06-25T20:01:43.9810669Z Configured Developer Command Prompt
2025-06-25T20:01:44.0016917Z ##[group]Run lukka/run-vcpkg@v11
2025-06-25T20:01:44.0017224Z with:
2025-06-25T20:01:44.0017396Z   vcpkgJsonGlob: vcpkg.json
2025-06-25T20:01:44.0017615Z   runVcpkgInstall: true
2025-06-25T20:01:44.0017853Z   vcpkgDirectory: D:\a\synthizer3d\synthizer3d/vcpkg
2025-06-25T20:01:44.0018186Z   vcpkgGitURL: https://github.com/microsoft/vcpkg.git
2025-06-25T20:01:44.0018477Z   doNotUpdateVcpkg: false
2025-06-25T20:01:44.0018691Z   doNotCache: true
2025-06-25T20:01:44.0018865Z   vcpkgJsonIgnores: ['**/vcpkg/**']
2025-06-25T20:01:44.0019169Z   vcpkgConfigurationJsonGlob: **/vcpkg-configuration.json
2025-06-25T20:01:44.0019824Z   runVcpkgFormatString: [`install`, `--recurse`, `--clean-after-build`, `--x-install-root`, `$[env.VCPKG_INSTALLED_DIR]`, `--triplet`, `$[env.VCPKG_DEFAULT_TRIPLET]`]
2025-06-25T20:01:44.0020816Z   useShell: true
2025-06-25T20:01:44.0021334Z   logCollectionRegExps: \s*"(.+CMakeOutput\.log)"\.\s*;\s*"(.+CMakeError\.log)"\.\s*;\s*(.+out\.log)\s*;\s+(.+err\.log)\s*;\s*(.+vcpkg.+\.log)\s*
2025-06-25T20:01:44.0021785Z env:
2025-06-25T20:01:44.0021932Z   PYVERSION: 3.9
2025-06-25T20:01:44.0022105Z   CI_ARCH_LOWER: x86
2025-06-25T20:01:44.0022338Z   CI_WINDOWS: 1
2025-06-25T20:01:44.0022501Z   CI_ARCH_ENV: x86
2025-06-25T20:01:44.0022676Z   VCPKG_DEFAULT_TRIPLET: x86-windows
2025-06-25T20:01:44.0023028Z   EFFECTIVE_VCPKG_INSTALLED_DIR_BASE: D:\a\synthizer3d\synthizer3d\vcpkg_installed
2025-06-25T20:01:44.0023461Z   pythonLocation: C:\hostedtoolcache\windows\Python\3.9.13\x86
2025-06-25T20:01:44.0023847Z   PKG_CONFIG_PATH: C:\hostedtoolcache\windows\Python\3.9.13\x86/lib/pkgconfig
2025-06-25T20:01:44.0024258Z   Python_ROOT_DIR: C:\hostedtoolcache\windows\Python\3.9.13\x86
2025-06-25T20:01:44.0024619Z   Python2_ROOT_DIR: C:\hostedtoolcache\windows\Python\3.9.13\x86
2025-06-25T20:01:44.0024968Z   Python3_ROOT_DIR: C:\hostedtoolcache\windows\Python\3.9.13\x86
2025-06-25T20:01:44.0025249Z   CommandPromptType: Native
2025-06-25T20:01:44.0025579Z   DevEnvDir: C:\Program Files\Microsoft Visual Studio\2022\Enterprise\Common7\IDE\
2025-06-25T20:01:44.0026058Z   ExtensionSdkDir: C:\Program Files (x86)\Microsoft SDKs\Windows Kits\10\ExtensionSDKs
2025-06-25T20:01:44.0028254Z   EXTERNAL_INCLUDE: C:\Program Files\Microsoft Visual Studio\2022\Enterprise\VC\Tools\MSVC\14.44.35207\include;C:\Program Files\Microsoft Visual Studio\2022\Enterprise\VC\Tools\MSVC\14.44.35207\ATLMFC\include;C:\Program Files\Microsoft Visual Studio\2022\Enterprise\VC\Auxiliary\VS\include;C:\Program Files (x86)\Windows Kits\10\include\10.0.26100.0\ucrt;C:\Program Files (x86)\Windows Kits\10\\include\10.0.26100.0\\um;C:\Program Files (x86)\Windows Kits\10\\include\10.0.26100.0\\shared;C:\Program Files (x86)\Windows Kits\10\\include\10.0.26100.0\\winrt;C:\Program Files (x86)\Windows Kits\10\\include\10.0.26100.0\\cppwinrt;C:\Program Files (x86)\Windows Kits\NETFXSDK\4.8\include\um
2025-06-25T20:01:44.0030185Z   Framework40Version: v4.0
2025-06-25T20:01:44.0030419Z   FrameworkDir: C:\Windows\Microsoft.NET\Framework\
2025-06-25T20:01:44.0030727Z   FrameworkDir32: C:\Windows\Microsoft.NET\Framework\
2025-06-25T20:01:44.0030994Z   FrameworkVersion: v4.0.30319
2025-06-25T20:01:44.0031210Z   FrameworkVersion32: v4.0.30319
2025-06-25T20:01:44.0031762Z   FSHARPINSTALLDIR: C:\Program Files\Microsoft Visual Studio\2022\Enterprise\Common7\IDE\CommonExtensions\Microsoft\FSharp\Tools
2025-06-25T20:01:44.0032355Z   HTMLHelpDir: C:\Program Files (x86)\HTML Help Workshop
2025-06-25T20:01:44.0032990Z   IFCPATH: C:\Program Files\Microsoft Visual Studio\2022\Enterprise\VC\Tools\MSVC\14.44.35207\ifc\x86
2025-06-25T20:01:44.0036656Z   INCLUDE: C:\Program Files\Microsoft Visual Studio\2022\Enterprise\VC\Tools\MSVC\14.44.35207\include;C:\Program Files\Microsoft Visual Studio\2022\Enterprise\VC\Tools\MSVC\14.44.35207\ATLMFC\include;C:\Program Files\Microsoft Visual Studio\2022\Enterprise\VC\Auxiliary\VS\include;C:\Program Files (x86)\Windows Kits\10\include\10.0.26100.0\ucrt;C:\Program Files (x86)\Windows Kits\10\\include\10.0.26100.0\\um;C:\Program Files (x86)\Windows Kits\10\\include\10.0.26100.0\\shared;C:\Program Files (x86)\Windows Kits\10\\include\10.0.26100.0\\winrt;C:\Program Files (x86)\Windows Kits\10\\include\10.0.26100.0\\cppwinrt;C:\Program Files (x86)\Windows Kits\NETFXSDK\4.8\include\um
2025-06-25T20:01:44.0039686Z   LIB: C:\Program Files\Microsoft Visual Studio\2022\Enterprise\VC\Tools\MSVC\14.44.35207\ATLMFC\lib\x86;C:\Program Files\Microsoft Visual Studio\2022\Enterprise\VC\Tools\MSVC\14.44.35207\lib\x86;C:\Program Files (x86)\Windows Kits\NETFXSDK\4.8\lib\um\x86;C:\Program Files (x86)\Windows Kits\10\lib\10.0.26100.0\ucrt\x86;C:\Program Files (x86)\Windows Kits\10\\lib\10.0.26100.0\\um\x86
2025-06-25T20:01:44.0042006Z   LIBPATH: C:\Program Files\Microsoft Visual Studio\2022\Enterprise\VC\Tools\MSVC\14.44.35207\ATLMFC\lib\x86;C:\Program Files\Microsoft Visual Studio\2022\Enterprise\VC\Tools\MSVC\14.44.35207\lib\x86;C:\Program Files\Microsoft Visual Studio\2022\Enterprise\VC\Tools\MSVC\14.44.35207\lib\x86\store\references;C:\Program Files (x86)\Windows Kits\10\UnionMetadata\10.0.26100.0;C:\Program Files (x86)\Windows Kits\10\References\10.0.26100.0;C:\Windows\Microsoft.NET\Framework\v4.0.30319
2025-06-25T20:01:44.0043615Z   NETFXSDKDir: C:\Program Files (x86)\Windows Kits\NETFXSDK\4.8\
2025-06-25T20:01:44.0057868Z   Path: C:\Program Files\Microsoft Visual Studio\2022\Enterprise\VC\Tools\MSVC\14.44.35207\bin\HostX86\x86;C:\Program Files\Microsoft Visual Studio\2022\Enterprise\Common7\IDE\VC\VCPackages;C:\Program Files\Microsoft Visual Studio\2022\Enterprise\Common7\IDE\CommonExtensions\Microsoft\TestWindow;C:\Program Files\Microsoft Visual Studio\2022\Enterprise\Common7\IDE\CommonExtensions\Microsoft\TeamFoundation\Team Explorer;C:\Program Files\Microsoft Visual Studio\2022\Enterprise\MSBuild\Current\bin\Roslyn;C:\Program Files (x86)\Microsoft SDKs\Windows\v10.0A\bin\NETFX 4.8 Tools\;C:\Program Files (x86)\HTML Help Workshop;C:\Program Files\Microsoft Visual Studio\2022\Enterprise\Common7\IDE\CommonExtensions\Microsoft\FSharp\Tools;C:\Program Files\Microsoft Visual Studio\2022\Enterprise\Team Tools\DiagnosticsHub\Collector;C:\Program Files\Microsoft Visual Studio\2022\Enterprise\Common7\IDE\Extensions\Microsoft\CodeCoverage.Console;C:\Program Files (x86)\Windows Kits\10\bin\10.0.26100.0\\x86;C:\Program Files (x86)\Windows Kits\10\bin\\x86;C:\Program Files\Microsoft Visual Studio\2022\Enterprise\\MSBuild\Current\Bin\amd64;C:\Windows\Microsoft.NET\Framework\v4.0.30319;C:\Program Files\Microsoft Visual Studio\2022\Enterprise\Common7\IDE\;C:\Program Files\Microsoft Visual Studio\2022\Enterprise\Common7\Tools\;C:\Users\runneradmin\AppData\Roaming\Python\Python39\Scripts;C:\hostedtoolcache\windows\Python\3.9.13\x86\Scripts;C:\hostedtoolcache\windows\Python\3.9.13\x86;C:\Program Files\MongoDB\Server\5.0\bin;C:\aliyun-cli;C:\vcpkg;C:\Program Files (x86)\NSIS\;C:\tools\zstd;C:\Program Files\Mercurial\;C:\hostedtoolcache\windows\stack\3.5.1\x64;C:\cabal\bin;C:\\ghcup\bin;C:\mingw64\bin;C:\Program Files\dotnet;C:\Program Files\MySQL\MySQL Server 8.0\bin;C:\Program Files\R\R-4.4.2\bin\x64;C:\SeleniumWebDrivers\GeckoDriver;C:\SeleniumWebDrivers\EdgeDriver\;C:\SeleniumWebDrivers\ChromeDriver;C:\Program Files (x86)\sbt\bin;C:\Program Files (x86)\GitHub CLI;C:\Program Files\Git\bin;C:\Program Files (x86)\pipx_bin;C:\npm\prefix;C:\hostedtoolcache\windows\go\1.24.4\x64\bin;C:\hostedtoolcache\windows\Python\3.9.13\x64\Scripts;C:\hostedtoolcache\windows\Python\3.9.13\x64;C:\hostedtoolcache\windows\Ruby\3.3.8\x64\bin;C:\Program Files\OpenSSL\bin;C:\tools\kotlinc\bin;C:\hostedtoolcache\windows\Java_Temurin-Hotspot_jdk\8.0.452-9\x64\bin;C:\Program Files\ImageMagick-7.1.1-Q16-HDRI;C:\Program Files\Microsoft SDKs\Azure\CLI2\wbin;C:\ProgramData\kind;C:\ProgramData\Chocolatey\bin;C:\Windows\system32;C:\Windows;C:\Windows\System32\Wbem;C:\Windows\System32\WindowsPowerShell\v1.0\;C:\Windows\System32\OpenSSH\;C:\Program Files\dotnet\;C:\Program Files\PowerShell\7\;C:\Program Files\Microsoft\Web Platform Installer\;C:\Program Files\TortoiseSVN\bin;C:\Program Files\Microsoft SQL Server\Client SDK\ODBC\170\Tools\Binn\;C:\Program Files\Microsoft SQL Server\150\Tools\Binn\;C:\Program Files (x86)\Windows Kits\10\Windows Performance Toolkit\;C:\Program Files (x86)\WiX Toolset v3.14\bin;C:\Program Files\Microsoft SQL Server\130\DTS\Binn\;C:\Program Files\Microsoft SQL Server\140\DTS\Binn\;C:\Program Files\Microsoft SQL Server\150\DTS\Binn\;C:\Program Files\Microsoft SQL Server\160\DTS\Binn\;C:\Strawberry\c\bin;C:\Strawberry\perl\site\bin;C:\Strawberry\perl\bin;C:\ProgramData\chocolatey\lib\pulumi\tools\Pulumi\bin;C:\Program Files\CMake\bin;C:\ProgramData\chocolatey\lib\maven\apache-maven-3.9.10\bin;C:\Program Files\Microsoft Service Fabric\bin\Fabric\Fabric.Code;C:\Program Files\Microsoft SDKs\Service Fabric\Tools\ServiceFabricLocalClusterManager;C:\Program Files\nodejs\;C:\Program Files\Git\cmd;C:\Program Files\Git\mingw64\bin;C:\Program Files\Git\usr\bin;C:\Program Files\GitHub CLI\;c:\tools\php;C:\Program Files\Amazon\AWSCLIV2\;C:\Program Files\Amazon\SessionManagerPlugin\bin\;C:\Program Files\Amazon\AWSSAMCLI\bin\;C:\Program Files\Microsoft SQL Server\130\Tools\Binn\;C:\Program Files\LLVM\bin;C:\Users\runneradmin\.dotnet\tools;C:\Users\runneradmin\.cargo\bin;C:\Users\runneradmin\AppData\Local\Microsoft\WindowsApps;C:\Program Files (x86)\Microsoft Visual Studio\Installer;C:\Program Files\Microsoft Visual Studio\2022\Enterprise\VC\Tools\Llvm\bin;C:\Program Files\Microsoft Visual Studio\2022\Enterprise\Common7\IDE\CommonExtensions\Microsoft\CMake\CMake\bin;C:\Program Files\Microsoft Visual Studio\2022\Enterprise\Common7\IDE\CommonExtensions\Microsoft\CMake\Ninja;C:\Program Files\Microsoft Visual Studio\2022\Enterprise\Common7\IDE\VC\Linux\bin\ConnectionManagerExe;C:\Program Files\Microsoft Visual Studio\2022\Enterprise\VC\vcpkg
2025-06-25T20:01:44.0071808Z   Platform: x86
2025-06-25T20:01:44.0071981Z   UCRTVersion: 10.0.26100.0
2025-06-25T20:01:44.0072255Z   UniversalCRTSdkDir: C:\Program Files (x86)\Windows Kits\10\
2025-06-25T20:01:44.0072713Z   VCIDEInstallDir: C:\Program Files\Microsoft Visual Studio\2022\Enterprise\Common7\IDE\VC\
2025-06-25T20:01:44.0073199Z   VCINSTALLDIR: C:\Program Files\Microsoft Visual Studio\2022\Enterprise\VC\
2025-06-25T20:01:44.0073632Z   VCPKG_ROOT: C:\Program Files\Microsoft Visual Studio\2022\Enterprise\VC\vcpkg
2025-06-25T20:01:44.0074143Z   VCToolsInstallDir: C:\Program Files\Microsoft Visual Studio\2022\Enterprise\VC\Tools\MSVC\14.44.35207\
2025-06-25T20:01:44.0074749Z   VCToolsRedistDir: C:\Program Files\Microsoft Visual Studio\2022\Enterprise\VC\Redist\MSVC\14.44.35112\
2025-06-25T20:01:44.0075287Z   VCToolsVersion: 14.44.35207
2025-06-25T20:01:44.0075489Z   VisualStudioVersion: 17.0
2025-06-25T20:01:44.0075832Z   VS170COMNTOOLS: C:\Program Files\Microsoft Visual Studio\2022\Enterprise\Common7\Tools\
2025-06-25T20:01:44.0076201Z   VSCMD_ARG_app_plat: Desktop
2025-06-25T20:01:44.0076398Z   VSCMD_ARG_HOST_ARCH: x86
2025-06-25T20:01:44.0076577Z   VSCMD_ARG_TGT_ARCH: x86
2025-06-25T20:01:44.0076752Z   VSCMD_VER: 17.14.5
2025-06-25T20:01:44.0077016Z   VSINSTALLDIR: C:\Program Files\Microsoft Visual Studio\2022\Enterprise\
2025-06-25T20:01:44.0077444Z   VSSDK150INSTALL: C:\Program Files\Microsoft Visual Studio\2022\Enterprise\VSSDK
2025-06-25T20:01:44.0077896Z   VSSDKINSTALL: C:\Program Files\Microsoft Visual Studio\2022\Enterprise\VSSDK
2025-06-25T20:01:44.0078504Z   WindowsLibPath: C:\Program Files (x86)\Windows Kits\10\UnionMetadata\10.0.26100.0;C:\Program Files (x86)\Windows Kits\10\References\10.0.26100.0
2025-06-25T20:01:44.0079184Z   WindowsSdkBinPath: C:\Program Files (x86)\Windows Kits\10\bin\
2025-06-25T20:01:44.0079520Z   WindowsSdkDir: C:\Program Files (x86)\Windows Kits\10\
2025-06-25T20:01:44.0079792Z   WindowsSDKLibVersion: 10.0.26100.0\
2025-06-25T20:01:44.0080122Z   WindowsSdkVerBinPath: C:\Program Files (x86)\Windows Kits\10\bin\10.0.26100.0\
2025-06-25T20:01:44.0080536Z   WindowsSDKVersion: 10.0.26100.0\
2025-06-25T20:01:44.0081162Z   WindowsSDK_ExecutablePath_x64: C:\Program Files (x86)\Microsoft SDKs\Windows\v10.0A\bin\NETFX 4.8 Tools\x64\
2025-06-25T20:01:44.0081775Z   WindowsSDK_ExecutablePath_x86: C:\Program Files (x86)\Microsoft SDKs\Windows\v10.0A\bin\NETFX 4.8 Tools\
2025-06-25T20:01:44.0082181Z   __DOTNET_ADD_32BIT: 1
2025-06-25T20:01:44.0082367Z   __DOTNET_PREFERRED_BITNESS: 32
2025-06-25T20:01:44.0090617Z   __VSCMD_PREINIT_PATH: C:\Users\runneradmin\AppData\Roaming\Python\Python39\Scripts;C:\hostedtoolcache\windows\Python\3.9.13\x86\Scripts;C:\hostedtoolcache\windows\Python\3.9.13\x86;C:\Program Files\MongoDB\Server\5.0\bin;C:\aliyun-cli;C:\vcpkg;C:\Program Files (x86)\NSIS\;C:\tools\zstd;C:\Program Files\Mercurial\;C:\hostedtoolcache\windows\stack\3.5.1\x64;C:\cabal\bin;C:\\ghcup\bin;C:\mingw64\bin;C:\Program Files\dotnet;C:\Program Files\MySQL\MySQL Server 8.0\bin;C:\Program Files\R\R-4.4.2\bin\x64;C:\SeleniumWebDrivers\GeckoDriver;C:\SeleniumWebDrivers\EdgeDriver\;C:\SeleniumWebDrivers\ChromeDriver;C:\Program Files (x86)\sbt\bin;C:\Program Files (x86)\GitHub CLI;C:\Program Files\Git\bin;C:\Program Files (x86)\pipx_bin;C:\npm\prefix;C:\hostedtoolcache\windows\go\1.24.4\x64\bin;C:\hostedtoolcache\windows\Python\3.9.13\x64\Scripts;C:\hostedtoolcache\windows\Python\3.9.13\x64;C:\hostedtoolcache\windows\Ruby\3.3.8\x64\bin;C:\Program Files\OpenSSL\bin;C:\tools\kotlinc\bin;C:\hostedtoolcache\windows\Java_Temurin-Hotspot_jdk\8.0.452-9\x64\bin;C:\Program Files\ImageMagick-7.1.1-Q16-HDRI;C:\Program Files\Microsoft SDKs\Azure\CLI2\wbin;C:\ProgramData\kind;C:\ProgramData\Chocolatey\bin;C:\Windows\system32;C:\Windows;C:\Windows\System32\Wbem;C:\Windows\System32\WindowsPowerShell\v1.0\;C:\Windows\System32\OpenSSH\;C:\Program Files\dotnet\;C:\Program Files\PowerShell\7\;C:\Program Files\Microsoft\Web Platform Installer\;C:\Program Files\TortoiseSVN\bin;C:\Program Files\Microsoft SQL Server\Client SDK\ODBC\170\Tools\Binn\;C:\Program Files\Microsoft SQL Server\150\Tools\Binn\;C:\Program Files (x86)\Windows Kits\10\Windows Performance Toolkit\;C:\Program Files (x86)\WiX Toolset v3.14\bin;C:\Program Files\Microsoft SQL Server\130\DTS\Binn\;C:\Program Files\Microsoft SQL Server\140\DTS\Binn\;C:\Program Files\Microsoft SQL Server\150\DTS\Binn\;C:\Program Files\Microsoft SQL Server\160\DTS\Binn\;C:\Strawberry\c\bin;C:\Strawberry\perl\site\bin;C:\Strawberry\perl\bin;C:\ProgramData\chocolatey\lib\pulumi\tools\Pulumi\bin;C:\Program Files\CMake\bin;C:\ProgramData\chocolatey\lib\maven\apache-maven-3.9.10\bin;C:\Program Files\Microsoft Service Fabric\bin\Fabric\Fabric.Code;C:\Program Files\Microsoft SDKs\Service Fabric\Tools\ServiceFabricLocalClusterManager;C:\Program Files\nodejs\;C:\Program Files\Git\cmd;C:\Program Files\Git\mingw64\bin;C:\Program Files\Git\usr\bin;C:\Program Files\GitHub CLI\;c:\tools\php;C:\Program Files (x86)\sbt\bin;C:\Program Files\Amazon\AWSCLIV2\;C:\Program Files\Amazon\SessionManagerPlugin\bin\;C:\Program Files\Amazon\AWSSAMCLI\bin\;C:\Program Files\Microsoft SQL Server\130\Tools\Binn\;C:\Program Files\LLVM\bin;C:\Users\runneradmin\.dotnet\tools;C:\Users\runneradmin\.cargo\bin;C:\Users\runneradmin\AppData\Local\Microsoft\WindowsApps;C:\Program Files (x86)\Microsoft Visual Studio\Installer
2025-06-25T20:01:44.0099062Z ##[endgroup]
2025-06-25T20:01:44.2930439Z ##[group]Prepare output directories
2025-06-25T20:01:44.2933067Z The vpckg root directory: 'D:\a\synthizer3d\synthizer3d\vcpkg'
2025-06-25T20:01:44.2973646Z ##[endgroup]
2025-06-25T20:01:44.2974523Z ‚è± elapsed: 0.004 seconds
2025-06-25T20:01:44.4552651Z Running command '"C:\Program Files\Git\bin\git.exe"' with args '^"submodule^",^"status^",^"D:\a\synthizer3d\synthizer3d\vcpkg^"' in current directory 'D:\a\synthizer3d\synthizer3d'.
2025-06-25T20:01:44.9259577Z error: pathspec 'D:\a\synthizer3d\synthizer3d\vcpkg' did not match any file(s) known to git
2025-06-25T20:01:44.9351710Z ##[group]Searching for vcpkg.json with glob expression 'vcpkg.json'
2025-06-25T20:01:44.9438574Z Found vcpkg.json at 'vcpkg.json'.
2025-06-25T20:01:44.9440769Z ##[endgroup]
2025-06-25T20:01:44.9441337Z ‚è± elapsed: 0.009 seconds
2025-06-25T20:01:44.9442821Z ##[group]The vcpkgCommitId is not provided, searching for a vcpkg-configuration.json using **/vcpkg-configuration.json
2025-06-25T20:01:44.9448114Z Searching for 'vcpkg-configuration.json' using: '**/vcpkg-configuration.json'
2025-06-25T20:01:44.9936467Z The file 'vcpkg-configuration.json' was not found with glob expression '**/vcpkg-configuration.json'.
2025-06-25T20:01:44.9937826Z A vcpkg-configuration.json is not found.
2025-06-25T20:01:44.9963560Z ##[endgroup]
2025-06-25T20:01:44.9963986Z ‚è± elapsed: 0.052 seconds
2025-06-25T20:01:44.9965355Z Found baseline '8f63c9ed5897d7367a92a442a79f91721e0fd38f', this is the Git commit id going to be used to fetch vcpkg from the repository
2025-06-25T20:01:44.9987889Z ##[group]Setup to run on GitHub Action runners
2025-06-25T20:01:44.9988690Z Set the workflow environment variable 'VCPKG_BINARY_SOURCES' to value 'clear;x-gha,readwrite'
2025-06-25T20:01:44.9990106Z Set the workflow environment variable 'ACTIONS_CACHE_URL' to value 'https://acghubeus2.actions.githubusercontent.com/bwbzopuV3oKlbowlUKWdOnf6KF0vjv7EYqCB3ZHqukKhTVgy74/'
2025-06-25T20:01:45.0037943Z Set the workflow environment variable 'ACTIONS_RUNTIME_TOKEN' to value '***'
2025-06-25T20:01:45.0038625Z ##[endgroup]
2025-06-25T20:01:45.0038984Z ‚è± elapsed: 0.002 seconds
2025-06-25T20:01:45.0039441Z ##[group]Retrieving the vcpkg Git commit id at: 'D:\a\synthizer3d\synthizer3d\vcpkg'
2025-06-25T20:01:45.1346172Z Fetching the Git commit id at 'D:\a\synthizer3d\synthizer3d\vcpkg' ...
2025-06-25T20:01:45.1352536Z Running command '"C:\Program Files\Git\bin\git.exe"' with args '^"rev-parse^",^"HEAD^"' in current directory 'D:\a\synthizer3d\synthizer3d\vcpkg'.
2025-06-25T20:01:45.1795813Z 7aeb14910b0074a5464003dca438a92efe35c600
2025-06-25T20:01:45.1834541Z ##[endgroup]
2025-06-25T20:01:45.1835394Z ‚è± elapsed: 0.184 seconds
2025-06-25T20:01:45.1836099Z ##[group]Check whether vcpkg repository is up to date
2025-06-25T20:01:45.1838017Z Checking whether vcpkg's repository is updated to commit id '7aeb14910b0074a5464003dca438a92efe35c600' ...
2025-06-25T20:01:45.1840746Z Current commit id of vcpkg: '7aeb14910b0074a5464003dca438a92efe35c600'.
2025-06-25T20:01:45.1841468Z Is vcpkg repository updated? No
2025-06-25T20:01:45.1842039Z ##[endgroup]
2025-06-25T20:01:45.1842454Z ‚è± elapsed: 0.001 seconds
2025-06-25T20:01:45.1842822Z ##[group]Download vcpkg source code repository
2025-06-25T20:01:45.1845150Z Cloning vcpkg in 'D:\a\synthizer3d\synthizer3d\vcpkg'...
2025-06-25T20:01:45.2955714Z Running command '"C:\Program Files\Git\bin\git.exe"' with args '^"clone^",^"https://github.com/microsoft/vcpkg.git^",^"-n^",^".^"' in current directory 'D:\a\synthizer3d\synthizer3d\vcpkg'.
2025-06-25T20:01:45.3433119Z Cloning into '.'...
2025-06-25T20:01:56.4505507Z Running command '"C:\Program Files\Git\bin\git.exe"' with args '^"checkout^",^"--force^",^"8f63c9ed5897d7367a92a442a79f91721e0fd38f^"' in current directory 'D:\a\synthizer3d\synthizer3d\vcpkg'.
2025-06-25T20:01:58.8200401Z Note: switching to '8f63c9ed5897d7367a92a442a79f91721e0fd38f'.
2025-06-25T20:01:58.8200855Z 
2025-06-25T20:01:58.8201316Z You are in 'detached HEAD' state. You can look around, make experimental
2025-06-25T20:01:58.8202493Z changes and commit them, and you can discard any commits you make in this
2025-06-25T20:01:58.8203713Z state without impacting any branches by switching back to a branch.
2025-06-25T20:01:58.8204334Z 
2025-06-25T20:01:58.8204856Z If you want to create a new branch to retain commits you create, you may
2025-06-25T20:01:58.8206102Z do so (now or later) by using -c with the switch command. Example:
2025-06-25T20:01:58.8206648Z 
2025-06-25T20:01:58.8206988Z   git switch -c <new-branch-name>
2025-06-25T20:01:58.8207356Z 
2025-06-25T20:01:58.8207637Z Or undo this operation with:
2025-06-25T20:01:58.8207961Z 
2025-06-25T20:01:58.8208138Z   git switch -
2025-06-25T20:01:58.8208378Z 
2025-06-25T20:01:58.8209026Z Turn off this advice by setting config variable advice.detachedHead to false
2025-06-25T20:01:58.8210416Z 
2025-06-25T20:01:58.8211004Z HEAD is now at 8f63c9ed58 [tree-sitter-c] update to 0.24.1 (#45715)
2025-06-25T20:01:58.8263688Z Clone vcpkg in 'D:\a\synthizer3d\synthizer3d\vcpkg'.
2025-06-25T20:01:58.8264537Z ##[endgroup]
2025-06-25T20:01:58.8265005Z ‚è± elapsed: 13.642 seconds
2025-06-25T20:01:58.8265377Z ##[group]Build vcpkg executable
2025-06-25T20:01:59.0057636Z Running command '"C:\Windows\system32\cmd.exe"' with args '^"/c^",^"D:\a\synthizer3d\synthizer3d\vcpkg\bootstrap-vcpkg.bat^"' in current directory 'D:\a\synthizer3d\synthizer3d\vcpkg'.
2025-06-25T20:02:00.1841286Z Downloading https://github.com/microsoft/vcpkg-tool/releases/download/2025-05-19/vcpkg.exe -> D:\a\synthizer3d\synthizer3d\vcpkg\vcpkg.exe... done.
2025-06-25T20:02:00.2576996Z Validating signature... done.
2025-06-25T20:02:00.2679017Z 
2025-06-25T20:02:00.2968488Z vcpkg package management program version 2025-05-19-ece4c0f6b8fae9e94513d544c7aa753dd2c82337
2025-06-25T20:02:00.2968907Z 
2025-06-25T20:02:00.2969103Z See LICENSE.txt for license information.
2025-06-25T20:02:00.2995858Z Telemetry
2025-06-25T20:02:00.2996126Z ---------
2025-06-25T20:02:00.2997054Z vcpkg collects usage data in order to help us improve your experience.
2025-06-25T20:02:00.2998400Z The data collected by Microsoft is anonymous.
2025-06-25T20:02:00.2999277Z You can opt-out of telemetry by re-running the bootstrap-vcpkg script with -disableMetrics,
2025-06-25T20:02:00.3000168Z passing --disable-metrics to vcpkg on the command line,
2025-06-25T20:02:00.3000886Z or by setting the VCPKG_DISABLE_METRICS environment variable.
2025-06-25T20:02:00.3001289Z 
2025-06-25T20:02:00.3001659Z Read more about vcpkg telemetry at docs/about/privacy.md
2025-06-25T20:02:00.4384712Z Fetching the Git commit id at 'D:\a\synthizer3d\synthizer3d\vcpkg' ...
2025-06-25T20:02:00.4385932Z Running command '"C:\Program Files\Git\bin\git.exe"' with args '^"rev-parse^",^"HEAD^"' in current directory 'D:\a\synthizer3d\synthizer3d\vcpkg'.
2025-06-25T20:02:00.4683956Z 8f63c9ed5897d7367a92a442a79f91721e0fd38f
2025-06-25T20:02:00.4726714Z Stored last built vcpkg commit id '8f63c9ed5897d7367a92a442a79f91721e0fd38f' in file 'D:\a\synthizer3d\synthizer3d\vcpkg\vcpkgLastBuiltCommitId'.
2025-06-25T20:02:00.4727545Z ##[endgroup]
2025-06-25T20:02:00.4728084Z ‚è± elapsed: 1.646 seconds
2025-06-25T20:02:00.4728522Z ##[group]Add to PATH vcpkg at 'D:\a\synthizer3d\synthizer3d\vcpkg'
2025-06-25T20:02:00.4732402Z ##[endgroup]
2025-06-25T20:02:00.4733953Z ‚è± elapsed: 0.001 seconds
2025-06-25T20:02:00.4735553Z ##[group]Install/Update ports using vcpkg.json
2025-06-25T20:02:00.4739259Z Running 'vcpkg install,--recurse,--clean-after-build,--x-install-root,D:/a/synthizer3d/synthizer3d/969f6665-88a2-4c98-938e-ca9259871fec/vcpkg_installed,--triplet,x86-windows' in directory 'D:\a\synthizer3d\synthizer3d' ...
2025-06-25T20:02:00.4741905Z Running command '"D:\a\synthizer3d\synthizer3d\vcpkg\vcpkg.exe"' with args '^"install^",^"--recurse^",^"--clean-after-build^",^"--x-install-root^",^"D:/a/synthizer3d/synthizer3d/969f6665-88a2-4c98-938e-ca9259871fec/vcpkg_installed^",^"--triplet^",^"x86-windows^"' in current directory 'D:\a\synthizer3d\synthizer3d'.
2025-06-25T20:02:00.4930224Z warning: The vcpkg D:\a\synthizer3d\synthizer3d\vcpkg\vcpkg.exe is using detected vcpkg root D:\a\synthizer3d\synthizer3d\vcpkg and ignoring mismatched VCPKG_ROOT environment value C:\Program Files\Microsoft Visual Studio\2022\Enterprise\VC\vcpkg. To suppress this message, unset the environment variable or use the --vcpkg-root command line switch.
2025-06-25T20:02:02.9629770Z Detecting compiler hash for triplet x64-windows...
2025-06-25T20:02:21.4538587Z Compiler found: C:/Program Files/Microsoft Visual Studio/2022/Enterprise/VC/Tools/MSVC/14.44.35207/bin/Hostx64/x64/cl.exe
2025-06-25T20:02:21.4600802Z Detecting compiler hash for triplet x86-windows...
2025-06-25T20:02:43.0139923Z Compiler found: C:/Program Files/Microsoft Visual Studio/2022/Enterprise/VC/Tools/MSVC/14.44.35207/bin/Hostx64/x86/cl.exe
2025-06-25T20:02:43.0222475Z The following packages will be built and installed:
2025-06-25T20:02:43.0223116Z   * atl:x86-windows@0
2025-06-25T20:02:43.0223494Z   * atlmfc:x86-windows@0#3
2025-06-25T20:02:43.0223927Z     faad2:x86-windows@2.11.1
2025-06-25T20:02:43.0224371Z     libogg:x86-windows@1.3.5#2
2025-06-25T20:02:43.0224820Z     libvorbis:x86-windows@1.3.7#4
2025-06-25T20:02:43.0225580Z     opus:x86-windows@1.5.2
2025-06-25T20:02:43.0226075Z     opusfile:x86-windows@0.12+20221121#1
2025-06-25T20:02:43.0226567Z     soundtouch:x86-windows@2.3.3
2025-06-25T20:02:43.0227066Z   * vcpkg-cmake:x64-windows@2024-04-23
2025-06-25T20:02:43.0227662Z   * vcpkg-cmake-config:x64-windows@2024-05-23
2025-06-25T20:02:43.0228446Z Additional packages (*) will be modified to complete this operation.
2025-06-25T20:02:43.0232913Z %VCPKG_BINARY_SOURCES%: warning: The 'x-gha' binary caching backend has been removed. Consider using a NuGet-based binary caching provider instead, see extended documentation at https://learn.microsoft.com/vcpkg/users/binarycaching?WT.mc_id=vcpkg_inproduct_cli.
2025-06-25T20:02:43.0234840Z   on expression: clear;x-gha,readwrite
2025-06-25T20:02:43.0235370Z                                       ^
2025-06-25T20:02:43.0235963Z Installing 1/10 vcpkg-cmake:x64-windows@2024-04-23...
2025-06-25T20:02:43.0236607Z Building vcpkg-cmake:x64-windows@2024-04-23...
2025-06-25T20:02:43.0548355Z -- Installing: D:/a/synthizer3d/synthizer3d/vcpkg/packages/vcpkg-cmake_x64-windows/share/vcpkg-cmake/vcpkg_cmake_configure.cmake
2025-06-25T20:02:43.0556583Z -- Installing: D:/a/synthizer3d/synthizer3d/vcpkg/packages/vcpkg-cmake_x64-windows/share/vcpkg-cmake/vcpkg_cmake_build.cmake
2025-06-25T20:02:43.0564426Z -- Installing: D:/a/synthizer3d/synthizer3d/vcpkg/packages/vcpkg-cmake_x64-windows/share/vcpkg-cmake/vcpkg_cmake_install.cmake
2025-06-25T20:02:43.0565454Z -- Installing: D:/a/synthizer3d/synthizer3d/vcpkg/packages/vcpkg-cmake_x64-windows/share/vcpkg-cmake/vcpkg-port-config.cmake
2025-06-25T20:02:43.0577368Z -- Installing: D:/a/synthizer3d/synthizer3d/vcpkg/packages/vcpkg-cmake_x64-windows/share/vcpkg-cmake/copyright
2025-06-25T20:02:43.0627576Z -- Performing post-build validation
2025-06-25T20:02:43.0695080Z Elapsed time to handle vcpkg-cmake:x64-windows: 47.1 ms
2025-06-25T20:02:43.0696432Z vcpkg-cmake:x64-windows package ABI: 0768aed50857739e0cfe928c9ad6294dc476d3180da386a436a932f4cd88a7ad
2025-06-25T20:02:43.0701395Z Installing 2/10 faad2:x86-windows@2.11.1...
2025-06-25T20:02:43.0702004Z Building faad2:x86-windows@2.11.1...
2025-06-25T20:02:43.1129505Z Downloading https://github.com/knik0/faad2/archive/2.11.1.tar.gz -> knik0-faad2-2.11.1.tar.gz
2025-06-25T20:02:43.9319011Z Successfully downloaded knik0-faad2-2.11.1.tar.gz
2025-06-25T20:02:43.9373012Z -- Extracting source D:/a/synthizer3d/synthizer3d/vcpkg/downloads/knik0-faad2-2.11.1.tar.gz
2025-06-25T20:02:44.4063615Z -- Applying patch fix-install.patch
2025-06-25T20:02:44.4311941Z -- Using source at D:/a/synthizer3d/synthizer3d/vcpkg/buildtrees/faad2/src/2.11.1-55f3ec09c2.clean
2025-06-25T20:02:44.4427632Z -- Found external ninja('1.12.1').
2025-06-25T20:02:44.4466295Z -- Configuring x86-windows
2025-06-25T20:02:50.3402384Z -- Building x86-windows-dbg
2025-06-25T20:02:56.1463209Z -- Building x86-windows-rel
2025-06-25T20:03:04.1131214Z -- Fixing pkgconfig file: D:/a/synthizer3d/synthizer3d/vcpkg/packages/faad2_x86-windows/lib/pkgconfig/faad2.pc
2025-06-25T20:03:04.1336197Z Downloading msys2-mingw-w64-x86_64-pkgconf-1~2.3.0-1-any.pkg.tar.zst, trying https://mirror.msys2.org/mingw/mingw64/mingw-w64-x86_64-pkgconf-1~2.3.0-1-any.pkg.tar.zst
2025-06-25T20:03:05.2731597Z Successfully downloaded msys2-mingw-w64-x86_64-pkgconf-1~2.3.0-1-any.pkg.tar.zst
2025-06-25T20:03:05.2858726Z Downloading msys2-msys2-runtime-3.5.4-2-x86_64.pkg.tar.zst, trying https://mirror.msys2.org/msys/x86_64/msys2-runtime-3.5.4-2-x86_64.pkg.tar.zst
2025-06-25T20:03:06.9815321Z Successfully downloaded msys2-msys2-runtime-3.5.4-2-x86_64.pkg.tar.zst
2025-06-25T20:03:07.0594467Z -- Using msys root at D:/a/synthizer3d/synthizer3d/vcpkg/downloads/tools/msys2/21caed2f81ec917b
2025-06-25T20:03:07.0692926Z -- Fixing pkgconfig file: D:/a/synthizer3d/synthizer3d/vcpkg/packages/faad2_x86-windows/debug/lib/pkgconfig/faad2.pc
2025-06-25T20:03:09.0462295Z -- Installing: D:/a/synthizer3d/synthizer3d/vcpkg/packages/faad2_x86-windows/share/faad2/copyright
2025-06-25T20:03:09.0524065Z -- Performing post-build validation
2025-06-25T20:03:09.0905829Z Elapsed time to handle faad2:x86-windows: 26 s
2025-06-25T20:03:09.0907177Z faad2:x86-windows package ABI: 7bcc58dee5d45302b42fcb4c6bdfb30e97a3f02efd0787068373167054911282
2025-06-25T20:03:09.0908691Z Installing 3/10 vcpkg-cmake-config:x64-windows@2024-05-23...
2025-06-25T20:03:09.0909535Z Building vcpkg-cmake-config:x64-windows@2024-05-23...
2025-06-25T20:03:09.1215373Z -- Installing: D:/a/synthizer3d/synthizer3d/vcpkg/packages/vcpkg-cmake-config_x64-windows/share/vcpkg-cmake-config/vcpkg_cmake_config_fixup.cmake
2025-06-25T20:03:09.1220253Z -- Installing: D:/a/synthizer3d/synthizer3d/vcpkg/packages/vcpkg-cmake-config_x64-windows/share/vcpkg-cmake-config/vcpkg-port-config.cmake
2025-06-25T20:03:09.1229366Z -- Installing: D:/a/synthizer3d/synthizer3d/vcpkg/packages/vcpkg-cmake-config_x64-windows/share/vcpkg-cmake-config/copyright
2025-06-25T20:03:09.1271801Z -- Skipping post-build validation due to VCPKG_POLICY_EMPTY_PACKAGE
2025-06-25T20:03:09.1300420Z Elapsed time to handle vcpkg-cmake-config:x64-windows: 39.5 ms
2025-06-25T20:03:09.1301635Z vcpkg-cmake-config:x64-windows package ABI: 8c34a1c5615d1e075f4e7a47a1628082eacc0422473baec62857542d85450f38
2025-06-25T20:03:09.1302615Z Installing 4/10 libogg:x86-windows@1.3.5#2...
2025-06-25T20:03:09.1305518Z Building libogg:x86-windows@1.3.5#2...
2025-06-25T20:03:09.1711453Z Downloading https://gitlab.xiph.org/xiph/ogg/-/archive/v1.3.5/ogg-v1.3.5.tar.gz -> xiph-ogg-v1.3.5.tar.gz
2025-06-25T20:03:09.5981210Z Successfully downloaded xiph-ogg-v1.3.5.tar.gz
2025-06-25T20:03:09.6023347Z -- Extracting source D:/a/synthizer3d/synthizer3d/vcpkg/downloads/xiph-ogg-v1.3.5.tar.gz
2025-06-25T20:03:09.7507934Z -- Using source at D:/a/synthizer3d/synthizer3d/vcpkg/buildtrees/libogg/src/v1.3.5-1a4243fef9.clean
2025-06-25T20:03:09.7630247Z -- Found external ninja('1.12.1').
2025-06-25T20:03:09.7677573Z -- Configuring x86-windows
2025-06-25T20:03:16.0106936Z -- Building x86-windows-dbg
2025-06-25T20:03:16.3003397Z -- Building x86-windows-rel
2025-06-25T20:03:16.6074900Z -- Fixing pkgconfig file: D:/a/synthizer3d/synthizer3d/vcpkg/packages/libogg_x86-windows/lib/pkgconfig/ogg.pc
2025-06-25T20:03:16.6270416Z Downloading msys2-mingw-w64-x86_64-pkgconf-1~2.3.0-1-any.pkg.tar.zst, trying https://mirror.msys2.org/mingw/mingw64/mingw-w64-x86_64-pkgconf-1~2.3.0-1-any.pkg.tar.zst
2025-06-25T20:03:17.4452040Z Successfully downloaded msys2-mingw-w64-x86_64-pkgconf-1~2.3.0-1-any.pkg.tar.zst
2025-06-25T20:03:17.4573995Z Downloading msys2-msys2-runtime-3.5.4-2-x86_64.pkg.tar.zst, trying https://mirror.msys2.org/msys/x86_64/msys2-runtime-3.5.4-2-x86_64.pkg.tar.zst
2025-06-25T20:03:19.1146748Z Successfully downloaded msys2-msys2-runtime-3.5.4-2-x86_64.pkg.tar.zst
2025-06-25T20:03:19.1175789Z -- Using msys root at D:/a/synthizer3d/synthizer3d/vcpkg/downloads/tools/msys2/21caed2f81ec917b
2025-06-25T20:03:19.1245559Z -- Fixing pkgconfig file: D:/a/synthizer3d/synthizer3d/vcpkg/packages/libogg_x86-windows/debug/lib/pkgconfig/ogg.pc
2025-06-25T20:03:19.1312958Z -- Installing: D:/a/synthizer3d/synthizer3d/vcpkg/packages/libogg_x86-windows/share/libogg/copyright
2025-06-25T20:03:19.1365409Z -- Performing post-build validation
2025-06-25T20:03:19.1577215Z Elapsed time to handle libogg:x86-windows: 10 s
2025-06-25T20:03:19.1578277Z libogg:x86-windows package ABI: cd746977b51774c12fc8bf3d98436284195cecef62222c4ba77380e7870d3bc2
2025-06-25T20:03:19.1583035Z Installing 5/10 libvorbis:x86-windows@1.3.7#4...
2025-06-25T20:03:19.1583571Z Building libvorbis:x86-windows@1.3.7#4...
2025-06-25T20:03:19.1972869Z Downloading https://github.com/xiph/vorbis/archive/v1.3.7.tar.gz -> xiph-vorbis-v1.3.7.tar.gz
2025-06-25T20:03:20.1441484Z Successfully downloaded xiph-vorbis-v1.3.7.tar.gz
2025-06-25T20:03:20.1518085Z -- Extracting source D:/a/synthizer3d/synthizer3d/vcpkg/downloads/xiph-vorbis-v1.3.7.tar.gz
2025-06-25T20:03:20.3398952Z -- Applying patch 0001-Dont-export-vorbisenc-functions.patch
2025-06-25T20:03:20.3606327Z -- Applying patch 0002-Fixup-pkgconfig-libs.patch
2025-06-25T20:03:20.3798423Z -- Applying patch 0003-def-mingw-compat.patch
2025-06-25T20:03:20.3998324Z -- Applying patch 0004-ogg-find-dependency.patch
2025-06-25T20:03:20.4201617Z -- Using source at D:/a/synthizer3d/synthizer3d/vcpkg/buildtrees/libvorbis/src/v1.3.7-c32164610e.clean
2025-06-25T20:03:20.4309599Z -- Found external ninja('1.12.1').
2025-06-25T20:03:20.4342332Z -- Configuring x86-windows
2025-06-25T20:03:22.0578081Z -- Building x86-windows-dbg
2025-06-25T20:03:23.2152440Z -- Building x86-windows-rel
2025-06-25T20:03:25.2137956Z -- Fixing pkgconfig file: D:/a/synthizer3d/synthizer3d/vcpkg/packages/libvorbis_x86-windows/lib/pkgconfig/vorbis.pc
2025-06-25T20:03:25.2141876Z -- Fixing pkgconfig file: D:/a/synthizer3d/synthizer3d/vcpkg/packages/libvorbis_x86-windows/lib/pkgconfig/vorbisenc.pc
2025-06-25T20:03:25.2150563Z -- Fixing pkgconfig file: D:/a/synthizer3d/synthizer3d/vcpkg/packages/libvorbis_x86-windows/lib/pkgconfig/vorbisfile.pc
2025-06-25T20:03:25.2349864Z Downloading msys2-mingw-w64-x86_64-pkgconf-1~2.3.0-1-any.pkg.tar.zst, trying https://mirror.msys2.org/mingw/mingw64/mingw-w64-x86_64-pkgconf-1~2.3.0-1-any.pkg.tar.zst
2025-06-25T20:03:26.0531322Z Successfully downloaded msys2-mingw-w64-x86_64-pkgconf-1~2.3.0-1-any.pkg.tar.zst
2025-06-25T20:03:26.0656675Z Downloading msys2-msys2-runtime-3.5.4-2-x86_64.pkg.tar.zst, trying https://mirror.msys2.org/msys/x86_64/msys2-runtime-3.5.4-2-x86_64.pkg.tar.zst
2025-06-25T20:03:27.5796639Z Successfully downloaded msys2-msys2-runtime-3.5.4-2-x86_64.pkg.tar.zst
2025-06-25T20:03:27.5825423Z -- Using msys root at D:/a/synthizer3d/synthizer3d/vcpkg/downloads/tools/msys2/21caed2f81ec917b
2025-06-25T20:03:27.6011379Z -- Fixing pkgconfig file: D:/a/synthizer3d/synthizer3d/vcpkg/packages/libvorbis_x86-windows/debug/lib/pkgconfig/vorbis.pc
2025-06-25T20:03:27.6020042Z -- Fixing pkgconfig file: D:/a/synthizer3d/synthizer3d/vcpkg/packages/libvorbis_x86-windows/debug/lib/pkgconfig/vorbisenc.pc
2025-06-25T20:03:27.6028720Z -- Fixing pkgconfig file: D:/a/synthizer3d/synthizer3d/vcpkg/packages/libvorbis_x86-windows/debug/lib/pkgconfig/vorbisfile.pc
2025-06-25T20:03:27.7231328Z -- Installing: D:/a/synthizer3d/synthizer3d/vcpkg/packages/libvorbis_x86-windows/share/libvorbis/usage
2025-06-25T20:03:27.7239538Z -- Installing: D:/a/synthizer3d/synthizer3d/vcpkg/packages/libvorbis_x86-windows/share/libvorbis/copyright
2025-06-25T20:03:27.7288636Z -- Performing post-build validation
2025-06-25T20:03:27.7753230Z Elapsed time to handle libvorbis:x86-windows: 8.6 s
2025-06-25T20:03:27.7754423Z libvorbis:x86-windows package ABI: 1b8b78dc6888eddde7132b5860398f123ad31dc72e0b6da8319cea7fc29b173d
2025-06-25T20:03:27.7755362Z Installing 6/10 opus:x86-windows@1.5.2...
2025-06-25T20:03:27.7755988Z Building opus:x86-windows@1.5.2...
2025-06-25T20:03:27.8159462Z Downloading https://github.com/xiph/opus/archive/v1.5.2.tar.gz -> xiph-opus-v1.5.2.tar.gz
2025-06-25T20:03:28.8961451Z Successfully downloaded xiph-opus-v1.5.2.tar.gz
2025-06-25T20:03:28.9133019Z -- Extracting source D:/a/synthizer3d/synthizer3d/vcpkg/downloads/xiph-opus-v1.5.2.tar.gz
2025-06-25T20:03:29.1647088Z -- Applying patch fix-pkgconfig-version.patch
2025-06-25T20:03:29.1876744Z -- Using source at D:/a/synthizer3d/synthizer3d/vcpkg/buildtrees/opus/src/v1.5.2-81ed242155.clean
2025-06-25T20:03:29.1999380Z -- Found external ninja('1.12.1').
2025-06-25T20:03:29.2034545Z -- Configuring x86-windows
2025-06-25T20:03:35.0637730Z -- Building x86-windows-dbg
2025-06-25T20:03:40.3279922Z -- Building x86-windows-rel
2025-06-25T20:03:47.7773731Z -- Fixing pkgconfig file: D:/a/synthizer3d/synthizer3d/vcpkg/packages/opus_x86-windows/lib/pkgconfig/opus.pc
2025-06-25T20:03:47.7976658Z Downloading msys2-mingw-w64-x86_64-pkgconf-1~2.3.0-1-any.pkg.tar.zst, trying https://mirror.msys2.org/mingw/mingw64/mingw-w64-x86_64-pkgconf-1~2.3.0-1-any.pkg.tar.zst
2025-06-25T20:03:48.6112192Z Successfully downloaded msys2-mingw-w64-x86_64-pkgconf-1~2.3.0-1-any.pkg.tar.zst
2025-06-25T20:03:48.6238628Z Downloading msys2-msys2-runtime-3.5.4-2-x86_64.pkg.tar.zst, trying https://mirror.msys2.org/msys/x86_64/msys2-runtime-3.5.4-2-x86_64.pkg.tar.zst
2025-06-25T20:03:50.2748429Z Successfully downloaded msys2-msys2-runtime-3.5.4-2-x86_64.pkg.tar.zst
2025-06-25T20:03:50.2776291Z -- Using msys root at D:/a/synthizer3d/synthizer3d/vcpkg/downloads/tools/msys2/21caed2f81ec917b
2025-06-25T20:03:50.2847661Z -- Fixing pkgconfig file: D:/a/synthizer3d/synthizer3d/vcpkg/packages/opus_x86-windows/debug/lib/pkgconfig/opus.pc
2025-06-25T20:03:50.2921378Z -- Installing: D:/a/synthizer3d/synthizer3d/vcpkg/packages/opus_x86-windows/share/opus/copyright
2025-06-25T20:03:50.2985863Z -- Performing post-build validation
2025-06-25T20:03:50.3659855Z Elapsed time to handle opus:x86-windows: 23 s
2025-06-25T20:03:50.3660935Z opus:x86-windows package ABI: 9794dd2628d326b7db55dc49f96cc20e6b234b072d96f04128bfdb8c1264794e
2025-06-25T20:03:50.3661994Z Installing 7/10 opusfile:x86-windows@0.12+20221121#1...
2025-06-25T20:03:50.3662696Z Building opusfile:x86-windows@0.12+20221121#1...
2025-06-25T20:03:50.3977289Z -- Note: opusfile only supports static library linkage. Building static library.
2025-06-25T20:03:50.4076903Z Downloading https://github.com/xiph/opusfile/archive/9d718345ce03b2fad5d7d28e0bcd1cc69ab2b166.tar.gz -> xiph-opusfile-9d718345ce03b2fad5d7d28e0bcd1cc69ab2b166.tar.gz
2025-06-25T20:03:51.0945606Z Successfully downloaded xiph-opusfile-9d718345ce03b2fad5d7d28e0bcd1cc69ab2b166.tar.gz
2025-06-25T20:03:51.0983276Z -- Extracting source D:/a/synthizer3d/synthizer3d/vcpkg/downloads/xiph-opusfile-9d718345ce03b2fad5d7d28e0bcd1cc69ab2b166.tar.gz
2025-06-25T20:03:51.2243991Z -- Using source at D:/a/synthizer3d/synthizer3d/vcpkg/buildtrees/opusfile/src/c69ab2b166-6cc7de23ec.clean
2025-06-25T20:03:51.2362566Z -- Found external ninja('1.12.1').
2025-06-25T20:03:51.2402936Z -- Configuring x86-windows
2025-06-25T20:03:52.4901202Z -- Building x86-windows-dbg
2025-06-25T20:03:52.8051954Z -- Building x86-windows-rel
2025-06-25T20:03:53.2536450Z -- Fixing pkgconfig file: D:/a/synthizer3d/synthizer3d/vcpkg/packages/opusfile_x86-windows/lib/pkgconfig/opusfile.pc
2025-06-25T20:03:53.2743683Z Downloading msys2-mingw-w64-x86_64-pkgconf-1~2.3.0-1-any.pkg.tar.zst, trying https://mirror.msys2.org/mingw/mingw64/mingw-w64-x86_64-pkgconf-1~2.3.0-1-any.pkg.tar.zst
2025-06-25T20:03:54.1209550Z Successfully downloaded msys2-mingw-w64-x86_64-pkgconf-1~2.3.0-1-any.pkg.tar.zst
2025-06-25T20:03:54.1338351Z Downloading msys2-msys2-runtime-3.5.4-2-x86_64.pkg.tar.zst, trying https://mirror.msys2.org/msys/x86_64/msys2-runtime-3.5.4-2-x86_64.pkg.tar.zst
2025-06-25T20:03:55.7610048Z Successfully downloaded msys2-msys2-runtime-3.5.4-2-x86_64.pkg.tar.zst
2025-06-25T20:03:55.7639143Z -- Using msys root at D:/a/synthizer3d/synthizer3d/vcpkg/downloads/tools/msys2/21caed2f81ec917b
2025-06-25T20:03:55.7714525Z -- Fixing pkgconfig file: D:/a/synthizer3d/synthizer3d/vcpkg/packages/opusfile_x86-windows/debug/lib/pkgconfig/opusfile.pc
2025-06-25T20:03:55.7812077Z -- Installing: D:/a/synthizer3d/synthizer3d/vcpkg/packages/opusfile_x86-windows/share/opusfile/copyright
2025-06-25T20:03:55.7817841Z -- Installing: D:/a/synthizer3d/synthizer3d/vcpkg/packages/opusfile_x86-windows/share/opusfile/usage
2025-06-25T20:03:55.7874970Z -- Performing post-build validation
2025-06-25T20:03:55.8033444Z Elapsed time to handle opusfile:x86-windows: 5.4 s
2025-06-25T20:03:55.8034545Z opusfile:x86-windows package ABI: 28f1f4665a4be319971a6c97687092c72d61d64bec5f7379192d25cbe05477f6
2025-06-25T20:03:55.8035412Z Installing 8/10 atl:x86-windows@0...
2025-06-25T20:03:55.8036191Z Building atl:x86-windows@0...
2025-06-25T20:03:55.8399872Z -- Skipping post-build validation due to VCPKG_POLICY_EMPTY_PACKAGE
2025-06-25T20:03:55.8427296Z Elapsed time to handle atl:x86-windows: 39.5 ms
2025-06-25T20:03:55.8428578Z atl:x86-windows package ABI: d76cf63cd283bfa028543d27b3c694f673281619ec8a88d3a7a5ade91f1b16ca
2025-06-25T20:03:55.8429611Z Installing 9/10 atlmfc:x86-windows@0#3...
2025-06-25T20:03:55.8430227Z Building atlmfc:x86-windows@0#3...
2025-06-25T20:03:55.8860537Z -- Skipping post-build validation due to VCPKG_POLICY_EMPTY_PACKAGE
2025-06-25T20:03:55.8888603Z Elapsed time to handle atlmfc:x86-windows: 46.1 ms
2025-06-25T20:03:55.8889414Z atlmfc:x86-windows package ABI: d5d7753973614bbb2ba0a58a2301eca8ba806ca0679006efc61110706ed276b0
2025-06-25T20:03:55.8890051Z Installing 10/10 soundtouch:x86-windows@2.3.3...
2025-06-25T20:03:55.8890448Z Building soundtouch:x86-windows@2.3.3...
2025-06-25T20:03:55.9311267Z Downloading https://codeberg.org/soundtouch/soundtouch/archive/2.3.3.tar.gz -> soundtouch-soundtouch-2.3.3.tar.gz
2025-06-25T20:03:57.4618385Z Successfully downloaded soundtouch-soundtouch-2.3.3.tar.gz
2025-06-25T20:03:57.4668940Z -- Extracting source D:/a/synthizer3d/synthizer3d/vcpkg/downloads/soundtouch-soundtouch-2.3.3.tar.gz
2025-06-25T20:03:57.6187755Z -- Using source at D:/a/synthizer3d/synthizer3d/vcpkg/buildtrees/soundtouch/src/2.3.3-309213044d.clean
2025-06-25T20:03:57.6304060Z -- Found external ninja('1.12.1').
2025-06-25T20:03:57.6343809Z -- Configuring x86-windows
2025-06-25T20:03:59.2415824Z -- Building x86-windows-dbg
2025-06-25T20:04:02.7178254Z -- Building x86-windows-rel
2025-06-25T20:04:05.3870661Z -- Fixing pkgconfig file: D:/a/synthizer3d/synthizer3d/vcpkg/packages/soundtouch_x86-windows/lib/pkgconfig/soundtouch.pc
2025-06-25T20:04:05.4066845Z Downloading msys2-mingw-w64-x86_64-pkgconf-1~2.3.0-1-any.pkg.tar.zst, trying https://mirror.msys2.org/mingw/mingw64/mingw-w64-x86_64-pkgconf-1~2.3.0-1-any.pkg.tar.zst
2025-06-25T20:04:06.4413672Z Successfully downloaded msys2-mingw-w64-x86_64-pkgconf-1~2.3.0-1-any.pkg.tar.zst
2025-06-25T20:04:06.4540451Z Downloading msys2-msys2-runtime-3.5.4-2-x86_64.pkg.tar.zst, trying https://mirror.msys2.org/msys/x86_64/msys2-runtime-3.5.4-2-x86_64.pkg.tar.zst
2025-06-25T20:04:07.8796796Z Successfully downloaded msys2-msys2-runtime-3.5.4-2-x86_64.pkg.tar.zst
2025-06-25T20:04:07.8827503Z -- Using msys root at D:/a/synthizer3d/synthizer3d/vcpkg/downloads/tools/msys2/21caed2f81ec917b
2025-06-25T20:04:07.8903000Z -- Fixing pkgconfig file: D:/a/synthizer3d/synthizer3d/vcpkg/packages/soundtouch_x86-windows/debug/lib/pkgconfig/soundtouch.pc
2025-06-25T20:04:07.9363565Z -- Installing: D:/a/synthizer3d/synthizer3d/vcpkg/packages/soundtouch_x86-windows/share/soundtouch/copyright
2025-06-25T20:04:07.9427832Z -- Performing post-build validation
2025-06-25T20:04:07.9676126Z Elapsed time to handle soundtouch:x86-windows: 12 s
2025-06-25T20:04:07.9677098Z soundtouch:x86-windows package ABI: 552a6c579d5f70a8c6f376bdd0eeaf1411f63a24dd1c49f78479a59fb756afc6
2025-06-25T20:04:07.9695734Z faad2 provides pkg-config modules:
2025-06-25T20:04:07.9696223Z 
2025-06-25T20:04:07.9696612Z   # Freeware Advanced Audio (AAC) Decoder
2025-06-25T20:04:07.9697220Z   faad2
2025-06-25T20:04:07.9697438Z 
2025-06-25T20:04:07.9702869Z libogg provides CMake targets:
2025-06-25T20:04:07.9703303Z 
2025-06-25T20:04:07.9703839Z   # this is heuristically generated, and may not be correct
2025-06-25T20:04:07.9706231Z   find_package(Ogg CONFIG REQUIRED)
2025-06-25T20:04:07.9706955Z   target_link_libraries(main PRIVATE Ogg::ogg)
2025-06-25T20:04:07.9707357Z 
2025-06-25T20:04:07.9707650Z libogg provides pkg-config modules:
2025-06-25T20:04:07.9707937Z 
2025-06-25T20:04:07.9708279Z   # ogg is a library for manipulating ogg bitstreams
2025-06-25T20:04:07.9708795Z   ogg
2025-06-25T20:04:07.9726544Z 
2025-06-25T20:04:07.9726844Z The package libvorbis provides CMake targets:
2025-06-25T20:04:07.9727187Z 
2025-06-25T20:04:07.9727766Z     # Vorbis reference encoder and decoder, low-level API
2025-06-25T20:04:07.9728412Z     find_package(Vorbis CONFIG REQUIRED)
2025-06-25T20:04:07.9729069Z     target_link_libraries(main PRIVATE Vorbis::vorbis)
2025-06-25T20:04:07.9729448Z 
2025-06-25T20:04:07.9729694Z     # Audio stream decoding and basic manipulation, high-level API
2025-06-25T20:04:07.9730081Z     find_package(Vorbis CONFIG REQUIRED)
2025-06-25T20:04:07.9730504Z     target_link_libraries(main PRIVATE Vorbis::vorbisfile)
2025-06-25T20:04:07.9730755Z 
2025-06-25T20:04:07.9730966Z     # Convenience API for setting up an encoding environment
2025-06-25T20:04:07.9731314Z     find_package(Vorbis CONFIG REQUIRED)
2025-06-25T20:04:07.9731845Z     target_link_libraries(main PRIVATE Vorbis::vorbisenc)
2025-06-25T20:04:07.9732213Z 
2025-06-25T20:04:07.9732446Z opus provides CMake targets:
2025-06-25T20:04:07.9732665Z 
2025-06-25T20:04:07.9732993Z   # this is heuristically generated, and may not be correct
2025-06-25T20:04:07.9733571Z   find_package(Opus CONFIG REQUIRED)
2025-06-25T20:04:07.9734145Z   target_link_libraries(main PRIVATE Opus::opus)
2025-06-25T20:04:07.9734473Z 
2025-06-25T20:04:07.9734694Z opus provides pkg-config modules:
2025-06-25T20:04:07.9734955Z 
2025-06-25T20:04:07.9735165Z   # Opus IETF audio codec ( build)
2025-06-25T20:04:07.9735530Z   opus
2025-06-25T20:04:07.9735676Z 
2025-06-25T20:04:07.9735955Z The package opusfile provides CMake targets:
2025-06-25T20:04:07.9736276Z 
2025-06-25T20:04:07.9736529Z     find_package(OpusFile CONFIG REQUIRED)
2025-06-25T20:04:07.9737142Z     target_link_libraries(main PRIVATE OpusFile::opusfile)
2025-06-25T20:04:07.9737502Z 
2025-06-25T20:04:07.9737684Z     # To use the opusurl API
2025-06-25T20:04:07.9738226Z     target_link_libraries(main PRIVATE OpusFile::opusurl)
2025-06-25T20:04:07.9738586Z 
2025-06-25T20:04:07.9738836Z soundtouch provides CMake targets:
2025-06-25T20:04:07.9739084Z 
2025-06-25T20:04:07.9739423Z   # this is heuristically generated, and may not be correct
2025-06-25T20:04:07.9740065Z   find_package(SoundTouch CONFIG REQUIRED)
2025-06-25T20:04:07.9741248Z   target_link_libraries(main PRIVATE SoundTouch::SoundTouch)
2025-06-25T20:04:07.9741688Z 
2025-06-25T20:04:07.9741972Z soundtouch provides pkg-config modules:
2025-06-25T20:04:07.9742266Z 
2025-06-25T20:04:07.9743137Z   # SoundTouch is an open-source audio processing library for changing the Tempo, Pitch and Playback Rates of audio streams or files
2025-06-25T20:04:07.9744030Z   soundtouch
2025-06-25T20:04:07.9744194Z 
2025-06-25T20:04:07.9744593Z All requested installations completed successfully in: 1.4 min
2025-06-25T20:04:07.9752980Z ##[endgroup]
2025-06-25T20:04:07.9754121Z ‚è± elapsed: 127.501 seconds
2025-06-25T20:04:07.9754739Z ##[group]Set output environment variables
2025-06-25T20:04:07.9756199Z Set the workflow environment variable 'RUNVCPKG_VCPKG_ROOT' to value 'D:\a\synthizer3d\synthizer3d\vcpkg'
2025-06-25T20:04:07.9761139Z Set the workflow environment variable 'VCPKG_ROOT' to value 'D:\a\synthizer3d\synthizer3d\vcpkg'
2025-06-25T20:04:07.9764572Z Set the step output variable 'RUNVCPKG_VCPKG_ROOT_OUT' to value 'D:\a\synthizer3d\synthizer3d\vcpkg''
2025-06-25T20:04:07.9768609Z Set the workflow environment variable 'VCPKG_DEFAULT_TRIPLET' to value 'x86-windows'
2025-06-25T20:04:07.9772105Z Set the step output variable 'RUNVCPKG_VCPKG_DEFAULT_TRIPLET_OUT' to value 'x86-windows''
2025-06-25T20:04:07.9774868Z ##[endgroup]
2025-06-25T20:04:07.9776609Z ‚è± elapsed: 0.002 seconds
2025-06-25T20:04:07.9780841Z run-vcpkg action execution succeeded
2025-06-25T20:04:07.9990742Z ##[group]Run Write-Host "VCPKG_ROOT (tool directory from lukka/run-vcpkg) is $env:VCPKG_ROOT"
2025-06-25T20:04:07.9991459Z [36;1mWrite-Host "VCPKG_ROOT (tool directory from lukka/run-vcpkg) is $env:VCPKG_ROOT"[0m
2025-06-25T20:04:07.9991966Z [36;1mWrite-Host "VCPKG_DEFAULT_TRIPLET is $env:VCPKG_DEFAULT_TRIPLET"[0m
2025-06-25T20:04:07.9992391Z [36;1mWrite-Host "GITHUB_WORKSPACE is $env:GITHUB_WORKSPACE"[0m
2025-06-25T20:04:07.9993056Z [36;1mWrite-Host "Initial EFFECTIVE_VCPKG_INSTALLED_DIR_BASE (from job env, target for manifest install) is $env:EFFECTIVE_VCPKG_INSTALLED_DIR_BASE"[0m
2025-06-25T20:04:07.9993637Z [36;1m[0m
2025-06-25T20:04:07.9993803Z [36;1mif (-not $env:VCPKG_ROOT) {[0m
2025-06-25T20:04:07.9994246Z [36;1m  Write-Error "VCPKG_ROOT not set. This should be set by the lukka/run-vcpkg action."[0m
2025-06-25T20:04:07.9994665Z [36;1m  exit 1[0m
2025-06-25T20:04:07.9994844Z [36;1m}[0m
2025-06-25T20:04:07.9994999Z [36;1m[0m
2025-06-25T20:04:07.9995314Z [36;1m# Esegui vcpkg install. Se vcpkg.json √® in $env:GITHUB_WORKSPACE (CWD),[0m
2025-06-25T20:04:07.9995887Z [36;1m# installer√† in $env:GITHUB_WORKSPACE/vcpkg_installed/$env:VCPKG_DEFAULT_TRIPLET[0m
2025-06-25T20:04:07.9996443Z [36;1m# che corrisponde a $env:EFFECTIVE_VCPKG_INSTALLED_DIR_BASE/$env:VCPKG_DEFAULT_TRIPLET[0m
2025-06-25T20:04:07.9997019Z [36;1m# La CurrentWorkingDirectory per gli script eseguiti da 'run:' √® $GITHUB_WORKSPACE.[0m
2025-06-25T20:04:07.9997550Z [36;1m& "$env:VCPKG_ROOT\vcpkg.exe" install --triplet $env:VCPKG_DEFAULT_TRIPLET[0m
2025-06-25T20:04:07.9997956Z [36;1mWrite-Host "Finished vcpkg install command."[0m
2025-06-25T20:04:07.9998212Z [36;1m[0m
2025-06-25T20:04:07.9998554Z [36;1m# CMAKE_PREFIX_PATH deve puntare a dove vcpkg ha effettivamente installato i pacchetti.[0m
2025-06-25T20:04:07.9999177Z [36;1m# Con la modalit√† manifest, questo √® $env:EFFECTIVE_VCPKG_INSTALLED_DIR_BASE/$env:VCPKG_DEFAULT_TRIPLET.[0m
2025-06-25T20:04:07.9999902Z [36;1m$cmakePrefixPathValue = Join-Path $env:EFFECTIVE_VCPKG_INSTALLED_DIR_BASE $env:VCPKG_DEFAULT_TRIPLET[0m
2025-06-25T20:04:08.0000350Z [36;1m[0m
2025-06-25T20:04:08.0000658Z [36;1mWrite-Host "Verifying existence of target CMAKE_PREFIX_PATH: $cmakePrefixPathValue"[0m
2025-06-25T20:04:08.0001142Z [36;1mif (-not (Test-Path $cmakePrefixPathValue -PathType Container)) {[0m
2025-06-25T20:04:08.0001765Z [36;1m  Write-Warning "ATTENZIONE: La directory $cmakePrefixPathValue (target per CMAKE_PREFIX_PATH) NON esiste dopo vcpkg install."[0m
2025-06-25T20:04:08.0002438Z [36;1m  Write-Warning "Questo indica che vcpkg non ha installato nella posizione manifest attesa."[0m
2025-06-25T20:04:08.0002960Z [36;1m  Write-Warning "Contenuto di $env:EFFECTIVE_VCPKG_INSTALLED_DIR_BASE per debug:"[0m
2025-06-25T20:04:08.0003768Z [36;1m  Get-ChildItem -Path $env:EFFECTIVE_VCPKG_INSTALLED_DIR_BASE -ErrorAction SilentlyContinue -Depth 1 || Write-Warning "$env:EFFECTIVE_VCPKG_INSTALLED_DIR_BASE non esiste o √® vuoto."[0m
2025-06-25T20:04:08.0004421Z [36;1m  [0m
2025-06-25T20:04:08.0004707Z [36;1m  # Fallback per debug: controlla la directory di installazione classica di vcpkg[0m
2025-06-25T20:04:08.0005292Z [36;1m  $classicVcpkgInstalledPath = Join-Path (Join-Path $env:VCPKG_ROOT "installed") $env:VCPKG_DEFAULT_TRIPLET[0m
2025-06-25T20:04:08.0005982Z [36;1m  Write-Warning "Controllo del percorso di installazione classico di vcpkg per debug: $classicVcpkgInstalledPath"[0m
2025-06-25T20:04:08.0006553Z [36;1m  if(Test-Path $classicVcpkgInstalledPath -PathType Container){[0m
2025-06-25T20:04:08.0007202Z [36;1m      Write-Warning "Il percorso classico $classicVcpkgInstalledPath ESISTE. Questo √® fonte di confusione se era prevista la modalit√† manifest."[0m
2025-06-25T20:04:08.0007750Z [36;1m  } else {[0m
2025-06-25T20:04:08.0008079Z [36;1m      Write-Warning "Anche il percorso classico $classicVcpkgInstalledPath NON esiste."[0m
2025-06-25T20:04:08.0008618Z [36;1m  }[0m
2025-06-25T20:04:08.0010133Z [36;1m} else {[0m
2025-06-25T20:04:08.0010572Z [36;1m  Write-Host "Confermato: La directory target per CMAKE_PREFIX_PATH esiste: $cmakePrefixPathValue"[0m
2025-06-25T20:04:08.0010995Z [36;1m}[0m
2025-06-25T20:04:08.0011175Z [36;1m[0m
2025-06-25T20:04:08.0011563Z [36;1mecho "CMAKE_PREFIX_PATH=$cmakePrefixPathValue" | Out-File -FilePath $env:GITHUB_ENV -Encoding utf8 -Append[0m
2025-06-25T20:04:08.0012123Z [36;1mWrite-Host "CMAKE_PREFIX_PATH impostato a $cmakePrefixPathValue"[0m
2025-06-25T20:04:08.0012684Z [36;1m# EFFECTIVE_VCPKG_INSTALLED_DIR_BASE √® gi√† corretto dall'env del job, non serve aggiornarlo di nuovo in GITHUB_ENV[0m
2025-06-25T20:04:08.0013214Z [36;1m# se la nostra assunzione sulla modalit√† manifest √® corretta.[0m
2025-06-25T20:04:08.0047747Z shell: C:\Program Files\PowerShell\7\pwsh.EXE -command ". '{0}'"
2025-06-25T20:04:08.0048062Z env:
2025-06-25T20:04:08.0048218Z   PYVERSION: 3.9
2025-06-25T20:04:08.0048400Z   CI_ARCH_LOWER: x86
2025-06-25T20:04:08.0048589Z   CI_WINDOWS: 1
2025-06-25T20:04:08.0048746Z   CI_ARCH_ENV: x86
2025-06-25T20:04:08.0048919Z   VCPKG_DEFAULT_TRIPLET: x86-windows
2025-06-25T20:04:08.0049269Z   EFFECTIVE_VCPKG_INSTALLED_DIR_BASE: D:\a\synthizer3d\synthizer3d\vcpkg_installed
2025-06-25T20:04:08.0049697Z   pythonLocation: C:\hostedtoolcache\windows\Python\3.9.13\x86
2025-06-25T20:04:08.0050082Z   PKG_CONFIG_PATH: C:\hostedtoolcache\windows\Python\3.9.13\x86/lib/pkgconfig
2025-06-25T20:04:08.0050473Z   Python_ROOT_DIR: C:\hostedtoolcache\windows\Python\3.9.13\x86
2025-06-25T20:04:08.0050825Z   Python2_ROOT_DIR: C:\hostedtoolcache\windows\Python\3.9.13\x86
2025-06-25T20:04:08.0051176Z   Python3_ROOT_DIR: C:\hostedtoolcache\windows\Python\3.9.13\x86
2025-06-25T20:04:08.0051460Z   CommandPromptType: Native
2025-06-25T20:04:08.0051845Z   DevEnvDir: C:\Program Files\Microsoft Visual Studio\2022\Enterprise\Common7\IDE\
2025-06-25T20:04:08.0052330Z   ExtensionSdkDir: C:\Program Files (x86)\Microsoft SDKs\Windows Kits\10\ExtensionSDKs
2025-06-25T20:04:08.0054369Z   EXTERNAL_INCLUDE: C:\Program Files\Microsoft Visual Studio\2022\Enterprise\VC\Tools\MSVC\14.44.35207\include;C:\Program Files\Microsoft Visual Studio\2022\Enterprise\VC\Tools\MSVC\14.44.35207\ATLMFC\include;C:\Program Files\Microsoft Visual Studio\2022\Enterprise\VC\Auxiliary\VS\include;C:\Program Files (x86)\Windows Kits\10\include\10.0.26100.0\ucrt;C:\Program Files (x86)\Windows Kits\10\\include\10.0.26100.0\\um;C:\Program Files (x86)\Windows Kits\10\\include\10.0.26100.0\\shared;C:\Program Files (x86)\Windows Kits\10\\include\10.0.26100.0\\winrt;C:\Program Files (x86)\Windows Kits\10\\include\10.0.26100.0\\cppwinrt;C:\Program Files (x86)\Windows Kits\NETFXSDK\4.8\include\um
2025-06-25T20:04:08.0056273Z   Framework40Version: v4.0
2025-06-25T20:04:08.0056506Z   FrameworkDir: C:\Windows\Microsoft.NET\Framework\
2025-06-25T20:04:08.0056803Z   FrameworkDir32: C:\Windows\Microsoft.NET\Framework\
2025-06-25T20:04:08.0057065Z   FrameworkVersion: v4.0.30319
2025-06-25T20:04:08.0057279Z   FrameworkVersion32: v4.0.30319
2025-06-25T20:04:08.0057758Z   FSHARPINSTALLDIR: C:\Program Files\Microsoft Visual Studio\2022\Enterprise\Common7\IDE\CommonExtensions\Microsoft\FSharp\Tools
2025-06-25T20:04:08.0058291Z   HTMLHelpDir: C:\Program Files (x86)\HTML Help Workshop
2025-06-25T20:04:08.0058724Z   IFCPATH: C:\Program Files\Microsoft Visual Studio\2022\Enterprise\VC\Tools\MSVC\14.44.35207\ifc\x86
2025-06-25T20:04:08.0061391Z   INCLUDE: C:\Program Files\Microsoft Visual Studio\2022\Enterprise\VC\Tools\MSVC\14.44.35207\include;C:\Program Files\Microsoft Visual Studio\2022\Enterprise\VC\Tools\MSVC\14.44.35207\ATLMFC\include;C:\Program Files\Microsoft Visual Studio\2022\Enterprise\VC\Auxiliary\VS\include;C:\Program Files (x86)\Windows Kits\10\include\10.0.26100.0\ucrt;C:\Program Files (x86)\Windows Kits\10\\include\10.0.26100.0\\um;C:\Program Files (x86)\Windows Kits\10\\include\10.0.26100.0\\shared;C:\Program Files (x86)\Windows Kits\10\\include\10.0.26100.0\\winrt;C:\Program Files (x86)\Windows Kits\10\\include\10.0.26100.0\\cppwinrt;C:\Program Files (x86)\Windows Kits\NETFXSDK\4.8\include\um
2025-06-25T20:04:08.0064339Z   LIB: C:\Program Files\Microsoft Visual Studio\2022\Enterprise\VC\Tools\MSVC\14.44.35207\ATLMFC\lib\x86;C:\Program Files\Microsoft Visual Studio\2022\Enterprise\VC\Tools\MSVC\14.44.35207\lib\x86;C:\Program Files (x86)\Windows Kits\NETFXSDK\4.8\lib\um\x86;C:\Program Files (x86)\Windows Kits\10\lib\10.0.26100.0\ucrt\x86;C:\Program Files (x86)\Windows Kits\10\\lib\10.0.26100.0\\um\x86
2025-06-25T20:04:08.0066619Z   LIBPATH: C:\Program Files\Microsoft Visual Studio\2022\Enterprise\VC\Tools\MSVC\14.44.35207\ATLMFC\lib\x86;C:\Program Files\Microsoft Visual Studio\2022\Enterprise\VC\Tools\MSVC\14.44.35207\lib\x86;C:\Program Files\Microsoft Visual Studio\2022\Enterprise\VC\Tools\MSVC\14.44.35207\lib\x86\store\references;C:\Program Files (x86)\Windows Kits\10\UnionMetadata\10.0.26100.0;C:\Program Files (x86)\Windows Kits\10\References\10.0.26100.0;C:\Windows\Microsoft.NET\Framework\v4.0.30319
2025-06-25T20:04:08.0068098Z   NETFXSDKDir: C:\Program Files (x86)\Windows Kits\NETFXSDK\4.8\
2025-06-25T20:04:08.0081385Z   Path: C:\Program Files\Microsoft Visual Studio\2022\Enterprise\VC\Tools\MSVC\14.44.35207\bin\HostX86\x86;C:\Program Files\Microsoft Visual Studio\2022\Enterprise\Common7\IDE\VC\VCPackages;C:\Program Files\Microsoft Visual Studio\2022\Enterprise\Common7\IDE\CommonExtensions\Microsoft\TestWindow;C:\Program Files\Microsoft Visual Studio\2022\Enterprise\Common7\IDE\CommonExtensions\Microsoft\TeamFoundation\Team Explorer;C:\Program Files\Microsoft Visual Studio\2022\Enterprise\MSBuild\Current\bin\Roslyn;C:\Program Files (x86)\Microsoft SDKs\Windows\v10.0A\bin\NETFX 4.8 Tools\;C:\Program Files (x86)\HTML Help Workshop;C:\Program Files\Microsoft Visual Studio\2022\Enterprise\Common7\IDE\CommonExtensions\Microsoft\FSharp\Tools;C:\Program Files\Microsoft Visual Studio\2022\Enterprise\Team Tools\DiagnosticsHub\Collector;C:\Program Files\Microsoft Visual Studio\2022\Enterprise\Common7\IDE\Extensions\Microsoft\CodeCoverage.Console;C:\Program Files (x86)\Windows Kits\10\bin\10.0.26100.0\\x86;C:\Program Files (x86)\Windows Kits\10\bin\\x86;C:\Program Files\Microsoft Visual Studio\2022\Enterprise\\MSBuild\Current\Bin\amd64;C:\Windows\Microsoft.NET\Framework\v4.0.30319;C:\Program Files\Microsoft Visual Studio\2022\Enterprise\Common7\IDE\;C:\Program Files\Microsoft Visual Studio\2022\Enterprise\Common7\Tools\;C:\Users\runneradmin\AppData\Roaming\Python\Python39\Scripts;C:\hostedtoolcache\windows\Python\3.9.13\x86\Scripts;C:\hostedtoolcache\windows\Python\3.9.13\x86;C:\Program Files\MongoDB\Server\5.0\bin;C:\aliyun-cli;C:\vcpkg;C:\Program Files (x86)\NSIS\;C:\tools\zstd;C:\Program Files\Mercurial\;C:\hostedtoolcache\windows\stack\3.5.1\x64;C:\cabal\bin;C:\\ghcup\bin;C:\mingw64\bin;C:\Program Files\dotnet;C:\Program Files\MySQL\MySQL Server 8.0\bin;C:\Program Files\R\R-4.4.2\bin\x64;C:\SeleniumWebDrivers\GeckoDriver;C:\SeleniumWebDrivers\EdgeDriver\;C:\SeleniumWebDrivers\ChromeDriver;C:\Program Files (x86)\sbt\bin;C:\Program Files (x86)\GitHub CLI;C:\Program Files\Git\bin;C:\Program Files (x86)\pipx_bin;C:\npm\prefix;C:\hostedtoolcache\windows\go\1.24.4\x64\bin;C:\hostedtoolcache\windows\Python\3.9.13\x64\Scripts;C:\hostedtoolcache\windows\Python\3.9.13\x64;C:\hostedtoolcache\windows\Ruby\3.3.8\x64\bin;C:\Program Files\OpenSSL\bin;C:\tools\kotlinc\bin;C:\hostedtoolcache\windows\Java_Temurin-Hotspot_jdk\8.0.452-9\x64\bin;C:\Program Files\ImageMagick-7.1.1-Q16-HDRI;C:\Program Files\Microsoft SDKs\Azure\CLI2\wbin;C:\ProgramData\kind;C:\ProgramData\Chocolatey\bin;C:\Windows\system32;C:\Windows;C:\Windows\System32\Wbem;C:\Windows\System32\WindowsPowerShell\v1.0\;C:\Windows\System32\OpenSSH\;C:\Program Files\dotnet\;C:\Program Files\PowerShell\7\;C:\Program Files\Microsoft\Web Platform Installer\;C:\Program Files\TortoiseSVN\bin;C:\Program Files\Microsoft SQL Server\Client SDK\ODBC\170\Tools\Binn\;C:\Program Files\Microsoft SQL Server\150\Tools\Binn\;C:\Program Files (x86)\Windows Kits\10\Windows Performance Toolkit\;C:\Program Files (x86)\WiX Toolset v3.14\bin;C:\Program Files\Microsoft SQL Server\130\DTS\Binn\;C:\Program Files\Microsoft SQL Server\140\DTS\Binn\;C:\Program Files\Microsoft SQL Server\150\DTS\Binn\;C:\Program Files\Microsoft SQL Server\160\DTS\Binn\;C:\Strawberry\c\bin;C:\Strawberry\perl\site\bin;C:\Strawberry\perl\bin;C:\ProgramData\chocolatey\lib\pulumi\tools\Pulumi\bin;C:\Program Files\CMake\bin;C:\ProgramData\chocolatey\lib\maven\apache-maven-3.9.10\bin;C:\Program Files\Microsoft Service Fabric\bin\Fabric\Fabric.Code;C:\Program Files\Microsoft SDKs\Service Fabric\Tools\ServiceFabricLocalClusterManager;C:\Program Files\nodejs\;C:\Program Files\Git\cmd;C:\Program Files\Git\mingw64\bin;C:\Program Files\Git\usr\bin;C:\Program Files\GitHub CLI\;c:\tools\php;C:\Program Files\Amazon\AWSCLIV2\;C:\Program Files\Amazon\SessionManagerPlugin\bin\;C:\Program Files\Amazon\AWSSAMCLI\bin\;C:\Program Files\Microsoft SQL Server\130\Tools\Binn\;C:\Program Files\LLVM\bin;C:\Users\runneradmin\.dotnet\tools;C:\Users\runneradmin\.cargo\bin;C:\Users\runneradmin\AppData\Local\Microsoft\WindowsApps;C:\Program Files (x86)\Microsoft Visual Studio\Installer;C:\Program Files\Microsoft Visual Studio\2022\Enterprise\VC\Tools\Llvm\bin;C:\Program Files\Microsoft Visual Studio\2022\Enterprise\Common7\IDE\CommonExtensions\Microsoft\CMake\CMake\bin;C:\Program Files\Microsoft Visual Studio\2022\Enterprise\Common7\IDE\CommonExtensions\Microsoft\CMake\Ninja;C:\Program Files\Microsoft Visual Studio\2022\Enterprise\Common7\IDE\VC\Linux\bin\ConnectionManagerExe;C:\Program Files\Microsoft Visual Studio\2022\Enterprise\VC\vcpkg
2025-06-25T20:04:08.0094726Z   Platform: x86
2025-06-25T20:04:08.0094890Z   UCRTVersion: 10.0.26100.0
2025-06-25T20:04:08.0095149Z   UniversalCRTSdkDir: C:\Program Files (x86)\Windows Kits\10\
2025-06-25T20:04:08.0095587Z   VCIDEInstallDir: C:\Program Files\Microsoft Visual Studio\2022\Enterprise\Common7\IDE\VC\
2025-06-25T20:04:08.0096066Z   VCINSTALLDIR: C:\Program Files\Microsoft Visual Studio\2022\Enterprise\VC\
2025-06-25T20:04:08.0096421Z   VCPKG_ROOT: D:\a\synthizer3d\synthizer3d\vcpkg
2025-06-25T20:04:08.0096848Z   VCToolsInstallDir: C:\Program Files\Microsoft Visual Studio\2022\Enterprise\VC\Tools\MSVC\14.44.35207\
2025-06-25T20:04:08.0097436Z   VCToolsRedistDir: C:\Program Files\Microsoft Visual Studio\2022\Enterprise\VC\Redist\MSVC\14.44.35112\
2025-06-25T20:04:08.0097846Z   VCToolsVersion: 14.44.35207
2025-06-25T20:04:08.0098043Z   VisualStudioVersion: 17.0
2025-06-25T20:04:08.0098387Z   VS170COMNTOOLS: C:\Program Files\Microsoft Visual Studio\2022\Enterprise\Common7\Tools\
2025-06-25T20:04:08.0098762Z   VSCMD_ARG_app_plat: Desktop
2025-06-25T20:04:08.0098965Z   VSCMD_ARG_HOST_ARCH: x86
2025-06-25T20:04:08.0099143Z   VSCMD_ARG_TGT_ARCH: x86
2025-06-25T20:04:08.0099323Z   VSCMD_VER: 17.14.5
2025-06-25T20:04:08.0099600Z   VSINSTALLDIR: C:\Program Files\Microsoft Visual Studio\2022\Enterprise\
2025-06-25T20:04:08.0100032Z   VSSDK150INSTALL: C:\Program Files\Microsoft Visual Studio\2022\Enterprise\VSSDK
2025-06-25T20:04:08.0100479Z   VSSDKINSTALL: C:\Program Files\Microsoft Visual Studio\2022\Enterprise\VSSDK
2025-06-25T20:04:08.0101088Z   WindowsLibPath: C:\Program Files (x86)\Windows Kits\10\UnionMetadata\10.0.26100.0;C:\Program Files (x86)\Windows Kits\10\References\10.0.26100.0
2025-06-25T20:04:08.0101665Z   WindowsSdkBinPath: C:\Program Files (x86)\Windows Kits\10\bin\
2025-06-25T20:04:08.0102007Z   WindowsSdkDir: C:\Program Files (x86)\Windows Kits\10\
2025-06-25T20:04:08.0102285Z   WindowsSDKLibVersion: 10.0.26100.0\
2025-06-25T20:04:08.0102617Z   WindowsSdkVerBinPath: C:\Program Files (x86)\Windows Kits\10\bin\10.0.26100.0\
2025-06-25T20:04:08.0102958Z   WindowsSDKVersion: 10.0.26100.0\
2025-06-25T20:04:08.0103361Z   WindowsSDK_ExecutablePath_x64: C:\Program Files (x86)\Microsoft SDKs\Windows\v10.0A\bin\NETFX 4.8 Tools\x64\
2025-06-25T20:04:08.0103964Z   WindowsSDK_ExecutablePath_x86: C:\Program Files (x86)\Microsoft SDKs\Windows\v10.0A\bin\NETFX 4.8 Tools\
2025-06-25T20:04:08.0104548Z   __DOTNET_ADD_32BIT: 1
2025-06-25T20:04:08.0104732Z   __DOTNET_PREFERRED_BITNESS: 32
2025-06-25T20:04:08.0112791Z   __VSCMD_PREINIT_PATH: C:\Users\runneradmin\AppData\Roaming\Python\Python39\Scripts;C:\hostedtoolcache\windows\Python\3.9.13\x86\Scripts;C:\hostedtoolcache\windows\Python\3.9.13\x86;C:\Program Files\MongoDB\Server\5.0\bin;C:\aliyun-cli;C:\vcpkg;C:\Program Files (x86)\NSIS\;C:\tools\zstd;C:\Program Files\Mercurial\;C:\hostedtoolcache\windows\stack\3.5.1\x64;C:\cabal\bin;C:\\ghcup\bin;C:\mingw64\bin;C:\Program Files\dotnet;C:\Program Files\MySQL\MySQL Server 8.0\bin;C:\Program Files\R\R-4.4.2\bin\x64;C:\SeleniumWebDrivers\GeckoDriver;C:\SeleniumWebDrivers\EdgeDriver\;C:\SeleniumWebDrivers\ChromeDriver;C:\Program Files (x86)\sbt\bin;C:\Program Files (x86)\GitHub CLI;C:\Program Files\Git\bin;C:\Program Files (x86)\pipx_bin;C:\npm\prefix;C:\hostedtoolcache\windows\go\1.24.4\x64\bin;C:\hostedtoolcache\windows\Python\3.9.13\x64\Scripts;C:\hostedtoolcache\windows\Python\3.9.13\x64;C:\hostedtoolcache\windows\Ruby\3.3.8\x64\bin;C:\Program Files\OpenSSL\bin;C:\tools\kotlinc\bin;C:\hostedtoolcache\windows\Java_Temurin-Hotspot_jdk\8.0.452-9\x64\bin;C:\Program Files\ImageMagick-7.1.1-Q16-HDRI;C:\Program Files\Microsoft SDKs\Azure\CLI2\wbin;C:\ProgramData\kind;C:\ProgramData\Chocolatey\bin;C:\Windows\system32;C:\Windows;C:\Windows\System32\Wbem;C:\Windows\System32\WindowsPowerShell\v1.0\;C:\Windows\System32\OpenSSH\;C:\Program Files\dotnet\;C:\Program Files\PowerShell\7\;C:\Program Files\Microsoft\Web Platform Installer\;C:\Program Files\TortoiseSVN\bin;C:\Program Files\Microsoft SQL Server\Client SDK\ODBC\170\Tools\Binn\;C:\Program Files\Microsoft SQL Server\150\Tools\Binn\;C:\Program Files (x86)\Windows Kits\10\Windows Performance Toolkit\;C:\Program Files (x86)\WiX Toolset v3.14\bin;C:\Program Files\Microsoft SQL Server\130\DTS\Binn\;C:\Program Files\Microsoft SQL Server\140\DTS\Binn\;C:\Program Files\Microsoft SQL Server\150\DTS\Binn\;C:\Program Files\Microsoft SQL Server\160\DTS\Binn\;C:\Strawberry\c\bin;C:\Strawberry\perl\site\bin;C:\Strawberry\perl\bin;C:\ProgramData\chocolatey\lib\pulumi\tools\Pulumi\bin;C:\Program Files\CMake\bin;C:\ProgramData\chocolatey\lib\maven\apache-maven-3.9.10\bin;C:\Program Files\Microsoft Service Fabric\bin\Fabric\Fabric.Code;C:\Program Files\Microsoft SDKs\Service Fabric\Tools\ServiceFabricLocalClusterManager;C:\Program Files\nodejs\;C:\Program Files\Git\cmd;C:\Program Files\Git\mingw64\bin;C:\Program Files\Git\usr\bin;C:\Program Files\GitHub CLI\;c:\tools\php;C:\Program Files (x86)\sbt\bin;C:\Program Files\Amazon\AWSCLIV2\;C:\Program Files\Amazon\SessionManagerPlugin\bin\;C:\Program Files\Amazon\AWSSAMCLI\bin\;C:\Program Files\Microsoft SQL Server\130\Tools\Binn\;C:\Program Files\LLVM\bin;C:\Users\runneradmin\.dotnet\tools;C:\Users\runneradmin\.cargo\bin;C:\Users\runneradmin\AppData\Local\Microsoft\WindowsApps;C:\Program Files (x86)\Microsoft Visual Studio\Installer
2025-06-25T20:04:08.0121143Z   VCPKG_DEFAULT_BINARY_CACHE: D:/a/synthizer3d/synthizer3d/969f6665-88a2-4c98-938e-ca9259871fec/vcpkg_cache
2025-06-25T20:04:08.0121606Z   VCPKG_BINARY_SOURCES: clear;x-gha,readwrite
2025-06-25T20:04:08.0122166Z   ACTIONS_CACHE_URL: https://acghubeus2.actions.githubusercontent.com/bwbzopuV3oKlbowlUKWdOnf6KF0vjv7EYqCB3ZHqukKhTVgy74/
2025-06-25T20:04:08.0174897Z   ACTIONS_RUNTIME_TOKEN: ***
2025-06-25T20:04:08.0175204Z   RUNVCPKG_VCPKG_ROOT: D:\a\synthizer3d\synthizer3d\vcpkg
2025-06-25T20:04:08.0175485Z ##[endgroup]
2025-06-25T20:04:08.3321191Z VCPKG_ROOT (tool directory from lukka/run-vcpkg) is D:\a\synthizer3d\synthizer3d\vcpkg
2025-06-25T20:04:08.3329086Z VCPKG_DEFAULT_TRIPLET is x86-windows
2025-06-25T20:04:08.3335465Z GITHUB_WORKSPACE is D:\a\synthizer3d\synthizer3d
2025-06-25T20:04:08.3342166Z Initial EFFECTIVE_VCPKG_INSTALLED_DIR_BASE (from job env, target for manifest install) is D:\a\synthizer3d\synthizer3d\vcpkg_installed
2025-06-25T20:04:08.5494712Z Detecting compiler hash for triplet x64-windows...
2025-06-25T20:04:10.3946880Z Compiler found: C:/Program Files/Microsoft Visual Studio/2022/Enterprise/VC/Tools/MSVC/14.44.35207/bin/Hostx64/x64/cl.exe
2025-06-25T20:04:10.4005511Z Detecting compiler hash for triplet x86-windows...
2025-06-25T20:04:12.3317980Z Compiler found: C:/Program Files/Microsoft Visual Studio/2022/Enterprise/VC/Tools/MSVC/14.44.35207/bin/Hostx64/x86/cl.exe
2025-06-25T20:04:12.3383201Z The following packages will be built and installed:
2025-06-25T20:04:12.3383659Z   * atl:x86-windows@0
2025-06-25T20:04:12.3383941Z   * atlmfc:x86-windows@0#3
2025-06-25T20:04:12.3384255Z     faad2:x86-windows@2.11.1
2025-06-25T20:04:12.3384565Z     libogg:x86-windows@1.3.5#2
2025-06-25T20:04:12.3384881Z     libvorbis:x86-windows@1.3.7#4
2025-06-25T20:04:12.3385189Z     opus:x86-windows@1.5.2
2025-06-25T20:04:12.3385689Z     opusfile:x86-windows@0.12+20221121#1
2025-06-25T20:04:12.3386301Z     soundtouch:x86-windows@2.3.3
2025-06-25T20:04:12.3386892Z   * vcpkg-cmake:x64-windows@2024-04-23
2025-06-25T20:04:12.3387634Z   * vcpkg-cmake-config:x64-windows@2024-05-23
2025-06-25T20:04:12.3388588Z Additional packages (*) will be modified to complete this operation.
2025-06-25T20:04:12.3391310Z %VCPKG_BINARY_SOURCES%: warning: The 'x-gha' binary caching backend has been removed. Consider using a NuGet-based binary caching provider instead, see extended documentation at https://learn.microsoft.com/vcpkg/users/binarycaching?WT.mc_id=vcpkg_inproduct_cli.
2025-06-25T20:04:12.3392604Z   on expression: clear;x-gha,readwrite
2025-06-25T20:04:12.3392950Z                                       ^
2025-06-25T20:04:12.3393362Z Installing 1/10 vcpkg-cmake:x64-windows@2024-04-23...
2025-06-25T20:04:12.3393801Z Building vcpkg-cmake:x64-windows@2024-04-23...
2025-06-25T20:04:12.3681787Z -- Installing: D:/a/synthizer3d/synthizer3d/vcpkg/packages/vcpkg-cmake_x64-windows/share/vcpkg-cmake/vcpkg_cmake_configure.cmake
2025-06-25T20:04:12.3687703Z -- Installing: D:/a/synthizer3d/synthizer3d/vcpkg/packages/vcpkg-cmake_x64-windows/share/vcpkg-cmake/vcpkg_cmake_build.cmake
2025-06-25T20:04:12.3692550Z -- Installing: D:/a/synthizer3d/synthizer3d/vcpkg/packages/vcpkg-cmake_x64-windows/share/vcpkg-cmake/vcpkg_cmake_install.cmake
2025-06-25T20:04:12.3697131Z -- Installing: D:/a/synthizer3d/synthizer3d/vcpkg/packages/vcpkg-cmake_x64-windows/share/vcpkg-cmake/vcpkg-port-config.cmake
2025-06-25T20:04:12.3701994Z -- Installing: D:/a/synthizer3d/synthizer3d/vcpkg/packages/vcpkg-cmake_x64-windows/share/vcpkg-cmake/copyright
2025-06-25T20:04:12.3747503Z -- Performing post-build validation
2025-06-25T20:04:12.3796913Z Elapsed time to handle vcpkg-cmake:x64-windows: 40.9 ms
2025-06-25T20:04:12.3797764Z vcpkg-cmake:x64-windows package ABI: 0768aed50857739e0cfe928c9ad6294dc476d3180da386a436a932f4cd88a7ad
2025-06-25T20:04:12.3798412Z Installing 2/10 faad2:x86-windows@2.11.1...
2025-06-25T20:04:12.3798780Z Building faad2:x86-windows@2.11.1...
2025-06-25T20:04:12.4191845Z Downloading https://github.com/knik0/faad2/archive/2.11.1.tar.gz -> knik0-faad2-2.11.1.tar.gz
2025-06-25T20:04:13.1988123Z Successfully downloaded knik0-faad2-2.11.1.tar.gz
2025-06-25T20:04:13.4271004Z -- Extracting source D:/a/synthizer3d/synthizer3d/vcpkg/downloads/knik0-faad2-2.11.1.tar.gz
2025-06-25T20:04:13.5831048Z -- Applying patch fix-install.patch
2025-06-25T20:04:13.6048429Z -- Using source at D:/a/synthizer3d/synthizer3d/vcpkg/buildtrees/faad2/src/2.11.1-55f3ec09c2.clean
2025-06-25T20:04:13.6157536Z -- Found external ninja('1.12.1').
2025-06-25T20:04:13.6190297Z -- Configuring x86-windows
2025-06-25T20:04:14.9978509Z -- Building x86-windows-dbg
2025-06-25T20:04:18.8836768Z -- Building x86-windows-rel
2025-06-25T20:04:26.4494047Z -- Fixing pkgconfig file: D:/a/synthizer3d/synthizer3d/vcpkg/packages/faad2_x86-windows/lib/pkgconfig/faad2.pc
2025-06-25T20:04:26.4691920Z Downloading msys2-mingw-w64-x86_64-pkgconf-1~2.3.0-1-any.pkg.tar.zst, trying https://mirror.msys2.org/mingw/mingw64/mingw-w64-x86_64-pkgconf-1~2.3.0-1-any.pkg.tar.zst
2025-06-25T20:04:27.5031850Z Successfully downloaded msys2-mingw-w64-x86_64-pkgconf-1~2.3.0-1-any.pkg.tar.zst
2025-06-25T20:04:27.5224228Z Downloading msys2-msys2-runtime-3.5.4-2-x86_64.pkg.tar.zst, trying https://mirror.msys2.org/msys/x86_64/msys2-runtime-3.5.4-2-x86_64.pkg.tar.zst
2025-06-25T20:04:29.1787925Z Successfully downloaded msys2-msys2-runtime-3.5.4-2-x86_64.pkg.tar.zst
2025-06-25T20:04:29.1888384Z -- Using msys root at D:/a/synthizer3d/synthizer3d/vcpkg/downloads/tools/msys2/21caed2f81ec917b
2025-06-25T20:04:29.1958398Z -- Fixing pkgconfig file: D:/a/synthizer3d/synthizer3d/vcpkg/packages/faad2_x86-windows/debug/lib/pkgconfig/faad2.pc
2025-06-25T20:04:30.7599940Z -- Installing: D:/a/synthizer3d/synthizer3d/vcpkg/packages/faad2_x86-windows/share/faad2/copyright
2025-06-25T20:04:30.7660661Z -- Performing post-build validation
2025-06-25T20:04:30.7735487Z Elapsed time to handle faad2:x86-windows: 18 s
2025-06-25T20:04:30.7736294Z faad2:x86-windows package ABI: 7bcc58dee5d45302b42fcb4c6bdfb30e97a3f02efd0787068373167054911282
2025-06-25T20:04:30.7737069Z Installing 3/10 vcpkg-cmake-config:x64-windows@2024-05-23...
2025-06-25T20:04:30.7737584Z Building vcpkg-cmake-config:x64-windows@2024-05-23...
2025-06-25T20:04:30.8029527Z -- Installing: D:/a/synthizer3d/synthizer3d/vcpkg/packages/vcpkg-cmake-config_x64-windows/share/vcpkg-cmake-config/vcpkg_cmake_config_fixup.cmake
2025-06-25T20:04:30.8035198Z -- Installing: D:/a/synthizer3d/synthizer3d/vcpkg/packages/vcpkg-cmake-config_x64-windows/share/vcpkg-cmake-config/vcpkg-port-config.cmake
2025-06-25T20:04:30.8039831Z -- Installing: D:/a/synthizer3d/synthizer3d/vcpkg/packages/vcpkg-cmake-config_x64-windows/share/vcpkg-cmake-config/copyright
2025-06-25T20:04:30.8085752Z -- Skipping post-build validation due to VCPKG_POLICY_EMPTY_PACKAGE
2025-06-25T20:04:30.8109749Z Elapsed time to handle vcpkg-cmake-config:x64-windows: 37.4 ms
2025-06-25T20:04:30.8110494Z vcpkg-cmake-config:x64-windows package ABI: 8c34a1c5615d1e075f4e7a47a1628082eacc0422473baec62857542d85450f38
2025-06-25T20:04:30.8111070Z Installing 4/10 libogg:x86-windows@1.3.5#2...
2025-06-25T20:04:30.8111406Z Building libogg:x86-windows@1.3.5#2...
2025-06-25T20:04:30.8509103Z Downloading https://gitlab.xiph.org/xiph/ogg/-/archive/v1.3.5/ogg-v1.3.5.tar.gz -> xiph-ogg-v1.3.5.tar.gz
2025-06-25T20:04:31.2270888Z Successfully downloaded xiph-ogg-v1.3.5.tar.gz
2025-06-25T20:04:31.2375351Z -- Extracting source D:/a/synthizer3d/synthizer3d/vcpkg/downloads/xiph-ogg-v1.3.5.tar.gz
2025-06-25T20:04:31.3741389Z -- Using source at D:/a/synthizer3d/synthizer3d/vcpkg/buildtrees/libogg/src/v1.3.5-1a4243fef9.clean
2025-06-25T20:04:31.3859176Z -- Found external ninja('1.12.1').
2025-06-25T20:04:31.3892512Z -- Configuring x86-windows
2025-06-25T20:04:37.2501000Z -- Building x86-windows-dbg
2025-06-25T20:04:37.5423530Z -- Building x86-windows-rel
2025-06-25T20:04:37.8475077Z -- Fixing pkgconfig file: D:/a/synthizer3d/synthizer3d/vcpkg/packages/libogg_x86-windows/lib/pkgconfig/ogg.pc
2025-06-25T20:04:37.8580248Z -- Using cached msys2-mingw-w64-x86_64-pkgconf-1~2.3.0-1-any.pkg.tar.zst
2025-06-25T20:04:37.8650308Z -- Using cached msys2-msys2-runtime-3.5.4-2-x86_64.pkg.tar.zst
2025-06-25T20:04:37.8654697Z -- Using msys root at D:/a/synthizer3d/synthizer3d/vcpkg/downloads/tools/msys2/21caed2f81ec917b
2025-06-25T20:04:37.8724046Z -- Fixing pkgconfig file: D:/a/synthizer3d/synthizer3d/vcpkg/packages/libogg_x86-windows/debug/lib/pkgconfig/ogg.pc
2025-06-25T20:04:37.8792669Z -- Installing: D:/a/synthizer3d/synthizer3d/vcpkg/packages/libogg_x86-windows/share/libogg/copyright
2025-06-25T20:04:37.8847380Z -- Performing post-build validation
2025-06-25T20:04:37.8922669Z Elapsed time to handle libogg:x86-windows: 7.1 s
2025-06-25T20:04:37.8923367Z libogg:x86-windows package ABI: cd746977b51774c12fc8bf3d98436284195cecef62222c4ba77380e7870d3bc2
2025-06-25T20:04:37.8923888Z Installing 5/10 libvorbis:x86-windows@1.3.7#4...
2025-06-25T20:04:37.8924226Z Building libvorbis:x86-windows@1.3.7#4...
2025-06-25T20:04:37.9316257Z Downloading https://github.com/xiph/vorbis/archive/v1.3.7.tar.gz -> xiph-vorbis-v1.3.7.tar.gz
2025-06-25T20:04:38.7883337Z Successfully downloaded xiph-vorbis-v1.3.7.tar.gz
2025-06-25T20:04:38.8034929Z -- Extracting source D:/a/synthizer3d/synthizer3d/vcpkg/downloads/xiph-vorbis-v1.3.7.tar.gz
2025-06-25T20:04:39.0026862Z -- Applying patch 0001-Dont-export-vorbisenc-functions.patch
2025-06-25T20:04:39.0240347Z -- Applying patch 0002-Fixup-pkgconfig-libs.patch
2025-06-25T20:04:39.0441516Z -- Applying patch 0003-def-mingw-compat.patch
2025-06-25T20:04:39.0652031Z -- Applying patch 0004-ogg-find-dependency.patch
2025-06-25T20:04:39.0876017Z -- Using source at D:/a/synthizer3d/synthizer3d/vcpkg/buildtrees/libvorbis/src/v1.3.7-c32164610e.clean
2025-06-25T20:04:39.0986721Z -- Found external ninja('1.12.1').
2025-06-25T20:04:39.1019239Z -- Configuring x86-windows
2025-06-25T20:04:40.8433908Z -- Building x86-windows-dbg
2025-06-25T20:04:42.0489355Z -- Building x86-windows-rel
2025-06-25T20:04:44.0020114Z -- Fixing pkgconfig file: D:/a/synthizer3d/synthizer3d/vcpkg/packages/libvorbis_x86-windows/lib/pkgconfig/vorbis.pc
2025-06-25T20:04:44.0024448Z -- Fixing pkgconfig file: D:/a/synthizer3d/synthizer3d/vcpkg/packages/libvorbis_x86-windows/lib/pkgconfig/vorbisenc.pc
2025-06-25T20:04:44.0028931Z -- Fixing pkgconfig file: D:/a/synthizer3d/synthizer3d/vcpkg/packages/libvorbis_x86-windows/lib/pkgconfig/vorbisfile.pc
2025-06-25T20:04:44.0138586Z -- Using cached msys2-mingw-w64-x86_64-pkgconf-1~2.3.0-1-any.pkg.tar.zst
2025-06-25T20:04:44.0208064Z -- Using cached msys2-msys2-runtime-3.5.4-2-x86_64.pkg.tar.zst
2025-06-25T20:04:44.0212610Z -- Using msys root at D:/a/synthizer3d/synthizer3d/vcpkg/downloads/tools/msys2/21caed2f81ec917b
2025-06-25T20:04:44.0405465Z -- Fixing pkgconfig file: D:/a/synthizer3d/synthizer3d/vcpkg/packages/libvorbis_x86-windows/debug/lib/pkgconfig/vorbis.pc
2025-06-25T20:04:44.0410631Z -- Fixing pkgconfig file: D:/a/synthizer3d/synthizer3d/vcpkg/packages/libvorbis_x86-windows/debug/lib/pkgconfig/vorbisenc.pc
2025-06-25T20:04:44.0416455Z -- Fixing pkgconfig file: D:/a/synthizer3d/synthizer3d/vcpkg/packages/libvorbis_x86-windows/debug/lib/pkgconfig/vorbisfile.pc
2025-06-25T20:04:44.1667614Z -- Installing: D:/a/synthizer3d/synthizer3d/vcpkg/packages/libvorbis_x86-windows/share/libvorbis/usage
2025-06-25T20:04:44.1672180Z -- Installing: D:/a/synthizer3d/synthizer3d/vcpkg/packages/libvorbis_x86-windows/share/libvorbis/copyright
2025-06-25T20:04:44.1727531Z -- Performing post-build validation
2025-06-25T20:04:44.1829746Z Elapsed time to handle libvorbis:x86-windows: 6.3 s
2025-06-25T20:04:44.1831231Z libvorbis:x86-windows package ABI: 1b8b78dc6888eddde7132b5860398f123ad31dc72e0b6da8319cea7fc29b173d
2025-06-25T20:04:44.1832283Z Installing 6/10 opus:x86-windows@1.5.2...
2025-06-25T20:04:44.1832823Z Building opus:x86-windows@1.5.2...
2025-06-25T20:04:44.2235906Z Downloading https://github.com/xiph/opus/archive/v1.5.2.tar.gz -> xiph-opus-v1.5.2.tar.gz
2025-06-25T20:04:45.1998750Z Successfully downloaded xiph-opus-v1.5.2.tar.gz
2025-06-25T20:04:45.2251725Z -- Extracting source D:/a/synthizer3d/synthizer3d/vcpkg/downloads/xiph-opus-v1.5.2.tar.gz
2025-06-25T20:04:45.5151735Z -- Applying patch fix-pkgconfig-version.patch
2025-06-25T20:04:45.5367440Z -- Using source at D:/a/synthizer3d/synthizer3d/vcpkg/buildtrees/opus/src/v1.5.2-81ed242155.clean
2025-06-25T20:04:45.5488324Z -- Found external ninja('1.12.1').
2025-06-25T20:04:45.5521814Z -- Configuring x86-windows
2025-06-25T20:04:50.9145603Z -- Building x86-windows-dbg
2025-06-25T20:04:56.1892393Z -- Building x86-windows-rel
2025-06-25T20:05:03.7468959Z -- Fixing pkgconfig file: D:/a/synthizer3d/synthizer3d/vcpkg/packages/opus_x86-windows/lib/pkgconfig/opus.pc
2025-06-25T20:05:03.7576313Z -- Using cached msys2-mingw-w64-x86_64-pkgconf-1~2.3.0-1-any.pkg.tar.zst
2025-06-25T20:05:03.7649480Z -- Using cached msys2-msys2-runtime-3.5.4-2-x86_64.pkg.tar.zst
2025-06-25T20:05:03.7654596Z -- Using msys root at D:/a/synthizer3d/synthizer3d/vcpkg/downloads/tools/msys2/21caed2f81ec917b
2025-06-25T20:05:03.7734480Z -- Fixing pkgconfig file: D:/a/synthizer3d/synthizer3d/vcpkg/packages/opus_x86-windows/debug/lib/pkgconfig/opus.pc
2025-06-25T20:05:03.7809301Z -- Installing: D:/a/synthizer3d/synthizer3d/vcpkg/packages/opus_x86-windows/share/opus/copyright
2025-06-25T20:05:03.7870373Z -- Performing post-build validation
2025-06-25T20:05:03.7949152Z Elapsed time to handle opus:x86-windows: 20 s
2025-06-25T20:05:03.7949811Z opus:x86-windows package ABI: 9794dd2628d326b7db55dc49f96cc20e6b234b072d96f04128bfdb8c1264794e
2025-06-25T20:05:03.7950410Z Installing 7/10 opusfile:x86-windows@0.12+20221121#1...
2025-06-25T20:05:03.7950787Z Building opusfile:x86-windows@0.12+20221121#1...
2025-06-25T20:05:03.8262522Z -- Note: opusfile only supports static library linkage. Building static library.
2025-06-25T20:05:03.8364112Z Downloading https://github.com/xiph/opusfile/archive/9d718345ce03b2fad5d7d28e0bcd1cc69ab2b166.tar.gz -> xiph-opusfile-9d718345ce03b2fad5d7d28e0bcd1cc69ab2b166.tar.gz
2025-06-25T20:05:04.6031776Z Successfully downloaded xiph-opusfile-9d718345ce03b2fad5d7d28e0bcd1cc69ab2b166.tar.gz
2025-06-25T20:05:04.6136022Z -- Extracting source D:/a/synthizer3d/synthizer3d/vcpkg/downloads/xiph-opusfile-9d718345ce03b2fad5d7d28e0bcd1cc69ab2b166.tar.gz
2025-06-25T20:05:04.7470181Z -- Using source at D:/a/synthizer3d/synthizer3d/vcpkg/buildtrees/opusfile/src/c69ab2b166-6cc7de23ec.clean
2025-06-25T20:05:04.7594025Z -- Found external ninja('1.12.1').
2025-06-25T20:05:04.7627925Z -- Configuring x86-windows
2025-06-25T20:05:06.0072166Z -- Building x86-windows-dbg
2025-06-25T20:05:06.2802459Z -- Building x86-windows-rel
2025-06-25T20:05:06.7239185Z -- Fixing pkgconfig file: D:/a/synthizer3d/synthizer3d/vcpkg/packages/opusfile_x86-windows/lib/pkgconfig/opusfile.pc
2025-06-25T20:05:06.7345401Z -- Using cached msys2-mingw-w64-x86_64-pkgconf-1~2.3.0-1-any.pkg.tar.zst
2025-06-25T20:05:06.7414219Z -- Using cached msys2-msys2-runtime-3.5.4-2-x86_64.pkg.tar.zst
2025-06-25T20:05:06.7418271Z -- Using msys root at D:/a/synthizer3d/synthizer3d/vcpkg/downloads/tools/msys2/21caed2f81ec917b
2025-06-25T20:05:06.7501162Z -- Fixing pkgconfig file: D:/a/synthizer3d/synthizer3d/vcpkg/packages/opusfile_x86-windows/debug/lib/pkgconfig/opusfile.pc
2025-06-25T20:05:06.7602633Z -- Installing: D:/a/synthizer3d/synthizer3d/vcpkg/packages/opusfile_x86-windows/share/opusfile/copyright
2025-06-25T20:05:06.7612321Z -- Installing: D:/a/synthizer3d/synthizer3d/vcpkg/packages/opusfile_x86-windows/share/opusfile/usage
2025-06-25T20:05:06.7668771Z -- Performing post-build validation
2025-06-25T20:05:06.7737704Z Elapsed time to handle opusfile:x86-windows: 3 s
2025-06-25T20:05:06.7738835Z opusfile:x86-windows package ABI: 28f1f4665a4be319971a6c97687092c72d61d64bec5f7379192d25cbe05477f6
2025-06-25T20:05:06.7739418Z Installing 8/10 atl:x86-windows@0...
2025-06-25T20:05:06.7739735Z Building atl:x86-windows@0...
2025-06-25T20:05:06.8095035Z -- Skipping post-build validation due to VCPKG_POLICY_EMPTY_PACKAGE
2025-06-25T20:05:06.8117433Z Elapsed time to handle atl:x86-windows: 37.9 ms
2025-06-25T20:05:06.8118706Z atl:x86-windows package ABI: d76cf63cd283bfa028543d27b3c694f673281619ec8a88d3a7a5ade91f1b16ca
2025-06-25T20:05:06.8119380Z Installing 9/10 atlmfc:x86-windows@0#3...
2025-06-25T20:05:06.8119761Z Building atlmfc:x86-windows@0#3...
2025-06-25T20:05:06.8522748Z -- Skipping post-build validation due to VCPKG_POLICY_EMPTY_PACKAGE
2025-06-25T20:05:06.8545997Z Elapsed time to handle atlmfc:x86-windows: 42.8 ms
2025-06-25T20:05:06.8547104Z atlmfc:x86-windows package ABI: d5d7753973614bbb2ba0a58a2301eca8ba806ca0679006efc61110706ed276b0
2025-06-25T20:05:06.8547641Z Installing 10/10 soundtouch:x86-windows@2.3.3...
2025-06-25T20:05:06.8548047Z Building soundtouch:x86-windows@2.3.3...
2025-06-25T20:05:06.8954656Z Downloading https://codeberg.org/soundtouch/soundtouch/archive/2.3.3.tar.gz -> soundtouch-soundtouch-2.3.3.tar.gz
2025-06-25T20:05:08.2545203Z Successfully downloaded soundtouch-soundtouch-2.3.3.tar.gz
2025-06-25T20:05:08.2660448Z -- Extracting source D:/a/synthizer3d/synthizer3d/vcpkg/downloads/soundtouch-soundtouch-2.3.3.tar.gz
2025-06-25T20:05:08.4218416Z -- Using source at D:/a/synthizer3d/synthizer3d/vcpkg/buildtrees/soundtouch/src/2.3.3-309213044d.clean
2025-06-25T20:05:08.4337434Z -- Found external ninja('1.12.1').
2025-06-25T20:05:08.4371988Z -- Configuring x86-windows
2025-06-25T20:05:09.8554460Z -- Building x86-windows-dbg
2025-06-25T20:05:12.1515327Z -- Building x86-windows-rel
2025-06-25T20:05:14.4942771Z -- Fixing pkgconfig file: D:/a/synthizer3d/synthizer3d/vcpkg/packages/soundtouch_x86-windows/lib/pkgconfig/soundtouch.pc
2025-06-25T20:05:14.5049817Z -- Using cached msys2-mingw-w64-x86_64-pkgconf-1~2.3.0-1-any.pkg.tar.zst
2025-06-25T20:05:14.5118640Z -- Using cached msys2-msys2-runtime-3.5.4-2-x86_64.pkg.tar.zst
2025-06-25T20:05:14.5122570Z -- Using msys root at D:/a/synthizer3d/synthizer3d/vcpkg/downloads/tools/msys2/21caed2f81ec917b
2025-06-25T20:05:14.5197198Z -- Fixing pkgconfig file: D:/a/synthizer3d/synthizer3d/vcpkg/packages/soundtouch_x86-windows/debug/lib/pkgconfig/soundtouch.pc
2025-06-25T20:05:14.5637989Z -- Installing: D:/a/synthizer3d/synthizer3d/vcpkg/packages/soundtouch_x86-windows/share/soundtouch/copyright
2025-06-25T20:05:14.5699606Z -- Performing post-build validation
2025-06-25T20:05:14.5783213Z Elapsed time to handle soundtouch:x86-windows: 7.7 s
2025-06-25T20:05:14.5784012Z soundtouch:x86-windows package ABI: 552a6c579d5f70a8c6f376bdd0eeaf1411f63a24dd1c49f78479a59fb756afc6
2025-06-25T20:05:14.5803995Z faad2 provides pkg-config modules:
2025-06-25T20:05:14.5804347Z 
2025-06-25T20:05:14.5804680Z   # Freeware Advanced Audio (AAC) Decoder
2025-06-25T20:05:14.5805180Z   faad2
2025-06-25T20:05:14.5805362Z 
2025-06-25T20:05:14.5807337Z libogg provides CMake targets:
2025-06-25T20:05:14.5807652Z 
2025-06-25T20:05:14.5808044Z   # this is heuristically generated, and may not be correct
2025-06-25T20:05:14.5808710Z   find_package(Ogg CONFIG REQUIRED)
2025-06-25T20:05:14.5809400Z   target_link_libraries(main PRIVATE Ogg::ogg)
2025-06-25T20:05:14.5809778Z 
2025-06-25T20:05:14.5810048Z libogg provides pkg-config modules:
2025-06-25T20:05:14.5810347Z 
2025-06-25T20:05:14.5810675Z   # ogg is a library for manipulating ogg bitstreams
2025-06-25T20:05:14.5811140Z   ogg
2025-06-25T20:05:14.5811308Z 
2025-06-25T20:05:14.5811622Z The package libvorbis provides CMake targets:
2025-06-25T20:05:14.5811965Z 
2025-06-25T20:05:14.5812337Z     # Vorbis reference encoder and decoder, low-level API
2025-06-25T20:05:14.5812974Z     find_package(Vorbis CONFIG REQUIRED)
2025-06-25T20:05:14.5813653Z     target_link_libraries(main PRIVATE Vorbis::vorbis)
2025-06-25T20:05:14.5814037Z 
2025-06-25T20:05:14.5814474Z     # Audio stream decoding and basic manipulation, high-level API
2025-06-25T20:05:14.5815183Z     find_package(Vorbis CONFIG REQUIRED)
2025-06-25T20:05:14.5815870Z     target_link_libraries(main PRIVATE Vorbis::vorbisfile)
2025-06-25T20:05:14.5816355Z 
2025-06-25T20:05:14.5816739Z     # Convenience API for setting up an encoding environment
2025-06-25T20:05:14.5817410Z     find_package(Vorbis CONFIG REQUIRED)
2025-06-25T20:05:14.5818019Z     target_link_libraries(main PRIVATE Vorbis::vorbisenc)
2025-06-25T20:05:14.5818399Z 
2025-06-25T20:05:14.5818642Z opus provides CMake targets:
2025-06-25T20:05:14.5818900Z 
2025-06-25T20:05:14.5819270Z   # this is heuristically generated, and may not be correct
2025-06-25T20:05:14.5819903Z   find_package(Opus CONFIG REQUIRED)
2025-06-25T20:05:14.5820498Z   target_link_libraries(main PRIVATE Opus::opus)
2025-06-25T20:05:14.5820850Z 
2025-06-25T20:05:14.5821096Z opus provides pkg-config modules:
2025-06-25T20:05:14.5821378Z 
2025-06-25T20:05:14.5821609Z   # Opus IETF audio codec ( build)
2025-06-25T20:05:14.5822097Z   opus
2025-06-25T20:05:14.5822239Z 
2025-06-25T20:05:14.5822492Z The package opusfile provides CMake targets:
2025-06-25T20:05:14.5822775Z 
2025-06-25T20:05:14.5823011Z     find_package(OpusFile CONFIG REQUIRED)
2025-06-25T20:05:14.5824022Z     target_link_libraries(main PRIVATE OpusFile::opusfile)
2025-06-25T20:05:14.5824373Z 
2025-06-25T20:05:14.5824544Z     # To use the opusurl API
2025-06-25T20:05:14.5825063Z     target_link_libraries(main PRIVATE OpusFile::opusurl)
2025-06-25T20:05:14.5825385Z 
2025-06-25T20:05:14.5825592Z soundtouch provides CMake targets:
2025-06-25T20:05:14.5825826Z 
2025-06-25T20:05:14.5826133Z   # this is heuristically generated, and may not be correct
2025-06-25T20:05:14.5826637Z   find_package(SoundTouch CONFIG REQUIRED)
2025-06-25T20:05:14.5827198Z   target_link_libraries(main PRIVATE SoundTouch::SoundTouch)
2025-06-25T20:05:14.5827527Z 
2025-06-25T20:05:14.5827735Z soundtouch provides pkg-config modules:
2025-06-25T20:05:14.5827981Z 
2025-06-25T20:05:14.5828845Z   # SoundTouch is an open-source audio processing library for changing the Tempo, Pitch and Playback Rates of audio streams or files
2025-06-25T20:05:14.5829792Z   soundtouch
2025-06-25T20:05:14.5829962Z 
2025-06-25T20:05:14.5830337Z All requested installations completed successfully in: 1 min
2025-06-25T20:05:14.5916898Z Finished vcpkg install command.
2025-06-25T20:05:14.6209485Z Verifying existence of target CMAKE_PREFIX_PATH: D:\a\synthizer3d\synthizer3d\vcpkg_installed\x86-windows
2025-06-25T20:05:14.6240252Z Confermato: La directory target per CMAKE_PREFIX_PATH esiste: D:\a\synthizer3d\synthizer3d\vcpkg_installed\x86-windows
2025-06-25T20:05:14.6316926Z CMAKE_PREFIX_PATH impostato a D:\a\synthizer3d\synthizer3d\vcpkg_installed\x86-windows
2025-06-25T20:05:14.6682904Z ##[group]Run python -m pip install --upgrade pip
2025-06-25T20:05:14.6683424Z [36;1mpython -m pip install --upgrade pip[0m
2025-06-25T20:05:14.6684027Z [36;1mpip install ninja cmake wheel tomli setuptools packaging distro scikit-build cython build delvewheel[0m
2025-06-25T20:05:14.6716497Z shell: C:\Program Files\PowerShell\7\pwsh.EXE -command ". '{0}'"
2025-06-25T20:05:14.6716912Z env:
2025-06-25T20:05:14.6717083Z   PYVERSION: 3.9
2025-06-25T20:05:14.6717253Z   CI_ARCH_LOWER: x86
2025-06-25T20:05:14.6717425Z   CI_WINDOWS: 1
2025-06-25T20:05:14.6717579Z   CI_ARCH_ENV: x86
2025-06-25T20:05:14.6717757Z   VCPKG_DEFAULT_TRIPLET: x86-windows
2025-06-25T20:05:14.6718114Z   EFFECTIVE_VCPKG_INSTALLED_DIR_BASE: D:\a\synthizer3d\synthizer3d\vcpkg_installed
2025-06-25T20:05:14.6718543Z   pythonLocation: C:\hostedtoolcache\windows\Python\3.9.13\x86
2025-06-25T20:05:14.6718957Z   PKG_CONFIG_PATH: C:\hostedtoolcache\windows\Python\3.9.13\x86/lib/pkgconfig
2025-06-25T20:05:14.6719409Z   Python_ROOT_DIR: C:\hostedtoolcache\windows\Python\3.9.13\x86
2025-06-25T20:05:14.6719774Z   Python2_ROOT_DIR: C:\hostedtoolcache\windows\Python\3.9.13\x86
2025-06-25T20:05:14.6720133Z   Python3_ROOT_DIR: C:\hostedtoolcache\windows\Python\3.9.13\x86
2025-06-25T20:05:14.6720427Z   CommandPromptType: Native
2025-06-25T20:05:14.6720757Z   DevEnvDir: C:\Program Files\Microsoft Visual Studio\2022\Enterprise\Common7\IDE\
2025-06-25T20:05:14.6721231Z   ExtensionSdkDir: C:\Program Files (x86)\Microsoft SDKs\Windows Kits\10\ExtensionSDKs
2025-06-25T20:05:14.6723308Z   EXTERNAL_INCLUDE: C:\Program Files\Microsoft Visual Studio\2022\Enterprise\VC\Tools\MSVC\14.44.35207\include;C:\Program Files\Microsoft Visual Studio\2022\Enterprise\VC\Tools\MSVC\14.44.35207\ATLMFC\include;C:\Program Files\Microsoft Visual Studio\2022\Enterprise\VC\Auxiliary\VS\include;C:\Program Files (x86)\Windows Kits\10\include\10.0.26100.0\ucrt;C:\Program Files (x86)\Windows Kits\10\\include\10.0.26100.0\\um;C:\Program Files (x86)\Windows Kits\10\\include\10.0.26100.0\\shared;C:\Program Files (x86)\Windows Kits\10\\include\10.0.26100.0\\winrt;C:\Program Files (x86)\Windows Kits\10\\include\10.0.26100.0\\cppwinrt;C:\Program Files (x86)\Windows Kits\NETFXSDK\4.8\include\um
2025-06-25T20:05:14.6725219Z   Framework40Version: v4.0
2025-06-25T20:05:14.6725452Z   FrameworkDir: C:\Windows\Microsoft.NET\Framework\
2025-06-25T20:05:14.6725755Z   FrameworkDir32: C:\Windows\Microsoft.NET\Framework\
2025-06-25T20:05:14.6726195Z   FrameworkVersion: v4.0.30319
2025-06-25T20:05:14.6726401Z   FrameworkVersion32: v4.0.30319
2025-06-25T20:05:14.6726882Z   FSHARPINSTALLDIR: C:\Program Files\Microsoft Visual Studio\2022\Enterprise\Common7\IDE\CommonExtensions\Microsoft\FSharp\Tools
2025-06-25T20:05:14.6727424Z   HTMLHelpDir: C:\Program Files (x86)\HTML Help Workshop
2025-06-25T20:05:14.6727857Z   IFCPATH: C:\Program Files\Microsoft Visual Studio\2022\Enterprise\VC\Tools\MSVC\14.44.35207\ifc\x86
2025-06-25T20:05:14.6729893Z   INCLUDE: C:\Program Files\Microsoft Visual Studio\2022\Enterprise\VC\Tools\MSVC\14.44.35207\include;C:\Program Files\Microsoft Visual Studio\2022\Enterprise\VC\Tools\MSVC\14.44.35207\ATLMFC\include;C:\Program Files\Microsoft Visual Studio\2022\Enterprise\VC\Auxiliary\VS\include;C:\Program Files (x86)\Windows Kits\10\include\10.0.26100.0\ucrt;C:\Program Files (x86)\Windows Kits\10\\include\10.0.26100.0\\um;C:\Program Files (x86)\Windows Kits\10\\include\10.0.26100.0\\shared;C:\Program Files (x86)\Windows Kits\10\\include\10.0.26100.0\\winrt;C:\Program Files (x86)\Windows Kits\10\\include\10.0.26100.0\\cppwinrt;C:\Program Files (x86)\Windows Kits\NETFXSDK\4.8\include\um
2025-06-25T20:05:14.6734126Z   LIB: C:\Program Files\Microsoft Visual Studio\2022\Enterprise\VC\Tools\MSVC\14.44.35207\ATLMFC\lib\x86;C:\Program Files\Microsoft Visual Studio\2022\Enterprise\VC\Tools\MSVC\14.44.35207\lib\x86;C:\Program Files (x86)\Windows Kits\NETFXSDK\4.8\lib\um\x86;C:\Program Files (x86)\Windows Kits\10\lib\10.0.26100.0\ucrt\x86;C:\Program Files (x86)\Windows Kits\10\\lib\10.0.26100.0\\um\x86
2025-06-25T20:05:14.6736486Z   LIBPATH: C:\Program Files\Microsoft Visual Studio\2022\Enterprise\VC\Tools\MSVC\14.44.35207\ATLMFC\lib\x86;C:\Program Files\Microsoft Visual Studio\2022\Enterprise\VC\Tools\MSVC\14.44.35207\lib\x86;C:\Program Files\Microsoft Visual Studio\2022\Enterprise\VC\Tools\MSVC\14.44.35207\lib\x86\store\references;C:\Program Files (x86)\Windows Kits\10\UnionMetadata\10.0.26100.0;C:\Program Files (x86)\Windows Kits\10\References\10.0.26100.0;C:\Windows\Microsoft.NET\Framework\v4.0.30319
2025-06-25T20:05:14.6737968Z   NETFXSDKDir: C:\Program Files (x86)\Windows Kits\NETFXSDK\4.8\
2025-06-25T20:05:14.6751649Z   Path: C:\Program Files\Microsoft Visual Studio\2022\Enterprise\VC\Tools\MSVC\14.44.35207\bin\HostX86\x86;C:\Program Files\Microsoft Visual Studio\2022\Enterprise\Common7\IDE\VC\VCPackages;C:\Program Files\Microsoft Visual Studio\2022\Enterprise\Common7\IDE\CommonExtensions\Microsoft\TestWindow;C:\Program Files\Microsoft Visual Studio\2022\Enterprise\Common7\IDE\CommonExtensions\Microsoft\TeamFoundation\Team Explorer;C:\Program Files\Microsoft Visual Studio\2022\Enterprise\MSBuild\Current\bin\Roslyn;C:\Program Files (x86)\Microsoft SDKs\Windows\v10.0A\bin\NETFX 4.8 Tools\;C:\Program Files (x86)\HTML Help Workshop;C:\Program Files\Microsoft Visual Studio\2022\Enterprise\Common7\IDE\CommonExtensions\Microsoft\FSharp\Tools;C:\Program Files\Microsoft Visual Studio\2022\Enterprise\Team Tools\DiagnosticsHub\Collector;C:\Program Files\Microsoft Visual Studio\2022\Enterprise\Common7\IDE\Extensions\Microsoft\CodeCoverage.Console;C:\Program Files (x86)\Windows Kits\10\bin\10.0.26100.0\\x86;C:\Program Files (x86)\Windows Kits\10\bin\\x86;C:\Program Files\Microsoft Visual Studio\2022\Enterprise\\MSBuild\Current\Bin\amd64;C:\Windows\Microsoft.NET\Framework\v4.0.30319;C:\Program Files\Microsoft Visual Studio\2022\Enterprise\Common7\IDE\;C:\Program Files\Microsoft Visual Studio\2022\Enterprise\Common7\Tools\;C:\Users\runneradmin\AppData\Roaming\Python\Python39\Scripts;C:\hostedtoolcache\windows\Python\3.9.13\x86\Scripts;C:\hostedtoolcache\windows\Python\3.9.13\x86;C:\Program Files\MongoDB\Server\5.0\bin;C:\aliyun-cli;C:\vcpkg;C:\Program Files (x86)\NSIS\;C:\tools\zstd;C:\Program Files\Mercurial\;C:\hostedtoolcache\windows\stack\3.5.1\x64;C:\cabal\bin;C:\\ghcup\bin;C:\mingw64\bin;C:\Program Files\dotnet;C:\Program Files\MySQL\MySQL Server 8.0\bin;C:\Program Files\R\R-4.4.2\bin\x64;C:\SeleniumWebDrivers\GeckoDriver;C:\SeleniumWebDrivers\EdgeDriver\;C:\SeleniumWebDrivers\ChromeDriver;C:\Program Files (x86)\sbt\bin;C:\Program Files (x86)\GitHub CLI;C:\Program Files\Git\bin;C:\Program Files (x86)\pipx_bin;C:\npm\prefix;C:\hostedtoolcache\windows\go\1.24.4\x64\bin;C:\hostedtoolcache\windows\Python\3.9.13\x64\Scripts;C:\hostedtoolcache\windows\Python\3.9.13\x64;C:\hostedtoolcache\windows\Ruby\3.3.8\x64\bin;C:\Program Files\OpenSSL\bin;C:\tools\kotlinc\bin;C:\hostedtoolcache\windows\Java_Temurin-Hotspot_jdk\8.0.452-9\x64\bin;C:\Program Files\ImageMagick-7.1.1-Q16-HDRI;C:\Program Files\Microsoft SDKs\Azure\CLI2\wbin;C:\ProgramData\kind;C:\ProgramData\Chocolatey\bin;C:\Windows\system32;C:\Windows;C:\Windows\System32\Wbem;C:\Windows\System32\WindowsPowerShell\v1.0\;C:\Windows\System32\OpenSSH\;C:\Program Files\dotnet\;C:\Program Files\PowerShell\7\;C:\Program Files\Microsoft\Web Platform Installer\;C:\Program Files\TortoiseSVN\bin;C:\Program Files\Microsoft SQL Server\Client SDK\ODBC\170\Tools\Binn\;C:\Program Files\Microsoft SQL Server\150\Tools\Binn\;C:\Program Files (x86)\Windows Kits\10\Windows Performance Toolkit\;C:\Program Files (x86)\WiX Toolset v3.14\bin;C:\Program Files\Microsoft SQL Server\130\DTS\Binn\;C:\Program Files\Microsoft SQL Server\140\DTS\Binn\;C:\Program Files\Microsoft SQL Server\150\DTS\Binn\;C:\Program Files\Microsoft SQL Server\160\DTS\Binn\;C:\Strawberry\c\bin;C:\Strawberry\perl\site\bin;C:\Strawberry\perl\bin;C:\ProgramData\chocolatey\lib\pulumi\tools\Pulumi\bin;C:\Program Files\CMake\bin;C:\ProgramData\chocolatey\lib\maven\apache-maven-3.9.10\bin;C:\Program Files\Microsoft Service Fabric\bin\Fabric\Fabric.Code;C:\Program Files\Microsoft SDKs\Service Fabric\Tools\ServiceFabricLocalClusterManager;C:\Program Files\nodejs\;C:\Program Files\Git\cmd;C:\Program Files\Git\mingw64\bin;C:\Program Files\Git\usr\bin;C:\Program Files\GitHub CLI\;c:\tools\php;C:\Program Files\Amazon\AWSCLIV2\;C:\Program Files\Amazon\SessionManagerPlugin\bin\;C:\Program Files\Amazon\AWSSAMCLI\bin\;C:\Program Files\Microsoft SQL Server\130\Tools\Binn\;C:\Program Files\LLVM\bin;C:\Users\runneradmin\.dotnet\tools;C:\Users\runneradmin\.cargo\bin;C:\Users\runneradmin\AppData\Local\Microsoft\WindowsApps;C:\Program Files (x86)\Microsoft Visual Studio\Installer;C:\Program Files\Microsoft Visual Studio\2022\Enterprise\VC\Tools\Llvm\bin;C:\Program Files\Microsoft Visual Studio\2022\Enterprise\Common7\IDE\CommonExtensions\Microsoft\CMake\CMake\bin;C:\Program Files\Microsoft Visual Studio\2022\Enterprise\Common7\IDE\CommonExtensions\Microsoft\CMake\Ninja;C:\Program Files\Microsoft Visual Studio\2022\Enterprise\Common7\IDE\VC\Linux\bin\ConnectionManagerExe;C:\Program Files\Microsoft Visual Studio\2022\Enterprise\VC\vcpkg
2025-06-25T20:05:14.6765133Z   Platform: x86
2025-06-25T20:05:14.6765310Z   UCRTVersion: 10.0.26100.0
2025-06-25T20:05:14.6765579Z   UniversalCRTSdkDir: C:\Program Files (x86)\Windows Kits\10\
2025-06-25T20:05:14.6766031Z   VCIDEInstallDir: C:\Program Files\Microsoft Visual Studio\2022\Enterprise\Common7\IDE\VC\
2025-06-25T20:05:14.6766523Z   VCINSTALLDIR: C:\Program Files\Microsoft Visual Studio\2022\Enterprise\VC\
2025-06-25T20:05:14.6766884Z   VCPKG_ROOT: D:\a\synthizer3d\synthizer3d\vcpkg
2025-06-25T20:05:14.6767313Z   VCToolsInstallDir: C:\Program Files\Microsoft Visual Studio\2022\Enterprise\VC\Tools\MSVC\14.44.35207\
2025-06-25T20:05:14.6767911Z   VCToolsRedistDir: C:\Program Files\Microsoft Visual Studio\2022\Enterprise\VC\Redist\MSVC\14.44.35112\
2025-06-25T20:05:14.6768318Z   VCToolsVersion: 14.44.35207
2025-06-25T20:05:14.6768516Z   VisualStudioVersion: 17.0
2025-06-25T20:05:14.6768861Z   VS170COMNTOOLS: C:\Program Files\Microsoft Visual Studio\2022\Enterprise\Common7\Tools\
2025-06-25T20:05:14.6769235Z   VSCMD_ARG_app_plat: Desktop
2025-06-25T20:05:14.6769432Z   VSCMD_ARG_HOST_ARCH: x86
2025-06-25T20:05:14.6769612Z   VSCMD_ARG_TGT_ARCH: x86
2025-06-25T20:05:14.6769789Z   VSCMD_VER: 17.14.5
2025-06-25T20:05:14.6770062Z   VSINSTALLDIR: C:\Program Files\Microsoft Visual Studio\2022\Enterprise\
2025-06-25T20:05:14.6770571Z   VSSDK150INSTALL: C:\Program Files\Microsoft Visual Studio\2022\Enterprise\VSSDK
2025-06-25T20:05:14.6771019Z   VSSDKINSTALL: C:\Program Files\Microsoft Visual Studio\2022\Enterprise\VSSDK
2025-06-25T20:05:14.6771631Z   WindowsLibPath: C:\Program Files (x86)\Windows Kits\10\UnionMetadata\10.0.26100.0;C:\Program Files (x86)\Windows Kits\10\References\10.0.26100.0
2025-06-25T20:05:14.6772212Z   WindowsSdkBinPath: C:\Program Files (x86)\Windows Kits\10\bin\
2025-06-25T20:05:14.6772557Z   WindowsSdkDir: C:\Program Files (x86)\Windows Kits\10\
2025-06-25T20:05:14.6772835Z   WindowsSDKLibVersion: 10.0.26100.0\
2025-06-25T20:05:14.6773170Z   WindowsSdkVerBinPath: C:\Program Files (x86)\Windows Kits\10\bin\10.0.26100.0\
2025-06-25T20:05:14.6773516Z   WindowsSDKVersion: 10.0.26100.0\
2025-06-25T20:05:14.6773917Z   WindowsSDK_ExecutablePath_x64: C:\Program Files (x86)\Microsoft SDKs\Windows\v10.0A\bin\NETFX 4.8 Tools\x64\
2025-06-25T20:05:14.6774517Z   WindowsSDK_ExecutablePath_x86: C:\Program Files (x86)\Microsoft SDKs\Windows\v10.0A\bin\NETFX 4.8 Tools\
2025-06-25T20:05:14.6774927Z   __DOTNET_ADD_32BIT: 1
2025-06-25T20:05:14.6775106Z   __DOTNET_PREFERRED_BITNESS: 32
2025-06-25T20:05:14.6783213Z   __VSCMD_PREINIT_PATH: C:\Users\runneradmin\AppData\Roaming\Python\Python39\Scripts;C:\hostedtoolcache\windows\Python\3.9.13\x86\Scripts;C:\hostedtoolcache\windows\Python\3.9.13\x86;C:\Program Files\MongoDB\Server\5.0\bin;C:\aliyun-cli;C:\vcpkg;C:\Program Files (x86)\NSIS\;C:\tools\zstd;C:\Program Files\Mercurial\;C:\hostedtoolcache\windows\stack\3.5.1\x64;C:\cabal\bin;C:\\ghcup\bin;C:\mingw64\bin;C:\Program Files\dotnet;C:\Program Files\MySQL\MySQL Server 8.0\bin;C:\Program Files\R\R-4.4.2\bin\x64;C:\SeleniumWebDrivers\GeckoDriver;C:\SeleniumWebDrivers\EdgeDriver\;C:\SeleniumWebDrivers\ChromeDriver;C:\Program Files (x86)\sbt\bin;C:\Program Files (x86)\GitHub CLI;C:\Program Files\Git\bin;C:\Program Files (x86)\pipx_bin;C:\npm\prefix;C:\hostedtoolcache\windows\go\1.24.4\x64\bin;C:\hostedtoolcache\windows\Python\3.9.13\x64\Scripts;C:\hostedtoolcache\windows\Python\3.9.13\x64;C:\hostedtoolcache\windows\Ruby\3.3.8\x64\bin;C:\Program Files\OpenSSL\bin;C:\tools\kotlinc\bin;C:\hostedtoolcache\windows\Java_Temurin-Hotspot_jdk\8.0.452-9\x64\bin;C:\Program Files\ImageMagick-7.1.1-Q16-HDRI;C:\Program Files\Microsoft SDKs\Azure\CLI2\wbin;C:\ProgramData\kind;C:\ProgramData\Chocolatey\bin;C:\Windows\system32;C:\Windows;C:\Windows\System32\Wbem;C:\Windows\System32\WindowsPowerShell\v1.0\;C:\Windows\System32\OpenSSH\;C:\Program Files\dotnet\;C:\Program Files\PowerShell\7\;C:\Program Files\Microsoft\Web Platform Installer\;C:\Program Files\TortoiseSVN\bin;C:\Program Files\Microsoft SQL Server\Client SDK\ODBC\170\Tools\Binn\;C:\Program Files\Microsoft SQL Server\150\Tools\Binn\;C:\Program Files (x86)\Windows Kits\10\Windows Performance Toolkit\;C:\Program Files (x86)\WiX Toolset v3.14\bin;C:\Program Files\Microsoft SQL Server\130\DTS\Binn\;C:\Program Files\Microsoft SQL Server\140\DTS\Binn\;C:\Program Files\Microsoft SQL Server\150\DTS\Binn\;C:\Program Files\Microsoft SQL Server\160\DTS\Binn\;C:\Strawberry\c\bin;C:\Strawberry\perl\site\bin;C:\Strawberry\perl\bin;C:\ProgramData\chocolatey\lib\pulumi\tools\Pulumi\bin;C:\Program Files\CMake\bin;C:\ProgramData\chocolatey\lib\maven\apache-maven-3.9.10\bin;C:\Program Files\Microsoft Service Fabric\bin\Fabric\Fabric.Code;C:\Program Files\Microsoft SDKs\Service Fabric\Tools\ServiceFabricLocalClusterManager;C:\Program Files\nodejs\;C:\Program Files\Git\cmd;C:\Program Files\Git\mingw64\bin;C:\Program Files\Git\usr\bin;C:\Program Files\GitHub CLI\;c:\tools\php;C:\Program Files (x86)\sbt\bin;C:\Program Files\Amazon\AWSCLIV2\;C:\Program Files\Amazon\SessionManagerPlugin\bin\;C:\Program Files\Amazon\AWSSAMCLI\bin\;C:\Program Files\Microsoft SQL Server\130\Tools\Binn\;C:\Program Files\LLVM\bin;C:\Users\runneradmin\.dotnet\tools;C:\Users\runneradmin\.cargo\bin;C:\Users\runneradmin\AppData\Local\Microsoft\WindowsApps;C:\Program Files (x86)\Microsoft Visual Studio\Installer
2025-06-25T20:05:14.6791639Z   VCPKG_DEFAULT_BINARY_CACHE: D:/a/synthizer3d/synthizer3d/969f6665-88a2-4c98-938e-ca9259871fec/vcpkg_cache
2025-06-25T20:05:14.6792100Z   VCPKG_BINARY_SOURCES: clear;x-gha,readwrite
2025-06-25T20:05:14.6792666Z   ACTIONS_CACHE_URL: https://acghubeus2.actions.githubusercontent.com/bwbzopuV3oKlbowlUKWdOnf6KF0vjv7EYqCB3ZHqukKhTVgy74/
2025-06-25T20:05:14.6834993Z   ACTIONS_RUNTIME_TOKEN: ***
2025-06-25T20:05:14.6835283Z   RUNVCPKG_VCPKG_ROOT: D:\a\synthizer3d\synthizer3d\vcpkg
2025-06-25T20:05:14.6835675Z   CMAKE_PREFIX_PATH: D:\a\synthizer3d\synthizer3d\vcpkg_installed\x86-windows
2025-06-25T20:05:14.6835989Z ##[endgroup]
2025-06-25T20:05:15.8764230Z Requirement already satisfied: pip in c:\hostedtoolcache\windows\python\3.9.13\x86\lib\site-packages (25.1.1)
2025-06-25T20:05:17.1751699Z Collecting ninja
2025-06-25T20:05:17.1787343Z   Using cached ninja-1.11.1.4-py3-none-win32.whl.metadata (5.0 kB)
2025-06-25T20:05:17.3580798Z Collecting cmake
2025-06-25T20:05:17.3617346Z   Using cached cmake-4.0.3-py3-none-win32.whl.metadata (6.3 kB)
2025-06-25T20:05:17.4019441Z Collecting wheel
2025-06-25T20:05:17.4053647Z   Using cached wheel-0.45.1-py3-none-any.whl.metadata (2.3 kB)
2025-06-25T20:05:17.4365203Z Collecting tomli
2025-06-25T20:05:17.4399996Z   Using cached tomli-2.2.1-py3-none-any.whl.metadata (10 kB)
2025-06-25T20:05:17.4422551Z Requirement already satisfied: setuptools in c:\hostedtoolcache\windows\python\3.9.13\x86\lib\site-packages (58.1.0)
2025-06-25T20:05:17.4726258Z Collecting packaging
2025-06-25T20:05:17.4760535Z   Using cached packaging-25.0-py3-none-any.whl.metadata (3.3 kB)
2025-06-25T20:05:17.5011386Z Collecting distro
2025-06-25T20:05:17.5045287Z   Using cached distro-1.9.0-py3-none-any.whl.metadata (6.8 kB)
2025-06-25T20:05:17.5354874Z Collecting scikit-build
2025-06-25T20:05:17.5387810Z   Using cached scikit_build-0.18.1-py3-none-any.whl.metadata (18 kB)
2025-06-25T20:05:17.8580629Z Collecting cython
2025-06-25T20:05:17.8617422Z   Using cached cython-3.1.2-cp39-cp39-win32.whl.metadata (6.0 kB)
2025-06-25T20:05:17.8888085Z Collecting build
2025-06-25T20:05:17.8921143Z   Using cached build-1.2.2.post1-py3-none-any.whl.metadata (6.5 kB)
2025-06-25T20:05:17.9421472Z Collecting delvewheel
2025-06-25T20:05:17.9455360Z   Using cached delvewheel-1.10.1-py3-none-any.whl.metadata (17 kB)
2025-06-25T20:05:17.9928528Z Collecting pyproject_hooks (from build)
2025-06-25T20:05:17.9962118Z   Using cached pyproject_hooks-1.2.0-py3-none-any.whl.metadata (1.3 kB)
2025-06-25T20:05:18.0260637Z Collecting colorama (from build)
2025-06-25T20:05:18.0294374Z   Using cached colorama-0.4.6-py2.py3-none-any.whl.metadata (17 kB)
2025-06-25T20:05:18.0823771Z Collecting importlib-metadata>=4.6 (from build)
2025-06-25T20:05:18.0858472Z   Using cached importlib_metadata-8.7.0-py3-none-any.whl.metadata (4.8 kB)
2025-06-25T20:05:18.1185788Z Collecting pefile>=2024.8.26 (from delvewheel)
2025-06-25T20:05:18.1222568Z   Using cached pefile-2024.8.26-py3-none-any.whl.metadata (1.4 kB)
2025-06-25T20:05:18.1566090Z Collecting zipp>=3.20 (from importlib-metadata>=4.6->build)
2025-06-25T20:05:18.1599785Z   Using cached zipp-3.23.0-py3-none-any.whl.metadata (3.6 kB)
2025-06-25T20:05:18.1736031Z Using cached ninja-1.11.1.4-py3-none-win32.whl (255 kB)
2025-06-25T20:05:18.1772742Z Using cached cmake-4.0.3-py3-none-win32.whl (33.7 MB)
2025-06-25T20:05:18.1966099Z Using cached wheel-0.45.1-py3-none-any.whl (72 kB)
2025-06-25T20:05:18.2001508Z Using cached tomli-2.2.1-py3-none-any.whl (14 kB)
2025-06-25T20:05:18.2036520Z Using cached packaging-25.0-py3-none-any.whl (66 kB)
2025-06-25T20:05:18.2072972Z Using cached distro-1.9.0-py3-none-any.whl (20 kB)
2025-06-25T20:05:18.2107587Z Using cached scikit_build-0.18.1-py3-none-any.whl (85 kB)
2025-06-25T20:05:18.2141661Z Using cached cython-3.1.2-cp39-cp39-win32.whl (2.5 MB)
2025-06-25T20:05:18.2187959Z Using cached build-1.2.2.post1-py3-none-any.whl (22 kB)
2025-06-25T20:05:18.2292044Z Using cached delvewheel-1.10.1-py3-none-any.whl (58 kB)
2025-06-25T20:05:18.2325826Z Using cached importlib_metadata-8.7.0-py3-none-any.whl (27 kB)
2025-06-25T20:05:18.2358874Z Using cached pefile-2024.8.26-py3-none-any.whl (74 kB)
2025-06-25T20:05:18.2392418Z Using cached zipp-3.23.0-py3-none-any.whl (10 kB)
2025-06-25T20:05:18.2430475Z Using cached colorama-0.4.6-py2.py3-none-any.whl (25 kB)
2025-06-25T20:05:18.2463243Z Using cached pyproject_hooks-1.2.0-py3-none-any.whl (10 kB)
2025-06-25T20:05:18.7361994Z Installing collected packages: zipp, wheel, tomli, pyproject_hooks, pefile, packaging, ninja, distro, cython, colorama, cmake, scikit-build, importlib-metadata, delvewheel, build
2025-06-25T20:05:35.4342603Z 
2025-06-25T20:05:35.4423096Z Successfully installed build-1.2.2.post1 cmake-4.0.3 colorama-0.4.6 cython-3.1.2 delvewheel-1.10.1 distro-1.9.0 importlib-metadata-8.7.0 ninja-1.11.1.4 packaging-25.0 pefile-2024.8.26 pyproject_hooks-1.2.0 scikit-build-0.18.1 tomli-2.2.1 wheel-0.45.1 zipp-3.23.0
2025-06-25T20:05:35.6043564Z ##[group]Run Set-Location $Env:GITHUB_WORKSPACE
2025-06-25T20:05:35.6043973Z [36;1mSet-Location $Env:GITHUB_WORKSPACE[0m
2025-06-25T20:05:35.6044229Z [36;1mWrite-Host "Arch: x86"[0m
2025-06-25T20:05:35.6044578Z [36;1mWrite-Host "Current CMAKE_PREFIX_PATH for build is: $env:CMAKE_PREFIX_PATH"[0m
2025-06-25T20:05:35.6045129Z [36;1mWrite-Host "EFFECTIVE_VCPKG_INSTALLED_DIR_BASE for build is: $env:EFFECTIVE_VCPKG_INSTALLED_DIR_BASE"[0m
2025-06-25T20:05:35.6045797Z [36;1mWrite-Host "Synthizer expects vcpkg path (for debug/verification): $env:SYNTHIZER_EXPECTED_VCPKG_PATH_FOR_DEBUG"[0m
2025-06-25T20:05:35.6046316Z [36;1mpython -m build --wheel --no-isolation[0m
2025-06-25T20:05:35.6076231Z shell: C:\Windows\System32\WindowsPowerShell\v1.0\powershell.EXE -command ". '{0}'"
2025-06-25T20:05:35.6076595Z env:
2025-06-25T20:05:35.6076737Z   PYVERSION: 3.9
2025-06-25T20:05:35.6076903Z   CI_ARCH_LOWER: x86
2025-06-25T20:05:35.6077069Z   CI_WINDOWS: 1
2025-06-25T20:05:35.6077242Z   CI_ARCH_ENV: x86
2025-06-25T20:05:35.6077416Z   VCPKG_DEFAULT_TRIPLET: x86-windows
2025-06-25T20:05:35.6077762Z   EFFECTIVE_VCPKG_INSTALLED_DIR_BASE: D:\a\synthizer3d\synthizer3d\vcpkg_installed
2025-06-25T20:05:35.6078189Z   pythonLocation: C:\hostedtoolcache\windows\Python\3.9.13\x86
2025-06-25T20:05:35.6078574Z   PKG_CONFIG_PATH: C:\hostedtoolcache\windows\Python\3.9.13\x86/lib/pkgconfig
2025-06-25T20:05:35.6078953Z   Python_ROOT_DIR: C:\hostedtoolcache\windows\Python\3.9.13\x86
2025-06-25T20:05:35.6079309Z   Python2_ROOT_DIR: C:\hostedtoolcache\windows\Python\3.9.13\x86
2025-06-25T20:05:35.6079650Z   Python3_ROOT_DIR: C:\hostedtoolcache\windows\Python\3.9.13\x86
2025-06-25T20:05:35.6079953Z   CommandPromptType: Native
2025-06-25T20:05:35.6080280Z   DevEnvDir: C:\Program Files\Microsoft Visual Studio\2022\Enterprise\Common7\IDE\
2025-06-25T20:05:35.6080750Z   ExtensionSdkDir: C:\Program Files (x86)\Microsoft SDKs\Windows Kits\10\ExtensionSDKs
2025-06-25T20:05:35.6082765Z   EXTERNAL_INCLUDE: C:\Program Files\Microsoft Visual Studio\2022\Enterprise\VC\Tools\MSVC\14.44.35207\include;C:\Program Files\Microsoft Visual Studio\2022\Enterprise\VC\Tools\MSVC\14.44.35207\ATLMFC\include;C:\Program Files\Microsoft Visual Studio\2022\Enterprise\VC\Auxiliary\VS\include;C:\Program Files (x86)\Windows Kits\10\include\10.0.26100.0\ucrt;C:\Program Files (x86)\Windows Kits\10\\include\10.0.26100.0\\um;C:\Program Files (x86)\Windows Kits\10\\include\10.0.26100.0\\shared;C:\Program Files (x86)\Windows Kits\10\\include\10.0.26100.0\\winrt;C:\Program Files (x86)\Windows Kits\10\\include\10.0.26100.0\\cppwinrt;C:\Program Files (x86)\Windows Kits\NETFXSDK\4.8\include\um
2025-06-25T20:05:35.6084652Z   Framework40Version: v4.0
2025-06-25T20:05:35.6084889Z   FrameworkDir: C:\Windows\Microsoft.NET\Framework\
2025-06-25T20:05:35.6085180Z   FrameworkDir32: C:\Windows\Microsoft.NET\Framework\
2025-06-25T20:05:35.6085441Z   FrameworkVersion: v4.0.30319
2025-06-25T20:05:35.6085646Z   FrameworkVersion32: v4.0.30319
2025-06-25T20:05:35.6086114Z   FSHARPINSTALLDIR: C:\Program Files\Microsoft Visual Studio\2022\Enterprise\Common7\IDE\CommonExtensions\Microsoft\FSharp\Tools
2025-06-25T20:05:35.6087382Z   HTMLHelpDir: C:\Program Files (x86)\HTML Help Workshop
2025-06-25T20:05:35.6087830Z   IFCPATH: C:\Program Files\Microsoft Visual Studio\2022\Enterprise\VC\Tools\MSVC\14.44.35207\ifc\x86
2025-06-25T20:05:35.6091168Z   INCLUDE: C:\Program Files\Microsoft Visual Studio\2022\Enterprise\VC\Tools\MSVC\14.44.35207\include;C:\Program Files\Microsoft Visual Studio\2022\Enterprise\VC\Tools\MSVC\14.44.35207\ATLMFC\include;C:\Program Files\Microsoft Visual Studio\2022\Enterprise\VC\Auxiliary\VS\include;C:\Program Files (x86)\Windows Kits\10\include\10.0.26100.0\ucrt;C:\Program Files (x86)\Windows Kits\10\\include\10.0.26100.0\\um;C:\Program Files (x86)\Windows Kits\10\\include\10.0.26100.0\\shared;C:\Program Files (x86)\Windows Kits\10\\include\10.0.26100.0\\winrt;C:\Program Files (x86)\Windows Kits\10\\include\10.0.26100.0\\cppwinrt;C:\Program Files (x86)\Windows Kits\NETFXSDK\4.8\include\um
2025-06-25T20:05:35.6093974Z   LIB: C:\Program Files\Microsoft Visual Studio\2022\Enterprise\VC\Tools\MSVC\14.44.35207\ATLMFC\lib\x86;C:\Program Files\Microsoft Visual Studio\2022\Enterprise\VC\Tools\MSVC\14.44.35207\lib\x86;C:\Program Files (x86)\Windows Kits\NETFXSDK\4.8\lib\um\x86;C:\Program Files (x86)\Windows Kits\10\lib\10.0.26100.0\ucrt\x86;C:\Program Files (x86)\Windows Kits\10\\lib\10.0.26100.0\\um\x86
2025-06-25T20:05:35.6096608Z   LIBPATH: C:\Program Files\Microsoft Visual Studio\2022\Enterprise\VC\Tools\MSVC\14.44.35207\ATLMFC\lib\x86;C:\Program Files\Microsoft Visual Studio\2022\Enterprise\VC\Tools\MSVC\14.44.35207\lib\x86;C:\Program Files\Microsoft Visual Studio\2022\Enterprise\VC\Tools\MSVC\14.44.35207\lib\x86\store\references;C:\Program Files (x86)\Windows Kits\10\UnionMetadata\10.0.26100.0;C:\Program Files (x86)\Windows Kits\10\References\10.0.26100.0;C:\Windows\Microsoft.NET\Framework\v4.0.30319
2025-06-25T20:05:35.6098081Z   NETFXSDKDir: C:\Program Files (x86)\Windows Kits\NETFXSDK\4.8\
2025-06-25T20:05:35.6111765Z   Path: C:\Program Files\Microsoft Visual Studio\2022\Enterprise\VC\Tools\MSVC\14.44.35207\bin\HostX86\x86;C:\Program Files\Microsoft Visual Studio\2022\Enterprise\Common7\IDE\VC\VCPackages;C:\Program Files\Microsoft Visual Studio\2022\Enterprise\Common7\IDE\CommonExtensions\Microsoft\TestWindow;C:\Program Files\Microsoft Visual Studio\2022\Enterprise\Common7\IDE\CommonExtensions\Microsoft\TeamFoundation\Team Explorer;C:\Program Files\Microsoft Visual Studio\2022\Enterprise\MSBuild\Current\bin\Roslyn;C:\Program Files (x86)\Microsoft SDKs\Windows\v10.0A\bin\NETFX 4.8 Tools\;C:\Program Files (x86)\HTML Help Workshop;C:\Program Files\Microsoft Visual Studio\2022\Enterprise\Common7\IDE\CommonExtensions\Microsoft\FSharp\Tools;C:\Program Files\Microsoft Visual Studio\2022\Enterprise\Team Tools\DiagnosticsHub\Collector;C:\Program Files\Microsoft Visual Studio\2022\Enterprise\Common7\IDE\Extensions\Microsoft\CodeCoverage.Console;C:\Program Files (x86)\Windows Kits\10\bin\10.0.26100.0\\x86;C:\Program Files (x86)\Windows Kits\10\bin\\x86;C:\Program Files\Microsoft Visual Studio\2022\Enterprise\\MSBuild\Current\Bin\amd64;C:\Windows\Microsoft.NET\Framework\v4.0.30319;C:\Program Files\Microsoft Visual Studio\2022\Enterprise\Common7\IDE\;C:\Program Files\Microsoft Visual Studio\2022\Enterprise\Common7\Tools\;C:\Users\runneradmin\AppData\Roaming\Python\Python39\Scripts;C:\hostedtoolcache\windows\Python\3.9.13\x86\Scripts;C:\hostedtoolcache\windows\Python\3.9.13\x86;C:\Program Files\MongoDB\Server\5.0\bin;C:\aliyun-cli;C:\vcpkg;C:\Program Files (x86)\NSIS\;C:\tools\zstd;C:\Program Files\Mercurial\;C:\hostedtoolcache\windows\stack\3.5.1\x64;C:\cabal\bin;C:\\ghcup\bin;C:\mingw64\bin;C:\Program Files\dotnet;C:\Program Files\MySQL\MySQL Server 8.0\bin;C:\Program Files\R\R-4.4.2\bin\x64;C:\SeleniumWebDrivers\GeckoDriver;C:\SeleniumWebDrivers\EdgeDriver\;C:\SeleniumWebDrivers\ChromeDriver;C:\Program Files (x86)\sbt\bin;C:\Program Files (x86)\GitHub CLI;C:\Program Files\Git\bin;C:\Program Files (x86)\pipx_bin;C:\npm\prefix;C:\hostedtoolcache\windows\go\1.24.4\x64\bin;C:\hostedtoolcache\windows\Python\3.9.13\x64\Scripts;C:\hostedtoolcache\windows\Python\3.9.13\x64;C:\hostedtoolcache\windows\Ruby\3.3.8\x64\bin;C:\Program Files\OpenSSL\bin;C:\tools\kotlinc\bin;C:\hostedtoolcache\windows\Java_Temurin-Hotspot_jdk\8.0.452-9\x64\bin;C:\Program Files\ImageMagick-7.1.1-Q16-HDRI;C:\Program Files\Microsoft SDKs\Azure\CLI2\wbin;C:\ProgramData\kind;C:\ProgramData\Chocolatey\bin;C:\Windows\system32;C:\Windows;C:\Windows\System32\Wbem;C:\Windows\System32\WindowsPowerShell\v1.0\;C:\Windows\System32\OpenSSH\;C:\Program Files\dotnet\;C:\Program Files\PowerShell\7\;C:\Program Files\Microsoft\Web Platform Installer\;C:\Program Files\TortoiseSVN\bin;C:\Program Files\Microsoft SQL Server\Client SDK\ODBC\170\Tools\Binn\;C:\Program Files\Microsoft SQL Server\150\Tools\Binn\;C:\Program Files (x86)\Windows Kits\10\Windows Performance Toolkit\;C:\Program Files (x86)\WiX Toolset v3.14\bin;C:\Program Files\Microsoft SQL Server\130\DTS\Binn\;C:\Program Files\Microsoft SQL Server\140\DTS\Binn\;C:\Program Files\Microsoft SQL Server\150\DTS\Binn\;C:\Program Files\Microsoft SQL Server\160\DTS\Binn\;C:\Strawberry\c\bin;C:\Strawberry\perl\site\bin;C:\Strawberry\perl\bin;C:\ProgramData\chocolatey\lib\pulumi\tools\Pulumi\bin;C:\Program Files\CMake\bin;C:\ProgramData\chocolatey\lib\maven\apache-maven-3.9.10\bin;C:\Program Files\Microsoft Service Fabric\bin\Fabric\Fabric.Code;C:\Program Files\Microsoft SDKs\Service Fabric\Tools\ServiceFabricLocalClusterManager;C:\Program Files\nodejs\;C:\Program Files\Git\cmd;C:\Program Files\Git\mingw64\bin;C:\Program Files\Git\usr\bin;C:\Program Files\GitHub CLI\;c:\tools\php;C:\Program Files\Amazon\AWSCLIV2\;C:\Program Files\Amazon\SessionManagerPlugin\bin\;C:\Program Files\Amazon\AWSSAMCLI\bin\;C:\Program Files\Microsoft SQL Server\130\Tools\Binn\;C:\Program Files\LLVM\bin;C:\Users\runneradmin\.dotnet\tools;C:\Users\runneradmin\.cargo\bin;C:\Users\runneradmin\AppData\Local\Microsoft\WindowsApps;C:\Program Files (x86)\Microsoft Visual Studio\Installer;C:\Program Files\Microsoft Visual Studio\2022\Enterprise\VC\Tools\Llvm\bin;C:\Program Files\Microsoft Visual Studio\2022\Enterprise\Common7\IDE\CommonExtensions\Microsoft\CMake\CMake\bin;C:\Program Files\Microsoft Visual Studio\2022\Enterprise\Common7\IDE\CommonExtensions\Microsoft\CMake\Ninja;C:\Program Files\Microsoft Visual Studio\2022\Enterprise\Common7\IDE\VC\Linux\bin\ConnectionManagerExe;C:\Program Files\Microsoft Visual Studio\2022\Enterprise\VC\vcpkg
2025-06-25T20:05:35.6125092Z   Platform: x86
2025-06-25T20:05:35.6125260Z   UCRTVersion: 10.0.26100.0
2025-06-25T20:05:35.6125529Z   UniversalCRTSdkDir: C:\Program Files (x86)\Windows Kits\10\
2025-06-25T20:05:35.6125966Z   VCIDEInstallDir: C:\Program Files\Microsoft Visual Studio\2022\Enterprise\Common7\IDE\VC\
2025-06-25T20:05:35.6126438Z   VCINSTALLDIR: C:\Program Files\Microsoft Visual Studio\2022\Enterprise\VC\
2025-06-25T20:05:35.6126794Z   VCPKG_ROOT: D:\a\synthizer3d\synthizer3d\vcpkg
2025-06-25T20:05:35.6127230Z   VCToolsInstallDir: C:\Program Files\Microsoft Visual Studio\2022\Enterprise\VC\Tools\MSVC\14.44.35207\
2025-06-25T20:05:35.6127811Z   VCToolsRedistDir: C:\Program Files\Microsoft Visual Studio\2022\Enterprise\VC\Redist\MSVC\14.44.35112\
2025-06-25T20:05:35.6128213Z   VCToolsVersion: 14.44.35207
2025-06-25T20:05:35.6128416Z   VisualStudioVersion: 17.0
2025-06-25T20:05:35.6128740Z   VS170COMNTOOLS: C:\Program Files\Microsoft Visual Studio\2022\Enterprise\Common7\Tools\
2025-06-25T20:05:35.6129103Z   VSCMD_ARG_app_plat: Desktop
2025-06-25T20:05:35.6129292Z   VSCMD_ARG_HOST_ARCH: x86
2025-06-25T20:05:35.6129475Z   VSCMD_ARG_TGT_ARCH: x86
2025-06-25T20:05:35.6129640Z   VSCMD_VER: 17.14.5
2025-06-25T20:05:35.6129906Z   VSINSTALLDIR: C:\Program Files\Microsoft Visual Studio\2022\Enterprise\
2025-06-25T20:05:35.6130344Z   VSSDK150INSTALL: C:\Program Files\Microsoft Visual Studio\2022\Enterprise\VSSDK
2025-06-25T20:05:35.6130778Z   VSSDKINSTALL: C:\Program Files\Microsoft Visual Studio\2022\Enterprise\VSSDK
2025-06-25T20:05:35.6131466Z   WindowsLibPath: C:\Program Files (x86)\Windows Kits\10\UnionMetadata\10.0.26100.0;C:\Program Files (x86)\Windows Kits\10\References\10.0.26100.0
2025-06-25T20:05:35.6132038Z   WindowsSdkBinPath: C:\Program Files (x86)\Windows Kits\10\bin\
2025-06-25T20:05:35.6132384Z   WindowsSdkDir: C:\Program Files (x86)\Windows Kits\10\
2025-06-25T20:05:35.6132651Z   WindowsSDKLibVersion: 10.0.26100.0\
2025-06-25T20:05:35.6132983Z   WindowsSdkVerBinPath: C:\Program Files (x86)\Windows Kits\10\bin\10.0.26100.0\
2025-06-25T20:05:35.6133322Z   WindowsSDKVersion: 10.0.26100.0\
2025-06-25T20:05:35.6133730Z   WindowsSDK_ExecutablePath_x64: C:\Program Files (x86)\Microsoft SDKs\Windows\v10.0A\bin\NETFX 4.8 Tools\x64\
2025-06-25T20:05:35.6134318Z   WindowsSDK_ExecutablePath_x86: C:\Program Files (x86)\Microsoft SDKs\Windows\v10.0A\bin\NETFX 4.8 Tools\
2025-06-25T20:05:35.6134714Z   __DOTNET_ADD_32BIT: 1
2025-06-25T20:05:35.6134964Z   __DOTNET_PREFERRED_BITNESS: 32
2025-06-25T20:05:35.6142985Z   __VSCMD_PREINIT_PATH: C:\Users\runneradmin\AppData\Roaming\Python\Python39\Scripts;C:\hostedtoolcache\windows\Python\3.9.13\x86\Scripts;C:\hostedtoolcache\windows\Python\3.9.13\x86;C:\Program Files\MongoDB\Server\5.0\bin;C:\aliyun-cli;C:\vcpkg;C:\Program Files (x86)\NSIS\;C:\tools\zstd;C:\Program Files\Mercurial\;C:\hostedtoolcache\windows\stack\3.5.1\x64;C:\cabal\bin;C:\\ghcup\bin;C:\mingw64\bin;C:\Program Files\dotnet;C:\Program Files\MySQL\MySQL Server 8.0\bin;C:\Program Files\R\R-4.4.2\bin\x64;C:\SeleniumWebDrivers\GeckoDriver;C:\SeleniumWebDrivers\EdgeDriver\;C:\SeleniumWebDrivers\ChromeDriver;C:\Program Files (x86)\sbt\bin;C:\Program Files (x86)\GitHub CLI;C:\Program Files\Git\bin;C:\Program Files (x86)\pipx_bin;C:\npm\prefix;C:\hostedtoolcache\windows\go\1.24.4\x64\bin;C:\hostedtoolcache\windows\Python\3.9.13\x64\Scripts;C:\hostedtoolcache\windows\Python\3.9.13\x64;C:\hostedtoolcache\windows\Ruby\3.3.8\x64\bin;C:\Program Files\OpenSSL\bin;C:\tools\kotlinc\bin;C:\hostedtoolcache\windows\Java_Temurin-Hotspot_jdk\8.0.452-9\x64\bin;C:\Program Files\ImageMagick-7.1.1-Q16-HDRI;C:\Program Files\Microsoft SDKs\Azure\CLI2\wbin;C:\ProgramData\kind;C:\ProgramData\Chocolatey\bin;C:\Windows\system32;C:\Windows;C:\Windows\System32\Wbem;C:\Windows\System32\WindowsPowerShell\v1.0\;C:\Windows\System32\OpenSSH\;C:\Program Files\dotnet\;C:\Program Files\PowerShell\7\;C:\Program Files\Microsoft\Web Platform Installer\;C:\Program Files\TortoiseSVN\bin;C:\Program Files\Microsoft SQL Server\Client SDK\ODBC\170\Tools\Binn\;C:\Program Files\Microsoft SQL Server\150\Tools\Binn\;C:\Program Files (x86)\Windows Kits\10\Windows Performance Toolkit\;C:\Program Files (x86)\WiX Toolset v3.14\bin;C:\Program Files\Microsoft SQL Server\130\DTS\Binn\;C:\Program Files\Microsoft SQL Server\140\DTS\Binn\;C:\Program Files\Microsoft SQL Server\150\DTS\Binn\;C:\Program Files\Microsoft SQL Server\160\DTS\Binn\;C:\Strawberry\c\bin;C:\Strawberry\perl\site\bin;C:\Strawberry\perl\bin;C:\ProgramData\chocolatey\lib\pulumi\tools\Pulumi\bin;C:\Program Files\CMake\bin;C:\ProgramData\chocolatey\lib\maven\apache-maven-3.9.10\bin;C:\Program Files\Microsoft Service Fabric\bin\Fabric\Fabric.Code;C:\Program Files\Microsoft SDKs\Service Fabric\Tools\ServiceFabricLocalClusterManager;C:\Program Files\nodejs\;C:\Program Files\Git\cmd;C:\Program Files\Git\mingw64\bin;C:\Program Files\Git\usr\bin;C:\Program Files\GitHub CLI\;c:\tools\php;C:\Program Files (x86)\sbt\bin;C:\Program Files\Amazon\AWSCLIV2\;C:\Program Files\Amazon\SessionManagerPlugin\bin\;C:\Program Files\Amazon\AWSSAMCLI\bin\;C:\Program Files\Microsoft SQL Server\130\Tools\Binn\;C:\Program Files\LLVM\bin;C:\Users\runneradmin\.dotnet\tools;C:\Users\runneradmin\.cargo\bin;C:\Users\runneradmin\AppData\Local\Microsoft\WindowsApps;C:\Program Files (x86)\Microsoft Visual Studio\Installer
2025-06-25T20:05:35.6151343Z   VCPKG_DEFAULT_BINARY_CACHE: D:/a/synthizer3d/synthizer3d/969f6665-88a2-4c98-938e-ca9259871fec/vcpkg_cache
2025-06-25T20:05:35.6151791Z   VCPKG_BINARY_SOURCES: clear;x-gha,readwrite
2025-06-25T20:05:35.6152411Z   ACTIONS_CACHE_URL: https://acghubeus2.actions.githubusercontent.com/bwbzopuV3oKlbowlUKWdOnf6KF0vjv7EYqCB3ZHqukKhTVgy74/
2025-06-25T20:05:35.6193798Z   ACTIONS_RUNTIME_TOKEN: ***
2025-06-25T20:05:35.6194059Z   RUNVCPKG_VCPKG_ROOT: D:\a\synthizer3d\synthizer3d\vcpkg
2025-06-25T20:05:35.6194436Z   CMAKE_PREFIX_PATH: D:\a\synthizer3d\synthizer3d\vcpkg_installed\x86-windows
2025-06-25T20:05:35.6194919Z   SYNTHIZER_EXPECTED_VCPKG_PATH_FOR_DEBUG: D:\a\synthizer3d\synthizer3d\vcpkg_installed\x86-windows
2025-06-25T20:05:35.6195301Z ##[endgroup]
2025-06-25T20:05:35.9086581Z Arch: x86
2025-06-25T20:05:35.9104893Z Current CMAKE_PREFIX_PATH for build is: D:\a\synthizer3d\synthizer3d\vcpkg_installed\x86-windows
2025-06-25T20:05:35.9112421Z EFFECTIVE_VCPKG_INSTALLED_DIR_BASE for build is: D:\a\synthizer3d\synthizer3d\vcpkg_installed
2025-06-25T20:05:35.9120211Z Synthizer expects vcpkg path (for debug/verification): D:\a\synthizer3d\synthizer3d\vcpkg_installed\x86-windows
2025-06-25T20:05:36.0937332Z * Getting build dependencies for wheel...
2025-06-25T20:06:03.1002137Z Set VCPKG_INSTALLED_PATH to D:\a\synthizer3d\synthizer3d\vcpkg_installed\x86-windows
2025-06-25T20:06:03.1002877Z 
2025-06-25T20:06:03.1002890Z 
2025-06-25T20:06:03.1003374Z --------------------------------------------------------------------------------
2025-06-25T20:06:03.1004599Z -- Trying 'Ninja (Visual Studio 17 2022 Win32 v144)' generator
2025-06-25T20:06:03.1005215Z --------------------------------
2025-06-25T20:06:03.1005672Z ---------------------------
2025-06-25T20:06:03.1006063Z ----------------------
2025-06-25T20:06:03.1006405Z -----------------
2025-06-25T20:06:03.1006695Z ------------
2025-06-25T20:06:03.1006948Z -------
2025-06-25T20:06:03.1007171Z --
2025-06-25T20:06:03.1162369Z Not searching for unused variables given on the command line.
2025-06-25T20:06:03.2206943Z CMake Deprecation Warning at CMakeLists.txt:1 (cmake_minimum_required):
2025-06-25T20:06:03.2208462Z   Compatibility with CMake < 3.10 will be removed from a future version of
2025-06-25T20:06:03.2209229Z   CMake.
2025-06-25T20:06:03.2209419Z 
2025-06-25T20:06:03.2210041Z   Update the VERSION argument <min> value.  Or, use the <min>...<max> syntax
2025-06-25T20:06:03.2211105Z   to tell CMake that the project requires at least <min> but has been updated
2025-06-25T20:06:03.2211819Z   to work with policies introduced by <max> or earlier.
2025-06-25T20:06:03.2212097Z 
2025-06-25T20:06:03.2212104Z 
2025-06-25T20:06:06.9729258Z -- The C compiler identification is MSVC 19.44.35209.0
2025-06-25T20:06:07.0105067Z -- Detecting C compiler ABI info
2025-06-25T20:06:08.3189779Z -- Detecting C compiler ABI info - done
2025-06-25T20:06:08.3679380Z -- Check for working C compiler: C:/Program Files/Microsoft Visual Studio/2022/Enterprise/VC/Tools/MSVC/14.44.35207/bin/Hostx86/x86/cl.exe - skipped
2025-06-25T20:06:08.3683549Z -- Detecting C compile features
2025-06-25T20:06:08.3690513Z -- Detecting C compile features - done
2025-06-25T20:06:10.4127618Z -- The CXX compiler identification is MSVC 19.44.35209.0
2025-06-25T20:06:10.4219483Z -- Detecting CXX compiler ABI info
2025-06-25T20:06:10.8733095Z -- Detecting CXX compiler ABI info - done
2025-06-25T20:06:10.8866882Z -- Check for working CXX compiler: C:/Program Files/Microsoft Visual Studio/2022/Enterprise/VC/Tools/MSVC/14.44.35207/bin/Hostx86/x86/cl.exe - skipped
2025-06-25T20:06:10.8871246Z -- Detecting CXX compile features
2025-06-25T20:06:10.8884258Z -- Detecting CXX compile features - done
2025-06-25T20:06:10.8917091Z -- Configuring done (7.8s)
2025-06-25T20:06:10.9094334Z -- Generating done (0.0s)
2025-06-25T20:06:10.9102643Z -- Build files have been written to: D:/a/synthizer3d/synthizer3d/_cmake_test_compile/build
2025-06-25T20:06:10.9160710Z --
2025-06-25T20:06:10.9161062Z -------
2025-06-25T20:06:10.9161327Z ------------
2025-06-25T20:06:10.9161623Z -----------------
2025-06-25T20:06:10.9161989Z ----------------------
2025-06-25T20:06:10.9162313Z ---------------------------
2025-06-25T20:06:10.9162795Z --------------------------------
2025-06-25T20:06:10.9163211Z -- Trying 'Ninja (Visual Studio 17 2022 Win32 v144)' generator - success
2025-06-25T20:06:10.9163704Z --------------------------------------------------------------------------------
2025-06-25T20:06:10.9163931Z 
2025-06-25T20:06:10.9548823Z Configuring Project
2025-06-25T20:06:10.9549208Z   Working directory:
2025-06-25T20:06:10.9549686Z     D:\a\synthizer3d\synthizer3d\_skbuild\win32-3.9\cmake-build
2025-06-25T20:06:10.9550094Z   Command:
2025-06-25T20:06:10.9562318Z     'C:\hostedtoolcache\windows\Python\3.9.13\x86\Lib\site-packages\cmake\data\bin/cmake.exe' 'D:\a\synthizer3d\synthizer3d\synthizer-vendored' -G Ninja '-DCMAKE_MAKE_PROGRAM:FILEPATH=C:\hostedtoolcache\windows\Python\3.9.13\x86\Scripts\ninja' -D_SKBUILD_FORCE_MSVC=1930 --no-warn-unused-cli '-DCMAKE_INSTALL_PREFIX:PATH=D:\a\synthizer3d\synthizer3d\_skbuild\win32-3.9\cmake-install' -DPYTHON_VERSION_STRING:STRING=3.9.13 -DSKBUILD:INTERNAL=TRUE '-DCMAKE_MODULE_PATH:PATH=C:\hostedtoolcache\windows\Python\3.9.13\x86\lib\site-packages\skbuild\resources\cmake' '-DPYTHON_EXECUTABLE:PATH=C:\hostedtoolcache\windows\Python\3.9.13\x86\python.exe' '-DPYTHON_INCLUDE_DIR:PATH=C:\hostedtoolcache\windows\Python\3.9.13\x86\Include' '-DPYTHON_LIBRARY:PATH=C:\hostedtoolcache\windows\Python\3.9.13\x86\libs\python39.lib' '-DPython_EXECUTABLE:PATH=C:\hostedtoolcache\windows\Python\3.9.13\x86\python.exe' '-DPython_ROOT_DIR:PATH=C:\hostedtoolcache\windows\Python\3.9.13\x86' -DPython_FIND_REGISTRY:STRING=NEVER '-DPython_INCLUDE_DIR:PATH=C:\hostedtoolcache\windows\Python\3.9.13\x86\Include' '-DPython_LIBRARY:PATH=C:\hostedtoolcache\windows\Python\3.9.13\x86\libs\python39.lib' '-DPython3_EXECUTABLE:PATH=C:\hostedtoolcache\windows\Python\3.9.13\x86\python.exe' '-DPython3_ROOT_DIR:PATH=C:\hostedtoolcache\windows\Python\3.9.13\x86' -DPython3_FIND_REGISTRY:STRING=NEVER '-DPython3_INCLUDE_DIR:PATH=C:\hostedtoolcache\windows\Python\3.9.13\x86\Include' '-DPython3_LIBRARY:PATH=C:\hostedtoolcache\windows\Python\3.9.13\x86\libs\python39.lib' '-DCMAKE_MAKE_PROGRAM:FILEPATH=C:\hostedtoolcache\windows\Python\3.9.13\x86\Scripts\ninja' -DCMAKE_BUILD_TYPE=Release -DCMAKE_MSVC_RUNTIME_LIBRARY=MultiThreadedDLL -DSYZ_STATIC_RUNTIME=OFF -DCMAKE_POSITION_INDEPENDENT_CODE=TRUE -DSYZ_INTEGRATING=ON
2025-06-25T20:06:10.9572324Z 
2025-06-25T20:06:10.9715037Z Not searching for unused variables given on the command line.
2025-06-25T20:06:11.3591053Z -- The C compiler identification is MSVC 19.44.35209.0
2025-06-25T20:06:11.6722213Z -- The CXX compiler identification is MSVC 19.44.35209.0
2025-06-25T20:06:11.7186025Z -- Detecting C compiler ABI info
2025-06-25T20:06:12.1801020Z -- Detecting C compiler ABI info - done
2025-06-25T20:06:12.1945798Z -- Check for working C compiler: C:/Program Files/Microsoft Visual Studio/2022/Enterprise/VC/Tools/MSVC/14.44.35207/bin/Hostx86/x86/cl.exe - skipped
2025-06-25T20:06:12.1949926Z -- Detecting C compile features
2025-06-25T20:06:12.1956971Z -- Detecting C compile features - done
2025-06-25T20:06:12.2058034Z -- Detecting CXX compiler ABI info
2025-06-25T20:06:12.5714994Z -- Detecting CXX compiler ABI info - done
2025-06-25T20:06:12.5857572Z -- Check for working CXX compiler: C:/Program Files/Microsoft Visual Studio/2022/Enterprise/VC/Tools/MSVC/14.44.35207/bin/Hostx86/x86/cl.exe - skipped
2025-06-25T20:06:12.5862163Z -- Detecting CXX compile features
2025-06-25T20:06:12.5874887Z -- Detecting CXX compile features - done
2025-06-25T20:06:12.9985088Z -- Performing Test CMAKE_HAVE_LIBC_PTHREAD
2025-06-25T20:06:13.1017208Z -- Performing Test CMAKE_HAVE_LIBC_PTHREAD - Failed
2025-06-25T20:06:13.1017943Z -- Looking for pthread_create in pthreads
2025-06-25T20:06:13.2665733Z -- Looking for pthread_create in pthreads - not found
2025-06-25T20:06:13.2666565Z -- Looking for pthread_create in pthread
2025-06-25T20:06:13.4086083Z -- Looking for pthread_create in pthread - not found
2025-06-25T20:06:13.4099918Z -- Found Threads: TRUE
2025-06-25T20:06:13.5207381Z -- Found SoundTouch: D:/a/synthizer3d/synthizer3d/vcpkg_installed/x86-windows/debug/bin/SoundTouch.dll
2025-06-25T20:06:13.5214293Z -- Performing Test OP_READ_FLOAT_AVAILABLE
2025-06-25T20:06:14.3393789Z -- Performing Test OP_READ_FLOAT_AVAILABLE - Success
2025-06-25T20:06:14.3394283Z -- op_read_float is available
2025-06-25T20:06:19.2862691Z -- Performing Test FILESYSTEM_OK
2025-06-25T20:06:21.9258411Z -- Performing Test FILESYSTEM_OK - Success
2025-06-25T20:06:21.9258903Z -- Found C++17 filesystem support
2025-06-25T20:06:21.9269892Z -- Using vcpkg includes from VCPKG_INSTALLED_PATH: D:\a\synthizer3d\synthizer3d\vcpkg_installed\x86-windows/include
2025-06-25T20:06:23.7354674Z -- Math library not found
2025-06-25T20:06:23.7366580Z -- Configuring done (12.8s)
2025-06-25T20:06:23.7838303Z -- Generating done (0.0s)
2025-06-25T20:06:23.7849368Z -- Build files have been written to: D:/a/synthizer3d/synthizer3d/_skbuild/win32-3.9/cmake-build
2025-06-25T20:06:30.7464569Z [1/29] Building CXX object CMakeFiles\synthizer.dir\src\base_object.cpp.obj
2025-06-25T20:06:31.1021341Z [2/29] Building CXX object CMakeFiles\synthizer.dir\src\byte_stream.cpp.obj
2025-06-25T20:06:31.3361583Z [3/29] Building CXX object CMakeFiles\synthizer.dir\src\error.cpp.obj
2025-06-25T20:06:31.7115099Z [4/29] Building CXX object CMakeFiles\synthizer.dir\src\decoding.cpp.obj
2025-06-25T20:06:31.8567268Z cl : Command line warning D9025 : overriding '/WX' with '/WX-'
2025-06-25T20:06:31.9619604Z [5/29] Building CXX object CMakeFiles\synthizer.dir\src\audio_output.cpp.obj
2025-06-25T20:06:38.2835188Z [6/29] Building CXX object CMakeFiles\synthizer.dir\src\event_timeline.cpp.obj
2025-06-25T20:06:38.3266226Z [7/29] Building CXX object CMakeFiles\synthizer.dir\src\events.cpp.obj
2025-06-25T20:06:38.3723295Z [8/29] Building C object CMakeFiles\synthizer_single_file_libs.dir\src\single_file_libs.c.obj
2025-06-25T20:06:38.4209210Z [9/29] Building CXX object CMakeFiles\synthizer.dir\src\logging.cpp.obj
2025-06-25T20:06:38.5268537Z [10/29] Building CXX object CMakeFiles\synthizer.dir\src\generator.cpp.obj
2025-06-25T20:06:38.7780230Z [11/29] Building CXX object CMakeFiles\synthizer.dir\src\context.cpp.obj
2025-06-25T20:06:38.8087843Z [12/29] Building CXX object CMakeFiles\synthizer.dir\src\pausable.cpp.obj
2025-06-25T20:06:43.8983653Z [13/29] Building CXX object CMakeFiles\synthizer.dir\src\property_internals.cpp.obj
2025-06-25T20:06:44.1602605Z [14/29] Building CXX object CMakeFiles\synthizer.dir\src\memory.cpp.obj
2025-06-25T20:06:44.3642034Z [15/29] Building CXX object CMakeFiles\synthizer.dir\src\data\arrays.cpp.obj
2025-06-25T20:06:44.7588537Z [16/29] Building CXX object CMakeFiles\synthizer.dir\src\shared_object.cpp.obj
2025-06-25T20:06:45.2369158Z [17/29] Building CXX object CMakeFiles\synthizer.dir\src\data\hrtf.cpp.obj
2025-06-25T20:06:45.5902774Z [18/29] Building CXX object CMakeFiles\synthizer.dir\src\routable.cpp.obj
2025-06-25T20:06:45.7046069Z [19/29] Building CXX object CMakeFiles\synthizer.dir\src\streams\custom_stream.cpp.obj
2025-06-25T20:06:45.9760650Z [20/29] Building CXX object CMakeFiles\synthizer.dir\include\synthizer\decoders\ogg.cpp.obj
2025-06-25T20:06:46.2730802Z FAILED: CMakeFiles/synthizer.dir/include/synthizer/decoders/ogg.cpp.obj 
2025-06-25T20:06:46.6389193Z C:\PROGRA~1\MICROS~2\2022\ENTERP~1\VC\Tools\MSVC\1444~1.352\bin\Hostx86\x86\cl.exe  /nologo /TP -DBUILDING_SYNTHIZER -DNOMINMAX -DOP_READ_FLOAT_AVAILABLE -DSYZ_MAJOR=0 -DSYZ_MINOR=1 -DSYZ_PATCH=9 -DSYZ_USE_FILESYSTEM -DWDL_RESAMPLE_TYPE=float -ID:\a\synthizer3d\synthizer3d\synthizer-vendored\include -ID:\a\synthizer3d\synthizer3d\synthizer-vendored\deps\deps\third_party\wdl -ID:\a\synthizer3d\synthizer3d\vcpkg_installed\x86-windows\include -ID:\a\synthizer3d\synthizer3d\synthizer-vendored\deps\deps\third_party\boost_partial -ID:\a\synthizer3d\synthizer3d\synthizer-vendored\deps\deps\third_party\concurrentqueue -ID:\a\synthizer3d\synthizer3d\synthizer-vendored\deps\deps\third_party\cpp11-on-multicore\common -ID:\a\synthizer3d\synthizer3d\synthizer-vendored\deps\deps\third_party\dr_libs -ID:\a\synthizer3d\synthizer3d\synthizer-vendored\deps\deps\third_party\hedley -ID:\a\synthizer3d\synthizer3d\synthizer-vendored\deps\deps\third_party\miniaudio -ID:\a\synthizer3d\synthizer3d\synthizer-vendored\deps\deps\third_party\pdqsort /DWIN32 /D_WINDOWS /GR /EHsc /O2 /Ob2 /DNDEBUG -std:c++17 -MD /wd4068 /wd5030 /wd4244 /wd4267 /Zc:preprocessor /wd5105 /wd4127 /experimental:external /external:W0 /external:anglebrackets /wd4702 /W4 /WX /showIncludes /FoCMakeFiles\synthizer.dir\include\synthizer\decoders\ogg.cpp.obj /FdCMakeFiles\synthizer.dir\synthizer.pdb /FS -c D:\a\synthizer3d\synthizer3d\synthizer-vendored\include\synthizer\decoders\ogg.cpp
2025-06-25T20:06:46.6841330Z ##[error]D:\a\synthizer3d\synthizer3d\synthizer-vendored\include\synthizer\decoders\ogg.cpp(44): error C2220: the following warning is treated as an error
2025-06-25T20:06:46.7290236Z ##[warning]D:\a\synthizer3d\synthizer3d\synthizer-vendored\include\synthizer\decoders\ogg.cpp(44): warning C4100: 'datasource': unreferenced parameter
2025-06-25T20:06:46.9299915Z [21/29] Building CXX object CMakeFiles\synthizer.dir\src\streams\memory_stream.cpp.obj
2025-06-25T20:06:46.9459949Z [22/29] Building CXX object CMakeFiles\synthizer.dir\src\router.cpp.obj
2025-06-25T20:06:47.9314326Z [23/29] Building CXX object CMakeFiles\synthizer.dir\src\streams\file.cpp.obj
2025-06-25T20:06:47.9315547Z [24/29] Building CXX object CMakeFiles\synthizer.dir\include\synthizer\decoders\opus.cpp.obj
2025-06-25T20:06:47.9316654Z [25/29] Building CXX object CMakeFiles\synthizer.dir\src\c_api\unity.cpp.obj
2025-06-25T20:06:47.9317437Z ninja: build stopped: subcommand failed.
2025-06-25T20:06:47.9364058Z Traceback (most recent call last):
2025-06-25T20:06:47.9365052Z   File "C:\hostedtoolcache\windows\Python\3.9.13\x86\lib\site-packages\pyproject_hooks\_in_process\_in_process.py", line 389, in <module>
2025-06-25T20:06:47.9366972Z     main()
2025-06-25T20:06:47.9367815Z   File "C:\hostedtoolcache\windows\Python\3.9.13\x86\lib\site-packages\pyproject_hooks\_in_process\_in_process.py", line 373, in main
2025-06-25T20:06:47.9369527Z     json_out["return_val"] = hook(**hook_input["kwargs"])
2025-06-25T20:06:47.9370519Z   File "C:\hostedtoolcache\windows\Python\3.9.13\x86\lib\site-packages\pyproject_hooks\_in_process\_in_process.py", line 143, in get_requires_for_build_wheel
2025-06-25T20:06:47.9371451Z     return hook(config_settings)
2025-06-25T20:06:47.9372448Z   File "C:\hostedtoolcache\windows\Python\3.9.13\x86\lib\site-packages\setuptools\build_meta.py", line 154, in get_requires_for_build_wheel
2025-06-25T20:06:47.9376976Z     return self._get_build_requires(
2025-06-25T20:06:47.9378236Z   File "C:\hostedtoolcache\windows\Python\3.9.13\x86\lib\site-packages\setuptools\build_meta.py", line 135, in _get_build_requires
2025-06-25T20:06:47.9379311Z     self.run_setup()
2025-06-25T20:06:47.9380579Z   File "C:\hostedtoolcache\windows\Python\3.9.13\x86\lib\site-packages\setuptools\build_meta.py", line 258, in run_setup
2025-06-25T20:06:47.9382838Z     super(_BuildMetaLegacyBackend,
2025-06-25T20:06:47.9384285Z   File "C:\hostedtoolcache\windows\Python\3.9.13\x86\lib\site-packages\setuptools\build_meta.py", line 150, in run_setup
2025-06-25T20:06:47.9385400Z     exec(compile(code, __file__, 'exec'), locals())
2025-06-25T20:06:47.9386095Z   File "setup.py", line 82, in <module>
2025-06-25T20:06:47.9388082Z     cmake.make()
2025-06-25T20:06:47.9389201Z   File "C:\hostedtoolcache\windows\Python\3.9.13\x86\lib\site-packages\skbuild\cmaker.py", line 696, in make
2025-06-25T20:06:47.9392757Z     self.make_impl(clargs=clargs, config=config, source_dir=source_dir, install_target=install_target, env=env)
2025-06-25T20:06:47.9394312Z   File "C:\hostedtoolcache\windows\Python\3.9.13\x86\lib\site-packages\skbuild\cmaker.py", line 741, in make_impl
2025-06-25T20:06:47.9395909Z     raise SKBuildError(msg)
2025-06-25T20:06:47.9396693Z skbuild.exceptions.SKBuildError: An error occurred while building with CMake.
2025-06-25T20:06:47.9397605Z   Command:
2025-06-25T20:06:47.9398764Z     'C:\hostedtoolcache\windows\Python\3.9.13\x86\Lib\site-packages\cmake\data\bin/cmake.exe' --build . --target install --config Release --
2025-06-25T20:06:47.9399710Z   Install target:
2025-06-25T20:06:47.9399957Z     install
2025-06-25T20:06:47.9400242Z   Source directory:
2025-06-25T20:06:47.9400607Z     D:\a\synthizer3d\synthizer3d
2025-06-25T20:06:47.9401027Z   Working directory:
2025-06-25T20:06:47.9401570Z     D:\a\synthizer3d\synthizer3d\_skbuild\win32-3.9\cmake-build
2025-06-25T20:06:47.9402515Z Please check the install target is valid and see CMake's output for more information.
2025-06-25T20:06:47.9403031Z 
2025-06-25T20:06:47.9633066Z 
2025-06-25T20:06:47.9634151Z ERROR Backend subprocess exited when trying to invoke get_requires_for_build_wheel
2025-06-25T20:06:47.9914352Z ##[error]Process completed with exit code 1.
2025-06-25T20:06:48.0078536Z Post job cleanup.
2025-06-25T20:06:48.2629164Z [command]"C:\Program Files\Git\bin\git.exe" version
2025-06-25T20:06:48.2883692Z git version 2.50.0.windows.1
2025-06-25T20:06:48.2950104Z Temporarily overriding HOME='D:\a\_temp\a6e5d508-b2e8-40ff-9f4f-77ed234bf414' before making global git config changes
2025-06-25T20:06:48.2951210Z Adding repository directory to the temporary git global config as a safe directory
2025-06-25T20:06:48.2963104Z [command]"C:\Program Files\Git\bin\git.exe" config --global --add safe.directory D:\a\synthizer3d\synthizer3d
2025-06-25T20:06:48.3206231Z [command]"C:\Program Files\Git\bin\git.exe" config --local --name-only --get-regexp core\.sshCommand
2025-06-25T20:06:48.3446548Z [command]"C:\Program Files\Git\bin\git.exe" submodule foreach --recursive "sh -c \"git config --local --name-only --get-regexp 'core\.sshCommand' && git config --local --unset-all 'core.sshCommand' || :\""
2025-06-25T20:06:48.7868376Z [command]"C:\Program Files\Git\bin\git.exe" config --local --name-only --get-regexp http\.https\:\/\/github\.com\/\.extraheader
2025-06-25T20:06:48.8069889Z http.https://github.com/.extraheader
2025-06-25T20:06:48.8106210Z [command]"C:\Program Files\Git\bin\git.exe" config --local --unset-all http.https://github.com/.extraheader
2025-06-25T20:06:48.8346862Z [command]"C:\Program Files\Git\bin\git.exe" submodule foreach --recursive "sh -c \"git config --local --name-only --get-regexp 'http\.https\:\/\/github\.com\/\.extraheader' && git config --local --unset-all 'http.https://github.com/.extraheader' || :\""
2025-06-25T20:06:49.2843797Z Cleaning up orphan processes
2025-06-25T20:06:49.3090702Z Terminate orphan process: pid (3672) (mspdbsrv)