2025-06-25T02:44:53.3107980Z Current runner version: '2.325.0'
2025-06-25T02:44:53.3133437Z ##[group]Runner Image Provisioner
2025-06-25T02:44:53.3134402Z Hosted Compute Agent
2025-06-25T02:44:53.3134882Z Version: 20250620.352
2025-06-25T02:44:53.3135436Z Commit: f262f3aba23b10ea191b2a62bdee1ca4c3d344da
2025-06-25T02:44:53.3136070Z Build Date: 2025-06-20T19:27:17Z
2025-06-25T02:44:53.3136562Z ##[endgroup]
2025-06-25T02:44:53.3137032Z ##[group]Operating System
2025-06-25T02:44:53.3137521Z Microsoft Windows Server 2022
2025-06-25T02:44:53.3138025Z 10.0.20348
2025-06-25T02:44:53.3138416Z Datacenter
2025-06-25T02:44:53.3138815Z ##[endgroup]
2025-06-25T02:44:53.3139768Z ##[group]Runner Image
2025-06-25T02:44:53.3140352Z Image: windows-2022
2025-06-25T02:44:53.3140865Z Version: 20250602.1.0
2025-06-25T02:44:53.3141801Z Included Software: https://github.com/actions/runner-images/blob/win22/20250602.1/images/windows/Windows2022-Readme.md
2025-06-25T02:44:53.3143535Z Image Release: https://github.com/actions/runner-images/releases/tag/win22%2F20250602.1
2025-06-25T02:44:53.3144427Z ##[endgroup]
2025-06-25T02:44:53.3146683Z ##[group]GITHUB_TOKEN Permissions
2025-06-25T02:44:53.3149033Z Actions: write
2025-06-25T02:44:53.3149508Z Attestations: write
2025-06-25T02:44:53.3149948Z Checks: write
2025-06-25T02:44:53.3150340Z Contents: write
2025-06-25T02:44:53.3150763Z Deployments: write
2025-06-25T02:44:53.3151205Z Discussions: write
2025-06-25T02:44:53.3151612Z Issues: write
2025-06-25T02:44:53.3152083Z Metadata: read
2025-06-25T02:44:53.3152480Z Models: read
2025-06-25T02:44:53.3152882Z Packages: write
2025-06-25T02:44:53.3153301Z Pages: write
2025-06-25T02:44:53.3153723Z PullRequests: write
2025-06-25T02:44:53.3154152Z RepositoryProjects: write
2025-06-25T02:44:53.3154627Z SecurityEvents: write
2025-06-25T02:44:53.3155162Z Statuses: write
2025-06-25T02:44:53.3155552Z ##[endgroup]
2025-06-25T02:44:53.3157583Z Secret source: Actions
2025-06-25T02:44:53.3158277Z Prepare workflow directory
2025-06-25T02:44:53.3666459Z Prepare all required actions
2025-06-25T02:44:53.3702439Z Getting action download info
2025-06-25T02:44:53.6264516Z ##[group]Download immutable action package 'actions/checkout@v4'
2025-06-25T02:44:53.6265451Z Version: 4.2.2
2025-06-25T02:44:53.6266256Z Digest: sha256:ccb2698953eaebd21c7bf6268a94f9c26518a7e38e27e0b83c1fe1ad049819b1
2025-06-25T02:44:53.6267267Z Source commit SHA: 11bd71901bbe5b1630ceea73d27597364c9af683
2025-06-25T02:44:53.6267871Z ##[endgroup]
2025-06-25T02:44:53.7242327Z ##[group]Download immutable action package 'actions/setup-python@v5'
2025-06-25T02:44:53.7243075Z Version: 5.6.0
2025-06-25T02:44:53.7243686Z Digest: sha256:0b35a0c11c97499e4e0576589036d450b9f5f9da74b7774225b3614b57324404
2025-06-25T02:44:53.7244556Z Source commit SHA: a26af69be951a213d495a4c3e4e4022e16d87065
2025-06-25T02:44:53.7245135Z ##[endgroup]
2025-06-25T02:44:54.0740020Z ##[group]Download immutable action package 'actions/cache@v4'
2025-06-25T02:44:54.0740703Z Version: 4.2.3
2025-06-25T02:44:54.0741382Z Digest: sha256:c8a3bb963e1f1826d8fcc8d1354f0dd29d8ac1db1d4f6f20247055ae11b81ed9
2025-06-25T02:44:54.0742216Z Source commit SHA: 5a3ec84eff668545956fd18022155c47e93e2684
2025-06-25T02:44:54.0742834Z ##[endgroup]
2025-06-25T02:44:54.2076855Z Download action repository 'ilammy/msvc-dev-cmd@v1' (SHA:0b201ec74fa43914dc39ae48a89fd1d8cb592756)
2025-06-25T02:44:54.4376316Z Download action repository 'lukka/run-vcpkg@v11' (SHA:7d259227a1fb6471a0253dd5ab7419835228f7d7)
2025-06-25T02:44:54.6431843Z ##[group]Download immutable action package 'actions/upload-artifact@v4'
2025-06-25T02:44:54.6432598Z Version: 4.6.2
2025-06-25T02:44:54.6433226Z Digest: sha256:290722aa3281d5caf23d0acdc3dbeb3424786a1a01a9cc97e72f147225e37c38
2025-06-25T02:44:54.6434121Z Source commit SHA: ea165f8d65b6e75b540449e92b4886f43607fa02
2025-06-25T02:44:54.6434732Z ##[endgroup]
2025-06-25T02:44:54.9389962Z Complete job name: Build Windows (x64) Python 3.11
2025-06-25T02:44:55.0851312Z ##[group]Run actions/checkout@v4
2025-06-25T02:44:55.0853737Z with:
2025-06-25T02:44:55.0854146Z   submodules: recursive
2025-06-25T02:44:55.0854671Z   repository: Ambro86/synthizer3d
2025-06-25T02:44:55.0855403Z   token: ***
2025-06-25T02:44:55.0855797Z   ssh-strict: true
2025-06-25T02:44:55.0856286Z   ssh-user: git
2025-06-25T02:44:55.0856718Z   persist-credentials: true
2025-06-25T02:44:55.0857188Z   clean: true
2025-06-25T02:44:55.0857619Z   sparse-checkout-cone-mode: true
2025-06-25T02:44:55.0858187Z   fetch-depth: 1
2025-06-25T02:44:55.0858611Z   fetch-tags: false
2025-06-25T02:44:55.0859063Z   show-progress: true
2025-06-25T02:44:55.0859528Z   lfs: false
2025-06-25T02:44:55.0859913Z   set-safe-directory: true
2025-06-25T02:44:55.0860618Z env:
2025-06-25T02:44:55.0861013Z   PYVERSION: 3.11
2025-06-25T02:44:55.0861469Z   CI_ARCH_LOWER: x64
2025-06-25T02:44:55.0861899Z   CI_WINDOWS: 1
2025-06-25T02:44:55.0862371Z   CI_ARCH_ENV: x64
2025-06-25T02:44:55.0862868Z   VCPKG_DEFAULT_TRIPLET: x64-windows
2025-06-25T02:44:55.0863666Z   EFFECTIVE_VCPKG_INSTALLED_DIR_BASE: D:\a\synthizer3d\synthizer3d\vcpkg_installed
2025-06-25T02:44:55.0864429Z ##[endgroup]
2025-06-25T02:44:55.2479616Z Syncing repository: Ambro86/synthizer3d
2025-06-25T02:44:55.2481349Z ##[group]Getting Git version info
2025-06-25T02:44:55.2481981Z Working directory is 'D:\a\synthizer3d\synthizer3d'
2025-06-25T02:44:55.3723387Z [command]"C:\Program Files\Git\bin\git.exe" version
2025-06-25T02:44:55.6486716Z git version 2.49.0.windows.1
2025-06-25T02:44:55.6538421Z ##[endgroup]
2025-06-25T02:44:55.6559153Z Temporarily overriding HOME='D:\a\_temp\fcf955c1-3b30-4485-8e05-4e051fef6517' before making global git config changes
2025-06-25T02:44:55.6560766Z Adding repository directory to the temporary git global config as a safe directory
2025-06-25T02:44:55.6570529Z [command]"C:\Program Files\Git\bin\git.exe" config --global --add safe.directory D:\a\synthizer3d\synthizer3d
2025-06-25T02:44:55.7231016Z Deleting the contents of 'D:\a\synthizer3d\synthizer3d'
2025-06-25T02:44:55.7236653Z ##[group]Initializing the repository
2025-06-25T02:44:55.7246324Z [command]"C:\Program Files\Git\bin\git.exe" init D:\a\synthizer3d\synthizer3d
2025-06-25T02:44:55.7861678Z Initialized empty Git repository in D:/a/synthizer3d/synthizer3d/.git/
2025-06-25T02:44:55.7900507Z [command]"C:\Program Files\Git\bin\git.exe" remote add origin https://github.com/Ambro86/synthizer3d
2025-06-25T02:44:55.8303770Z ##[endgroup]
2025-06-25T02:44:55.8304467Z ##[group]Disabling automatic garbage collection
2025-06-25T02:44:55.8313328Z [command]"C:\Program Files\Git\bin\git.exe" config --local gc.auto 0
2025-06-25T02:44:55.8533261Z ##[endgroup]
2025-06-25T02:44:55.8533922Z ##[group]Setting up auth
2025-06-25T02:44:55.8547005Z [command]"C:\Program Files\Git\bin\git.exe" config --local --name-only --get-regexp core\.sshCommand
2025-06-25T02:44:55.8775473Z [command]"C:\Program Files\Git\bin\git.exe" submodule foreach --recursive "sh -c \"git config --local --name-only --get-regexp 'core\.sshCommand' && git config --local --unset-all 'core.sshCommand' || :\""
2025-06-25T02:44:56.8540343Z [command]"C:\Program Files\Git\bin\git.exe" config --local --name-only --get-regexp http\.https\:\/\/github\.com\/\.extraheader
2025-06-25T02:44:56.8759673Z [command]"C:\Program Files\Git\bin\git.exe" submodule foreach --recursive "sh -c \"git config --local --name-only --get-regexp 'http\.https\:\/\/github\.com\/\.extraheader' && git config --local --unset-all 'http.https://github.com/.extraheader' || :\""
2025-06-25T02:44:57.2674918Z [command]"C:\Program Files\Git\bin\git.exe" config --local http.https://github.com/.extraheader "AUTHORIZATION: basic ***"
2025-06-25T02:44:57.2901774Z ##[endgroup]
2025-06-25T02:44:57.2922064Z ##[group]Fetching the repository
2025-06-25T02:44:57.2927550Z [command]"C:\Program Files\Git\bin\git.exe" -c protocol.version=2 fetch --no-tags --prune --no-recurse-submodules --depth=1 origin +3d25b66120cac51d5f2bd30dd92568af5afe4f5b:refs/remotes/origin/master
2025-06-25T02:44:58.7025967Z From https://github.com/Ambro86/synthizer3d
2025-06-25T02:44:58.7027788Z  * [new ref]         3d25b66120cac51d5f2bd30dd92568af5afe4f5b -> origin/master
2025-06-25T02:44:58.7196585Z ##[endgroup]
2025-06-25T02:44:58.7197030Z ##[group]Determining the checkout info
2025-06-25T02:44:58.7199328Z ##[endgroup]
2025-06-25T02:44:58.7210229Z [command]"C:\Program Files\Git\bin\git.exe" sparse-checkout disable
2025-06-25T02:44:58.7499612Z [command]"C:\Program Files\Git\bin\git.exe" config --local --unset-all extensions.worktreeConfig
2025-06-25T02:44:58.7710703Z ##[group]Checking out the ref
2025-06-25T02:44:58.7718745Z [command]"C:\Program Files\Git\bin\git.exe" checkout --progress --force -B master refs/remotes/origin/master
2025-06-25T02:44:59.5036236Z branch 'master' set up to track 'origin/master'.
2025-06-25T02:44:59.5040992Z Reset branch 'master'
2025-06-25T02:44:59.5087274Z ##[endgroup]
2025-06-25T02:44:59.5087940Z ##[group]Setting up auth for fetching submodules
2025-06-25T02:44:59.5100772Z [command]"C:\Program Files\Git\bin\git.exe" config --global http.https://github.com/.extraheader "AUTHORIZATION: basic ***"
2025-06-25T02:44:59.5336801Z [command]"C:\Program Files\Git\bin\git.exe" config --global --unset-all url.https://github.com/.insteadOf
2025-06-25T02:44:59.5566194Z [command]"C:\Program Files\Git\bin\git.exe" config --global --add url.https://github.com/.insteadOf git@github.com:
2025-06-25T02:44:59.5793984Z [command]"C:\Program Files\Git\bin\git.exe" config --global --add url.https://github.com/.insteadOf org-58132298@github.com:
2025-06-25T02:44:59.6012290Z ##[endgroup]
2025-06-25T02:44:59.6012759Z ##[group]Fetching submodules
2025-06-25T02:44:59.6025857Z [command]"C:\Program Files\Git\bin\git.exe" submodule sync --recursive
2025-06-25T02:45:00.0036575Z [command]"C:\Program Files\Git\bin\git.exe" -c protocol.version=2 submodule update --init --force --depth=1 --recursive
2025-06-25T02:45:00.4432767Z [command]"C:\Program Files\Git\bin\git.exe" submodule foreach --recursive "git config --local gc.auto 0"
2025-06-25T02:45:00.8313531Z ##[endgroup]
2025-06-25T02:45:00.8313912Z ##[group]Persisting credentials for submodules
2025-06-25T02:45:00.8336253Z [command]"C:\Program Files\Git\bin\git.exe" submodule foreach --recursive "sh -c \"git config --local --name-only --get-regexp 'url\.https\:\/\/github\.com\/\.insteadOf' && git config --local --unset-all 'url.https://github.com/.insteadOf' || :\""
2025-06-25T02:45:01.2230632Z [command]"C:\Program Files\Git\bin\git.exe" submodule foreach --recursive "sh -c \"git config --local 'http.https://github.com/.extraheader' 'AUTHORIZATION: basic ***' && git config --local --show-origin --name-only --get-regexp remote.origin.url\""
2025-06-25T02:45:01.6447355Z [command]"C:\Program Files\Git\bin\git.exe" submodule foreach --recursive "git config --local --add 'url.https://github.com/.insteadOf' 'git@github.com:'"
2025-06-25T02:45:02.0674129Z [command]"C:\Program Files\Git\bin\git.exe" submodule foreach --recursive "git config --local --add 'url.https://github.com/.insteadOf' 'org-58132298@github.com:'"
2025-06-25T02:45:02.4721039Z ##[endgroup]
2025-06-25T02:45:02.4975115Z [command]"C:\Program Files\Git\bin\git.exe" log -1 --format=%H
2025-06-25T02:45:02.5189142Z 3d25b66120cac51d5f2bd30dd92568af5afe4f5b
2025-06-25T02:45:02.5539060Z ##[group]Run actions/setup-python@v5
2025-06-25T02:45:02.5539354Z with:
2025-06-25T02:45:02.5539522Z   python-version: 3.11
2025-06-25T02:45:02.5539714Z   architecture: x64
2025-06-25T02:45:02.5539886Z   check-latest: false
2025-06-25T02:45:02.5540203Z   token: ***
2025-06-25T02:45:02.5540376Z   update-environment: true
2025-06-25T02:45:02.5540582Z   allow-prereleases: false
2025-06-25T02:45:02.5540778Z   freethreaded: false
2025-06-25T02:45:02.5540957Z env:
2025-06-25T02:45:02.5541092Z   PYVERSION: 3.11
2025-06-25T02:45:02.5541256Z   CI_ARCH_LOWER: x64
2025-06-25T02:45:02.5541407Z   CI_WINDOWS: 1
2025-06-25T02:45:02.5541556Z   CI_ARCH_ENV: x64
2025-06-25T02:45:02.5541720Z   VCPKG_DEFAULT_TRIPLET: x64-windows
2025-06-25T02:45:02.5542247Z   EFFECTIVE_VCPKG_INSTALLED_DIR_BASE: D:\a\synthizer3d\synthizer3d\vcpkg_installed
2025-06-25T02:45:02.5542580Z ##[endgroup]
2025-06-25T02:45:02.7850015Z ##[group]Installed versions
2025-06-25T02:45:02.8090350Z Successfully set up CPython (3.11.9)
2025-06-25T02:45:02.8092220Z ##[endgroup]
2025-06-25T02:45:02.8333218Z ##[group]Run python -m pip install --upgrade pip
2025-06-25T02:45:02.8333628Z [36;1mpython -m pip install --upgrade pip[0m
2025-06-25T02:45:02.8622840Z shell: C:\Program Files\PowerShell\7\pwsh.EXE -command ". '{0}'"
2025-06-25T02:45:02.8623293Z env:
2025-06-25T02:45:02.8623502Z   PYVERSION: 3.11
2025-06-25T02:45:02.8623747Z   CI_ARCH_LOWER: x64
2025-06-25T02:45:02.8623986Z   CI_WINDOWS: 1
2025-06-25T02:45:02.8624211Z   CI_ARCH_ENV: x64
2025-06-25T02:45:02.8624460Z   VCPKG_DEFAULT_TRIPLET: x64-windows
2025-06-25T02:45:02.8624998Z   EFFECTIVE_VCPKG_INSTALLED_DIR_BASE: D:\a\synthizer3d\synthizer3d\vcpkg_installed
2025-06-25T02:45:02.8625649Z   pythonLocation: C:\hostedtoolcache\windows\Python\3.11.9\x64
2025-06-25T02:45:02.8626281Z   PKG_CONFIG_PATH: C:\hostedtoolcache\windows\Python\3.11.9\x64/lib/pkgconfig
2025-06-25T02:45:02.8626873Z   Python_ROOT_DIR: C:\hostedtoolcache\windows\Python\3.11.9\x64
2025-06-25T02:45:02.8627435Z   Python2_ROOT_DIR: C:\hostedtoolcache\windows\Python\3.11.9\x64
2025-06-25T02:45:02.8627960Z   Python3_ROOT_DIR: C:\hostedtoolcache\windows\Python\3.11.9\x64
2025-06-25T02:45:02.8628368Z ##[endgroup]
2025-06-25T02:45:12.2652163Z Requirement already satisfied: pip in c:\hostedtoolcache\windows\python\3.11.9\x64\lib\site-packages (25.1.1)
2025-06-25T02:45:13.1214811Z ##[group]Run python synthizer-c/vendor.py synthizer-vendored
2025-06-25T02:45:13.1215322Z [36;1mpython synthizer-c/vendor.py synthizer-vendored[0m
2025-06-25T02:45:13.1246437Z shell: C:\Program Files\PowerShell\7\pwsh.EXE -command ". '{0}'"
2025-06-25T02:45:13.1246730Z env:
2025-06-25T02:45:13.1246875Z   PYVERSION: 3.11
2025-06-25T02:45:13.1247037Z   CI_ARCH_LOWER: x64
2025-06-25T02:45:13.1247209Z   CI_WINDOWS: 1
2025-06-25T02:45:13.1247358Z   CI_ARCH_ENV: x64
2025-06-25T02:45:13.1247525Z   VCPKG_DEFAULT_TRIPLET: x64-windows
2025-06-25T02:45:13.1247856Z   EFFECTIVE_VCPKG_INSTALLED_DIR_BASE: D:\a\synthizer3d\synthizer3d\vcpkg_installed
2025-06-25T02:45:13.1248267Z   pythonLocation: C:\hostedtoolcache\windows\Python\3.11.9\x64
2025-06-25T02:45:13.1248665Z   PKG_CONFIG_PATH: C:\hostedtoolcache\windows\Python\3.11.9\x64/lib/pkgconfig
2025-06-25T02:45:13.1249051Z   Python_ROOT_DIR: C:\hostedtoolcache\windows\Python\3.11.9\x64
2025-06-25T02:45:13.1249430Z   Python2_ROOT_DIR: C:\hostedtoolcache\windows\Python\3.11.9\x64
2025-06-25T02:45:13.1249770Z   Python3_ROOT_DIR: C:\hostedtoolcache\windows\Python\3.11.9\x64
2025-06-25T02:45:13.1250033Z ##[endgroup]
2025-06-25T02:45:15.1566522Z ##[group]Run actions/cache@v4
2025-06-25T02:45:15.1566789Z with:
2025-06-25T02:45:15.1566968Z   path: ~\AppData\Local\pip\Cache
2025-06-25T02:45:15.1567394Z   key: Windows-pip-3.11-x64-470e26d8c339f4cb295c177bbb5909b619dd6bdba5ca1bff895a6b5f9833e984
2025-06-25T02:45:15.1567906Z   restore-keys: Windows-pip-3.11-x64-

2025-06-25T02:45:15.1568159Z   enableCrossOsArchive: false
2025-06-25T02:45:15.1568372Z   fail-on-cache-miss: false
2025-06-25T02:45:15.1568577Z   lookup-only: false
2025-06-25T02:45:15.1568744Z   save-always: false
2025-06-25T02:45:15.1568903Z env:
2025-06-25T02:45:15.1569037Z   PYVERSION: 3.11
2025-06-25T02:45:15.1569198Z   CI_ARCH_LOWER: x64
2025-06-25T02:45:15.1569352Z   CI_WINDOWS: 1
2025-06-25T02:45:15.1569505Z   CI_ARCH_ENV: x64
2025-06-25T02:45:15.1569677Z   VCPKG_DEFAULT_TRIPLET: x64-windows
2025-06-25T02:45:15.1570039Z   EFFECTIVE_VCPKG_INSTALLED_DIR_BASE: D:\a\synthizer3d\synthizer3d\vcpkg_installed
2025-06-25T02:45:15.1570526Z   pythonLocation: C:\hostedtoolcache\windows\Python\3.11.9\x64
2025-06-25T02:45:15.1570944Z   PKG_CONFIG_PATH: C:\hostedtoolcache\windows\Python\3.11.9\x64/lib/pkgconfig
2025-06-25T02:45:15.1571350Z   Python_ROOT_DIR: C:\hostedtoolcache\windows\Python\3.11.9\x64
2025-06-25T02:45:15.1571887Z   Python2_ROOT_DIR: C:\hostedtoolcache\windows\Python\3.11.9\x64
2025-06-25T02:45:15.1572257Z   Python3_ROOT_DIR: C:\hostedtoolcache\windows\Python\3.11.9\x64
2025-06-25T02:45:15.1572538Z ##[endgroup]
2025-06-25T02:45:15.5424298Z Cache hit for: Windows-pip-3.11-x64-470e26d8c339f4cb295c177bbb5909b619dd6bdba5ca1bff895a6b5f9833e984
2025-06-25T02:45:15.8914738Z Received 40424057 of 40424057 (100.0%), 133.4 MBs/sec
2025-06-25T02:45:15.8917521Z Cache Size: ~39 MB (40424057 B)
2025-06-25T02:45:15.8947527Z [command]"C:\Program Files\Git\usr\bin\tar.exe" -xf D:/a/_temp/b6fafad7-dbd8-4ace-87df-1120f69bfc60/cache.tzst -P -C D:/a/synthizer3d/synthizer3d --force-local --use-compress-program "zstd -d"
2025-06-25T02:45:16.1411827Z Cache restored successfully
2025-06-25T02:45:16.1558484Z Cache restored from key: Windows-pip-3.11-x64-8a5360e709d265c27a24e0a96851fc7e96b08d87f422f96956a8f56e44f06135
2025-06-25T02:45:16.1773187Z ##[group]Run ilammy/msvc-dev-cmd@v1
2025-06-25T02:45:16.1773493Z with:
2025-06-25T02:45:16.1773644Z   arch: x64
2025-06-25T02:45:16.1773790Z env:
2025-06-25T02:45:16.1773927Z   PYVERSION: 3.11
2025-06-25T02:45:16.1774095Z   CI_ARCH_LOWER: x64
2025-06-25T02:45:16.1774261Z   CI_WINDOWS: 1
2025-06-25T02:45:16.1774409Z   CI_ARCH_ENV: x64
2025-06-25T02:45:16.1774585Z   VCPKG_DEFAULT_TRIPLET: x64-windows
2025-06-25T02:45:16.1774935Z   EFFECTIVE_VCPKG_INSTALLED_DIR_BASE: D:\a\synthizer3d\synthizer3d\vcpkg_installed
2025-06-25T02:45:16.1775358Z   pythonLocation: C:\hostedtoolcache\windows\Python\3.11.9\x64
2025-06-25T02:45:16.1775760Z   PKG_CONFIG_PATH: C:\hostedtoolcache\windows\Python\3.11.9\x64/lib/pkgconfig
2025-06-25T02:45:16.1776148Z   Python_ROOT_DIR: C:\hostedtoolcache\windows\Python\3.11.9\x64
2025-06-25T02:45:16.1776496Z   Python2_ROOT_DIR: C:\hostedtoolcache\windows\Python\3.11.9\x64
2025-06-25T02:45:16.1776877Z   Python3_ROOT_DIR: C:\hostedtoolcache\windows\Python\3.11.9\x64
2025-06-25T02:45:16.1777143Z ##[endgroup]
2025-06-25T02:45:16.5581075Z Found with vswhere: C:\Program Files\Microsoft Visual Studio\2022\Enterprise\VC\Auxiliary\Build\vcvarsall.bat
2025-06-25T02:45:19.0040774Z ##[group]Environment variables
2025-06-25T02:45:19.0041235Z Setting CommandPromptType
2025-06-25T02:45:19.0056343Z Setting DevEnvDir
2025-06-25T02:45:19.0060434Z Setting ExtensionSdkDir
2025-06-25T02:45:19.0063073Z Setting EXTERNAL_INCLUDE
2025-06-25T02:45:19.0068242Z Setting Framework40Version
2025-06-25T02:45:19.0070619Z Setting FrameworkDir
2025-06-25T02:45:19.0072980Z Setting FrameworkDir64
2025-06-25T02:45:19.0076352Z Setting FrameworkVersion
2025-06-25T02:45:19.0078974Z Setting FrameworkVersion64
2025-06-25T02:45:19.0082215Z Setting FSHARPINSTALLDIR
2025-06-25T02:45:19.0085195Z Setting HTMLHelpDir
2025-06-25T02:45:19.0087548Z Setting IFCPATH
2025-06-25T02:45:19.0090745Z Setting INCLUDE
2025-06-25T02:45:19.0095726Z Setting is_x64_arch
2025-06-25T02:45:19.0098065Z Setting LIB
2025-06-25T02:45:19.0107367Z Setting LIBPATH
2025-06-25T02:45:19.0109798Z Setting NETFXSDKDir
2025-06-25T02:45:19.0112909Z Setting Path
2025-06-25T02:45:19.0115980Z Setting Platform
2025-06-25T02:45:19.0118440Z Setting UCRTVersion
2025-06-25T02:45:19.0120389Z Setting UniversalCRTSdkDir
2025-06-25T02:45:19.0122716Z Setting VCIDEInstallDir
2025-06-25T02:45:19.0125948Z Setting VCINSTALLDIR
2025-06-25T02:45:19.0128051Z Setting VCPKG_ROOT
2025-06-25T02:45:19.0130255Z Setting VCToolsInstallDir
2025-06-25T02:45:19.0132526Z Setting VCToolsRedistDir
2025-06-25T02:45:19.0134763Z Setting VCToolsVersion
2025-06-25T02:45:19.0137081Z Setting VisualStudioVersion
2025-06-25T02:45:19.0139251Z Setting VS170COMNTOOLS
2025-06-25T02:45:19.0141513Z Setting VSCMD_ARG_app_plat
2025-06-25T02:45:19.0143962Z Setting VSCMD_ARG_HOST_ARCH
2025-06-25T02:45:19.0146151Z Setting VSCMD_ARG_TGT_ARCH
2025-06-25T02:45:19.0148281Z Setting VSCMD_VER
2025-06-25T02:45:19.0150756Z Setting VSINSTALLDIR
2025-06-25T02:45:19.0153067Z Setting VSSDK150INSTALL
2025-06-25T02:45:19.0155354Z Setting VSSDKINSTALL
2025-06-25T02:45:19.0157281Z Setting WindowsLibPath
2025-06-25T02:45:19.0159370Z Setting WindowsSdkBinPath
2025-06-25T02:45:19.0161201Z Setting WindowsSdkDir
2025-06-25T02:45:19.0163087Z Setting WindowsSDKLibVersion
2025-06-25T02:45:19.0164920Z Setting WindowsSdkVerBinPath
2025-06-25T02:45:19.0166733Z Setting WindowsSDKVersion
2025-06-25T02:45:19.0168528Z Setting WindowsSDK_ExecutablePath_x64
2025-06-25T02:45:19.0170325Z Setting WindowsSDK_ExecutablePath_x86
2025-06-25T02:45:19.0172138Z Setting __DOTNET_ADD_64BIT
2025-06-25T02:45:19.0174033Z Setting __DOTNET_PREFERRED_BITNESS
2025-06-25T02:45:19.0175877Z Setting __VSCMD_PREINIT_PATH
2025-06-25T02:45:19.0178734Z ##[endgroup]
2025-06-25T02:45:19.0178992Z Configured Developer Command Prompt
2025-06-25T02:45:19.0370158Z ##[group]Run lukka/run-vcpkg@v11
2025-06-25T02:45:19.0370445Z with:
2025-06-25T02:45:19.0370616Z   vcpkgJsonGlob: vcpkg.json
2025-06-25T02:45:19.0370830Z   runVcpkgInstall: true
2025-06-25T02:45:19.0371067Z   vcpkgDirectory: D:\a\synthizer3d\synthizer3d/vcpkg
2025-06-25T02:45:19.0371400Z   vcpkgGitURL: https://github.com/microsoft/vcpkg.git
2025-06-25T02:45:19.0371680Z   doNotUpdateVcpkg: false
2025-06-25T02:45:19.0371870Z   doNotCache: true
2025-06-25T02:45:19.0372045Z   vcpkgJsonIgnores: ['**/vcpkg/**']
2025-06-25T02:45:19.0372328Z   vcpkgConfigurationJsonGlob: **/vcpkg-configuration.json
2025-06-25T02:45:19.0372952Z   runVcpkgFormatString: [`install`, `--recurse`, `--clean-after-build`, `--x-install-root`, `$[env.VCPKG_INSTALLED_DIR]`, `--triplet`, `$[env.VCPKG_DEFAULT_TRIPLET]`]
2025-06-25T02:45:19.0373509Z   useShell: true
2025-06-25T02:45:19.0373946Z   logCollectionRegExps: \s*"(.+CMakeOutput\.log)"\.\s*;\s*"(.+CMakeError\.log)"\.\s*;\s*(.+out\.log)\s*;\s+(.+err\.log)\s*;\s*(.+vcpkg.+\.log)\s*
2025-06-25T02:45:19.0374399Z env:
2025-06-25T02:45:19.0374550Z   PYVERSION: 3.11
2025-06-25T02:45:19.0374779Z   CI_ARCH_LOWER: x64
2025-06-25T02:45:19.0374974Z   CI_WINDOWS: 1
2025-06-25T02:45:19.0375124Z   CI_ARCH_ENV: x64
2025-06-25T02:45:19.0375309Z   VCPKG_DEFAULT_TRIPLET: x64-windows
2025-06-25T02:45:19.0375657Z   EFFECTIVE_VCPKG_INSTALLED_DIR_BASE: D:\a\synthizer3d\synthizer3d\vcpkg_installed
2025-06-25T02:45:19.0376082Z   pythonLocation: C:\hostedtoolcache\windows\Python\3.11.9\x64
2025-06-25T02:45:19.0376473Z   PKG_CONFIG_PATH: C:\hostedtoolcache\windows\Python\3.11.9\x64/lib/pkgconfig
2025-06-25T02:45:19.0376884Z   Python_ROOT_DIR: C:\hostedtoolcache\windows\Python\3.11.9\x64
2025-06-25T02:45:19.0377254Z   Python2_ROOT_DIR: C:\hostedtoolcache\windows\Python\3.11.9\x64
2025-06-25T02:45:19.0377616Z   Python3_ROOT_DIR: C:\hostedtoolcache\windows\Python\3.11.9\x64
2025-06-25T02:45:19.0377902Z   CommandPromptType: Native
2025-06-25T02:45:19.0378230Z   DevEnvDir: C:\Program Files\Microsoft Visual Studio\2022\Enterprise\Common7\IDE\
2025-06-25T02:45:19.0378709Z   ExtensionSdkDir: C:\Program Files (x86)\Microsoft SDKs\Windows Kits\10\ExtensionSDKs
2025-06-25T02:45:19.0380740Z   EXTERNAL_INCLUDE: C:\Program Files\Microsoft Visual Studio\2022\Enterprise\VC\Tools\MSVC\14.43.34808\include;C:\Program Files\Microsoft Visual Studio\2022\Enterprise\VC\Tools\MSVC\14.43.34808\ATLMFC\include;C:\Program Files\Microsoft Visual Studio\2022\Enterprise\VC\Auxiliary\VS\include;C:\Program Files (x86)\Windows Kits\10\include\10.0.26100.0\ucrt;C:\Program Files (x86)\Windows Kits\10\\include\10.0.26100.0\\um;C:\Program Files (x86)\Windows Kits\10\\include\10.0.26100.0\\shared;C:\Program Files (x86)\Windows Kits\10\\include\10.0.26100.0\\winrt;C:\Program Files (x86)\Windows Kits\10\\include\10.0.26100.0\\cppwinrt;C:\Program Files (x86)\Windows Kits\NETFXSDK\4.8\include\um
2025-06-25T02:45:19.0382654Z   Framework40Version: v4.0
2025-06-25T02:45:19.0382915Z   FrameworkDir: C:\Windows\Microsoft.NET\Framework64\
2025-06-25T02:45:19.0383225Z   FrameworkDir64: C:\Windows\Microsoft.NET\Framework64\
2025-06-25T02:45:19.0383499Z   FrameworkVersion: v4.0.30319
2025-06-25T02:45:19.0383707Z   FrameworkVersion64: v4.0.30319
2025-06-25T02:45:19.0384343Z   FSHARPINSTALLDIR: C:\Program Files\Microsoft Visual Studio\2022\Enterprise\Common7\IDE\CommonExtensions\Microsoft\FSharp\Tools
2025-06-25T02:45:19.0384881Z   HTMLHelpDir: C:\Program Files (x86)\HTML Help Workshop
2025-06-25T02:45:19.0385316Z   IFCPATH: C:\Program Files\Microsoft Visual Studio\2022\Enterprise\VC\Tools\MSVC\14.43.34808\ifc\x64
2025-06-25T02:45:19.0388636Z   INCLUDE: C:\Program Files\Microsoft Visual Studio\2022\Enterprise\VC\Tools\MSVC\14.43.34808\include;C:\Program Files\Microsoft Visual Studio\2022\Enterprise\VC\Tools\MSVC\14.43.34808\ATLMFC\include;C:\Program Files\Microsoft Visual Studio\2022\Enterprise\VC\Auxiliary\VS\include;C:\Program Files (x86)\Windows Kits\10\include\10.0.26100.0\ucrt;C:\Program Files (x86)\Windows Kits\10\\include\10.0.26100.0\\um;C:\Program Files (x86)\Windows Kits\10\\include\10.0.26100.0\\shared;C:\Program Files (x86)\Windows Kits\10\\include\10.0.26100.0\\winrt;C:\Program Files (x86)\Windows Kits\10\\include\10.0.26100.0\\cppwinrt;C:\Program Files (x86)\Windows Kits\NETFXSDK\4.8\include\um
2025-06-25T02:45:19.0390570Z   is_x64_arch: true
2025-06-25T02:45:19.0391625Z   LIB: C:\Program Files\Microsoft Visual Studio\2022\Enterprise\VC\Tools\MSVC\14.43.34808\ATLMFC\lib\x64;C:\Program Files\Microsoft Visual Studio\2022\Enterprise\VC\Tools\MSVC\14.43.34808\lib\x64;C:\Program Files (x86)\Windows Kits\NETFXSDK\4.8\lib\um\x64;C:\Program Files (x86)\Windows Kits\10\lib\10.0.26100.0\ucrt\x64;C:\Program Files (x86)\Windows Kits\10\\lib\10.0.26100.0\\um\x64
2025-06-25T02:45:19.0393892Z   LIBPATH: C:\Program Files\Microsoft Visual Studio\2022\Enterprise\VC\Tools\MSVC\14.43.34808\ATLMFC\lib\x64;C:\Program Files\Microsoft Visual Studio\2022\Enterprise\VC\Tools\MSVC\14.43.34808\lib\x64;C:\Program Files\Microsoft Visual Studio\2022\Enterprise\VC\Tools\MSVC\14.43.34808\lib\x86\store\references;C:\Program Files (x86)\Windows Kits\10\UnionMetadata\10.0.26100.0;C:\Program Files (x86)\Windows Kits\10\References\10.0.26100.0;C:\Windows\Microsoft.NET\Framework64\v4.0.30319
2025-06-25T02:45:19.0395386Z   NETFXSDKDir: C:\Program Files (x86)\Windows Kits\NETFXSDK\4.8\
2025-06-25T02:45:19.0409720Z   Path: C:\Program Files\Microsoft Visual Studio\2022\Enterprise\VC\Tools\MSVC\14.43.34808\bin\HostX64\x64;C:\Program Files\Microsoft Visual Studio\2022\Enterprise\Common7\IDE\VC\VCPackages;C:\Program Files\Microsoft Visual Studio\2022\Enterprise\Common7\IDE\CommonExtensions\Microsoft\TestWindow;C:\Program Files\Microsoft Visual Studio\2022\Enterprise\Common7\IDE\CommonExtensions\Microsoft\TeamFoundation\Team Explorer;C:\Program Files\Microsoft Visual Studio\2022\Enterprise\MSBuild\Current\bin\Roslyn;C:\Program Files (x86)\Microsoft SDKs\Windows\v10.0A\bin\NETFX 4.8 Tools\x64\;C:\Program Files (x86)\HTML Help Workshop;C:\Program Files\Microsoft Visual Studio\2022\Enterprise\Common7\IDE\CommonExtensions\Microsoft\FSharp\Tools;C:\Program Files\Microsoft Visual Studio\2022\Enterprise\Team Tools\DiagnosticsHub\Collector;C:\Program Files\Microsoft Visual Studio\2022\Enterprise\Common7\IDE\Extensions\Microsoft\CodeCoverage.Console;C:\Program Files (x86)\Windows Kits\10\bin\10.0.26100.0\\x64;C:\Program Files (x86)\Windows Kits\10\bin\\x64;C:\Program Files\Microsoft Visual Studio\2022\Enterprise\\MSBuild\Current\Bin\amd64;C:\Windows\Microsoft.NET\Framework64\v4.0.30319;C:\Program Files\Microsoft Visual Studio\2022\Enterprise\Common7\IDE\;C:\Program Files\Microsoft Visual Studio\2022\Enterprise\Common7\Tools\;C:\Users\runneradmin\AppData\Roaming\Python\Python311\Scripts;C:\hostedtoolcache\windows\Python\3.11.9\x64\Scripts;C:\hostedtoolcache\windows\Python\3.11.9\x64;C:\Program Files\MongoDB\Server\5.0\bin;C:\aliyun-cli;C:\vcpkg;C:\Program Files (x86)\NSIS\;C:\tools\zstd;C:\Program Files\Mercurial\;C:\hostedtoolcache\windows\stack\3.5.1\x64;C:\cabal\bin;C:\\ghcup\bin;C:\mingw64\bin;C:\Program Files\dotnet;C:\Program Files\MySQL\MySQL Server 8.0\bin;C:\Program Files\R\R-4.4.2\bin\x64;C:\SeleniumWebDrivers\GeckoDriver;C:\SeleniumWebDrivers\EdgeDriver\;C:\SeleniumWebDrivers\ChromeDriver;C:\Program Files (x86)\sbt\bin;C:\Program Files (x86)\GitHub CLI;C:\Program Files\Git\bin;C:\Program Files (x86)\pipx_bin;C:\npm\prefix;C:\hostedtoolcache\windows\go\1.24.3\x64\bin;C:\hostedtoolcache\windows\Python\3.9.13\x64\Scripts;C:\hostedtoolcache\windows\Python\3.9.13\x64;C:\hostedtoolcache\windows\Ruby\3.3.8\x64\bin;C:\Program Files\OpenSSL\bin;C:\tools\kotlinc\bin;C:\hostedtoolcache\windows\Java_Temurin-Hotspot_jdk\8.0.452-9\x64\bin;C:\Program Files\ImageMagick-7.1.1-Q16-HDRI;C:\Program Files\Microsoft SDKs\Azure\CLI2\wbin;C:\ProgramData\kind;C:\ProgramData\Chocolatey\bin;C:\Windows\system32;C:\Windows;C:\Windows\System32\Wbem;C:\Windows\System32\WindowsPowerShell\v1.0\;C:\Windows\System32\OpenSSH\;C:\Program Files\dotnet\;C:\Program Files\PowerShell\7\;C:\Program Files\Microsoft\Web Platform Installer\;C:\Program Files\TortoiseSVN\bin;C:\Program Files\Microsoft SQL Server\Client SDK\ODBC\170\Tools\Binn\;C:\Program Files\Microsoft SQL Server\150\Tools\Binn\;C:\Program Files (x86)\Windows Kits\10\Windows Performance Toolkit\;C:\Program Files (x86)\WiX Toolset v3.14\bin;C:\Program Files\Microsoft SQL Server\130\DTS\Binn\;C:\Program Files\Microsoft SQL Server\140\DTS\Binn\;C:\Program Files\Microsoft SQL Server\150\DTS\Binn\;C:\Program Files\Microsoft SQL Server\160\DTS\Binn\;C:\Strawberry\c\bin;C:\Strawberry\perl\site\bin;C:\Strawberry\perl\bin;C:\ProgramData\chocolatey\lib\pulumi\tools\Pulumi\bin;C:\Program Files\CMake\bin;C:\ProgramData\chocolatey\lib\maven\apache-maven-3.9.9\bin;C:\Program Files\Microsoft Service Fabric\bin\Fabric\Fabric.Code;C:\Program Files\Microsoft SDKs\Service Fabric\Tools\ServiceFabricLocalClusterManager;C:\Program Files\nodejs\;C:\Program Files\Git\cmd;C:\Program Files\Git\mingw64\bin;C:\Program Files\Git\usr\bin;C:\Program Files\GitHub CLI\;c:\tools\php;C:\Program Files\Amazon\AWSCLIV2\;C:\Program Files\Amazon\SessionManagerPlugin\bin\;C:\Program Files\Amazon\AWSSAMCLI\bin\;C:\Program Files\Microsoft SQL Server\130\Tools\Binn\;C:\Program Files\LLVM\bin;C:\Users\runneradmin\.dotnet\tools;C:\Users\runneradmin\.cargo\bin;C:\Users\runneradmin\AppData\Local\Microsoft\WindowsApps;C:\Program Files (x86)\Microsoft Visual Studio\Installer;C:\Program Files\Microsoft Visual Studio\2022\Enterprise\VC\Tools\Llvm\x64\bin;C:\Program Files\Microsoft Visual Studio\2022\Enterprise\Common7\IDE\CommonExtensions\Microsoft\CMake\CMake\bin;C:\Program Files\Microsoft Visual Studio\2022\Enterprise\Common7\IDE\CommonExtensions\Microsoft\CMake\Ninja;C:\Program Files\Microsoft Visual Studio\2022\Enterprise\Common7\IDE\VC\Linux\bin\ConnectionManagerExe;C:\Program Files\Microsoft Visual Studio\2022\Enterprise\VC\vcpkg
2025-06-25T02:45:19.0423118Z   Platform: x64
2025-06-25T02:45:19.0423297Z   UCRTVersion: 10.0.26100.0
2025-06-25T02:45:19.0423566Z   UniversalCRTSdkDir: C:\Program Files (x86)\Windows Kits\10\
2025-06-25T02:45:19.0424015Z   VCIDEInstallDir: C:\Program Files\Microsoft Visual Studio\2022\Enterprise\Common7\IDE\VC\
2025-06-25T02:45:19.0424502Z   VCINSTALLDIR: C:\Program Files\Microsoft Visual Studio\2022\Enterprise\VC\
2025-06-25T02:45:19.0424940Z   VCPKG_ROOT: C:\Program Files\Microsoft Visual Studio\2022\Enterprise\VC\vcpkg
2025-06-25T02:45:19.0425454Z   VCToolsInstallDir: C:\Program Files\Microsoft Visual Studio\2022\Enterprise\VC\Tools\MSVC\14.43.34808\
2025-06-25T02:45:19.0426055Z   VCToolsRedistDir: C:\Program Files\Microsoft Visual Studio\2022\Enterprise\VC\Redist\MSVC\14.42.34433\
2025-06-25T02:45:19.0426479Z   VCToolsVersion: 14.43.34808
2025-06-25T02:45:19.0426676Z   VisualStudioVersion: 17.0
2025-06-25T02:45:19.0427009Z   VS170COMNTOOLS: C:\Program Files\Microsoft Visual Studio\2022\Enterprise\Common7\Tools\
2025-06-25T02:45:19.0427372Z   VSCMD_ARG_app_plat: Desktop
2025-06-25T02:45:19.0427570Z   VSCMD_ARG_HOST_ARCH: x64
2025-06-25T02:45:19.0427753Z   VSCMD_ARG_TGT_ARCH: x64
2025-06-25T02:45:19.0427928Z   VSCMD_VER: 17.13.2
2025-06-25T02:45:19.0428199Z   VSINSTALLDIR: C:\Program Files\Microsoft Visual Studio\2022\Enterprise\
2025-06-25T02:45:19.0428629Z   VSSDK150INSTALL: C:\Program Files\Microsoft Visual Studio\2022\Enterprise\VSSDK
2025-06-25T02:45:19.0429144Z   VSSDKINSTALL: C:\Program Files\Microsoft Visual Studio\2022\Enterprise\VSSDK
2025-06-25T02:45:19.0429755Z   WindowsLibPath: C:\Program Files (x86)\Windows Kits\10\UnionMetadata\10.0.26100.0;C:\Program Files (x86)\Windows Kits\10\References\10.0.26100.0
2025-06-25T02:45:19.0430336Z   WindowsSdkBinPath: C:\Program Files (x86)\Windows Kits\10\bin\
2025-06-25T02:45:19.0430684Z   WindowsSdkDir: C:\Program Files (x86)\Windows Kits\10\
2025-06-25T02:45:19.0430968Z   WindowsSDKLibVersion: 10.0.26100.0\
2025-06-25T02:45:19.0431311Z   WindowsSdkVerBinPath: C:\Program Files (x86)\Windows Kits\10\bin\10.0.26100.0\
2025-06-25T02:45:19.0431664Z   WindowsSDKVersion: 10.0.26100.0\
2025-06-25T02:45:19.0432133Z   WindowsSDK_ExecutablePath_x64: C:\Program Files (x86)\Microsoft SDKs\Windows\v10.0A\bin\NETFX 4.8 Tools\x64\
2025-06-25T02:45:19.0432773Z   WindowsSDK_ExecutablePath_x86: C:\Program Files (x86)\Microsoft SDKs\Windows\v10.0A\bin\NETFX 4.8 Tools\
2025-06-25T02:45:19.0433183Z   __DOTNET_ADD_64BIT: 1
2025-06-25T02:45:19.0433375Z   __DOTNET_PREFERRED_BITNESS: 64
2025-06-25T02:45:19.0441334Z   __VSCMD_PREINIT_PATH: C:\Users\runneradmin\AppData\Roaming\Python\Python311\Scripts;C:\hostedtoolcache\windows\Python\3.11.9\x64\Scripts;C:\hostedtoolcache\windows\Python\3.11.9\x64;C:\Program Files\MongoDB\Server\5.0\bin;C:\aliyun-cli;C:\vcpkg;C:\Program Files (x86)\NSIS\;C:\tools\zstd;C:\Program Files\Mercurial\;C:\hostedtoolcache\windows\stack\3.5.1\x64;C:\cabal\bin;C:\\ghcup\bin;C:\mingw64\bin;C:\Program Files\dotnet;C:\Program Files\MySQL\MySQL Server 8.0\bin;C:\Program Files\R\R-4.4.2\bin\x64;C:\SeleniumWebDrivers\GeckoDriver;C:\SeleniumWebDrivers\EdgeDriver\;C:\SeleniumWebDrivers\ChromeDriver;C:\Program Files (x86)\sbt\bin;C:\Program Files (x86)\GitHub CLI;C:\Program Files\Git\bin;C:\Program Files (x86)\pipx_bin;C:\npm\prefix;C:\hostedtoolcache\windows\go\1.24.3\x64\bin;C:\hostedtoolcache\windows\Python\3.9.13\x64\Scripts;C:\hostedtoolcache\windows\Python\3.9.13\x64;C:\hostedtoolcache\windows\Ruby\3.3.8\x64\bin;C:\Program Files\OpenSSL\bin;C:\tools\kotlinc\bin;C:\hostedtoolcache\windows\Java_Temurin-Hotspot_jdk\8.0.452-9\x64\bin;C:\Program Files\ImageMagick-7.1.1-Q16-HDRI;C:\Program Files\Microsoft SDKs\Azure\CLI2\wbin;C:\ProgramData\kind;C:\ProgramData\Chocolatey\bin;C:\Windows\system32;C:\Windows;C:\Windows\System32\Wbem;C:\Windows\System32\WindowsPowerShell\v1.0\;C:\Windows\System32\OpenSSH\;C:\Program Files\dotnet\;C:\Program Files\PowerShell\7\;C:\Program Files\Microsoft\Web Platform Installer\;C:\Program Files\TortoiseSVN\bin;C:\Program Files\Microsoft SQL Server\Client SDK\ODBC\170\Tools\Binn\;C:\Program Files\Microsoft SQL Server\150\Tools\Binn\;C:\Program Files (x86)\Windows Kits\10\Windows Performance Toolkit\;C:\Program Files (x86)\WiX Toolset v3.14\bin;C:\Program Files\Microsoft SQL Server\130\DTS\Binn\;C:\Program Files\Microsoft SQL Server\140\DTS\Binn\;C:\Program Files\Microsoft SQL Server\150\DTS\Binn\;C:\Program Files\Microsoft SQL Server\160\DTS\Binn\;C:\Strawberry\c\bin;C:\Strawberry\perl\site\bin;C:\Strawberry\perl\bin;C:\ProgramData\chocolatey\lib\pulumi\tools\Pulumi\bin;C:\Program Files\CMake\bin;C:\ProgramData\chocolatey\lib\maven\apache-maven-3.9.9\bin;C:\Program Files\Microsoft Service Fabric\bin\Fabric\Fabric.Code;C:\Program Files\Microsoft SDKs\Service Fabric\Tools\ServiceFabricLocalClusterManager;C:\Program Files\nodejs\;C:\Program Files\Git\cmd;C:\Program Files\Git\mingw64\bin;C:\Program Files\Git\usr\bin;C:\Program Files\GitHub CLI\;c:\tools\php;C:\Program Files (x86)\sbt\bin;C:\Program Files\Amazon\AWSCLIV2\;C:\Program Files\Amazon\SessionManagerPlugin\bin\;C:\Program Files\Amazon\AWSSAMCLI\bin\;C:\Program Files\Microsoft SQL Server\130\Tools\Binn\;C:\Program Files\LLVM\bin;C:\Users\runneradmin\.dotnet\tools;C:\Users\runneradmin\.cargo\bin;C:\Users\runneradmin\AppData\Local\Microsoft\WindowsApps;C:\Program Files (x86)\Microsoft Visual Studio\Installer
2025-06-25T02:45:19.0449420Z ##[endgroup]
2025-06-25T02:45:19.2769646Z ##[group]Prepare output directories
2025-06-25T02:45:19.2771786Z The vpckg root directory: 'D:\a\synthizer3d\synthizer3d\vcpkg'
2025-06-25T02:45:19.2809175Z ##[endgroup]
2025-06-25T02:45:19.2809749Z ⏱ elapsed: 0.004 seconds
2025-06-25T02:45:19.4291679Z Running command '"C:\Program Files\Git\bin\git.exe"' with args '^"submodule^",^"status^",^"D:\a\synthizer3d\synthizer3d\vcpkg^"' in current directory 'D:\a\synthizer3d\synthizer3d'.
2025-06-25T02:45:19.8733501Z error: pathspec 'D:\a\synthizer3d\synthizer3d\vcpkg' did not match any file(s) known to git
2025-06-25T02:45:19.8820066Z ##[group]Searching for vcpkg.json with glob expression 'vcpkg.json'
2025-06-25T02:45:19.8896413Z Found vcpkg.json at 'vcpkg.json'.
2025-06-25T02:45:19.8898801Z ##[endgroup]
2025-06-25T02:45:19.8899504Z ⏱ elapsed: 0.008 seconds
2025-06-25T02:45:19.8900335Z ##[group]The vcpkgCommitId is not provided, searching for a vcpkg-configuration.json using **/vcpkg-configuration.json
2025-06-25T02:45:19.8903472Z Searching for 'vcpkg-configuration.json' using: '**/vcpkg-configuration.json'
2025-06-25T02:45:19.9346142Z The file 'vcpkg-configuration.json' was not found with glob expression '**/vcpkg-configuration.json'.
2025-06-25T02:45:19.9347016Z A vcpkg-configuration.json is not found.
2025-06-25T02:45:19.9380583Z ##[endgroup]
2025-06-25T02:45:19.9381120Z ⏱ elapsed: 0.048 seconds
2025-06-25T02:45:19.9382158Z Found baseline '8f63c9ed5897d7367a92a442a79f91721e0fd38f', this is the Git commit id going to be used to fetch vcpkg from the repository
2025-06-25T02:45:19.9405578Z ##[group]Setup to run on GitHub Action runners
2025-06-25T02:45:19.9406342Z Set the workflow environment variable 'VCPKG_BINARY_SOURCES' to value 'clear;x-gha,readwrite'
2025-06-25T02:45:19.9408035Z Set the workflow environment variable 'ACTIONS_CACHE_URL' to value 'https://acghubeus2.actions.githubusercontent.com/bwbzopuV3oKlbowlUKWdOnf6KF0vjv7EYqCB3ZHqukKhTVgy74/'
2025-06-25T02:45:19.9452082Z Set the workflow environment variable 'ACTIONS_RUNTIME_TOKEN' to value '***'
2025-06-25T02:45:19.9452774Z ##[endgroup]
2025-06-25T02:45:19.9453138Z ⏱ elapsed: 0.002 seconds
2025-06-25T02:45:19.9453585Z ##[group]Retrieving the vcpkg Git commit id at: 'D:\a\synthizer3d\synthizer3d\vcpkg'
2025-06-25T02:45:20.0600402Z Fetching the Git commit id at 'D:\a\synthizer3d\synthizer3d\vcpkg' ...
2025-06-25T02:45:20.0605092Z Running command '"C:\Program Files\Git\bin\git.exe"' with args '^"rev-parse^",^"HEAD^"' in current directory 'D:\a\synthizer3d\synthizer3d\vcpkg'.
2025-06-25T02:45:20.0886100Z 3d25b66120cac51d5f2bd30dd92568af5afe4f5b
2025-06-25T02:45:20.0924828Z ##[endgroup]
2025-06-25T02:45:20.0925818Z ⏱ elapsed: 0.151 seconds
2025-06-25T02:45:20.0926576Z ##[group]Check whether vcpkg repository is up to date
2025-06-25T02:45:20.0928172Z Checking whether vcpkg's repository is updated to commit id '3d25b66120cac51d5f2bd30dd92568af5afe4f5b' ...
2025-06-25T02:45:20.0930385Z Current commit id of vcpkg: '3d25b66120cac51d5f2bd30dd92568af5afe4f5b'.
2025-06-25T02:45:20.0930995Z Is vcpkg repository updated? No
2025-06-25T02:45:20.0931721Z ##[endgroup]
2025-06-25T02:45:20.0932152Z ⏱ elapsed: 0.001 seconds
2025-06-25T02:45:20.0932577Z ##[group]Download vcpkg source code repository
2025-06-25T02:45:20.0933868Z Cloning vcpkg in 'D:\a\synthizer3d\synthizer3d\vcpkg'...
2025-06-25T02:45:20.1990569Z Running command '"C:\Program Files\Git\bin\git.exe"' with args '^"clone^",^"https://github.com/microsoft/vcpkg.git^",^"-n^",^".^"' in current directory 'D:\a\synthizer3d\synthizer3d\vcpkg'.
2025-06-25T02:45:20.2341555Z Cloning into '.'...
2025-06-25T02:45:30.1343893Z Running command '"C:\Program Files\Git\bin\git.exe"' with args '^"checkout^",^"--force^",^"8f63c9ed5897d7367a92a442a79f91721e0fd38f^"' in current directory 'D:\a\synthizer3d\synthizer3d\vcpkg'.
2025-06-25T02:45:31.9823611Z Note: switching to '8f63c9ed5897d7367a92a442a79f91721e0fd38f'.
2025-06-25T02:45:31.9823957Z 
2025-06-25T02:45:31.9824382Z You are in 'detached HEAD' state. You can look around, make experimental
2025-06-25T02:45:31.9825584Z changes and commit them, and you can discard any commits you make in this
2025-06-25T02:45:31.9826503Z state without impacting any branches by switching back to a branch.
2025-06-25T02:45:31.9826869Z 
2025-06-25T02:45:31.9827278Z If you want to create a new branch to retain commits you create, you may
2025-06-25T02:45:31.9828229Z do so (now or later) by using -c with the switch command. Example:
2025-06-25T02:45:31.9828685Z 
2025-06-25T02:45:31.9828970Z   git switch -c <new-branch-name>
2025-06-25T02:45:31.9829279Z 
2025-06-25T02:45:31.9829469Z Or undo this operation with:
2025-06-25T02:45:31.9829738Z 
2025-06-25T02:45:31.9829899Z   git switch -
2025-06-25T02:45:31.9830091Z 
2025-06-25T02:45:31.9831542Z Turn off this advice by setting config variable advice.detachedHead to false
2025-06-25T02:45:31.9832082Z 
2025-06-25T02:45:31.9832527Z HEAD is now at 8f63c9ed58 [tree-sitter-c] update to 0.24.1 (#45715)
2025-06-25T02:45:31.9886733Z Clone vcpkg in 'D:\a\synthizer3d\synthizer3d\vcpkg'.
2025-06-25T02:45:31.9887546Z ##[endgroup]
2025-06-25T02:45:31.9888040Z ⏱ elapsed: 11.895 seconds
2025-06-25T02:45:31.9888394Z ##[group]Build vcpkg executable
2025-06-25T02:45:32.1057491Z Running command '"C:\Windows\system32\cmd.exe"' with args '^"/c^",^"D:\a\synthizer3d\synthizer3d\vcpkg\bootstrap-vcpkg.bat^"' in current directory 'D:\a\synthizer3d\synthizer3d\vcpkg'.
2025-06-25T02:45:32.6365087Z Downloading https://github.com/microsoft/vcpkg-tool/releases/download/2025-05-19/vcpkg.exe -> D:\a\synthizer3d\synthizer3d\vcpkg\vcpkg.exe... done.
2025-06-25T02:45:32.7395510Z Validating signature... done.
2025-06-25T02:45:32.7495914Z 
2025-06-25T02:45:32.7668842Z vcpkg package management program version 2025-05-19-ece4c0f6b8fae9e94513d544c7aa753dd2c82337
2025-06-25T02:45:32.7669455Z 
2025-06-25T02:45:32.7669654Z See LICENSE.txt for license information.
2025-06-25T02:45:32.7692509Z Telemetry
2025-06-25T02:45:32.7692803Z ---------
2025-06-25T02:45:32.7693496Z vcpkg collects usage data in order to help us improve your experience.
2025-06-25T02:45:32.7694552Z The data collected by Microsoft is anonymous.
2025-06-25T02:45:32.7695490Z You can opt-out of telemetry by re-running the bootstrap-vcpkg script with -disableMetrics,
2025-06-25T02:45:32.7696390Z passing --disable-metrics to vcpkg on the command line,
2025-06-25T02:45:32.7697130Z or by setting the VCPKG_DISABLE_METRICS environment variable.
2025-06-25T02:45:32.7697508Z 
2025-06-25T02:45:32.7699511Z Read more about vcpkg telemetry at docs/about/privacy.md
2025-06-25T02:45:32.8927999Z Fetching the Git commit id at 'D:\a\synthizer3d\synthizer3d\vcpkg' ...
2025-06-25T02:45:32.8929674Z Running command '"C:\Program Files\Git\bin\git.exe"' with args '^"rev-parse^",^"HEAD^"' in current directory 'D:\a\synthizer3d\synthizer3d\vcpkg'.
2025-06-25T02:45:32.9207858Z 8f63c9ed5897d7367a92a442a79f91721e0fd38f
2025-06-25T02:45:32.9251020Z Stored last built vcpkg commit id '8f63c9ed5897d7367a92a442a79f91721e0fd38f' in file 'D:\a\synthizer3d\synthizer3d\vcpkg\vcpkgLastBuiltCommitId'.
2025-06-25T02:45:32.9252050Z ##[endgroup]
2025-06-25T02:45:32.9252543Z ⏱ elapsed: 0.936 seconds
2025-06-25T02:45:32.9252990Z ##[group]Add to PATH vcpkg at 'D:\a\synthizer3d\synthizer3d\vcpkg'
2025-06-25T02:45:32.9256572Z ##[endgroup]
2025-06-25T02:45:32.9258194Z ⏱ elapsed: 0.001 seconds
2025-06-25T02:45:32.9259798Z ##[group]Install/Update ports using vcpkg.json
2025-06-25T02:45:32.9263432Z Running 'vcpkg install,--recurse,--clean-after-build,--x-install-root,D:/a/synthizer3d/synthizer3d/969f6665-88a2-4c98-938e-ca9259871fec/vcpkg_installed,--triplet,x64-windows' in directory 'D:\a\synthizer3d\synthizer3d' ...
2025-06-25T02:45:32.9266472Z Running command '"D:\a\synthizer3d\synthizer3d\vcpkg\vcpkg.exe"' with args '^"install^",^"--recurse^",^"--clean-after-build^",^"--x-install-root^",^"D:/a/synthizer3d/synthizer3d/969f6665-88a2-4c98-938e-ca9259871fec/vcpkg_installed^",^"--triplet^",^"x64-windows^"' in current directory 'D:\a\synthizer3d\synthizer3d'.
2025-06-25T02:45:32.9443344Z warning: The vcpkg D:\a\synthizer3d\synthizer3d\vcpkg\vcpkg.exe is using detected vcpkg root D:\a\synthizer3d\synthizer3d\vcpkg and ignoring mismatched VCPKG_ROOT environment value C:\Program Files\Microsoft Visual Studio\2022\Enterprise\VC\vcpkg. To suppress this message, unset the environment variable or use the --vcpkg-root command line switch.
2025-06-25T02:45:34.1683604Z Detecting compiler hash for triplet x64-windows...
2025-06-25T02:45:40.2976166Z Compiler found: C:/Program Files/Microsoft Visual Studio/2022/Enterprise/VC/Tools/MSVC/14.43.34808/bin/Hostx64/x64/cl.exe
2025-06-25T02:45:40.3118277Z The following packages will be built and installed:
2025-06-25T02:45:40.3118889Z   * atl:x64-windows@0
2025-06-25T02:45:40.3119628Z   * atlmfc:x64-windows@0#3
2025-06-25T02:45:40.3120072Z     faad2:x64-windows@2.11.1
2025-06-25T02:45:40.3120487Z     libogg:x64-windows@1.3.5#2
2025-06-25T02:45:40.3120915Z     libvorbis:x64-windows@1.3.7#4
2025-06-25T02:45:40.3121416Z     opus:x64-windows@1.5.2
2025-06-25T02:45:40.3121899Z     opusfile:x64-windows@0.12+20221121#1
2025-06-25T02:45:40.3122395Z     soundtouch:x64-windows@2.3.3
2025-06-25T02:45:40.3122912Z   * vcpkg-cmake:x64-windows@2024-04-23
2025-06-25T02:45:40.3123461Z   * vcpkg-cmake-config:x64-windows@2024-05-23
2025-06-25T02:45:40.3124229Z Additional packages (*) will be modified to complete this operation.
2025-06-25T02:45:40.3135467Z %VCPKG_BINARY_SOURCES%: warning: The 'x-gha' binary caching backend has been removed. Consider using a NuGet-based binary caching provider instead, see extended documentation at https://learn.microsoft.com/vcpkg/users/binarycaching?WT.mc_id=vcpkg_inproduct_cli.
2025-06-25T02:45:40.3136511Z   on expression: clear;x-gha,readwrite
2025-06-25T02:45:40.3136821Z                                       ^
2025-06-25T02:45:40.3137171Z Installing 1/10 vcpkg-cmake:x64-windows@2024-04-23...
2025-06-25T02:45:40.3137542Z Building vcpkg-cmake:x64-windows@2024-04-23...
2025-06-25T02:45:40.3430047Z -- Installing: D:/a/synthizer3d/synthizer3d/vcpkg/packages/vcpkg-cmake_x64-windows/share/vcpkg-cmake/vcpkg_cmake_configure.cmake
2025-06-25T02:45:40.3443916Z -- Installing: D:/a/synthizer3d/synthizer3d/vcpkg/packages/vcpkg-cmake_x64-windows/share/vcpkg-cmake/vcpkg_cmake_build.cmake
2025-06-25T02:45:40.3445410Z -- Installing: D:/a/synthizer3d/synthizer3d/vcpkg/packages/vcpkg-cmake_x64-windows/share/vcpkg-cmake/vcpkg_cmake_install.cmake
2025-06-25T02:45:40.3457449Z -- Installing: D:/a/synthizer3d/synthizer3d/vcpkg/packages/vcpkg-cmake_x64-windows/share/vcpkg-cmake/vcpkg-port-config.cmake
2025-06-25T02:45:40.3459536Z -- Installing: D:/a/synthizer3d/synthizer3d/vcpkg/packages/vcpkg-cmake_x64-windows/share/vcpkg-cmake/copyright
2025-06-25T02:45:40.3505486Z -- Performing post-build validation
2025-06-25T02:45:40.3560030Z Elapsed time to handle vcpkg-cmake:x64-windows: 44.1 ms
2025-06-25T02:45:40.3561161Z vcpkg-cmake:x64-windows package ABI: a500b93f9e0b831ca946128005613d551eeb943040c8f073dc3184f7e15c9834
2025-06-25T02:45:40.3566142Z Installing 2/10 faad2:x64-windows@2.11.1...
2025-06-25T02:45:40.3566750Z Building faad2:x64-windows@2.11.1...
2025-06-25T02:45:40.3974667Z Downloading https://github.com/knik0/faad2/archive/2.11.1.tar.gz -> knik0-faad2-2.11.1.tar.gz
2025-06-25T02:45:40.5159728Z Successfully downloaded knik0-faad2-2.11.1.tar.gz
2025-06-25T02:45:40.5213575Z -- Extracting source D:/a/synthizer3d/synthizer3d/vcpkg/downloads/knik0-faad2-2.11.1.tar.gz
2025-06-25T02:45:40.7115847Z -- Applying patch fix-install.patch
2025-06-25T02:45:40.7353004Z -- Using source at D:/a/synthizer3d/synthizer3d/vcpkg/buildtrees/faad2/src/2.11.1-55f3ec09c2.clean
2025-06-25T02:45:40.7464057Z -- Found external ninja('1.12.1').
2025-06-25T02:45:40.7497664Z -- Configuring x64-windows
2025-06-25T02:45:43.3710765Z -- Building x64-windows-dbg
2025-06-25T02:45:48.0423416Z -- Building x64-windows-rel
2025-06-25T02:45:56.7939879Z -- Fixing pkgconfig file: D:/a/synthizer3d/synthizer3d/vcpkg/packages/faad2_x64-windows/lib/pkgconfig/faad2.pc
2025-06-25T02:45:56.8130493Z Downloading msys2-mingw-w64-x86_64-pkgconf-1~2.3.0-1-any.pkg.tar.zst, trying https://mirror.msys2.org/mingw/mingw64/mingw-w64-x86_64-pkgconf-1~2.3.0-1-any.pkg.tar.zst
2025-06-25T02:45:57.6776216Z Successfully downloaded msys2-mingw-w64-x86_64-pkgconf-1~2.3.0-1-any.pkg.tar.zst
2025-06-25T02:45:57.6899393Z Downloading msys2-msys2-runtime-3.5.4-2-x86_64.pkg.tar.zst, trying https://mirror.msys2.org/msys/x86_64/msys2-runtime-3.5.4-2-x86_64.pkg.tar.zst
2025-06-25T02:45:58.3494336Z Successfully downloaded msys2-msys2-runtime-3.5.4-2-x86_64.pkg.tar.zst
2025-06-25T02:45:58.4055467Z -- Using msys root at D:/a/synthizer3d/synthizer3d/vcpkg/downloads/tools/msys2/21caed2f81ec917b
2025-06-25T02:45:58.4146035Z -- Fixing pkgconfig file: D:/a/synthizer3d/synthizer3d/vcpkg/packages/faad2_x64-windows/debug/lib/pkgconfig/faad2.pc
2025-06-25T02:46:00.2050978Z -- Installing: D:/a/synthizer3d/synthizer3d/vcpkg/packages/faad2_x64-windows/share/faad2/copyright
2025-06-25T02:46:00.2110195Z -- Performing post-build validation
2025-06-25T02:46:00.2474851Z Elapsed time to handle faad2:x64-windows: 20 s
2025-06-25T02:46:00.2475864Z faad2:x64-windows package ABI: d0e0b3f1120c22375e89be124e74dd66dc96b0e8414e88407cf8a3d23c35740f
2025-06-25T02:46:00.2476709Z Installing 3/10 vcpkg-cmake-config:x64-windows@2024-05-23...
2025-06-25T02:46:00.2477324Z Building vcpkg-cmake-config:x64-windows@2024-05-23...
2025-06-25T02:46:00.2775135Z -- Installing: D:/a/synthizer3d/synthizer3d/vcpkg/packages/vcpkg-cmake-config_x64-windows/share/vcpkg-cmake-config/vcpkg_cmake_config_fixup.cmake
2025-06-25T02:46:00.2781089Z -- Installing: D:/a/synthizer3d/synthizer3d/vcpkg/packages/vcpkg-cmake-config_x64-windows/share/vcpkg-cmake-config/vcpkg-port-config.cmake
2025-06-25T02:46:00.2789867Z -- Installing: D:/a/synthizer3d/synthizer3d/vcpkg/packages/vcpkg-cmake-config_x64-windows/share/vcpkg-cmake-config/copyright
2025-06-25T02:46:00.2829721Z -- Skipping post-build validation due to VCPKG_POLICY_EMPTY_PACKAGE
2025-06-25T02:46:00.2858867Z Elapsed time to handle vcpkg-cmake-config:x64-windows: 38.4 ms
2025-06-25T02:46:00.2860484Z vcpkg-cmake-config:x64-windows package ABI: 842797583f0500a3cabbedf03fb083636fe11e4fd3fd19d9a475485e484445fb
2025-06-25T02:46:00.2864896Z Installing 4/10 libogg:x64-windows@1.3.5#2...
2025-06-25T02:46:00.2865454Z Building libogg:x64-windows@1.3.5#2...
2025-06-25T02:46:00.3259457Z Downloading https://gitlab.xiph.org/xiph/ogg/-/archive/v1.3.5/ogg-v1.3.5.tar.gz -> xiph-ogg-v1.3.5.tar.gz
2025-06-25T02:46:01.3476301Z Successfully downloaded xiph-ogg-v1.3.5.tar.gz
2025-06-25T02:46:01.3516240Z -- Extracting source D:/a/synthizer3d/synthizer3d/vcpkg/downloads/xiph-ogg-v1.3.5.tar.gz
2025-06-25T02:46:01.5014354Z -- Using source at D:/a/synthizer3d/synthizer3d/vcpkg/buildtrees/libogg/src/v1.3.5-1a4243fef9.clean
2025-06-25T02:46:01.5128981Z -- Found external ninja('1.12.1').
2025-06-25T02:46:01.5167547Z -- Configuring x64-windows
2025-06-25T02:46:07.3482896Z -- Building x64-windows-dbg
2025-06-25T02:46:07.6336680Z -- Building x64-windows-rel
2025-06-25T02:46:07.9444487Z -- Fixing pkgconfig file: D:/a/synthizer3d/synthizer3d/vcpkg/packages/libogg_x64-windows/lib/pkgconfig/ogg.pc
2025-06-25T02:46:07.9635006Z Downloading msys2-mingw-w64-x86_64-pkgconf-1~2.3.0-1-any.pkg.tar.zst, trying https://mirror.msys2.org/mingw/mingw64/mingw-w64-x86_64-pkgconf-1~2.3.0-1-any.pkg.tar.zst
2025-06-25T02:46:08.6622218Z Successfully downloaded msys2-mingw-w64-x86_64-pkgconf-1~2.3.0-1-any.pkg.tar.zst
2025-06-25T02:46:08.6754263Z Downloading msys2-msys2-runtime-3.5.4-2-x86_64.pkg.tar.zst, trying https://mirror.msys2.org/msys/x86_64/msys2-runtime-3.5.4-2-x86_64.pkg.tar.zst
2025-06-25T02:46:09.3627459Z Successfully downloaded msys2-msys2-runtime-3.5.4-2-x86_64.pkg.tar.zst
2025-06-25T02:46:09.3656248Z -- Using msys root at D:/a/synthizer3d/synthizer3d/vcpkg/downloads/tools/msys2/21caed2f81ec917b
2025-06-25T02:46:09.3726144Z -- Fixing pkgconfig file: D:/a/synthizer3d/synthizer3d/vcpkg/packages/libogg_x64-windows/debug/lib/pkgconfig/ogg.pc
2025-06-25T02:46:09.3792162Z -- Installing: D:/a/synthizer3d/synthizer3d/vcpkg/packages/libogg_x64-windows/share/libogg/copyright
2025-06-25T02:46:09.3845121Z -- Performing post-build validation
2025-06-25T02:46:09.4049058Z Elapsed time to handle libogg:x64-windows: 9.1 s
2025-06-25T02:46:09.4050138Z libogg:x64-windows package ABI: a0557943a3eb3893da4fede0807e4138b3f8e9736e60b3498faf762055851b8f
2025-06-25T02:46:09.4054088Z Installing 5/10 libvorbis:x64-windows@1.3.7#4...
2025-06-25T02:46:09.4054533Z Building libvorbis:x64-windows@1.3.7#4...
2025-06-25T02:46:09.4436186Z Downloading https://github.com/xiph/vorbis/archive/v1.3.7.tar.gz -> xiph-vorbis-v1.3.7.tar.gz
2025-06-25T02:46:09.5986381Z Successfully downloaded xiph-vorbis-v1.3.7.tar.gz
2025-06-25T02:46:09.6058505Z -- Extracting source D:/a/synthizer3d/synthizer3d/vcpkg/downloads/xiph-vorbis-v1.3.7.tar.gz
2025-06-25T02:46:09.7828984Z -- Applying patch 0001-Dont-export-vorbisenc-functions.patch
2025-06-25T02:46:09.8036621Z -- Applying patch 0002-Fixup-pkgconfig-libs.patch
2025-06-25T02:46:09.8233425Z -- Applying patch 0003-def-mingw-compat.patch
2025-06-25T02:46:09.8435577Z -- Applying patch 0004-ogg-find-dependency.patch
2025-06-25T02:46:09.8642532Z -- Using source at D:/a/synthizer3d/synthizer3d/vcpkg/buildtrees/libvorbis/src/v1.3.7-c32164610e.clean
2025-06-25T02:46:09.8752002Z -- Found external ninja('1.12.1').
2025-06-25T02:46:09.8784887Z -- Configuring x64-windows
2025-06-25T02:46:11.3702971Z -- Building x64-windows-dbg
2025-06-25T02:46:12.5294608Z -- Building x64-windows-rel
2025-06-25T02:46:14.9402202Z -- Fixing pkgconfig file: D:/a/synthizer3d/synthizer3d/vcpkg/packages/libvorbis_x64-windows/lib/pkgconfig/vorbis.pc
2025-06-25T02:46:14.9414298Z -- Fixing pkgconfig file: D:/a/synthizer3d/synthizer3d/vcpkg/packages/libvorbis_x64-windows/lib/pkgconfig/vorbisenc.pc
2025-06-25T02:46:14.9415315Z -- Fixing pkgconfig file: D:/a/synthizer3d/synthizer3d/vcpkg/packages/libvorbis_x64-windows/lib/pkgconfig/vorbisfile.pc
2025-06-25T02:46:14.9609405Z Downloading msys2-mingw-w64-x86_64-pkgconf-1~2.3.0-1-any.pkg.tar.zst, trying https://mirror.msys2.org/mingw/mingw64/mingw-w64-x86_64-pkgconf-1~2.3.0-1-any.pkg.tar.zst
2025-06-25T02:46:15.4881755Z Successfully downloaded msys2-mingw-w64-x86_64-pkgconf-1~2.3.0-1-any.pkg.tar.zst
2025-06-25T02:46:15.5001788Z Downloading msys2-msys2-runtime-3.5.4-2-x86_64.pkg.tar.zst, trying https://mirror.msys2.org/msys/x86_64/msys2-runtime-3.5.4-2-x86_64.pkg.tar.zst
2025-06-25T02:46:16.1793533Z Successfully downloaded msys2-msys2-runtime-3.5.4-2-x86_64.pkg.tar.zst
2025-06-25T02:46:16.1819486Z -- Using msys root at D:/a/synthizer3d/synthizer3d/vcpkg/downloads/tools/msys2/21caed2f81ec917b
2025-06-25T02:46:16.2004838Z -- Fixing pkgconfig file: D:/a/synthizer3d/synthizer3d/vcpkg/packages/libvorbis_x64-windows/debug/lib/pkgconfig/vorbis.pc
2025-06-25T02:46:16.2013791Z -- Fixing pkgconfig file: D:/a/synthizer3d/synthizer3d/vcpkg/packages/libvorbis_x64-windows/debug/lib/pkgconfig/vorbisenc.pc
2025-06-25T02:46:16.2022511Z -- Fixing pkgconfig file: D:/a/synthizer3d/synthizer3d/vcpkg/packages/libvorbis_x64-windows/debug/lib/pkgconfig/vorbisfile.pc
2025-06-25T02:46:16.3243826Z -- Installing: D:/a/synthizer3d/synthizer3d/vcpkg/packages/libvorbis_x64-windows/share/libvorbis/usage
2025-06-25T02:46:16.3249511Z -- Installing: D:/a/synthizer3d/synthizer3d/vcpkg/packages/libvorbis_x64-windows/share/libvorbis/copyright
2025-06-25T02:46:16.3300809Z -- Performing post-build validation
2025-06-25T02:46:16.3703131Z Elapsed time to handle libvorbis:x64-windows: 7 s
2025-06-25T02:46:16.3704280Z libvorbis:x64-windows package ABI: d90efec2c9090f56a4508a9a4435f94eb42aca93d2a98ecfbdc3a996d623c61c
2025-06-25T02:46:16.3705200Z Installing 6/10 opus:x64-windows@1.5.2...
2025-06-25T02:46:16.3705778Z Building opus:x64-windows@1.5.2...
2025-06-25T02:46:16.4110654Z Downloading https://github.com/xiph/opus/archive/v1.5.2.tar.gz -> xiph-opus-v1.5.2.tar.gz
2025-06-25T02:46:16.6308712Z Successfully downloaded xiph-opus-v1.5.2.tar.gz
2025-06-25T02:46:16.6479162Z -- Extracting source D:/a/synthizer3d/synthizer3d/vcpkg/downloads/xiph-opus-v1.5.2.tar.gz
2025-06-25T02:46:16.8986190Z -- Applying patch fix-pkgconfig-version.patch
2025-06-25T02:46:16.9212198Z -- Using source at D:/a/synthizer3d/synthizer3d/vcpkg/buildtrees/opus/src/v1.5.2-81ed242155.clean
2025-06-25T02:46:16.9339477Z -- Found external ninja('1.12.1').
2025-06-25T02:46:16.9373981Z -- Configuring x64-windows
2025-06-25T02:46:21.6103455Z -- Building x64-windows-dbg
2025-06-25T02:46:26.8528211Z -- Building x64-windows-rel
2025-06-25T02:46:35.0133982Z -- Fixing pkgconfig file: D:/a/synthizer3d/synthizer3d/vcpkg/packages/opus_x64-windows/lib/pkgconfig/opus.pc
2025-06-25T02:46:35.0335249Z Downloading msys2-mingw-w64-x86_64-pkgconf-1~2.3.0-1-any.pkg.tar.zst, trying https://mirror.msys2.org/mingw/mingw64/mingw-w64-x86_64-pkgconf-1~2.3.0-1-any.pkg.tar.zst
2025-06-25T02:46:35.5571949Z Successfully downloaded msys2-mingw-w64-x86_64-pkgconf-1~2.3.0-1-any.pkg.tar.zst
2025-06-25T02:46:35.5693336Z Downloading msys2-msys2-runtime-3.5.4-2-x86_64.pkg.tar.zst, trying https://mirror.msys2.org/msys/x86_64/msys2-runtime-3.5.4-2-x86_64.pkg.tar.zst
2025-06-25T02:46:36.2512946Z Successfully downloaded msys2-msys2-runtime-3.5.4-2-x86_64.pkg.tar.zst
2025-06-25T02:46:36.2542848Z -- Using msys root at D:/a/synthizer3d/synthizer3d/vcpkg/downloads/tools/msys2/21caed2f81ec917b
2025-06-25T02:46:36.2612061Z -- Fixing pkgconfig file: D:/a/synthizer3d/synthizer3d/vcpkg/packages/opus_x64-windows/debug/lib/pkgconfig/opus.pc
2025-06-25T02:46:36.2683801Z -- Installing: D:/a/synthizer3d/synthizer3d/vcpkg/packages/opus_x64-windows/share/opus/copyright
2025-06-25T02:46:36.2741771Z -- Performing post-build validation
2025-06-25T02:46:36.3378351Z Elapsed time to handle opus:x64-windows: 20 s
2025-06-25T02:46:36.3379466Z opus:x64-windows package ABI: 85472ea35b34b5b2cb87ab8fa93a3b878862ba2c74d619b262819f1046f3d06f
2025-06-25T02:46:36.3380445Z Installing 7/10 opusfile:x64-windows@0.12+20221121#1...
2025-06-25T02:46:36.3381124Z Building opusfile:x64-windows@0.12+20221121#1...
2025-06-25T02:46:36.3694591Z -- Note: opusfile only supports static library linkage. Building static library.
2025-06-25T02:46:36.3794422Z Downloading https://github.com/xiph/opusfile/archive/9d718345ce03b2fad5d7d28e0bcd1cc69ab2b166.tar.gz -> xiph-opusfile-9d718345ce03b2fad5d7d28e0bcd1cc69ab2b166.tar.gz
2025-06-25T02:46:36.5370987Z Successfully downloaded xiph-opusfile-9d718345ce03b2fad5d7d28e0bcd1cc69ab2b166.tar.gz
2025-06-25T02:46:36.5407176Z -- Extracting source D:/a/synthizer3d/synthizer3d/vcpkg/downloads/xiph-opusfile-9d718345ce03b2fad5d7d28e0bcd1cc69ab2b166.tar.gz
2025-06-25T02:46:36.6799337Z -- Using source at D:/a/synthizer3d/synthizer3d/vcpkg/buildtrees/opusfile/src/c69ab2b166-6cc7de23ec.clean
2025-06-25T02:46:36.6922637Z -- Found external ninja('1.12.1').
2025-06-25T02:46:36.6962265Z -- Configuring x64-windows
2025-06-25T02:46:37.9232860Z -- Building x64-windows-dbg
2025-06-25T02:46:38.1848191Z -- Building x64-windows-rel
2025-06-25T02:46:38.6811161Z -- Fixing pkgconfig file: D:/a/synthizer3d/synthizer3d/vcpkg/packages/opusfile_x64-windows/lib/pkgconfig/opusfile.pc
2025-06-25T02:46:38.7014850Z Downloading msys2-mingw-w64-x86_64-pkgconf-1~2.3.0-1-any.pkg.tar.zst, trying https://mirror.msys2.org/mingw/mingw64/mingw-w64-x86_64-pkgconf-1~2.3.0-1-any.pkg.tar.zst
2025-06-25T02:46:39.2446060Z Successfully downloaded msys2-mingw-w64-x86_64-pkgconf-1~2.3.0-1-any.pkg.tar.zst
2025-06-25T02:46:39.2570920Z Downloading msys2-msys2-runtime-3.5.4-2-x86_64.pkg.tar.zst, trying https://mirror.msys2.org/msys/x86_64/msys2-runtime-3.5.4-2-x86_64.pkg.tar.zst
2025-06-25T02:46:39.9502847Z Successfully downloaded msys2-msys2-runtime-3.5.4-2-x86_64.pkg.tar.zst
2025-06-25T02:46:39.9530376Z -- Using msys root at D:/a/synthizer3d/synthizer3d/vcpkg/downloads/tools/msys2/21caed2f81ec917b
2025-06-25T02:46:39.9606623Z -- Fixing pkgconfig file: D:/a/synthizer3d/synthizer3d/vcpkg/packages/opusfile_x64-windows/debug/lib/pkgconfig/opusfile.pc
2025-06-25T02:46:39.9703762Z -- Installing: D:/a/synthizer3d/synthizer3d/vcpkg/packages/opusfile_x64-windows/share/opusfile/copyright
2025-06-25T02:46:39.9710486Z -- Installing: D:/a/synthizer3d/synthizer3d/vcpkg/packages/opusfile_x64-windows/share/opusfile/usage
2025-06-25T02:46:39.9767494Z -- Performing post-build validation
2025-06-25T02:46:39.9917814Z Elapsed time to handle opusfile:x64-windows: 3.7 s
2025-06-25T02:46:39.9918884Z opusfile:x64-windows package ABI: 393a65d651c7a2ecd7aa3929806afcb2252d03470cf3ab96d0a5a178ff8ac0ea
2025-06-25T02:46:39.9919778Z Installing 8/10 atl:x64-windows@0...
2025-06-25T02:46:39.9920188Z Building atl:x64-windows@0...
2025-06-25T02:46:40.0274286Z -- Skipping post-build validation due to VCPKG_POLICY_EMPTY_PACKAGE
2025-06-25T02:46:40.0301637Z Elapsed time to handle atl:x64-windows: 38.4 ms
2025-06-25T02:46:40.0302668Z atl:x64-windows package ABI: 00c2ec0d92501baf73b36832a4cf6267281ce78714eab01bcc631fe906883872
2025-06-25T02:46:40.0306110Z Installing 9/10 atlmfc:x64-windows@0#3...
2025-06-25T02:46:40.0306661Z Building atlmfc:x64-windows@0#3...
2025-06-25T02:46:40.0696415Z -- Skipping post-build validation due to VCPKG_POLICY_EMPTY_PACKAGE
2025-06-25T02:46:40.0724880Z Elapsed time to handle atlmfc:x64-windows: 42.3 ms
2025-06-25T02:46:40.0726239Z atlmfc:x64-windows package ABI: eb110e8ab4abe86fa37c7f0085ad4fc46ce18802f978ea90d75ed1f56bb72837
2025-06-25T02:46:40.0730074Z Installing 10/10 soundtouch:x64-windows@2.3.3...
2025-06-25T02:46:40.0730687Z Building soundtouch:x64-windows@2.3.3...
2025-06-25T02:46:40.1130336Z Downloading https://codeberg.org/soundtouch/soundtouch/archive/2.3.3.tar.gz -> soundtouch-soundtouch-2.3.3.tar.gz
2025-06-25T02:46:41.0771035Z Successfully downloaded soundtouch-soundtouch-2.3.3.tar.gz
2025-06-25T02:46:41.0821578Z -- Extracting source D:/a/synthizer3d/synthizer3d/vcpkg/downloads/soundtouch-soundtouch-2.3.3.tar.gz
2025-06-25T02:46:41.2282697Z -- Using source at D:/a/synthizer3d/synthizer3d/vcpkg/buildtrees/soundtouch/src/2.3.3-309213044d.clean
2025-06-25T02:46:41.2398735Z -- Found external ninja('1.12.1').
2025-06-25T02:46:41.2437361Z -- Configuring x64-windows
2025-06-25T02:46:42.6665555Z -- Building x64-windows-dbg
2025-06-25T02:46:44.8686340Z -- Building x64-windows-rel
2025-06-25T02:46:47.0201581Z -- Fixing pkgconfig file: D:/a/synthizer3d/synthizer3d/vcpkg/packages/soundtouch_x64-windows/lib/pkgconfig/soundtouch.pc
2025-06-25T02:46:47.0400877Z Downloading msys2-mingw-w64-x86_64-pkgconf-1~2.3.0-1-any.pkg.tar.zst, trying https://mirror.msys2.org/mingw/mingw64/mingw-w64-x86_64-pkgconf-1~2.3.0-1-any.pkg.tar.zst
2025-06-25T02:46:47.5686856Z Successfully downloaded msys2-mingw-w64-x86_64-pkgconf-1~2.3.0-1-any.pkg.tar.zst
2025-06-25T02:46:47.5808827Z Downloading msys2-msys2-runtime-3.5.4-2-x86_64.pkg.tar.zst, trying https://mirror.msys2.org/msys/x86_64/msys2-runtime-3.5.4-2-x86_64.pkg.tar.zst
2025-06-25T02:46:48.2614768Z Successfully downloaded msys2-msys2-runtime-3.5.4-2-x86_64.pkg.tar.zst
2025-06-25T02:46:48.2643477Z -- Using msys root at D:/a/synthizer3d/synthizer3d/vcpkg/downloads/tools/msys2/21caed2f81ec917b
2025-06-25T02:46:48.2712502Z -- Fixing pkgconfig file: D:/a/synthizer3d/synthizer3d/vcpkg/packages/soundtouch_x64-windows/debug/lib/pkgconfig/soundtouch.pc
2025-06-25T02:46:48.3170102Z -- Installing: D:/a/synthizer3d/synthizer3d/vcpkg/packages/soundtouch_x64-windows/share/soundtouch/copyright
2025-06-25T02:46:48.3232548Z -- Performing post-build validation
2025-06-25T02:46:48.3463505Z Elapsed time to handle soundtouch:x64-windows: 8.3 s
2025-06-25T02:46:48.3464703Z soundtouch:x64-windows package ABI: cba299c175d42d095d98a381b7b4aa62179cb526de49043c0d1fb0751d841aaf
2025-06-25T02:46:48.3485769Z faad2 provides pkg-config modules:
2025-06-25T02:46:48.3486064Z 
2025-06-25T02:46:48.3486358Z   # Freeware Advanced Audio (AAC) Decoder
2025-06-25T02:46:48.3486715Z   faad2
2025-06-25T02:46:48.3486823Z 
2025-06-25T02:46:48.3495518Z libogg provides CMake targets:
2025-06-25T02:46:48.3495773Z 
2025-06-25T02:46:48.3496148Z   # this is heuristically generated, and may not be correct
2025-06-25T02:46:48.3497327Z   find_package(Ogg CONFIG REQUIRED)
2025-06-25T02:46:48.3498090Z   target_link_libraries(main PRIVATE Ogg::ogg)
2025-06-25T02:46:48.3499413Z 
2025-06-25T02:46:48.3499669Z libogg provides pkg-config modules:
2025-06-25T02:46:48.3499963Z 
2025-06-25T02:46:48.3500318Z   # ogg is a library for manipulating ogg bitstreams
2025-06-25T02:46:48.3500780Z   ogg
2025-06-25T02:46:48.3500945Z 
2025-06-25T02:46:48.3501261Z The package libvorbis provides CMake targets:
2025-06-25T02:46:48.3501611Z 
2025-06-25T02:46:48.3501980Z     # Vorbis reference encoder and decoder, low-level API
2025-06-25T02:46:48.3502611Z     find_package(Vorbis CONFIG REQUIRED)
2025-06-25T02:46:48.3503527Z     target_link_libraries(main PRIVATE Vorbis::vorbis)
2025-06-25T02:46:48.3503931Z 
2025-06-25T02:46:48.3504384Z     # Audio stream decoding and basic manipulation, high-level API
2025-06-25T02:46:48.3505097Z     find_package(Vorbis CONFIG REQUIRED)
2025-06-25T02:46:48.3505789Z     target_link_libraries(main PRIVATE Vorbis::vorbisfile)
2025-06-25T02:46:48.3506177Z 
2025-06-25T02:46:48.3506559Z     # Convenience API for setting up an encoding environment
2025-06-25T02:46:48.3507399Z     find_package(Vorbis CONFIG REQUIRED)
2025-06-25T02:46:48.3508132Z     target_link_libraries(main PRIVATE Vorbis::vorbisenc)
2025-06-25T02:46:48.3508509Z 
2025-06-25T02:46:48.3508797Z opus provides CMake targets:
2025-06-25T02:46:48.3509041Z 
2025-06-25T02:46:48.3509460Z   # this is heuristically generated, and may not be correct
2025-06-25T02:46:48.3510155Z   find_package(Opus CONFIG REQUIRED)
2025-06-25T02:46:48.3511095Z   target_link_libraries(main PRIVATE Opus::opus)
2025-06-25T02:46:48.3511531Z 
2025-06-25T02:46:48.3511810Z opus provides pkg-config modules:
2025-06-25T02:46:48.3512122Z 
2025-06-25T02:46:48.3512387Z   # Opus IETF audio codec ( build)
2025-06-25T02:46:48.3512825Z   opus
2025-06-25T02:46:48.3512997Z 
2025-06-25T02:46:48.3513323Z The package opusfile provides CMake targets:
2025-06-25T02:46:48.3513672Z 
2025-06-25T02:46:48.3513984Z     find_package(OpusFile CONFIG REQUIRED)
2025-06-25T02:46:48.3514668Z     target_link_libraries(main PRIVATE OpusFile::opusfile)
2025-06-25T02:46:48.3515076Z 
2025-06-25T02:46:48.3515300Z     # To use the opusurl API
2025-06-25T02:46:48.3515952Z     target_link_libraries(main PRIVATE OpusFile::opusurl)
2025-06-25T02:46:48.3516326Z 
2025-06-25T02:46:48.3516596Z soundtouch provides CMake targets:
2025-06-25T02:46:48.3516875Z 
2025-06-25T02:46:48.3517230Z   # this is heuristically generated, and may not be correct
2025-06-25T02:46:48.3517998Z   find_package(SoundTouch CONFIG REQUIRED)
2025-06-25T02:46:48.3518816Z   target_link_libraries(main PRIVATE SoundTouch::SoundTouch)
2025-06-25T02:46:48.3519237Z 
2025-06-25T02:46:48.3519560Z soundtouch provides pkg-config modules:
2025-06-25T02:46:48.3519883Z 
2025-06-25T02:46:48.3520826Z   # SoundTouch is an open-source audio processing library for changing the Tempo, Pitch and Playback Rates of audio streams or files
2025-06-25T02:46:48.3536706Z   soundtouch
2025-06-25T02:46:48.3537079Z 
2025-06-25T02:46:48.3537511Z All requested installations completed successfully in: 1.1 min
2025-06-25T02:46:48.3538737Z ##[endgroup]
2025-06-25T02:46:48.3539355Z ⏱ elapsed: 75.427 seconds
2025-06-25T02:46:48.3540620Z ##[group]Set output environment variables
2025-06-25T02:46:48.3541648Z Set the workflow environment variable 'RUNVCPKG_VCPKG_ROOT' to value 'D:\a\synthizer3d\synthizer3d\vcpkg'
2025-06-25T02:46:48.3544642Z Set the workflow environment variable 'VCPKG_ROOT' to value 'D:\a\synthizer3d\synthizer3d\vcpkg'
2025-06-25T02:46:48.3548110Z Set the step output variable 'RUNVCPKG_VCPKG_ROOT_OUT' to value 'D:\a\synthizer3d\synthizer3d\vcpkg''
2025-06-25T02:46:48.3551956Z Set the workflow environment variable 'VCPKG_DEFAULT_TRIPLET' to value 'x64-windows'
2025-06-25T02:46:48.3558883Z Set the step output variable 'RUNVCPKG_VCPKG_DEFAULT_TRIPLET_OUT' to value 'x64-windows''
2025-06-25T02:46:48.3561741Z ##[endgroup]
2025-06-25T02:46:48.3563288Z ⏱ elapsed: 0.002 seconds
2025-06-25T02:46:48.3565750Z run-vcpkg action execution succeeded
2025-06-25T02:46:48.3757090Z ##[group]Run Write-Host "VCPKG_ROOT (tool directory from lukka/run-vcpkg) is $env:VCPKG_ROOT"
2025-06-25T02:46:48.3757861Z [36;1mWrite-Host "VCPKG_ROOT (tool directory from lukka/run-vcpkg) is $env:VCPKG_ROOT"[0m
2025-06-25T02:46:48.3758351Z [36;1mWrite-Host "VCPKG_DEFAULT_TRIPLET is $env:VCPKG_DEFAULT_TRIPLET"[0m
2025-06-25T02:46:48.3758743Z [36;1mWrite-Host "GITHUB_WORKSPACE is $env:GITHUB_WORKSPACE"[0m
2025-06-25T02:46:48.3759335Z [36;1mWrite-Host "Initial EFFECTIVE_VCPKG_INSTALLED_DIR_BASE (from job env, target for manifest install) is $env:EFFECTIVE_VCPKG_INSTALLED_DIR_BASE"[0m
2025-06-25T02:46:48.3759856Z [36;1m[0m
2025-06-25T02:46:48.3760022Z [36;1mif (-not $env:VCPKG_ROOT) {[0m
2025-06-25T02:46:48.3760407Z [36;1m  Write-Error "VCPKG_ROOT not set. This should be set by the lukka/run-vcpkg action."[0m
2025-06-25T02:46:48.3760787Z [36;1m  exit 1[0m
2025-06-25T02:46:48.3760942Z [36;1m}[0m
2025-06-25T02:46:48.3761085Z [36;1m[0m
2025-06-25T02:46:48.3761389Z [36;1m# Esegui vcpkg install. Se vcpkg.json è in $env:GITHUB_WORKSPACE (CWD),[0m
2025-06-25T02:46:48.3761902Z [36;1m# installerà in $env:GITHUB_WORKSPACE/vcpkg_installed/$env:VCPKG_DEFAULT_TRIPLET[0m
2025-06-25T02:46:48.3762443Z [36;1m# che corrisponde a $env:EFFECTIVE_VCPKG_INSTALLED_DIR_BASE/$env:VCPKG_DEFAULT_TRIPLET[0m
2025-06-25T02:46:48.3762968Z [36;1m# La CurrentWorkingDirectory per gli script eseguiti da 'run:' è $GITHUB_WORKSPACE.[0m
2025-06-25T02:46:48.3763454Z [36;1m& "$env:VCPKG_ROOT\vcpkg.exe" install --triplet $env:VCPKG_DEFAULT_TRIPLET[0m
2025-06-25T02:46:48.3763833Z [36;1mWrite-Host "Finished vcpkg install command."[0m
2025-06-25T02:46:48.3764083Z [36;1m[0m
2025-06-25T02:46:48.3764389Z [36;1m# CMAKE_PREFIX_PATH deve puntare a dove vcpkg ha effettivamente installato i pacchetti.[0m
2025-06-25T02:46:48.3764965Z [36;1m# Con la modalità manifest, questo è $env:EFFECTIVE_VCPKG_INSTALLED_DIR_BASE/$env:VCPKG_DEFAULT_TRIPLET.[0m
2025-06-25T02:46:48.3765602Z [36;1m$cmakePrefixPathValue = Join-Path $env:EFFECTIVE_VCPKG_INSTALLED_DIR_BASE $env:VCPKG_DEFAULT_TRIPLET[0m
2025-06-25T02:46:48.3766019Z [36;1m[0m
2025-06-25T02:46:48.3766323Z [36;1mWrite-Host "Verifying existence of target CMAKE_PREFIX_PATH: $cmakePrefixPathValue"[0m
2025-06-25T02:46:48.3766794Z [36;1mif (-not (Test-Path $cmakePrefixPathValue -PathType Container)) {[0m
2025-06-25T02:46:48.3767398Z [36;1m  Write-Warning "ATTENZIONE: La directory $cmakePrefixPathValue (target per CMAKE_PREFIX_PATH) NON esiste dopo vcpkg install."[0m
2025-06-25T02:46:48.3768072Z [36;1m  Write-Warning "Questo indica che vcpkg non ha installato nella posizione manifest attesa."[0m
2025-06-25T02:46:48.3768594Z [36;1m  Write-Warning "Contenuto di $env:EFFECTIVE_VCPKG_INSTALLED_DIR_BASE per debug:"[0m
2025-06-25T02:46:48.3769383Z [36;1m  Get-ChildItem -Path $env:EFFECTIVE_VCPKG_INSTALLED_DIR_BASE -ErrorAction SilentlyContinue -Depth 1 || Write-Warning "$env:EFFECTIVE_VCPKG_INSTALLED_DIR_BASE non esiste o è vuoto."[0m
2025-06-25T02:46:48.3770044Z [36;1m  [0m
2025-06-25T02:46:48.3770324Z [36;1m  # Fallback per debug: controlla la directory di installazione classica di vcpkg[0m
2025-06-25T02:46:48.3770884Z [36;1m  $classicVcpkgInstalledPath = Join-Path (Join-Path $env:VCPKG_ROOT "installed") $env:VCPKG_DEFAULT_TRIPLET[0m
2025-06-25T02:46:48.3771559Z [36;1m  Write-Warning "Controllo del percorso di installazione classico di vcpkg per debug: $classicVcpkgInstalledPath"[0m
2025-06-25T02:46:48.3772115Z [36;1m  if(Test-Path $classicVcpkgInstalledPath -PathType Container){[0m
2025-06-25T02:46:48.3772756Z [36;1m      Write-Warning "Il percorso classico $classicVcpkgInstalledPath ESISTE. Questo è fonte di confusione se era prevista la modalità manifest."[0m
2025-06-25T02:46:48.3773290Z [36;1m  } else {[0m
2025-06-25T02:46:48.3773608Z [36;1m      Write-Warning "Anche il percorso classico $classicVcpkgInstalledPath NON esiste."[0m
2025-06-25T02:46:48.3774127Z [36;1m  }[0m
2025-06-25T02:46:48.3775647Z [36;1m} else {[0m
2025-06-25T02:46:48.3776055Z [36;1m  Write-Host "Confermato: La directory target per CMAKE_PREFIX_PATH esiste: $cmakePrefixPathValue"[0m
2025-06-25T02:46:48.3776466Z [36;1m}[0m
2025-06-25T02:46:48.3776610Z [36;1m[0m
2025-06-25T02:46:48.3776977Z [36;1mecho "CMAKE_PREFIX_PATH=$cmakePrefixPathValue" | Out-File -FilePath $env:GITHUB_ENV -Encoding utf8 -Append[0m
2025-06-25T02:46:48.3777518Z [36;1mWrite-Host "CMAKE_PREFIX_PATH impostato a $cmakePrefixPathValue"[0m
2025-06-25T02:46:48.3778063Z [36;1m# EFFECTIVE_VCPKG_INSTALLED_DIR_BASE è già corretto dall'env del job, non serve aggiornarlo di nuovo in GITHUB_ENV[0m
2025-06-25T02:46:48.3778576Z [36;1m# se la nostra assunzione sulla modalità manifest è corretta.[0m
2025-06-25T02:46:48.3811119Z shell: C:\Program Files\PowerShell\7\pwsh.EXE -command ". '{0}'"
2025-06-25T02:46:48.3811418Z env:
2025-06-25T02:46:48.3811579Z   PYVERSION: 3.11
2025-06-25T02:46:48.3811745Z   CI_ARCH_LOWER: x64
2025-06-25T02:46:48.3811916Z   CI_WINDOWS: 1
2025-06-25T02:46:48.3812067Z   CI_ARCH_ENV: x64
2025-06-25T02:46:48.3812234Z   VCPKG_DEFAULT_TRIPLET: x64-windows
2025-06-25T02:46:48.3812584Z   EFFECTIVE_VCPKG_INSTALLED_DIR_BASE: D:\a\synthizer3d\synthizer3d\vcpkg_installed
2025-06-25T02:46:48.3813020Z   pythonLocation: C:\hostedtoolcache\windows\Python\3.11.9\x64
2025-06-25T02:46:48.3813404Z   PKG_CONFIG_PATH: C:\hostedtoolcache\windows\Python\3.11.9\x64/lib/pkgconfig
2025-06-25T02:46:48.3813799Z   Python_ROOT_DIR: C:\hostedtoolcache\windows\Python\3.11.9\x64
2025-06-25T02:46:48.3814147Z   Python2_ROOT_DIR: C:\hostedtoolcache\windows\Python\3.11.9\x64
2025-06-25T02:46:48.3814493Z   Python3_ROOT_DIR: C:\hostedtoolcache\windows\Python\3.11.9\x64
2025-06-25T02:46:48.3814772Z   CommandPromptType: Native
2025-06-25T02:46:48.3815088Z   DevEnvDir: C:\Program Files\Microsoft Visual Studio\2022\Enterprise\Common7\IDE\
2025-06-25T02:46:48.3815556Z   ExtensionSdkDir: C:\Program Files (x86)\Microsoft SDKs\Windows Kits\10\ExtensionSDKs
2025-06-25T02:46:48.3817574Z   EXTERNAL_INCLUDE: C:\Program Files\Microsoft Visual Studio\2022\Enterprise\VC\Tools\MSVC\14.43.34808\include;C:\Program Files\Microsoft Visual Studio\2022\Enterprise\VC\Tools\MSVC\14.43.34808\ATLMFC\include;C:\Program Files\Microsoft Visual Studio\2022\Enterprise\VC\Auxiliary\VS\include;C:\Program Files (x86)\Windows Kits\10\include\10.0.26100.0\ucrt;C:\Program Files (x86)\Windows Kits\10\\include\10.0.26100.0\\um;C:\Program Files (x86)\Windows Kits\10\\include\10.0.26100.0\\shared;C:\Program Files (x86)\Windows Kits\10\\include\10.0.26100.0\\winrt;C:\Program Files (x86)\Windows Kits\10\\include\10.0.26100.0\\cppwinrt;C:\Program Files (x86)\Windows Kits\NETFXSDK\4.8\include\um
2025-06-25T02:46:48.3819522Z   Framework40Version: v4.0
2025-06-25T02:46:48.3819760Z   FrameworkDir: C:\Windows\Microsoft.NET\Framework64\
2025-06-25T02:46:48.3820063Z   FrameworkDir64: C:\Windows\Microsoft.NET\Framework64\
2025-06-25T02:46:48.3820324Z   FrameworkVersion: v4.0.30319
2025-06-25T02:46:48.3820534Z   FrameworkVersion64: v4.0.30319
2025-06-25T02:46:48.3821004Z   FSHARPINSTALLDIR: C:\Program Files\Microsoft Visual Studio\2022\Enterprise\Common7\IDE\CommonExtensions\Microsoft\FSharp\Tools
2025-06-25T02:46:48.3821531Z   HTMLHelpDir: C:\Program Files (x86)\HTML Help Workshop
2025-06-25T02:46:48.3821956Z   IFCPATH: C:\Program Files\Microsoft Visual Studio\2022\Enterprise\VC\Tools\MSVC\14.43.34808\ifc\x64
2025-06-25T02:46:48.3824520Z   INCLUDE: C:\Program Files\Microsoft Visual Studio\2022\Enterprise\VC\Tools\MSVC\14.43.34808\include;C:\Program Files\Microsoft Visual Studio\2022\Enterprise\VC\Tools\MSVC\14.43.34808\ATLMFC\include;C:\Program Files\Microsoft Visual Studio\2022\Enterprise\VC\Auxiliary\VS\include;C:\Program Files (x86)\Windows Kits\10\include\10.0.26100.0\ucrt;C:\Program Files (x86)\Windows Kits\10\\include\10.0.26100.0\\um;C:\Program Files (x86)\Windows Kits\10\\include\10.0.26100.0\\shared;C:\Program Files (x86)\Windows Kits\10\\include\10.0.26100.0\\winrt;C:\Program Files (x86)\Windows Kits\10\\include\10.0.26100.0\\cppwinrt;C:\Program Files (x86)\Windows Kits\NETFXSDK\4.8\include\um
2025-06-25T02:46:48.3826526Z   is_x64_arch: true
2025-06-25T02:46:48.3827565Z   LIB: C:\Program Files\Microsoft Visual Studio\2022\Enterprise\VC\Tools\MSVC\14.43.34808\ATLMFC\lib\x64;C:\Program Files\Microsoft Visual Studio\2022\Enterprise\VC\Tools\MSVC\14.43.34808\lib\x64;C:\Program Files (x86)\Windows Kits\NETFXSDK\4.8\lib\um\x64;C:\Program Files (x86)\Windows Kits\10\lib\10.0.26100.0\ucrt\x64;C:\Program Files (x86)\Windows Kits\10\\lib\10.0.26100.0\\um\x64
2025-06-25T02:46:48.3829819Z   LIBPATH: C:\Program Files\Microsoft Visual Studio\2022\Enterprise\VC\Tools\MSVC\14.43.34808\ATLMFC\lib\x64;C:\Program Files\Microsoft Visual Studio\2022\Enterprise\VC\Tools\MSVC\14.43.34808\lib\x64;C:\Program Files\Microsoft Visual Studio\2022\Enterprise\VC\Tools\MSVC\14.43.34808\lib\x86\store\references;C:\Program Files (x86)\Windows Kits\10\UnionMetadata\10.0.26100.0;C:\Program Files (x86)\Windows Kits\10\References\10.0.26100.0;C:\Windows\Microsoft.NET\Framework64\v4.0.30319
2025-06-25T02:46:48.3831286Z   NETFXSDKDir: C:\Program Files (x86)\Windows Kits\NETFXSDK\4.8\
2025-06-25T02:46:48.3844439Z   Path: C:\Program Files\Microsoft Visual Studio\2022\Enterprise\VC\Tools\MSVC\14.43.34808\bin\HostX64\x64;C:\Program Files\Microsoft Visual Studio\2022\Enterprise\Common7\IDE\VC\VCPackages;C:\Program Files\Microsoft Visual Studio\2022\Enterprise\Common7\IDE\CommonExtensions\Microsoft\TestWindow;C:\Program Files\Microsoft Visual Studio\2022\Enterprise\Common7\IDE\CommonExtensions\Microsoft\TeamFoundation\Team Explorer;C:\Program Files\Microsoft Visual Studio\2022\Enterprise\MSBuild\Current\bin\Roslyn;C:\Program Files (x86)\Microsoft SDKs\Windows\v10.0A\bin\NETFX 4.8 Tools\x64\;C:\Program Files (x86)\HTML Help Workshop;C:\Program Files\Microsoft Visual Studio\2022\Enterprise\Common7\IDE\CommonExtensions\Microsoft\FSharp\Tools;C:\Program Files\Microsoft Visual Studio\2022\Enterprise\Team Tools\DiagnosticsHub\Collector;C:\Program Files\Microsoft Visual Studio\2022\Enterprise\Common7\IDE\Extensions\Microsoft\CodeCoverage.Console;C:\Program Files (x86)\Windows Kits\10\bin\10.0.26100.0\\x64;C:\Program Files (x86)\Windows Kits\10\bin\\x64;C:\Program Files\Microsoft Visual Studio\2022\Enterprise\\MSBuild\Current\Bin\amd64;C:\Windows\Microsoft.NET\Framework64\v4.0.30319;C:\Program Files\Microsoft Visual Studio\2022\Enterprise\Common7\IDE\;C:\Program Files\Microsoft Visual Studio\2022\Enterprise\Common7\Tools\;C:\Users\runneradmin\AppData\Roaming\Python\Python311\Scripts;C:\hostedtoolcache\windows\Python\3.11.9\x64\Scripts;C:\hostedtoolcache\windows\Python\3.11.9\x64;C:\Program Files\MongoDB\Server\5.0\bin;C:\aliyun-cli;C:\vcpkg;C:\Program Files (x86)\NSIS\;C:\tools\zstd;C:\Program Files\Mercurial\;C:\hostedtoolcache\windows\stack\3.5.1\x64;C:\cabal\bin;C:\\ghcup\bin;C:\mingw64\bin;C:\Program Files\dotnet;C:\Program Files\MySQL\MySQL Server 8.0\bin;C:\Program Files\R\R-4.4.2\bin\x64;C:\SeleniumWebDrivers\GeckoDriver;C:\SeleniumWebDrivers\EdgeDriver\;C:\SeleniumWebDrivers\ChromeDriver;C:\Program Files (x86)\sbt\bin;C:\Program Files (x86)\GitHub CLI;C:\Program Files\Git\bin;C:\Program Files (x86)\pipx_bin;C:\npm\prefix;C:\hostedtoolcache\windows\go\1.24.3\x64\bin;C:\hostedtoolcache\windows\Python\3.9.13\x64\Scripts;C:\hostedtoolcache\windows\Python\3.9.13\x64;C:\hostedtoolcache\windows\Ruby\3.3.8\x64\bin;C:\Program Files\OpenSSL\bin;C:\tools\kotlinc\bin;C:\hostedtoolcache\windows\Java_Temurin-Hotspot_jdk\8.0.452-9\x64\bin;C:\Program Files\ImageMagick-7.1.1-Q16-HDRI;C:\Program Files\Microsoft SDKs\Azure\CLI2\wbin;C:\ProgramData\kind;C:\ProgramData\Chocolatey\bin;C:\Windows\system32;C:\Windows;C:\Windows\System32\Wbem;C:\Windows\System32\WindowsPowerShell\v1.0\;C:\Windows\System32\OpenSSH\;C:\Program Files\dotnet\;C:\Program Files\PowerShell\7\;C:\Program Files\Microsoft\Web Platform Installer\;C:\Program Files\TortoiseSVN\bin;C:\Program Files\Microsoft SQL Server\Client SDK\ODBC\170\Tools\Binn\;C:\Program Files\Microsoft SQL Server\150\Tools\Binn\;C:\Program Files (x86)\Windows Kits\10\Windows Performance Toolkit\;C:\Program Files (x86)\WiX Toolset v3.14\bin;C:\Program Files\Microsoft SQL Server\130\DTS\Binn\;C:\Program Files\Microsoft SQL Server\140\DTS\Binn\;C:\Program Files\Microsoft SQL Server\150\DTS\Binn\;C:\Program Files\Microsoft SQL Server\160\DTS\Binn\;C:\Strawberry\c\bin;C:\Strawberry\perl\site\bin;C:\Strawberry\perl\bin;C:\ProgramData\chocolatey\lib\pulumi\tools\Pulumi\bin;C:\Program Files\CMake\bin;C:\ProgramData\chocolatey\lib\maven\apache-maven-3.9.9\bin;C:\Program Files\Microsoft Service Fabric\bin\Fabric\Fabric.Code;C:\Program Files\Microsoft SDKs\Service Fabric\Tools\ServiceFabricLocalClusterManager;C:\Program Files\nodejs\;C:\Program Files\Git\cmd;C:\Program Files\Git\mingw64\bin;C:\Program Files\Git\usr\bin;C:\Program Files\GitHub CLI\;c:\tools\php;C:\Program Files\Amazon\AWSCLIV2\;C:\Program Files\Amazon\SessionManagerPlugin\bin\;C:\Program Files\Amazon\AWSSAMCLI\bin\;C:\Program Files\Microsoft SQL Server\130\Tools\Binn\;C:\Program Files\LLVM\bin;C:\Users\runneradmin\.dotnet\tools;C:\Users\runneradmin\.cargo\bin;C:\Users\runneradmin\AppData\Local\Microsoft\WindowsApps;C:\Program Files (x86)\Microsoft Visual Studio\Installer;C:\Program Files\Microsoft Visual Studio\2022\Enterprise\VC\Tools\Llvm\x64\bin;C:\Program Files\Microsoft Visual Studio\2022\Enterprise\Common7\IDE\CommonExtensions\Microsoft\CMake\CMake\bin;C:\Program Files\Microsoft Visual Studio\2022\Enterprise\Common7\IDE\CommonExtensions\Microsoft\CMake\Ninja;C:\Program Files\Microsoft Visual Studio\2022\Enterprise\Common7\IDE\VC\Linux\bin\ConnectionManagerExe;C:\Program Files\Microsoft Visual Studio\2022\Enterprise\VC\vcpkg
2025-06-25T02:46:48.3858124Z   Platform: x64
2025-06-25T02:46:48.3858294Z   UCRTVersion: 10.0.26100.0
2025-06-25T02:46:48.3858553Z   UniversalCRTSdkDir: C:\Program Files (x86)\Windows Kits\10\
2025-06-25T02:46:48.3858988Z   VCIDEInstallDir: C:\Program Files\Microsoft Visual Studio\2022\Enterprise\Common7\IDE\VC\
2025-06-25T02:46:48.3859476Z   VCINSTALLDIR: C:\Program Files\Microsoft Visual Studio\2022\Enterprise\VC\
2025-06-25T02:46:48.3859828Z   VCPKG_ROOT: D:\a\synthizer3d\synthizer3d\vcpkg
2025-06-25T02:46:48.3860252Z   VCToolsInstallDir: C:\Program Files\Microsoft Visual Studio\2022\Enterprise\VC\Tools\MSVC\14.43.34808\
2025-06-25T02:46:48.3860840Z   VCToolsRedistDir: C:\Program Files\Microsoft Visual Studio\2022\Enterprise\VC\Redist\MSVC\14.42.34433\
2025-06-25T02:46:48.3861244Z   VCToolsVersion: 14.43.34808
2025-06-25T02:46:48.3861442Z   VisualStudioVersion: 17.0
2025-06-25T02:46:48.3861771Z   VS170COMNTOOLS: C:\Program Files\Microsoft Visual Studio\2022\Enterprise\Common7\Tools\
2025-06-25T02:46:48.3862132Z   VSCMD_ARG_app_plat: Desktop
2025-06-25T02:46:48.3862325Z   VSCMD_ARG_HOST_ARCH: x64
2025-06-25T02:46:48.3862500Z   VSCMD_ARG_TGT_ARCH: x64
2025-06-25T02:46:48.3862674Z   VSCMD_VER: 17.13.2
2025-06-25T02:46:48.3862939Z   VSINSTALLDIR: C:\Program Files\Microsoft Visual Studio\2022\Enterprise\
2025-06-25T02:46:48.3863367Z   VSSDK150INSTALL: C:\Program Files\Microsoft Visual Studio\2022\Enterprise\VSSDK
2025-06-25T02:46:48.3863800Z   VSSDKINSTALL: C:\Program Files\Microsoft Visual Studio\2022\Enterprise\VSSDK
2025-06-25T02:46:48.3864401Z   WindowsLibPath: C:\Program Files (x86)\Windows Kits\10\UnionMetadata\10.0.26100.0;C:\Program Files (x86)\Windows Kits\10\References\10.0.26100.0
2025-06-25T02:46:48.3864970Z   WindowsSdkBinPath: C:\Program Files (x86)\Windows Kits\10\bin\
2025-06-25T02:46:48.3865309Z   WindowsSdkDir: C:\Program Files (x86)\Windows Kits\10\
2025-06-25T02:46:48.3865575Z   WindowsSDKLibVersion: 10.0.26100.0\
2025-06-25T02:46:48.3865901Z   WindowsSdkVerBinPath: C:\Program Files (x86)\Windows Kits\10\bin\10.0.26100.0\
2025-06-25T02:46:48.3866235Z   WindowsSDKVersion: 10.0.26100.0\
2025-06-25T02:46:48.3866626Z   WindowsSDK_ExecutablePath_x64: C:\Program Files (x86)\Microsoft SDKs\Windows\v10.0A\bin\NETFX 4.8 Tools\x64\
2025-06-25T02:46:48.3867382Z   WindowsSDK_ExecutablePath_x86: C:\Program Files (x86)\Microsoft SDKs\Windows\v10.0A\bin\NETFX 4.8 Tools\
2025-06-25T02:46:48.3867784Z   __DOTNET_ADD_64BIT: 1
2025-06-25T02:46:48.3867959Z   __DOTNET_PREFERRED_BITNESS: 64
2025-06-25T02:46:48.3875893Z   __VSCMD_PREINIT_PATH: C:\Users\runneradmin\AppData\Roaming\Python\Python311\Scripts;C:\hostedtoolcache\windows\Python\3.11.9\x64\Scripts;C:\hostedtoolcache\windows\Python\3.11.9\x64;C:\Program Files\MongoDB\Server\5.0\bin;C:\aliyun-cli;C:\vcpkg;C:\Program Files (x86)\NSIS\;C:\tools\zstd;C:\Program Files\Mercurial\;C:\hostedtoolcache\windows\stack\3.5.1\x64;C:\cabal\bin;C:\\ghcup\bin;C:\mingw64\bin;C:\Program Files\dotnet;C:\Program Files\MySQL\MySQL Server 8.0\bin;C:\Program Files\R\R-4.4.2\bin\x64;C:\SeleniumWebDrivers\GeckoDriver;C:\SeleniumWebDrivers\EdgeDriver\;C:\SeleniumWebDrivers\ChromeDriver;C:\Program Files (x86)\sbt\bin;C:\Program Files (x86)\GitHub CLI;C:\Program Files\Git\bin;C:\Program Files (x86)\pipx_bin;C:\npm\prefix;C:\hostedtoolcache\windows\go\1.24.3\x64\bin;C:\hostedtoolcache\windows\Python\3.9.13\x64\Scripts;C:\hostedtoolcache\windows\Python\3.9.13\x64;C:\hostedtoolcache\windows\Ruby\3.3.8\x64\bin;C:\Program Files\OpenSSL\bin;C:\tools\kotlinc\bin;C:\hostedtoolcache\windows\Java_Temurin-Hotspot_jdk\8.0.452-9\x64\bin;C:\Program Files\ImageMagick-7.1.1-Q16-HDRI;C:\Program Files\Microsoft SDKs\Azure\CLI2\wbin;C:\ProgramData\kind;C:\ProgramData\Chocolatey\bin;C:\Windows\system32;C:\Windows;C:\Windows\System32\Wbem;C:\Windows\System32\WindowsPowerShell\v1.0\;C:\Windows\System32\OpenSSH\;C:\Program Files\dotnet\;C:\Program Files\PowerShell\7\;C:\Program Files\Microsoft\Web Platform Installer\;C:\Program Files\TortoiseSVN\bin;C:\Program Files\Microsoft SQL Server\Client SDK\ODBC\170\Tools\Binn\;C:\Program Files\Microsoft SQL Server\150\Tools\Binn\;C:\Program Files (x86)\Windows Kits\10\Windows Performance Toolkit\;C:\Program Files (x86)\WiX Toolset v3.14\bin;C:\Program Files\Microsoft SQL Server\130\DTS\Binn\;C:\Program Files\Microsoft SQL Server\140\DTS\Binn\;C:\Program Files\Microsoft SQL Server\150\DTS\Binn\;C:\Program Files\Microsoft SQL Server\160\DTS\Binn\;C:\Strawberry\c\bin;C:\Strawberry\perl\site\bin;C:\Strawberry\perl\bin;C:\ProgramData\chocolatey\lib\pulumi\tools\Pulumi\bin;C:\Program Files\CMake\bin;C:\ProgramData\chocolatey\lib\maven\apache-maven-3.9.9\bin;C:\Program Files\Microsoft Service Fabric\bin\Fabric\Fabric.Code;C:\Program Files\Microsoft SDKs\Service Fabric\Tools\ServiceFabricLocalClusterManager;C:\Program Files\nodejs\;C:\Program Files\Git\cmd;C:\Program Files\Git\mingw64\bin;C:\Program Files\Git\usr\bin;C:\Program Files\GitHub CLI\;c:\tools\php;C:\Program Files (x86)\sbt\bin;C:\Program Files\Amazon\AWSCLIV2\;C:\Program Files\Amazon\SessionManagerPlugin\bin\;C:\Program Files\Amazon\AWSSAMCLI\bin\;C:\Program Files\Microsoft SQL Server\130\Tools\Binn\;C:\Program Files\LLVM\bin;C:\Users\runneradmin\.dotnet\tools;C:\Users\runneradmin\.cargo\bin;C:\Users\runneradmin\AppData\Local\Microsoft\WindowsApps;C:\Program Files (x86)\Microsoft Visual Studio\Installer
2025-06-25T02:46:48.3884180Z   VCPKG_DEFAULT_BINARY_CACHE: D:/a/synthizer3d/synthizer3d/969f6665-88a2-4c98-938e-ca9259871fec/vcpkg_cache
2025-06-25T02:46:48.3884632Z   VCPKG_BINARY_SOURCES: clear;x-gha,readwrite
2025-06-25T02:46:48.3885174Z   ACTIONS_CACHE_URL: https://acghubeus2.actions.githubusercontent.com/bwbzopuV3oKlbowlUKWdOnf6KF0vjv7EYqCB3ZHqukKhTVgy74/
2025-06-25T02:46:48.3922950Z   ACTIONS_RUNTIME_TOKEN: ***
2025-06-25T02:46:48.3923220Z   RUNVCPKG_VCPKG_ROOT: D:\a\synthizer3d\synthizer3d\vcpkg
2025-06-25T02:46:48.3923486Z ##[endgroup]
2025-06-25T02:46:48.6438770Z VCPKG_ROOT (tool directory from lukka/run-vcpkg) is D:\a\synthizer3d\synthizer3d\vcpkg
2025-06-25T02:46:48.6444929Z VCPKG_DEFAULT_TRIPLET is x64-windows
2025-06-25T02:46:48.6450544Z GITHUB_WORKSPACE is D:\a\synthizer3d\synthizer3d
2025-06-25T02:46:48.6456531Z Initial EFFECTIVE_VCPKG_INSTALLED_DIR_BASE (from job env, target for manifest install) is D:\a\synthizer3d\synthizer3d\vcpkg_installed
2025-06-25T02:46:48.8593556Z Detecting compiler hash for triplet x64-windows...
2025-06-25T02:46:50.8728288Z Compiler found: C:/Program Files/Microsoft Visual Studio/2022/Enterprise/VC/Tools/MSVC/14.43.34808/bin/Hostx64/x64/cl.exe
2025-06-25T02:46:50.8846163Z The following packages will be built and installed:
2025-06-25T02:46:50.8846618Z   * atl:x64-windows@0
2025-06-25T02:46:50.8846921Z   * atlmfc:x64-windows@0#3
2025-06-25T02:46:50.8847253Z     faad2:x64-windows@2.11.1
2025-06-25T02:46:50.8847593Z     libogg:x64-windows@1.3.5#2
2025-06-25T02:46:50.8847945Z     libvorbis:x64-windows@1.3.7#4
2025-06-25T02:46:50.8848329Z     opus:x64-windows@1.5.2
2025-06-25T02:46:50.8848878Z     opusfile:x64-windows@0.12+20221121#1
2025-06-25T02:46:50.8849471Z     soundtouch:x64-windows@2.3.3
2025-06-25T02:46:50.8850077Z   * vcpkg-cmake:x64-windows@2024-04-23
2025-06-25T02:46:50.8850548Z   * vcpkg-cmake-config:x64-windows@2024-05-23
2025-06-25T02:46:50.8851179Z Additional packages (*) will be modified to complete this operation.
2025-06-25T02:46:50.8853198Z %VCPKG_BINARY_SOURCES%: warning: The 'x-gha' binary caching backend has been removed. Consider using a NuGet-based binary caching provider instead, see extended documentation at https://learn.microsoft.com/vcpkg/users/binarycaching?WT.mc_id=vcpkg_inproduct_cli.
2025-06-25T02:46:50.8854737Z   on expression: clear;x-gha,readwrite
2025-06-25T02:46:50.8855123Z                                       ^
2025-06-25T02:46:50.8855603Z Installing 1/10 vcpkg-cmake:x64-windows@2024-04-23...
2025-06-25T02:46:50.8856070Z Building vcpkg-cmake:x64-windows@2024-04-23...
2025-06-25T02:46:50.9149758Z -- Installing: D:/a/synthizer3d/synthizer3d/vcpkg/packages/vcpkg-cmake_x64-windows/share/vcpkg-cmake/vcpkg_cmake_configure.cmake
2025-06-25T02:46:50.9156535Z -- Installing: D:/a/synthizer3d/synthizer3d/vcpkg/packages/vcpkg-cmake_x64-windows/share/vcpkg-cmake/vcpkg_cmake_build.cmake
2025-06-25T02:46:50.9160884Z -- Installing: D:/a/synthizer3d/synthizer3d/vcpkg/packages/vcpkg-cmake_x64-windows/share/vcpkg-cmake/vcpkg_cmake_install.cmake
2025-06-25T02:46:50.9165064Z -- Installing: D:/a/synthizer3d/synthizer3d/vcpkg/packages/vcpkg-cmake_x64-windows/share/vcpkg-cmake/vcpkg-port-config.cmake
2025-06-25T02:46:50.9169424Z -- Installing: D:/a/synthizer3d/synthizer3d/vcpkg/packages/vcpkg-cmake_x64-windows/share/vcpkg-cmake/copyright
2025-06-25T02:46:50.9211512Z -- Performing post-build validation
2025-06-25T02:46:50.9258405Z Elapsed time to handle vcpkg-cmake:x64-windows: 40.8 ms
2025-06-25T02:46:50.9259127Z vcpkg-cmake:x64-windows package ABI: a500b93f9e0b831ca946128005613d551eeb943040c8f073dc3184f7e15c9834
2025-06-25T02:46:50.9259654Z Installing 2/10 faad2:x64-windows@2.11.1...
2025-06-25T02:46:50.9259972Z Building faad2:x64-windows@2.11.1...
2025-06-25T02:46:50.9657311Z Downloading https://github.com/knik0/faad2/archive/2.11.1.tar.gz -> knik0-faad2-2.11.1.tar.gz
2025-06-25T02:46:51.0817836Z Successfully downloaded knik0-faad2-2.11.1.tar.gz
2025-06-25T02:46:51.3263744Z -- Extracting source D:/a/synthizer3d/synthizer3d/vcpkg/downloads/knik0-faad2-2.11.1.tar.gz
2025-06-25T02:46:51.4679632Z -- Applying patch fix-install.patch
2025-06-25T02:46:51.4890931Z -- Using source at D:/a/synthizer3d/synthizer3d/vcpkg/buildtrees/faad2/src/2.11.1-55f3ec09c2.clean
2025-06-25T02:46:51.4994630Z -- Found external ninja('1.12.1').
2025-06-25T02:46:51.5028656Z -- Configuring x64-windows
2025-06-25T02:46:52.9224028Z -- Building x64-windows-dbg
2025-06-25T02:46:56.8175921Z -- Building x64-windows-rel
2025-06-25T02:47:05.5421842Z -- Fixing pkgconfig file: D:/a/synthizer3d/synthizer3d/vcpkg/packages/faad2_x64-windows/lib/pkgconfig/faad2.pc
2025-06-25T02:47:05.5621888Z Downloading msys2-mingw-w64-x86_64-pkgconf-1~2.3.0-1-any.pkg.tar.zst, trying https://mirror.msys2.org/mingw/mingw64/mingw-w64-x86_64-pkgconf-1~2.3.0-1-any.pkg.tar.zst
2025-06-25T02:47:06.0828515Z Successfully downloaded msys2-mingw-w64-x86_64-pkgconf-1~2.3.0-1-any.pkg.tar.zst
2025-06-25T02:47:06.1032298Z Downloading msys2-msys2-runtime-3.5.4-2-x86_64.pkg.tar.zst, trying https://mirror.msys2.org/msys/x86_64/msys2-runtime-3.5.4-2-x86_64.pkg.tar.zst
2025-06-25T02:47:06.7583270Z Successfully downloaded msys2-msys2-runtime-3.5.4-2-x86_64.pkg.tar.zst
2025-06-25T02:47:06.7679700Z -- Using msys root at D:/a/synthizer3d/synthizer3d/vcpkg/downloads/tools/msys2/21caed2f81ec917b
2025-06-25T02:47:06.7751927Z -- Fixing pkgconfig file: D:/a/synthizer3d/synthizer3d/vcpkg/packages/faad2_x64-windows/debug/lib/pkgconfig/faad2.pc
2025-06-25T02:47:08.3295956Z -- Installing: D:/a/synthizer3d/synthizer3d/vcpkg/packages/faad2_x64-windows/share/faad2/copyright
2025-06-25T02:47:08.3351479Z -- Performing post-build validation
2025-06-25T02:47:08.3421456Z Elapsed time to handle faad2:x64-windows: 17 s
2025-06-25T02:47:08.3422310Z faad2:x64-windows package ABI: d0e0b3f1120c22375e89be124e74dd66dc96b0e8414e88407cf8a3d23c35740f
2025-06-25T02:47:08.3423036Z Installing 3/10 vcpkg-cmake-config:x64-windows@2024-05-23...
2025-06-25T02:47:08.3423601Z Building vcpkg-cmake-config:x64-windows@2024-05-23...
2025-06-25T02:47:08.3709760Z -- Installing: D:/a/synthizer3d/synthizer3d/vcpkg/packages/vcpkg-cmake-config_x64-windows/share/vcpkg-cmake-config/vcpkg_cmake_config_fixup.cmake
2025-06-25T02:47:08.3714874Z -- Installing: D:/a/synthizer3d/synthizer3d/vcpkg/packages/vcpkg-cmake-config_x64-windows/share/vcpkg-cmake-config/vcpkg-port-config.cmake
2025-06-25T02:47:08.3718693Z -- Installing: D:/a/synthizer3d/synthizer3d/vcpkg/packages/vcpkg-cmake-config_x64-windows/share/vcpkg-cmake-config/copyright
2025-06-25T02:47:08.3754970Z -- Skipping post-build validation due to VCPKG_POLICY_EMPTY_PACKAGE
2025-06-25T02:47:08.3776171Z Elapsed time to handle vcpkg-cmake-config:x64-windows: 35.4 ms
2025-06-25T02:47:08.3777072Z vcpkg-cmake-config:x64-windows package ABI: 842797583f0500a3cabbedf03fb083636fe11e4fd3fd19d9a475485e484445fb
2025-06-25T02:47:08.3777767Z Installing 4/10 libogg:x64-windows@1.3.5#2...
2025-06-25T02:47:08.3778171Z Building libogg:x64-windows@1.3.5#2...
2025-06-25T02:47:08.4153638Z Downloading https://gitlab.xiph.org/xiph/ogg/-/archive/v1.3.5/ogg-v1.3.5.tar.gz -> xiph-ogg-v1.3.5.tar.gz
2025-06-25T02:47:09.1729020Z Successfully downloaded xiph-ogg-v1.3.5.tar.gz
2025-06-25T02:47:09.1835823Z -- Extracting source D:/a/synthizer3d/synthizer3d/vcpkg/downloads/xiph-ogg-v1.3.5.tar.gz
2025-06-25T02:47:09.3254447Z -- Using source at D:/a/synthizer3d/synthizer3d/vcpkg/buildtrees/libogg/src/v1.3.5-1a4243fef9.clean
2025-06-25T02:47:09.3366914Z -- Found external ninja('1.12.1').
2025-06-25T02:47:09.3400378Z -- Configuring x64-windows
2025-06-25T02:47:15.2015326Z -- Building x64-windows-dbg
2025-06-25T02:47:15.4848995Z -- Building x64-windows-rel
2025-06-25T02:47:15.7867813Z -- Fixing pkgconfig file: D:/a/synthizer3d/synthizer3d/vcpkg/packages/libogg_x64-windows/lib/pkgconfig/ogg.pc
2025-06-25T02:47:15.7974110Z -- Using cached msys2-mingw-w64-x86_64-pkgconf-1~2.3.0-1-any.pkg.tar.zst
2025-06-25T02:47:15.8043255Z -- Using cached msys2-msys2-runtime-3.5.4-2-x86_64.pkg.tar.zst
2025-06-25T02:47:15.8047801Z -- Using msys root at D:/a/synthizer3d/synthizer3d/vcpkg/downloads/tools/msys2/21caed2f81ec917b
2025-06-25T02:47:15.8112312Z -- Fixing pkgconfig file: D:/a/synthizer3d/synthizer3d/vcpkg/packages/libogg_x64-windows/debug/lib/pkgconfig/ogg.pc
2025-06-25T02:47:15.8178173Z -- Installing: D:/a/synthizer3d/synthizer3d/vcpkg/packages/libogg_x64-windows/share/libogg/copyright
2025-06-25T02:47:15.8229350Z -- Performing post-build validation
2025-06-25T02:47:15.8297706Z Elapsed time to handle libogg:x64-windows: 7.5 s
2025-06-25T02:47:15.8298960Z libogg:x64-windows package ABI: a0557943a3eb3893da4fede0807e4138b3f8e9736e60b3498faf762055851b8f
2025-06-25T02:47:15.8300359Z Installing 5/10 libvorbis:x64-windows@1.3.7#4...
2025-06-25T02:47:15.8301032Z Building libvorbis:x64-windows@1.3.7#4...
2025-06-25T02:47:15.8699407Z Downloading https://github.com/xiph/vorbis/archive/v1.3.7.tar.gz -> xiph-vorbis-v1.3.7.tar.gz
2025-06-25T02:47:16.0475344Z Successfully downloaded xiph-vorbis-v1.3.7.tar.gz
2025-06-25T02:47:16.0628508Z -- Extracting source D:/a/synthizer3d/synthizer3d/vcpkg/downloads/xiph-vorbis-v1.3.7.tar.gz
2025-06-25T02:47:16.2503855Z -- Applying patch 0001-Dont-export-vorbisenc-functions.patch
2025-06-25T02:47:16.2710389Z -- Applying patch 0002-Fixup-pkgconfig-libs.patch
2025-06-25T02:47:16.2905040Z -- Applying patch 0003-def-mingw-compat.patch
2025-06-25T02:47:16.3101695Z -- Applying patch 0004-ogg-find-dependency.patch
2025-06-25T02:47:16.3299992Z -- Using source at D:/a/synthizer3d/synthizer3d/vcpkg/buildtrees/libvorbis/src/v1.3.7-c32164610e.clean
2025-06-25T02:47:16.3405449Z -- Found external ninja('1.12.1').
2025-06-25T02:47:16.3439097Z -- Configuring x64-windows
2025-06-25T02:47:17.8184349Z -- Building x64-windows-dbg
2025-06-25T02:47:19.0287713Z -- Building x64-windows-rel
2025-06-25T02:47:21.4379202Z -- Fixing pkgconfig file: D:/a/synthizer3d/synthizer3d/vcpkg/packages/libvorbis_x64-windows/lib/pkgconfig/vorbis.pc
2025-06-25T02:47:21.4383992Z -- Fixing pkgconfig file: D:/a/synthizer3d/synthizer3d/vcpkg/packages/libvorbis_x64-windows/lib/pkgconfig/vorbisenc.pc
2025-06-25T02:47:21.4388733Z -- Fixing pkgconfig file: D:/a/synthizer3d/synthizer3d/vcpkg/packages/libvorbis_x64-windows/lib/pkgconfig/vorbisfile.pc
2025-06-25T02:47:21.4493242Z -- Using cached msys2-mingw-w64-x86_64-pkgconf-1~2.3.0-1-any.pkg.tar.zst
2025-06-25T02:47:21.4564624Z -- Using cached msys2-msys2-runtime-3.5.4-2-x86_64.pkg.tar.zst
2025-06-25T02:47:21.4568575Z -- Using msys root at D:/a/synthizer3d/synthizer3d/vcpkg/downloads/tools/msys2/21caed2f81ec917b
2025-06-25T02:47:21.4749509Z -- Fixing pkgconfig file: D:/a/synthizer3d/synthizer3d/vcpkg/packages/libvorbis_x64-windows/debug/lib/pkgconfig/vorbis.pc
2025-06-25T02:47:21.4755315Z -- Fixing pkgconfig file: D:/a/synthizer3d/synthizer3d/vcpkg/packages/libvorbis_x64-windows/debug/lib/pkgconfig/vorbisenc.pc
2025-06-25T02:47:21.4760558Z -- Fixing pkgconfig file: D:/a/synthizer3d/synthizer3d/vcpkg/packages/libvorbis_x64-windows/debug/lib/pkgconfig/vorbisfile.pc
2025-06-25T02:47:21.5966157Z -- Installing: D:/a/synthizer3d/synthizer3d/vcpkg/packages/libvorbis_x64-windows/share/libvorbis/usage
2025-06-25T02:47:21.5969462Z -- Installing: D:/a/synthizer3d/synthizer3d/vcpkg/packages/libvorbis_x64-windows/share/libvorbis/copyright
2025-06-25T02:47:21.6024198Z -- Performing post-build validation
2025-06-25T02:47:21.6122324Z Elapsed time to handle libvorbis:x64-windows: 5.8 s
2025-06-25T02:47:21.6123466Z libvorbis:x64-windows package ABI: d90efec2c9090f56a4508a9a4435f94eb42aca93d2a98ecfbdc3a996d623c61c
2025-06-25T02:47:21.6124442Z Installing 6/10 opus:x64-windows@1.5.2...
2025-06-25T02:47:21.6124964Z Building opus:x64-windows@1.5.2...
2025-06-25T02:47:21.6532873Z Downloading https://github.com/xiph/opus/archive/v1.5.2.tar.gz -> xiph-opus-v1.5.2.tar.gz
2025-06-25T02:47:21.7988145Z Successfully downloaded xiph-opus-v1.5.2.tar.gz
2025-06-25T02:47:21.8244677Z -- Extracting source D:/a/synthizer3d/synthizer3d/vcpkg/downloads/xiph-opus-v1.5.2.tar.gz
2025-06-25T02:47:22.0819795Z -- Applying patch fix-pkgconfig-version.patch
2025-06-25T02:47:22.1030616Z -- Using source at D:/a/synthizer3d/synthizer3d/vcpkg/buildtrees/opus/src/v1.5.2-81ed242155.clean
2025-06-25T02:47:22.1147278Z -- Found external ninja('1.12.1').
2025-06-25T02:47:22.1182071Z -- Configuring x64-windows
2025-06-25T02:47:26.4809930Z -- Building x64-windows-dbg
2025-06-25T02:47:31.5191733Z -- Building x64-windows-rel
2025-06-25T02:47:39.5175929Z -- Fixing pkgconfig file: D:/a/synthizer3d/synthizer3d/vcpkg/packages/opus_x64-windows/lib/pkgconfig/opus.pc
2025-06-25T02:47:39.5280302Z -- Using cached msys2-mingw-w64-x86_64-pkgconf-1~2.3.0-1-any.pkg.tar.zst
2025-06-25T02:47:39.5350451Z -- Using cached msys2-msys2-runtime-3.5.4-2-x86_64.pkg.tar.zst
2025-06-25T02:47:39.5354457Z -- Using msys root at D:/a/synthizer3d/synthizer3d/vcpkg/downloads/tools/msys2/21caed2f81ec917b
2025-06-25T02:47:39.5421290Z -- Fixing pkgconfig file: D:/a/synthizer3d/synthizer3d/vcpkg/packages/opus_x64-windows/debug/lib/pkgconfig/opus.pc
2025-06-25T02:47:39.5493997Z -- Installing: D:/a/synthizer3d/synthizer3d/vcpkg/packages/opus_x64-windows/share/opus/copyright
2025-06-25T02:47:39.5548540Z -- Performing post-build validation
2025-06-25T02:47:39.5630227Z Elapsed time to handle opus:x64-windows: 18 s
2025-06-25T02:47:39.5630919Z opus:x64-windows package ABI: 85472ea35b34b5b2cb87ab8fa93a3b878862ba2c74d619b262819f1046f3d06f
2025-06-25T02:47:39.5631474Z Installing 7/10 opusfile:x64-windows@0.12+20221121#1...
2025-06-25T02:47:39.5631850Z Building opusfile:x64-windows@0.12+20221121#1...
2025-06-25T02:47:39.5929241Z -- Note: opusfile only supports static library linkage. Building static library.
2025-06-25T02:47:39.6019488Z Downloading https://github.com/xiph/opusfile/archive/9d718345ce03b2fad5d7d28e0bcd1cc69ab2b166.tar.gz -> xiph-opusfile-9d718345ce03b2fad5d7d28e0bcd1cc69ab2b166.tar.gz
2025-06-25T02:47:39.7641649Z Successfully downloaded xiph-opusfile-9d718345ce03b2fad5d7d28e0bcd1cc69ab2b166.tar.gz
2025-06-25T02:47:39.7742301Z -- Extracting source D:/a/synthizer3d/synthizer3d/vcpkg/downloads/xiph-opusfile-9d718345ce03b2fad5d7d28e0bcd1cc69ab2b166.tar.gz
2025-06-25T02:47:39.9093506Z -- Using source at D:/a/synthizer3d/synthizer3d/vcpkg/buildtrees/opusfile/src/c69ab2b166-6cc7de23ec.clean
2025-06-25T02:47:39.9215423Z -- Found external ninja('1.12.1').
2025-06-25T02:47:39.9248859Z -- Configuring x64-windows
2025-06-25T02:47:41.1469025Z -- Building x64-windows-dbg
2025-06-25T02:47:41.4045173Z -- Building x64-windows-rel
2025-06-25T02:47:41.9133111Z -- Fixing pkgconfig file: D:/a/synthizer3d/synthizer3d/vcpkg/packages/opusfile_x64-windows/lib/pkgconfig/opusfile.pc
2025-06-25T02:47:41.9244182Z -- Using cached msys2-mingw-w64-x86_64-pkgconf-1~2.3.0-1-any.pkg.tar.zst
2025-06-25T02:47:41.9313119Z -- Using cached msys2-msys2-runtime-3.5.4-2-x86_64.pkg.tar.zst
2025-06-25T02:47:41.9317420Z -- Using msys root at D:/a/synthizer3d/synthizer3d/vcpkg/downloads/tools/msys2/21caed2f81ec917b
2025-06-25T02:47:41.9396275Z -- Fixing pkgconfig file: D:/a/synthizer3d/synthizer3d/vcpkg/packages/opusfile_x64-windows/debug/lib/pkgconfig/opusfile.pc
2025-06-25T02:47:41.9500409Z -- Installing: D:/a/synthizer3d/synthizer3d/vcpkg/packages/opusfile_x64-windows/share/opusfile/copyright
2025-06-25T02:47:41.9507619Z -- Installing: D:/a/synthizer3d/synthizer3d/vcpkg/packages/opusfile_x64-windows/share/opusfile/usage
2025-06-25T02:47:41.9563814Z -- Performing post-build validation
2025-06-25T02:47:41.9624753Z Elapsed time to handle opusfile:x64-windows: 2.4 s
2025-06-25T02:47:41.9626030Z opusfile:x64-windows package ABI: 393a65d651c7a2ecd7aa3929806afcb2252d03470cf3ab96d0a5a178ff8ac0ea
2025-06-25T02:47:41.9626699Z Installing 8/10 atl:x64-windows@0...
2025-06-25T02:47:41.9627069Z Building atl:x64-windows@0...
2025-06-25T02:47:41.9984773Z -- Skipping post-build validation due to VCPKG_POLICY_EMPTY_PACKAGE
2025-06-25T02:47:42.0007476Z Elapsed time to handle atl:x64-windows: 38.3 ms
2025-06-25T02:47:42.0008419Z atl:x64-windows package ABI: 00c2ec0d92501baf73b36832a4cf6267281ce78714eab01bcc631fe906883872
2025-06-25T02:47:42.0009037Z Installing 9/10 atlmfc:x64-windows@0#3...
2025-06-25T02:47:42.0009375Z Building atlmfc:x64-windows@0#3...
2025-06-25T02:47:42.0362256Z -- Skipping post-build validation due to VCPKG_POLICY_EMPTY_PACKAGE
2025-06-25T02:47:42.0385016Z Elapsed time to handle atlmfc:x64-windows: 37.7 ms
2025-06-25T02:47:42.0386125Z atlmfc:x64-windows package ABI: eb110e8ab4abe86fa37c7f0085ad4fc46ce18802f978ea90d75ed1f56bb72837
2025-06-25T02:47:42.0386799Z Installing 10/10 soundtouch:x64-windows@2.3.3...
2025-06-25T02:47:42.0387210Z Building soundtouch:x64-windows@2.3.3...
2025-06-25T02:47:42.0787851Z Downloading https://codeberg.org/soundtouch/soundtouch/archive/2.3.3.tar.gz -> soundtouch-soundtouch-2.3.3.tar.gz
2025-06-25T02:47:42.9710338Z Successfully downloaded soundtouch-soundtouch-2.3.3.tar.gz
2025-06-25T02:47:42.9827886Z -- Extracting source D:/a/synthizer3d/synthizer3d/vcpkg/downloads/soundtouch-soundtouch-2.3.3.tar.gz
2025-06-25T02:47:43.1309110Z -- Using source at D:/a/synthizer3d/synthizer3d/vcpkg/buildtrees/soundtouch/src/2.3.3-309213044d.clean
2025-06-25T02:47:43.1423376Z -- Found external ninja('1.12.1').
2025-06-25T02:47:43.1457762Z -- Configuring x64-windows
2025-06-25T02:47:44.5687765Z -- Building x64-windows-dbg
2025-06-25T02:47:46.6126707Z -- Building x64-windows-rel
2025-06-25T02:47:48.7353928Z -- Fixing pkgconfig file: D:/a/synthizer3d/synthizer3d/vcpkg/packages/soundtouch_x64-windows/lib/pkgconfig/soundtouch.pc
2025-06-25T02:47:48.7459296Z -- Using cached msys2-mingw-w64-x86_64-pkgconf-1~2.3.0-1-any.pkg.tar.zst
2025-06-25T02:47:48.7528561Z -- Using cached msys2-msys2-runtime-3.5.4-2-x86_64.pkg.tar.zst
2025-06-25T02:47:48.7532926Z -- Using msys root at D:/a/synthizer3d/synthizer3d/vcpkg/downloads/tools/msys2/21caed2f81ec917b
2025-06-25T02:47:48.7601520Z -- Fixing pkgconfig file: D:/a/synthizer3d/synthizer3d/vcpkg/packages/soundtouch_x64-windows/debug/lib/pkgconfig/soundtouch.pc
2025-06-25T02:47:48.8045635Z -- Installing: D:/a/synthizer3d/synthizer3d/vcpkg/packages/soundtouch_x64-windows/share/soundtouch/copyright
2025-06-25T02:47:48.8106859Z -- Performing post-build validation
2025-06-25T02:47:48.8183593Z Elapsed time to handle soundtouch:x64-windows: 6.8 s
2025-06-25T02:47:48.8184498Z soundtouch:x64-windows package ABI: cba299c175d42d095d98a381b7b4aa62179cb526de49043c0d1fb0751d841aaf
2025-06-25T02:47:48.8203317Z faad2 provides pkg-config modules:
2025-06-25T02:47:48.8203634Z 
2025-06-25T02:47:48.8203856Z   # Freeware Advanced Audio (AAC) Decoder
2025-06-25T02:47:48.8204186Z   faad2
2025-06-25T02:47:48.8204304Z 
2025-06-25T02:47:48.8206269Z libogg provides CMake targets:
2025-06-25T02:47:48.8206588Z 
2025-06-25T02:47:48.8207108Z   # this is heuristically generated, and may not be correct
2025-06-25T02:47:48.8207826Z   find_package(Ogg CONFIG REQUIRED)
2025-06-25T02:47:48.8208574Z   target_link_libraries(main PRIVATE Ogg::ogg)
2025-06-25T02:47:48.8208963Z 
2025-06-25T02:47:48.8209234Z libogg provides pkg-config modules:
2025-06-25T02:47:48.8209565Z 
2025-06-25T02:47:48.8209960Z   # ogg is a library for manipulating ogg bitstreams
2025-06-25T02:47:48.8210434Z   ogg
2025-06-25T02:47:48.8210615Z 
2025-06-25T02:47:48.8210944Z The package libvorbis provides CMake targets:
2025-06-25T02:47:48.8211214Z 
2025-06-25T02:47:48.8211468Z     # Vorbis reference encoder and decoder, low-level API
2025-06-25T02:47:48.8211911Z     find_package(Vorbis CONFIG REQUIRED)
2025-06-25T02:47:48.8212370Z     target_link_libraries(main PRIVATE Vorbis::vorbis)
2025-06-25T02:47:48.8212630Z 
2025-06-25T02:47:48.8212937Z     # Audio stream decoding and basic manipulation, high-level API
2025-06-25T02:47:48.8213466Z     find_package(Vorbis CONFIG REQUIRED)
2025-06-25T02:47:48.8214189Z     target_link_libraries(main PRIVATE Vorbis::vorbisfile)
2025-06-25T02:47:48.8214506Z 
2025-06-25T02:47:48.8214822Z     # Convenience API for setting up an encoding environment
2025-06-25T02:47:48.8215245Z     find_package(Vorbis CONFIG REQUIRED)
2025-06-25T02:47:48.8215742Z     target_link_libraries(main PRIVATE Vorbis::vorbisenc)
2025-06-25T02:47:48.8216037Z 
2025-06-25T02:47:48.8216282Z opus provides CMake targets:
2025-06-25T02:47:48.8216497Z 
2025-06-25T02:47:48.8216777Z   # this is heuristically generated, and may not be correct
2025-06-25T02:47:48.8217185Z   find_package(Opus CONFIG REQUIRED)
2025-06-25T02:47:48.8217576Z   target_link_libraries(main PRIVATE Opus::opus)
2025-06-25T02:47:48.8217801Z 
2025-06-25T02:47:48.8217959Z opus provides pkg-config modules:
2025-06-25T02:47:48.8218139Z 
2025-06-25T02:47:48.8218289Z   # Opus IETF audio codec ( build)
2025-06-25T02:47:48.8218671Z   opus
2025-06-25T02:47:48.8218806Z 
2025-06-25T02:47:48.8219000Z The package opusfile provides CMake targets:
2025-06-25T02:47:48.8219217Z 
2025-06-25T02:47:48.8219394Z     find_package(OpusFile CONFIG REQUIRED)
2025-06-25T02:47:48.8219836Z     target_link_libraries(main PRIVATE OpusFile::opusfile)
2025-06-25T02:47:48.8220093Z 
2025-06-25T02:47:48.8220430Z     # To use the opusurl API
2025-06-25T02:47:48.8220946Z     target_link_libraries(main PRIVATE OpusFile::opusurl)
2025-06-25T02:47:48.8221194Z 
2025-06-25T02:47:48.8221350Z soundtouch provides CMake targets:
2025-06-25T02:47:48.8221533Z 
2025-06-25T02:47:48.8221782Z   # this is heuristically generated, and may not be correct
2025-06-25T02:47:48.8222205Z   find_package(SoundTouch CONFIG REQUIRED)
2025-06-25T02:47:48.8222670Z   target_link_libraries(main PRIVATE SoundTouch::SoundTouch)
2025-06-25T02:47:48.8222933Z 
2025-06-25T02:47:48.8223107Z soundtouch provides pkg-config modules:
2025-06-25T02:47:48.8223307Z 
2025-06-25T02:47:48.8223952Z   # SoundTouch is an open-source audio processing library for changing the Tempo, Pitch and Playback Rates of audio streams or files
2025-06-25T02:47:48.8224561Z   soundtouch
2025-06-25T02:47:48.8224675Z 
2025-06-25T02:47:48.8225113Z All requested installations completed successfully in: 58 s
2025-06-25T02:47:48.8321383Z Finished vcpkg install command.
2025-06-25T02:47:48.8620827Z Verifying existence of target CMAKE_PREFIX_PATH: D:\a\synthizer3d\synthizer3d\vcpkg_installed\x64-windows
2025-06-25T02:47:48.8660202Z Confermato: La directory target per CMAKE_PREFIX_PATH esiste: D:\a\synthizer3d\synthizer3d\vcpkg_installed\x64-windows
2025-06-25T02:47:48.8773203Z CMAKE_PREFIX_PATH impostato a D:\a\synthizer3d\synthizer3d\vcpkg_installed\x64-windows
2025-06-25T02:47:48.9130508Z ##[group]Run python -m pip install --upgrade pip
2025-06-25T02:47:48.9130923Z [36;1mpython -m pip install --upgrade pip[0m
2025-06-25T02:47:48.9131389Z [36;1mpip install ninja cmake wheel tomli setuptools packaging distro scikit-build cython build delvewheel[0m
2025-06-25T02:47:48.9162117Z shell: C:\Program Files\PowerShell\7\pwsh.EXE -command ". '{0}'"
2025-06-25T02:47:48.9162416Z env:
2025-06-25T02:47:48.9162567Z   PYVERSION: 3.11
2025-06-25T02:47:48.9162735Z   CI_ARCH_LOWER: x64
2025-06-25T02:47:48.9162899Z   CI_WINDOWS: 1
2025-06-25T02:47:48.9163065Z   CI_ARCH_ENV: x64
2025-06-25T02:47:48.9163235Z   VCPKG_DEFAULT_TRIPLET: x64-windows
2025-06-25T02:47:48.9163587Z   EFFECTIVE_VCPKG_INSTALLED_DIR_BASE: D:\a\synthizer3d\synthizer3d\vcpkg_installed
2025-06-25T02:47:48.9164012Z   pythonLocation: C:\hostedtoolcache\windows\Python\3.11.9\x64
2025-06-25T02:47:48.9164403Z   PKG_CONFIG_PATH: C:\hostedtoolcache\windows\Python\3.11.9\x64/lib/pkgconfig
2025-06-25T02:47:48.9164815Z   Python_ROOT_DIR: C:\hostedtoolcache\windows\Python\3.11.9\x64
2025-06-25T02:47:48.9165157Z   Python2_ROOT_DIR: C:\hostedtoolcache\windows\Python\3.11.9\x64
2025-06-25T02:47:48.9165506Z   Python3_ROOT_DIR: C:\hostedtoolcache\windows\Python\3.11.9\x64
2025-06-25T02:47:48.9165791Z   CommandPromptType: Native
2025-06-25T02:47:48.9166104Z   DevEnvDir: C:\Program Files\Microsoft Visual Studio\2022\Enterprise\Common7\IDE\
2025-06-25T02:47:48.9166562Z   ExtensionSdkDir: C:\Program Files (x86)\Microsoft SDKs\Windows Kits\10\ExtensionSDKs
2025-06-25T02:47:48.9168574Z   EXTERNAL_INCLUDE: C:\Program Files\Microsoft Visual Studio\2022\Enterprise\VC\Tools\MSVC\14.43.34808\include;C:\Program Files\Microsoft Visual Studio\2022\Enterprise\VC\Tools\MSVC\14.43.34808\ATLMFC\include;C:\Program Files\Microsoft Visual Studio\2022\Enterprise\VC\Auxiliary\VS\include;C:\Program Files (x86)\Windows Kits\10\include\10.0.26100.0\ucrt;C:\Program Files (x86)\Windows Kits\10\\include\10.0.26100.0\\um;C:\Program Files (x86)\Windows Kits\10\\include\10.0.26100.0\\shared;C:\Program Files (x86)\Windows Kits\10\\include\10.0.26100.0\\winrt;C:\Program Files (x86)\Windows Kits\10\\include\10.0.26100.0\\cppwinrt;C:\Program Files (x86)\Windows Kits\NETFXSDK\4.8\include\um
2025-06-25T02:47:48.9170459Z   Framework40Version: v4.0
2025-06-25T02:47:48.9170689Z   FrameworkDir: C:\Windows\Microsoft.NET\Framework64\
2025-06-25T02:47:48.9170995Z   FrameworkDir64: C:\Windows\Microsoft.NET\Framework64\
2025-06-25T02:47:48.9171257Z   FrameworkVersion: v4.0.30319
2025-06-25T02:47:48.9171458Z   FrameworkVersion64: v4.0.30319
2025-06-25T02:47:48.9172063Z   FSHARPINSTALLDIR: C:\Program Files\Microsoft Visual Studio\2022\Enterprise\Common7\IDE\CommonExtensions\Microsoft\FSharp\Tools
2025-06-25T02:47:48.9172593Z   HTMLHelpDir: C:\Program Files (x86)\HTML Help Workshop
2025-06-25T02:47:48.9173014Z   IFCPATH: C:\Program Files\Microsoft Visual Studio\2022\Enterprise\VC\Tools\MSVC\14.43.34808\ifc\x64
2025-06-25T02:47:48.9175009Z   INCLUDE: C:\Program Files\Microsoft Visual Studio\2022\Enterprise\VC\Tools\MSVC\14.43.34808\include;C:\Program Files\Microsoft Visual Studio\2022\Enterprise\VC\Tools\MSVC\14.43.34808\ATLMFC\include;C:\Program Files\Microsoft Visual Studio\2022\Enterprise\VC\Auxiliary\VS\include;C:\Program Files (x86)\Windows Kits\10\include\10.0.26100.0\ucrt;C:\Program Files (x86)\Windows Kits\10\\include\10.0.26100.0\\um;C:\Program Files (x86)\Windows Kits\10\\include\10.0.26100.0\\shared;C:\Program Files (x86)\Windows Kits\10\\include\10.0.26100.0\\winrt;C:\Program Files (x86)\Windows Kits\10\\include\10.0.26100.0\\cppwinrt;C:\Program Files (x86)\Windows Kits\NETFXSDK\4.8\include\um
2025-06-25T02:47:48.9176828Z   is_x64_arch: true
2025-06-25T02:47:48.9179295Z   LIB: C:\Program Files\Microsoft Visual Studio\2022\Enterprise\VC\Tools\MSVC\14.43.34808\ATLMFC\lib\x64;C:\Program Files\Microsoft Visual Studio\2022\Enterprise\VC\Tools\MSVC\14.43.34808\lib\x64;C:\Program Files (x86)\Windows Kits\NETFXSDK\4.8\lib\um\x64;C:\Program Files (x86)\Windows Kits\10\lib\10.0.26100.0\ucrt\x64;C:\Program Files (x86)\Windows Kits\10\\lib\10.0.26100.0\\um\x64
2025-06-25T02:47:48.9181625Z   LIBPATH: C:\Program Files\Microsoft Visual Studio\2022\Enterprise\VC\Tools\MSVC\14.43.34808\ATLMFC\lib\x64;C:\Program Files\Microsoft Visual Studio\2022\Enterprise\VC\Tools\MSVC\14.43.34808\lib\x64;C:\Program Files\Microsoft Visual Studio\2022\Enterprise\VC\Tools\MSVC\14.43.34808\lib\x86\store\references;C:\Program Files (x86)\Windows Kits\10\UnionMetadata\10.0.26100.0;C:\Program Files (x86)\Windows Kits\10\References\10.0.26100.0;C:\Windows\Microsoft.NET\Framework64\v4.0.30319
2025-06-25T02:47:48.9183077Z   NETFXSDKDir: C:\Program Files (x86)\Windows Kits\NETFXSDK\4.8\
2025-06-25T02:47:48.9196600Z   Path: C:\Program Files\Microsoft Visual Studio\2022\Enterprise\VC\Tools\MSVC\14.43.34808\bin\HostX64\x64;C:\Program Files\Microsoft Visual Studio\2022\Enterprise\Common7\IDE\VC\VCPackages;C:\Program Files\Microsoft Visual Studio\2022\Enterprise\Common7\IDE\CommonExtensions\Microsoft\TestWindow;C:\Program Files\Microsoft Visual Studio\2022\Enterprise\Common7\IDE\CommonExtensions\Microsoft\TeamFoundation\Team Explorer;C:\Program Files\Microsoft Visual Studio\2022\Enterprise\MSBuild\Current\bin\Roslyn;C:\Program Files (x86)\Microsoft SDKs\Windows\v10.0A\bin\NETFX 4.8 Tools\x64\;C:\Program Files (x86)\HTML Help Workshop;C:\Program Files\Microsoft Visual Studio\2022\Enterprise\Common7\IDE\CommonExtensions\Microsoft\FSharp\Tools;C:\Program Files\Microsoft Visual Studio\2022\Enterprise\Team Tools\DiagnosticsHub\Collector;C:\Program Files\Microsoft Visual Studio\2022\Enterprise\Common7\IDE\Extensions\Microsoft\CodeCoverage.Console;C:\Program Files (x86)\Windows Kits\10\bin\10.0.26100.0\\x64;C:\Program Files (x86)\Windows Kits\10\bin\\x64;C:\Program Files\Microsoft Visual Studio\2022\Enterprise\\MSBuild\Current\Bin\amd64;C:\Windows\Microsoft.NET\Framework64\v4.0.30319;C:\Program Files\Microsoft Visual Studio\2022\Enterprise\Common7\IDE\;C:\Program Files\Microsoft Visual Studio\2022\Enterprise\Common7\Tools\;C:\Users\runneradmin\AppData\Roaming\Python\Python311\Scripts;C:\hostedtoolcache\windows\Python\3.11.9\x64\Scripts;C:\hostedtoolcache\windows\Python\3.11.9\x64;C:\Program Files\MongoDB\Server\5.0\bin;C:\aliyun-cli;C:\vcpkg;C:\Program Files (x86)\NSIS\;C:\tools\zstd;C:\Program Files\Mercurial\;C:\hostedtoolcache\windows\stack\3.5.1\x64;C:\cabal\bin;C:\\ghcup\bin;C:\mingw64\bin;C:\Program Files\dotnet;C:\Program Files\MySQL\MySQL Server 8.0\bin;C:\Program Files\R\R-4.4.2\bin\x64;C:\SeleniumWebDrivers\GeckoDriver;C:\SeleniumWebDrivers\EdgeDriver\;C:\SeleniumWebDrivers\ChromeDriver;C:\Program Files (x86)\sbt\bin;C:\Program Files (x86)\GitHub CLI;C:\Program Files\Git\bin;C:\Program Files (x86)\pipx_bin;C:\npm\prefix;C:\hostedtoolcache\windows\go\1.24.3\x64\bin;C:\hostedtoolcache\windows\Python\3.9.13\x64\Scripts;C:\hostedtoolcache\windows\Python\3.9.13\x64;C:\hostedtoolcache\windows\Ruby\3.3.8\x64\bin;C:\Program Files\OpenSSL\bin;C:\tools\kotlinc\bin;C:\hostedtoolcache\windows\Java_Temurin-Hotspot_jdk\8.0.452-9\x64\bin;C:\Program Files\ImageMagick-7.1.1-Q16-HDRI;C:\Program Files\Microsoft SDKs\Azure\CLI2\wbin;C:\ProgramData\kind;C:\ProgramData\Chocolatey\bin;C:\Windows\system32;C:\Windows;C:\Windows\System32\Wbem;C:\Windows\System32\WindowsPowerShell\v1.0\;C:\Windows\System32\OpenSSH\;C:\Program Files\dotnet\;C:\Program Files\PowerShell\7\;C:\Program Files\Microsoft\Web Platform Installer\;C:\Program Files\TortoiseSVN\bin;C:\Program Files\Microsoft SQL Server\Client SDK\ODBC\170\Tools\Binn\;C:\Program Files\Microsoft SQL Server\150\Tools\Binn\;C:\Program Files (x86)\Windows Kits\10\Windows Performance Toolkit\;C:\Program Files (x86)\WiX Toolset v3.14\bin;C:\Program Files\Microsoft SQL Server\130\DTS\Binn\;C:\Program Files\Microsoft SQL Server\140\DTS\Binn\;C:\Program Files\Microsoft SQL Server\150\DTS\Binn\;C:\Program Files\Microsoft SQL Server\160\DTS\Binn\;C:\Strawberry\c\bin;C:\Strawberry\perl\site\bin;C:\Strawberry\perl\bin;C:\ProgramData\chocolatey\lib\pulumi\tools\Pulumi\bin;C:\Program Files\CMake\bin;C:\ProgramData\chocolatey\lib\maven\apache-maven-3.9.9\bin;C:\Program Files\Microsoft Service Fabric\bin\Fabric\Fabric.Code;C:\Program Files\Microsoft SDKs\Service Fabric\Tools\ServiceFabricLocalClusterManager;C:\Program Files\nodejs\;C:\Program Files\Git\cmd;C:\Program Files\Git\mingw64\bin;C:\Program Files\Git\usr\bin;C:\Program Files\GitHub CLI\;c:\tools\php;C:\Program Files\Amazon\AWSCLIV2\;C:\Program Files\Amazon\SessionManagerPlugin\bin\;C:\Program Files\Amazon\AWSSAMCLI\bin\;C:\Program Files\Microsoft SQL Server\130\Tools\Binn\;C:\Program Files\LLVM\bin;C:\Users\runneradmin\.dotnet\tools;C:\Users\runneradmin\.cargo\bin;C:\Users\runneradmin\AppData\Local\Microsoft\WindowsApps;C:\Program Files (x86)\Microsoft Visual Studio\Installer;C:\Program Files\Microsoft Visual Studio\2022\Enterprise\VC\Tools\Llvm\x64\bin;C:\Program Files\Microsoft Visual Studio\2022\Enterprise\Common7\IDE\CommonExtensions\Microsoft\CMake\CMake\bin;C:\Program Files\Microsoft Visual Studio\2022\Enterprise\Common7\IDE\CommonExtensions\Microsoft\CMake\Ninja;C:\Program Files\Microsoft Visual Studio\2022\Enterprise\Common7\IDE\VC\Linux\bin\ConnectionManagerExe;C:\Program Files\Microsoft Visual Studio\2022\Enterprise\VC\vcpkg
2025-06-25T02:47:48.9209755Z   Platform: x64
2025-06-25T02:47:48.9209961Z   UCRTVersion: 10.0.26100.0
2025-06-25T02:47:48.9210216Z   UniversalCRTSdkDir: C:\Program Files (x86)\Windows Kits\10\
2025-06-25T02:47:48.9210653Z   VCIDEInstallDir: C:\Program Files\Microsoft Visual Studio\2022\Enterprise\Common7\IDE\VC\
2025-06-25T02:47:48.9211132Z   VCINSTALLDIR: C:\Program Files\Microsoft Visual Studio\2022\Enterprise\VC\
2025-06-25T02:47:48.9211488Z   VCPKG_ROOT: D:\a\synthizer3d\synthizer3d\vcpkg
2025-06-25T02:47:48.9211911Z   VCToolsInstallDir: C:\Program Files\Microsoft Visual Studio\2022\Enterprise\VC\Tools\MSVC\14.43.34808\
2025-06-25T02:47:48.9212496Z   VCToolsRedistDir: C:\Program Files\Microsoft Visual Studio\2022\Enterprise\VC\Redist\MSVC\14.42.34433\
2025-06-25T02:47:48.9212898Z   VCToolsVersion: 14.43.34808
2025-06-25T02:47:48.9213093Z   VisualStudioVersion: 17.0
2025-06-25T02:47:48.9213424Z   VS170COMNTOOLS: C:\Program Files\Microsoft Visual Studio\2022\Enterprise\Common7\Tools\
2025-06-25T02:47:48.9213782Z   VSCMD_ARG_app_plat: Desktop
2025-06-25T02:47:48.9213974Z   VSCMD_ARG_HOST_ARCH: x64
2025-06-25T02:47:48.9214152Z   VSCMD_ARG_TGT_ARCH: x64
2025-06-25T02:47:48.9214328Z   VSCMD_VER: 17.13.2
2025-06-25T02:47:48.9214596Z   VSINSTALLDIR: C:\Program Files\Microsoft Visual Studio\2022\Enterprise\
2025-06-25T02:47:48.9215019Z   VSSDK150INSTALL: C:\Program Files\Microsoft Visual Studio\2022\Enterprise\VSSDK
2025-06-25T02:47:48.9215544Z   VSSDKINSTALL: C:\Program Files\Microsoft Visual Studio\2022\Enterprise\VSSDK
2025-06-25T02:47:48.9216151Z   WindowsLibPath: C:\Program Files (x86)\Windows Kits\10\UnionMetadata\10.0.26100.0;C:\Program Files (x86)\Windows Kits\10\References\10.0.26100.0
2025-06-25T02:47:48.9216720Z   WindowsSdkBinPath: C:\Program Files (x86)\Windows Kits\10\bin\
2025-06-25T02:47:48.9217061Z   WindowsSdkDir: C:\Program Files (x86)\Windows Kits\10\
2025-06-25T02:47:48.9217338Z   WindowsSDKLibVersion: 10.0.26100.0\
2025-06-25T02:47:48.9217669Z   WindowsSdkVerBinPath: C:\Program Files (x86)\Windows Kits\10\bin\10.0.26100.0\
2025-06-25T02:47:48.9218007Z   WindowsSDKVersion: 10.0.26100.0\
2025-06-25T02:47:48.9218401Z   WindowsSDK_ExecutablePath_x64: C:\Program Files (x86)\Microsoft SDKs\Windows\v10.0A\bin\NETFX 4.8 Tools\x64\
2025-06-25T02:47:48.9218994Z   WindowsSDK_ExecutablePath_x86: C:\Program Files (x86)\Microsoft SDKs\Windows\v10.0A\bin\NETFX 4.8 Tools\
2025-06-25T02:47:48.9219392Z   __DOTNET_ADD_64BIT: 1
2025-06-25T02:47:48.9219570Z   __DOTNET_PREFERRED_BITNESS: 64
2025-06-25T02:47:48.9227596Z   __VSCMD_PREINIT_PATH: C:\Users\runneradmin\AppData\Roaming\Python\Python311\Scripts;C:\hostedtoolcache\windows\Python\3.11.9\x64\Scripts;C:\hostedtoolcache\windows\Python\3.11.9\x64;C:\Program Files\MongoDB\Server\5.0\bin;C:\aliyun-cli;C:\vcpkg;C:\Program Files (x86)\NSIS\;C:\tools\zstd;C:\Program Files\Mercurial\;C:\hostedtoolcache\windows\stack\3.5.1\x64;C:\cabal\bin;C:\\ghcup\bin;C:\mingw64\bin;C:\Program Files\dotnet;C:\Program Files\MySQL\MySQL Server 8.0\bin;C:\Program Files\R\R-4.4.2\bin\x64;C:\SeleniumWebDrivers\GeckoDriver;C:\SeleniumWebDrivers\EdgeDriver\;C:\SeleniumWebDrivers\ChromeDriver;C:\Program Files (x86)\sbt\bin;C:\Program Files (x86)\GitHub CLI;C:\Program Files\Git\bin;C:\Program Files (x86)\pipx_bin;C:\npm\prefix;C:\hostedtoolcache\windows\go\1.24.3\x64\bin;C:\hostedtoolcache\windows\Python\3.9.13\x64\Scripts;C:\hostedtoolcache\windows\Python\3.9.13\x64;C:\hostedtoolcache\windows\Ruby\3.3.8\x64\bin;C:\Program Files\OpenSSL\bin;C:\tools\kotlinc\bin;C:\hostedtoolcache\windows\Java_Temurin-Hotspot_jdk\8.0.452-9\x64\bin;C:\Program Files\ImageMagick-7.1.1-Q16-HDRI;C:\Program Files\Microsoft SDKs\Azure\CLI2\wbin;C:\ProgramData\kind;C:\ProgramData\Chocolatey\bin;C:\Windows\system32;C:\Windows;C:\Windows\System32\Wbem;C:\Windows\System32\WindowsPowerShell\v1.0\;C:\Windows\System32\OpenSSH\;C:\Program Files\dotnet\;C:\Program Files\PowerShell\7\;C:\Program Files\Microsoft\Web Platform Installer\;C:\Program Files\TortoiseSVN\bin;C:\Program Files\Microsoft SQL Server\Client SDK\ODBC\170\Tools\Binn\;C:\Program Files\Microsoft SQL Server\150\Tools\Binn\;C:\Program Files (x86)\Windows Kits\10\Windows Performance Toolkit\;C:\Program Files (x86)\WiX Toolset v3.14\bin;C:\Program Files\Microsoft SQL Server\130\DTS\Binn\;C:\Program Files\Microsoft SQL Server\140\DTS\Binn\;C:\Program Files\Microsoft SQL Server\150\DTS\Binn\;C:\Program Files\Microsoft SQL Server\160\DTS\Binn\;C:\Strawberry\c\bin;C:\Strawberry\perl\site\bin;C:\Strawberry\perl\bin;C:\ProgramData\chocolatey\lib\pulumi\tools\Pulumi\bin;C:\Program Files\CMake\bin;C:\ProgramData\chocolatey\lib\maven\apache-maven-3.9.9\bin;C:\Program Files\Microsoft Service Fabric\bin\Fabric\Fabric.Code;C:\Program Files\Microsoft SDKs\Service Fabric\Tools\ServiceFabricLocalClusterManager;C:\Program Files\nodejs\;C:\Program Files\Git\cmd;C:\Program Files\Git\mingw64\bin;C:\Program Files\Git\usr\bin;C:\Program Files\GitHub CLI\;c:\tools\php;C:\Program Files (x86)\sbt\bin;C:\Program Files\Amazon\AWSCLIV2\;C:\Program Files\Amazon\SessionManagerPlugin\bin\;C:\Program Files\Amazon\AWSSAMCLI\bin\;C:\Program Files\Microsoft SQL Server\130\Tools\Binn\;C:\Program Files\LLVM\bin;C:\Users\runneradmin\.dotnet\tools;C:\Users\runneradmin\.cargo\bin;C:\Users\runneradmin\AppData\Local\Microsoft\WindowsApps;C:\Program Files (x86)\Microsoft Visual Studio\Installer
2025-06-25T02:47:48.9235872Z   VCPKG_DEFAULT_BINARY_CACHE: D:/a/synthizer3d/synthizer3d/969f6665-88a2-4c98-938e-ca9259871fec/vcpkg_cache
2025-06-25T02:47:48.9236390Z   VCPKG_BINARY_SOURCES: clear;x-gha,readwrite
2025-06-25T02:47:48.9236944Z   ACTIONS_CACHE_URL: https://acghubeus2.actions.githubusercontent.com/bwbzopuV3oKlbowlUKWdOnf6KF0vjv7EYqCB3ZHqukKhTVgy74/
2025-06-25T02:47:48.9275009Z   ACTIONS_RUNTIME_TOKEN: ***
2025-06-25T02:47:48.9275283Z   RUNVCPKG_VCPKG_ROOT: D:\a\synthizer3d\synthizer3d\vcpkg
2025-06-25T02:47:48.9275662Z   CMAKE_PREFIX_PATH: D:\a\synthizer3d\synthizer3d\vcpkg_installed\x64-windows
2025-06-25T02:47:48.9275971Z ##[endgroup]
2025-06-25T02:47:50.3528741Z Requirement already satisfied: pip in c:\hostedtoolcache\windows\python\3.11.9\x64\lib\site-packages (25.1.1)
2025-06-25T02:47:51.7689779Z Collecting ninja
2025-06-25T02:47:51.7716234Z   Using cached ninja-1.11.1.4-py3-none-win_amd64.whl.metadata (5.0 kB)
2025-06-25T02:47:51.8916329Z Collecting cmake
2025-06-25T02:47:51.8942074Z   Using cached cmake-4.0.3-py3-none-win_amd64.whl.metadata (6.3 kB)
2025-06-25T02:47:51.9229637Z Collecting wheel
2025-06-25T02:47:51.9251834Z   Using cached wheel-0.45.1-py3-none-any.whl.metadata (2.3 kB)
2025-06-25T02:47:51.9482912Z Collecting tomli
2025-06-25T02:47:51.9505722Z   Using cached tomli-2.2.1-cp311-cp311-win_amd64.whl.metadata (12 kB)
2025-06-25T02:47:51.9541610Z Requirement already satisfied: setuptools in c:\hostedtoolcache\windows\python\3.11.9\x64\lib\site-packages (65.5.0)
2025-06-25T02:47:51.9730165Z Collecting packaging
2025-06-25T02:47:51.9751544Z   Using cached packaging-25.0-py3-none-any.whl.metadata (3.3 kB)
2025-06-25T02:47:51.9899876Z Collecting distro
2025-06-25T02:47:51.9921416Z   Using cached distro-1.9.0-py3-none-any.whl.metadata (6.8 kB)
2025-06-25T02:47:52.0135926Z Collecting scikit-build
2025-06-25T02:47:52.0169015Z   Using cached scikit_build-0.18.1-py3-none-any.whl.metadata (18 kB)
2025-06-25T02:47:52.2208762Z Collecting cython
2025-06-25T02:47:52.2233566Z   Using cached cython-3.1.2-cp311-cp311-win_amd64.whl.metadata (6.0 kB)
2025-06-25T02:47:52.2427934Z Collecting build
2025-06-25T02:47:52.2450120Z   Using cached build-1.2.2.post1-py3-none-any.whl.metadata (6.5 kB)
2025-06-25T02:47:52.2768007Z Collecting delvewheel
2025-06-25T02:47:52.2790553Z   Using cached delvewheel-1.10.1-py3-none-any.whl.metadata (17 kB)
2025-06-25T02:47:52.3135281Z Collecting pyproject_hooks (from build)
2025-06-25T02:47:52.3156830Z   Using cached pyproject_hooks-1.2.0-py3-none-any.whl.metadata (1.3 kB)
2025-06-25T02:47:52.3381834Z Collecting colorama (from build)
2025-06-25T02:47:52.3405817Z   Using cached colorama-0.4.6-py2.py3-none-any.whl.metadata (17 kB)
2025-06-25T02:47:52.3619600Z Collecting pefile>=2024.8.26 (from delvewheel)
2025-06-25T02:47:52.3651445Z   Using cached pefile-2024.8.26-py3-none-any.whl.metadata (1.4 kB)
2025-06-25T02:47:52.3723979Z Using cached ninja-1.11.1.4-py3-none-win_amd64.whl (296 kB)
2025-06-25T02:47:52.3747337Z Using cached cmake-4.0.3-py3-none-win_amd64.whl (36.9 MB)
2025-06-25T02:47:52.3948532Z Using cached wheel-0.45.1-py3-none-any.whl (72 kB)
2025-06-25T02:47:52.3969001Z Using cached tomli-2.2.1-cp311-cp311-win_amd64.whl (108 kB)
2025-06-25T02:47:52.3990374Z Using cached packaging-25.0-py3-none-any.whl (66 kB)
2025-06-25T02:47:52.4011612Z Using cached distro-1.9.0-py3-none-any.whl (20 kB)
2025-06-25T02:47:52.4032957Z Using cached scikit_build-0.18.1-py3-none-any.whl (85 kB)
2025-06-25T02:47:52.4053855Z Using cached cython-3.1.2-cp311-cp311-win_amd64.whl (2.7 MB)
2025-06-25T02:47:52.4087389Z Using cached build-1.2.2.post1-py3-none-any.whl (22 kB)
2025-06-25T02:47:52.4108376Z Using cached delvewheel-1.10.1-py3-none-any.whl (58 kB)
2025-06-25T02:47:52.4128980Z Using cached pefile-2024.8.26-py3-none-any.whl (74 kB)
2025-06-25T02:47:52.4149851Z Using cached colorama-0.4.6-py2.py3-none-any.whl (25 kB)
2025-06-25T02:47:52.4170709Z Using cached pyproject_hooks-1.2.0-py3-none-any.whl (10 kB)
2025-06-25T02:47:52.5498515Z Installing collected packages: wheel, tomli, pyproject_hooks, pefile, packaging, ninja, distro, cython, colorama, cmake, scikit-build, delvewheel, build
2025-06-25T02:48:01.5393853Z 
2025-06-25T02:48:01.5410941Z Successfully installed build-1.2.2.post1 cmake-4.0.3 colorama-0.4.6 cython-3.1.2 delvewheel-1.10.1 distro-1.9.0 ninja-1.11.1.4 packaging-25.0 pefile-2024.8.26 pyproject_hooks-1.2.0 scikit-build-0.18.1 tomli-2.2.1 wheel-0.45.1
2025-06-25T02:48:01.7261165Z ##[group]Run Set-Location $Env:GITHUB_WORKSPACE
2025-06-25T02:48:01.7261570Z [36;1mSet-Location $Env:GITHUB_WORKSPACE[0m
2025-06-25T02:48:01.7261854Z [36;1mWrite-Host "Arch: x64"[0m
2025-06-25T02:48:01.7262245Z [36;1mWrite-Host "Current CMAKE_PREFIX_PATH for build is: $env:CMAKE_PREFIX_PATH"[0m
2025-06-25T02:48:01.7262886Z [36;1mWrite-Host "EFFECTIVE_VCPKG_INSTALLED_DIR_BASE for build is: $env:EFFECTIVE_VCPKG_INSTALLED_DIR_BASE"[0m
2025-06-25T02:48:01.7263654Z [36;1mWrite-Host "Synthizer expects vcpkg path (for debug/verification): $env:SYNTHIZER_EXPECTED_VCPKG_PATH_FOR_DEBUG"[0m
2025-06-25T02:48:01.7264236Z [36;1mpython -m build --wheel --no-isolation[0m
2025-06-25T02:48:01.7294996Z shell: C:\Windows\System32\WindowsPowerShell\v1.0\powershell.EXE -command ". '{0}'"
2025-06-25T02:48:01.7295372Z env:
2025-06-25T02:48:01.7295526Z   PYVERSION: 3.11
2025-06-25T02:48:01.7295691Z   CI_ARCH_LOWER: x64
2025-06-25T02:48:01.7295858Z   CI_WINDOWS: 1
2025-06-25T02:48:01.7296037Z   CI_ARCH_ENV: x64
2025-06-25T02:48:01.7296218Z   VCPKG_DEFAULT_TRIPLET: x64-windows
2025-06-25T02:48:01.7296570Z   EFFECTIVE_VCPKG_INSTALLED_DIR_BASE: D:\a\synthizer3d\synthizer3d\vcpkg_installed
2025-06-25T02:48:01.7297001Z   pythonLocation: C:\hostedtoolcache\windows\Python\3.11.9\x64
2025-06-25T02:48:01.7297407Z   PKG_CONFIG_PATH: C:\hostedtoolcache\windows\Python\3.11.9\x64/lib/pkgconfig
2025-06-25T02:48:01.7297792Z   Python_ROOT_DIR: C:\hostedtoolcache\windows\Python\3.11.9\x64
2025-06-25T02:48:01.7298144Z   Python2_ROOT_DIR: C:\hostedtoolcache\windows\Python\3.11.9\x64
2025-06-25T02:48:01.7298493Z   Python3_ROOT_DIR: C:\hostedtoolcache\windows\Python\3.11.9\x64
2025-06-25T02:48:01.7298789Z   CommandPromptType: Native
2025-06-25T02:48:01.7299103Z   DevEnvDir: C:\Program Files\Microsoft Visual Studio\2022\Enterprise\Common7\IDE\
2025-06-25T02:48:01.7299576Z   ExtensionSdkDir: C:\Program Files (x86)\Microsoft SDKs\Windows Kits\10\ExtensionSDKs
2025-06-25T02:48:01.7301592Z   EXTERNAL_INCLUDE: C:\Program Files\Microsoft Visual Studio\2022\Enterprise\VC\Tools\MSVC\14.43.34808\include;C:\Program Files\Microsoft Visual Studio\2022\Enterprise\VC\Tools\MSVC\14.43.34808\ATLMFC\include;C:\Program Files\Microsoft Visual Studio\2022\Enterprise\VC\Auxiliary\VS\include;C:\Program Files (x86)\Windows Kits\10\include\10.0.26100.0\ucrt;C:\Program Files (x86)\Windows Kits\10\\include\10.0.26100.0\\um;C:\Program Files (x86)\Windows Kits\10\\include\10.0.26100.0\\shared;C:\Program Files (x86)\Windows Kits\10\\include\10.0.26100.0\\winrt;C:\Program Files (x86)\Windows Kits\10\\include\10.0.26100.0\\cppwinrt;C:\Program Files (x86)\Windows Kits\NETFXSDK\4.8\include\um
2025-06-25T02:48:01.7303488Z   Framework40Version: v4.0
2025-06-25T02:48:01.7303729Z   FrameworkDir: C:\Windows\Microsoft.NET\Framework64\
2025-06-25T02:48:01.7304038Z   FrameworkDir64: C:\Windows\Microsoft.NET\Framework64\
2025-06-25T02:48:01.7304303Z   FrameworkVersion: v4.0.30319
2025-06-25T02:48:01.7304514Z   FrameworkVersion64: v4.0.30319
2025-06-25T02:48:01.7304986Z   FSHARPINSTALLDIR: C:\Program Files\Microsoft Visual Studio\2022\Enterprise\Common7\IDE\CommonExtensions\Microsoft\FSharp\Tools
2025-06-25T02:48:01.7305522Z   HTMLHelpDir: C:\Program Files (x86)\HTML Help Workshop
2025-06-25T02:48:01.7305953Z   IFCPATH: C:\Program Files\Microsoft Visual Studio\2022\Enterprise\VC\Tools\MSVC\14.43.34808\ifc\x64
2025-06-25T02:48:01.7309646Z   INCLUDE: C:\Program Files\Microsoft Visual Studio\2022\Enterprise\VC\Tools\MSVC\14.43.34808\include;C:\Program Files\Microsoft Visual Studio\2022\Enterprise\VC\Tools\MSVC\14.43.34808\ATLMFC\include;C:\Program Files\Microsoft Visual Studio\2022\Enterprise\VC\Auxiliary\VS\include;C:\Program Files (x86)\Windows Kits\10\include\10.0.26100.0\ucrt;C:\Program Files (x86)\Windows Kits\10\\include\10.0.26100.0\\um;C:\Program Files (x86)\Windows Kits\10\\include\10.0.26100.0\\shared;C:\Program Files (x86)\Windows Kits\10\\include\10.0.26100.0\\winrt;C:\Program Files (x86)\Windows Kits\10\\include\10.0.26100.0\\cppwinrt;C:\Program Files (x86)\Windows Kits\NETFXSDK\4.8\include\um
2025-06-25T02:48:01.7312229Z   is_x64_arch: true
2025-06-25T02:48:01.7313272Z   LIB: C:\Program Files\Microsoft Visual Studio\2022\Enterprise\VC\Tools\MSVC\14.43.34808\ATLMFC\lib\x64;C:\Program Files\Microsoft Visual Studio\2022\Enterprise\VC\Tools\MSVC\14.43.34808\lib\x64;C:\Program Files (x86)\Windows Kits\NETFXSDK\4.8\lib\um\x64;C:\Program Files (x86)\Windows Kits\10\lib\10.0.26100.0\ucrt\x64;C:\Program Files (x86)\Windows Kits\10\\lib\10.0.26100.0\\um\x64
2025-06-25T02:48:01.7315503Z   LIBPATH: C:\Program Files\Microsoft Visual Studio\2022\Enterprise\VC\Tools\MSVC\14.43.34808\ATLMFC\lib\x64;C:\Program Files\Microsoft Visual Studio\2022\Enterprise\VC\Tools\MSVC\14.43.34808\lib\x64;C:\Program Files\Microsoft Visual Studio\2022\Enterprise\VC\Tools\MSVC\14.43.34808\lib\x86\store\references;C:\Program Files (x86)\Windows Kits\10\UnionMetadata\10.0.26100.0;C:\Program Files (x86)\Windows Kits\10\References\10.0.26100.0;C:\Windows\Microsoft.NET\Framework64\v4.0.30319
2025-06-25T02:48:01.7316960Z   NETFXSDKDir: C:\Program Files (x86)\Windows Kits\NETFXSDK\4.8\
2025-06-25T02:48:01.7330430Z   Path: C:\Program Files\Microsoft Visual Studio\2022\Enterprise\VC\Tools\MSVC\14.43.34808\bin\HostX64\x64;C:\Program Files\Microsoft Visual Studio\2022\Enterprise\Common7\IDE\VC\VCPackages;C:\Program Files\Microsoft Visual Studio\2022\Enterprise\Common7\IDE\CommonExtensions\Microsoft\TestWindow;C:\Program Files\Microsoft Visual Studio\2022\Enterprise\Common7\IDE\CommonExtensions\Microsoft\TeamFoundation\Team Explorer;C:\Program Files\Microsoft Visual Studio\2022\Enterprise\MSBuild\Current\bin\Roslyn;C:\Program Files (x86)\Microsoft SDKs\Windows\v10.0A\bin\NETFX 4.8 Tools\x64\;C:\Program Files (x86)\HTML Help Workshop;C:\Program Files\Microsoft Visual Studio\2022\Enterprise\Common7\IDE\CommonExtensions\Microsoft\FSharp\Tools;C:\Program Files\Microsoft Visual Studio\2022\Enterprise\Team Tools\DiagnosticsHub\Collector;C:\Program Files\Microsoft Visual Studio\2022\Enterprise\Common7\IDE\Extensions\Microsoft\CodeCoverage.Console;C:\Program Files (x86)\Windows Kits\10\bin\10.0.26100.0\\x64;C:\Program Files (x86)\Windows Kits\10\bin\\x64;C:\Program Files\Microsoft Visual Studio\2022\Enterprise\\MSBuild\Current\Bin\amd64;C:\Windows\Microsoft.NET\Framework64\v4.0.30319;C:\Program Files\Microsoft Visual Studio\2022\Enterprise\Common7\IDE\;C:\Program Files\Microsoft Visual Studio\2022\Enterprise\Common7\Tools\;C:\Users\runneradmin\AppData\Roaming\Python\Python311\Scripts;C:\hostedtoolcache\windows\Python\3.11.9\x64\Scripts;C:\hostedtoolcache\windows\Python\3.11.9\x64;C:\Program Files\MongoDB\Server\5.0\bin;C:\aliyun-cli;C:\vcpkg;C:\Program Files (x86)\NSIS\;C:\tools\zstd;C:\Program Files\Mercurial\;C:\hostedtoolcache\windows\stack\3.5.1\x64;C:\cabal\bin;C:\\ghcup\bin;C:\mingw64\bin;C:\Program Files\dotnet;C:\Program Files\MySQL\MySQL Server 8.0\bin;C:\Program Files\R\R-4.4.2\bin\x64;C:\SeleniumWebDrivers\GeckoDriver;C:\SeleniumWebDrivers\EdgeDriver\;C:\SeleniumWebDrivers\ChromeDriver;C:\Program Files (x86)\sbt\bin;C:\Program Files (x86)\GitHub CLI;C:\Program Files\Git\bin;C:\Program Files (x86)\pipx_bin;C:\npm\prefix;C:\hostedtoolcache\windows\go\1.24.3\x64\bin;C:\hostedtoolcache\windows\Python\3.9.13\x64\Scripts;C:\hostedtoolcache\windows\Python\3.9.13\x64;C:\hostedtoolcache\windows\Ruby\3.3.8\x64\bin;C:\Program Files\OpenSSL\bin;C:\tools\kotlinc\bin;C:\hostedtoolcache\windows\Java_Temurin-Hotspot_jdk\8.0.452-9\x64\bin;C:\Program Files\ImageMagick-7.1.1-Q16-HDRI;C:\Program Files\Microsoft SDKs\Azure\CLI2\wbin;C:\ProgramData\kind;C:\ProgramData\Chocolatey\bin;C:\Windows\system32;C:\Windows;C:\Windows\System32\Wbem;C:\Windows\System32\WindowsPowerShell\v1.0\;C:\Windows\System32\OpenSSH\;C:\Program Files\dotnet\;C:\Program Files\PowerShell\7\;C:\Program Files\Microsoft\Web Platform Installer\;C:\Program Files\TortoiseSVN\bin;C:\Program Files\Microsoft SQL Server\Client SDK\ODBC\170\Tools\Binn\;C:\Program Files\Microsoft SQL Server\150\Tools\Binn\;C:\Program Files (x86)\Windows Kits\10\Windows Performance Toolkit\;C:\Program Files (x86)\WiX Toolset v3.14\bin;C:\Program Files\Microsoft SQL Server\130\DTS\Binn\;C:\Program Files\Microsoft SQL Server\140\DTS\Binn\;C:\Program Files\Microsoft SQL Server\150\DTS\Binn\;C:\Program Files\Microsoft SQL Server\160\DTS\Binn\;C:\Strawberry\c\bin;C:\Strawberry\perl\site\bin;C:\Strawberry\perl\bin;C:\ProgramData\chocolatey\lib\pulumi\tools\Pulumi\bin;C:\Program Files\CMake\bin;C:\ProgramData\chocolatey\lib\maven\apache-maven-3.9.9\bin;C:\Program Files\Microsoft Service Fabric\bin\Fabric\Fabric.Code;C:\Program Files\Microsoft SDKs\Service Fabric\Tools\ServiceFabricLocalClusterManager;C:\Program Files\nodejs\;C:\Program Files\Git\cmd;C:\Program Files\Git\mingw64\bin;C:\Program Files\Git\usr\bin;C:\Program Files\GitHub CLI\;c:\tools\php;C:\Program Files\Amazon\AWSCLIV2\;C:\Program Files\Amazon\SessionManagerPlugin\bin\;C:\Program Files\Amazon\AWSSAMCLI\bin\;C:\Program Files\Microsoft SQL Server\130\Tools\Binn\;C:\Program Files\LLVM\bin;C:\Users\runneradmin\.dotnet\tools;C:\Users\runneradmin\.cargo\bin;C:\Users\runneradmin\AppData\Local\Microsoft\WindowsApps;C:\Program Files (x86)\Microsoft Visual Studio\Installer;C:\Program Files\Microsoft Visual Studio\2022\Enterprise\VC\Tools\Llvm\x64\bin;C:\Program Files\Microsoft Visual Studio\2022\Enterprise\Common7\IDE\CommonExtensions\Microsoft\CMake\CMake\bin;C:\Program Files\Microsoft Visual Studio\2022\Enterprise\Common7\IDE\CommonExtensions\Microsoft\CMake\Ninja;C:\Program Files\Microsoft Visual Studio\2022\Enterprise\Common7\IDE\VC\Linux\bin\ConnectionManagerExe;C:\Program Files\Microsoft Visual Studio\2022\Enterprise\VC\vcpkg
2025-06-25T02:48:01.7343621Z   Platform: x64
2025-06-25T02:48:01.7343794Z   UCRTVersion: 10.0.26100.0
2025-06-25T02:48:01.7344057Z   UniversalCRTSdkDir: C:\Program Files (x86)\Windows Kits\10\
2025-06-25T02:48:01.7344498Z   VCIDEInstallDir: C:\Program Files\Microsoft Visual Studio\2022\Enterprise\Common7\IDE\VC\
2025-06-25T02:48:01.7344980Z   VCINSTALLDIR: C:\Program Files\Microsoft Visual Studio\2022\Enterprise\VC\
2025-06-25T02:48:01.7345334Z   VCPKG_ROOT: D:\a\synthizer3d\synthizer3d\vcpkg
2025-06-25T02:48:01.7345760Z   VCToolsInstallDir: C:\Program Files\Microsoft Visual Studio\2022\Enterprise\VC\Tools\MSVC\14.43.34808\
2025-06-25T02:48:01.7346352Z   VCToolsRedistDir: C:\Program Files\Microsoft Visual Studio\2022\Enterprise\VC\Redist\MSVC\14.42.34433\
2025-06-25T02:48:01.7346756Z   VCToolsVersion: 14.43.34808
2025-06-25T02:48:01.7346957Z   VisualStudioVersion: 17.0
2025-06-25T02:48:01.7347282Z   VS170COMNTOOLS: C:\Program Files\Microsoft Visual Studio\2022\Enterprise\Common7\Tools\
2025-06-25T02:48:01.7347648Z   VSCMD_ARG_app_plat: Desktop
2025-06-25T02:48:01.7347851Z   VSCMD_ARG_HOST_ARCH: x64
2025-06-25T02:48:01.7348025Z   VSCMD_ARG_TGT_ARCH: x64
2025-06-25T02:48:01.7348204Z   VSCMD_VER: 17.13.2
2025-06-25T02:48:01.7348471Z   VSINSTALLDIR: C:\Program Files\Microsoft Visual Studio\2022\Enterprise\
2025-06-25T02:48:01.7348909Z   VSSDK150INSTALL: C:\Program Files\Microsoft Visual Studio\2022\Enterprise\VSSDK
2025-06-25T02:48:01.7349338Z   VSSDKINSTALL: C:\Program Files\Microsoft Visual Studio\2022\Enterprise\VSSDK
2025-06-25T02:48:01.7349948Z   WindowsLibPath: C:\Program Files (x86)\Windows Kits\10\UnionMetadata\10.0.26100.0;C:\Program Files (x86)\Windows Kits\10\References\10.0.26100.0
2025-06-25T02:48:01.7350525Z   WindowsSdkBinPath: C:\Program Files (x86)\Windows Kits\10\bin\
2025-06-25T02:48:01.7350866Z   WindowsSdkDir: C:\Program Files (x86)\Windows Kits\10\
2025-06-25T02:48:01.7351134Z   WindowsSDKLibVersion: 10.0.26100.0\
2025-06-25T02:48:01.7351463Z   WindowsSdkVerBinPath: C:\Program Files (x86)\Windows Kits\10\bin\10.0.26100.0\
2025-06-25T02:48:01.7351884Z   WindowsSDKVersion: 10.0.26100.0\
2025-06-25T02:48:01.7352283Z   WindowsSDK_ExecutablePath_x64: C:\Program Files (x86)\Microsoft SDKs\Windows\v10.0A\bin\NETFX 4.8 Tools\x64\
2025-06-25T02:48:01.7352875Z   WindowsSDK_ExecutablePath_x86: C:\Program Files (x86)\Microsoft SDKs\Windows\v10.0A\bin\NETFX 4.8 Tools\
2025-06-25T02:48:01.7353333Z   __DOTNET_ADD_64BIT: 1
2025-06-25T02:48:01.7353523Z   __DOTNET_PREFERRED_BITNESS: 64
2025-06-25T02:48:01.7361486Z   __VSCMD_PREINIT_PATH: C:\Users\runneradmin\AppData\Roaming\Python\Python311\Scripts;C:\hostedtoolcache\windows\Python\3.11.9\x64\Scripts;C:\hostedtoolcache\windows\Python\3.11.9\x64;C:\Program Files\MongoDB\Server\5.0\bin;C:\aliyun-cli;C:\vcpkg;C:\Program Files (x86)\NSIS\;C:\tools\zstd;C:\Program Files\Mercurial\;C:\hostedtoolcache\windows\stack\3.5.1\x64;C:\cabal\bin;C:\\ghcup\bin;C:\mingw64\bin;C:\Program Files\dotnet;C:\Program Files\MySQL\MySQL Server 8.0\bin;C:\Program Files\R\R-4.4.2\bin\x64;C:\SeleniumWebDrivers\GeckoDriver;C:\SeleniumWebDrivers\EdgeDriver\;C:\SeleniumWebDrivers\ChromeDriver;C:\Program Files (x86)\sbt\bin;C:\Program Files (x86)\GitHub CLI;C:\Program Files\Git\bin;C:\Program Files (x86)\pipx_bin;C:\npm\prefix;C:\hostedtoolcache\windows\go\1.24.3\x64\bin;C:\hostedtoolcache\windows\Python\3.9.13\x64\Scripts;C:\hostedtoolcache\windows\Python\3.9.13\x64;C:\hostedtoolcache\windows\Ruby\3.3.8\x64\bin;C:\Program Files\OpenSSL\bin;C:\tools\kotlinc\bin;C:\hostedtoolcache\windows\Java_Temurin-Hotspot_jdk\8.0.452-9\x64\bin;C:\Program Files\ImageMagick-7.1.1-Q16-HDRI;C:\Program Files\Microsoft SDKs\Azure\CLI2\wbin;C:\ProgramData\kind;C:\ProgramData\Chocolatey\bin;C:\Windows\system32;C:\Windows;C:\Windows\System32\Wbem;C:\Windows\System32\WindowsPowerShell\v1.0\;C:\Windows\System32\OpenSSH\;C:\Program Files\dotnet\;C:\Program Files\PowerShell\7\;C:\Program Files\Microsoft\Web Platform Installer\;C:\Program Files\TortoiseSVN\bin;C:\Program Files\Microsoft SQL Server\Client SDK\ODBC\170\Tools\Binn\;C:\Program Files\Microsoft SQL Server\150\Tools\Binn\;C:\Program Files (x86)\Windows Kits\10\Windows Performance Toolkit\;C:\Program Files (x86)\WiX Toolset v3.14\bin;C:\Program Files\Microsoft SQL Server\130\DTS\Binn\;C:\Program Files\Microsoft SQL Server\140\DTS\Binn\;C:\Program Files\Microsoft SQL Server\150\DTS\Binn\;C:\Program Files\Microsoft SQL Server\160\DTS\Binn\;C:\Strawberry\c\bin;C:\Strawberry\perl\site\bin;C:\Strawberry\perl\bin;C:\ProgramData\chocolatey\lib\pulumi\tools\Pulumi\bin;C:\Program Files\CMake\bin;C:\ProgramData\chocolatey\lib\maven\apache-maven-3.9.9\bin;C:\Program Files\Microsoft Service Fabric\bin\Fabric\Fabric.Code;C:\Program Files\Microsoft SDKs\Service Fabric\Tools\ServiceFabricLocalClusterManager;C:\Program Files\nodejs\;C:\Program Files\Git\cmd;C:\Program Files\Git\mingw64\bin;C:\Program Files\Git\usr\bin;C:\Program Files\GitHub CLI\;c:\tools\php;C:\Program Files (x86)\sbt\bin;C:\Program Files\Amazon\AWSCLIV2\;C:\Program Files\Amazon\SessionManagerPlugin\bin\;C:\Program Files\Amazon\AWSSAMCLI\bin\;C:\Program Files\Microsoft SQL Server\130\Tools\Binn\;C:\Program Files\LLVM\bin;C:\Users\runneradmin\.dotnet\tools;C:\Users\runneradmin\.cargo\bin;C:\Users\runneradmin\AppData\Local\Microsoft\WindowsApps;C:\Program Files (x86)\Microsoft Visual Studio\Installer
2025-06-25T02:48:01.7369803Z   VCPKG_DEFAULT_BINARY_CACHE: D:/a/synthizer3d/synthizer3d/969f6665-88a2-4c98-938e-ca9259871fec/vcpkg_cache
2025-06-25T02:48:01.7370255Z   VCPKG_BINARY_SOURCES: clear;x-gha,readwrite
2025-06-25T02:48:01.7370799Z   ACTIONS_CACHE_URL: https://acghubeus2.actions.githubusercontent.com/bwbzopuV3oKlbowlUKWdOnf6KF0vjv7EYqCB3ZHqukKhTVgy74/
2025-06-25T02:48:01.7408361Z   ACTIONS_RUNTIME_TOKEN: ***
2025-06-25T02:48:01.7408629Z   RUNVCPKG_VCPKG_ROOT: D:\a\synthizer3d\synthizer3d\vcpkg
2025-06-25T02:48:01.7409006Z   CMAKE_PREFIX_PATH: D:\a\synthizer3d\synthizer3d\vcpkg_installed\x64-windows
2025-06-25T02:48:01.7409493Z   SYNTHIZER_EXPECTED_VCPKG_PATH_FOR_DEBUG: D:\a\synthizer3d\synthizer3d\vcpkg_installed\x64-windows
2025-06-25T02:48:01.7409952Z ##[endgroup]
2025-06-25T02:48:02.0357424Z Arch: x64
2025-06-25T02:48:02.0376214Z Current CMAKE_PREFIX_PATH for build is: D:\a\synthizer3d\synthizer3d\vcpkg_installed\x64-windows
2025-06-25T02:48:02.0384330Z EFFECTIVE_VCPKG_INSTALLED_DIR_BASE for build is: D:\a\synthizer3d\synthizer3d\vcpkg_installed
2025-06-25T02:48:02.0392451Z Synthizer expects vcpkg path (for debug/verification): D:\a\synthizer3d\synthizer3d\vcpkg_installed\x64-windows
2025-06-25T02:48:02.1549898Z * Getting build dependencies for wheel...
2025-06-25T02:48:06.4885762Z Set VCPKG_INSTALLED_PATH to D:\a\synthizer3d\synthizer3d\vcpkg_installed\x64-windows
2025-06-25T02:48:06.4886262Z 
2025-06-25T02:48:06.4886279Z 
2025-06-25T02:48:06.4886527Z --------------------------------------------------------------------------------
2025-06-25T02:48:06.4886969Z -- Trying 'Ninja (Visual Studio 17 2022 x64 v144)' generator
2025-06-25T02:48:06.4887355Z --------------------------------
2025-06-25T02:48:06.4887645Z ---------------------------
2025-06-25T02:48:06.4887945Z ----------------------
2025-06-25T02:48:06.4888187Z -----------------
2025-06-25T02:48:06.4888381Z ------------
2025-06-25T02:48:06.4888555Z -------
2025-06-25T02:48:06.4888729Z --
2025-06-25T02:48:06.5010783Z Not searching for unused variables given on the command line.
2025-06-25T02:48:06.6037918Z CMake Deprecation Warning at CMakeLists.txt:1 (cmake_minimum_required):
2025-06-25T02:48:06.6038965Z   Compatibility with CMake < 3.10 will be removed from a future version of
2025-06-25T02:48:06.6039570Z   CMake.
2025-06-25T02:48:06.6039722Z 
2025-06-25T02:48:06.6040237Z   Update the VERSION argument <min> value.  Or, use the <min>...<max> syntax
2025-06-25T02:48:06.6041224Z   to tell CMake that the project requires at least <min> but has been updated
2025-06-25T02:48:06.6042048Z   to work with policies introduced by <max> or earlier.
2025-06-25T02:48:06.6042415Z 
2025-06-25T02:48:06.6042424Z 
2025-06-25T02:48:08.7256013Z -- The C compiler identification is MSVC 19.43.34808.0
2025-06-25T02:48:08.7799713Z -- Detecting C compiler ABI info
2025-06-25T02:48:09.9428704Z -- Detecting C compiler ABI info - done
2025-06-25T02:48:09.9647405Z -- Check for working C compiler: C:/Program Files/Microsoft Visual Studio/2022/Enterprise/VC/Tools/MSVC/14.43.34808/bin/Hostx86/x64/cl.exe - skipped
2025-06-25T02:48:09.9651206Z -- Detecting C compile features
2025-06-25T02:48:09.9657428Z -- Detecting C compile features - done
2025-06-25T02:48:10.8051740Z -- The CXX compiler identification is MSVC 19.43.34808.0
2025-06-25T02:48:10.8138020Z -- Detecting CXX compiler ABI info
2025-06-25T02:48:11.2594507Z -- Detecting CXX compiler ABI info - done
2025-06-25T02:48:11.2730955Z -- Check for working CXX compiler: C:/Program Files/Microsoft Visual Studio/2022/Enterprise/VC/Tools/MSVC/14.43.34808/bin/Hostx86/x64/cl.exe - skipped
2025-06-25T02:48:11.2734944Z -- Detecting CXX compile features
2025-06-25T02:48:11.2746447Z -- Detecting CXX compile features - done
2025-06-25T02:48:11.2776657Z -- Configuring done (4.8s)
2025-06-25T02:48:11.2933565Z -- Generating done (0.0s)
2025-06-25T02:48:11.2942176Z -- Build files have been written to: D:/a/synthizer3d/synthizer3d/_cmake_test_compile/build
2025-06-25T02:48:11.3026605Z --
2025-06-25T02:48:11.3026848Z -------
2025-06-25T02:48:11.3027038Z ------------
2025-06-25T02:48:11.3027327Z -----------------
2025-06-25T02:48:11.3027578Z ----------------------
2025-06-25T02:48:11.3027848Z ---------------------------
2025-06-25T02:48:11.3028131Z --------------------------------
2025-06-25T02:48:11.3028576Z -- Trying 'Ninja (Visual Studio 17 2022 x64 v144)' generator - success
2025-06-25T02:48:11.3029115Z --------------------------------------------------------------------------------
2025-06-25T02:48:11.3029371Z 
2025-06-25T02:48:11.3674874Z Configuring Project
2025-06-25T02:48:11.3675369Z   Working directory:
2025-06-25T02:48:11.3675925Z     D:\a\synthizer3d\synthizer3d\_skbuild\win-amd64-3.11\cmake-build
2025-06-25T02:48:11.3676376Z   Command:
2025-06-25T02:48:11.3689281Z     'C:\hostedtoolcache\windows\Python\3.11.9\x64\Lib\site-packages\cmake\data\bin/cmake.exe' 'D:\a\synthizer3d\synthizer3d\synthizer-vendored' -G Ninja '-DCMAKE_MAKE_PROGRAM:FILEPATH=C:\hostedtoolcache\windows\Python\3.11.9\x64\Scripts\ninja' -D_SKBUILD_FORCE_MSVC=1930 --no-warn-unused-cli '-DCMAKE_INSTALL_PREFIX:PATH=D:\a\synthizer3d\synthizer3d\_skbuild\win-amd64-3.11\cmake-install' -DPYTHON_VERSION_STRING:STRING=3.11.9 -DSKBUILD:INTERNAL=TRUE '-DCMAKE_MODULE_PATH:PATH=C:\hostedtoolcache\windows\Python\3.11.9\x64\Lib\site-packages\skbuild\resources\cmake' '-DPYTHON_EXECUTABLE:PATH=C:\hostedtoolcache\windows\Python\3.11.9\x64\python.exe' '-DPYTHON_INCLUDE_DIR:PATH=C:\hostedtoolcache\windows\Python\3.11.9\x64\Include' '-DPYTHON_LIBRARY:PATH=C:\hostedtoolcache\windows\Python\3.11.9\x64\libs\python311.lib' '-DPython_EXECUTABLE:PATH=C:\hostedtoolcache\windows\Python\3.11.9\x64\python.exe' '-DPython_ROOT_DIR:PATH=C:\hostedtoolcache\windows\Python\3.11.9\x64' -DPython_FIND_REGISTRY:STRING=NEVER '-DPython_INCLUDE_DIR:PATH=C:\hostedtoolcache\windows\Python\3.11.9\x64\Include' '-DPython_LIBRARY:PATH=C:\hostedtoolcache\windows\Python\3.11.9\x64\libs\python311.lib' '-DPython3_EXECUTABLE:PATH=C:\hostedtoolcache\windows\Python\3.11.9\x64\python.exe' '-DPython3_ROOT_DIR:PATH=C:\hostedtoolcache\windows\Python\3.11.9\x64' -DPython3_FIND_REGISTRY:STRING=NEVER '-DPython3_INCLUDE_DIR:PATH=C:\hostedtoolcache\windows\Python\3.11.9\x64\Include' '-DPython3_LIBRARY:PATH=C:\hostedtoolcache\windows\Python\3.11.9\x64\libs\python311.lib' '-DCMAKE_MAKE_PROGRAM:FILEPATH=C:\hostedtoolcache\windows\Python\3.11.9\x64\Scripts\ninja' -DCMAKE_BUILD_TYPE=Release -DCMAKE_MSVC_RUNTIME_LIBRARY=MultiThreadedDLL -DSYZ_STATIC_RUNTIME=OFF -DCMAKE_POSITION_INDEPENDENT_CODE=TRUE -DSYZ_INTEGRATING=ON
2025-06-25T02:48:11.3696773Z 
2025-06-25T02:48:11.3824375Z Not searching for unused variables given on the command line.
2025-06-25T02:48:11.7533555Z -- The C compiler identification is MSVC 19.43.34808.0
2025-06-25T02:48:12.0962474Z -- The CXX compiler identification is MSVC 19.43.34808.0
2025-06-25T02:48:12.1458942Z -- Detecting C compiler ABI info
2025-06-25T02:48:12.5848607Z -- Detecting C compiler ABI info - done
2025-06-25T02:48:12.5986534Z -- Check for working C compiler: C:/Program Files/Microsoft Visual Studio/2022/Enterprise/VC/Tools/MSVC/14.43.34808/bin/Hostx86/x64/cl.exe - skipped
2025-06-25T02:48:12.5990131Z -- Detecting C compile features
2025-06-25T02:48:12.5995871Z -- Detecting C compile features - done
2025-06-25T02:48:12.6088943Z -- Detecting CXX compiler ABI info
2025-06-25T02:48:12.9682407Z -- Detecting CXX compiler ABI info - done
2025-06-25T02:48:12.9820887Z -- Check for working CXX compiler: C:/Program Files/Microsoft Visual Studio/2022/Enterprise/VC/Tools/MSVC/14.43.34808/bin/Hostx86/x64/cl.exe - skipped
2025-06-25T02:48:12.9826571Z -- Detecting CXX compile features
2025-06-25T02:48:12.9839392Z -- Detecting CXX compile features - done
2025-06-25T02:48:13.3243176Z -- Performing Test CMAKE_HAVE_LIBC_PTHREAD
2025-06-25T02:48:13.8561557Z -- Performing Test CMAKE_HAVE_LIBC_PTHREAD - Failed
2025-06-25T02:48:13.8563841Z -- Looking for pthread_create in pthreads
2025-06-25T02:48:14.0162200Z -- Looking for pthread_create in pthreads - not found
2025-06-25T02:48:14.0162870Z -- Looking for pthread_create in pthread
2025-06-25T02:48:14.1431009Z -- Looking for pthread_create in pthread - not found
2025-06-25T02:48:14.1441894Z -- Found Threads: TRUE
2025-06-25T02:48:14.2504580Z -- Found SoundTouch: D:/a/synthizer3d/synthizer3d/vcpkg_installed/x64-windows/debug/bin/SoundTouch.dll
2025-06-25T02:48:15.2752194Z CMake Error at C:/hostedtoolcache/windows/Python/3.11.9/x64/Lib/site-packages/cmake/data/share/cmake-4.0/Modules/FindPackageHandleStandardArgs.cmake:227 (message):
2025-06-25T02:48:15.2778339Z ##[error]  Could NOT find PkgConfig (missing: PKG_CONFIG_EXECUTABLE)
2025-06-25T02:48:15.2784659Z Call Stack (most recent call first):
2025-06-25T02:48:15.2785624Z   C:/hostedtoolcache/windows/Python/3.11.9/x64/Lib/site-packages/cmake/data/share/cmake-4.0/Modules/FindPackageHandleStandardArgs.cmake:591 (_FPHSA_FAILURE_MESSAGE)
2025-06-25T02:48:15.2787205Z   C:/hostedtoolcache/windows/Python/3.11.9/x64/Lib/site-packages/cmake/data/share/cmake-4.0/Modules/FindPkgConfig.cmake:110 (find_package_handle_standard_args)
2025-06-25T02:48:15.2788274Z   D:/a/synthizer3d/synthizer3d/vcpkg/scripts/buildsystems/vcpkg.cmake:893 (_find_package)
2025-06-25T02:48:15.2788741Z   CMakeLists.txt:31 (find_package)
2025-06-25T02:48:15.2788910Z 
2025-06-25T02:48:15.2788917Z 
2025-06-25T02:48:15.2789124Z -- Configuring incomplete, errors occurred!
2025-06-25T02:48:15.2844026Z Traceback (most recent call last):
2025-06-25T02:48:15.2845013Z   File "C:\hostedtoolcache\windows\Python\3.11.9\x64\Lib\site-packages\pyproject_hooks\_in_process\_in_process.py", line 389, in <module>
2025-06-25T02:48:15.2846519Z     main()
2025-06-25T02:48:15.2847514Z   File "C:\hostedtoolcache\windows\Python\3.11.9\x64\Lib\site-packages\pyproject_hooks\_in_process\_in_process.py", line 373, in main
2025-06-25T02:48:15.2849070Z     json_out["return_val"] = hook(**hook_input["kwargs"])
2025-06-25T02:48:15.2849593Z                              ^^^^^^^^^^^^^^^^^^^^^^^^^^^^
2025-06-25T02:48:15.2850619Z   File "C:\hostedtoolcache\windows\Python\3.11.9\x64\Lib\site-packages\pyproject_hooks\_in_process\_in_process.py", line 143, in get_requires_for_build_wheel
2025-06-25T02:48:15.2851518Z     return hook(config_settings)
2025-06-25T02:48:15.2851934Z            ^^^^^^^^^^^^^^^^^^^^^
2025-06-25T02:48:15.2852761Z   File "C:\hostedtoolcache\windows\Python\3.11.9\x64\Lib\site-packages\setuptools\build_meta.py", line 338, in get_requires_for_build_wheel
2025-06-25T02:48:15.2897962Z     return self._get_build_requires(config_settings, requirements=['wheel'])
2025-06-25T02:48:15.2898899Z            ^^^^^^^^^^^^^^^^^^^^^^^^^^^^^^^^^^^^^^^^^^^^^^^^^^^^^^^^^^^^^^^^^
2025-06-25T02:48:15.2899877Z   File "C:\hostedtoolcache\windows\Python\3.11.9\x64\Lib\site-packages\setuptools\build_meta.py", line 320, in _get_build_requires
2025-06-25T02:48:15.2900966Z     self.run_setup()
2025-06-25T02:48:15.2902050Z   File "C:\hostedtoolcache\windows\Python\3.11.9\x64\Lib\site-packages\setuptools\build_meta.py", line 484, in run_setup
2025-06-25T02:48:15.2904877Z     self).run_setup(setup_script=setup_script)
2025-06-25T02:48:15.2905373Z           ^^^^^^^^^^^^^^^^^^^^^^^^^^^^^^^^^^^^
2025-06-25T02:48:15.2906257Z   File "C:\hostedtoolcache\windows\Python\3.11.9\x64\Lib\site-packages\setuptools\build_meta.py", line 335, in run_setup
2025-06-25T02:48:15.2907021Z     exec(code, locals())
2025-06-25T02:48:15.2907808Z   File "<string>", line 57, in <module>
2025-06-25T02:48:15.2908663Z   File "C:\hostedtoolcache\windows\Python\3.11.9\x64\Lib\site-packages\skbuild\cmaker.py", line 354, in configure
2025-06-25T02:48:15.2909381Z     raise SKBuildError(msg)
2025-06-25T02:48:15.2910844Z skbuild.exceptions.SKBuildError: An error occurred while configuring with CMake.
2025-06-25T02:48:15.2911462Z   Command:
2025-06-25T02:48:15.2919462Z     'C:\hostedtoolcache\windows\Python\3.11.9\x64\Lib\site-packages\cmake\data\bin/cmake.exe' 'D:\a\synthizer3d\synthizer3d\synthizer-vendored' -G Ninja '-DCMAKE_MAKE_PROGRAM:FILEPATH=C:\hostedtoolcache\windows\Python\3.11.9\x64\Scripts\ninja' -D_SKBUILD_FORCE_MSVC=1930 --no-warn-unused-cli '-DCMAKE_INSTALL_PREFIX:PATH=D:\a\synthizer3d\synthizer3d\_skbuild\win-amd64-3.11\cmake-install' -DPYTHON_VERSION_STRING:STRING=3.11.9 -DSKBUILD:INTERNAL=TRUE '-DCMAKE_MODULE_PATH:PATH=C:\hostedtoolcache\windows\Python\3.11.9\x64\Lib\site-packages\skbuild\resources\cmake' '-DPYTHON_EXECUTABLE:PATH=C:\hostedtoolcache\windows\Python\3.11.9\x64\python.exe' '-DPYTHON_INCLUDE_DIR:PATH=C:\hostedtoolcache\windows\Python\3.11.9\x64\Include' '-DPYTHON_LIBRARY:PATH=C:\hostedtoolcache\windows\Python\3.11.9\x64\libs\python311.lib' '-DPython_EXECUTABLE:PATH=C:\hostedtoolcache\windows\Python\3.11.9\x64\python.exe' '-DPython_ROOT_DIR:PATH=C:\hostedtoolcache\windows\Python\3.11.9\x64' -DPython_FIND_REGISTRY:STRING=NEVER '-DPython_INCLUDE_DIR:PATH=C:\hostedtoolcache\windows\Python\3.11.9\x64\Include' '-DPython_LIBRARY:PATH=C:\hostedtoolcache\windows\Python\3.11.9\x64\libs\python311.lib' '-DPython3_EXECUTABLE:PATH=C:\hostedtoolcache\windows\Python\3.11.9\x64\python.exe' '-DPython3_ROOT_DIR:PATH=C:\hostedtoolcache\windows\Python\3.11.9\x64' -DPython3_FIND_REGISTRY:STRING=NEVER '-DPython3_INCLUDE_DIR:PATH=C:\hostedtoolcache\windows\Python\3.11.9\x64\Include' '-DPython3_LIBRARY:PATH=C:\hostedtoolcache\windows\Python\3.11.9\x64\libs\python311.lib' '-DCMAKE_MAKE_PROGRAM:FILEPATH=C:\hostedtoolcache\windows\Python\3.11.9\x64\Scripts\ninja' -DCMAKE_BUILD_TYPE=Release -DCMAKE_MSVC_RUNTIME_LIBRARY=MultiThreadedDLL -DSYZ_STATIC_RUNTIME=OFF -DCMAKE_POSITION_INDEPENDENT_CODE=TRUE -DSYZ_INTEGRATING=ON
2025-06-25T02:48:15.2925021Z   Source directory:
2025-06-25T02:48:15.2925303Z     D:\a\synthizer3d\synthizer3d\synthizer-vendored
2025-06-25T02:48:15.2925584Z   Working directory:
2025-06-25T02:48:15.2925926Z     D:\a\synthizer3d\synthizer3d\_skbuild\win-amd64-3.11\cmake-build
2025-06-25T02:48:15.2926327Z Please see CMake's output for more information.
2025-06-25T02:48:15.2926525Z 
2025-06-25T02:48:15.3433311Z 
2025-06-25T02:48:15.3434328Z ERROR Backend subprocess exited when trying to invoke get_requires_for_build_wheel
2025-06-25T02:48:15.3903671Z ##[error]Process completed with exit code 1.
2025-06-25T02:48:15.4066474Z Post job cleanup.
2025-06-25T02:48:15.6728762Z [command]"C:\Program Files\Git\bin\git.exe" version
2025-06-25T02:48:15.7024066Z git version 2.49.0.windows.1
2025-06-25T02:48:15.7100786Z Temporarily overriding HOME='D:\a\_temp\d6a3c25a-9069-4332-af32-882e0bcb8777' before making global git config changes
2025-06-25T02:48:15.7101646Z Adding repository directory to the temporary git global config as a safe directory
2025-06-25T02:48:15.7120242Z [command]"C:\Program Files\Git\bin\git.exe" config --global --add safe.directory D:\a\synthizer3d\synthizer3d
2025-06-25T02:48:15.7391019Z [command]"C:\Program Files\Git\bin\git.exe" config --local --name-only --get-regexp core\.sshCommand
2025-06-25T02:48:15.7676909Z [command]"C:\Program Files\Git\bin\git.exe" submodule foreach --recursive "sh -c \"git config --local --name-only --get-regexp 'core\.sshCommand' && git config --local --unset-all 'core.sshCommand' || :\""
2025-06-25T02:48:16.1756265Z [command]"C:\Program Files\Git\bin\git.exe" config --local --name-only --get-regexp http\.https\:\/\/github\.com\/\.extraheader
2025-06-25T02:48:16.1952345Z http.https://github.com/.extraheader
2025-06-25T02:48:16.1988691Z [command]"C:\Program Files\Git\bin\git.exe" config --local --unset-all http.https://github.com/.extraheader
2025-06-25T02:48:16.2228507Z [command]"C:\Program Files\Git\bin\git.exe" submodule foreach --recursive "sh -c \"git config --local --name-only --get-regexp 'http\.https\:\/\/github\.com\/\.extraheader' && git config --local --unset-all 'http.https://github.com/.extraheader' || :\""
2025-06-25T02:48:16.6389762Z Cleaning up orphan processes
2025-06-25T02:48:16.6788593Z Terminate orphan process: pid (7972) (vctip)
2025-06-25T02:48:16.6984600Z Terminate orphan process: pid (5012) (mspdbsrv)