2025-06-23T20:44:52.5600259Z Current runner version: '2.325.0'
2025-06-23T20:44:52.5632432Z ##[group]Runner Image Provisioner
2025-06-23T20:44:52.5633189Z Hosted Compute Agent
2025-06-23T20:44:52.5633668Z Version: 20250620.352
2025-06-23T20:44:52.5634206Z Commit: f262f3aba23b10ea191b2a62bdee1ca4c3d344da
2025-06-23T20:44:52.5634803Z Build Date: 2025-06-20T19:27:17Z
2025-06-23T20:44:52.5635349Z ##[endgroup]
2025-06-23T20:44:52.5635795Z ##[group]Operating System
2025-06-23T20:44:52.5636316Z Microsoft Windows Server 2022
2025-06-23T20:44:52.5636856Z 10.0.20348
2025-06-23T20:44:52.5637249Z Datacenter
2025-06-23T20:44:52.5637663Z ##[endgroup]
2025-06-23T20:44:52.5638044Z ##[group]Runner Image
2025-06-23T20:44:52.5638473Z Image: windows-2022
2025-06-23T20:44:52.5639200Z Version: 20250602.1.0
2025-06-23T20:44:52.5640109Z Included Software: https://github.com/actions/runner-images/blob/win22/20250602.1/images/windows/Windows2022-Readme.md
2025-06-23T20:44:52.5641595Z Image Release: https://github.com/actions/runner-images/releases/tag/win22%2F20250602.1
2025-06-23T20:44:52.5642490Z ##[endgroup]
2025-06-23T20:44:52.5644869Z ##[group]GITHUB_TOKEN Permissions
2025-06-23T20:44:52.5646929Z Actions: write
2025-06-23T20:44:52.5647377Z Attestations: write
2025-06-23T20:44:52.5647834Z Checks: write
2025-06-23T20:44:52.5648378Z Contents: write
2025-06-23T20:44:52.5648886Z Deployments: write
2025-06-23T20:44:52.5649344Z Discussions: write
2025-06-23T20:44:52.5649746Z Issues: write
2025-06-23T20:44:52.5650161Z Metadata: read
2025-06-23T20:44:52.5650550Z Models: read
2025-06-23T20:44:52.5650981Z Packages: write
2025-06-23T20:44:52.5651377Z Pages: write
2025-06-23T20:44:52.5651790Z PullRequests: write
2025-06-23T20:44:52.5652223Z RepositoryProjects: write
2025-06-23T20:44:52.5652706Z SecurityEvents: write
2025-06-23T20:44:52.5653221Z Statuses: write
2025-06-23T20:44:52.5653626Z ##[endgroup]
2025-06-23T20:44:52.5655773Z Secret source: Actions
2025-06-23T20:44:52.5656453Z Prepare workflow directory
2025-06-23T20:44:52.6192371Z Prepare all required actions
2025-06-23T20:44:52.6229665Z Getting action download info
2025-06-23T20:44:53.0385930Z ##[group]Download immutable action package 'actions/checkout@v4'
2025-06-23T20:44:53.0387042Z Version: 4.2.2
2025-06-23T20:44:53.0388057Z Digest: sha256:ccb2698953eaebd21c7bf6268a94f9c26518a7e38e27e0b83c1fe1ad049819b1
2025-06-23T20:44:53.0389241Z Source commit SHA: 11bd71901bbe5b1630ceea73d27597364c9af683
2025-06-23T20:44:53.0389942Z ##[endgroup]
2025-06-23T20:44:53.1503801Z ##[group]Download immutable action package 'actions/setup-python@v5'
2025-06-23T20:44:53.1504611Z Version: 5.6.0
2025-06-23T20:44:53.1505382Z Digest: sha256:0b35a0c11c97499e4e0576589036d450b9f5f9da74b7774225b3614b57324404
2025-06-23T20:44:53.1506339Z Source commit SHA: a26af69be951a213d495a4c3e4e4022e16d87065
2025-06-23T20:44:53.1507015Z ##[endgroup]
2025-06-23T20:44:53.4316995Z ##[group]Download immutable action package 'actions/cache@v4'
2025-06-23T20:44:53.4317808Z Version: 4.2.3
2025-06-23T20:44:53.4318555Z Digest: sha256:c8a3bb963e1f1826d8fcc8d1354f0dd29d8ac1db1d4f6f20247055ae11b81ed9
2025-06-23T20:44:53.4319509Z Source commit SHA: 5a3ec84eff668545956fd18022155c47e93e2684
2025-06-23T20:44:53.4320211Z ##[endgroup]
2025-06-23T20:44:53.5645734Z Download action repository 'ilammy/msvc-dev-cmd@v1' (SHA:0b201ec74fa43914dc39ae48a89fd1d8cb592756)
2025-06-23T20:44:53.8058169Z Download action repository 'lukka/run-vcpkg@v11' (SHA:7d259227a1fb6471a0253dd5ab7419835228f7d7)
2025-06-23T20:44:54.0095823Z ##[group]Download immutable action package 'actions/upload-artifact@v4'
2025-06-23T20:44:54.0096843Z Version: 4.6.2
2025-06-23T20:44:54.0097713Z Digest: sha256:290722aa3281d5caf23d0acdc3dbeb3424786a1a01a9cc97e72f147225e37c38
2025-06-23T20:44:54.0098900Z Source commit SHA: ea165f8d65b6e75b540449e92b4886f43607fa02
2025-06-23T20:44:54.0099717Z ##[endgroup]
2025-06-23T20:44:54.3419564Z Complete job name: Build Windows (x64) Python 3.9
2025-06-23T20:44:54.5051486Z ##[group]Run actions/checkout@v4
2025-06-23T20:44:54.5054282Z with:
2025-06-23T20:44:54.5055107Z   submodules: recursive
2025-06-23T20:44:54.5056077Z   repository: Ambro86/synthizer3d
2025-06-23T20:44:54.5057398Z   token: ***
2025-06-23T20:44:54.5058190Z   ssh-strict: true
2025-06-23T20:44:54.5059033Z   ssh-user: git
2025-06-23T20:44:54.5059896Z   persist-credentials: true
2025-06-23T20:44:54.5060844Z   clean: true
2025-06-23T20:44:54.5061692Z   sparse-checkout-cone-mode: true
2025-06-23T20:44:54.5062722Z   fetch-depth: 1
2025-06-23T20:44:54.5063509Z   fetch-tags: false
2025-06-23T20:44:54.5064183Z   show-progress: true
2025-06-23T20:44:54.5064878Z   lfs: false
2025-06-23T20:44:54.5065519Z   set-safe-directory: true
2025-06-23T20:44:54.5066445Z env:
2025-06-23T20:44:54.5067043Z   PYVERSION: 3.9
2025-06-23T20:44:54.5067706Z   CI_ARCH_LOWER: x64
2025-06-23T20:44:54.5068384Z   CI_WINDOWS: 1
2025-06-23T20:44:54.5069017Z   CI_ARCH_ENV: x64
2025-06-23T20:44:54.5069763Z   VCPKG_DEFAULT_TRIPLET: x64-windows
2025-06-23T20:44:54.5071007Z   EFFECTIVE_VCPKG_INSTALLED_DIR_BASE: D:\a\synthizer3d\synthizer3d\vcpkg_installed
2025-06-23T20:44:54.5072259Z ##[endgroup]
2025-06-23T20:44:54.6791622Z Syncing repository: Ambro86/synthizer3d
2025-06-23T20:44:54.6793918Z ##[group]Getting Git version info
2025-06-23T20:44:54.6794952Z Working directory is 'D:\a\synthizer3d\synthizer3d'
2025-06-23T20:44:54.7872448Z [command]"C:\Program Files\Git\bin\git.exe" version
2025-06-23T20:44:55.1085732Z git version 2.49.0.windows.1
2025-06-23T20:44:55.1133987Z ##[endgroup]
2025-06-23T20:44:55.1153243Z Temporarily overriding HOME='D:\a\_temp\36c9cf72-2202-4579-bf6d-83f4cb10dec8' before making global git config changes
2025-06-23T20:44:55.1155434Z Adding repository directory to the temporary git global config as a safe directory
2025-06-23T20:44:55.1165489Z [command]"C:\Program Files\Git\bin\git.exe" config --global --add safe.directory D:\a\synthizer3d\synthizer3d
2025-06-23T20:44:55.1761117Z Deleting the contents of 'D:\a\synthizer3d\synthizer3d'
2025-06-23T20:44:55.1766541Z ##[group]Initializing the repository
2025-06-23T20:44:55.1776760Z [command]"C:\Program Files\Git\bin\git.exe" init D:\a\synthizer3d\synthizer3d
2025-06-23T20:44:55.2463787Z Initialized empty Git repository in D:/a/synthizer3d/synthizer3d/.git/
2025-06-23T20:44:55.2550722Z [command]"C:\Program Files\Git\bin\git.exe" remote add origin https://github.com/Ambro86/synthizer3d
2025-06-23T20:44:55.2944673Z ##[endgroup]
2025-06-23T20:44:55.2945938Z ##[group]Disabling automatic garbage collection
2025-06-23T20:44:55.2954891Z [command]"C:\Program Files\Git\bin\git.exe" config --local gc.auto 0
2025-06-23T20:44:55.3181855Z ##[endgroup]
2025-06-23T20:44:55.3182973Z ##[group]Setting up auth
2025-06-23T20:44:55.3195614Z [command]"C:\Program Files\Git\bin\git.exe" config --local --name-only --get-regexp core\.sshCommand
2025-06-23T20:44:55.3434526Z [command]"C:\Program Files\Git\bin\git.exe" submodule foreach --recursive "sh -c \"git config --local --name-only --get-regexp 'core\.sshCommand' && git config --local --unset-all 'core.sshCommand' || :\""
2025-06-23T20:44:56.4891583Z [command]"C:\Program Files\Git\bin\git.exe" config --local --name-only --get-regexp http\.https\:\/\/github\.com\/\.extraheader
2025-06-23T20:44:56.5121784Z [command]"C:\Program Files\Git\bin\git.exe" submodule foreach --recursive "sh -c \"git config --local --name-only --get-regexp 'http\.https\:\/\/github\.com\/\.extraheader' && git config --local --unset-all 'http.https://github.com/.extraheader' || :\""
2025-06-23T20:44:56.9306181Z [command]"C:\Program Files\Git\bin\git.exe" config --local http.https://github.com/.extraheader "AUTHORIZATION: basic ***"
2025-06-23T20:44:56.9564096Z ##[endgroup]
2025-06-23T20:44:56.9564942Z ##[group]Fetching the repository
2025-06-23T20:44:56.9588459Z [command]"C:\Program Files\Git\bin\git.exe" -c protocol.version=2 fetch --no-tags --prune --no-recurse-submodules --depth=1 origin +18ff7614f562c070c7324e8c505ed771ae5f9409:refs/remotes/origin/master
2025-06-23T20:44:58.4262692Z From https://github.com/Ambro86/synthizer3d
2025-06-23T20:44:58.4264891Z  * [new ref]         18ff7614f562c070c7324e8c505ed771ae5f9409 -> origin/master
2025-06-23T20:44:58.4455944Z ##[endgroup]
2025-06-23T20:44:58.4456457Z ##[group]Determining the checkout info
2025-06-23T20:44:58.4458855Z ##[endgroup]
2025-06-23T20:44:58.4474863Z [command]"C:\Program Files\Git\bin\git.exe" sparse-checkout disable
2025-06-23T20:44:58.4795533Z [command]"C:\Program Files\Git\bin\git.exe" config --local --unset-all extensions.worktreeConfig
2025-06-23T20:44:58.5041641Z ##[group]Checking out the ref
2025-06-23T20:44:58.5051376Z [command]"C:\Program Files\Git\bin\git.exe" checkout --progress --force -B master refs/remotes/origin/master
2025-06-23T20:44:59.2316103Z branch 'master' set up to track 'origin/master'.
2025-06-23T20:44:59.2321525Z Reset branch 'master'
2025-06-23T20:44:59.2370746Z ##[endgroup]
2025-06-23T20:44:59.2371475Z ##[group]Setting up auth for fetching submodules
2025-06-23T20:44:59.2382354Z [command]"C:\Program Files\Git\bin\git.exe" config --global http.https://github.com/.extraheader "AUTHORIZATION: basic ***"
2025-06-23T20:44:59.2617774Z [command]"C:\Program Files\Git\bin\git.exe" config --global --unset-all url.https://github.com/.insteadOf
2025-06-23T20:44:59.2844708Z [command]"C:\Program Files\Git\bin\git.exe" config --global --add url.https://github.com/.insteadOf git@github.com:
2025-06-23T20:44:59.3073692Z [command]"C:\Program Files\Git\bin\git.exe" config --global --add url.https://github.com/.insteadOf org-58132298@github.com:
2025-06-23T20:44:59.3292289Z ##[endgroup]
2025-06-23T20:44:59.3292784Z ##[group]Fetching submodules
2025-06-23T20:44:59.3302295Z [command]"C:\Program Files\Git\bin\git.exe" submodule sync --recursive
2025-06-23T20:44:59.7616028Z [command]"C:\Program Files\Git\bin\git.exe" -c protocol.version=2 submodule update --init --force --depth=1 --recursive
2025-06-23T20:45:00.1850802Z [command]"C:\Program Files\Git\bin\git.exe" submodule foreach --recursive "git config --local gc.auto 0"
2025-06-23T20:45:00.6078038Z ##[endgroup]
2025-06-23T20:45:00.6078507Z ##[group]Persisting credentials for submodules
2025-06-23T20:45:00.6096676Z [command]"C:\Program Files\Git\bin\git.exe" submodule foreach --recursive "sh -c \"git config --local --name-only --get-regexp 'url\.https\:\/\/github\.com\/\.insteadOf' && git config --local --unset-all 'url.https://github.com/.insteadOf' || :\""
2025-06-23T20:45:01.0431159Z [command]"C:\Program Files\Git\bin\git.exe" submodule foreach --recursive "sh -c \"git config --local 'http.https://github.com/.extraheader' 'AUTHORIZATION: basic ***' && git config --local --show-origin --name-only --get-regexp remote.origin.url\""
2025-06-23T20:45:01.4630454Z [command]"C:\Program Files\Git\bin\git.exe" submodule foreach --recursive "git config --local --add 'url.https://github.com/.insteadOf' 'git@github.com:'"
2025-06-23T20:45:01.8699720Z [command]"C:\Program Files\Git\bin\git.exe" submodule foreach --recursive "git config --local --add 'url.https://github.com/.insteadOf' 'org-58132298@github.com:'"
2025-06-23T20:45:02.3018061Z ##[endgroup]
2025-06-23T20:45:02.3291530Z [command]"C:\Program Files\Git\bin\git.exe" log -1 --format=%H
2025-06-23T20:45:02.3501823Z 18ff7614f562c070c7324e8c505ed771ae5f9409
2025-06-23T20:45:02.3848566Z ##[group]Run actions/setup-python@v5
2025-06-23T20:45:02.3848879Z with:
2025-06-23T20:45:02.3849052Z   python-version: 3.9
2025-06-23T20:45:02.3849253Z   architecture: x64
2025-06-23T20:45:02.3849434Z   check-latest: false
2025-06-23T20:45:02.3849778Z   token: ***
2025-06-23T20:45:02.3849959Z   update-environment: true
2025-06-23T20:45:02.3850159Z   allow-prereleases: false
2025-06-23T20:45:02.3850352Z   freethreaded: false
2025-06-23T20:45:02.3850530Z env:
2025-06-23T20:45:02.3850672Z   PYVERSION: 3.9
2025-06-23T20:45:02.3850835Z   CI_ARCH_LOWER: x64
2025-06-23T20:45:02.3850992Z   CI_WINDOWS: 1
2025-06-23T20:45:02.3851144Z   CI_ARCH_ENV: x64
2025-06-23T20:45:02.3851311Z   VCPKG_DEFAULT_TRIPLET: x64-windows
2025-06-23T20:45:02.3851838Z   EFFECTIVE_VCPKG_INSTALLED_DIR_BASE: D:\a\synthizer3d\synthizer3d\vcpkg_installed
2025-06-23T20:45:02.3852177Z ##[endgroup]
2025-06-23T20:45:02.6170105Z ##[group]Installed versions
2025-06-23T20:45:02.6402289Z Successfully set up CPython (3.9.13)
2025-06-23T20:45:02.6403549Z ##[endgroup]
2025-06-23T20:45:02.6657546Z ##[group]Run python -m pip install --upgrade pip
2025-06-23T20:45:02.6657973Z [36;1mpython -m pip install --upgrade pip[0m
2025-06-23T20:45:02.6967490Z shell: C:\Program Files\PowerShell\7\pwsh.EXE -command ". '{0}'"
2025-06-23T20:45:02.6967974Z env:
2025-06-23T20:45:02.6968203Z   PYVERSION: 3.9
2025-06-23T20:45:02.6968469Z   CI_ARCH_LOWER: x64
2025-06-23T20:45:02.6968731Z   CI_WINDOWS: 1
2025-06-23T20:45:02.6968985Z   CI_ARCH_ENV: x64
2025-06-23T20:45:02.6969262Z   VCPKG_DEFAULT_TRIPLET: x64-windows
2025-06-23T20:45:02.6969834Z   EFFECTIVE_VCPKG_INSTALLED_DIR_BASE: D:\a\synthizer3d\synthizer3d\vcpkg_installed
2025-06-23T20:45:02.6970533Z   pythonLocation: C:\hostedtoolcache\windows\Python\3.9.13\x64
2025-06-23T20:45:02.6971217Z   PKG_CONFIG_PATH: C:\hostedtoolcache\windows\Python\3.9.13\x64/lib/pkgconfig
2025-06-23T20:45:02.6971862Z   Python_ROOT_DIR: C:\hostedtoolcache\windows\Python\3.9.13\x64
2025-06-23T20:45:02.6972475Z   Python2_ROOT_DIR: C:\hostedtoolcache\windows\Python\3.9.13\x64
2025-06-23T20:45:02.6973040Z   Python3_ROOT_DIR: C:\hostedtoolcache\windows\Python\3.9.13\x64
2025-06-23T20:45:02.6973487Z ##[endgroup]
2025-06-23T20:45:11.3128993Z Requirement already satisfied: pip in c:\hostedtoolcache\windows\python\3.9.13\x64\lib\site-packages (25.1.1)
2025-06-23T20:45:12.2881916Z ##[group]Run python synthizer-c/vendor.py synthizer-vendored
2025-06-23T20:45:12.2882399Z [36;1mpython synthizer-c/vendor.py synthizer-vendored[0m
2025-06-23T20:45:12.2913321Z shell: C:\Program Files\PowerShell\7\pwsh.EXE -command ". '{0}'"
2025-06-23T20:45:12.2913824Z env:
2025-06-23T20:45:12.2913976Z   PYVERSION: 3.9
2025-06-23T20:45:12.2914150Z   CI_ARCH_LOWER: x64
2025-06-23T20:45:12.2914340Z   CI_WINDOWS: 1
2025-06-23T20:45:12.2914502Z   CI_ARCH_ENV: x64
2025-06-23T20:45:12.2914676Z   VCPKG_DEFAULT_TRIPLET: x64-windows
2025-06-23T20:45:12.2915025Z   EFFECTIVE_VCPKG_INSTALLED_DIR_BASE: D:\a\synthizer3d\synthizer3d\vcpkg_installed
2025-06-23T20:45:12.2915439Z   pythonLocation: C:\hostedtoolcache\windows\Python\3.9.13\x64
2025-06-23T20:45:12.2915821Z   PKG_CONFIG_PATH: C:\hostedtoolcache\windows\Python\3.9.13\x64/lib/pkgconfig
2025-06-23T20:45:12.2916199Z   Python_ROOT_DIR: C:\hostedtoolcache\windows\Python\3.9.13\x64
2025-06-23T20:45:12.2916578Z   Python2_ROOT_DIR: C:\hostedtoolcache\windows\Python\3.9.13\x64
2025-06-23T20:45:12.2916920Z   Python3_ROOT_DIR: C:\hostedtoolcache\windows\Python\3.9.13\x64
2025-06-23T20:45:12.2917196Z ##[endgroup]
2025-06-23T20:45:14.3898551Z ##[group]Run actions/cache@v4
2025-06-23T20:45:14.3898862Z with:
2025-06-23T20:45:14.3899056Z   path: ~\AppData\Local\pip\Cache
2025-06-23T20:45:14.3899504Z   key: Windows-pip-3.9-x64-7bb05f23c3f96376e1221853e6931719cecbbb5da9517de533d3a2e015d61e31
2025-06-23T20:45:14.3900023Z   restore-keys: Windows-pip-3.9-x64-

2025-06-23T20:45:14.3900294Z   enableCrossOsArchive: false
2025-06-23T20:45:14.3900533Z   fail-on-cache-miss: false
2025-06-23T20:45:14.3900753Z   lookup-only: false
2025-06-23T20:45:14.3900947Z   save-always: false
2025-06-23T20:45:14.3901152Z env:
2025-06-23T20:45:14.3901308Z   PYVERSION: 3.9
2025-06-23T20:45:14.3901488Z   CI_ARCH_LOWER: x64
2025-06-23T20:45:14.3901676Z   CI_WINDOWS: 1
2025-06-23T20:45:14.3901845Z   CI_ARCH_ENV: x64
2025-06-23T20:45:14.3902029Z   VCPKG_DEFAULT_TRIPLET: x64-windows
2025-06-23T20:45:14.3902420Z   EFFECTIVE_VCPKG_INSTALLED_DIR_BASE: D:\a\synthizer3d\synthizer3d\vcpkg_installed
2025-06-23T20:45:14.3902960Z   pythonLocation: C:\hostedtoolcache\windows\Python\3.9.13\x64
2025-06-23T20:45:14.3903399Z   PKG_CONFIG_PATH: C:\hostedtoolcache\windows\Python\3.9.13\x64/lib/pkgconfig
2025-06-23T20:45:14.3903836Z   Python_ROOT_DIR: C:\hostedtoolcache\windows\Python\3.9.13\x64
2025-06-23T20:45:14.3904441Z   Python2_ROOT_DIR: C:\hostedtoolcache\windows\Python\3.9.13\x64
2025-06-23T20:45:14.3904829Z   Python3_ROOT_DIR: C:\hostedtoolcache\windows\Python\3.9.13\x64
2025-06-23T20:45:14.3905140Z ##[endgroup]
2025-06-23T20:45:14.7966157Z Cache hit for: Windows-pip-3.9-x64-7bb05f23c3f96376e1221853e6931719cecbbb5da9517de533d3a2e015d61e31
2025-06-23T20:45:15.1596441Z Received 40280248 of 40280248 (100.0%), 119.7 MBs/sec
2025-06-23T20:45:15.1599539Z Cache Size: ~38 MB (40280248 B)
2025-06-23T20:45:15.1631118Z [command]"C:\Program Files\Git\usr\bin\tar.exe" -xf D:/a/_temp/3af677f7-6ab1-449b-a75a-1555d2d5d0fc/cache.tzst -P -C D:/a/synthizer3d/synthizer3d --force-local --use-compress-program "zstd -d"
2025-06-23T20:45:15.4216991Z Cache restored successfully
2025-06-23T20:45:15.4401262Z Cache restored from key: Windows-pip-3.9-x64-7bb05f23c3f96376e1221853e6931719cecbbb5da9517de533d3a2e015d61e31
2025-06-23T20:45:15.4651223Z ##[group]Run ilammy/msvc-dev-cmd@v1
2025-06-23T20:45:15.4651559Z with:
2025-06-23T20:45:15.4651722Z   arch: x64
2025-06-23T20:45:15.4651878Z env:
2025-06-23T20:45:15.4652023Z   PYVERSION: 3.9
2025-06-23T20:45:15.4652196Z   CI_ARCH_LOWER: x64
2025-06-23T20:45:15.4652369Z   CI_WINDOWS: 1
2025-06-23T20:45:15.4652525Z   CI_ARCH_ENV: x64
2025-06-23T20:45:15.4652698Z   VCPKG_DEFAULT_TRIPLET: x64-windows
2025-06-23T20:45:15.4653060Z   EFFECTIVE_VCPKG_INSTALLED_DIR_BASE: D:\a\synthizer3d\synthizer3d\vcpkg_installed
2025-06-23T20:45:15.4653490Z   pythonLocation: C:\hostedtoolcache\windows\Python\3.9.13\x64
2025-06-23T20:45:15.4653907Z   PKG_CONFIG_PATH: C:\hostedtoolcache\windows\Python\3.9.13\x64/lib/pkgconfig
2025-06-23T20:45:15.4654299Z   Python_ROOT_DIR: C:\hostedtoolcache\windows\Python\3.9.13\x64
2025-06-23T20:45:15.4654654Z   Python2_ROOT_DIR: C:\hostedtoolcache\windows\Python\3.9.13\x64
2025-06-23T20:45:15.4655040Z   Python3_ROOT_DIR: C:\hostedtoolcache\windows\Python\3.9.13\x64
2025-06-23T20:45:15.4655328Z ##[endgroup]
2025-06-23T20:45:15.9267175Z Found with vswhere: C:\Program Files\Microsoft Visual Studio\2022\Enterprise\VC\Auxiliary\Build\vcvarsall.bat
2025-06-23T20:45:18.6862178Z ##[group]Environment variables
2025-06-23T20:45:18.6862707Z Setting CommandPromptType
2025-06-23T20:45:18.6875433Z Setting DevEnvDir
2025-06-23T20:45:18.6879019Z Setting ExtensionSdkDir
2025-06-23T20:45:18.6881495Z Setting EXTERNAL_INCLUDE
2025-06-23T20:45:18.6885728Z Setting Framework40Version
2025-06-23T20:45:18.6888341Z Setting FrameworkDir
2025-06-23T20:45:18.6890606Z Setting FrameworkDir64
2025-06-23T20:45:18.6894013Z Setting FrameworkVersion
2025-06-23T20:45:18.6896606Z Setting FrameworkVersion64
2025-06-23T20:45:18.6899848Z Setting FSHARPINSTALLDIR
2025-06-23T20:45:18.6903145Z Setting HTMLHelpDir
2025-06-23T20:45:18.6914512Z Setting IFCPATH
2025-06-23T20:45:18.6918129Z Setting INCLUDE
2025-06-23T20:45:18.6923435Z Setting is_x64_arch
2025-06-23T20:45:18.6925912Z Setting LIB
2025-06-23T20:45:18.6928128Z Setting LIBPATH
2025-06-23T20:45:18.6930710Z Setting NETFXSDKDir
2025-06-23T20:45:18.6934589Z Setting Path
2025-06-23T20:45:18.6938643Z Setting Platform
2025-06-23T20:45:18.6941910Z Setting UCRTVersion
2025-06-23T20:45:18.6944482Z Setting UniversalCRTSdkDir
2025-06-23T20:45:18.6947749Z Setting VCIDEInstallDir
2025-06-23T20:45:18.6950897Z Setting VCINSTALLDIR
2025-06-23T20:45:18.6952920Z Setting VCPKG_ROOT
2025-06-23T20:45:18.6954832Z Setting VCToolsInstallDir
2025-06-23T20:45:18.6956745Z Setting VCToolsRedistDir
2025-06-23T20:45:18.6958636Z Setting VCToolsVersion
2025-06-23T20:45:18.6960484Z Setting VisualStudioVersion
2025-06-23T20:45:18.6962263Z Setting VS170COMNTOOLS
2025-06-23T20:45:18.6964128Z Setting VSCMD_ARG_app_plat
2025-06-23T20:45:18.6965952Z Setting VSCMD_ARG_HOST_ARCH
2025-06-23T20:45:18.6967722Z Setting VSCMD_ARG_TGT_ARCH
2025-06-23T20:45:18.6969496Z Setting VSCMD_VER
2025-06-23T20:45:18.6971580Z Setting VSINSTALLDIR
2025-06-23T20:45:18.6973440Z Setting VSSDK150INSTALL
2025-06-23T20:45:18.6975223Z Setting VSSDKINSTALL
2025-06-23T20:45:18.6977470Z Setting WindowsLibPath
2025-06-23T20:45:18.6979546Z Setting WindowsSdkBinPath
2025-06-23T20:45:18.6981424Z Setting WindowsSdkDir
2025-06-23T20:45:18.6983301Z Setting WindowsSDKLibVersion
2025-06-23T20:45:18.6985096Z Setting WindowsSdkVerBinPath
2025-06-23T20:45:18.6986968Z Setting WindowsSDKVersion
2025-06-23T20:45:18.6988810Z Setting WindowsSDK_ExecutablePath_x64
2025-06-23T20:45:18.6990848Z Setting WindowsSDK_ExecutablePath_x86
2025-06-23T20:45:18.6992775Z Setting __DOTNET_ADD_64BIT
2025-06-23T20:45:18.6994736Z Setting __DOTNET_PREFERRED_BITNESS
2025-06-23T20:45:18.6996637Z Setting __VSCMD_PREINIT_PATH
2025-06-23T20:45:18.6999665Z ##[endgroup]
2025-06-23T20:45:18.6999911Z Configured Developer Command Prompt
2025-06-23T20:45:18.7201872Z ##[group]Run lukka/run-vcpkg@v11
2025-06-23T20:45:18.7202193Z with:
2025-06-23T20:45:18.7202373Z   vcpkgJsonGlob: vcpkg.json
2025-06-23T20:45:18.7202596Z   runVcpkgInstall: true
2025-06-23T20:45:18.7202857Z   vcpkgDirectory: D:\a\synthizer3d\synthizer3d/vcpkg
2025-06-23T20:45:18.7203220Z   vcpkgGitURL: https://github.com/microsoft/vcpkg.git
2025-06-23T20:45:18.7203517Z   doNotUpdateVcpkg: false
2025-06-23T20:45:18.7203722Z   doNotCache: true
2025-06-23T20:45:18.7203903Z   vcpkgJsonIgnores: ['**/vcpkg/**']
2025-06-23T20:45:18.7204208Z   vcpkgConfigurationJsonGlob: **/vcpkg-configuration.json
2025-06-23T20:45:18.7204844Z   runVcpkgFormatString: [`install`, `--recurse`, `--clean-after-build`, `--x-install-root`, `$[env.VCPKG_INSTALLED_DIR]`, `--triplet`, `$[env.VCPKG_DEFAULT_TRIPLET]`]
2025-06-23T20:45:18.7205394Z   useShell: true
2025-06-23T20:45:18.7205842Z   logCollectionRegExps: \s*"(.+CMakeOutput\.log)"\.\s*;\s*"(.+CMakeError\.log)"\.\s*;\s*(.+out\.log)\s*;\s+(.+err\.log)\s*;\s*(.+vcpkg.+\.log)\s*
2025-06-23T20:45:18.7206284Z env:
2025-06-23T20:45:18.7206436Z   PYVERSION: 3.9
2025-06-23T20:45:18.7206672Z   CI_ARCH_LOWER: x64
2025-06-23T20:45:18.7206874Z   CI_WINDOWS: 1
2025-06-23T20:45:18.7207035Z   CI_ARCH_ENV: x64
2025-06-23T20:45:18.7207232Z   VCPKG_DEFAULT_TRIPLET: x64-windows
2025-06-23T20:45:18.7207588Z   EFFECTIVE_VCPKG_INSTALLED_DIR_BASE: D:\a\synthizer3d\synthizer3d\vcpkg_installed
2025-06-23T20:45:18.7208016Z   pythonLocation: C:\hostedtoolcache\windows\Python\3.9.13\x64
2025-06-23T20:45:18.7208409Z   PKG_CONFIG_PATH: C:\hostedtoolcache\windows\Python\3.9.13\x64/lib/pkgconfig
2025-06-23T20:45:18.7208799Z   Python_ROOT_DIR: C:\hostedtoolcache\windows\Python\3.9.13\x64
2025-06-23T20:45:18.7209157Z   Python2_ROOT_DIR: C:\hostedtoolcache\windows\Python\3.9.13\x64
2025-06-23T20:45:18.7209513Z   Python3_ROOT_DIR: C:\hostedtoolcache\windows\Python\3.9.13\x64
2025-06-23T20:45:18.7209799Z   CommandPromptType: Native
2025-06-23T20:45:18.7210132Z   DevEnvDir: C:\Program Files\Microsoft Visual Studio\2022\Enterprise\Common7\IDE\
2025-06-23T20:45:18.7210603Z   ExtensionSdkDir: C:\Program Files (x86)\Microsoft SDKs\Windows Kits\10\ExtensionSDKs
2025-06-23T20:45:18.7212591Z   EXTERNAL_INCLUDE: C:\Program Files\Microsoft Visual Studio\2022\Enterprise\VC\Tools\MSVC\14.43.34808\include;C:\Program Files\Microsoft Visual Studio\2022\Enterprise\VC\Tools\MSVC\14.43.34808\ATLMFC\include;C:\Program Files\Microsoft Visual Studio\2022\Enterprise\VC\Auxiliary\VS\include;C:\Program Files (x86)\Windows Kits\10\include\10.0.26100.0\ucrt;C:\Program Files (x86)\Windows Kits\10\\include\10.0.26100.0\\um;C:\Program Files (x86)\Windows Kits\10\\include\10.0.26100.0\\shared;C:\Program Files (x86)\Windows Kits\10\\include\10.0.26100.0\\winrt;C:\Program Files (x86)\Windows Kits\10\\include\10.0.26100.0\\cppwinrt;C:\Program Files (x86)\Windows Kits\NETFXSDK\4.8\include\um
2025-06-23T20:45:18.7214467Z   Framework40Version: v4.0
2025-06-23T20:45:18.7214735Z   FrameworkDir: C:\Windows\Microsoft.NET\Framework64\
2025-06-23T20:45:18.7215045Z   FrameworkDir64: C:\Windows\Microsoft.NET\Framework64\
2025-06-23T20:45:18.7215319Z   FrameworkVersion: v4.0.30319
2025-06-23T20:45:18.7215532Z   FrameworkVersion64: v4.0.30319
2025-06-23T20:45:18.7216018Z   FSHARPINSTALLDIR: C:\Program Files\Microsoft Visual Studio\2022\Enterprise\Common7\IDE\CommonExtensions\Microsoft\FSharp\Tools
2025-06-23T20:45:18.7216738Z   HTMLHelpDir: C:\Program Files (x86)\HTML Help Workshop
2025-06-23T20:45:18.7217172Z   IFCPATH: C:\Program Files\Microsoft Visual Studio\2022\Enterprise\VC\Tools\MSVC\14.43.34808\ifc\x64
2025-06-23T20:45:18.7220713Z   INCLUDE: C:\Program Files\Microsoft Visual Studio\2022\Enterprise\VC\Tools\MSVC\14.43.34808\include;C:\Program Files\Microsoft Visual Studio\2022\Enterprise\VC\Tools\MSVC\14.43.34808\ATLMFC\include;C:\Program Files\Microsoft Visual Studio\2022\Enterprise\VC\Auxiliary\VS\include;C:\Program Files (x86)\Windows Kits\10\include\10.0.26100.0\ucrt;C:\Program Files (x86)\Windows Kits\10\\include\10.0.26100.0\\um;C:\Program Files (x86)\Windows Kits\10\\include\10.0.26100.0\\shared;C:\Program Files (x86)\Windows Kits\10\\include\10.0.26100.0\\winrt;C:\Program Files (x86)\Windows Kits\10\\include\10.0.26100.0\\cppwinrt;C:\Program Files (x86)\Windows Kits\NETFXSDK\4.8\include\um
2025-06-23T20:45:18.7222610Z   is_x64_arch: true
2025-06-23T20:45:18.7224219Z   LIB: C:\Program Files\Microsoft Visual Studio\2022\Enterprise\VC\Tools\MSVC\14.43.34808\ATLMFC\lib\x64;C:\Program Files\Microsoft Visual Studio\2022\Enterprise\VC\Tools\MSVC\14.43.34808\lib\x64;C:\Program Files (x86)\Windows Kits\NETFXSDK\4.8\lib\um\x64;C:\Program Files (x86)\Windows Kits\10\lib\10.0.26100.0\ucrt\x64;C:\Program Files (x86)\Windows Kits\10\\lib\10.0.26100.0\\um\x64
2025-06-23T20:45:18.7226474Z   LIBPATH: C:\Program Files\Microsoft Visual Studio\2022\Enterprise\VC\Tools\MSVC\14.43.34808\ATLMFC\lib\x64;C:\Program Files\Microsoft Visual Studio\2022\Enterprise\VC\Tools\MSVC\14.43.34808\lib\x64;C:\Program Files\Microsoft Visual Studio\2022\Enterprise\VC\Tools\MSVC\14.43.34808\lib\x86\store\references;C:\Program Files (x86)\Windows Kits\10\UnionMetadata\10.0.26100.0;C:\Program Files (x86)\Windows Kits\10\References\10.0.26100.0;C:\Windows\Microsoft.NET\Framework64\v4.0.30319
2025-06-23T20:45:18.7227957Z   NETFXSDKDir: C:\Program Files (x86)\Windows Kits\NETFXSDK\4.8\
2025-06-23T20:45:18.7241188Z   Path: C:\Program Files\Microsoft Visual Studio\2022\Enterprise\VC\Tools\MSVC\14.43.34808\bin\HostX64\x64;C:\Program Files\Microsoft Visual Studio\2022\Enterprise\Common7\IDE\VC\VCPackages;C:\Program Files\Microsoft Visual Studio\2022\Enterprise\Common7\IDE\CommonExtensions\Microsoft\TestWindow;C:\Program Files\Microsoft Visual Studio\2022\Enterprise\Common7\IDE\CommonExtensions\Microsoft\TeamFoundation\Team Explorer;C:\Program Files\Microsoft Visual Studio\2022\Enterprise\MSBuild\Current\bin\Roslyn;C:\Program Files (x86)\Microsoft SDKs\Windows\v10.0A\bin\NETFX 4.8 Tools\x64\;C:\Program Files (x86)\HTML Help Workshop;C:\Program Files\Microsoft Visual Studio\2022\Enterprise\Common7\IDE\CommonExtensions\Microsoft\FSharp\Tools;C:\Program Files\Microsoft Visual Studio\2022\Enterprise\Team Tools\DiagnosticsHub\Collector;C:\Program Files\Microsoft Visual Studio\2022\Enterprise\Common7\IDE\Extensions\Microsoft\CodeCoverage.Console;C:\Program Files (x86)\Windows Kits\10\bin\10.0.26100.0\\x64;C:\Program Files (x86)\Windows Kits\10\bin\\x64;C:\Program Files\Microsoft Visual Studio\2022\Enterprise\\MSBuild\Current\Bin\amd64;C:\Windows\Microsoft.NET\Framework64\v4.0.30319;C:\Program Files\Microsoft Visual Studio\2022\Enterprise\Common7\IDE\;C:\Program Files\Microsoft Visual Studio\2022\Enterprise\Common7\Tools\;C:\Users\runneradmin\AppData\Roaming\Python\Python39\Scripts;C:\hostedtoolcache\windows\Python\3.9.13\x64\Scripts;C:\hostedtoolcache\windows\Python\3.9.13\x64;C:\Program Files\MongoDB\Server\5.0\bin;C:\aliyun-cli;C:\vcpkg;C:\Program Files (x86)\NSIS\;C:\tools\zstd;C:\Program Files\Mercurial\;C:\hostedtoolcache\windows\stack\3.5.1\x64;C:\cabal\bin;C:\\ghcup\bin;C:\mingw64\bin;C:\Program Files\dotnet;C:\Program Files\MySQL\MySQL Server 8.0\bin;C:\Program Files\R\R-4.4.2\bin\x64;C:\SeleniumWebDrivers\GeckoDriver;C:\SeleniumWebDrivers\EdgeDriver\;C:\SeleniumWebDrivers\ChromeDriver;C:\Program Files (x86)\sbt\bin;C:\Program Files (x86)\GitHub CLI;C:\Program Files\Git\bin;C:\Program Files (x86)\pipx_bin;C:\npm\prefix;C:\hostedtoolcache\windows\go\1.24.3\x64\bin;C:\hostedtoolcache\windows\Ruby\3.3.8\x64\bin;C:\Program Files\OpenSSL\bin;C:\tools\kotlinc\bin;C:\hostedtoolcache\windows\Java_Temurin-Hotspot_jdk\8.0.452-9\x64\bin;C:\Program Files\ImageMagick-7.1.1-Q16-HDRI;C:\Program Files\Microsoft SDKs\Azure\CLI2\wbin;C:\ProgramData\kind;C:\ProgramData\Chocolatey\bin;C:\Windows\system32;C:\Windows;C:\Windows\System32\Wbem;C:\Windows\System32\WindowsPowerShell\v1.0\;C:\Windows\System32\OpenSSH\;C:\Program Files\dotnet\;C:\Program Files\PowerShell\7\;C:\Program Files\Microsoft\Web Platform Installer\;C:\Program Files\TortoiseSVN\bin;C:\Program Files\Microsoft SQL Server\Client SDK\ODBC\170\Tools\Binn\;C:\Program Files\Microsoft SQL Server\150\Tools\Binn\;C:\Program Files (x86)\Windows Kits\10\Windows Performance Toolkit\;C:\Program Files (x86)\WiX Toolset v3.14\bin;C:\Program Files\Microsoft SQL Server\130\DTS\Binn\;C:\Program Files\Microsoft SQL Server\140\DTS\Binn\;C:\Program Files\Microsoft SQL Server\150\DTS\Binn\;C:\Program Files\Microsoft SQL Server\160\DTS\Binn\;C:\Strawberry\c\bin;C:\Strawberry\perl\site\bin;C:\Strawberry\perl\bin;C:\ProgramData\chocolatey\lib\pulumi\tools\Pulumi\bin;C:\Program Files\CMake\bin;C:\ProgramData\chocolatey\lib\maven\apache-maven-3.9.9\bin;C:\Program Files\Microsoft Service Fabric\bin\Fabric\Fabric.Code;C:\Program Files\Microsoft SDKs\Service Fabric\Tools\ServiceFabricLocalClusterManager;C:\Program Files\nodejs\;C:\Program Files\Git\cmd;C:\Program Files\Git\mingw64\bin;C:\Program Files\Git\usr\bin;C:\Program Files\GitHub CLI\;c:\tools\php;C:\Program Files\Amazon\AWSCLIV2\;C:\Program Files\Amazon\SessionManagerPlugin\bin\;C:\Program Files\Amazon\AWSSAMCLI\bin\;C:\Program Files\Microsoft SQL Server\130\Tools\Binn\;C:\Program Files\LLVM\bin;C:\Users\runneradmin\.dotnet\tools;C:\Users\runneradmin\.cargo\bin;C:\Users\runneradmin\AppData\Local\Microsoft\WindowsApps;C:\Program Files (x86)\Microsoft Visual Studio\Installer;C:\Program Files\Microsoft Visual Studio\2022\Enterprise\VC\Tools\Llvm\x64\bin;C:\Program Files\Microsoft Visual Studio\2022\Enterprise\Common7\IDE\CommonExtensions\Microsoft\CMake\CMake\bin;C:\Program Files\Microsoft Visual Studio\2022\Enterprise\Common7\IDE\CommonExtensions\Microsoft\CMake\Ninja;C:\Program Files\Microsoft Visual Studio\2022\Enterprise\Common7\IDE\VC\Linux\bin\ConnectionManagerExe;C:\Program Files\Microsoft Visual Studio\2022\Enterprise\VC\vcpkg
2025-06-23T20:45:18.7253918Z   Platform: x64
2025-06-23T20:45:18.7254102Z   UCRTVersion: 10.0.26100.0
2025-06-23T20:45:18.7254373Z   UniversalCRTSdkDir: C:\Program Files (x86)\Windows Kits\10\
2025-06-23T20:45:18.7254831Z   VCIDEInstallDir: C:\Program Files\Microsoft Visual Studio\2022\Enterprise\Common7\IDE\VC\
2025-06-23T20:45:18.7255316Z   VCINSTALLDIR: C:\Program Files\Microsoft Visual Studio\2022\Enterprise\VC\
2025-06-23T20:45:18.7255749Z   VCPKG_ROOT: C:\Program Files\Microsoft Visual Studio\2022\Enterprise\VC\vcpkg
2025-06-23T20:45:18.7256264Z   VCToolsInstallDir: C:\Program Files\Microsoft Visual Studio\2022\Enterprise\VC\Tools\MSVC\14.43.34808\
2025-06-23T20:45:18.7256858Z   VCToolsRedistDir: C:\Program Files\Microsoft Visual Studio\2022\Enterprise\VC\Redist\MSVC\14.42.34433\
2025-06-23T20:45:18.7257269Z   VCToolsVersion: 14.43.34808
2025-06-23T20:45:18.7257473Z   VisualStudioVersion: 17.0
2025-06-23T20:45:18.7257819Z   VS170COMNTOOLS: C:\Program Files\Microsoft Visual Studio\2022\Enterprise\Common7\Tools\
2025-06-23T20:45:18.7258181Z   VSCMD_ARG_app_plat: Desktop
2025-06-23T20:45:18.7258422Z   VSCMD_ARG_HOST_ARCH: x64
2025-06-23T20:45:18.7258605Z   VSCMD_ARG_TGT_ARCH: x64
2025-06-23T20:45:18.7258784Z   VSCMD_VER: 17.13.2
2025-06-23T20:45:18.7259058Z   VSINSTALLDIR: C:\Program Files\Microsoft Visual Studio\2022\Enterprise\
2025-06-23T20:45:18.7259485Z   VSSDK150INSTALL: C:\Program Files\Microsoft Visual Studio\2022\Enterprise\VSSDK
2025-06-23T20:45:18.7259937Z   VSSDKINSTALL: C:\Program Files\Microsoft Visual Studio\2022\Enterprise\VSSDK
2025-06-23T20:45:18.7260636Z   WindowsLibPath: C:\Program Files (x86)\Windows Kits\10\UnionMetadata\10.0.26100.0;C:\Program Files (x86)\Windows Kits\10\References\10.0.26100.0
2025-06-23T20:45:18.7261207Z   WindowsSdkBinPath: C:\Program Files (x86)\Windows Kits\10\bin\
2025-06-23T20:45:18.7261547Z   WindowsSdkDir: C:\Program Files (x86)\Windows Kits\10\
2025-06-23T20:45:18.7261822Z   WindowsSDKLibVersion: 10.0.26100.0\
2025-06-23T20:45:18.7262156Z   WindowsSdkVerBinPath: C:\Program Files (x86)\Windows Kits\10\bin\10.0.26100.0\
2025-06-23T20:45:18.7262497Z   WindowsSDKVersion: 10.0.26100.0\
2025-06-23T20:45:18.7262975Z   WindowsSDK_ExecutablePath_x64: C:\Program Files (x86)\Microsoft SDKs\Windows\v10.0A\bin\NETFX 4.8 Tools\x64\
2025-06-23T20:45:18.7263572Z   WindowsSDK_ExecutablePath_x86: C:\Program Files (x86)\Microsoft SDKs\Windows\v10.0A\bin\NETFX 4.8 Tools\
2025-06-23T20:45:18.7263971Z   __DOTNET_ADD_64BIT: 1
2025-06-23T20:45:18.7264161Z   __DOTNET_PREFERRED_BITNESS: 64
2025-06-23T20:45:18.7271951Z   __VSCMD_PREINIT_PATH: C:\Users\runneradmin\AppData\Roaming\Python\Python39\Scripts;C:\hostedtoolcache\windows\Python\3.9.13\x64\Scripts;C:\hostedtoolcache\windows\Python\3.9.13\x64;C:\Program Files\MongoDB\Server\5.0\bin;C:\aliyun-cli;C:\vcpkg;C:\Program Files (x86)\NSIS\;C:\tools\zstd;C:\Program Files\Mercurial\;C:\hostedtoolcache\windows\stack\3.5.1\x64;C:\cabal\bin;C:\\ghcup\bin;C:\mingw64\bin;C:\Program Files\dotnet;C:\Program Files\MySQL\MySQL Server 8.0\bin;C:\Program Files\R\R-4.4.2\bin\x64;C:\SeleniumWebDrivers\GeckoDriver;C:\SeleniumWebDrivers\EdgeDriver\;C:\SeleniumWebDrivers\ChromeDriver;C:\Program Files (x86)\sbt\bin;C:\Program Files (x86)\GitHub CLI;C:\Program Files\Git\bin;C:\Program Files (x86)\pipx_bin;C:\npm\prefix;C:\hostedtoolcache\windows\go\1.24.3\x64\bin;C:\hostedtoolcache\windows\Python\3.9.13\x64\Scripts;C:\hostedtoolcache\windows\Python\3.9.13\x64;C:\hostedtoolcache\windows\Ruby\3.3.8\x64\bin;C:\Program Files\OpenSSL\bin;C:\tools\kotlinc\bin;C:\hostedtoolcache\windows\Java_Temurin-Hotspot_jdk\8.0.452-9\x64\bin;C:\Program Files\ImageMagick-7.1.1-Q16-HDRI;C:\Program Files\Microsoft SDKs\Azure\CLI2\wbin;C:\ProgramData\kind;C:\ProgramData\Chocolatey\bin;C:\Windows\system32;C:\Windows;C:\Windows\System32\Wbem;C:\Windows\System32\WindowsPowerShell\v1.0\;C:\Windows\System32\OpenSSH\;C:\Program Files\dotnet\;C:\Program Files\PowerShell\7\;C:\Program Files\Microsoft\Web Platform Installer\;C:\Program Files\TortoiseSVN\bin;C:\Program Files\Microsoft SQL Server\Client SDK\ODBC\170\Tools\Binn\;C:\Program Files\Microsoft SQL Server\150\Tools\Binn\;C:\Program Files (x86)\Windows Kits\10\Windows Performance Toolkit\;C:\Program Files (x86)\WiX Toolset v3.14\bin;C:\Program Files\Microsoft SQL Server\130\DTS\Binn\;C:\Program Files\Microsoft SQL Server\140\DTS\Binn\;C:\Program Files\Microsoft SQL Server\150\DTS\Binn\;C:\Program Files\Microsoft SQL Server\160\DTS\Binn\;C:\Strawberry\c\bin;C:\Strawberry\perl\site\bin;C:\Strawberry\perl\bin;C:\ProgramData\chocolatey\lib\pulumi\tools\Pulumi\bin;C:\Program Files\CMake\bin;C:\ProgramData\chocolatey\lib\maven\apache-maven-3.9.9\bin;C:\Program Files\Microsoft Service Fabric\bin\Fabric\Fabric.Code;C:\Program Files\Microsoft SDKs\Service Fabric\Tools\ServiceFabricLocalClusterManager;C:\Program Files\nodejs\;C:\Program Files\Git\cmd;C:\Program Files\Git\mingw64\bin;C:\Program Files\Git\usr\bin;C:\Program Files\GitHub CLI\;c:\tools\php;C:\Program Files (x86)\sbt\bin;C:\Program Files\Amazon\AWSCLIV2\;C:\Program Files\Amazon\SessionManagerPlugin\bin\;C:\Program Files\Amazon\AWSSAMCLI\bin\;C:\Program Files\Microsoft SQL Server\130\Tools\Binn\;C:\Program Files\LLVM\bin;C:\Users\runneradmin\.dotnet\tools;C:\Users\runneradmin\.cargo\bin;C:\Users\runneradmin\AppData\Local\Microsoft\WindowsApps;C:\Program Files (x86)\Microsoft Visual Studio\Installer
2025-06-23T20:45:18.7279795Z ##[endgroup]
2025-06-23T20:45:18.9729871Z ##[group]Prepare output directories
2025-06-23T20:45:18.9732752Z The vpckg root directory: 'D:\a\synthizer3d\synthizer3d\vcpkg'
2025-06-23T20:45:18.9774114Z ##[endgroup]
2025-06-23T20:45:18.9775365Z ⏱ elapsed: 0.004 seconds
2025-06-23T20:45:19.1109920Z Running command '"C:\Program Files\Git\bin\git.exe"' with args '^"submodule^",^"status^",^"D:\a\synthizer3d\synthizer3d\vcpkg^"' in current directory 'D:\a\synthizer3d\synthizer3d'.
2025-06-23T20:45:19.5875267Z error: pathspec 'D:\a\synthizer3d\synthizer3d\vcpkg' did not match any file(s) known to git
2025-06-23T20:45:19.5957688Z ##[group]Searching for vcpkg.json with glob expression 'vcpkg.json'
2025-06-23T20:45:19.6037128Z Found vcpkg.json at 'vcpkg.json'.
2025-06-23T20:45:19.6040075Z ##[endgroup]
2025-06-23T20:45:19.6040652Z ⏱ elapsed: 0.008 seconds
2025-06-23T20:45:19.6041682Z ##[group]The vcpkgCommitId is not provided, searching for a vcpkg-configuration.json using **/vcpkg-configuration.json
2025-06-23T20:45:19.6044591Z Searching for 'vcpkg-configuration.json' using: '**/vcpkg-configuration.json'
2025-06-23T20:45:19.6508220Z The file 'vcpkg-configuration.json' was not found with glob expression '**/vcpkg-configuration.json'.
2025-06-23T20:45:19.6509124Z A vcpkg-configuration.json is not found.
2025-06-23T20:45:19.6532099Z ##[endgroup]
2025-06-23T20:45:19.6532598Z ⏱ elapsed: 0.049 seconds
2025-06-23T20:45:19.6534185Z Found baseline '8f63c9ed5897d7367a92a442a79f91721e0fd38f', this is the Git commit id going to be used to fetch vcpkg from the repository
2025-06-23T20:45:19.6558498Z ##[group]Setup to run on GitHub Action runners
2025-06-23T20:45:19.6559327Z Set the workflow environment variable 'VCPKG_BINARY_SOURCES' to value 'clear;x-gha,readwrite'
2025-06-23T20:45:19.6561055Z Set the workflow environment variable 'ACTIONS_CACHE_URL' to value 'https://acghubeus2.actions.githubusercontent.com/bwbzopuV3oKlbowlUKWdOnf6KF0vjv7EYqCB3ZHqukKhTVgy74/'
2025-06-23T20:45:19.6605527Z Set the workflow environment variable 'ACTIONS_RUNTIME_TOKEN' to value '***'
2025-06-23T20:45:19.6606330Z ##[endgroup]
2025-06-23T20:45:19.6606735Z ⏱ elapsed: 0.002 seconds
2025-06-23T20:45:19.6607238Z ##[group]Retrieving the vcpkg Git commit id at: 'D:\a\synthizer3d\synthizer3d\vcpkg'
2025-06-23T20:45:19.7697395Z Fetching the Git commit id at 'D:\a\synthizer3d\synthizer3d\vcpkg' ...
2025-06-23T20:45:19.7702985Z Running command '"C:\Program Files\Git\bin\git.exe"' with args '^"rev-parse^",^"HEAD^"' in current directory 'D:\a\synthizer3d\synthizer3d\vcpkg'.
2025-06-23T20:45:19.7996415Z 18ff7614f562c070c7324e8c505ed771ae5f9409
2025-06-23T20:45:19.8033343Z ##[endgroup]
2025-06-23T20:45:19.8034000Z ⏱ elapsed: 0.147 seconds
2025-06-23T20:45:19.8034437Z ##[group]Check whether vcpkg repository is up to date
2025-06-23T20:45:19.8036376Z Checking whether vcpkg's repository is updated to commit id '18ff7614f562c070c7324e8c505ed771ae5f9409' ...
2025-06-23T20:45:19.8038536Z Current commit id of vcpkg: '18ff7614f562c070c7324e8c505ed771ae5f9409'.
2025-06-23T20:45:19.8039076Z Is vcpkg repository updated? No
2025-06-23T20:45:19.8039584Z ##[endgroup]
2025-06-23T20:45:19.8039943Z ⏱ elapsed: 0.001 seconds
2025-06-23T20:45:19.8040336Z ##[group]Download vcpkg source code repository
2025-06-23T20:45:19.8041976Z Cloning vcpkg in 'D:\a\synthizer3d\synthizer3d\vcpkg'...
2025-06-23T20:45:19.9023844Z Running command '"C:\Program Files\Git\bin\git.exe"' with args '^"clone^",^"https://github.com/microsoft/vcpkg.git^",^"-n^",^".^"' in current directory 'D:\a\synthizer3d\synthizer3d\vcpkg'.
2025-06-23T20:45:19.9394347Z Cloning into '.'...
2025-06-23T20:45:29.7110710Z Running command '"C:\Program Files\Git\bin\git.exe"' with args '^"checkout^",^"--force^",^"8f63c9ed5897d7367a92a442a79f91721e0fd38f^"' in current directory 'D:\a\synthizer3d\synthizer3d\vcpkg'.
2025-06-23T20:45:31.6411221Z Note: switching to '8f63c9ed5897d7367a92a442a79f91721e0fd38f'.
2025-06-23T20:45:31.6411675Z 
2025-06-23T20:45:31.6412103Z You are in 'detached HEAD' state. You can look around, make experimental
2025-06-23T20:45:31.6412695Z changes and commit them, and you can discard any commits you make in this
2025-06-23T20:45:31.6413472Z state without impacting any branches by switching back to a branch.
2025-06-23T20:45:31.6413734Z 
2025-06-23T20:45:31.6414003Z If you want to create a new branch to retain commits you create, you may
2025-06-23T20:45:31.6414511Z do so (now or later) by using -c with the switch command. Example:
2025-06-23T20:45:31.6414746Z 
2025-06-23T20:45:31.6414884Z   git switch -c <new-branch-name>
2025-06-23T20:45:31.6415054Z 
2025-06-23T20:45:31.6415181Z Or undo this operation with:
2025-06-23T20:45:31.6415334Z 
2025-06-23T20:45:31.6415420Z   git switch -
2025-06-23T20:45:31.6415533Z 
2025-06-23T20:45:31.6415830Z Turn off this advice by setting config variable advice.detachedHead to false
2025-06-23T20:45:31.6416113Z 
2025-06-23T20:45:31.6417116Z HEAD is now at 8f63c9ed58 [tree-sitter-c] update to 0.24.1 (#45715)
2025-06-23T20:45:31.6466416Z Clone vcpkg in 'D:\a\synthizer3d\synthizer3d\vcpkg'.
2025-06-23T20:45:31.6467247Z ##[endgroup]
2025-06-23T20:45:31.6467700Z ⏱ elapsed: 11.843 seconds
2025-06-23T20:45:31.6468079Z ##[group]Build vcpkg executable
2025-06-23T20:45:31.7624070Z Running command '"C:\Windows\system32\cmd.exe"' with args '^"/c^",^"D:\a\synthizer3d\synthizer3d\vcpkg\bootstrap-vcpkg.bat^"' in current directory 'D:\a\synthizer3d\synthizer3d\vcpkg'.
2025-06-23T20:45:32.3712761Z Downloading https://github.com/microsoft/vcpkg-tool/releases/download/2025-05-19/vcpkg.exe -> D:\a\synthizer3d\synthizer3d\vcpkg\vcpkg.exe... done.
2025-06-23T20:45:32.5360333Z Validating signature... done.
2025-06-23T20:45:32.5456512Z 
2025-06-23T20:45:32.5630671Z vcpkg package management program version 2025-05-19-ece4c0f6b8fae9e94513d544c7aa753dd2c82337
2025-06-23T20:45:32.5631313Z 
2025-06-23T20:45:32.5631607Z See LICENSE.txt for license information.
2025-06-23T20:45:32.5653717Z Telemetry
2025-06-23T20:45:32.5654007Z ---------
2025-06-23T20:45:32.5654619Z vcpkg collects usage data in order to help us improve your experience.
2025-06-23T20:45:32.5655318Z The data collected by Microsoft is anonymous.
2025-06-23T20:45:32.5656603Z You can opt-out of telemetry by re-running the bootstrap-vcpkg script with -disableMetrics,
2025-06-23T20:45:32.5658134Z passing --disable-metrics to vcpkg on the command line,
2025-06-23T20:45:32.5659016Z or by setting the VCPKG_DISABLE_METRICS environment variable.
2025-06-23T20:45:32.5659503Z 
2025-06-23T20:45:32.5659943Z Read more about vcpkg telemetry at docs/about/privacy.md
2025-06-23T20:45:32.6864914Z Fetching the Git commit id at 'D:\a\synthizer3d\synthizer3d\vcpkg' ...
2025-06-23T20:45:32.6866321Z Running command '"C:\Program Files\Git\bin\git.exe"' with args '^"rev-parse^",^"HEAD^"' in current directory 'D:\a\synthizer3d\synthizer3d\vcpkg'.
2025-06-23T20:45:32.7140537Z 8f63c9ed5897d7367a92a442a79f91721e0fd38f
2025-06-23T20:45:32.7181046Z Stored last built vcpkg commit id '8f63c9ed5897d7367a92a442a79f91721e0fd38f' in file 'D:\a\synthizer3d\synthizer3d\vcpkg\vcpkgLastBuiltCommitId'.
2025-06-23T20:45:32.7181881Z ##[endgroup]
2025-06-23T20:45:32.7182403Z ⏱ elapsed: 1.071 seconds
2025-06-23T20:45:32.7182887Z ##[group]Add to PATH vcpkg at 'D:\a\synthizer3d\synthizer3d\vcpkg'
2025-06-23T20:45:32.7186031Z ##[endgroup]
2025-06-23T20:45:32.7187352Z ⏱ elapsed: 0.000 seconds
2025-06-23T20:45:32.7188933Z ##[group]Install/Update ports using vcpkg.json
2025-06-23T20:45:32.7192259Z Running 'vcpkg install,--recurse,--clean-after-build,--x-install-root,D:/a/synthizer3d/synthizer3d/969f6665-88a2-4c98-938e-ca9259871fec/vcpkg_installed,--triplet,x64-windows' in directory 'D:\a\synthizer3d\synthizer3d' ...
2025-06-23T20:45:32.7194831Z Running command '"D:\a\synthizer3d\synthizer3d\vcpkg\vcpkg.exe"' with args '^"install^",^"--recurse^",^"--clean-after-build^",^"--x-install-root^",^"D:/a/synthizer3d/synthizer3d/969f6665-88a2-4c98-938e-ca9259871fec/vcpkg_installed^",^"--triplet^",^"x64-windows^"' in current directory 'D:\a\synthizer3d\synthizer3d'.
2025-06-23T20:45:32.7369295Z warning: The vcpkg D:\a\synthizer3d\synthizer3d\vcpkg\vcpkg.exe is using detected vcpkg root D:\a\synthizer3d\synthizer3d\vcpkg and ignoring mismatched VCPKG_ROOT environment value C:\Program Files\Microsoft Visual Studio\2022\Enterprise\VC\vcpkg. To suppress this message, unset the environment variable or use the --vcpkg-root command line switch.
2025-06-23T20:45:34.0240278Z Detecting compiler hash for triplet x64-windows...
2025-06-23T20:45:40.7849945Z Compiler found: C:/Program Files/Microsoft Visual Studio/2022/Enterprise/VC/Tools/MSVC/14.43.34808/bin/Hostx64/x64/cl.exe
2025-06-23T20:45:40.7980821Z The following packages will be built and installed:
2025-06-23T20:45:40.7981551Z   * atl:x64-windows@0
2025-06-23T20:45:40.7982174Z   * atlmfc:x64-windows@0#3
2025-06-23T20:45:40.7982730Z     libogg:x64-windows@1.3.5#2
2025-06-23T20:45:40.7983579Z     libvorbis:x64-windows@1.3.7#4
2025-06-23T20:45:40.7984024Z     opus:x64-windows@1.5.2
2025-06-23T20:45:40.7984457Z     opusfile:x64-windows@0.12+20221121#1
2025-06-23T20:45:40.7984973Z     soundtouch:x64-windows@2.3.3
2025-06-23T20:45:40.7985454Z   * vcpkg-cmake:x64-windows@2024-04-23
2025-06-23T20:45:40.7986024Z   * vcpkg-cmake-config:x64-windows@2024-05-23
2025-06-23T20:45:40.7986777Z Additional packages (*) will be modified to complete this operation.
2025-06-23T20:45:40.8006190Z %VCPKG_BINARY_SOURCES%: warning: The 'x-gha' binary caching backend has been removed. Consider using a NuGet-based binary caching provider instead, see extended documentation at https://learn.microsoft.com/vcpkg/users/binarycaching?WT.mc_id=vcpkg_inproduct_cli.
2025-06-23T20:45:40.8008000Z   on expression: clear;x-gha,readwrite
2025-06-23T20:45:40.8008500Z                                       ^
2025-06-23T20:45:40.8009123Z Installing 1/9 vcpkg-cmake-config:x64-windows@2024-05-23...
2025-06-23T20:45:40.8009855Z Building vcpkg-cmake-config:x64-windows@2024-05-23...
2025-06-23T20:45:40.8287950Z -- Installing: D:/a/synthizer3d/synthizer3d/vcpkg/packages/vcpkg-cmake-config_x64-windows/share/vcpkg-cmake-config/vcpkg_cmake_config_fixup.cmake
2025-06-23T20:45:40.8296343Z -- Installing: D:/a/synthizer3d/synthizer3d/vcpkg/packages/vcpkg-cmake-config_x64-windows/share/vcpkg-cmake-config/vcpkg-port-config.cmake
2025-06-23T20:45:40.8303506Z -- Installing: D:/a/synthizer3d/synthizer3d/vcpkg/packages/vcpkg-cmake-config_x64-windows/share/vcpkg-cmake-config/copyright
2025-06-23T20:45:40.8334508Z -- Skipping post-build validation due to VCPKG_POLICY_EMPTY_PACKAGE
2025-06-23T20:45:40.8371728Z Elapsed time to handle vcpkg-cmake-config:x64-windows: 39.1 ms
2025-06-23T20:45:40.8373243Z vcpkg-cmake-config:x64-windows package ABI: 842797583f0500a3cabbedf03fb083636fe11e4fd3fd19d9a475485e484445fb
2025-06-23T20:45:40.8379146Z Installing 2/9 vcpkg-cmake:x64-windows@2024-04-23...
2025-06-23T20:45:40.8379679Z Building vcpkg-cmake:x64-windows@2024-04-23...
2025-06-23T20:45:40.8660682Z -- Installing: D:/a/synthizer3d/synthizer3d/vcpkg/packages/vcpkg-cmake_x64-windows/share/vcpkg-cmake/vcpkg_cmake_configure.cmake
2025-06-23T20:45:40.8673727Z -- Installing: D:/a/synthizer3d/synthizer3d/vcpkg/packages/vcpkg-cmake_x64-windows/share/vcpkg-cmake/vcpkg_cmake_build.cmake
2025-06-23T20:45:40.8676881Z -- Installing: D:/a/synthizer3d/synthizer3d/vcpkg/packages/vcpkg-cmake_x64-windows/share/vcpkg-cmake/vcpkg_cmake_install.cmake
2025-06-23T20:45:40.8679317Z -- Installing: D:/a/synthizer3d/synthizer3d/vcpkg/packages/vcpkg-cmake_x64-windows/share/vcpkg-cmake/vcpkg-port-config.cmake
2025-06-23T20:45:40.8680813Z -- Installing: D:/a/synthizer3d/synthizer3d/vcpkg/packages/vcpkg-cmake_x64-windows/share/vcpkg-cmake/copyright
2025-06-23T20:45:40.8716741Z -- Performing post-build validation
2025-06-23T20:45:40.8763586Z Elapsed time to handle vcpkg-cmake:x64-windows: 39.5 ms
2025-06-23T20:45:40.8764723Z vcpkg-cmake:x64-windows package ABI: a500b93f9e0b831ca946128005613d551eeb943040c8f073dc3184f7e15c9834
2025-06-23T20:45:40.8768868Z Installing 3/9 libogg:x64-windows@1.3.5#2...
2025-06-23T20:45:40.8769344Z Building libogg:x64-windows@1.3.5#2...
2025-06-23T20:45:40.9152766Z Downloading https://gitlab.xiph.org/xiph/ogg/-/archive/v1.3.5/ogg-v1.3.5.tar.gz -> xiph-ogg-v1.3.5.tar.gz
2025-06-23T20:45:41.9547584Z Successfully downloaded xiph-ogg-v1.3.5.tar.gz
2025-06-23T20:45:41.9586816Z -- Extracting source D:/a/synthizer3d/synthizer3d/vcpkg/downloads/xiph-ogg-v1.3.5.tar.gz
2025-06-23T20:45:42.1441274Z -- Using source at D:/a/synthizer3d/synthizer3d/vcpkg/buildtrees/libogg/src/v1.3.5-1a4243fef9.clean
2025-06-23T20:45:42.1554706Z -- Found external ninja('1.12.1').
2025-06-23T20:45:42.1594623Z -- Configuring x64-windows
2025-06-23T20:45:49.5559550Z -- Building x64-windows-dbg
2025-06-23T20:45:49.9611446Z -- Building x64-windows-rel
2025-06-23T20:45:50.5005804Z -- Fixing pkgconfig file: D:/a/synthizer3d/synthizer3d/vcpkg/packages/libogg_x64-windows/lib/pkgconfig/ogg.pc
2025-06-23T20:45:50.5201937Z Downloading msys2-mingw-w64-x86_64-pkgconf-1~2.3.0-1-any.pkg.tar.zst, trying https://mirror.msys2.org/mingw/mingw64/mingw-w64-x86_64-pkgconf-1~2.3.0-1-any.pkg.tar.zst
2025-06-23T20:45:51.1778684Z Successfully downloaded msys2-mingw-w64-x86_64-pkgconf-1~2.3.0-1-any.pkg.tar.zst
2025-06-23T20:45:51.1897798Z Downloading msys2-msys2-runtime-3.5.4-2-x86_64.pkg.tar.zst, trying https://mirror.msys2.org/msys/x86_64/msys2-runtime-3.5.4-2-x86_64.pkg.tar.zst
2025-06-23T20:45:51.8849528Z Successfully downloaded msys2-msys2-runtime-3.5.4-2-x86_64.pkg.tar.zst
2025-06-23T20:45:51.9449475Z -- Using msys root at D:/a/synthizer3d/synthizer3d/vcpkg/downloads/tools/msys2/21caed2f81ec917b
2025-06-23T20:45:51.9540239Z -- Fixing pkgconfig file: D:/a/synthizer3d/synthizer3d/vcpkg/packages/libogg_x64-windows/debug/lib/pkgconfig/ogg.pc
2025-06-23T20:45:51.9611674Z -- Installing: D:/a/synthizer3d/synthizer3d/vcpkg/packages/libogg_x64-windows/share/libogg/copyright
2025-06-23T20:45:51.9671693Z -- Performing post-build validation
2025-06-23T20:45:51.9887131Z Elapsed time to handle libogg:x64-windows: 11 s
2025-06-23T20:45:51.9888175Z libogg:x64-windows package ABI: a0557943a3eb3893da4fede0807e4138b3f8e9736e60b3498faf762055851b8f
2025-06-23T20:45:51.9889076Z Installing 4/9 libvorbis:x64-windows@1.3.7#4...
2025-06-23T20:45:51.9889721Z Building libvorbis:x64-windows@1.3.7#4...
2025-06-23T20:45:52.0303248Z Downloading https://github.com/xiph/vorbis/archive/v1.3.7.tar.gz -> xiph-vorbis-v1.3.7.tar.gz
2025-06-23T20:45:52.2849629Z Successfully downloaded xiph-vorbis-v1.3.7.tar.gz
2025-06-23T20:45:52.2921273Z -- Extracting source D:/a/synthizer3d/synthizer3d/vcpkg/downloads/xiph-vorbis-v1.3.7.tar.gz
2025-06-23T20:45:52.4804204Z -- Applying patch 0001-Dont-export-vorbisenc-functions.patch
2025-06-23T20:45:52.5017088Z -- Applying patch 0002-Fixup-pkgconfig-libs.patch
2025-06-23T20:45:52.5210117Z -- Applying patch 0003-def-mingw-compat.patch
2025-06-23T20:45:52.5412616Z -- Applying patch 0004-ogg-find-dependency.patch
2025-06-23T20:45:52.5610372Z -- Using source at D:/a/synthizer3d/synthizer3d/vcpkg/buildtrees/libvorbis/src/v1.3.7-c32164610e.clean
2025-06-23T20:45:52.5716591Z -- Found external ninja('1.12.1').
2025-06-23T20:45:52.5749464Z -- Configuring x64-windows
2025-06-23T20:45:54.1450254Z -- Building x64-windows-dbg
2025-06-23T20:45:55.3973180Z -- Building x64-windows-rel
2025-06-23T20:45:57.9169883Z -- Fixing pkgconfig file: D:/a/synthizer3d/synthizer3d/vcpkg/packages/libvorbis_x64-windows/lib/pkgconfig/vorbis.pc
2025-06-23T20:45:57.9177124Z -- Fixing pkgconfig file: D:/a/synthizer3d/synthizer3d/vcpkg/packages/libvorbis_x64-windows/lib/pkgconfig/vorbisenc.pc
2025-06-23T20:45:57.9181855Z -- Fixing pkgconfig file: D:/a/synthizer3d/synthizer3d/vcpkg/packages/libvorbis_x64-windows/lib/pkgconfig/vorbisfile.pc
2025-06-23T20:45:57.9386399Z Downloading msys2-mingw-w64-x86_64-pkgconf-1~2.3.0-1-any.pkg.tar.zst, trying https://mirror.msys2.org/mingw/mingw64/mingw-w64-x86_64-pkgconf-1~2.3.0-1-any.pkg.tar.zst
2025-06-23T20:45:58.4852030Z Successfully downloaded msys2-mingw-w64-x86_64-pkgconf-1~2.3.0-1-any.pkg.tar.zst
2025-06-23T20:45:58.4980457Z Downloading msys2-msys2-runtime-3.5.4-2-x86_64.pkg.tar.zst, trying https://mirror.msys2.org/msys/x86_64/msys2-runtime-3.5.4-2-x86_64.pkg.tar.zst
2025-06-23T20:45:59.2765672Z Successfully downloaded msys2-msys2-runtime-3.5.4-2-x86_64.pkg.tar.zst
2025-06-23T20:45:59.2794938Z -- Using msys root at D:/a/synthizer3d/synthizer3d/vcpkg/downloads/tools/msys2/21caed2f81ec917b
2025-06-23T20:45:59.2983145Z -- Fixing pkgconfig file: D:/a/synthizer3d/synthizer3d/vcpkg/packages/libvorbis_x64-windows/debug/lib/pkgconfig/vorbis.pc
2025-06-23T20:45:59.2987396Z -- Fixing pkgconfig file: D:/a/synthizer3d/synthizer3d/vcpkg/packages/libvorbis_x64-windows/debug/lib/pkgconfig/vorbisenc.pc
2025-06-23T20:45:59.2993687Z -- Fixing pkgconfig file: D:/a/synthizer3d/synthizer3d/vcpkg/packages/libvorbis_x64-windows/debug/lib/pkgconfig/vorbisfile.pc
2025-06-23T20:45:59.4286822Z -- Installing: D:/a/synthizer3d/synthizer3d/vcpkg/packages/libvorbis_x64-windows/share/libvorbis/usage
2025-06-23T20:45:59.4292322Z -- Installing: D:/a/synthizer3d/synthizer3d/vcpkg/packages/libvorbis_x64-windows/share/libvorbis/copyright
2025-06-23T20:45:59.4347883Z -- Performing post-build validation
2025-06-23T20:45:59.4810318Z Elapsed time to handle libvorbis:x64-windows: 7.5 s
2025-06-23T20:45:59.4811497Z libvorbis:x64-windows package ABI: d90efec2c9090f56a4508a9a4435f94eb42aca93d2a98ecfbdc3a996d623c61c
2025-06-23T20:45:59.4812210Z Installing 5/9 opus:x64-windows@1.5.2...
2025-06-23T20:45:59.4812603Z Building opus:x64-windows@1.5.2...
2025-06-23T20:45:59.5231691Z Downloading https://github.com/xiph/opus/archive/v1.5.2.tar.gz -> xiph-opus-v1.5.2.tar.gz
2025-06-23T20:45:59.8124602Z Successfully downloaded xiph-opus-v1.5.2.tar.gz
2025-06-23T20:45:59.8301347Z -- Extracting source D:/a/synthizer3d/synthizer3d/vcpkg/downloads/xiph-opus-v1.5.2.tar.gz
2025-06-23T20:46:00.0785950Z -- Applying patch fix-pkgconfig-version.patch
2025-06-23T20:46:00.1012347Z -- Using source at D:/a/synthizer3d/synthizer3d/vcpkg/buildtrees/opus/src/v1.5.2-81ed242155.clean
2025-06-23T20:46:00.1136172Z -- Found external ninja('1.12.1').
2025-06-23T20:46:00.1173384Z -- Configuring x64-windows
2025-06-23T20:46:05.0248394Z -- Building x64-windows-dbg
2025-06-23T20:46:10.1631684Z -- Building x64-windows-rel
2025-06-23T20:46:18.2660618Z -- Fixing pkgconfig file: D:/a/synthizer3d/synthizer3d/vcpkg/packages/opus_x64-windows/lib/pkgconfig/opus.pc
2025-06-23T20:46:18.2861466Z Downloading msys2-mingw-w64-x86_64-pkgconf-1~2.3.0-1-any.pkg.tar.zst, trying https://mirror.msys2.org/mingw/mingw64/mingw-w64-x86_64-pkgconf-1~2.3.0-1-any.pkg.tar.zst
2025-06-23T20:46:18.8340236Z Successfully downloaded msys2-mingw-w64-x86_64-pkgconf-1~2.3.0-1-any.pkg.tar.zst
2025-06-23T20:46:18.8463187Z Downloading msys2-msys2-runtime-3.5.4-2-x86_64.pkg.tar.zst, trying https://mirror.msys2.org/msys/x86_64/msys2-runtime-3.5.4-2-x86_64.pkg.tar.zst
2025-06-23T20:46:19.5379530Z Successfully downloaded msys2-msys2-runtime-3.5.4-2-x86_64.pkg.tar.zst
2025-06-23T20:46:19.5407738Z -- Using msys root at D:/a/synthizer3d/synthizer3d/vcpkg/downloads/tools/msys2/21caed2f81ec917b
2025-06-23T20:46:19.5478238Z -- Fixing pkgconfig file: D:/a/synthizer3d/synthizer3d/vcpkg/packages/opus_x64-windows/debug/lib/pkgconfig/opus.pc
2025-06-23T20:46:19.5548569Z -- Installing: D:/a/synthizer3d/synthizer3d/vcpkg/packages/opus_x64-windows/share/opus/copyright
2025-06-23T20:46:19.5605894Z -- Performing post-build validation
2025-06-23T20:46:19.6230107Z Elapsed time to handle opus:x64-windows: 20 s
2025-06-23T20:46:19.6231138Z opus:x64-windows package ABI: 85472ea35b34b5b2cb87ab8fa93a3b878862ba2c74d619b262819f1046f3d06f
2025-06-23T20:46:19.6232072Z Installing 6/9 opusfile:x64-windows@0.12+20221121#1...
2025-06-23T20:46:19.6232707Z Building opusfile:x64-windows@0.12+20221121#1...
2025-06-23T20:46:19.6556965Z -- Note: opusfile only supports static library linkage. Building static library.
2025-06-23T20:46:19.6649870Z Downloading https://github.com/xiph/opusfile/archive/9d718345ce03b2fad5d7d28e0bcd1cc69ab2b166.tar.gz -> xiph-opusfile-9d718345ce03b2fad5d7d28e0bcd1cc69ab2b166.tar.gz
2025-06-23T20:46:19.8892450Z Successfully downloaded xiph-opusfile-9d718345ce03b2fad5d7d28e0bcd1cc69ab2b166.tar.gz
2025-06-23T20:46:19.8927018Z -- Extracting source D:/a/synthizer3d/synthizer3d/vcpkg/downloads/xiph-opusfile-9d718345ce03b2fad5d7d28e0bcd1cc69ab2b166.tar.gz
2025-06-23T20:46:20.0314829Z -- Using source at D:/a/synthizer3d/synthizer3d/vcpkg/buildtrees/opusfile/src/c69ab2b166-6cc7de23ec.clean
2025-06-23T20:46:20.0436909Z -- Found external ninja('1.12.1').
2025-06-23T20:46:20.0475088Z -- Configuring x64-windows
2025-06-23T20:46:21.2777480Z -- Building x64-windows-dbg
2025-06-23T20:46:22.1621642Z -- Building x64-windows-rel
2025-06-23T20:46:22.6677258Z -- Fixing pkgconfig file: D:/a/synthizer3d/synthizer3d/vcpkg/packages/opusfile_x64-windows/lib/pkgconfig/opusfile.pc
2025-06-23T20:46:22.6886324Z Downloading msys2-mingw-w64-x86_64-pkgconf-1~2.3.0-1-any.pkg.tar.zst, trying https://mirror.msys2.org/mingw/mingw64/mingw-w64-x86_64-pkgconf-1~2.3.0-1-any.pkg.tar.zst
2025-06-23T20:46:23.2478251Z Successfully downloaded msys2-mingw-w64-x86_64-pkgconf-1~2.3.0-1-any.pkg.tar.zst
2025-06-23T20:46:23.2608182Z Downloading msys2-msys2-runtime-3.5.4-2-x86_64.pkg.tar.zst, trying https://mirror.msys2.org/msys/x86_64/msys2-runtime-3.5.4-2-x86_64.pkg.tar.zst
2025-06-23T20:46:23.9931153Z Successfully downloaded msys2-msys2-runtime-3.5.4-2-x86_64.pkg.tar.zst
2025-06-23T20:46:23.9962686Z -- Using msys root at D:/a/synthizer3d/synthizer3d/vcpkg/downloads/tools/msys2/21caed2f81ec917b
2025-06-23T20:46:24.0042525Z -- Fixing pkgconfig file: D:/a/synthizer3d/synthizer3d/vcpkg/packages/opusfile_x64-windows/debug/lib/pkgconfig/opusfile.pc
2025-06-23T20:46:24.0144399Z -- Installing: D:/a/synthizer3d/synthizer3d/vcpkg/packages/opusfile_x64-windows/share/opusfile/copyright
2025-06-23T20:46:24.0153871Z -- Installing: D:/a/synthizer3d/synthizer3d/vcpkg/packages/opusfile_x64-windows/share/opusfile/usage
2025-06-23T20:46:24.0210959Z -- Performing post-build validation
2025-06-23T20:46:24.0365335Z Elapsed time to handle opusfile:x64-windows: 4.4 s
2025-06-23T20:46:24.0366817Z opusfile:x64-windows package ABI: 393a65d651c7a2ecd7aa3929806afcb2252d03470cf3ab96d0a5a178ff8ac0ea
2025-06-23T20:46:24.0367987Z Installing 7/9 atl:x64-windows@0...
2025-06-23T20:46:24.0371322Z Building atl:x64-windows@0...
2025-06-23T20:46:24.0736688Z -- Skipping post-build validation due to VCPKG_POLICY_EMPTY_PACKAGE
2025-06-23T20:46:24.0765717Z Elapsed time to handle atl:x64-windows: 40.1 ms
2025-06-23T20:46:24.0766525Z atl:x64-windows package ABI: 00c2ec0d92501baf73b36832a4cf6267281ce78714eab01bcc631fe906883872
2025-06-23T20:46:24.0767145Z Installing 8/9 atlmfc:x64-windows@0#3...
2025-06-23T20:46:24.0767524Z Building atlmfc:x64-windows@0#3...
2025-06-23T20:46:24.1195672Z -- Skipping post-build validation due to VCPKG_POLICY_EMPTY_PACKAGE
2025-06-23T20:46:24.1224610Z Elapsed time to handle atlmfc:x64-windows: 45.8 ms
2025-06-23T20:46:24.1225579Z atlmfc:x64-windows package ABI: eb110e8ab4abe86fa37c7f0085ad4fc46ce18802f978ea90d75ed1f56bb72837
2025-06-23T20:46:24.1226309Z Installing 9/9 soundtouch:x64-windows@2.3.3...
2025-06-23T20:46:24.1226783Z Building soundtouch:x64-windows@2.3.3...
2025-06-23T20:46:24.1646476Z Downloading https://codeberg.org/soundtouch/soundtouch/archive/2.3.3.tar.gz -> soundtouch-soundtouch-2.3.3.tar.gz
2025-06-23T20:46:25.2287806Z Successfully downloaded soundtouch-soundtouch-2.3.3.tar.gz
2025-06-23T20:46:25.2339195Z -- Extracting source D:/a/synthizer3d/synthizer3d/vcpkg/downloads/soundtouch-soundtouch-2.3.3.tar.gz
2025-06-23T20:46:25.3817230Z -- Using source at D:/a/synthizer3d/synthizer3d/vcpkg/buildtrees/soundtouch/src/2.3.3-309213044d.clean
2025-06-23T20:46:25.3935304Z -- Found external ninja('1.12.1').
2025-06-23T20:46:25.3974134Z -- Configuring x64-windows
2025-06-23T20:46:26.8946386Z -- Building x64-windows-dbg
2025-06-23T20:46:29.1924842Z -- Building x64-windows-rel
2025-06-23T20:46:31.3149742Z -- Fixing pkgconfig file: D:/a/synthizer3d/synthizer3d/vcpkg/packages/soundtouch_x64-windows/lib/pkgconfig/soundtouch.pc
2025-06-23T20:46:31.3351109Z Downloading msys2-mingw-w64-x86_64-pkgconf-1~2.3.0-1-any.pkg.tar.zst, trying https://mirror.msys2.org/mingw/mingw64/mingw-w64-x86_64-pkgconf-1~2.3.0-1-any.pkg.tar.zst
2025-06-23T20:46:31.8836971Z Successfully downloaded msys2-mingw-w64-x86_64-pkgconf-1~2.3.0-1-any.pkg.tar.zst
2025-06-23T20:46:31.8957520Z Downloading msys2-msys2-runtime-3.5.4-2-x86_64.pkg.tar.zst, trying https://mirror.msys2.org/msys/x86_64/msys2-runtime-3.5.4-2-x86_64.pkg.tar.zst
2025-06-23T20:46:32.6408053Z Successfully downloaded msys2-msys2-runtime-3.5.4-2-x86_64.pkg.tar.zst
2025-06-23T20:46:32.6433884Z -- Using msys root at D:/a/synthizer3d/synthizer3d/vcpkg/downloads/tools/msys2/21caed2f81ec917b
2025-06-23T20:46:32.6506623Z -- Fixing pkgconfig file: D:/a/synthizer3d/synthizer3d/vcpkg/packages/soundtouch_x64-windows/debug/lib/pkgconfig/soundtouch.pc
2025-06-23T20:46:32.6959621Z -- Installing: D:/a/synthizer3d/synthizer3d/vcpkg/packages/soundtouch_x64-windows/share/soundtouch/copyright
2025-06-23T20:46:32.7018949Z -- Performing post-build validation
2025-06-23T20:46:32.7253023Z Elapsed time to handle soundtouch:x64-windows: 8.6 s
2025-06-23T20:46:32.7273914Z soundtouch:x64-windows package ABI: cba299c175d42d095d98a381b7b4aa62179cb526de49043c0d1fb0751d841aaf
2025-06-23T20:46:32.7274829Z libogg provides CMake targets:
2025-06-23T20:46:32.7275129Z 
2025-06-23T20:46:32.7275381Z   # this is heuristically generated, and may not be correct
2025-06-23T20:46:32.7276312Z   find_package(Ogg CONFIG REQUIRED)
2025-06-23T20:46:32.7277305Z   target_link_libraries(main PRIVATE Ogg::ogg)
2025-06-23T20:46:32.7277972Z 
2025-06-23T20:46:32.7278974Z libogg provides pkg-config modules:
2025-06-23T20:46:32.7279433Z 
2025-06-23T20:46:32.7280635Z   # ogg is a library for manipulating ogg bitstreams
2025-06-23T20:46:32.7281114Z   ogg
2025-06-23T20:46:32.7281284Z 
2025-06-23T20:46:32.7282536Z The package libvorbis provides CMake targets:
2025-06-23T20:46:32.7282898Z 
2025-06-23T20:46:32.7284092Z     # Vorbis reference encoder and decoder, low-level API
2025-06-23T20:46:32.7284738Z     find_package(Vorbis CONFIG REQUIRED)
2025-06-23T20:46:32.7285470Z     target_link_libraries(main PRIVATE Vorbis::vorbis)
2025-06-23T20:46:32.7285866Z 
2025-06-23T20:46:32.7286336Z     # Audio stream decoding and basic manipulation, high-level API
2025-06-23T20:46:32.7287003Z     find_package(Vorbis CONFIG REQUIRED)
2025-06-23T20:46:32.7287704Z     target_link_libraries(main PRIVATE Vorbis::vorbisfile)
2025-06-23T20:46:32.7288124Z 
2025-06-23T20:46:32.7288531Z     # Convenience API for setting up an encoding environment
2025-06-23T20:46:32.7289184Z     find_package(Vorbis CONFIG REQUIRED)
2025-06-23T20:46:32.7289847Z     target_link_libraries(main PRIVATE Vorbis::vorbisenc)
2025-06-23T20:46:32.7290193Z 
2025-06-23T20:46:32.7290686Z opus provides CMake targets:
2025-06-23T20:46:32.7291029Z 
2025-06-23T20:46:32.7291558Z   # this is heuristically generated, and may not be correct
2025-06-23T20:46:32.7292119Z   find_package(Opus CONFIG REQUIRED)
2025-06-23T20:46:32.7292637Z   target_link_libraries(main PRIVATE Opus::opus)
2025-06-23T20:46:32.7292989Z 
2025-06-23T20:46:32.7293214Z opus provides pkg-config modules:
2025-06-23T20:46:32.7293469Z 
2025-06-23T20:46:32.7293678Z   # Opus IETF audio codec ( build)
2025-06-23T20:46:32.7294444Z   opus
2025-06-23T20:46:32.7294606Z 
2025-06-23T20:46:32.7295062Z The package opusfile provides CMake targets:
2025-06-23T20:46:32.7295418Z 
2025-06-23T20:46:32.7295689Z     find_package(OpusFile CONFIG REQUIRED)
2025-06-23T20:46:32.7296816Z     target_link_libraries(main PRIVATE OpusFile::opusfile)
2025-06-23T20:46:32.7297205Z 
2025-06-23T20:46:32.7297410Z     # To use the opusurl API
2025-06-23T20:46:32.7298001Z     target_link_libraries(main PRIVATE OpusFile::opusurl)
2025-06-23T20:46:32.7298376Z 
2025-06-23T20:46:32.7298620Z soundtouch provides CMake targets:
2025-06-23T20:46:32.7298885Z 
2025-06-23T20:46:32.7299230Z   # this is heuristically generated, and may not be correct
2025-06-23T20:46:32.7299836Z   find_package(SoundTouch CONFIG REQUIRED)
2025-06-23T20:46:32.7300726Z   target_link_libraries(main PRIVATE SoundTouch::SoundTouch)
2025-06-23T20:46:32.7301122Z 
2025-06-23T20:46:32.7301362Z soundtouch provides pkg-config modules:
2025-06-23T20:46:32.7301649Z 
2025-06-23T20:46:32.7302550Z   # SoundTouch is an open-source audio processing library for changing the Tempo, Pitch and Playback Rates of audio streams or files
2025-06-23T20:46:32.7303416Z   soundtouch
2025-06-23T20:46:32.7303577Z 
2025-06-23T20:46:32.7303951Z All requested installations completed successfully in: 52 s
2025-06-23T20:46:32.7320479Z ##[endgroup]
2025-06-23T20:46:32.7321435Z ⏱ elapsed: 60.013 seconds
2025-06-23T20:46:32.7322193Z ##[group]Set output environment variables
2025-06-23T20:46:32.7324035Z Set the workflow environment variable 'RUNVCPKG_VCPKG_ROOT' to value 'D:\a\synthizer3d\synthizer3d\vcpkg'
2025-06-23T20:46:32.7327654Z Set the workflow environment variable 'VCPKG_ROOT' to value 'D:\a\synthizer3d\synthizer3d\vcpkg'
2025-06-23T20:46:32.7330811Z Set the step output variable 'RUNVCPKG_VCPKG_ROOT_OUT' to value 'D:\a\synthizer3d\synthizer3d\vcpkg''
2025-06-23T20:46:32.7334131Z Set the workflow environment variable 'VCPKG_DEFAULT_TRIPLET' to value 'x64-windows'
2025-06-23T20:46:32.7336694Z Set the step output variable 'RUNVCPKG_VCPKG_DEFAULT_TRIPLET_OUT' to value 'x64-windows''
2025-06-23T20:46:32.7339773Z ##[endgroup]
2025-06-23T20:46:32.7340342Z ⏱ elapsed: 0.002 seconds
2025-06-23T20:46:32.7344639Z run-vcpkg action execution succeeded
2025-06-23T20:46:32.7542215Z ##[group]Run Write-Host "VCPKG_ROOT (tool directory from lukka/run-vcpkg) is $env:VCPKG_ROOT"
2025-06-23T20:46:32.7542927Z [36;1mWrite-Host "VCPKG_ROOT (tool directory from lukka/run-vcpkg) is $env:VCPKG_ROOT"[0m
2025-06-23T20:46:32.7543447Z [36;1mWrite-Host "VCPKG_DEFAULT_TRIPLET is $env:VCPKG_DEFAULT_TRIPLET"[0m
2025-06-23T20:46:32.7543876Z [36;1mWrite-Host "GITHUB_WORKSPACE is $env:GITHUB_WORKSPACE"[0m
2025-06-23T20:46:32.7544530Z [36;1mWrite-Host "Initial EFFECTIVE_VCPKG_INSTALLED_DIR_BASE (from job env, target for manifest install) is $env:EFFECTIVE_VCPKG_INSTALLED_DIR_BASE"[0m
2025-06-23T20:46:32.7545150Z [36;1m[0m
2025-06-23T20:46:32.7545327Z [36;1mif (-not $env:VCPKG_ROOT) {[0m
2025-06-23T20:46:32.7545715Z [36;1m  Write-Error "VCPKG_ROOT not set. This should be set by the lukka/run-vcpkg action."[0m
2025-06-23T20:46:32.7546098Z [36;1m  exit 1[0m
2025-06-23T20:46:32.7546262Z [36;1m}[0m
2025-06-23T20:46:32.7546411Z [36;1m[0m
2025-06-23T20:46:32.7546724Z [36;1m# Esegui vcpkg install. Se vcpkg.json è in $env:GITHUB_WORKSPACE (CWD),[0m
2025-06-23T20:46:32.7547251Z [36;1m# installerà in $env:GITHUB_WORKSPACE/vcpkg_installed/$env:VCPKG_DEFAULT_TRIPLET[0m
2025-06-23T20:46:32.7547800Z [36;1m# che corrisponde a $env:EFFECTIVE_VCPKG_INSTALLED_DIR_BASE/$env:VCPKG_DEFAULT_TRIPLET[0m
2025-06-23T20:46:32.7548332Z [36;1m# La CurrentWorkingDirectory per gli script eseguiti da 'run:' è $GITHUB_WORKSPACE.[0m
2025-06-23T20:46:32.7548827Z [36;1m& "$env:VCPKG_ROOT\vcpkg.exe" install --triplet $env:VCPKG_DEFAULT_TRIPLET[0m
2025-06-23T20:46:32.7549224Z [36;1mWrite-Host "Finished vcpkg install command."[0m
2025-06-23T20:46:32.7549475Z [36;1m[0m
2025-06-23T20:46:32.7549788Z [36;1m# CMAKE_PREFIX_PATH deve puntare a dove vcpkg ha effettivamente installato i pacchetti.[0m
2025-06-23T20:46:32.7550366Z [36;1m# Con la modalità manifest, questo è $env:EFFECTIVE_VCPKG_INSTALLED_DIR_BASE/$env:VCPKG_DEFAULT_TRIPLET.[0m
2025-06-23T20:46:32.7551011Z [36;1m$cmakePrefixPathValue = Join-Path $env:EFFECTIVE_VCPKG_INSTALLED_DIR_BASE $env:VCPKG_DEFAULT_TRIPLET[0m
2025-06-23T20:46:32.7551425Z [36;1m[0m
2025-06-23T20:46:32.7551739Z [36;1mWrite-Host "Verifying existence of target CMAKE_PREFIX_PATH: $cmakePrefixPathValue"[0m
2025-06-23T20:46:32.7552224Z [36;1mif (-not (Test-Path $cmakePrefixPathValue -PathType Container)) {[0m
2025-06-23T20:46:32.7552823Z [36;1m  Write-Warning "ATTENZIONE: La directory $cmakePrefixPathValue (target per CMAKE_PREFIX_PATH) NON esiste dopo vcpkg install."[0m
2025-06-23T20:46:32.7554267Z [36;1m  Write-Warning "Questo indica che vcpkg non ha installato nella posizione manifest attesa."[0m
2025-06-23T20:46:32.7554808Z [36;1m  Write-Warning "Contenuto di $env:EFFECTIVE_VCPKG_INSTALLED_DIR_BASE per debug:"[0m
2025-06-23T20:46:32.7555628Z [36;1m  Get-ChildItem -Path $env:EFFECTIVE_VCPKG_INSTALLED_DIR_BASE -ErrorAction SilentlyContinue -Depth 1 || Write-Warning "$env:EFFECTIVE_VCPKG_INSTALLED_DIR_BASE non esiste o è vuoto."[0m
2025-06-23T20:46:32.7556281Z [36;1m  [0m
2025-06-23T20:46:32.7556575Z [36;1m  # Fallback per debug: controlla la directory di installazione classica di vcpkg[0m
2025-06-23T20:46:32.7557155Z [36;1m  $classicVcpkgInstalledPath = Join-Path (Join-Path $env:VCPKG_ROOT "installed") $env:VCPKG_DEFAULT_TRIPLET[0m
2025-06-23T20:46:32.7557843Z [36;1m  Write-Warning "Controllo del percorso di installazione classico di vcpkg per debug: $classicVcpkgInstalledPath"[0m
2025-06-23T20:46:32.7558410Z [36;1m  if(Test-Path $classicVcpkgInstalledPath -PathType Container){[0m
2025-06-23T20:46:32.7559071Z [36;1m      Write-Warning "Il percorso classico $classicVcpkgInstalledPath ESISTE. Questo è fonte di confusione se era prevista la modalità manifest."[0m
2025-06-23T20:46:32.7559622Z [36;1m  } else {[0m
2025-06-23T20:46:32.7559944Z [36;1m      Write-Warning "Anche il percorso classico $classicVcpkgInstalledPath NON esiste."[0m
2025-06-23T20:46:32.7560306Z [36;1m  }[0m
2025-06-23T20:46:32.7561720Z [36;1m} else {[0m
2025-06-23T20:46:32.7562141Z [36;1m  Write-Host "Confermato: La directory target per CMAKE_PREFIX_PATH esiste: $cmakePrefixPathValue"[0m
2025-06-23T20:46:32.7562558Z [36;1m}[0m
2025-06-23T20:46:32.7563843Z [36;1m[0m
2025-06-23T20:46:32.7564260Z [36;1mecho "CMAKE_PREFIX_PATH=$cmakePrefixPathValue" | Out-File -FilePath $env:GITHUB_ENV -Encoding utf8 -Append[0m
2025-06-23T20:46:32.7564839Z [36;1mWrite-Host "CMAKE_PREFIX_PATH impostato a $cmakePrefixPathValue"[0m
2025-06-23T20:46:32.7565409Z [36;1m# EFFECTIVE_VCPKG_INSTALLED_DIR_BASE è già corretto dall'env del job, non serve aggiornarlo di nuovo in GITHUB_ENV[0m
2025-06-23T20:46:32.7565942Z [36;1m# se la nostra assunzione sulla modalità manifest è corretta.[0m
2025-06-23T20:46:32.7598540Z shell: C:\Program Files\PowerShell\7\pwsh.EXE -command ". '{0}'"
2025-06-23T20:46:32.7598857Z env:
2025-06-23T20:46:32.7599016Z   PYVERSION: 3.9
2025-06-23T20:46:32.7599195Z   CI_ARCH_LOWER: x64
2025-06-23T20:46:32.7599384Z   CI_WINDOWS: 1
2025-06-23T20:46:32.7599540Z   CI_ARCH_ENV: x64
2025-06-23T20:46:32.7599726Z   VCPKG_DEFAULT_TRIPLET: x64-windows
2025-06-23T20:46:32.7600089Z   EFFECTIVE_VCPKG_INSTALLED_DIR_BASE: D:\a\synthizer3d\synthizer3d\vcpkg_installed
2025-06-23T20:46:32.7600525Z   pythonLocation: C:\hostedtoolcache\windows\Python\3.9.13\x64
2025-06-23T20:46:32.7600929Z   PKG_CONFIG_PATH: C:\hostedtoolcache\windows\Python\3.9.13\x64/lib/pkgconfig
2025-06-23T20:46:32.7601325Z   Python_ROOT_DIR: C:\hostedtoolcache\windows\Python\3.9.13\x64
2025-06-23T20:46:32.7601679Z   Python2_ROOT_DIR: C:\hostedtoolcache\windows\Python\3.9.13\x64
2025-06-23T20:46:32.7602085Z   Python3_ROOT_DIR: C:\hostedtoolcache\windows\Python\3.9.13\x64
2025-06-23T20:46:32.7602398Z   CommandPromptType: Native
2025-06-23T20:46:32.7602714Z   DevEnvDir: C:\Program Files\Microsoft Visual Studio\2022\Enterprise\Common7\IDE\
2025-06-23T20:46:32.7603185Z   ExtensionSdkDir: C:\Program Files (x86)\Microsoft SDKs\Windows Kits\10\ExtensionSDKs
2025-06-23T20:46:32.7605184Z   EXTERNAL_INCLUDE: C:\Program Files\Microsoft Visual Studio\2022\Enterprise\VC\Tools\MSVC\14.43.34808\include;C:\Program Files\Microsoft Visual Studio\2022\Enterprise\VC\Tools\MSVC\14.43.34808\ATLMFC\include;C:\Program Files\Microsoft Visual Studio\2022\Enterprise\VC\Auxiliary\VS\include;C:\Program Files (x86)\Windows Kits\10\include\10.0.26100.0\ucrt;C:\Program Files (x86)\Windows Kits\10\\include\10.0.26100.0\\um;C:\Program Files (x86)\Windows Kits\10\\include\10.0.26100.0\\shared;C:\Program Files (x86)\Windows Kits\10\\include\10.0.26100.0\\winrt;C:\Program Files (x86)\Windows Kits\10\\include\10.0.26100.0\\cppwinrt;C:\Program Files (x86)\Windows Kits\NETFXSDK\4.8\include\um
2025-06-23T20:46:32.7607174Z   Framework40Version: v4.0
2025-06-23T20:46:32.7607418Z   FrameworkDir: C:\Windows\Microsoft.NET\Framework64\
2025-06-23T20:46:32.7607733Z   FrameworkDir64: C:\Windows\Microsoft.NET\Framework64\
2025-06-23T20:46:32.7607998Z   FrameworkVersion: v4.0.30319
2025-06-23T20:46:32.7608210Z   FrameworkVersion64: v4.0.30319
2025-06-23T20:46:32.7608685Z   FSHARPINSTALLDIR: C:\Program Files\Microsoft Visual Studio\2022\Enterprise\Common7\IDE\CommonExtensions\Microsoft\FSharp\Tools
2025-06-23T20:46:32.7609220Z   HTMLHelpDir: C:\Program Files (x86)\HTML Help Workshop
2025-06-23T20:46:32.7609639Z   IFCPATH: C:\Program Files\Microsoft Visual Studio\2022\Enterprise\VC\Tools\MSVC\14.43.34808\ifc\x64
2025-06-23T20:46:32.7612189Z   INCLUDE: C:\Program Files\Microsoft Visual Studio\2022\Enterprise\VC\Tools\MSVC\14.43.34808\include;C:\Program Files\Microsoft Visual Studio\2022\Enterprise\VC\Tools\MSVC\14.43.34808\ATLMFC\include;C:\Program Files\Microsoft Visual Studio\2022\Enterprise\VC\Auxiliary\VS\include;C:\Program Files (x86)\Windows Kits\10\include\10.0.26100.0\ucrt;C:\Program Files (x86)\Windows Kits\10\\include\10.0.26100.0\\um;C:\Program Files (x86)\Windows Kits\10\\include\10.0.26100.0\\shared;C:\Program Files (x86)\Windows Kits\10\\include\10.0.26100.0\\winrt;C:\Program Files (x86)\Windows Kits\10\\include\10.0.26100.0\\cppwinrt;C:\Program Files (x86)\Windows Kits\NETFXSDK\4.8\include\um
2025-06-23T20:46:32.7614023Z   is_x64_arch: true
2025-06-23T20:46:32.7615043Z   LIB: C:\Program Files\Microsoft Visual Studio\2022\Enterprise\VC\Tools\MSVC\14.43.34808\ATLMFC\lib\x64;C:\Program Files\Microsoft Visual Studio\2022\Enterprise\VC\Tools\MSVC\14.43.34808\lib\x64;C:\Program Files (x86)\Windows Kits\NETFXSDK\4.8\lib\um\x64;C:\Program Files (x86)\Windows Kits\10\lib\10.0.26100.0\ucrt\x64;C:\Program Files (x86)\Windows Kits\10\\lib\10.0.26100.0\\um\x64
2025-06-23T20:46:32.7617246Z   LIBPATH: C:\Program Files\Microsoft Visual Studio\2022\Enterprise\VC\Tools\MSVC\14.43.34808\ATLMFC\lib\x64;C:\Program Files\Microsoft Visual Studio\2022\Enterprise\VC\Tools\MSVC\14.43.34808\lib\x64;C:\Program Files\Microsoft Visual Studio\2022\Enterprise\VC\Tools\MSVC\14.43.34808\lib\x86\store\references;C:\Program Files (x86)\Windows Kits\10\UnionMetadata\10.0.26100.0;C:\Program Files (x86)\Windows Kits\10\References\10.0.26100.0;C:\Windows\Microsoft.NET\Framework64\v4.0.30319
2025-06-23T20:46:32.7618699Z   NETFXSDKDir: C:\Program Files (x86)\Windows Kits\NETFXSDK\4.8\
2025-06-23T20:46:32.7631272Z   Path: C:\Program Files\Microsoft Visual Studio\2022\Enterprise\VC\Tools\MSVC\14.43.34808\bin\HostX64\x64;C:\Program Files\Microsoft Visual Studio\2022\Enterprise\Common7\IDE\VC\VCPackages;C:\Program Files\Microsoft Visual Studio\2022\Enterprise\Common7\IDE\CommonExtensions\Microsoft\TestWindow;C:\Program Files\Microsoft Visual Studio\2022\Enterprise\Common7\IDE\CommonExtensions\Microsoft\TeamFoundation\Team Explorer;C:\Program Files\Microsoft Visual Studio\2022\Enterprise\MSBuild\Current\bin\Roslyn;C:\Program Files (x86)\Microsoft SDKs\Windows\v10.0A\bin\NETFX 4.8 Tools\x64\;C:\Program Files (x86)\HTML Help Workshop;C:\Program Files\Microsoft Visual Studio\2022\Enterprise\Common7\IDE\CommonExtensions\Microsoft\FSharp\Tools;C:\Program Files\Microsoft Visual Studio\2022\Enterprise\Team Tools\DiagnosticsHub\Collector;C:\Program Files\Microsoft Visual Studio\2022\Enterprise\Common7\IDE\Extensions\Microsoft\CodeCoverage.Console;C:\Program Files (x86)\Windows Kits\10\bin\10.0.26100.0\\x64;C:\Program Files (x86)\Windows Kits\10\bin\\x64;C:\Program Files\Microsoft Visual Studio\2022\Enterprise\\MSBuild\Current\Bin\amd64;C:\Windows\Microsoft.NET\Framework64\v4.0.30319;C:\Program Files\Microsoft Visual Studio\2022\Enterprise\Common7\IDE\;C:\Program Files\Microsoft Visual Studio\2022\Enterprise\Common7\Tools\;C:\Users\runneradmin\AppData\Roaming\Python\Python39\Scripts;C:\hostedtoolcache\windows\Python\3.9.13\x64\Scripts;C:\hostedtoolcache\windows\Python\3.9.13\x64;C:\Program Files\MongoDB\Server\5.0\bin;C:\aliyun-cli;C:\vcpkg;C:\Program Files (x86)\NSIS\;C:\tools\zstd;C:\Program Files\Mercurial\;C:\hostedtoolcache\windows\stack\3.5.1\x64;C:\cabal\bin;C:\\ghcup\bin;C:\mingw64\bin;C:\Program Files\dotnet;C:\Program Files\MySQL\MySQL Server 8.0\bin;C:\Program Files\R\R-4.4.2\bin\x64;C:\SeleniumWebDrivers\GeckoDriver;C:\SeleniumWebDrivers\EdgeDriver\;C:\SeleniumWebDrivers\ChromeDriver;C:\Program Files (x86)\sbt\bin;C:\Program Files (x86)\GitHub CLI;C:\Program Files\Git\bin;C:\Program Files (x86)\pipx_bin;C:\npm\prefix;C:\hostedtoolcache\windows\go\1.24.3\x64\bin;C:\hostedtoolcache\windows\Ruby\3.3.8\x64\bin;C:\Program Files\OpenSSL\bin;C:\tools\kotlinc\bin;C:\hostedtoolcache\windows\Java_Temurin-Hotspot_jdk\8.0.452-9\x64\bin;C:\Program Files\ImageMagick-7.1.1-Q16-HDRI;C:\Program Files\Microsoft SDKs\Azure\CLI2\wbin;C:\ProgramData\kind;C:\ProgramData\Chocolatey\bin;C:\Windows\system32;C:\Windows;C:\Windows\System32\Wbem;C:\Windows\System32\WindowsPowerShell\v1.0\;C:\Windows\System32\OpenSSH\;C:\Program Files\dotnet\;C:\Program Files\PowerShell\7\;C:\Program Files\Microsoft\Web Platform Installer\;C:\Program Files\TortoiseSVN\bin;C:\Program Files\Microsoft SQL Server\Client SDK\ODBC\170\Tools\Binn\;C:\Program Files\Microsoft SQL Server\150\Tools\Binn\;C:\Program Files (x86)\Windows Kits\10\Windows Performance Toolkit\;C:\Program Files (x86)\WiX Toolset v3.14\bin;C:\Program Files\Microsoft SQL Server\130\DTS\Binn\;C:\Program Files\Microsoft SQL Server\140\DTS\Binn\;C:\Program Files\Microsoft SQL Server\150\DTS\Binn\;C:\Program Files\Microsoft SQL Server\160\DTS\Binn\;C:\Strawberry\c\bin;C:\Strawberry\perl\site\bin;C:\Strawberry\perl\bin;C:\ProgramData\chocolatey\lib\pulumi\tools\Pulumi\bin;C:\Program Files\CMake\bin;C:\ProgramData\chocolatey\lib\maven\apache-maven-3.9.9\bin;C:\Program Files\Microsoft Service Fabric\bin\Fabric\Fabric.Code;C:\Program Files\Microsoft SDKs\Service Fabric\Tools\ServiceFabricLocalClusterManager;C:\Program Files\nodejs\;C:\Program Files\Git\cmd;C:\Program Files\Git\mingw64\bin;C:\Program Files\Git\usr\bin;C:\Program Files\GitHub CLI\;c:\tools\php;C:\Program Files\Amazon\AWSCLIV2\;C:\Program Files\Amazon\SessionManagerPlugin\bin\;C:\Program Files\Amazon\AWSSAMCLI\bin\;C:\Program Files\Microsoft SQL Server\130\Tools\Binn\;C:\Program Files\LLVM\bin;C:\Users\runneradmin\.dotnet\tools;C:\Users\runneradmin\.cargo\bin;C:\Users\runneradmin\AppData\Local\Microsoft\WindowsApps;C:\Program Files (x86)\Microsoft Visual Studio\Installer;C:\Program Files\Microsoft Visual Studio\2022\Enterprise\VC\Tools\Llvm\x64\bin;C:\Program Files\Microsoft Visual Studio\2022\Enterprise\Common7\IDE\CommonExtensions\Microsoft\CMake\CMake\bin;C:\Program Files\Microsoft Visual Studio\2022\Enterprise\Common7\IDE\CommonExtensions\Microsoft\CMake\Ninja;C:\Program Files\Microsoft Visual Studio\2022\Enterprise\Common7\IDE\VC\Linux\bin\ConnectionManagerExe;C:\Program Files\Microsoft Visual Studio\2022\Enterprise\VC\vcpkg
2025-06-23T20:46:32.7643989Z   Platform: x64
2025-06-23T20:46:32.7644162Z   UCRTVersion: 10.0.26100.0
2025-06-23T20:46:32.7644422Z   UniversalCRTSdkDir: C:\Program Files (x86)\Windows Kits\10\
2025-06-23T20:46:32.7644857Z   VCIDEInstallDir: C:\Program Files\Microsoft Visual Studio\2022\Enterprise\Common7\IDE\VC\
2025-06-23T20:46:32.7645331Z   VCINSTALLDIR: C:\Program Files\Microsoft Visual Studio\2022\Enterprise\VC\
2025-06-23T20:46:32.7645696Z   VCPKG_ROOT: D:\a\synthizer3d\synthizer3d\vcpkg
2025-06-23T20:46:32.7646130Z   VCToolsInstallDir: C:\Program Files\Microsoft Visual Studio\2022\Enterprise\VC\Tools\MSVC\14.43.34808\
2025-06-23T20:46:32.7646717Z   VCToolsRedistDir: C:\Program Files\Microsoft Visual Studio\2022\Enterprise\VC\Redist\MSVC\14.42.34433\
2025-06-23T20:46:32.7647122Z   VCToolsVersion: 14.43.34808
2025-06-23T20:46:32.7647322Z   VisualStudioVersion: 17.0
2025-06-23T20:46:32.7647654Z   VS170COMNTOOLS: C:\Program Files\Microsoft Visual Studio\2022\Enterprise\Common7\Tools\
2025-06-23T20:46:32.7648092Z   VSCMD_ARG_app_plat: Desktop
2025-06-23T20:46:32.7648290Z   VSCMD_ARG_HOST_ARCH: x64
2025-06-23T20:46:32.7648475Z   VSCMD_ARG_TGT_ARCH: x64
2025-06-23T20:46:32.7648656Z   VSCMD_VER: 17.13.2
2025-06-23T20:46:32.7648928Z   VSINSTALLDIR: C:\Program Files\Microsoft Visual Studio\2022\Enterprise\
2025-06-23T20:46:32.7649353Z   VSSDK150INSTALL: C:\Program Files\Microsoft Visual Studio\2022\Enterprise\VSSDK
2025-06-23T20:46:32.7649795Z   VSSDKINSTALL: C:\Program Files\Microsoft Visual Studio\2022\Enterprise\VSSDK
2025-06-23T20:46:32.7650394Z   WindowsLibPath: C:\Program Files (x86)\Windows Kits\10\UnionMetadata\10.0.26100.0;C:\Program Files (x86)\Windows Kits\10\References\10.0.26100.0
2025-06-23T20:46:32.7650970Z   WindowsSdkBinPath: C:\Program Files (x86)\Windows Kits\10\bin\
2025-06-23T20:46:32.7651315Z   WindowsSdkDir: C:\Program Files (x86)\Windows Kits\10\
2025-06-23T20:46:32.7651594Z   WindowsSDKLibVersion: 10.0.26100.0\
2025-06-23T20:46:32.7651930Z   WindowsSdkVerBinPath: C:\Program Files (x86)\Windows Kits\10\bin\10.0.26100.0\
2025-06-23T20:46:32.7652276Z   WindowsSDKVersion: 10.0.26100.0\
2025-06-23T20:46:32.7652674Z   WindowsSDK_ExecutablePath_x64: C:\Program Files (x86)\Microsoft SDKs\Windows\v10.0A\bin\NETFX 4.8 Tools\x64\
2025-06-23T20:46:32.7653268Z   WindowsSDK_ExecutablePath_x86: C:\Program Files (x86)\Microsoft SDKs\Windows\v10.0A\bin\NETFX 4.8 Tools\
2025-06-23T20:46:32.7653663Z   __DOTNET_ADD_64BIT: 1
2025-06-23T20:46:32.7653909Z   __DOTNET_PREFERRED_BITNESS: 64
2025-06-23T20:46:32.7661680Z   __VSCMD_PREINIT_PATH: C:\Users\runneradmin\AppData\Roaming\Python\Python39\Scripts;C:\hostedtoolcache\windows\Python\3.9.13\x64\Scripts;C:\hostedtoolcache\windows\Python\3.9.13\x64;C:\Program Files\MongoDB\Server\5.0\bin;C:\aliyun-cli;C:\vcpkg;C:\Program Files (x86)\NSIS\;C:\tools\zstd;C:\Program Files\Mercurial\;C:\hostedtoolcache\windows\stack\3.5.1\x64;C:\cabal\bin;C:\\ghcup\bin;C:\mingw64\bin;C:\Program Files\dotnet;C:\Program Files\MySQL\MySQL Server 8.0\bin;C:\Program Files\R\R-4.4.2\bin\x64;C:\SeleniumWebDrivers\GeckoDriver;C:\SeleniumWebDrivers\EdgeDriver\;C:\SeleniumWebDrivers\ChromeDriver;C:\Program Files (x86)\sbt\bin;C:\Program Files (x86)\GitHub CLI;C:\Program Files\Git\bin;C:\Program Files (x86)\pipx_bin;C:\npm\prefix;C:\hostedtoolcache\windows\go\1.24.3\x64\bin;C:\hostedtoolcache\windows\Python\3.9.13\x64\Scripts;C:\hostedtoolcache\windows\Python\3.9.13\x64;C:\hostedtoolcache\windows\Ruby\3.3.8\x64\bin;C:\Program Files\OpenSSL\bin;C:\tools\kotlinc\bin;C:\hostedtoolcache\windows\Java_Temurin-Hotspot_jdk\8.0.452-9\x64\bin;C:\Program Files\ImageMagick-7.1.1-Q16-HDRI;C:\Program Files\Microsoft SDKs\Azure\CLI2\wbin;C:\ProgramData\kind;C:\ProgramData\Chocolatey\bin;C:\Windows\system32;C:\Windows;C:\Windows\System32\Wbem;C:\Windows\System32\WindowsPowerShell\v1.0\;C:\Windows\System32\OpenSSH\;C:\Program Files\dotnet\;C:\Program Files\PowerShell\7\;C:\Program Files\Microsoft\Web Platform Installer\;C:\Program Files\TortoiseSVN\bin;C:\Program Files\Microsoft SQL Server\Client SDK\ODBC\170\Tools\Binn\;C:\Program Files\Microsoft SQL Server\150\Tools\Binn\;C:\Program Files (x86)\Windows Kits\10\Windows Performance Toolkit\;C:\Program Files (x86)\WiX Toolset v3.14\bin;C:\Program Files\Microsoft SQL Server\130\DTS\Binn\;C:\Program Files\Microsoft SQL Server\140\DTS\Binn\;C:\Program Files\Microsoft SQL Server\150\DTS\Binn\;C:\Program Files\Microsoft SQL Server\160\DTS\Binn\;C:\Strawberry\c\bin;C:\Strawberry\perl\site\bin;C:\Strawberry\perl\bin;C:\ProgramData\chocolatey\lib\pulumi\tools\Pulumi\bin;C:\Program Files\CMake\bin;C:\ProgramData\chocolatey\lib\maven\apache-maven-3.9.9\bin;C:\Program Files\Microsoft Service Fabric\bin\Fabric\Fabric.Code;C:\Program Files\Microsoft SDKs\Service Fabric\Tools\ServiceFabricLocalClusterManager;C:\Program Files\nodejs\;C:\Program Files\Git\cmd;C:\Program Files\Git\mingw64\bin;C:\Program Files\Git\usr\bin;C:\Program Files\GitHub CLI\;c:\tools\php;C:\Program Files (x86)\sbt\bin;C:\Program Files\Amazon\AWSCLIV2\;C:\Program Files\Amazon\SessionManagerPlugin\bin\;C:\Program Files\Amazon\AWSSAMCLI\bin\;C:\Program Files\Microsoft SQL Server\130\Tools\Binn\;C:\Program Files\LLVM\bin;C:\Users\runneradmin\.dotnet\tools;C:\Users\runneradmin\.cargo\bin;C:\Users\runneradmin\AppData\Local\Microsoft\WindowsApps;C:\Program Files (x86)\Microsoft Visual Studio\Installer
2025-06-23T20:46:32.7669850Z   VCPKG_DEFAULT_BINARY_CACHE: D:/a/synthizer3d/synthizer3d/969f6665-88a2-4c98-938e-ca9259871fec/vcpkg_cache
2025-06-23T20:46:32.7670308Z   VCPKG_BINARY_SOURCES: clear;x-gha,readwrite
2025-06-23T20:46:32.7670861Z   ACTIONS_CACHE_URL: https://acghubeus2.actions.githubusercontent.com/bwbzopuV3oKlbowlUKWdOnf6KF0vjv7EYqCB3ZHqukKhTVgy74/
2025-06-23T20:46:32.7709425Z   ACTIONS_RUNTIME_TOKEN: ***
2025-06-23T20:46:32.7709695Z   RUNVCPKG_VCPKG_ROOT: D:\a\synthizer3d\synthizer3d\vcpkg
2025-06-23T20:46:32.7709973Z ##[endgroup]
2025-06-23T20:46:33.0270938Z VCPKG_ROOT (tool directory from lukka/run-vcpkg) is D:\a\synthizer3d\synthizer3d\vcpkg
2025-06-23T20:46:33.0277397Z VCPKG_DEFAULT_TRIPLET is x64-windows
2025-06-23T20:46:33.0283188Z GITHUB_WORKSPACE is D:\a\synthizer3d\synthizer3d
2025-06-23T20:46:33.0290091Z Initial EFFECTIVE_VCPKG_INSTALLED_DIR_BASE (from job env, target for manifest install) is D:\a\synthizer3d\synthizer3d\vcpkg_installed
2025-06-23T20:46:33.2391914Z Detecting compiler hash for triplet x64-windows...
2025-06-23T20:46:35.2205536Z Compiler found: C:/Program Files/Microsoft Visual Studio/2022/Enterprise/VC/Tools/MSVC/14.43.34808/bin/Hostx64/x64/cl.exe
2025-06-23T20:46:35.2320881Z The following packages will be built and installed:
2025-06-23T20:46:35.2321373Z   * atl:x64-windows@0
2025-06-23T20:46:35.2321677Z   * atlmfc:x64-windows@0#3
2025-06-23T20:46:35.2321978Z     libogg:x64-windows@1.3.5#2
2025-06-23T20:46:35.2322306Z     libvorbis:x64-windows@1.3.7#4
2025-06-23T20:46:35.2322630Z     opus:x64-windows@1.5.2
2025-06-23T20:46:35.2323031Z     opusfile:x64-windows@0.12+20221121#1
2025-06-23T20:46:35.2323586Z     soundtouch:x64-windows@2.3.3
2025-06-23T20:46:35.2324177Z   * vcpkg-cmake:x64-windows@2024-04-23
2025-06-23T20:46:35.2325014Z   * vcpkg-cmake-config:x64-windows@2024-05-23
2025-06-23T20:46:35.2325784Z Additional packages (*) will be modified to complete this operation.
2025-06-23T20:46:35.2327449Z %VCPKG_BINARY_SOURCES%: warning: The 'x-gha' binary caching backend has been removed. Consider using a NuGet-based binary caching provider instead, see extended documentation at https://learn.microsoft.com/vcpkg/users/binarycaching?WT.mc_id=vcpkg_inproduct_cli.
2025-06-23T20:46:35.2328779Z   on expression: clear;x-gha,readwrite
2025-06-23T20:46:35.2329130Z                                       ^
2025-06-23T20:46:35.2329577Z Installing 1/9 vcpkg-cmake-config:x64-windows@2024-05-23...
2025-06-23T20:46:35.2330080Z Building vcpkg-cmake-config:x64-windows@2024-05-23...
2025-06-23T20:46:35.2615563Z -- Installing: D:/a/synthizer3d/synthizer3d/vcpkg/packages/vcpkg-cmake-config_x64-windows/share/vcpkg-cmake-config/vcpkg_cmake_config_fixup.cmake
2025-06-23T20:46:35.2621685Z -- Installing: D:/a/synthizer3d/synthizer3d/vcpkg/packages/vcpkg-cmake-config_x64-windows/share/vcpkg-cmake-config/vcpkg-port-config.cmake
2025-06-23T20:46:35.2626151Z -- Installing: D:/a/synthizer3d/synthizer3d/vcpkg/packages/vcpkg-cmake-config_x64-windows/share/vcpkg-cmake-config/copyright
2025-06-23T20:46:35.2667018Z -- Skipping post-build validation due to VCPKG_POLICY_EMPTY_PACKAGE
2025-06-23T20:46:35.2695265Z Elapsed time to handle vcpkg-cmake-config:x64-windows: 37 ms
2025-06-23T20:46:35.2696161Z vcpkg-cmake-config:x64-windows package ABI: 842797583f0500a3cabbedf03fb083636fe11e4fd3fd19d9a475485e484445fb
2025-06-23T20:46:35.2696887Z Installing 2/9 vcpkg-cmake:x64-windows@2024-04-23...
2025-06-23T20:46:35.2697340Z Building vcpkg-cmake:x64-windows@2024-04-23...
2025-06-23T20:46:35.2976430Z -- Installing: D:/a/synthizer3d/synthizer3d/vcpkg/packages/vcpkg-cmake_x64-windows/share/vcpkg-cmake/vcpkg_cmake_configure.cmake
2025-06-23T20:46:35.2981649Z -- Installing: D:/a/synthizer3d/synthizer3d/vcpkg/packages/vcpkg-cmake_x64-windows/share/vcpkg-cmake/vcpkg_cmake_build.cmake
2025-06-23T20:46:35.2986955Z -- Installing: D:/a/synthizer3d/synthizer3d/vcpkg/packages/vcpkg-cmake_x64-windows/share/vcpkg-cmake/vcpkg_cmake_install.cmake
2025-06-23T20:46:35.2991209Z -- Installing: D:/a/synthizer3d/synthizer3d/vcpkg/packages/vcpkg-cmake_x64-windows/share/vcpkg-cmake/vcpkg-port-config.cmake
2025-06-23T20:46:35.2995515Z -- Installing: D:/a/synthizer3d/synthizer3d/vcpkg/packages/vcpkg-cmake_x64-windows/share/vcpkg-cmake/copyright
2025-06-23T20:46:35.3033980Z -- Performing post-build validation
2025-06-23T20:46:35.3074078Z Elapsed time to handle vcpkg-cmake:x64-windows: 37.9 ms
2025-06-23T20:46:35.3074871Z vcpkg-cmake:x64-windows package ABI: a500b93f9e0b831ca946128005613d551eeb943040c8f073dc3184f7e15c9834
2025-06-23T20:46:35.3075462Z Installing 3/9 libogg:x64-windows@1.3.5#2...
2025-06-23T20:46:35.3075811Z Building libogg:x64-windows@1.3.5#2...
2025-06-23T20:46:35.3460485Z Downloading https://gitlab.xiph.org/xiph/ogg/-/archive/v1.3.5/ogg-v1.3.5.tar.gz -> xiph-ogg-v1.3.5.tar.gz
2025-06-23T20:46:36.1479679Z Successfully downloaded xiph-ogg-v1.3.5.tar.gz
2025-06-23T20:46:36.3891810Z -- Extracting source D:/a/synthizer3d/synthizer3d/vcpkg/downloads/xiph-ogg-v1.3.5.tar.gz
2025-06-23T20:46:36.5275934Z -- Using source at D:/a/synthizer3d/synthizer3d/vcpkg/buildtrees/libogg/src/v1.3.5-1a4243fef9.clean
2025-06-23T20:46:36.5392636Z -- Found external ninja('1.12.1').
2025-06-23T20:46:36.5426971Z -- Configuring x64-windows
2025-06-23T20:46:42.6135521Z -- Building x64-windows-dbg
2025-06-23T20:46:42.9034398Z -- Building x64-windows-rel
2025-06-23T20:46:43.2259190Z -- Fixing pkgconfig file: D:/a/synthizer3d/synthizer3d/vcpkg/packages/libogg_x64-windows/lib/pkgconfig/ogg.pc
2025-06-23T20:46:43.2476179Z Downloading msys2-mingw-w64-x86_64-pkgconf-1~2.3.0-1-any.pkg.tar.zst, trying https://mirror.msys2.org/mingw/mingw64/mingw-w64-x86_64-pkgconf-1~2.3.0-1-any.pkg.tar.zst
2025-06-23T20:46:43.7983851Z Successfully downloaded msys2-mingw-w64-x86_64-pkgconf-1~2.3.0-1-any.pkg.tar.zst
2025-06-23T20:46:43.8190256Z Downloading msys2-msys2-runtime-3.5.4-2-x86_64.pkg.tar.zst, trying https://mirror.msys2.org/msys/x86_64/msys2-runtime-3.5.4-2-x86_64.pkg.tar.zst
2025-06-23T20:46:44.4997441Z Successfully downloaded msys2-msys2-runtime-3.5.4-2-x86_64.pkg.tar.zst
2025-06-23T20:46:44.5091854Z -- Using msys root at D:/a/synthizer3d/synthizer3d/vcpkg/downloads/tools/msys2/21caed2f81ec917b
2025-06-23T20:46:44.5172315Z -- Fixing pkgconfig file: D:/a/synthizer3d/synthizer3d/vcpkg/packages/libogg_x64-windows/debug/lib/pkgconfig/ogg.pc
2025-06-23T20:46:44.5243458Z -- Installing: D:/a/synthizer3d/synthizer3d/vcpkg/packages/libogg_x64-windows/share/libogg/copyright
2025-06-23T20:46:44.5304401Z -- Performing post-build validation
2025-06-23T20:46:44.5389499Z Elapsed time to handle libogg:x64-windows: 9.2 s
2025-06-23T20:46:44.5390529Z libogg:x64-windows package ABI: a0557943a3eb3893da4fede0807e4138b3f8e9736e60b3498faf762055851b8f
2025-06-23T20:46:44.5391117Z Installing 4/9 libvorbis:x64-windows@1.3.7#4...
2025-06-23T20:46:44.5391472Z Building libvorbis:x64-windows@1.3.7#4...
2025-06-23T20:46:44.5793633Z Downloading https://github.com/xiph/vorbis/archive/v1.3.7.tar.gz -> xiph-vorbis-v1.3.7.tar.gz
2025-06-23T20:46:44.8061415Z Successfully downloaded xiph-vorbis-v1.3.7.tar.gz
2025-06-23T20:46:44.8200277Z -- Extracting source D:/a/synthizer3d/synthizer3d/vcpkg/downloads/xiph-vorbis-v1.3.7.tar.gz
2025-06-23T20:46:45.0042542Z -- Applying patch 0001-Dont-export-vorbisenc-functions.patch
2025-06-23T20:46:45.0250819Z -- Applying patch 0002-Fixup-pkgconfig-libs.patch
2025-06-23T20:46:45.0448234Z -- Applying patch 0003-def-mingw-compat.patch
2025-06-23T20:46:45.0642911Z -- Applying patch 0004-ogg-find-dependency.patch
2025-06-23T20:46:45.0840676Z -- Using source at D:/a/synthizer3d/synthizer3d/vcpkg/buildtrees/libvorbis/src/v1.3.7-c32164610e.clean
2025-06-23T20:46:45.0964072Z -- Found external ninja('1.12.1').
2025-06-23T20:46:45.0997033Z -- Configuring x64-windows
2025-06-23T20:46:46.6025695Z -- Building x64-windows-dbg
2025-06-23T20:46:47.7887684Z -- Building x64-windows-rel
2025-06-23T20:46:50.2320069Z -- Fixing pkgconfig file: D:/a/synthizer3d/synthizer3d/vcpkg/packages/libvorbis_x64-windows/lib/pkgconfig/vorbis.pc
2025-06-23T20:46:50.2324861Z -- Fixing pkgconfig file: D:/a/synthizer3d/synthizer3d/vcpkg/packages/libvorbis_x64-windows/lib/pkgconfig/vorbisenc.pc
2025-06-23T20:46:50.2329976Z -- Fixing pkgconfig file: D:/a/synthizer3d/synthizer3d/vcpkg/packages/libvorbis_x64-windows/lib/pkgconfig/vorbisfile.pc
2025-06-23T20:46:50.2436497Z -- Using cached msys2-mingw-w64-x86_64-pkgconf-1~2.3.0-1-any.pkg.tar.zst
2025-06-23T20:46:50.2501960Z -- Using cached msys2-msys2-runtime-3.5.4-2-x86_64.pkg.tar.zst
2025-06-23T20:46:50.2506273Z -- Using msys root at D:/a/synthizer3d/synthizer3d/vcpkg/downloads/tools/msys2/21caed2f81ec917b
2025-06-23T20:46:50.2703063Z -- Fixing pkgconfig file: D:/a/synthizer3d/synthizer3d/vcpkg/packages/libvorbis_x64-windows/debug/lib/pkgconfig/vorbis.pc
2025-06-23T20:46:50.2709270Z -- Fixing pkgconfig file: D:/a/synthizer3d/synthizer3d/vcpkg/packages/libvorbis_x64-windows/debug/lib/pkgconfig/vorbisenc.pc
2025-06-23T20:46:50.2714701Z -- Fixing pkgconfig file: D:/a/synthizer3d/synthizer3d/vcpkg/packages/libvorbis_x64-windows/debug/lib/pkgconfig/vorbisfile.pc
2025-06-23T20:46:50.3938917Z -- Installing: D:/a/synthizer3d/synthizer3d/vcpkg/packages/libvorbis_x64-windows/share/libvorbis/usage
2025-06-23T20:46:50.3942820Z -- Installing: D:/a/synthizer3d/synthizer3d/vcpkg/packages/libvorbis_x64-windows/share/libvorbis/copyright
2025-06-23T20:46:50.3998626Z -- Performing post-build validation
2025-06-23T20:46:50.4093744Z Elapsed time to handle libvorbis:x64-windows: 5.9 s
2025-06-23T20:46:50.4094602Z libvorbis:x64-windows package ABI: d90efec2c9090f56a4508a9a4435f94eb42aca93d2a98ecfbdc3a996d623c61c
2025-06-23T20:46:50.4095277Z Installing 5/9 opus:x64-windows@1.5.2...
2025-06-23T20:46:50.4095612Z Building opus:x64-windows@1.5.2...
2025-06-23T20:46:50.4490886Z Downloading https://github.com/xiph/opus/archive/v1.5.2.tar.gz -> xiph-opus-v1.5.2.tar.gz
2025-06-23T20:46:50.6301152Z Successfully downloaded xiph-opus-v1.5.2.tar.gz
2025-06-23T20:46:50.6584285Z -- Extracting source D:/a/synthizer3d/synthizer3d/vcpkg/downloads/xiph-opus-v1.5.2.tar.gz
2025-06-23T20:46:50.9000310Z -- Applying patch fix-pkgconfig-version.patch
2025-06-23T20:46:50.9216646Z -- Using source at D:/a/synthizer3d/synthizer3d/vcpkg/buildtrees/opus/src/v1.5.2-81ed242155.clean
2025-06-23T20:46:50.9334977Z -- Found external ninja('1.12.1').
2025-06-23T20:46:50.9369357Z -- Configuring x64-windows
2025-06-23T20:46:55.4575571Z -- Building x64-windows-dbg
2025-06-23T20:47:00.5799511Z -- Building x64-windows-rel
2025-06-23T20:47:08.6781563Z -- Fixing pkgconfig file: D:/a/synthizer3d/synthizer3d/vcpkg/packages/opus_x64-windows/lib/pkgconfig/opus.pc
2025-06-23T20:47:08.6887170Z -- Using cached msys2-mingw-w64-x86_64-pkgconf-1~2.3.0-1-any.pkg.tar.zst
2025-06-23T20:47:08.6956891Z -- Using cached msys2-msys2-runtime-3.5.4-2-x86_64.pkg.tar.zst
2025-06-23T20:47:08.6961364Z -- Using msys root at D:/a/synthizer3d/synthizer3d/vcpkg/downloads/tools/msys2/21caed2f81ec917b
2025-06-23T20:47:08.7027576Z -- Fixing pkgconfig file: D:/a/synthizer3d/synthizer3d/vcpkg/packages/opus_x64-windows/debug/lib/pkgconfig/opus.pc
2025-06-23T20:47:08.7098812Z -- Installing: D:/a/synthizer3d/synthizer3d/vcpkg/packages/opus_x64-windows/share/opus/copyright
2025-06-23T20:47:08.7155771Z -- Performing post-build validation
2025-06-23T20:47:08.7233777Z Elapsed time to handle opus:x64-windows: 18 s
2025-06-23T20:47:08.7234488Z opus:x64-windows package ABI: 85472ea35b34b5b2cb87ab8fa93a3b878862ba2c74d619b262819f1046f3d06f
2025-06-23T20:47:08.7235062Z Installing 6/9 opusfile:x64-windows@0.12+20221121#1...
2025-06-23T20:47:08.7235464Z Building opusfile:x64-windows@0.12+20221121#1...
2025-06-23T20:47:08.7547610Z -- Note: opusfile only supports static library linkage. Building static library.
2025-06-23T20:47:08.7647953Z Downloading https://github.com/xiph/opusfile/archive/9d718345ce03b2fad5d7d28e0bcd1cc69ab2b166.tar.gz -> xiph-opusfile-9d718345ce03b2fad5d7d28e0bcd1cc69ab2b166.tar.gz
2025-06-23T20:47:08.8596339Z Successfully downloaded xiph-opusfile-9d718345ce03b2fad5d7d28e0bcd1cc69ab2b166.tar.gz
2025-06-23T20:47:08.8697303Z -- Extracting source D:/a/synthizer3d/synthizer3d/vcpkg/downloads/xiph-opusfile-9d718345ce03b2fad5d7d28e0bcd1cc69ab2b166.tar.gz
2025-06-23T20:47:09.0377930Z -- Using source at D:/a/synthizer3d/synthizer3d/vcpkg/buildtrees/opusfile/src/c69ab2b166-6cc7de23ec.clean
2025-06-23T20:47:09.0499065Z -- Found external ninja('1.12.1').
2025-06-23T20:47:09.0532241Z -- Configuring x64-windows
2025-06-23T20:47:10.2358260Z -- Building x64-windows-dbg
2025-06-23T20:47:10.4935664Z -- Building x64-windows-rel
2025-06-23T20:47:11.0006076Z -- Fixing pkgconfig file: D:/a/synthizer3d/synthizer3d/vcpkg/packages/opusfile_x64-windows/lib/pkgconfig/opusfile.pc
2025-06-23T20:47:11.0114660Z -- Using cached msys2-mingw-w64-x86_64-pkgconf-1~2.3.0-1-any.pkg.tar.zst
2025-06-23T20:47:11.0184784Z -- Using cached msys2-msys2-runtime-3.5.4-2-x86_64.pkg.tar.zst
2025-06-23T20:47:11.0189230Z -- Using msys root at D:/a/synthizer3d/synthizer3d/vcpkg/downloads/tools/msys2/21caed2f81ec917b
2025-06-23T20:47:11.0263465Z -- Fixing pkgconfig file: D:/a/synthizer3d/synthizer3d/vcpkg/packages/opusfile_x64-windows/debug/lib/pkgconfig/opusfile.pc
2025-06-23T20:47:11.0375566Z -- Installing: D:/a/synthizer3d/synthizer3d/vcpkg/packages/opusfile_x64-windows/share/opusfile/copyright
2025-06-23T20:47:11.0385164Z -- Installing: D:/a/synthizer3d/synthizer3d/vcpkg/packages/opusfile_x64-windows/share/opusfile/usage
2025-06-23T20:47:11.0444936Z -- Performing post-build validation
2025-06-23T20:47:11.0510424Z Elapsed time to handle opusfile:x64-windows: 2.3 s
2025-06-23T20:47:11.0511463Z opusfile:x64-windows package ABI: 393a65d651c7a2ecd7aa3929806afcb2252d03470cf3ab96d0a5a178ff8ac0ea
2025-06-23T20:47:11.0512300Z Installing 7/9 atl:x64-windows@0...
2025-06-23T20:47:11.0512783Z Building atl:x64-windows@0...
2025-06-23T20:47:11.0849939Z -- Skipping post-build validation due to VCPKG_POLICY_EMPTY_PACKAGE
2025-06-23T20:47:11.0872845Z Elapsed time to handle atl:x64-windows: 36.2 ms
2025-06-23T20:47:11.0873749Z atl:x64-windows package ABI: 00c2ec0d92501baf73b36832a4cf6267281ce78714eab01bcc631fe906883872
2025-06-23T20:47:11.0874267Z Installing 8/9 atlmfc:x64-windows@0#3...
2025-06-23T20:47:11.0874603Z Building atlmfc:x64-windows@0#3...
2025-06-23T20:47:11.1204844Z -- Skipping post-build validation due to VCPKG_POLICY_EMPTY_PACKAGE
2025-06-23T20:47:11.1231568Z Elapsed time to handle atlmfc:x64-windows: 35.8 ms
2025-06-23T20:47:11.1232411Z atlmfc:x64-windows package ABI: eb110e8ab4abe86fa37c7f0085ad4fc46ce18802f978ea90d75ed1f56bb72837
2025-06-23T20:47:11.1233096Z Installing 9/9 soundtouch:x64-windows@2.3.3...
2025-06-23T20:47:11.1233587Z Building soundtouch:x64-windows@2.3.3...
2025-06-23T20:47:11.1615901Z Downloading https://codeberg.org/soundtouch/soundtouch/archive/2.3.3.tar.gz -> soundtouch-soundtouch-2.3.3.tar.gz
2025-06-23T20:47:12.0633975Z Successfully downloaded soundtouch-soundtouch-2.3.3.tar.gz
2025-06-23T20:47:12.0751928Z -- Extracting source D:/a/synthizer3d/synthizer3d/vcpkg/downloads/soundtouch-soundtouch-2.3.3.tar.gz
2025-06-23T20:47:12.2431224Z -- Using source at D:/a/synthizer3d/synthizer3d/vcpkg/buildtrees/soundtouch/src/2.3.3-309213044d.clean
2025-06-23T20:47:12.2544605Z -- Found external ninja('1.12.1').
2025-06-23T20:47:12.2578631Z -- Configuring x64-windows
2025-06-23T20:47:13.6209544Z -- Building x64-windows-dbg
2025-06-23T20:47:15.6432916Z -- Building x64-windows-rel
2025-06-23T20:47:17.7317448Z -- Fixing pkgconfig file: D:/a/synthizer3d/synthizer3d/vcpkg/packages/soundtouch_x64-windows/lib/pkgconfig/soundtouch.pc
2025-06-23T20:47:17.7423137Z -- Using cached msys2-mingw-w64-x86_64-pkgconf-1~2.3.0-1-any.pkg.tar.zst
2025-06-23T20:47:17.7491754Z -- Using cached msys2-msys2-runtime-3.5.4-2-x86_64.pkg.tar.zst
2025-06-23T20:47:17.7496126Z -- Using msys root at D:/a/synthizer3d/synthizer3d/vcpkg/downloads/tools/msys2/21caed2f81ec917b
2025-06-23T20:47:17.7563218Z -- Fixing pkgconfig file: D:/a/synthizer3d/synthizer3d/vcpkg/packages/soundtouch_x64-windows/debug/lib/pkgconfig/soundtouch.pc
2025-06-23T20:47:17.8006686Z -- Installing: D:/a/synthizer3d/synthizer3d/vcpkg/packages/soundtouch_x64-windows/share/soundtouch/copyright
2025-06-23T20:47:17.8064340Z -- Performing post-build validation
2025-06-23T20:47:17.8151724Z Elapsed time to handle soundtouch:x64-windows: 6.7 s
2025-06-23T20:47:17.8152626Z soundtouch:x64-windows package ABI: cba299c175d42d095d98a381b7b4aa62179cb526de49043c0d1fb0751d841aaf
2025-06-23T20:47:17.8171315Z libogg provides CMake targets:
2025-06-23T20:47:17.8171537Z 
2025-06-23T20:47:17.8171822Z   # this is heuristically generated, and may not be correct
2025-06-23T20:47:17.8172274Z   find_package(Ogg CONFIG REQUIRED)
2025-06-23T20:47:17.8172921Z   target_link_libraries(main PRIVATE Ogg::ogg)
2025-06-23T20:47:17.8173543Z 
2025-06-23T20:47:17.8173744Z libogg provides pkg-config modules:
2025-06-23T20:47:17.8173965Z 
2025-06-23T20:47:17.8174203Z   # ogg is a library for manipulating ogg bitstreams
2025-06-23T20:47:17.8174545Z   ogg
2025-06-23T20:47:17.8174658Z 
2025-06-23T20:47:17.8174891Z The package libvorbis provides CMake targets:
2025-06-23T20:47:17.8175132Z 
2025-06-23T20:47:17.8176783Z     # Vorbis reference encoder and decoder, low-level API
2025-06-23T20:47:17.8177543Z     find_package(Vorbis CONFIG REQUIRED)
2025-06-23T20:47:17.8178219Z     target_link_libraries(main PRIVATE Vorbis::vorbis)
2025-06-23T20:47:17.8178590Z 
2025-06-23T20:47:17.8179024Z     # Audio stream decoding and basic manipulation, high-level API
2025-06-23T20:47:17.8179700Z     find_package(Vorbis CONFIG REQUIRED)
2025-06-23T20:47:17.8180374Z     target_link_libraries(main PRIVATE Vorbis::vorbisfile)
2025-06-23T20:47:17.8180744Z 
2025-06-23T20:47:17.8181137Z     # Convenience API for setting up an encoding environment
2025-06-23T20:47:17.8181677Z     find_package(Vorbis CONFIG REQUIRED)
2025-06-23T20:47:17.8182316Z     target_link_libraries(main PRIVATE Vorbis::vorbisenc)
2025-06-23T20:47:17.8182693Z 
2025-06-23T20:47:17.8182936Z opus provides CMake targets:
2025-06-23T20:47:17.8183187Z 
2025-06-23T20:47:17.8183541Z   # this is heuristically generated, and may not be correct
2025-06-23T20:47:17.8184132Z   find_package(Opus CONFIG REQUIRED)
2025-06-23T20:47:17.8184730Z   target_link_libraries(main PRIVATE Opus::opus)
2025-06-23T20:47:17.8185071Z 
2025-06-23T20:47:17.8185292Z opus provides pkg-config modules:
2025-06-23T20:47:17.8185696Z 
2025-06-23T20:47:17.8185903Z   # Opus IETF audio codec ( build)
2025-06-23T20:47:17.8186226Z   opus
2025-06-23T20:47:17.8186355Z 
2025-06-23T20:47:17.8186589Z The package opusfile provides CMake targets:
2025-06-23T20:47:17.8186871Z 
2025-06-23T20:47:17.8187085Z     find_package(OpusFile CONFIG REQUIRED)
2025-06-23T20:47:17.8187645Z     target_link_libraries(main PRIVATE OpusFile::opusfile)
2025-06-23T20:47:17.8187969Z 
2025-06-23T20:47:17.8188142Z     # To use the opusurl API
2025-06-23T20:47:17.8188626Z     target_link_libraries(main PRIVATE OpusFile::opusurl)
2025-06-23T20:47:17.8188940Z 
2025-06-23T20:47:17.8189128Z soundtouch provides CMake targets:
2025-06-23T20:47:17.8189364Z 
2025-06-23T20:47:17.8189659Z   # this is heuristically generated, and may not be correct
2025-06-23T20:47:17.8190149Z   find_package(SoundTouch CONFIG REQUIRED)
2025-06-23T20:47:17.8190676Z   target_link_libraries(main PRIVATE SoundTouch::SoundTouch)
2025-06-23T20:47:17.8190993Z 
2025-06-23T20:47:17.8191187Z soundtouch provides pkg-config modules:
2025-06-23T20:47:17.8191427Z 
2025-06-23T20:47:17.8192201Z   # SoundTouch is an open-source audio processing library for changing the Tempo, Pitch and Playback Rates of audio streams or files
2025-06-23T20:47:17.8193133Z   soundtouch
2025-06-23T20:47:17.8193285Z 
2025-06-23T20:47:17.8193638Z All requested installations completed successfully in: 43 s
2025-06-23T20:47:17.8293955Z Finished vcpkg install command.
2025-06-23T20:47:17.8600026Z Verifying existence of target CMAKE_PREFIX_PATH: D:\a\synthizer3d\synthizer3d\vcpkg_installed\x64-windows
2025-06-23T20:47:17.8630128Z Confermato: La directory target per CMAKE_PREFIX_PATH esiste: D:\a\synthizer3d\synthizer3d\vcpkg_installed\x64-windows
2025-06-23T20:47:17.8792281Z CMAKE_PREFIX_PATH impostato a D:\a\synthizer3d\synthizer3d\vcpkg_installed\x64-windows
2025-06-23T20:47:17.9153406Z ##[group]Run python -m pip install --upgrade pip
2025-06-23T20:47:17.9153848Z [36;1mpython -m pip install --upgrade pip[0m
2025-06-23T20:47:17.9154381Z [36;1mpip install ninja cmake wheel tomli setuptools packaging distro scikit-build cython build delvewheel[0m
2025-06-23T20:47:17.9187714Z shell: C:\Program Files\PowerShell\7\pwsh.EXE -command ". '{0}'"
2025-06-23T20:47:17.9188019Z env:
2025-06-23T20:47:17.9188179Z   PYVERSION: 3.9
2025-06-23T20:47:17.9188349Z   CI_ARCH_LOWER: x64
2025-06-23T20:47:17.9188542Z   CI_WINDOWS: 1
2025-06-23T20:47:17.9188701Z   CI_ARCH_ENV: x64
2025-06-23T20:47:17.9188876Z   VCPKG_DEFAULT_TRIPLET: x64-windows
2025-06-23T20:47:17.9189225Z   EFFECTIVE_VCPKG_INSTALLED_DIR_BASE: D:\a\synthizer3d\synthizer3d\vcpkg_installed
2025-06-23T20:47:17.9189653Z   pythonLocation: C:\hostedtoolcache\windows\Python\3.9.13\x64
2025-06-23T20:47:17.9190058Z   PKG_CONFIG_PATH: C:\hostedtoolcache\windows\Python\3.9.13\x64/lib/pkgconfig
2025-06-23T20:47:17.9190502Z   Python_ROOT_DIR: C:\hostedtoolcache\windows\Python\3.9.13\x64
2025-06-23T20:47:17.9190872Z   Python2_ROOT_DIR: C:\hostedtoolcache\windows\Python\3.9.13\x64
2025-06-23T20:47:17.9191231Z   Python3_ROOT_DIR: C:\hostedtoolcache\windows\Python\3.9.13\x64
2025-06-23T20:47:17.9191523Z   CommandPromptType: Native
2025-06-23T20:47:17.9191903Z   DevEnvDir: C:\Program Files\Microsoft Visual Studio\2022\Enterprise\Common7\IDE\
2025-06-23T20:47:17.9192369Z   ExtensionSdkDir: C:\Program Files (x86)\Microsoft SDKs\Windows Kits\10\ExtensionSDKs
2025-06-23T20:47:17.9194386Z   EXTERNAL_INCLUDE: C:\Program Files\Microsoft Visual Studio\2022\Enterprise\VC\Tools\MSVC\14.43.34808\include;C:\Program Files\Microsoft Visual Studio\2022\Enterprise\VC\Tools\MSVC\14.43.34808\ATLMFC\include;C:\Program Files\Microsoft Visual Studio\2022\Enterprise\VC\Auxiliary\VS\include;C:\Program Files (x86)\Windows Kits\10\include\10.0.26100.0\ucrt;C:\Program Files (x86)\Windows Kits\10\\include\10.0.26100.0\\um;C:\Program Files (x86)\Windows Kits\10\\include\10.0.26100.0\\shared;C:\Program Files (x86)\Windows Kits\10\\include\10.0.26100.0\\winrt;C:\Program Files (x86)\Windows Kits\10\\include\10.0.26100.0\\cppwinrt;C:\Program Files (x86)\Windows Kits\NETFXSDK\4.8\include\um
2025-06-23T20:47:17.9196286Z   Framework40Version: v4.0
2025-06-23T20:47:17.9196541Z   FrameworkDir: C:\Windows\Microsoft.NET\Framework64\
2025-06-23T20:47:17.9196864Z   FrameworkDir64: C:\Windows\Microsoft.NET\Framework64\
2025-06-23T20:47:17.9197131Z   FrameworkVersion: v4.0.30319
2025-06-23T20:47:17.9197355Z   FrameworkVersion64: v4.0.30319
2025-06-23T20:47:17.9197840Z   FSHARPINSTALLDIR: C:\Program Files\Microsoft Visual Studio\2022\Enterprise\Common7\IDE\CommonExtensions\Microsoft\FSharp\Tools
2025-06-23T20:47:17.9198384Z   HTMLHelpDir: C:\Program Files (x86)\HTML Help Workshop
2025-06-23T20:47:17.9198808Z   IFCPATH: C:\Program Files\Microsoft Visual Studio\2022\Enterprise\VC\Tools\MSVC\14.43.34808\ifc\x64
2025-06-23T20:47:17.9200810Z   INCLUDE: C:\Program Files\Microsoft Visual Studio\2022\Enterprise\VC\Tools\MSVC\14.43.34808\include;C:\Program Files\Microsoft Visual Studio\2022\Enterprise\VC\Tools\MSVC\14.43.34808\ATLMFC\include;C:\Program Files\Microsoft Visual Studio\2022\Enterprise\VC\Auxiliary\VS\include;C:\Program Files (x86)\Windows Kits\10\include\10.0.26100.0\ucrt;C:\Program Files (x86)\Windows Kits\10\\include\10.0.26100.0\\um;C:\Program Files (x86)\Windows Kits\10\\include\10.0.26100.0\\shared;C:\Program Files (x86)\Windows Kits\10\\include\10.0.26100.0\\winrt;C:\Program Files (x86)\Windows Kits\10\\include\10.0.26100.0\\cppwinrt;C:\Program Files (x86)\Windows Kits\NETFXSDK\4.8\include\um
2025-06-23T20:47:17.9202783Z   is_x64_arch: true
2025-06-23T20:47:17.9205645Z   LIB: C:\Program Files\Microsoft Visual Studio\2022\Enterprise\VC\Tools\MSVC\14.43.34808\ATLMFC\lib\x64;C:\Program Files\Microsoft Visual Studio\2022\Enterprise\VC\Tools\MSVC\14.43.34808\lib\x64;C:\Program Files (x86)\Windows Kits\NETFXSDK\4.8\lib\um\x64;C:\Program Files (x86)\Windows Kits\10\lib\10.0.26100.0\ucrt\x64;C:\Program Files (x86)\Windows Kits\10\\lib\10.0.26100.0\\um\x64
2025-06-23T20:47:17.9207992Z   LIBPATH: C:\Program Files\Microsoft Visual Studio\2022\Enterprise\VC\Tools\MSVC\14.43.34808\ATLMFC\lib\x64;C:\Program Files\Microsoft Visual Studio\2022\Enterprise\VC\Tools\MSVC\14.43.34808\lib\x64;C:\Program Files\Microsoft Visual Studio\2022\Enterprise\VC\Tools\MSVC\14.43.34808\lib\x86\store\references;C:\Program Files (x86)\Windows Kits\10\UnionMetadata\10.0.26100.0;C:\Program Files (x86)\Windows Kits\10\References\10.0.26100.0;C:\Windows\Microsoft.NET\Framework64\v4.0.30319
2025-06-23T20:47:17.9209488Z   NETFXSDKDir: C:\Program Files (x86)\Windows Kits\NETFXSDK\4.8\
2025-06-23T20:47:17.9226450Z   Path: C:\Program Files\Microsoft Visual Studio\2022\Enterprise\VC\Tools\MSVC\14.43.34808\bin\HostX64\x64;C:\Program Files\Microsoft Visual Studio\2022\Enterprise\Common7\IDE\VC\VCPackages;C:\Program Files\Microsoft Visual Studio\2022\Enterprise\Common7\IDE\CommonExtensions\Microsoft\TestWindow;C:\Program Files\Microsoft Visual Studio\2022\Enterprise\Common7\IDE\CommonExtensions\Microsoft\TeamFoundation\Team Explorer;C:\Program Files\Microsoft Visual Studio\2022\Enterprise\MSBuild\Current\bin\Roslyn;C:\Program Files (x86)\Microsoft SDKs\Windows\v10.0A\bin\NETFX 4.8 Tools\x64\;C:\Program Files (x86)\HTML Help Workshop;C:\Program Files\Microsoft Visual Studio\2022\Enterprise\Common7\IDE\CommonExtensions\Microsoft\FSharp\Tools;C:\Program Files\Microsoft Visual Studio\2022\Enterprise\Team Tools\DiagnosticsHub\Collector;C:\Program Files\Microsoft Visual Studio\2022\Enterprise\Common7\IDE\Extensions\Microsoft\CodeCoverage.Console;C:\Program Files (x86)\Windows Kits\10\bin\10.0.26100.0\\x64;C:\Program Files (x86)\Windows Kits\10\bin\\x64;C:\Program Files\Microsoft Visual Studio\2022\Enterprise\\MSBuild\Current\Bin\amd64;C:\Windows\Microsoft.NET\Framework64\v4.0.30319;C:\Program Files\Microsoft Visual Studio\2022\Enterprise\Common7\IDE\;C:\Program Files\Microsoft Visual Studio\2022\Enterprise\Common7\Tools\;C:\Users\runneradmin\AppData\Roaming\Python\Python39\Scripts;C:\hostedtoolcache\windows\Python\3.9.13\x64\Scripts;C:\hostedtoolcache\windows\Python\3.9.13\x64;C:\Program Files\MongoDB\Server\5.0\bin;C:\aliyun-cli;C:\vcpkg;C:\Program Files (x86)\NSIS\;C:\tools\zstd;C:\Program Files\Mercurial\;C:\hostedtoolcache\windows\stack\3.5.1\x64;C:\cabal\bin;C:\\ghcup\bin;C:\mingw64\bin;C:\Program Files\dotnet;C:\Program Files\MySQL\MySQL Server 8.0\bin;C:\Program Files\R\R-4.4.2\bin\x64;C:\SeleniumWebDrivers\GeckoDriver;C:\SeleniumWebDrivers\EdgeDriver\;C:\SeleniumWebDrivers\ChromeDriver;C:\Program Files (x86)\sbt\bin;C:\Program Files (x86)\GitHub CLI;C:\Program Files\Git\bin;C:\Program Files (x86)\pipx_bin;C:\npm\prefix;C:\hostedtoolcache\windows\go\1.24.3\x64\bin;C:\hostedtoolcache\windows\Ruby\3.3.8\x64\bin;C:\Program Files\OpenSSL\bin;C:\tools\kotlinc\bin;C:\hostedtoolcache\windows\Java_Temurin-Hotspot_jdk\8.0.452-9\x64\bin;C:\Program Files\ImageMagick-7.1.1-Q16-HDRI;C:\Program Files\Microsoft SDKs\Azure\CLI2\wbin;C:\ProgramData\kind;C:\ProgramData\Chocolatey\bin;C:\Windows\system32;C:\Windows;C:\Windows\System32\Wbem;C:\Windows\System32\WindowsPowerShell\v1.0\;C:\Windows\System32\OpenSSH\;C:\Program Files\dotnet\;C:\Program Files\PowerShell\7\;C:\Program Files\Microsoft\Web Platform Installer\;C:\Program Files\TortoiseSVN\bin;C:\Program Files\Microsoft SQL Server\Client SDK\ODBC\170\Tools\Binn\;C:\Program Files\Microsoft SQL Server\150\Tools\Binn\;C:\Program Files (x86)\Windows Kits\10\Windows Performance Toolkit\;C:\Program Files (x86)\WiX Toolset v3.14\bin;C:\Program Files\Microsoft SQL Server\130\DTS\Binn\;C:\Program Files\Microsoft SQL Server\140\DTS\Binn\;C:\Program Files\Microsoft SQL Server\150\DTS\Binn\;C:\Program Files\Microsoft SQL Server\160\DTS\Binn\;C:\Strawberry\c\bin;C:\Strawberry\perl\site\bin;C:\Strawberry\perl\bin;C:\ProgramData\chocolatey\lib\pulumi\tools\Pulumi\bin;C:\Program Files\CMake\bin;C:\ProgramData\chocolatey\lib\maven\apache-maven-3.9.9\bin;C:\Program Files\Microsoft Service Fabric\bin\Fabric\Fabric.Code;C:\Program Files\Microsoft SDKs\Service Fabric\Tools\ServiceFabricLocalClusterManager;C:\Program Files\nodejs\;C:\Program Files\Git\cmd;C:\Program Files\Git\mingw64\bin;C:\Program Files\Git\usr\bin;C:\Program Files\GitHub CLI\;c:\tools\php;C:\Program Files\Amazon\AWSCLIV2\;C:\Program Files\Amazon\SessionManagerPlugin\bin\;C:\Program Files\Amazon\AWSSAMCLI\bin\;C:\Program Files\Microsoft SQL Server\130\Tools\Binn\;C:\Program Files\LLVM\bin;C:\Users\runneradmin\.dotnet\tools;C:\Users\runneradmin\.cargo\bin;C:\Users\runneradmin\AppData\Local\Microsoft\WindowsApps;C:\Program Files (x86)\Microsoft Visual Studio\Installer;C:\Program Files\Microsoft Visual Studio\2022\Enterprise\VC\Tools\Llvm\x64\bin;C:\Program Files\Microsoft Visual Studio\2022\Enterprise\Common7\IDE\CommonExtensions\Microsoft\CMake\CMake\bin;C:\Program Files\Microsoft Visual Studio\2022\Enterprise\Common7\IDE\CommonExtensions\Microsoft\CMake\Ninja;C:\Program Files\Microsoft Visual Studio\2022\Enterprise\Common7\IDE\VC\Linux\bin\ConnectionManagerExe;C:\Program Files\Microsoft Visual Studio\2022\Enterprise\VC\vcpkg
2025-06-23T20:47:17.9241552Z   Platform: x64
2025-06-23T20:47:17.9241758Z   UCRTVersion: 10.0.26100.0
2025-06-23T20:47:17.9242047Z   UniversalCRTSdkDir: C:\Program Files (x86)\Windows Kits\10\
2025-06-23T20:47:17.9242501Z   VCIDEInstallDir: C:\Program Files\Microsoft Visual Studio\2022\Enterprise\Common7\IDE\VC\
2025-06-23T20:47:17.9242993Z   VCINSTALLDIR: C:\Program Files\Microsoft Visual Studio\2022\Enterprise\VC\
2025-06-23T20:47:17.9243370Z   VCPKG_ROOT: D:\a\synthizer3d\synthizer3d\vcpkg
2025-06-23T20:47:17.9243805Z   VCToolsInstallDir: C:\Program Files\Microsoft Visual Studio\2022\Enterprise\VC\Tools\MSVC\14.43.34808\
2025-06-23T20:47:17.9244401Z   VCToolsRedistDir: C:\Program Files\Microsoft Visual Studio\2022\Enterprise\VC\Redist\MSVC\14.42.34433\
2025-06-23T20:47:17.9244821Z   VCToolsVersion: 14.43.34808
2025-06-23T20:47:17.9245029Z   VisualStudioVersion: 17.0
2025-06-23T20:47:17.9245376Z   VS170COMNTOOLS: C:\Program Files\Microsoft Visual Studio\2022\Enterprise\Common7\Tools\
2025-06-23T20:47:17.9245755Z   VSCMD_ARG_app_plat: Desktop
2025-06-23T20:47:17.9245962Z   VSCMD_ARG_HOST_ARCH: x64
2025-06-23T20:47:17.9246209Z   VSCMD_ARG_TGT_ARCH: x64
2025-06-23T20:47:17.9246523Z   VSCMD_VER: 17.13.2
2025-06-23T20:47:17.9246988Z   VSINSTALLDIR: C:\Program Files\Microsoft Visual Studio\2022\Enterprise\
2025-06-23T20:47:17.9247444Z   VSSDK150INSTALL: C:\Program Files\Microsoft Visual Studio\2022\Enterprise\VSSDK
2025-06-23T20:47:17.9247901Z   VSSDKINSTALL: C:\Program Files\Microsoft Visual Studio\2022\Enterprise\VSSDK
2025-06-23T20:47:17.9248515Z   WindowsLibPath: C:\Program Files (x86)\Windows Kits\10\UnionMetadata\10.0.26100.0;C:\Program Files (x86)\Windows Kits\10\References\10.0.26100.0
2025-06-23T20:47:17.9249097Z   WindowsSdkBinPath: C:\Program Files (x86)\Windows Kits\10\bin\
2025-06-23T20:47:17.9249446Z   WindowsSdkDir: C:\Program Files (x86)\Windows Kits\10\
2025-06-23T20:47:17.9249734Z   WindowsSDKLibVersion: 10.0.26100.0\
2025-06-23T20:47:17.9250074Z   WindowsSdkVerBinPath: C:\Program Files (x86)\Windows Kits\10\bin\10.0.26100.0\
2025-06-23T20:47:17.9250418Z   WindowsSDKVersion: 10.0.26100.0\
2025-06-23T20:47:17.9250823Z   WindowsSDK_ExecutablePath_x64: C:\Program Files (x86)\Microsoft SDKs\Windows\v10.0A\bin\NETFX 4.8 Tools\x64\
2025-06-23T20:47:17.9251425Z   WindowsSDK_ExecutablePath_x86: C:\Program Files (x86)\Microsoft SDKs\Windows\v10.0A\bin\NETFX 4.8 Tools\
2025-06-23T20:47:17.9251989Z   __DOTNET_ADD_64BIT: 1
2025-06-23T20:47:17.9252183Z   __DOTNET_PREFERRED_BITNESS: 64
2025-06-23T20:47:17.9260126Z   __VSCMD_PREINIT_PATH: C:\Users\runneradmin\AppData\Roaming\Python\Python39\Scripts;C:\hostedtoolcache\windows\Python\3.9.13\x64\Scripts;C:\hostedtoolcache\windows\Python\3.9.13\x64;C:\Program Files\MongoDB\Server\5.0\bin;C:\aliyun-cli;C:\vcpkg;C:\Program Files (x86)\NSIS\;C:\tools\zstd;C:\Program Files\Mercurial\;C:\hostedtoolcache\windows\stack\3.5.1\x64;C:\cabal\bin;C:\\ghcup\bin;C:\mingw64\bin;C:\Program Files\dotnet;C:\Program Files\MySQL\MySQL Server 8.0\bin;C:\Program Files\R\R-4.4.2\bin\x64;C:\SeleniumWebDrivers\GeckoDriver;C:\SeleniumWebDrivers\EdgeDriver\;C:\SeleniumWebDrivers\ChromeDriver;C:\Program Files (x86)\sbt\bin;C:\Program Files (x86)\GitHub CLI;C:\Program Files\Git\bin;C:\Program Files (x86)\pipx_bin;C:\npm\prefix;C:\hostedtoolcache\windows\go\1.24.3\x64\bin;C:\hostedtoolcache\windows\Python\3.9.13\x64\Scripts;C:\hostedtoolcache\windows\Python\3.9.13\x64;C:\hostedtoolcache\windows\Ruby\3.3.8\x64\bin;C:\Program Files\OpenSSL\bin;C:\tools\kotlinc\bin;C:\hostedtoolcache\windows\Java_Temurin-Hotspot_jdk\8.0.452-9\x64\bin;C:\Program Files\ImageMagick-7.1.1-Q16-HDRI;C:\Program Files\Microsoft SDKs\Azure\CLI2\wbin;C:\ProgramData\kind;C:\ProgramData\Chocolatey\bin;C:\Windows\system32;C:\Windows;C:\Windows\System32\Wbem;C:\Windows\System32\WindowsPowerShell\v1.0\;C:\Windows\System32\OpenSSH\;C:\Program Files\dotnet\;C:\Program Files\PowerShell\7\;C:\Program Files\Microsoft\Web Platform Installer\;C:\Program Files\TortoiseSVN\bin;C:\Program Files\Microsoft SQL Server\Client SDK\ODBC\170\Tools\Binn\;C:\Program Files\Microsoft SQL Server\150\Tools\Binn\;C:\Program Files (x86)\Windows Kits\10\Windows Performance Toolkit\;C:\Program Files (x86)\WiX Toolset v3.14\bin;C:\Program Files\Microsoft SQL Server\130\DTS\Binn\;C:\Program Files\Microsoft SQL Server\140\DTS\Binn\;C:\Program Files\Microsoft SQL Server\150\DTS\Binn\;C:\Program Files\Microsoft SQL Server\160\DTS\Binn\;C:\Strawberry\c\bin;C:\Strawberry\perl\site\bin;C:\Strawberry\perl\bin;C:\ProgramData\chocolatey\lib\pulumi\tools\Pulumi\bin;C:\Program Files\CMake\bin;C:\ProgramData\chocolatey\lib\maven\apache-maven-3.9.9\bin;C:\Program Files\Microsoft Service Fabric\bin\Fabric\Fabric.Code;C:\Program Files\Microsoft SDKs\Service Fabric\Tools\ServiceFabricLocalClusterManager;C:\Program Files\nodejs\;C:\Program Files\Git\cmd;C:\Program Files\Git\mingw64\bin;C:\Program Files\Git\usr\bin;C:\Program Files\GitHub CLI\;c:\tools\php;C:\Program Files (x86)\sbt\bin;C:\Program Files\Amazon\AWSCLIV2\;C:\Program Files\Amazon\SessionManagerPlugin\bin\;C:\Program Files\Amazon\AWSSAMCLI\bin\;C:\Program Files\Microsoft SQL Server\130\Tools\Binn\;C:\Program Files\LLVM\bin;C:\Users\runneradmin\.dotnet\tools;C:\Users\runneradmin\.cargo\bin;C:\Users\runneradmin\AppData\Local\Microsoft\WindowsApps;C:\Program Files (x86)\Microsoft Visual Studio\Installer
2025-06-23T20:47:17.9268258Z   VCPKG_DEFAULT_BINARY_CACHE: D:/a/synthizer3d/synthizer3d/969f6665-88a2-4c98-938e-ca9259871fec/vcpkg_cache
2025-06-23T20:47:17.9268724Z   VCPKG_BINARY_SOURCES: clear;x-gha,readwrite
2025-06-23T20:47:17.9269285Z   ACTIONS_CACHE_URL: https://acghubeus2.actions.githubusercontent.com/bwbzopuV3oKlbowlUKWdOnf6KF0vjv7EYqCB3ZHqukKhTVgy74/
2025-06-23T20:47:17.9311928Z   ACTIONS_RUNTIME_TOKEN: ***
2025-06-23T20:47:17.9312279Z   RUNVCPKG_VCPKG_ROOT: D:\a\synthizer3d\synthizer3d\vcpkg
2025-06-23T20:47:17.9312737Z   CMAKE_PREFIX_PATH: D:\a\synthizer3d\synthizer3d\vcpkg_installed\x64-windows
2025-06-23T20:47:17.9313112Z ##[endgroup]
2025-06-23T20:47:19.0276620Z Requirement already satisfied: pip in c:\hostedtoolcache\windows\python\3.9.13\x64\lib\site-packages (25.1.1)
2025-06-23T20:47:20.1159950Z Collecting ninja
2025-06-23T20:47:20.1186677Z   Using cached ninja-1.11.1.4-py3-none-win_amd64.whl.metadata (5.0 kB)
2025-06-23T20:47:20.2628081Z Collecting cmake
2025-06-23T20:47:20.2657347Z   Using cached cmake-4.0.3-py3-none-win_amd64.whl.metadata (6.3 kB)
2025-06-23T20:47:20.3033237Z Collecting wheel
2025-06-23T20:47:20.3059481Z   Using cached wheel-0.45.1-py3-none-any.whl.metadata (2.3 kB)
2025-06-23T20:47:20.3080037Z Requirement already satisfied: tomli in c:\hostedtoolcache\windows\python\3.9.13\x64\lib\site-packages (2.2.1)
2025-06-23T20:47:20.3084189Z Requirement already satisfied: setuptools in c:\hostedtoolcache\windows\python\3.9.13\x64\lib\site-packages (58.1.0)
2025-06-23T20:47:20.3088026Z Requirement already satisfied: packaging in c:\hostedtoolcache\windows\python\3.9.13\x64\lib\site-packages (25.0)
2025-06-23T20:47:20.3297290Z Collecting distro
2025-06-23T20:47:20.3325635Z   Using cached distro-1.9.0-py3-none-any.whl.metadata (6.8 kB)
2025-06-23T20:47:20.3628488Z Collecting scikit-build
2025-06-23T20:47:20.3654353Z   Using cached scikit_build-0.18.1-py3-none-any.whl.metadata (18 kB)
2025-06-23T20:47:20.6086438Z Collecting cython
2025-06-23T20:47:20.6114772Z   Using cached cython-3.1.2-cp39-cp39-win_amd64.whl.metadata (6.0 kB)
2025-06-23T20:47:20.6364365Z Collecting build
2025-06-23T20:47:20.6389661Z   Using cached build-1.2.2.post1-py3-none-any.whl.metadata (6.5 kB)
2025-06-23T20:47:20.6765259Z Collecting delvewheel
2025-06-23T20:47:20.6790694Z   Using cached delvewheel-1.10.1-py3-none-any.whl.metadata (17 kB)
2025-06-23T20:47:20.7333150Z Collecting pyproject_hooks (from build)
2025-06-23T20:47:20.7358636Z   Using cached pyproject_hooks-1.2.0-py3-none-any.whl.metadata (1.3 kB)
2025-06-23T20:47:20.7376858Z Requirement already satisfied: colorama in c:\hostedtoolcache\windows\python\3.9.13\x64\lib\site-packages (from build) (0.4.6)
2025-06-23T20:47:20.7799741Z Collecting importlib-metadata>=4.6 (from build)
2025-06-23T20:47:20.7825594Z   Using cached importlib_metadata-8.7.0-py3-none-any.whl.metadata (4.8 kB)
2025-06-23T20:47:20.8121410Z Collecting pefile>=2024.8.26 (from delvewheel)
2025-06-23T20:47:20.8147652Z   Using cached pefile-2024.8.26-py3-none-any.whl.metadata (1.4 kB)
2025-06-23T20:47:20.8556647Z Collecting zipp>=3.20 (from importlib-metadata>=4.6->build)
2025-06-23T20:47:20.8582151Z   Using cached zipp-3.23.0-py3-none-any.whl.metadata (3.6 kB)
2025-06-23T20:47:20.8695370Z Using cached ninja-1.11.1.4-py3-none-win_amd64.whl (296 kB)
2025-06-23T20:47:20.8721803Z Using cached cmake-4.0.3-py3-none-win_amd64.whl (36.9 MB)
2025-06-23T20:47:20.8921540Z Using cached wheel-0.45.1-py3-none-any.whl (72 kB)
2025-06-23T20:47:20.8947968Z Using cached distro-1.9.0-py3-none-any.whl (20 kB)
2025-06-23T20:47:20.8972369Z Using cached scikit_build-0.18.1-py3-none-any.whl (85 kB)
2025-06-23T20:47:20.8996428Z Using cached cython-3.1.2-cp39-cp39-win_amd64.whl (2.7 MB)
2025-06-23T20:47:20.9032644Z Using cached build-1.2.2.post1-py3-none-any.whl (22 kB)
2025-06-23T20:47:20.9056727Z Using cached delvewheel-1.10.1-py3-none-any.whl (58 kB)
2025-06-23T20:47:20.9081065Z Using cached importlib_metadata-8.7.0-py3-none-any.whl (27 kB)
2025-06-23T20:47:20.9105489Z Using cached pefile-2024.8.26-py3-none-any.whl (74 kB)
2025-06-23T20:47:20.9129771Z Using cached zipp-3.23.0-py3-none-any.whl (10 kB)
2025-06-23T20:47:20.9154002Z Using cached pyproject_hooks-1.2.0-py3-none-any.whl (10 kB)
2025-06-23T20:47:21.1773925Z Installing collected packages: zipp, wheel, pyproject_hooks, pefile, ninja, distro, cython, cmake, scikit-build, importlib-metadata, delvewheel, build
2025-06-23T20:47:30.3988350Z 
2025-06-23T20:47:30.4065953Z Successfully installed build-1.2.2.post1 cmake-4.0.3 cython-3.1.2 delvewheel-1.10.1 distro-1.9.0 importlib-metadata-8.7.0 ninja-1.11.1.4 pefile-2024.8.26 pyproject_hooks-1.2.0 scikit-build-0.18.1 wheel-0.45.1 zipp-3.23.0
2025-06-23T20:47:30.5822211Z ##[group]Run Set-Location $Env:GITHUB_WORKSPACE
2025-06-23T20:47:30.5822626Z [36;1mSet-Location $Env:GITHUB_WORKSPACE[0m
2025-06-23T20:47:30.5822920Z [36;1mWrite-Host "Arch: x64"[0m
2025-06-23T20:47:30.5823309Z [36;1mWrite-Host "Current CMAKE_PREFIX_PATH for build is: $env:CMAKE_PREFIX_PATH"[0m
2025-06-23T20:47:30.5823915Z [36;1mWrite-Host "EFFECTIVE_VCPKG_INSTALLED_DIR_BASE for build is: $env:EFFECTIVE_VCPKG_INSTALLED_DIR_BASE"[0m
2025-06-23T20:47:30.5824814Z [36;1mWrite-Host "Synthizer expects vcpkg path (for debug/verification): $env:SYNTHIZER_EXPECTED_VCPKG_PATH_FOR_DEBUG"[0m
2025-06-23T20:47:30.5825356Z [36;1mpython -m build --wheel --no-isolation[0m
2025-06-23T20:47:30.5855937Z shell: C:\Windows\System32\WindowsPowerShell\v1.0\powershell.EXE -command ". '{0}'"
2025-06-23T20:47:30.5856312Z env:
2025-06-23T20:47:30.5856465Z   PYVERSION: 3.9
2025-06-23T20:47:30.5856639Z   CI_ARCH_LOWER: x64
2025-06-23T20:47:30.5856819Z   CI_WINDOWS: 1
2025-06-23T20:47:30.5857011Z   CI_ARCH_ENV: x64
2025-06-23T20:47:30.5857191Z   VCPKG_DEFAULT_TRIPLET: x64-windows
2025-06-23T20:47:30.5857545Z   EFFECTIVE_VCPKG_INSTALLED_DIR_BASE: D:\a\synthizer3d\synthizer3d\vcpkg_installed
2025-06-23T20:47:30.5857973Z   pythonLocation: C:\hostedtoolcache\windows\Python\3.9.13\x64
2025-06-23T20:47:30.5858398Z   PKG_CONFIG_PATH: C:\hostedtoolcache\windows\Python\3.9.13\x64/lib/pkgconfig
2025-06-23T20:47:30.5858798Z   Python_ROOT_DIR: C:\hostedtoolcache\windows\Python\3.9.13\x64
2025-06-23T20:47:30.5859173Z   Python2_ROOT_DIR: C:\hostedtoolcache\windows\Python\3.9.13\x64
2025-06-23T20:47:30.5859525Z   Python3_ROOT_DIR: C:\hostedtoolcache\windows\Python\3.9.13\x64
2025-06-23T20:47:30.5859814Z   CommandPromptType: Native
2025-06-23T20:47:30.5860142Z   DevEnvDir: C:\Program Files\Microsoft Visual Studio\2022\Enterprise\Common7\IDE\
2025-06-23T20:47:30.5860618Z   ExtensionSdkDir: C:\Program Files (x86)\Microsoft SDKs\Windows Kits\10\ExtensionSDKs
2025-06-23T20:47:30.5862655Z   EXTERNAL_INCLUDE: C:\Program Files\Microsoft Visual Studio\2022\Enterprise\VC\Tools\MSVC\14.43.34808\include;C:\Program Files\Microsoft Visual Studio\2022\Enterprise\VC\Tools\MSVC\14.43.34808\ATLMFC\include;C:\Program Files\Microsoft Visual Studio\2022\Enterprise\VC\Auxiliary\VS\include;C:\Program Files (x86)\Windows Kits\10\include\10.0.26100.0\ucrt;C:\Program Files (x86)\Windows Kits\10\\include\10.0.26100.0\\um;C:\Program Files (x86)\Windows Kits\10\\include\10.0.26100.0\\shared;C:\Program Files (x86)\Windows Kits\10\\include\10.0.26100.0\\winrt;C:\Program Files (x86)\Windows Kits\10\\include\10.0.26100.0\\cppwinrt;C:\Program Files (x86)\Windows Kits\NETFXSDK\4.8\include\um
2025-06-23T20:47:30.5864542Z   Framework40Version: v4.0
2025-06-23T20:47:30.5864790Z   FrameworkDir: C:\Windows\Microsoft.NET\Framework64\
2025-06-23T20:47:30.5865106Z   FrameworkDir64: C:\Windows\Microsoft.NET\Framework64\
2025-06-23T20:47:30.5865387Z   FrameworkVersion: v4.0.30319
2025-06-23T20:47:30.5865600Z   FrameworkVersion64: v4.0.30319
2025-06-23T20:47:30.5866079Z   FSHARPINSTALLDIR: C:\Program Files\Microsoft Visual Studio\2022\Enterprise\Common7\IDE\CommonExtensions\Microsoft\FSharp\Tools
2025-06-23T20:47:30.5866619Z   HTMLHelpDir: C:\Program Files (x86)\HTML Help Workshop
2025-06-23T20:47:30.5867053Z   IFCPATH: C:\Program Files\Microsoft Visual Studio\2022\Enterprise\VC\Tools\MSVC\14.43.34808\ifc\x64
2025-06-23T20:47:30.5870637Z   INCLUDE: C:\Program Files\Microsoft Visual Studio\2022\Enterprise\VC\Tools\MSVC\14.43.34808\include;C:\Program Files\Microsoft Visual Studio\2022\Enterprise\VC\Tools\MSVC\14.43.34808\ATLMFC\include;C:\Program Files\Microsoft Visual Studio\2022\Enterprise\VC\Auxiliary\VS\include;C:\Program Files (x86)\Windows Kits\10\include\10.0.26100.0\ucrt;C:\Program Files (x86)\Windows Kits\10\\include\10.0.26100.0\\um;C:\Program Files (x86)\Windows Kits\10\\include\10.0.26100.0\\shared;C:\Program Files (x86)\Windows Kits\10\\include\10.0.26100.0\\winrt;C:\Program Files (x86)\Windows Kits\10\\include\10.0.26100.0\\cppwinrt;C:\Program Files (x86)\Windows Kits\NETFXSDK\4.8\include\um
2025-06-23T20:47:30.5872569Z   is_x64_arch: true
2025-06-23T20:47:30.5873640Z   LIB: C:\Program Files\Microsoft Visual Studio\2022\Enterprise\VC\Tools\MSVC\14.43.34808\ATLMFC\lib\x64;C:\Program Files\Microsoft Visual Studio\2022\Enterprise\VC\Tools\MSVC\14.43.34808\lib\x64;C:\Program Files (x86)\Windows Kits\NETFXSDK\4.8\lib\um\x64;C:\Program Files (x86)\Windows Kits\10\lib\10.0.26100.0\ucrt\x64;C:\Program Files (x86)\Windows Kits\10\\lib\10.0.26100.0\\um\x64
2025-06-23T20:47:30.5876024Z   LIBPATH: C:\Program Files\Microsoft Visual Studio\2022\Enterprise\VC\Tools\MSVC\14.43.34808\ATLMFC\lib\x64;C:\Program Files\Microsoft Visual Studio\2022\Enterprise\VC\Tools\MSVC\14.43.34808\lib\x64;C:\Program Files\Microsoft Visual Studio\2022\Enterprise\VC\Tools\MSVC\14.43.34808\lib\x86\store\references;C:\Program Files (x86)\Windows Kits\10\UnionMetadata\10.0.26100.0;C:\Program Files (x86)\Windows Kits\10\References\10.0.26100.0;C:\Windows\Microsoft.NET\Framework64\v4.0.30319
2025-06-23T20:47:30.5877485Z   NETFXSDKDir: C:\Program Files (x86)\Windows Kits\NETFXSDK\4.8\
2025-06-23T20:47:30.5890565Z   Path: C:\Program Files\Microsoft Visual Studio\2022\Enterprise\VC\Tools\MSVC\14.43.34808\bin\HostX64\x64;C:\Program Files\Microsoft Visual Studio\2022\Enterprise\Common7\IDE\VC\VCPackages;C:\Program Files\Microsoft Visual Studio\2022\Enterprise\Common7\IDE\CommonExtensions\Microsoft\TestWindow;C:\Program Files\Microsoft Visual Studio\2022\Enterprise\Common7\IDE\CommonExtensions\Microsoft\TeamFoundation\Team Explorer;C:\Program Files\Microsoft Visual Studio\2022\Enterprise\MSBuild\Current\bin\Roslyn;C:\Program Files (x86)\Microsoft SDKs\Windows\v10.0A\bin\NETFX 4.8 Tools\x64\;C:\Program Files (x86)\HTML Help Workshop;C:\Program Files\Microsoft Visual Studio\2022\Enterprise\Common7\IDE\CommonExtensions\Microsoft\FSharp\Tools;C:\Program Files\Microsoft Visual Studio\2022\Enterprise\Team Tools\DiagnosticsHub\Collector;C:\Program Files\Microsoft Visual Studio\2022\Enterprise\Common7\IDE\Extensions\Microsoft\CodeCoverage.Console;C:\Program Files (x86)\Windows Kits\10\bin\10.0.26100.0\\x64;C:\Program Files (x86)\Windows Kits\10\bin\\x64;C:\Program Files\Microsoft Visual Studio\2022\Enterprise\\MSBuild\Current\Bin\amd64;C:\Windows\Microsoft.NET\Framework64\v4.0.30319;C:\Program Files\Microsoft Visual Studio\2022\Enterprise\Common7\IDE\;C:\Program Files\Microsoft Visual Studio\2022\Enterprise\Common7\Tools\;C:\Users\runneradmin\AppData\Roaming\Python\Python39\Scripts;C:\hostedtoolcache\windows\Python\3.9.13\x64\Scripts;C:\hostedtoolcache\windows\Python\3.9.13\x64;C:\Program Files\MongoDB\Server\5.0\bin;C:\aliyun-cli;C:\vcpkg;C:\Program Files (x86)\NSIS\;C:\tools\zstd;C:\Program Files\Mercurial\;C:\hostedtoolcache\windows\stack\3.5.1\x64;C:\cabal\bin;C:\\ghcup\bin;C:\mingw64\bin;C:\Program Files\dotnet;C:\Program Files\MySQL\MySQL Server 8.0\bin;C:\Program Files\R\R-4.4.2\bin\x64;C:\SeleniumWebDrivers\GeckoDriver;C:\SeleniumWebDrivers\EdgeDriver\;C:\SeleniumWebDrivers\ChromeDriver;C:\Program Files (x86)\sbt\bin;C:\Program Files (x86)\GitHub CLI;C:\Program Files\Git\bin;C:\Program Files (x86)\pipx_bin;C:\npm\prefix;C:\hostedtoolcache\windows\go\1.24.3\x64\bin;C:\hostedtoolcache\windows\Ruby\3.3.8\x64\bin;C:\Program Files\OpenSSL\bin;C:\tools\kotlinc\bin;C:\hostedtoolcache\windows\Java_Temurin-Hotspot_jdk\8.0.452-9\x64\bin;C:\Program Files\ImageMagick-7.1.1-Q16-HDRI;C:\Program Files\Microsoft SDKs\Azure\CLI2\wbin;C:\ProgramData\kind;C:\ProgramData\Chocolatey\bin;C:\Windows\system32;C:\Windows;C:\Windows\System32\Wbem;C:\Windows\System32\WindowsPowerShell\v1.0\;C:\Windows\System32\OpenSSH\;C:\Program Files\dotnet\;C:\Program Files\PowerShell\7\;C:\Program Files\Microsoft\Web Platform Installer\;C:\Program Files\TortoiseSVN\bin;C:\Program Files\Microsoft SQL Server\Client SDK\ODBC\170\Tools\Binn\;C:\Program Files\Microsoft SQL Server\150\Tools\Binn\;C:\Program Files (x86)\Windows Kits\10\Windows Performance Toolkit\;C:\Program Files (x86)\WiX Toolset v3.14\bin;C:\Program Files\Microsoft SQL Server\130\DTS\Binn\;C:\Program Files\Microsoft SQL Server\140\DTS\Binn\;C:\Program Files\Microsoft SQL Server\150\DTS\Binn\;C:\Program Files\Microsoft SQL Server\160\DTS\Binn\;C:\Strawberry\c\bin;C:\Strawberry\perl\site\bin;C:\Strawberry\perl\bin;C:\ProgramData\chocolatey\lib\pulumi\tools\Pulumi\bin;C:\Program Files\CMake\bin;C:\ProgramData\chocolatey\lib\maven\apache-maven-3.9.9\bin;C:\Program Files\Microsoft Service Fabric\bin\Fabric\Fabric.Code;C:\Program Files\Microsoft SDKs\Service Fabric\Tools\ServiceFabricLocalClusterManager;C:\Program Files\nodejs\;C:\Program Files\Git\cmd;C:\Program Files\Git\mingw64\bin;C:\Program Files\Git\usr\bin;C:\Program Files\GitHub CLI\;c:\tools\php;C:\Program Files\Amazon\AWSCLIV2\;C:\Program Files\Amazon\SessionManagerPlugin\bin\;C:\Program Files\Amazon\AWSSAMCLI\bin\;C:\Program Files\Microsoft SQL Server\130\Tools\Binn\;C:\Program Files\LLVM\bin;C:\Users\runneradmin\.dotnet\tools;C:\Users\runneradmin\.cargo\bin;C:\Users\runneradmin\AppData\Local\Microsoft\WindowsApps;C:\Program Files (x86)\Microsoft Visual Studio\Installer;C:\Program Files\Microsoft Visual Studio\2022\Enterprise\VC\Tools\Llvm\x64\bin;C:\Program Files\Microsoft Visual Studio\2022\Enterprise\Common7\IDE\CommonExtensions\Microsoft\CMake\CMake\bin;C:\Program Files\Microsoft Visual Studio\2022\Enterprise\Common7\IDE\CommonExtensions\Microsoft\CMake\Ninja;C:\Program Files\Microsoft Visual Studio\2022\Enterprise\Common7\IDE\VC\Linux\bin\ConnectionManagerExe;C:\Program Files\Microsoft Visual Studio\2022\Enterprise\VC\vcpkg
2025-06-23T20:47:30.5903869Z   Platform: x64
2025-06-23T20:47:30.5904053Z   UCRTVersion: 10.0.26100.0
2025-06-23T20:47:30.5904329Z   UniversalCRTSdkDir: C:\Program Files (x86)\Windows Kits\10\
2025-06-23T20:47:30.5904783Z   VCIDEInstallDir: C:\Program Files\Microsoft Visual Studio\2022\Enterprise\Common7\IDE\VC\
2025-06-23T20:47:30.5905262Z   VCINSTALLDIR: C:\Program Files\Microsoft Visual Studio\2022\Enterprise\VC\
2025-06-23T20:47:30.5905633Z   VCPKG_ROOT: D:\a\synthizer3d\synthizer3d\vcpkg
2025-06-23T20:47:30.5906068Z   VCToolsInstallDir: C:\Program Files\Microsoft Visual Studio\2022\Enterprise\VC\Tools\MSVC\14.43.34808\
2025-06-23T20:47:30.5906665Z   VCToolsRedistDir: C:\Program Files\Microsoft Visual Studio\2022\Enterprise\VC\Redist\MSVC\14.42.34433\
2025-06-23T20:47:30.5907085Z   VCToolsVersion: 14.43.34808
2025-06-23T20:47:30.5907301Z   VisualStudioVersion: 17.0
2025-06-23T20:47:30.5907648Z   VS170COMNTOOLS: C:\Program Files\Microsoft Visual Studio\2022\Enterprise\Common7\Tools\
2025-06-23T20:47:30.5908031Z   VSCMD_ARG_app_plat: Desktop
2025-06-23T20:47:30.5908240Z   VSCMD_ARG_HOST_ARCH: x64
2025-06-23T20:47:30.5908427Z   VSCMD_ARG_TGT_ARCH: x64
2025-06-23T20:47:30.5908613Z   VSCMD_VER: 17.13.2
2025-06-23T20:47:30.5908890Z   VSINSTALLDIR: C:\Program Files\Microsoft Visual Studio\2022\Enterprise\
2025-06-23T20:47:30.5909321Z   VSSDK150INSTALL: C:\Program Files\Microsoft Visual Studio\2022\Enterprise\VSSDK
2025-06-23T20:47:30.5909773Z   VSSDKINSTALL: C:\Program Files\Microsoft Visual Studio\2022\Enterprise\VSSDK
2025-06-23T20:47:30.5910389Z   WindowsLibPath: C:\Program Files (x86)\Windows Kits\10\UnionMetadata\10.0.26100.0;C:\Program Files (x86)\Windows Kits\10\References\10.0.26100.0
2025-06-23T20:47:30.5910967Z   WindowsSdkBinPath: C:\Program Files (x86)\Windows Kits\10\bin\
2025-06-23T20:47:30.5911308Z   WindowsSdkDir: C:\Program Files (x86)\Windows Kits\10\
2025-06-23T20:47:30.5911588Z   WindowsSDKLibVersion: 10.0.26100.0\
2025-06-23T20:47:30.5911928Z   WindowsSdkVerBinPath: C:\Program Files (x86)\Windows Kits\10\bin\10.0.26100.0\
2025-06-23T20:47:30.5912271Z   WindowsSDKVersion: 10.0.26100.0\
2025-06-23T20:47:30.5912674Z   WindowsSDK_ExecutablePath_x64: C:\Program Files (x86)\Microsoft SDKs\Windows\v10.0A\bin\NETFX 4.8 Tools\x64\
2025-06-23T20:47:30.5913302Z   WindowsSDK_ExecutablePath_x86: C:\Program Files (x86)\Microsoft SDKs\Windows\v10.0A\bin\NETFX 4.8 Tools\
2025-06-23T20:47:30.5913704Z   __DOTNET_ADD_64BIT: 1
2025-06-23T20:47:30.5913975Z   __DOTNET_PREFERRED_BITNESS: 64
2025-06-23T20:47:30.5921834Z   __VSCMD_PREINIT_PATH: C:\Users\runneradmin\AppData\Roaming\Python\Python39\Scripts;C:\hostedtoolcache\windows\Python\3.9.13\x64\Scripts;C:\hostedtoolcache\windows\Python\3.9.13\x64;C:\Program Files\MongoDB\Server\5.0\bin;C:\aliyun-cli;C:\vcpkg;C:\Program Files (x86)\NSIS\;C:\tools\zstd;C:\Program Files\Mercurial\;C:\hostedtoolcache\windows\stack\3.5.1\x64;C:\cabal\bin;C:\\ghcup\bin;C:\mingw64\bin;C:\Program Files\dotnet;C:\Program Files\MySQL\MySQL Server 8.0\bin;C:\Program Files\R\R-4.4.2\bin\x64;C:\SeleniumWebDrivers\GeckoDriver;C:\SeleniumWebDrivers\EdgeDriver\;C:\SeleniumWebDrivers\ChromeDriver;C:\Program Files (x86)\sbt\bin;C:\Program Files (x86)\GitHub CLI;C:\Program Files\Git\bin;C:\Program Files (x86)\pipx_bin;C:\npm\prefix;C:\hostedtoolcache\windows\go\1.24.3\x64\bin;C:\hostedtoolcache\windows\Python\3.9.13\x64\Scripts;C:\hostedtoolcache\windows\Python\3.9.13\x64;C:\hostedtoolcache\windows\Ruby\3.3.8\x64\bin;C:\Program Files\OpenSSL\bin;C:\tools\kotlinc\bin;C:\hostedtoolcache\windows\Java_Temurin-Hotspot_jdk\8.0.452-9\x64\bin;C:\Program Files\ImageMagick-7.1.1-Q16-HDRI;C:\Program Files\Microsoft SDKs\Azure\CLI2\wbin;C:\ProgramData\kind;C:\ProgramData\Chocolatey\bin;C:\Windows\system32;C:\Windows;C:\Windows\System32\Wbem;C:\Windows\System32\WindowsPowerShell\v1.0\;C:\Windows\System32\OpenSSH\;C:\Program Files\dotnet\;C:\Program Files\PowerShell\7\;C:\Program Files\Microsoft\Web Platform Installer\;C:\Program Files\TortoiseSVN\bin;C:\Program Files\Microsoft SQL Server\Client SDK\ODBC\170\Tools\Binn\;C:\Program Files\Microsoft SQL Server\150\Tools\Binn\;C:\Program Files (x86)\Windows Kits\10\Windows Performance Toolkit\;C:\Program Files (x86)\WiX Toolset v3.14\bin;C:\Program Files\Microsoft SQL Server\130\DTS\Binn\;C:\Program Files\Microsoft SQL Server\140\DTS\Binn\;C:\Program Files\Microsoft SQL Server\150\DTS\Binn\;C:\Program Files\Microsoft SQL Server\160\DTS\Binn\;C:\Strawberry\c\bin;C:\Strawberry\perl\site\bin;C:\Strawberry\perl\bin;C:\ProgramData\chocolatey\lib\pulumi\tools\Pulumi\bin;C:\Program Files\CMake\bin;C:\ProgramData\chocolatey\lib\maven\apache-maven-3.9.9\bin;C:\Program Files\Microsoft Service Fabric\bin\Fabric\Fabric.Code;C:\Program Files\Microsoft SDKs\Service Fabric\Tools\ServiceFabricLocalClusterManager;C:\Program Files\nodejs\;C:\Program Files\Git\cmd;C:\Program Files\Git\mingw64\bin;C:\Program Files\Git\usr\bin;C:\Program Files\GitHub CLI\;c:\tools\php;C:\Program Files (x86)\sbt\bin;C:\Program Files\Amazon\AWSCLIV2\;C:\Program Files\Amazon\SessionManagerPlugin\bin\;C:\Program Files\Amazon\AWSSAMCLI\bin\;C:\Program Files\Microsoft SQL Server\130\Tools\Binn\;C:\Program Files\LLVM\bin;C:\Users\runneradmin\.dotnet\tools;C:\Users\runneradmin\.cargo\bin;C:\Users\runneradmin\AppData\Local\Microsoft\WindowsApps;C:\Program Files (x86)\Microsoft Visual Studio\Installer
2025-06-23T20:47:30.5930042Z   VCPKG_DEFAULT_BINARY_CACHE: D:/a/synthizer3d/synthizer3d/969f6665-88a2-4c98-938e-ca9259871fec/vcpkg_cache
2025-06-23T20:47:30.5930494Z   VCPKG_BINARY_SOURCES: clear;x-gha,readwrite
2025-06-23T20:47:30.5931062Z   ACTIONS_CACHE_URL: https://acghubeus2.actions.githubusercontent.com/bwbzopuV3oKlbowlUKWdOnf6KF0vjv7EYqCB3ZHqukKhTVgy74/
2025-06-23T20:47:30.5969567Z   ACTIONS_RUNTIME_TOKEN: ***
2025-06-23T20:47:30.5969839Z   RUNVCPKG_VCPKG_ROOT: D:\a\synthizer3d\synthizer3d\vcpkg
2025-06-23T20:47:30.5970224Z   CMAKE_PREFIX_PATH: D:\a\synthizer3d\synthizer3d\vcpkg_installed\x64-windows
2025-06-23T20:47:30.5970718Z   SYNTHIZER_EXPECTED_VCPKG_PATH_FOR_DEBUG: D:\a\synthizer3d\synthizer3d\vcpkg_installed\x64-windows
2025-06-23T20:47:30.5971101Z ##[endgroup]
2025-06-23T20:47:30.8847671Z Arch: x64
2025-06-23T20:47:30.8865315Z Current CMAKE_PREFIX_PATH for build is: D:\a\synthizer3d\synthizer3d\vcpkg_installed\x64-windows
2025-06-23T20:47:30.8872517Z EFFECTIVE_VCPKG_INSTALLED_DIR_BASE for build is: D:\a\synthizer3d\synthizer3d\vcpkg_installed
2025-06-23T20:47:30.8879898Z Synthizer expects vcpkg path (for debug/verification): D:\a\synthizer3d\synthizer3d\vcpkg_installed\x64-windows
2025-06-23T20:47:31.0690060Z * Getting build dependencies for wheel...
2025-06-23T20:47:34.8303425Z Set VCPKG_INSTALLED_PATH to D:\a\synthizer3d\synthizer3d\vcpkg_installed\x64-windows
2025-06-23T20:47:34.8303981Z 
2025-06-23T20:47:34.8304005Z 
2025-06-23T20:47:34.8304428Z --------------------------------------------------------------------------------
2025-06-23T20:47:34.8305548Z -- Trying 'Ninja (Visual Studio 17 2022 x64 v144)' generator
2025-06-23T20:47:34.8306585Z --------------------------------
2025-06-23T20:47:34.8307152Z ---------------------------
2025-06-23T20:47:34.8307587Z ----------------------
2025-06-23T20:47:34.8308044Z -----------------
2025-06-23T20:47:34.8308325Z ------------
2025-06-23T20:47:34.8308581Z -------
2025-06-23T20:47:34.8308833Z --
2025-06-23T20:47:34.8433543Z Not searching for unused variables given on the command line.
2025-06-23T20:47:34.9462193Z CMake Deprecation Warning at CMakeLists.txt:1 (cmake_minimum_required):
2025-06-23T20:47:34.9463113Z   Compatibility with CMake < 3.10 will be removed from a future version of
2025-06-23T20:47:34.9463600Z   CMake.
2025-06-23T20:47:34.9463743Z 
2025-06-23T20:47:34.9464155Z   Update the VERSION argument <min> value.  Or, use the <min>...<max> syntax
2025-06-23T20:47:34.9464953Z   to tell CMake that the project requires at least <min> but has been updated
2025-06-23T20:47:34.9465621Z   to work with policies introduced by <max> or earlier.
2025-06-23T20:47:34.9465937Z 
2025-06-23T20:47:34.9465944Z 
2025-06-23T20:47:37.2143709Z -- The C compiler identification is MSVC 19.43.34808.0
2025-06-23T20:47:37.2580524Z -- Detecting C compiler ABI info
2025-06-23T20:47:38.9741989Z -- Detecting C compiler ABI info - done
2025-06-23T20:47:38.9987805Z -- Check for working C compiler: C:/Program Files/Microsoft Visual Studio/2022/Enterprise/VC/Tools/MSVC/14.43.34808/bin/Hostx86/x64/cl.exe - skipped
2025-06-23T20:47:38.9991990Z -- Detecting C compile features
2025-06-23T20:47:38.9998233Z -- Detecting C compile features - done
2025-06-23T20:47:40.1354537Z -- The CXX compiler identification is MSVC 19.43.34808.0
2025-06-23T20:47:40.1438603Z -- Detecting CXX compiler ABI info
2025-06-23T20:47:40.6848608Z -- Detecting CXX compiler ABI info - done
2025-06-23T20:47:40.6995740Z -- Check for working CXX compiler: C:/Program Files/Microsoft Visual Studio/2022/Enterprise/VC/Tools/MSVC/14.43.34808/bin/Hostx86/x64/cl.exe - skipped
2025-06-23T20:47:40.6999887Z -- Detecting CXX compile features
2025-06-23T20:47:40.7012657Z -- Detecting CXX compile features - done
2025-06-23T20:47:40.7042728Z -- Configuring done (5.9s)
2025-06-23T20:47:40.7205133Z -- Generating done (0.0s)
2025-06-23T20:47:40.7214452Z -- Build files have been written to: D:/a/synthizer3d/synthizer3d/_cmake_test_compile/build
2025-06-23T20:47:40.7284123Z --
2025-06-23T20:47:40.7284390Z -------
2025-06-23T20:47:40.7284628Z ------------
2025-06-23T20:47:40.7284928Z -----------------
2025-06-23T20:47:40.7285226Z ----------------------
2025-06-23T20:47:40.7285496Z ---------------------------
2025-06-23T20:47:40.7285743Z --------------------------------
2025-06-23T20:47:40.7286137Z -- Trying 'Ninja (Visual Studio 17 2022 x64 v144)' generator - success
2025-06-23T20:47:40.7286615Z --------------------------------------------------------------------------------
2025-06-23T20:47:40.7286836Z 
2025-06-23T20:47:40.8009664Z Configuring Project
2025-06-23T20:47:40.8010135Z   Working directory:
2025-06-23T20:47:40.8010809Z     D:\a\synthizer3d\synthizer3d\_skbuild\win-amd64-3.9\cmake-build
2025-06-23T20:47:40.8011342Z   Command:
2025-06-23T20:47:40.8026195Z     'C:\hostedtoolcache\windows\Python\3.9.13\x64\Lib\site-packages\cmake\data\bin/cmake.exe' 'D:\a\synthizer3d\synthizer3d\synthizer-vendored' -G Ninja '-DCMAKE_MAKE_PROGRAM:FILEPATH=C:\hostedtoolcache\windows\Python\3.9.13\x64\Scripts\ninja' -D_SKBUILD_FORCE_MSVC=1930 --no-warn-unused-cli '-DCMAKE_INSTALL_PREFIX:PATH=D:\a\synthizer3d\synthizer3d\_skbuild\win-amd64-3.9\cmake-install' -DPYTHON_VERSION_STRING:STRING=3.9.13 -DSKBUILD:INTERNAL=TRUE '-DCMAKE_MODULE_PATH:PATH=C:\hostedtoolcache\windows\Python\3.9.13\x64\lib\site-packages\skbuild\resources\cmake' '-DPYTHON_EXECUTABLE:PATH=C:\hostedtoolcache\windows\Python\3.9.13\x64\python.exe' '-DPYTHON_INCLUDE_DIR:PATH=C:\hostedtoolcache\windows\Python\3.9.13\x64\Include' '-DPYTHON_LIBRARY:PATH=C:\hostedtoolcache\windows\Python\3.9.13\x64\libs\python39.lib' '-DPython_EXECUTABLE:PATH=C:\hostedtoolcache\windows\Python\3.9.13\x64\python.exe' '-DPython_ROOT_DIR:PATH=C:\hostedtoolcache\windows\Python\3.9.13\x64' -DPython_FIND_REGISTRY:STRING=NEVER '-DPython_INCLUDE_DIR:PATH=C:\hostedtoolcache\windows\Python\3.9.13\x64\Include' '-DPython_LIBRARY:PATH=C:\hostedtoolcache\windows\Python\3.9.13\x64\libs\python39.lib' '-DPython3_EXECUTABLE:PATH=C:\hostedtoolcache\windows\Python\3.9.13\x64\python.exe' '-DPython3_ROOT_DIR:PATH=C:\hostedtoolcache\windows\Python\3.9.13\x64' -DPython3_FIND_REGISTRY:STRING=NEVER '-DPython3_INCLUDE_DIR:PATH=C:\hostedtoolcache\windows\Python\3.9.13\x64\Include' '-DPython3_LIBRARY:PATH=C:\hostedtoolcache\windows\Python\3.9.13\x64\libs\python39.lib' '-DCMAKE_MAKE_PROGRAM:FILEPATH=C:\hostedtoolcache\windows\Python\3.9.13\x64\Scripts\ninja' -DCMAKE_BUILD_TYPE=Release -DCMAKE_MSVC_RUNTIME_LIBRARY=MultiThreadedDLL -DSYZ_STATIC_RUNTIME=OFF -DCMAKE_POSITION_INDEPENDENT_CODE=TRUE -DSYZ_INTEGRATING=ON
2025-06-23T20:47:40.8040545Z 
2025-06-23T20:47:40.8179559Z Not searching for unused variables given on the command line.
2025-06-23T20:47:41.2167995Z -- The C compiler identification is MSVC 19.43.34808.0
2025-06-23T20:47:41.5477707Z -- The CXX compiler identification is MSVC 19.43.34808.0
2025-06-23T20:47:41.5940543Z -- Detecting C compiler ABI info
2025-06-23T20:47:42.0436703Z -- Detecting C compiler ABI info - done
2025-06-23T20:47:42.0572825Z -- Check for working C compiler: C:/Program Files/Microsoft Visual Studio/2022/Enterprise/VC/Tools/MSVC/14.43.34808/bin/Hostx86/x64/cl.exe - skipped
2025-06-23T20:47:42.0576686Z -- Detecting C compile features
2025-06-23T20:47:42.0583125Z -- Detecting C compile features - done
2025-06-23T20:47:42.0684235Z -- Detecting CXX compiler ABI info
2025-06-23T20:47:42.4544726Z -- Detecting CXX compiler ABI info - done
2025-06-23T20:47:42.4688721Z -- Check for working CXX compiler: C:/Program Files/Microsoft Visual Studio/2022/Enterprise/VC/Tools/MSVC/14.43.34808/bin/Hostx86/x64/cl.exe - skipped
2025-06-23T20:47:42.4692647Z -- Detecting CXX compile features
2025-06-23T20:47:42.4704069Z -- Detecting CXX compile features - done
2025-06-23T20:47:42.8167816Z -- Performing Test CMAKE_HAVE_LIBC_PTHREAD
2025-06-23T20:47:42.9031477Z -- Performing Test CMAKE_HAVE_LIBC_PTHREAD - Failed
2025-06-23T20:47:42.9032224Z -- Looking for pthread_create in pthreads
2025-06-23T20:47:43.0373997Z -- Looking for pthread_create in pthreads - not found
2025-06-23T20:47:43.0374624Z -- Looking for pthread_create in pthread
2025-06-23T20:47:43.1668887Z -- Looking for pthread_create in pthread - not found
2025-06-23T20:47:43.1680236Z -- Found Threads: TRUE
2025-06-23T20:47:43.2720676Z -- Found SoundTouch: D:/a/synthizer3d/synthizer3d/vcpkg_installed/x64-windows/debug/bin/SoundTouch.dll
2025-06-23T20:47:43.2727017Z -- Performing Test OP_READ_FLOAT_AVAILABLE
2025-06-23T20:47:43.8427916Z -- Performing Test OP_READ_FLOAT_AVAILABLE - Success
2025-06-23T20:47:43.8428410Z -- op_read_float is available
2025-06-23T20:47:47.9724153Z -- Performing Test FILESYSTEM_OK
2025-06-23T20:47:49.6927505Z -- Performing Test FILESYSTEM_OK - Success
2025-06-23T20:47:49.6927992Z -- Found C++17 filesystem support
2025-06-23T20:47:49.6937684Z -- Using vcpkg includes from VCPKG_INSTALLED_PATH: D:\a\synthizer3d\synthizer3d\vcpkg_installed\x64-windows/include
2025-06-23T20:47:50.5773589Z -- Math library not found
2025-06-23T20:47:50.5784462Z -- Configuring done (9.8s)
2025-06-23T20:47:50.6209470Z -- Generating done (0.0s)
2025-06-23T20:47:50.6219519Z -- Build files have been written to: D:/a/synthizer3d/synthizer3d/_skbuild/win-amd64-3.9/cmake-build
2025-06-23T20:47:54.3412173Z [1/28] Building CXX object CMakeFiles\synthizer.dir\src\c_api\unity.cpp.obj
2025-06-23T20:47:54.4747858Z FAILED: CMakeFiles/synthizer.dir/src/c_api/unity.cpp.obj 
2025-06-23T20:47:54.5381821Z C:\PROGRA~1\MICROS~2\2022\ENTERP~1\VC\Tools\MSVC\1443~1.348\bin\Hostx86\x64\cl.exe  /nologo /TP -DBUILDING_SYNTHIZER -DNOMINMAX -DOP_READ_FLOAT_AVAILABLE -DSYZ_MAJOR=0 -DSYZ_MINOR=1 -DSYZ_PATCH=9 -DSYZ_USE_FILESYSTEM -DWDL_RESAMPLE_TYPE=float -ID:\a\synthizer3d\synthizer3d\synthizer-vendored\include -ID:\a\synthizer3d\synthizer3d\synthizer-vendored\deps\deps\third_party\wdl -ID:\a\synthizer3d\synthizer3d\vcpkg_installed\x64-windows\include -ID:\a\synthizer3d\synthizer3d\synthizer-vendored\deps\deps\third_party\boost_partial -ID:\a\synthizer3d\synthizer3d\synthizer-vendored\deps\deps\third_party\concurrentqueue -ID:\a\synthizer3d\synthizer3d\synthizer-vendored\deps\deps\third_party\cpp11-on-multicore\common -ID:\a\synthizer3d\synthizer3d\synthizer-vendored\deps\deps\third_party\dr_libs -ID:\a\synthizer3d\synthizer3d\synthizer-vendored\deps\deps\third_party\hedley -ID:\a\synthizer3d\synthizer3d\synthizer-vendored\deps\deps\third_party\miniaudio -ID:\a\synthizer3d\synthizer3d\synthizer-vendored\deps\deps\third_party\pdqsort /DWIN32 /D_WINDOWS /GR /EHsc /O2 /Ob2 /DNDEBUG -std:c++17 -MD /wd4068 /wd5030 /wd4244 /wd4267 /Zc:preprocessor /wd5105 /wd4127 /experimental:external /external:W0 /external:anglebrackets /wd4702 /W4 /WX /showIncludes /FoCMakeFiles\synthizer.dir\src\c_api\unity.cpp.obj /FdCMakeFiles\synthizer.dir\synthizer.pdb /FS -c D:\a\synthizer3d\synthizer3d\synthizer-vendored\src\c_api\unity.cpp
2025-06-23T20:47:54.6817513Z ##[error]D:\a\synthizer3d\synthizer3d\synthizer-vendored\include\synthizer/generators/buffer.hpp(150): error C2228: left of '.c_str' must have class/struct/union
2025-06-23T20:47:54.7400531Z D:\a\synthizer3d\synthizer3d\synthizer-vendored\include\synthizer/generators/buffer.hpp(150): note: type is 'const char [51]'
2025-06-23T20:47:54.9123303Z ##[warning]D:\a\synthizer3d\synthizer3d\synthizer-vendored\include\synthizer/generators/buffer.hpp(150): warning C4473: 'printf' : not enough arguments passed for format string
2025-06-23T20:47:54.9433984Z D:\a\synthizer3d\synthizer3d\synthizer-vendored\include\synthizer/generators/buffer.hpp(150): note: placeholders and their parameters expect 1 variadic arguments, but 0 were provided
2025-06-23T20:47:55.1161314Z D:\a\synthizer3d\synthizer3d\synthizer-vendored\include\synthizer/generators/buffer.hpp(150): note: the missing variadic argument 1 is required by format string '%s'
2025-06-23T20:47:55.1780080Z ##[warning]D:\a\synthizer3d\synthizer3d\synthizer-vendored\include\synthizer/generators/buffer.hpp(620): warning C4473: 'printf' : not enough arguments passed for format string
2025-06-23T20:47:55.3343539Z D:\a\synthizer3d\synthizer3d\synthizer-vendored\include\synthizer/generators/buffer.hpp(620): note: placeholders and their parameters expect 1 variadic arguments, but 0 were provided
2025-06-23T20:47:55.3346012Z D:\a\synthizer3d\synthizer3d\synthizer-vendored\include\synthizer/generators/buffer.hpp(620): note: the missing variadic argument 1 is required by format string '%s'
2025-06-23T20:47:55.4291963Z ##[warning]D:\a\synthizer3d\synthizer3d\synthizer-vendored\include\synthizer/generators/buffer.hpp(629): warning C4473: 'printf' : not enough arguments passed for format string
2025-06-23T20:47:55.5340913Z D:\a\synthizer3d\synthizer3d\synthizer-vendored\include\synthizer/generators/buffer.hpp(629): note: placeholders and their parameters expect 1 variadic arguments, but 0 were provided
2025-06-23T20:47:55.6320745Z D:\a\synthizer3d\synthizer3d\synthizer-vendored\include\synthizer/generators/buffer.hpp(629): note: the missing variadic argument 1 is required by format string '%s'
2025-06-23T20:47:55.7266226Z ##[warning]D:\a\synthizer3d\synthizer3d\synthizer-vendored\include\synthizer/generators/buffer.hpp(638): warning C4473: 'printf' : not enough arguments passed for format string
2025-06-23T20:47:55.8306899Z D:\a\synthizer3d\synthizer3d\synthizer-vendored\include\synthizer/generators/buffer.hpp(638): note: placeholders and their parameters expect 1 variadic arguments, but 0 were provided
2025-06-23T20:47:55.9009827Z D:\a\synthizer3d\synthizer3d\synthizer-vendored\include\synthizer/generators/buffer.hpp(638): note: the missing variadic argument 1 is required by format string '%s'
2025-06-23T20:47:56.0231669Z [2/28] Building CXX object CMakeFiles\synthizer.dir\src\base_object.cpp.obj
2025-06-23T20:47:56.1489217Z [3/28] Building CXX object CMakeFiles\synthizer.dir\src\audio_output.cpp.obj
2025-06-23T20:48:01.2425369Z [4/28] Building CXX object CMakeFiles\synthizer.dir\src\byte_stream.cpp.obj
2025-06-23T20:48:01.2426332Z [5/28] Building C object CMakeFiles\synthizer_single_file_libs.dir\src\single_file_libs.c.obj
2025-06-23T20:48:01.2427526Z [6/28] Building CXX object CMakeFiles\synthizer.dir\src\context.cpp.obj
2025-06-23T20:48:01.2428514Z ninja: build stopped: subcommand failed.
2025-06-23T20:48:01.2473587Z Traceback (most recent call last):
2025-06-23T20:48:01.2475281Z   File "C:\hostedtoolcache\windows\Python\3.9.13\x64\lib\site-packages\pyproject_hooks\_in_process\_in_process.py", line 389, in <module>
2025-06-23T20:48:01.2516845Z     main()
2025-06-23T20:48:01.2519250Z   File "C:\hostedtoolcache\windows\Python\3.9.13\x64\lib\site-packages\pyproject_hooks\_in_process\_in_process.py", line 373, in main
2025-06-23T20:48:01.2520933Z     json_out["return_val"] = hook(**hook_input["kwargs"])
2025-06-23T20:48:01.2523084Z   File "C:\hostedtoolcache\windows\Python\3.9.13\x64\lib\site-packages\pyproject_hooks\_in_process\_in_process.py", line 143, in get_requires_for_build_wheel
2025-06-23T20:48:01.2524258Z     return hook(config_settings)
2025-06-23T20:48:01.2525261Z   File "C:\hostedtoolcache\windows\Python\3.9.13\x64\lib\site-packages\setuptools\build_meta.py", line 154, in get_requires_for_build_wheel
2025-06-23T20:48:01.2528256Z     return self._get_build_requires(
2025-06-23T20:48:01.2530075Z   File "C:\hostedtoolcache\windows\Python\3.9.13\x64\lib\site-packages\setuptools\build_meta.py", line 135, in _get_build_requires
2025-06-23T20:48:01.2531696Z     self.run_setup()
2025-06-23T20:48:01.2532884Z   File "C:\hostedtoolcache\windows\Python\3.9.13\x64\lib\site-packages\setuptools\build_meta.py", line 258, in run_setup
2025-06-23T20:48:01.2537153Z     super(_BuildMetaLegacyBackend,
2025-06-23T20:48:01.2538136Z   File "C:\hostedtoolcache\windows\Python\3.9.13\x64\lib\site-packages\setuptools\build_meta.py", line 150, in run_setup
2025-06-23T20:48:01.2538991Z     exec(compile(code, __file__, 'exec'), locals())
2025-06-23T20:48:01.2539681Z   File "setup.py", line 68, in <module>
2025-06-23T20:48:01.2540888Z     cmake.make()
2025-06-23T20:48:01.2542132Z   File "C:\hostedtoolcache\windows\Python\3.9.13\x64\lib\site-packages\skbuild\cmaker.py", line 696, in make
2025-06-23T20:48:01.2544884Z     self.make_impl(clargs=clargs, config=config, source_dir=source_dir, install_target=install_target, env=env)
2025-06-23T20:48:01.2545733Z   File "C:\hostedtoolcache\windows\Python\3.9.13\x64\lib\site-packages\skbuild\cmaker.py", line 741, in make_impl
2025-06-23T20:48:01.2546887Z     raise SKBuildError(msg)
2025-06-23T20:48:01.2548326Z skbuild.exceptions.SKBuildError: An error occurred while building with CMake.
2025-06-23T20:48:01.2549014Z   Command:
2025-06-23T20:48:01.2550071Z     'C:\hostedtoolcache\windows\Python\3.9.13\x64\Lib\site-packages\cmake\data\bin/cmake.exe' --build . --target install --config Release --
2025-06-23T20:48:01.2550934Z   Install target:
2025-06-23T20:48:01.2551172Z     install
2025-06-23T20:48:01.2551456Z   Source directory:
2025-06-23T20:48:01.2551814Z     D:\a\synthizer3d\synthizer3d
2025-06-23T20:48:01.2552178Z   Working directory:
2025-06-23T20:48:01.2552715Z     D:\a\synthizer3d\synthizer3d\_skbuild\win-amd64-3.9\cmake-build
2025-06-23T20:48:01.2553559Z Please check the install target is valid and see CMake's output for more information.
2025-06-23T20:48:01.2554032Z 
2025-06-23T20:48:01.2860243Z 
2025-06-23T20:48:01.2861291Z ERROR Backend subprocess exited when trying to invoke get_requires_for_build_wheel
2025-06-23T20:48:01.3285616Z ##[error]Process completed with exit code 1.
2025-06-23T20:48:01.3448572Z Post job cleanup.
2025-06-23T20:48:01.5998075Z [command]"C:\Program Files\Git\bin\git.exe" version
2025-06-23T20:48:01.6232603Z git version 2.49.0.windows.1
2025-06-23T20:48:01.6300527Z Temporarily overriding HOME='D:\a\_temp\5e3232c3-e6e3-4212-bad6-452887bf7fd7' before making global git config changes
2025-06-23T20:48:01.6301718Z Adding repository directory to the temporary git global config as a safe directory
2025-06-23T20:48:01.6314324Z [command]"C:\Program Files\Git\bin\git.exe" config --global --add safe.directory D:\a\synthizer3d\synthizer3d
2025-06-23T20:48:01.6566913Z [command]"C:\Program Files\Git\bin\git.exe" config --local --name-only --get-regexp core\.sshCommand
2025-06-23T20:48:01.6814095Z [command]"C:\Program Files\Git\bin\git.exe" submodule foreach --recursive "sh -c \"git config --local --name-only --get-regexp 'core\.sshCommand' && git config --local --unset-all 'core.sshCommand' || :\""
2025-06-23T20:48:02.1568859Z [command]"C:\Program Files\Git\bin\git.exe" config --local --name-only --get-regexp http\.https\:\/\/github\.com\/\.extraheader
2025-06-23T20:48:02.1773299Z http.https://github.com/.extraheader
2025-06-23T20:48:02.1811670Z [command]"C:\Program Files\Git\bin\git.exe" config --local --unset-all http.https://github.com/.extraheader
2025-06-23T20:48:02.2049609Z [command]"C:\Program Files\Git\bin\git.exe" submodule foreach --recursive "sh -c \"git config --local --name-only --get-regexp 'http\.https\:\/\/github\.com\/\.extraheader' && git config --local --unset-all 'http.https://github.com/.extraheader' || :\""
2025-06-23T20:48:02.6816467Z Cleaning up orphan processes
2025-06-23T20:48:02.7303982Z Terminate orphan process: pid (5328) (vctip)
2025-06-23T20:48:02.7453762Z Terminate orphan process: pid (5340) (mspdbsrv)