2025-06-23T20:17:10.5706366Z Current runner version: '2.325.0'
2025-06-23T20:17:10.5936318Z ##[group]Runner Image Provisioner
2025-06-23T20:17:10.5937264Z Hosted Compute Agent
2025-06-23T20:17:10.5937934Z Version: 20250620.352
2025-06-23T20:17:10.5938630Z Commit: f262f3aba23b10ea191b2a62bdee1ca4c3d344da
2025-06-23T20:17:10.5939379Z Build Date: 2025-06-20T19:27:17Z
2025-06-23T20:17:10.5939937Z ##[endgroup]
2025-06-23T20:17:10.5940470Z ##[group]Operating System
2025-06-23T20:17:10.5941062Z Microsoft Windows Server 2022
2025-06-23T20:17:10.5941602Z 10.0.20348
2025-06-23T20:17:10.5942353Z Datacenter
2025-06-23T20:17:10.5942801Z ##[endgroup]
2025-06-23T20:17:10.5943266Z ##[group]Runner Image
2025-06-23T20:17:10.5943746Z Image: windows-2022
2025-06-23T20:17:10.5944279Z Version: 20250602.1.0
2025-06-23T20:17:10.5945348Z Included Software: https://github.com/actions/runner-images/blob/win22/20250602.1/images/windows/Windows2022-Readme.md
2025-06-23T20:17:10.5947176Z Image Release: https://github.com/actions/runner-images/releases/tag/win22%2F20250602.1
2025-06-23T20:17:10.5948173Z ##[endgroup]
2025-06-23T20:17:10.5950703Z ##[group]GITHUB_TOKEN Permissions
2025-06-23T20:17:10.5952813Z Actions: write
2025-06-23T20:17:10.5953320Z Attestations: write
2025-06-23T20:17:10.5953796Z Checks: write
2025-06-23T20:17:10.5954237Z Contents: write
2025-06-23T20:17:10.5954661Z Deployments: write
2025-06-23T20:17:10.5955128Z Discussions: write
2025-06-23T20:17:10.5955556Z Issues: write
2025-06-23T20:17:10.5955990Z Metadata: read
2025-06-23T20:17:10.5956432Z Models: read
2025-06-23T20:17:10.5956840Z Packages: write
2025-06-23T20:17:10.5957322Z Pages: write
2025-06-23T20:17:10.5957736Z PullRequests: write
2025-06-23T20:17:10.5958232Z RepositoryProjects: write
2025-06-23T20:17:10.5958710Z SecurityEvents: write
2025-06-23T20:17:10.5959240Z Statuses: write
2025-06-23T20:17:10.5959723Z ##[endgroup]
2025-06-23T20:17:10.5961785Z Secret source: Actions
2025-06-23T20:17:10.5962551Z Prepare workflow directory
2025-06-23T20:17:10.7146079Z Prepare all required actions
2025-06-23T20:17:10.7185753Z Getting action download info
2025-06-23T20:17:11.0500931Z ##[group]Download immutable action package 'actions/checkout@v4'
2025-06-23T20:17:11.0504002Z Version: 4.2.2
2025-06-23T20:17:11.0505863Z Digest: sha256:ccb2698953eaebd21c7bf6268a94f9c26518a7e38e27e0b83c1fe1ad049819b1
2025-06-23T20:17:11.0507820Z Source commit SHA: 11bd71901bbe5b1630ceea73d27597364c9af683
2025-06-23T20:17:11.0508958Z ##[endgroup]
2025-06-23T20:17:11.2616791Z ##[group]Download immutable action package 'actions/setup-python@v5'
2025-06-23T20:17:11.2617681Z Version: 5.6.0
2025-06-23T20:17:11.2618445Z Digest: sha256:0b35a0c11c97499e4e0576589036d450b9f5f9da74b7774225b3614b57324404
2025-06-23T20:17:11.2619404Z Source commit SHA: a26af69be951a213d495a4c3e4e4022e16d87065
2025-06-23T20:17:11.2620168Z ##[endgroup]
2025-06-23T20:17:11.6472223Z ##[group]Download immutable action package 'actions/cache@v4'
2025-06-23T20:17:11.6473258Z Version: 4.2.3
2025-06-23T20:17:11.6474225Z Digest: sha256:c8a3bb963e1f1826d8fcc8d1354f0dd29d8ac1db1d4f6f20247055ae11b81ed9
2025-06-23T20:17:11.6475505Z Source commit SHA: 5a3ec84eff668545956fd18022155c47e93e2684
2025-06-23T20:17:11.6476369Z ##[endgroup]
2025-06-23T20:17:12.0188163Z Download action repository 'ilammy/msvc-dev-cmd@v1' (SHA:0b201ec74fa43914dc39ae48a89fd1d8cb592756)
2025-06-23T20:17:12.3183848Z Download action repository 'lukka/run-vcpkg@v11' (SHA:7d259227a1fb6471a0253dd5ab7419835228f7d7)
2025-06-23T20:17:12.6849426Z ##[group]Download immutable action package 'actions/upload-artifact@v4'
2025-06-23T20:17:12.6850841Z Version: 4.6.2
2025-06-23T20:17:12.6852107Z Digest: sha256:290722aa3281d5caf23d0acdc3dbeb3424786a1a01a9cc97e72f147225e37c38
2025-06-23T20:17:12.6854106Z Source commit SHA: ea165f8d65b6e75b540449e92b4886f43607fa02
2025-06-23T20:17:12.6855519Z ##[endgroup]
2025-06-23T20:17:13.7184179Z Complete job name: Build Windows (x64) Python 3.9
2025-06-23T20:17:14.5925773Z ##[group]Run actions/checkout@v4
2025-06-23T20:17:14.6007537Z with:
2025-06-23T20:17:14.6008165Z   submodules: recursive
2025-06-23T20:17:14.6008936Z   repository: Ambro86/synthizer3d
2025-06-23T20:17:14.6010065Z   token: ***
2025-06-23T20:17:14.6010686Z   ssh-strict: true
2025-06-23T20:17:14.6011361Z   ssh-user: git
2025-06-23T20:17:14.6012054Z   persist-credentials: true
2025-06-23T20:17:14.6012814Z   clean: true
2025-06-23T20:17:14.6013483Z   sparse-checkout-cone-mode: true
2025-06-23T20:17:14.6014313Z   fetch-depth: 1
2025-06-23T20:17:14.6014948Z   fetch-tags: false
2025-06-23T20:17:14.6015614Z   show-progress: true
2025-06-23T20:17:14.6016289Z   lfs: false
2025-06-23T20:17:14.6016918Z   set-safe-directory: true
2025-06-23T20:17:14.6017881Z env:
2025-06-23T20:17:14.6018469Z   PYVERSION: 3.9
2025-06-23T20:17:14.6019151Z   CI_ARCH_LOWER: x64
2025-06-23T20:17:14.6019840Z   CI_WINDOWS: 1
2025-06-23T20:17:14.6020510Z   CI_ARCH_ENV: x64
2025-06-23T20:17:14.6021326Z   VCPKG_DEFAULT_TRIPLET: x64-windows
2025-06-23T20:17:14.6022710Z   EFFECTIVE_VCPKG_INSTALLED_DIR_BASE: D:\a\synthizer3d\synthizer3d\vcpkg_installed
2025-06-23T20:17:14.6024057Z ##[endgroup]
2025-06-23T20:17:14.8340958Z Syncing repository: Ambro86/synthizer3d
2025-06-23T20:17:14.8344066Z ##[group]Getting Git version info
2025-06-23T20:17:14.8345614Z Working directory is 'D:\a\synthizer3d\synthizer3d'
2025-06-23T20:17:14.9703686Z [command]"C:\Program Files\Git\bin\git.exe" version
2025-06-23T20:17:15.3203477Z git version 2.49.0.windows.1
2025-06-23T20:17:15.3259776Z ##[endgroup]
2025-06-23T20:17:15.3297780Z Temporarily overriding HOME='D:\a\_temp\d0b73d4f-7cf9-47d7-a520-fd795714f072' before making global git config changes
2025-06-23T20:17:15.3301487Z Adding repository directory to the temporary git global config as a safe directory
2025-06-23T20:17:15.3385379Z [command]"C:\Program Files\Git\bin\git.exe" config --global --add safe.directory D:\a\synthizer3d\synthizer3d
2025-06-23T20:17:15.3857610Z Deleting the contents of 'D:\a\synthizer3d\synthizer3d'
2025-06-23T20:17:15.3864624Z ##[group]Initializing the repository
2025-06-23T20:17:15.3875509Z [command]"C:\Program Files\Git\bin\git.exe" init D:\a\synthizer3d\synthizer3d
2025-06-23T20:17:15.4657286Z Initialized empty Git repository in D:/a/synthizer3d/synthizer3d/.git/
2025-06-23T20:17:15.4706569Z [command]"C:\Program Files\Git\bin\git.exe" remote add origin https://github.com/Ambro86/synthizer3d
2025-06-23T20:17:15.5204910Z ##[endgroup]
2025-06-23T20:17:15.5206701Z ##[group]Disabling automatic garbage collection
2025-06-23T20:17:15.5214220Z [command]"C:\Program Files\Git\bin\git.exe" config --local gc.auto 0
2025-06-23T20:17:15.5518234Z ##[endgroup]
2025-06-23T20:17:15.5520060Z ##[group]Setting up auth
2025-06-23T20:17:15.5536081Z [command]"C:\Program Files\Git\bin\git.exe" config --local --name-only --get-regexp core\.sshCommand
2025-06-23T20:17:15.5868853Z [command]"C:\Program Files\Git\bin\git.exe" submodule foreach --recursive "sh -c \"git config --local --name-only --get-regexp 'core\.sshCommand' && git config --local --unset-all 'core.sshCommand' || :\""
2025-06-23T20:17:16.9329247Z [command]"C:\Program Files\Git\bin\git.exe" config --local --name-only --get-regexp http\.https\:\/\/github\.com\/\.extraheader
2025-06-23T20:17:16.9582001Z [command]"C:\Program Files\Git\bin\git.exe" submodule foreach --recursive "sh -c \"git config --local --name-only --get-regexp 'http\.https\:\/\/github\.com\/\.extraheader' && git config --local --unset-all 'http.https://github.com/.extraheader' || :\""
2025-06-23T20:17:17.4496820Z [command]"C:\Program Files\Git\bin\git.exe" config --local http.https://github.com/.extraheader "AUTHORIZATION: basic ***"
2025-06-23T20:17:17.4750383Z ##[endgroup]
2025-06-23T20:17:17.4751154Z ##[group]Fetching the repository
2025-06-23T20:17:17.4834447Z [command]"C:\Program Files\Git\bin\git.exe" -c protocol.version=2 fetch --no-tags --prune --no-recurse-submodules --depth=1 origin +7d1b42c384eac1c0ca8cb3914ff6f64cc1582d8c:refs/remotes/origin/master
2025-06-23T20:17:19.6355590Z From https://github.com/Ambro86/synthizer3d
2025-06-23T20:17:19.6390047Z  * [new ref]         7d1b42c384eac1c0ca8cb3914ff6f64cc1582d8c -> origin/master
2025-06-23T20:17:19.6581695Z ##[endgroup]
2025-06-23T20:17:19.6582264Z ##[group]Determining the checkout info
2025-06-23T20:17:19.6585751Z ##[endgroup]
2025-06-23T20:17:19.6598154Z [command]"C:\Program Files\Git\bin\git.exe" sparse-checkout disable
2025-06-23T20:17:19.6986002Z [command]"C:\Program Files\Git\bin\git.exe" config --local --unset-all extensions.worktreeConfig
2025-06-23T20:17:19.7259667Z ##[group]Checking out the ref
2025-06-23T20:17:19.7273330Z [command]"C:\Program Files\Git\bin\git.exe" checkout --progress --force -B master refs/remotes/origin/master
2025-06-23T20:17:20.7865830Z Updating files:  74% (2566/3462)
2025-06-23T20:17:20.8274171Z Updating files:  75% (2597/3462)
2025-06-23T20:17:20.8348698Z Updating files:  76% (2632/3462)
2025-06-23T20:17:20.8460351Z Updating files:  77% (2666/3462)
2025-06-23T20:17:20.8562108Z Updating files:  78% (2701/3462)
2025-06-23T20:17:20.8667158Z Updating files:  79% (2735/3462)
2025-06-23T20:17:20.8793515Z Updating files:  80% (2770/3462)
2025-06-23T20:17:20.8906401Z Updating files:  81% (2805/3462)
2025-06-23T20:17:20.9026796Z Updating files:  82% (2839/3462)
2025-06-23T20:17:20.9141931Z Updating files:  83% (2874/3462)
2025-06-23T20:17:20.9264002Z Updating files:  84% (2909/3462)
2025-06-23T20:17:20.9475431Z Updating files:  85% (2943/3462)
2025-06-23T20:17:20.9680136Z Updating files:  86% (2978/3462)
2025-06-23T20:17:20.9796615Z Updating files:  87% (3012/3462)
2025-06-23T20:17:20.9916883Z Updating files:  88% (3047/3462)
2025-06-23T20:17:21.0024578Z Updating files:  89% (3082/3462)
2025-06-23T20:17:21.0192873Z Updating files:  90% (3116/3462)
2025-06-23T20:17:21.0322404Z Updating files:  91% (3151/3462)
2025-06-23T20:17:21.0454470Z Updating files:  92% (3186/3462)
2025-06-23T20:17:21.0577154Z Updating files:  93% (3220/3462)
2025-06-23T20:17:21.0672670Z Updating files:  94% (3255/3462)
2025-06-23T20:17:21.0776939Z Updating files:  95% (3289/3462)
2025-06-23T20:17:21.0873832Z Updating files:  96% (3324/3462)
2025-06-23T20:17:21.0960592Z Updating files:  97% (3359/3462)
2025-06-23T20:17:21.1091197Z Updating files:  98% (3393/3462)
2025-06-23T20:17:21.1285839Z Updating files:  99% (3428/3462)
2025-06-23T20:17:21.1286235Z Updating files: 100% (3462/3462)
2025-06-23T20:17:21.1286618Z Updating files: 100% (3462/3462), done.
2025-06-23T20:17:21.1462277Z branch 'master' set up to track 'origin/master'.
2025-06-23T20:17:21.1467961Z Reset branch 'master'
2025-06-23T20:17:21.1520549Z ##[endgroup]
2025-06-23T20:17:21.1520952Z ##[group]Setting up auth for fetching submodules
2025-06-23T20:17:21.1530723Z [command]"C:\Program Files\Git\bin\git.exe" config --global http.https://github.com/.extraheader "AUTHORIZATION: basic ***"
2025-06-23T20:17:21.1772124Z [command]"C:\Program Files\Git\bin\git.exe" config --global --unset-all url.https://github.com/.insteadOf
2025-06-23T20:17:21.1993207Z [command]"C:\Program Files\Git\bin\git.exe" config --global --add url.https://github.com/.insteadOf git@github.com:
2025-06-23T20:17:21.2220727Z [command]"C:\Program Files\Git\bin\git.exe" config --global --add url.https://github.com/.insteadOf org-58132298@github.com:
2025-06-23T20:17:21.2446626Z ##[endgroup]
2025-06-23T20:17:21.2447011Z ##[group]Fetching submodules
2025-06-23T20:17:21.2456255Z [command]"C:\Program Files\Git\bin\git.exe" submodule sync --recursive
2025-06-23T20:17:21.7450856Z [command]"C:\Program Files\Git\bin\git.exe" -c protocol.version=2 submodule update --init --force --depth=1 --recursive
2025-06-23T20:17:22.1379938Z [command]"C:\Program Files\Git\bin\git.exe" submodule foreach --recursive "git config --local gc.auto 0"
2025-06-23T20:17:22.5283547Z ##[endgroup]
2025-06-23T20:17:22.5284135Z ##[group]Persisting credentials for submodules
2025-06-23T20:17:22.5341316Z [command]"C:\Program Files\Git\bin\git.exe" submodule foreach --recursive "sh -c \"git config --local --name-only --get-regexp 'url\.https\:\/\/github\.com\/\.insteadOf' && git config --local --unset-all 'url.https://github.com/.insteadOf' || :\""
2025-06-23T20:17:22.9975357Z [command]"C:\Program Files\Git\bin\git.exe" submodule foreach --recursive "sh -c \"git config --local 'http.https://github.com/.extraheader' 'AUTHORIZATION: basic ***' && git config --local --show-origin --name-only --get-regexp remote.origin.url\""
2025-06-23T20:17:23.3892342Z [command]"C:\Program Files\Git\bin\git.exe" submodule foreach --recursive "git config --local --add 'url.https://github.com/.insteadOf' 'git@github.com:'"
2025-06-23T20:17:23.7964091Z [command]"C:\Program Files\Git\bin\git.exe" submodule foreach --recursive "git config --local --add 'url.https://github.com/.insteadOf' 'org-58132298@github.com:'"
2025-06-23T20:17:24.2022609Z ##[endgroup]
2025-06-23T20:17:24.2271737Z [command]"C:\Program Files\Git\bin\git.exe" log -1 --format=%H
2025-06-23T20:17:24.2476782Z 7d1b42c384eac1c0ca8cb3914ff6f64cc1582d8c
2025-06-23T20:17:24.2814230Z ##[group]Run actions/setup-python@v5
2025-06-23T20:17:24.2814582Z with:
2025-06-23T20:17:24.2814757Z   python-version: 3.9
2025-06-23T20:17:24.2814956Z   architecture: x64
2025-06-23T20:17:24.2815132Z   check-latest: false
2025-06-23T20:17:24.2815425Z   token: ***
2025-06-23T20:17:24.2815628Z   update-environment: true
2025-06-23T20:17:24.2815837Z   allow-prereleases: false
2025-06-23T20:17:24.2816035Z   freethreaded: false
2025-06-23T20:17:24.2816218Z env:
2025-06-23T20:17:24.2816369Z   PYVERSION: 3.9
2025-06-23T20:17:24.2816549Z   CI_ARCH_LOWER: x64
2025-06-23T20:17:24.2816714Z   CI_WINDOWS: 1
2025-06-23T20:17:24.2816876Z   CI_ARCH_ENV: x64
2025-06-23T20:17:24.2817051Z   VCPKG_DEFAULT_TRIPLET: x64-windows
2025-06-23T20:17:24.2817409Z   EFFECTIVE_VCPKG_INSTALLED_DIR_BASE: D:\a\synthizer3d\synthizer3d\vcpkg_installed
2025-06-23T20:17:24.2817752Z ##[endgroup]
2025-06-23T20:17:24.5071818Z ##[group]Installed versions
2025-06-23T20:17:24.5339418Z Successfully set up CPython (3.9.13)
2025-06-23T20:17:24.5340868Z ##[endgroup]
2025-06-23T20:17:24.5596112Z ##[group]Run python -m pip install --upgrade pip
2025-06-23T20:17:24.5596560Z [36;1mpython -m pip install --upgrade pip[0m
2025-06-23T20:17:24.5656454Z shell: C:\Program Files\PowerShell\7\pwsh.EXE -command ". '{0}'"
2025-06-23T20:17:24.5656932Z env:
2025-06-23T20:17:24.5657162Z   PYVERSION: 3.9
2025-06-23T20:17:24.5657433Z   CI_ARCH_LOWER: x64
2025-06-23T20:17:24.5657703Z   CI_WINDOWS: 1
2025-06-23T20:17:24.5657955Z   CI_ARCH_ENV: x64
2025-06-23T20:17:24.5658230Z   VCPKG_DEFAULT_TRIPLET: x64-windows
2025-06-23T20:17:24.5658793Z   EFFECTIVE_VCPKG_INSTALLED_DIR_BASE: D:\a\synthizer3d\synthizer3d\vcpkg_installed
2025-06-23T20:17:24.5659489Z   pythonLocation: C:\hostedtoolcache\windows\Python\3.9.13\x64
2025-06-23T20:17:24.5660138Z   PKG_CONFIG_PATH: C:\hostedtoolcache\windows\Python\3.9.13\x64/lib/pkgconfig
2025-06-23T20:17:24.5660784Z   Python_ROOT_DIR: C:\hostedtoolcache\windows\Python\3.9.13\x64
2025-06-23T20:17:24.5661397Z   Python2_ROOT_DIR: C:\hostedtoolcache\windows\Python\3.9.13\x64
2025-06-23T20:17:24.5661978Z   Python3_ROOT_DIR: C:\hostedtoolcache\windows\Python\3.9.13\x64
2025-06-23T20:17:24.5662439Z ##[endgroup]
2025-06-23T20:17:35.1198290Z Requirement already satisfied: pip in c:\hostedtoolcache\windows\python\3.9.13\x64\lib\site-packages (25.1.1)
2025-06-23T20:17:36.2995285Z ##[group]Run python synthizer-c/vendor.py synthizer-vendored
2025-06-23T20:17:36.2995776Z [36;1mpython synthizer-c/vendor.py synthizer-vendored[0m
2025-06-23T20:17:36.3027224Z shell: C:\Program Files\PowerShell\7\pwsh.EXE -command ". '{0}'"
2025-06-23T20:17:36.3027539Z env:
2025-06-23T20:17:36.3027695Z   PYVERSION: 3.9
2025-06-23T20:17:36.3027868Z   CI_ARCH_LOWER: x64
2025-06-23T20:17:36.3028040Z   CI_WINDOWS: 1
2025-06-23T20:17:36.3028211Z   CI_ARCH_ENV: x64
2025-06-23T20:17:36.3028396Z   VCPKG_DEFAULT_TRIPLET: x64-windows
2025-06-23T20:17:36.3028746Z   EFFECTIVE_VCPKG_INSTALLED_DIR_BASE: D:\a\synthizer3d\synthizer3d\vcpkg_installed
2025-06-23T20:17:36.3029347Z   pythonLocation: C:\hostedtoolcache\windows\Python\3.9.13\x64
2025-06-23T20:17:36.3029754Z   PKG_CONFIG_PATH: C:\hostedtoolcache\windows\Python\3.9.13\x64/lib/pkgconfig
2025-06-23T20:17:36.3030172Z   Python_ROOT_DIR: C:\hostedtoolcache\windows\Python\3.9.13\x64
2025-06-23T20:17:36.3030594Z   Python2_ROOT_DIR: C:\hostedtoolcache\windows\Python\3.9.13\x64
2025-06-23T20:17:36.3030972Z   Python3_ROOT_DIR: C:\hostedtoolcache\windows\Python\3.9.13\x64
2025-06-23T20:17:36.3031273Z ##[endgroup]
2025-06-23T20:17:38.4923137Z ##[group]Run actions/cache@v4
2025-06-23T20:17:38.4923472Z with:
2025-06-23T20:17:38.4923709Z   path: ~\AppData\Local\pip\Cache
2025-06-23T20:17:38.4924248Z   key: Windows-pip-3.9-x64-7bb05f23c3f96376e1221853e6931719cecbbb5da9517de533d3a2e015d61e31
2025-06-23T20:17:38.4924864Z   restore-keys: Windows-pip-3.9-x64-

2025-06-23T20:17:38.4925205Z   enableCrossOsArchive: false
2025-06-23T20:17:38.4925485Z   fail-on-cache-miss: false
2025-06-23T20:17:38.4925759Z   lookup-only: false
2025-06-23T20:17:38.4926033Z   save-always: false
2025-06-23T20:17:38.4926259Z env:
2025-06-23T20:17:38.4926464Z   PYVERSION: 3.9
2025-06-23T20:17:38.4926685Z   CI_ARCH_LOWER: x64
2025-06-23T20:17:38.4926902Z   CI_WINDOWS: 1
2025-06-23T20:17:38.4927122Z   CI_ARCH_ENV: x64
2025-06-23T20:17:38.4927351Z   VCPKG_DEFAULT_TRIPLET: x64-windows
2025-06-23T20:17:38.4927826Z   EFFECTIVE_VCPKG_INSTALLED_DIR_BASE: D:\a\synthizer3d\synthizer3d\vcpkg_installed
2025-06-23T20:17:38.4928432Z   pythonLocation: C:\hostedtoolcache\windows\Python\3.9.13\x64
2025-06-23T20:17:38.4928956Z   PKG_CONFIG_PATH: C:\hostedtoolcache\windows\Python\3.9.13\x64/lib/pkgconfig
2025-06-23T20:17:38.4929466Z   Python_ROOT_DIR: C:\hostedtoolcache\windows\Python\3.9.13\x64
2025-06-23T20:17:38.4929926Z   Python2_ROOT_DIR: C:\hostedtoolcache\windows\Python\3.9.13\x64
2025-06-23T20:17:38.4930389Z   Python3_ROOT_DIR: C:\hostedtoolcache\windows\Python\3.9.13\x64
2025-06-23T20:17:38.4930995Z ##[endgroup]
2025-06-23T20:17:38.9199844Z Cache hit for: Windows-pip-3.9-x64-7bb05f23c3f96376e1221853e6931719cecbbb5da9517de533d3a2e015d61e31
2025-06-23T20:17:39.2674168Z Received 40280248 of 40280248 (100.0%), 126.4 MBs/sec
2025-06-23T20:17:39.2677479Z Cache Size: ~38 MB (40280248 B)
2025-06-23T20:17:39.2707853Z [command]"C:\Program Files\Git\usr\bin\tar.exe" -xf D:/a/_temp/4e9a3684-e682-428d-aa19-d1e4211d5c64/cache.tzst -P -C D:/a/synthizer3d/synthizer3d --force-local --use-compress-program "zstd -d"
2025-06-23T20:17:39.5666983Z Cache restored successfully
2025-06-23T20:17:39.5822517Z Cache restored from key: Windows-pip-3.9-x64-7bb05f23c3f96376e1221853e6931719cecbbb5da9517de533d3a2e015d61e31
2025-06-23T20:17:39.6080437Z ##[group]Run ilammy/msvc-dev-cmd@v1
2025-06-23T20:17:39.6080918Z with:
2025-06-23T20:17:39.6081208Z   arch: x64
2025-06-23T20:17:39.6081489Z env:
2025-06-23T20:17:39.6081765Z   PYVERSION: 3.9
2025-06-23T20:17:39.6082096Z   CI_ARCH_LOWER: x64
2025-06-23T20:17:39.6082416Z   CI_WINDOWS: 1
2025-06-23T20:17:39.6082704Z   CI_ARCH_ENV: x64
2025-06-23T20:17:39.6083039Z   VCPKG_DEFAULT_TRIPLET: x64-windows
2025-06-23T20:17:39.6083656Z   EFFECTIVE_VCPKG_INSTALLED_DIR_BASE: D:\a\synthizer3d\synthizer3d\vcpkg_installed
2025-06-23T20:17:39.6084424Z   pythonLocation: C:\hostedtoolcache\windows\Python\3.9.13\x64
2025-06-23T20:17:39.6085298Z   PKG_CONFIG_PATH: C:\hostedtoolcache\windows\Python\3.9.13\x64/lib/pkgconfig
2025-06-23T20:17:39.6086020Z   Python_ROOT_DIR: C:\hostedtoolcache\windows\Python\3.9.13\x64
2025-06-23T20:17:39.6086681Z   Python2_ROOT_DIR: C:\hostedtoolcache\windows\Python\3.9.13\x64
2025-06-23T20:17:39.6087379Z   Python3_ROOT_DIR: C:\hostedtoolcache\windows\Python\3.9.13\x64
2025-06-23T20:17:39.6087880Z ##[endgroup]
2025-06-23T20:17:40.0871138Z Found with vswhere: C:\Program Files\Microsoft Visual Studio\2022\Enterprise\VC\Auxiliary\Build\vcvarsall.bat
2025-06-23T20:17:43.2560042Z ##[group]Environment variables
2025-06-23T20:17:43.2560513Z Setting CommandPromptType
2025-06-23T20:17:43.2573311Z Setting DevEnvDir
2025-06-23T20:17:43.2576956Z Setting ExtensionSdkDir
2025-06-23T20:17:43.2579441Z Setting EXTERNAL_INCLUDE
2025-06-23T20:17:43.2583980Z Setting Framework40Version
2025-06-23T20:17:43.2586474Z Setting FrameworkDir
2025-06-23T20:17:43.2588920Z Setting FrameworkDir64
2025-06-23T20:17:43.2592276Z Setting FrameworkVersion
2025-06-23T20:17:43.2594978Z Setting FrameworkVersion64
2025-06-23T20:17:43.2598365Z Setting FSHARPINSTALLDIR
2025-06-23T20:17:43.2601534Z Setting HTMLHelpDir
2025-06-23T20:17:43.2611082Z Setting IFCPATH
2025-06-23T20:17:43.2614956Z Setting INCLUDE
2025-06-23T20:17:43.2619333Z Setting is_x64_arch
2025-06-23T20:17:43.2621556Z Setting LIB
2025-06-23T20:17:43.2623747Z Setting LIBPATH
2025-06-23T20:17:43.2626232Z Setting NETFXSDKDir
2025-06-23T20:17:43.2629449Z Setting Path
2025-06-23T20:17:43.2632482Z Setting Platform
2025-06-23T20:17:43.2634905Z Setting UCRTVersion
2025-06-23T20:17:43.2636922Z Setting UniversalCRTSdkDir
2025-06-23T20:17:43.2638945Z Setting VCIDEInstallDir
2025-06-23T20:17:43.2641902Z Setting VCINSTALLDIR
2025-06-23T20:17:43.2643930Z Setting VCPKG_ROOT
2025-06-23T20:17:43.2645829Z Setting VCToolsInstallDir
2025-06-23T20:17:43.2647714Z Setting VCToolsRedistDir
2025-06-23T20:17:43.2649651Z Setting VCToolsVersion
2025-06-23T20:17:43.2651565Z Setting VisualStudioVersion
2025-06-23T20:17:43.2653409Z Setting VS170COMNTOOLS
2025-06-23T20:17:43.2655275Z Setting VSCMD_ARG_app_plat
2025-06-23T20:17:43.2657105Z Setting VSCMD_ARG_HOST_ARCH
2025-06-23T20:17:43.2658921Z Setting VSCMD_ARG_TGT_ARCH
2025-06-23T20:17:43.2660727Z Setting VSCMD_VER
2025-06-23T20:17:43.2662770Z Setting VSINSTALLDIR
2025-06-23T20:17:43.2664618Z Setting VSSDK150INSTALL
2025-06-23T20:17:43.2666439Z Setting VSSDKINSTALL
2025-06-23T20:17:43.2668257Z Setting WindowsLibPath
2025-06-23T20:17:43.2670308Z Setting WindowsSdkBinPath
2025-06-23T20:17:43.2672249Z Setting WindowsSdkDir
2025-06-23T20:17:43.2674146Z Setting WindowsSDKLibVersion
2025-06-23T20:17:43.2675959Z Setting WindowsSdkVerBinPath
2025-06-23T20:17:43.2677776Z Setting WindowsSDKVersion
2025-06-23T20:17:43.2679633Z Setting WindowsSDK_ExecutablePath_x64
2025-06-23T20:17:43.2681431Z Setting WindowsSDK_ExecutablePath_x86
2025-06-23T20:17:43.2683205Z Setting __DOTNET_ADD_64BIT
2025-06-23T20:17:43.2685106Z Setting __DOTNET_PREFERRED_BITNESS
2025-06-23T20:17:43.2686982Z Setting __VSCMD_PREINIT_PATH
2025-06-23T20:17:43.2689850Z ##[endgroup]
2025-06-23T20:17:43.2690137Z Configured Developer Command Prompt
2025-06-23T20:17:43.2891236Z ##[group]Run lukka/run-vcpkg@v11
2025-06-23T20:17:43.2891539Z with:
2025-06-23T20:17:43.2891716Z   vcpkgJsonGlob: vcpkg.json
2025-06-23T20:17:43.2891936Z   runVcpkgInstall: true
2025-06-23T20:17:43.2892177Z   vcpkgDirectory: D:\a\synthizer3d\synthizer3d/vcpkg
2025-06-23T20:17:43.2892501Z   vcpkgGitURL: https://github.com/microsoft/vcpkg.git
2025-06-23T20:17:43.2892786Z   doNotUpdateVcpkg: false
2025-06-23T20:17:43.2892989Z   doNotCache: true
2025-06-23T20:17:43.2893172Z   vcpkgJsonIgnores: ['**/vcpkg/**']
2025-06-23T20:17:43.2893491Z   vcpkgConfigurationJsonGlob: **/vcpkg-configuration.json
2025-06-23T20:17:43.2894128Z   runVcpkgFormatString: [`install`, `--recurse`, `--clean-after-build`, `--x-install-root`, `$[env.VCPKG_INSTALLED_DIR]`, `--triplet`, `$[env.VCPKG_DEFAULT_TRIPLET]`]
2025-06-23T20:17:43.2894692Z   useShell: true
2025-06-23T20:17:43.2895134Z   logCollectionRegExps: \s*"(.+CMakeOutput\.log)"\.\s*;\s*"(.+CMakeError\.log)"\.\s*;\s*(.+out\.log)\s*;\s+(.+err\.log)\s*;\s*(.+vcpkg.+\.log)\s*
2025-06-23T20:17:43.2895574Z env:
2025-06-23T20:17:43.2895752Z   PYVERSION: 3.9
2025-06-23T20:17:43.2895926Z   CI_ARCH_LOWER: x64
2025-06-23T20:17:43.2896098Z   CI_WINDOWS: 1
2025-06-23T20:17:43.2896251Z   CI_ARCH_ENV: x64
2025-06-23T20:17:43.2896434Z   VCPKG_DEFAULT_TRIPLET: x64-windows
2025-06-23T20:17:43.2896790Z   EFFECTIVE_VCPKG_INSTALLED_DIR_BASE: D:\a\synthizer3d\synthizer3d\vcpkg_installed
2025-06-23T20:17:43.2897224Z   pythonLocation: C:\hostedtoolcache\windows\Python\3.9.13\x64
2025-06-23T20:17:43.2897791Z   PKG_CONFIG_PATH: C:\hostedtoolcache\windows\Python\3.9.13\x64/lib/pkgconfig
2025-06-23T20:17:43.2898198Z   Python_ROOT_DIR: C:\hostedtoolcache\windows\Python\3.9.13\x64
2025-06-23T20:17:43.2898552Z   Python2_ROOT_DIR: C:\hostedtoolcache\windows\Python\3.9.13\x64
2025-06-23T20:17:43.2898904Z   Python3_ROOT_DIR: C:\hostedtoolcache\windows\Python\3.9.13\x64
2025-06-23T20:17:43.2899201Z   CommandPromptType: Native
2025-06-23T20:17:43.2899537Z   DevEnvDir: C:\Program Files\Microsoft Visual Studio\2022\Enterprise\Common7\IDE\
2025-06-23T20:17:43.2900002Z   ExtensionSdkDir: C:\Program Files (x86)\Microsoft SDKs\Windows Kits\10\ExtensionSDKs
2025-06-23T20:17:43.2902032Z   EXTERNAL_INCLUDE: C:\Program Files\Microsoft Visual Studio\2022\Enterprise\VC\Tools\MSVC\14.43.34808\include;C:\Program Files\Microsoft Visual Studio\2022\Enterprise\VC\Tools\MSVC\14.43.34808\ATLMFC\include;C:\Program Files\Microsoft Visual Studio\2022\Enterprise\VC\Auxiliary\VS\include;C:\Program Files (x86)\Windows Kits\10\include\10.0.26100.0\ucrt;C:\Program Files (x86)\Windows Kits\10\\include\10.0.26100.0\\um;C:\Program Files (x86)\Windows Kits\10\\include\10.0.26100.0\\shared;C:\Program Files (x86)\Windows Kits\10\\include\10.0.26100.0\\winrt;C:\Program Files (x86)\Windows Kits\10\\include\10.0.26100.0\\cppwinrt;C:\Program Files (x86)\Windows Kits\NETFXSDK\4.8\include\um
2025-06-23T20:17:43.2903938Z   Framework40Version: v4.0
2025-06-23T20:17:43.2904187Z   FrameworkDir: C:\Windows\Microsoft.NET\Framework64\
2025-06-23T20:17:43.2904506Z   FrameworkDir64: C:\Windows\Microsoft.NET\Framework64\
2025-06-23T20:17:43.2904780Z   FrameworkVersion: v4.0.30319
2025-06-23T20:17:43.2904989Z   FrameworkVersion64: v4.0.30319
2025-06-23T20:17:43.2905457Z   FSHARPINSTALLDIR: C:\Program Files\Microsoft Visual Studio\2022\Enterprise\Common7\IDE\CommonExtensions\Microsoft\FSharp\Tools
2025-06-23T20:17:43.2905999Z   HTMLHelpDir: C:\Program Files (x86)\HTML Help Workshop
2025-06-23T20:17:43.2906428Z   IFCPATH: C:\Program Files\Microsoft Visual Studio\2022\Enterprise\VC\Tools\MSVC\14.43.34808\ifc\x64
2025-06-23T20:17:43.2909991Z   INCLUDE: C:\Program Files\Microsoft Visual Studio\2022\Enterprise\VC\Tools\MSVC\14.43.34808\include;C:\Program Files\Microsoft Visual Studio\2022\Enterprise\VC\Tools\MSVC\14.43.34808\ATLMFC\include;C:\Program Files\Microsoft Visual Studio\2022\Enterprise\VC\Auxiliary\VS\include;C:\Program Files (x86)\Windows Kits\10\include\10.0.26100.0\ucrt;C:\Program Files (x86)\Windows Kits\10\\include\10.0.26100.0\\um;C:\Program Files (x86)\Windows Kits\10\\include\10.0.26100.0\\shared;C:\Program Files (x86)\Windows Kits\10\\include\10.0.26100.0\\winrt;C:\Program Files (x86)\Windows Kits\10\\include\10.0.26100.0\\cppwinrt;C:\Program Files (x86)\Windows Kits\NETFXSDK\4.8\include\um
2025-06-23T20:17:43.2911921Z   is_x64_arch: true
2025-06-23T20:17:43.2912966Z   LIB: C:\Program Files\Microsoft Visual Studio\2022\Enterprise\VC\Tools\MSVC\14.43.34808\ATLMFC\lib\x64;C:\Program Files\Microsoft Visual Studio\2022\Enterprise\VC\Tools\MSVC\14.43.34808\lib\x64;C:\Program Files (x86)\Windows Kits\NETFXSDK\4.8\lib\um\x64;C:\Program Files (x86)\Windows Kits\10\lib\10.0.26100.0\ucrt\x64;C:\Program Files (x86)\Windows Kits\10\\lib\10.0.26100.0\\um\x64
2025-06-23T20:17:43.2915223Z   LIBPATH: C:\Program Files\Microsoft Visual Studio\2022\Enterprise\VC\Tools\MSVC\14.43.34808\ATLMFC\lib\x64;C:\Program Files\Microsoft Visual Studio\2022\Enterprise\VC\Tools\MSVC\14.43.34808\lib\x64;C:\Program Files\Microsoft Visual Studio\2022\Enterprise\VC\Tools\MSVC\14.43.34808\lib\x86\store\references;C:\Program Files (x86)\Windows Kits\10\UnionMetadata\10.0.26100.0;C:\Program Files (x86)\Windows Kits\10\References\10.0.26100.0;C:\Windows\Microsoft.NET\Framework64\v4.0.30319
2025-06-23T20:17:43.2916687Z   NETFXSDKDir: C:\Program Files (x86)\Windows Kits\NETFXSDK\4.8\
2025-06-23T20:17:43.2929932Z   Path: C:\Program Files\Microsoft Visual Studio\2022\Enterprise\VC\Tools\MSVC\14.43.34808\bin\HostX64\x64;C:\Program Files\Microsoft Visual Studio\2022\Enterprise\Common7\IDE\VC\VCPackages;C:\Program Files\Microsoft Visual Studio\2022\Enterprise\Common7\IDE\CommonExtensions\Microsoft\TestWindow;C:\Program Files\Microsoft Visual Studio\2022\Enterprise\Common7\IDE\CommonExtensions\Microsoft\TeamFoundation\Team Explorer;C:\Program Files\Microsoft Visual Studio\2022\Enterprise\MSBuild\Current\bin\Roslyn;C:\Program Files (x86)\Microsoft SDKs\Windows\v10.0A\bin\NETFX 4.8 Tools\x64\;C:\Program Files (x86)\HTML Help Workshop;C:\Program Files\Microsoft Visual Studio\2022\Enterprise\Common7\IDE\CommonExtensions\Microsoft\FSharp\Tools;C:\Program Files\Microsoft Visual Studio\2022\Enterprise\Team Tools\DiagnosticsHub\Collector;C:\Program Files\Microsoft Visual Studio\2022\Enterprise\Common7\IDE\Extensions\Microsoft\CodeCoverage.Console;C:\Program Files (x86)\Windows Kits\10\bin\10.0.26100.0\\x64;C:\Program Files (x86)\Windows Kits\10\bin\\x64;C:\Program Files\Microsoft Visual Studio\2022\Enterprise\\MSBuild\Current\Bin\amd64;C:\Windows\Microsoft.NET\Framework64\v4.0.30319;C:\Program Files\Microsoft Visual Studio\2022\Enterprise\Common7\IDE\;C:\Program Files\Microsoft Visual Studio\2022\Enterprise\Common7\Tools\;C:\Users\runneradmin\AppData\Roaming\Python\Python39\Scripts;C:\hostedtoolcache\windows\Python\3.9.13\x64\Scripts;C:\hostedtoolcache\windows\Python\3.9.13\x64;C:\Program Files\MongoDB\Server\5.0\bin;C:\aliyun-cli;C:\vcpkg;C:\Program Files (x86)\NSIS\;C:\tools\zstd;C:\Program Files\Mercurial\;C:\hostedtoolcache\windows\stack\3.5.1\x64;C:\cabal\bin;C:\\ghcup\bin;C:\mingw64\bin;C:\Program Files\dotnet;C:\Program Files\MySQL\MySQL Server 8.0\bin;C:\Program Files\R\R-4.4.2\bin\x64;C:\SeleniumWebDrivers\GeckoDriver;C:\SeleniumWebDrivers\EdgeDriver\;C:\SeleniumWebDrivers\ChromeDriver;C:\Program Files (x86)\sbt\bin;C:\Program Files (x86)\GitHub CLI;C:\Program Files\Git\bin;C:\Program Files (x86)\pipx_bin;C:\npm\prefix;C:\hostedtoolcache\windows\go\1.24.3\x64\bin;C:\hostedtoolcache\windows\Ruby\3.3.8\x64\bin;C:\Program Files\OpenSSL\bin;C:\tools\kotlinc\bin;C:\hostedtoolcache\windows\Java_Temurin-Hotspot_jdk\8.0.452-9\x64\bin;C:\Program Files\ImageMagick-7.1.1-Q16-HDRI;C:\Program Files\Microsoft SDKs\Azure\CLI2\wbin;C:\ProgramData\kind;C:\ProgramData\Chocolatey\bin;C:\Windows\system32;C:\Windows;C:\Windows\System32\Wbem;C:\Windows\System32\WindowsPowerShell\v1.0\;C:\Windows\System32\OpenSSH\;C:\Program Files\dotnet\;C:\Program Files\PowerShell\7\;C:\Program Files\Microsoft\Web Platform Installer\;C:\Program Files\TortoiseSVN\bin;C:\Program Files\Microsoft SQL Server\Client SDK\ODBC\170\Tools\Binn\;C:\Program Files\Microsoft SQL Server\150\Tools\Binn\;C:\Program Files (x86)\Windows Kits\10\Windows Performance Toolkit\;C:\Program Files (x86)\WiX Toolset v3.14\bin;C:\Program Files\Microsoft SQL Server\130\DTS\Binn\;C:\Program Files\Microsoft SQL Server\140\DTS\Binn\;C:\Program Files\Microsoft SQL Server\150\DTS\Binn\;C:\Program Files\Microsoft SQL Server\160\DTS\Binn\;C:\Strawberry\c\bin;C:\Strawberry\perl\site\bin;C:\Strawberry\perl\bin;C:\ProgramData\chocolatey\lib\pulumi\tools\Pulumi\bin;C:\Program Files\CMake\bin;C:\ProgramData\chocolatey\lib\maven\apache-maven-3.9.9\bin;C:\Program Files\Microsoft Service Fabric\bin\Fabric\Fabric.Code;C:\Program Files\Microsoft SDKs\Service Fabric\Tools\ServiceFabricLocalClusterManager;C:\Program Files\nodejs\;C:\Program Files\Git\cmd;C:\Program Files\Git\mingw64\bin;C:\Program Files\Git\usr\bin;C:\Program Files\GitHub CLI\;c:\tools\php;C:\Program Files\Amazon\AWSCLIV2\;C:\Program Files\Amazon\SessionManagerPlugin\bin\;C:\Program Files\Amazon\AWSSAMCLI\bin\;C:\Program Files\Microsoft SQL Server\130\Tools\Binn\;C:\Program Files\LLVM\bin;C:\Users\runneradmin\.dotnet\tools;C:\Users\runneradmin\.cargo\bin;C:\Users\runneradmin\AppData\Local\Microsoft\WindowsApps;C:\Program Files (x86)\Microsoft Visual Studio\Installer;C:\Program Files\Microsoft Visual Studio\2022\Enterprise\VC\Tools\Llvm\x64\bin;C:\Program Files\Microsoft Visual Studio\2022\Enterprise\Common7\IDE\CommonExtensions\Microsoft\CMake\CMake\bin;C:\Program Files\Microsoft Visual Studio\2022\Enterprise\Common7\IDE\CommonExtensions\Microsoft\CMake\Ninja;C:\Program Files\Microsoft Visual Studio\2022\Enterprise\Common7\IDE\VC\Linux\bin\ConnectionManagerExe;C:\Program Files\Microsoft Visual Studio\2022\Enterprise\VC\vcpkg
2025-06-23T20:17:43.2942898Z   Platform: x64
2025-06-23T20:17:43.2943077Z   UCRTVersion: 10.0.26100.0
2025-06-23T20:17:43.2943342Z   UniversalCRTSdkDir: C:\Program Files (x86)\Windows Kits\10\
2025-06-23T20:17:43.2943792Z   VCIDEInstallDir: C:\Program Files\Microsoft Visual Studio\2022\Enterprise\Common7\IDE\VC\
2025-06-23T20:17:43.2944275Z   VCINSTALLDIR: C:\Program Files\Microsoft Visual Studio\2022\Enterprise\VC\
2025-06-23T20:17:43.2944704Z   VCPKG_ROOT: C:\Program Files\Microsoft Visual Studio\2022\Enterprise\VC\vcpkg
2025-06-23T20:17:43.2945218Z   VCToolsInstallDir: C:\Program Files\Microsoft Visual Studio\2022\Enterprise\VC\Tools\MSVC\14.43.34808\
2025-06-23T20:17:43.2945807Z   VCToolsRedistDir: C:\Program Files\Microsoft Visual Studio\2022\Enterprise\VC\Redist\MSVC\14.42.34433\
2025-06-23T20:17:43.2946226Z   VCToolsVersion: 14.43.34808
2025-06-23T20:17:43.2946436Z   VisualStudioVersion: 17.0
2025-06-23T20:17:43.2946777Z   VS170COMNTOOLS: C:\Program Files\Microsoft Visual Studio\2022\Enterprise\Common7\Tools\
2025-06-23T20:17:43.2947149Z   VSCMD_ARG_app_plat: Desktop
2025-06-23T20:17:43.2947347Z   VSCMD_ARG_HOST_ARCH: x64
2025-06-23T20:17:43.2947533Z   VSCMD_ARG_TGT_ARCH: x64
2025-06-23T20:17:43.2947715Z   VSCMD_VER: 17.13.2
2025-06-23T20:17:43.2948004Z   VSINSTALLDIR: C:\Program Files\Microsoft Visual Studio\2022\Enterprise\
2025-06-23T20:17:43.2948492Z   VSSDK150INSTALL: C:\Program Files\Microsoft Visual Studio\2022\Enterprise\VSSDK
2025-06-23T20:17:43.2948947Z   VSSDKINSTALL: C:\Program Files\Microsoft Visual Studio\2022\Enterprise\VSSDK
2025-06-23T20:17:43.2949559Z   WindowsLibPath: C:\Program Files (x86)\Windows Kits\10\UnionMetadata\10.0.26100.0;C:\Program Files (x86)\Windows Kits\10\References\10.0.26100.0
2025-06-23T20:17:43.2950137Z   WindowsSdkBinPath: C:\Program Files (x86)\Windows Kits\10\bin\
2025-06-23T20:17:43.2950485Z   WindowsSdkDir: C:\Program Files (x86)\Windows Kits\10\
2025-06-23T20:17:43.2950768Z   WindowsSDKLibVersion: 10.0.26100.0\
2025-06-23T20:17:43.2951171Z   WindowsSdkVerBinPath: C:\Program Files (x86)\Windows Kits\10\bin\10.0.26100.0\
2025-06-23T20:17:43.2951541Z   WindowsSDKVersion: 10.0.26100.0\
2025-06-23T20:17:43.2952027Z   WindowsSDK_ExecutablePath_x64: C:\Program Files (x86)\Microsoft SDKs\Windows\v10.0A\bin\NETFX 4.8 Tools\x64\
2025-06-23T20:17:43.2952635Z   WindowsSDK_ExecutablePath_x86: C:\Program Files (x86)\Microsoft SDKs\Windows\v10.0A\bin\NETFX 4.8 Tools\
2025-06-23T20:17:43.2953056Z   __DOTNET_ADD_64BIT: 1
2025-06-23T20:17:43.2953254Z   __DOTNET_PREFERRED_BITNESS: 64
2025-06-23T20:17:43.2961169Z   __VSCMD_PREINIT_PATH: C:\Users\runneradmin\AppData\Roaming\Python\Python39\Scripts;C:\hostedtoolcache\windows\Python\3.9.13\x64\Scripts;C:\hostedtoolcache\windows\Python\3.9.13\x64;C:\Program Files\MongoDB\Server\5.0\bin;C:\aliyun-cli;C:\vcpkg;C:\Program Files (x86)\NSIS\;C:\tools\zstd;C:\Program Files\Mercurial\;C:\hostedtoolcache\windows\stack\3.5.1\x64;C:\cabal\bin;C:\\ghcup\bin;C:\mingw64\bin;C:\Program Files\dotnet;C:\Program Files\MySQL\MySQL Server 8.0\bin;C:\Program Files\R\R-4.4.2\bin\x64;C:\SeleniumWebDrivers\GeckoDriver;C:\SeleniumWebDrivers\EdgeDriver\;C:\SeleniumWebDrivers\ChromeDriver;C:\Program Files (x86)\sbt\bin;C:\Program Files (x86)\GitHub CLI;C:\Program Files\Git\bin;C:\Program Files (x86)\pipx_bin;C:\npm\prefix;C:\hostedtoolcache\windows\go\1.24.3\x64\bin;C:\hostedtoolcache\windows\Python\3.9.13\x64\Scripts;C:\hostedtoolcache\windows\Python\3.9.13\x64;C:\hostedtoolcache\windows\Ruby\3.3.8\x64\bin;C:\Program Files\OpenSSL\bin;C:\tools\kotlinc\bin;C:\hostedtoolcache\windows\Java_Temurin-Hotspot_jdk\8.0.452-9\x64\bin;C:\Program Files\ImageMagick-7.1.1-Q16-HDRI;C:\Program Files\Microsoft SDKs\Azure\CLI2\wbin;C:\ProgramData\kind;C:\ProgramData\Chocolatey\bin;C:\Windows\system32;C:\Windows;C:\Windows\System32\Wbem;C:\Windows\System32\WindowsPowerShell\v1.0\;C:\Windows\System32\OpenSSH\;C:\Program Files\dotnet\;C:\Program Files\PowerShell\7\;C:\Program Files\Microsoft\Web Platform Installer\;C:\Program Files\TortoiseSVN\bin;C:\Program Files\Microsoft SQL Server\Client SDK\ODBC\170\Tools\Binn\;C:\Program Files\Microsoft SQL Server\150\Tools\Binn\;C:\Program Files (x86)\Windows Kits\10\Windows Performance Toolkit\;C:\Program Files (x86)\WiX Toolset v3.14\bin;C:\Program Files\Microsoft SQL Server\130\DTS\Binn\;C:\Program Files\Microsoft SQL Server\140\DTS\Binn\;C:\Program Files\Microsoft SQL Server\150\DTS\Binn\;C:\Program Files\Microsoft SQL Server\160\DTS\Binn\;C:\Strawberry\c\bin;C:\Strawberry\perl\site\bin;C:\Strawberry\perl\bin;C:\ProgramData\chocolatey\lib\pulumi\tools\Pulumi\bin;C:\Program Files\CMake\bin;C:\ProgramData\chocolatey\lib\maven\apache-maven-3.9.9\bin;C:\Program Files\Microsoft Service Fabric\bin\Fabric\Fabric.Code;C:\Program Files\Microsoft SDKs\Service Fabric\Tools\ServiceFabricLocalClusterManager;C:\Program Files\nodejs\;C:\Program Files\Git\cmd;C:\Program Files\Git\mingw64\bin;C:\Program Files\Git\usr\bin;C:\Program Files\GitHub CLI\;c:\tools\php;C:\Program Files (x86)\sbt\bin;C:\Program Files\Amazon\AWSCLIV2\;C:\Program Files\Amazon\SessionManagerPlugin\bin\;C:\Program Files\Amazon\AWSSAMCLI\bin\;C:\Program Files\Microsoft SQL Server\130\Tools\Binn\;C:\Program Files\LLVM\bin;C:\Users\runneradmin\.dotnet\tools;C:\Users\runneradmin\.cargo\bin;C:\Users\runneradmin\AppData\Local\Microsoft\WindowsApps;C:\Program Files (x86)\Microsoft Visual Studio\Installer
2025-06-23T20:17:43.2969696Z ##[endgroup]
2025-06-23T20:17:43.5419317Z ##[group]Prepare output directories
2025-06-23T20:17:43.5421447Z The vpckg root directory: 'D:\a\synthizer3d\synthizer3d\vcpkg'
2025-06-23T20:17:43.5456007Z ##[endgroup]
2025-06-23T20:17:43.5456474Z ‚è± elapsed: 0.004 seconds
2025-06-23T20:17:43.6878564Z Running command '"C:\Program Files\Git\bin\git.exe"' with args '^"submodule^",^"status^",^"D:\a\synthizer3d\synthizer3d\vcpkg^"' in current directory 'D:\a\synthizer3d\synthizer3d'.
2025-06-23T20:17:44.1425805Z error: pathspec 'D:\a\synthizer3d\synthizer3d\vcpkg' did not match any file(s) known to git
2025-06-23T20:17:44.1527829Z ##[group]Searching for vcpkg.json with glob expression 'vcpkg.json'
2025-06-23T20:17:44.1628483Z Found vcpkg.json at 'vcpkg.json'.
2025-06-23T20:17:44.1632728Z ##[endgroup]
2025-06-23T20:17:44.1633350Z ‚è± elapsed: 0.010 seconds
2025-06-23T20:17:44.1634724Z ##[group]The vcpkgCommitId is not provided, searching for a vcpkg-configuration.json using **/vcpkg-configuration.json
2025-06-23T20:17:44.1638154Z Searching for 'vcpkg-configuration.json' using: '**/vcpkg-configuration.json'
2025-06-23T20:17:44.2105822Z The file 'vcpkg-configuration.json' was not found with glob expression '**/vcpkg-configuration.json'.
2025-06-23T20:17:44.2107306Z A vcpkg-configuration.json is not found.
2025-06-23T20:17:44.2140599Z ##[endgroup]
2025-06-23T20:17:44.2141194Z ‚è± elapsed: 0.051 seconds
2025-06-23T20:17:44.2142176Z Found baseline '8f63c9ed5897d7367a92a442a79f91721e0fd38f', this is the Git commit id going to be used to fetch vcpkg from the repository
2025-06-23T20:17:44.2165740Z ##[group]Setup to run on GitHub Action runners
2025-06-23T20:17:44.2166521Z Set the workflow environment variable 'VCPKG_BINARY_SOURCES' to value 'clear;x-gha,readwrite'
2025-06-23T20:17:44.2168847Z Set the workflow environment variable 'ACTIONS_CACHE_URL' to value 'https://acghubeus2.actions.githubusercontent.com/bwbzopuV3oKlbowlUKWdOnf6KF0vjv7EYqCB3ZHqukKhTVgy74/'
2025-06-23T20:17:44.2254872Z Set the workflow environment variable 'ACTIONS_RUNTIME_TOKEN' to value '***'
2025-06-23T20:17:44.2256010Z ##[endgroup]
2025-06-23T20:17:44.2256584Z ‚è± elapsed: 0.002 seconds
2025-06-23T20:17:44.2257455Z ##[group]Retrieving the vcpkg Git commit id at: 'D:\a\synthizer3d\synthizer3d\vcpkg'
2025-06-23T20:17:44.3633835Z Fetching the Git commit id at 'D:\a\synthizer3d\synthizer3d\vcpkg' ...
2025-06-23T20:17:44.3639264Z Running command '"C:\Program Files\Git\bin\git.exe"' with args '^"rev-parse^",^"HEAD^"' in current directory 'D:\a\synthizer3d\synthizer3d\vcpkg'.
2025-06-23T20:17:44.3939563Z 7d1b42c384eac1c0ca8cb3914ff6f64cc1582d8c
2025-06-23T20:17:44.3986291Z ##[endgroup]
2025-06-23T20:17:44.3987154Z ‚è± elapsed: 0.181 seconds
2025-06-23T20:17:44.3988187Z ##[group]Check whether vcpkg repository is up to date
2025-06-23T20:17:44.3990417Z Checking whether vcpkg's repository is updated to commit id '7d1b42c384eac1c0ca8cb3914ff6f64cc1582d8c' ...
2025-06-23T20:17:44.3992330Z Current commit id of vcpkg: '7d1b42c384eac1c0ca8cb3914ff6f64cc1582d8c'.
2025-06-23T20:17:44.3993286Z Is vcpkg repository updated? No
2025-06-23T20:17:44.3994043Z ##[endgroup]
2025-06-23T20:17:44.3994708Z ‚è± elapsed: 0.001 seconds
2025-06-23T20:17:44.3995593Z ##[group]Download vcpkg source code repository
2025-06-23T20:17:44.3996874Z Cloning vcpkg in 'D:\a\synthizer3d\synthizer3d\vcpkg'...
2025-06-23T20:17:44.5315159Z Running command '"C:\Program Files\Git\bin\git.exe"' with args '^"clone^",^"https://github.com/microsoft/vcpkg.git^",^"-n^",^".^"' in current directory 'D:\a\synthizer3d\synthizer3d\vcpkg'.
2025-06-23T20:17:44.5722461Z Cloning into '.'...
2025-06-23T20:17:54.5916612Z Running command '"C:\Program Files\Git\bin\git.exe"' with args '^"checkout^",^"--force^",^"8f63c9ed5897d7367a92a442a79f91721e0fd38f^"' in current directory 'D:\a\synthizer3d\synthizer3d\vcpkg'.
2025-06-23T20:17:56.4767919Z Note: switching to '8f63c9ed5897d7367a92a442a79f91721e0fd38f'.
2025-06-23T20:17:56.4768389Z 
2025-06-23T20:17:56.4768864Z You are in 'detached HEAD' state. You can look around, make experimental
2025-06-23T20:17:56.4769674Z changes and commit them, and you can discard any commits you make in this
2025-06-23T20:17:56.4770521Z state without impacting any branches by switching back to a branch.
2025-06-23T20:17:56.4770926Z 
2025-06-23T20:17:56.4771341Z If you want to create a new branch to retain commits you create, you may
2025-06-23T20:17:56.4772103Z do so (now or later) by using -c with the switch command. Example:
2025-06-23T20:17:56.4772487Z 
2025-06-23T20:17:56.4772709Z   git switch -c <new-branch-name>
2025-06-23T20:17:56.4772936Z 
2025-06-23T20:17:56.4773108Z Or undo this operation with:
2025-06-23T20:17:56.4773313Z 
2025-06-23T20:17:56.4773426Z   git switch -
2025-06-23T20:17:56.4773586Z 
2025-06-23T20:17:56.4774074Z Turn off this advice by setting config variable advice.detachedHead to false
2025-06-23T20:17:56.4774535Z 
2025-06-23T20:17:56.4776023Z HEAD is now at 8f63c9ed58 [tree-sitter-c] update to 0.24.1 (#45715)
2025-06-23T20:17:56.4832539Z Clone vcpkg in 'D:\a\synthizer3d\synthizer3d\vcpkg'.
2025-06-23T20:17:56.4833448Z ##[endgroup]
2025-06-23T20:17:56.4834066Z ‚è± elapsed: 12.084 seconds
2025-06-23T20:17:56.4834495Z ##[group]Build vcpkg executable
2025-06-23T20:17:56.6008779Z Running command '"C:\Windows\system32\cmd.exe"' with args '^"/c^",^"D:\a\synthizer3d\synthizer3d\vcpkg\bootstrap-vcpkg.bat^"' in current directory 'D:\a\synthizer3d\synthizer3d\vcpkg'.
2025-06-23T20:17:57.1465346Z Downloading https://github.com/microsoft/vcpkg-tool/releases/download/2025-05-19/vcpkg.exe -> D:\a\synthizer3d\synthizer3d\vcpkg\vcpkg.exe... done.
2025-06-23T20:17:57.3046948Z Validating signature... done.
2025-06-23T20:17:57.3152098Z 
2025-06-23T20:17:57.3328688Z vcpkg package management program version 2025-05-19-ece4c0f6b8fae9e94513d544c7aa753dd2c82337
2025-06-23T20:17:57.3329524Z 
2025-06-23T20:17:57.3329821Z See LICENSE.txt for license information.
2025-06-23T20:17:57.3354634Z Telemetry
2025-06-23T20:17:57.3355348Z ---------
2025-06-23T20:17:57.3356062Z vcpkg collects usage data in order to help us improve your experience.
2025-06-23T20:17:57.3356918Z The data collected by Microsoft is anonymous.
2025-06-23T20:17:57.3357910Z You can opt-out of telemetry by re-running the bootstrap-vcpkg script with -disableMetrics,
2025-06-23T20:17:57.3358975Z passing --disable-metrics to vcpkg on the command line,
2025-06-23T20:17:57.3359894Z or by setting the VCPKG_DISABLE_METRICS environment variable.
2025-06-23T20:17:57.3360676Z 
2025-06-23T20:17:57.3361115Z Read more about vcpkg telemetry at docs/about/privacy.md
2025-06-23T20:17:57.4699472Z Fetching the Git commit id at 'D:\a\synthizer3d\synthizer3d\vcpkg' ...
2025-06-23T20:17:57.4701388Z Running command '"C:\Program Files\Git\bin\git.exe"' with args '^"rev-parse^",^"HEAD^"' in current directory 'D:\a\synthizer3d\synthizer3d\vcpkg'.
2025-06-23T20:17:57.4982510Z 8f63c9ed5897d7367a92a442a79f91721e0fd38f
2025-06-23T20:17:57.5025346Z Stored last built vcpkg commit id '8f63c9ed5897d7367a92a442a79f91721e0fd38f' in file 'D:\a\synthizer3d\synthizer3d\vcpkg\vcpkgLastBuiltCommitId'.
2025-06-23T20:17:57.5026337Z ##[endgroup]
2025-06-23T20:17:57.5026811Z ‚è± elapsed: 1.019 seconds
2025-06-23T20:17:57.5027268Z ##[group]Add to PATH vcpkg at 'D:\a\synthizer3d\synthizer3d\vcpkg'
2025-06-23T20:17:57.5030443Z ##[endgroup]
2025-06-23T20:17:57.5031716Z ‚è± elapsed: 0.000 seconds
2025-06-23T20:17:57.5033440Z ##[group]Install/Update ports using vcpkg.json
2025-06-23T20:17:57.5036984Z Running 'vcpkg install,--recurse,--clean-after-build,--x-install-root,D:/a/synthizer3d/synthizer3d/969f6665-88a2-4c98-938e-ca9259871fec/vcpkg_installed,--triplet,x64-windows' in directory 'D:\a\synthizer3d\synthizer3d' ...
2025-06-23T20:17:57.5040397Z Running command '"D:\a\synthizer3d\synthizer3d\vcpkg\vcpkg.exe"' with args '^"install^",^"--recurse^",^"--clean-after-build^",^"--x-install-root^",^"D:/a/synthizer3d/synthizer3d/969f6665-88a2-4c98-938e-ca9259871fec/vcpkg_installed^",^"--triplet^",^"x64-windows^"' in current directory 'D:\a\synthizer3d\synthizer3d'.
2025-06-23T20:17:57.5210801Z warning: The vcpkg D:\a\synthizer3d\synthizer3d\vcpkg\vcpkg.exe is using detected vcpkg root D:\a\synthizer3d\synthizer3d\vcpkg and ignoring mismatched VCPKG_ROOT environment value C:\Program Files\Microsoft Visual Studio\2022\Enterprise\VC\vcpkg. To suppress this message, unset the environment variable or use the --vcpkg-root command line switch.
2025-06-23T20:17:58.8936784Z Detecting compiler hash for triplet x64-windows...
2025-06-23T20:18:08.1561014Z Compiler found: C:/Program Files/Microsoft Visual Studio/2022/Enterprise/VC/Tools/MSVC/14.43.34808/bin/Hostx64/x64/cl.exe
2025-06-23T20:18:08.1698595Z The following packages will be built and installed:
2025-06-23T20:18:08.1699197Z   * atl:x64-windows@0
2025-06-23T20:18:08.1699623Z   * atlmfc:x64-windows@0#3
2025-06-23T20:18:08.1700056Z     libogg:x64-windows@1.3.5#2
2025-06-23T20:18:08.1700734Z     libvorbis:x64-windows@1.3.7#4
2025-06-23T20:18:08.1701230Z     opus:x64-windows@1.5.2
2025-06-23T20:18:08.1701740Z     opusfile:x64-windows@0.12+20221121#1
2025-06-23T20:18:08.1702258Z     soundtouch:x64-windows@2.3.3
2025-06-23T20:18:08.1702762Z   * vcpkg-cmake:x64-windows@2024-04-23
2025-06-23T20:18:08.1703343Z   * vcpkg-cmake-config:x64-windows@2024-05-23
2025-06-23T20:18:08.1704127Z Additional packages (*) will be modified to complete this operation.
2025-06-23T20:18:08.1714080Z %VCPKG_BINARY_SOURCES%: warning: The 'x-gha' binary caching backend has been removed. Consider using a NuGet-based binary caching provider instead, see extended documentation at https://learn.microsoft.com/vcpkg/users/binarycaching?WT.mc_id=vcpkg_inproduct_cli.
2025-06-23T20:18:08.1715165Z   on expression: clear;x-gha,readwrite
2025-06-23T20:18:08.1715470Z                                       ^
2025-06-23T20:18:08.1715854Z Installing 1/9 vcpkg-cmake-config:x64-windows@2024-05-23...
2025-06-23T20:18:08.1716291Z Building vcpkg-cmake-config:x64-windows@2024-05-23...
2025-06-23T20:18:08.1993300Z -- Installing: D:/a/synthizer3d/synthizer3d/vcpkg/packages/vcpkg-cmake-config_x64-windows/share/vcpkg-cmake-config/vcpkg_cmake_config_fixup.cmake
2025-06-23T20:18:08.2007557Z -- Installing: D:/a/synthizer3d/synthizer3d/vcpkg/packages/vcpkg-cmake-config_x64-windows/share/vcpkg-cmake-config/vcpkg-port-config.cmake
2025-06-23T20:18:08.2009141Z -- Installing: D:/a/synthizer3d/synthizer3d/vcpkg/packages/vcpkg-cmake-config_x64-windows/share/vcpkg-cmake-config/copyright
2025-06-23T20:18:08.2045372Z -- Skipping post-build validation due to VCPKG_POLICY_EMPTY_PACKAGE
2025-06-23T20:18:08.2082174Z Elapsed time to handle vcpkg-cmake-config:x64-windows: 38.9 ms
2025-06-23T20:18:08.2083481Z vcpkg-cmake-config:x64-windows package ABI: 842797583f0500a3cabbedf03fb083636fe11e4fd3fd19d9a475485e484445fb
2025-06-23T20:18:08.2089296Z Installing 2/9 vcpkg-cmake:x64-windows@2024-04-23...
2025-06-23T20:18:08.2090069Z Building vcpkg-cmake:x64-windows@2024-04-23...
2025-06-23T20:18:08.2372241Z -- Installing: D:/a/synthizer3d/synthizer3d/vcpkg/packages/vcpkg-cmake_x64-windows/share/vcpkg-cmake/vcpkg_cmake_configure.cmake
2025-06-23T20:18:08.2386440Z -- Installing: D:/a/synthizer3d/synthizer3d/vcpkg/packages/vcpkg-cmake_x64-windows/share/vcpkg-cmake/vcpkg_cmake_build.cmake
2025-06-23T20:18:08.2389139Z -- Installing: D:/a/synthizer3d/synthizer3d/vcpkg/packages/vcpkg-cmake_x64-windows/share/vcpkg-cmake/vcpkg_cmake_install.cmake
2025-06-23T20:18:08.2392799Z -- Installing: D:/a/synthizer3d/synthizer3d/vcpkg/packages/vcpkg-cmake_x64-windows/share/vcpkg-cmake/vcpkg-port-config.cmake
2025-06-23T20:18:08.2395112Z -- Installing: D:/a/synthizer3d/synthizer3d/vcpkg/packages/vcpkg-cmake_x64-windows/share/vcpkg-cmake/copyright
2025-06-23T20:18:08.2433172Z -- Performing post-build validation
2025-06-23T20:18:08.2478218Z Elapsed time to handle vcpkg-cmake:x64-windows: 39.8 ms
2025-06-23T20:18:08.2479407Z vcpkg-cmake:x64-windows package ABI: a500b93f9e0b831ca946128005613d551eeb943040c8f073dc3184f7e15c9834
2025-06-23T20:18:08.2480331Z Installing 3/9 libogg:x64-windows@1.3.5#2...
2025-06-23T20:18:08.2484084Z Building libogg:x64-windows@1.3.5#2...
2025-06-23T20:18:08.2867794Z Downloading https://gitlab.xiph.org/xiph/ogg/-/archive/v1.3.5/ogg-v1.3.5.tar.gz -> xiph-ogg-v1.3.5.tar.gz
2025-06-23T20:18:09.4736585Z Successfully downloaded xiph-ogg-v1.3.5.tar.gz
2025-06-23T20:18:09.4773692Z -- Extracting source D:/a/synthizer3d/synthizer3d/vcpkg/downloads/xiph-ogg-v1.3.5.tar.gz
2025-06-23T20:18:09.6747214Z -- Using source at D:/a/synthizer3d/synthizer3d/vcpkg/buildtrees/libogg/src/v1.3.5-1a4243fef9.clean
2025-06-23T20:18:09.6866309Z -- Found external ninja('1.12.1').
2025-06-23T20:18:09.6905897Z -- Configuring x64-windows
2025-06-23T20:18:17.2070046Z -- Building x64-windows-dbg
2025-06-23T20:18:17.6470236Z -- Building x64-windows-rel
2025-06-23T20:18:18.2332651Z -- Fixing pkgconfig file: D:/a/synthizer3d/synthizer3d/vcpkg/packages/libogg_x64-windows/lib/pkgconfig/ogg.pc
2025-06-23T20:18:18.2525525Z Downloading msys2-mingw-w64-x86_64-pkgconf-1~2.3.0-1-any.pkg.tar.zst, trying https://mirror.msys2.org/mingw/mingw64/mingw-w64-x86_64-pkgconf-1~2.3.0-1-any.pkg.tar.zst
2025-06-23T20:18:19.1006606Z Successfully downloaded msys2-mingw-w64-x86_64-pkgconf-1~2.3.0-1-any.pkg.tar.zst
2025-06-23T20:18:19.1130679Z Downloading msys2-msys2-runtime-3.5.4-2-x86_64.pkg.tar.zst, trying https://mirror.msys2.org/msys/x86_64/msys2-runtime-3.5.4-2-x86_64.pkg.tar.zst
2025-06-23T20:18:19.8662476Z Successfully downloaded msys2-msys2-runtime-3.5.4-2-x86_64.pkg.tar.zst
2025-06-23T20:18:19.9508441Z -- Using msys root at D:/a/synthizer3d/synthizer3d/vcpkg/downloads/tools/msys2/21caed2f81ec917b
2025-06-23T20:18:19.9603971Z -- Fixing pkgconfig file: D:/a/synthizer3d/synthizer3d/vcpkg/packages/libogg_x64-windows/debug/lib/pkgconfig/ogg.pc
2025-06-23T20:18:19.9676219Z -- Installing: D:/a/synthizer3d/synthizer3d/vcpkg/packages/libogg_x64-windows/share/libogg/copyright
2025-06-23T20:18:19.9736431Z -- Performing post-build validation
2025-06-23T20:18:19.9941871Z Elapsed time to handle libogg:x64-windows: 12 s
2025-06-23T20:18:19.9943083Z libogg:x64-windows package ABI: a0557943a3eb3893da4fede0807e4138b3f8e9736e60b3498faf762055851b8f
2025-06-23T20:18:19.9949987Z Installing 4/9 libvorbis:x64-windows@1.3.7#4...
2025-06-23T20:18:19.9950633Z Building libvorbis:x64-windows@1.3.7#4...
2025-06-23T20:18:20.0341555Z Downloading https://github.com/xiph/vorbis/archive/v1.3.7.tar.gz -> xiph-vorbis-v1.3.7.tar.gz
2025-06-23T20:18:20.1429965Z Successfully downloaded xiph-vorbis-v1.3.7.tar.gz
2025-06-23T20:18:20.1506593Z -- Extracting source D:/a/synthizer3d/synthizer3d/vcpkg/downloads/xiph-vorbis-v1.3.7.tar.gz
2025-06-23T20:18:20.3375051Z -- Applying patch 0001-Dont-export-vorbisenc-functions.patch
2025-06-23T20:18:20.3588194Z -- Applying patch 0002-Fixup-pkgconfig-libs.patch
2025-06-23T20:18:20.3787553Z -- Applying patch 0003-def-mingw-compat.patch
2025-06-23T20:18:20.3986774Z -- Applying patch 0004-ogg-find-dependency.patch
2025-06-23T20:18:20.4188670Z -- Using source at D:/a/synthizer3d/synthizer3d/vcpkg/buildtrees/libvorbis/src/v1.3.7-c32164610e.clean
2025-06-23T20:18:20.4296664Z -- Found external ninja('1.12.1').
2025-06-23T20:18:20.4329773Z -- Configuring x64-windows
2025-06-23T20:18:21.9764554Z -- Building x64-windows-dbg
2025-06-23T20:18:23.2085486Z -- Building x64-windows-rel
2025-06-23T20:18:25.6680367Z -- Fixing pkgconfig file: D:/a/synthizer3d/synthizer3d/vcpkg/packages/libvorbis_x64-windows/lib/pkgconfig/vorbis.pc
2025-06-23T20:18:25.6686494Z -- Fixing pkgconfig file: D:/a/synthizer3d/synthizer3d/vcpkg/packages/libvorbis_x64-windows/lib/pkgconfig/vorbisenc.pc
2025-06-23T20:18:25.6693156Z -- Fixing pkgconfig file: D:/a/synthizer3d/synthizer3d/vcpkg/packages/libvorbis_x64-windows/lib/pkgconfig/vorbisfile.pc
2025-06-23T20:18:25.6888723Z Downloading msys2-mingw-w64-x86_64-pkgconf-1~2.3.0-1-any.pkg.tar.zst, trying https://mirror.msys2.org/mingw/mingw64/mingw-w64-x86_64-pkgconf-1~2.3.0-1-any.pkg.tar.zst
2025-06-23T20:18:26.2672436Z Successfully downloaded msys2-mingw-w64-x86_64-pkgconf-1~2.3.0-1-any.pkg.tar.zst
2025-06-23T20:18:26.2798531Z Downloading msys2-msys2-runtime-3.5.4-2-x86_64.pkg.tar.zst, trying https://mirror.msys2.org/msys/x86_64/msys2-runtime-3.5.4-2-x86_64.pkg.tar.zst
2025-06-23T20:18:27.0181472Z Successfully downloaded msys2-msys2-runtime-3.5.4-2-x86_64.pkg.tar.zst
2025-06-23T20:18:27.0214419Z -- Using msys root at D:/a/synthizer3d/synthizer3d/vcpkg/downloads/tools/msys2/21caed2f81ec917b
2025-06-23T20:18:27.0413326Z -- Fixing pkgconfig file: D:/a/synthizer3d/synthizer3d/vcpkg/packages/libvorbis_x64-windows/debug/lib/pkgconfig/vorbis.pc
2025-06-23T20:18:27.0421277Z -- Fixing pkgconfig file: D:/a/synthizer3d/synthizer3d/vcpkg/packages/libvorbis_x64-windows/debug/lib/pkgconfig/vorbisenc.pc
2025-06-23T20:18:27.0431528Z -- Fixing pkgconfig file: D:/a/synthizer3d/synthizer3d/vcpkg/packages/libvorbis_x64-windows/debug/lib/pkgconfig/vorbisfile.pc
2025-06-23T20:18:27.1701610Z -- Installing: D:/a/synthizer3d/synthizer3d/vcpkg/packages/libvorbis_x64-windows/share/libvorbis/usage
2025-06-23T20:18:27.1708239Z -- Installing: D:/a/synthizer3d/synthizer3d/vcpkg/packages/libvorbis_x64-windows/share/libvorbis/copyright
2025-06-23T20:18:27.1772445Z -- Performing post-build validation
2025-06-23T20:18:27.2172832Z Elapsed time to handle libvorbis:x64-windows: 7.2 s
2025-06-23T20:18:27.2174310Z libvorbis:x64-windows package ABI: d90efec2c9090f56a4508a9a4435f94eb42aca93d2a98ecfbdc3a996d623c61c
2025-06-23T20:18:27.2178964Z Installing 5/9 opus:x64-windows@1.5.2...
2025-06-23T20:18:27.2179619Z Building opus:x64-windows@1.5.2...
2025-06-23T20:18:27.2578670Z Downloading https://github.com/xiph/opus/archive/v1.5.2.tar.gz -> xiph-opus-v1.5.2.tar.gz
2025-06-23T20:18:27.3932641Z Successfully downloaded xiph-opus-v1.5.2.tar.gz
2025-06-23T20:18:27.4112576Z -- Extracting source D:/a/synthizer3d/synthizer3d/vcpkg/downloads/xiph-opus-v1.5.2.tar.gz
2025-06-23T20:18:27.6710773Z -- Applying patch fix-pkgconfig-version.patch
2025-06-23T20:18:27.6946088Z -- Using source at D:/a/synthizer3d/synthizer3d/vcpkg/buildtrees/opus/src/v1.5.2-81ed242155.clean
2025-06-23T20:18:27.7070445Z -- Found external ninja('1.12.1').
2025-06-23T20:18:27.7105412Z -- Configuring x64-windows
2025-06-23T20:18:32.6307980Z -- Building x64-windows-dbg
2025-06-23T20:18:37.8305446Z -- Building x64-windows-rel
2025-06-23T20:18:45.8675267Z -- Fixing pkgconfig file: D:/a/synthizer3d/synthizer3d/vcpkg/packages/opus_x64-windows/lib/pkgconfig/opus.pc
2025-06-23T20:18:45.8869277Z Downloading msys2-mingw-w64-x86_64-pkgconf-1~2.3.0-1-any.pkg.tar.zst, trying https://mirror.msys2.org/mingw/mingw64/mingw-w64-x86_64-pkgconf-1~2.3.0-1-any.pkg.tar.zst
2025-06-23T20:18:46.4360364Z Successfully downloaded msys2-mingw-w64-x86_64-pkgconf-1~2.3.0-1-any.pkg.tar.zst
2025-06-23T20:18:46.4479638Z Downloading msys2-msys2-runtime-3.5.4-2-x86_64.pkg.tar.zst, trying https://mirror.msys2.org/msys/x86_64/msys2-runtime-3.5.4-2-x86_64.pkg.tar.zst
2025-06-23T20:18:47.1388685Z Successfully downloaded msys2-msys2-runtime-3.5.4-2-x86_64.pkg.tar.zst
2025-06-23T20:18:47.1416612Z -- Using msys root at D:/a/synthizer3d/synthizer3d/vcpkg/downloads/tools/msys2/21caed2f81ec917b
2025-06-23T20:18:47.1487009Z -- Fixing pkgconfig file: D:/a/synthizer3d/synthizer3d/vcpkg/packages/opus_x64-windows/debug/lib/pkgconfig/opus.pc
2025-06-23T20:18:47.1559592Z -- Installing: D:/a/synthizer3d/synthizer3d/vcpkg/packages/opus_x64-windows/share/opus/copyright
2025-06-23T20:18:47.1616806Z -- Performing post-build validation
2025-06-23T20:18:47.2231985Z Elapsed time to handle opus:x64-windows: 20 s
2025-06-23T20:18:47.2233046Z opus:x64-windows package ABI: 85472ea35b34b5b2cb87ab8fa93a3b878862ba2c74d619b262819f1046f3d06f
2025-06-23T20:18:47.2234021Z Installing 6/9 opusfile:x64-windows@0.12+20221121#1...
2025-06-23T20:18:47.2234683Z Building opusfile:x64-windows@0.12+20221121#1...
2025-06-23T20:18:47.2541549Z -- Note: opusfile only supports static library linkage. Building static library.
2025-06-23T20:18:47.2635233Z Downloading https://github.com/xiph/opusfile/archive/9d718345ce03b2fad5d7d28e0bcd1cc69ab2b166.tar.gz -> xiph-opusfile-9d718345ce03b2fad5d7d28e0bcd1cc69ab2b166.tar.gz
2025-06-23T20:18:47.3948876Z Successfully downloaded xiph-opusfile-9d718345ce03b2fad5d7d28e0bcd1cc69ab2b166.tar.gz
2025-06-23T20:18:47.3986090Z -- Extracting source D:/a/synthizer3d/synthizer3d/vcpkg/downloads/xiph-opusfile-9d718345ce03b2fad5d7d28e0bcd1cc69ab2b166.tar.gz
2025-06-23T20:18:47.5307870Z -- Using source at D:/a/synthizer3d/synthizer3d/vcpkg/buildtrees/opusfile/src/c69ab2b166-6cc7de23ec.clean
2025-06-23T20:18:47.5425032Z -- Found external ninja('1.12.1').
2025-06-23T20:18:47.5461735Z -- Configuring x64-windows
2025-06-23T20:18:48.7482674Z -- Building x64-windows-dbg
2025-06-23T20:18:49.6867482Z -- Building x64-windows-rel
2025-06-23T20:18:50.1824668Z -- Fixing pkgconfig file: D:/a/synthizer3d/synthizer3d/vcpkg/packages/opusfile_x64-windows/lib/pkgconfig/opusfile.pc
2025-06-23T20:18:50.2021077Z Downloading msys2-mingw-w64-x86_64-pkgconf-1~2.3.0-1-any.pkg.tar.zst, trying https://mirror.msys2.org/mingw/mingw64/mingw-w64-x86_64-pkgconf-1~2.3.0-1-any.pkg.tar.zst
2025-06-23T20:18:50.7555720Z Successfully downloaded msys2-mingw-w64-x86_64-pkgconf-1~2.3.0-1-any.pkg.tar.zst
2025-06-23T20:18:50.7684020Z Downloading msys2-msys2-runtime-3.5.4-2-x86_64.pkg.tar.zst, trying https://mirror.msys2.org/msys/x86_64/msys2-runtime-3.5.4-2-x86_64.pkg.tar.zst
2025-06-23T20:18:51.5187852Z Successfully downloaded msys2-msys2-runtime-3.5.4-2-x86_64.pkg.tar.zst
2025-06-23T20:18:51.5216552Z -- Using msys root at D:/a/synthizer3d/synthizer3d/vcpkg/downloads/tools/msys2/21caed2f81ec917b
2025-06-23T20:18:51.5291515Z -- Fixing pkgconfig file: D:/a/synthizer3d/synthizer3d/vcpkg/packages/opusfile_x64-windows/debug/lib/pkgconfig/opusfile.pc
2025-06-23T20:18:51.5390117Z -- Installing: D:/a/synthizer3d/synthizer3d/vcpkg/packages/opusfile_x64-windows/share/opusfile/copyright
2025-06-23T20:18:51.5397755Z -- Installing: D:/a/synthizer3d/synthizer3d/vcpkg/packages/opusfile_x64-windows/share/opusfile/usage
2025-06-23T20:18:51.5452202Z -- Performing post-build validation
2025-06-23T20:18:51.5599953Z Elapsed time to handle opusfile:x64-windows: 4.3 s
2025-06-23T20:18:51.5601632Z opusfile:x64-windows package ABI: 393a65d651c7a2ecd7aa3929806afcb2252d03470cf3ab96d0a5a178ff8ac0ea
2025-06-23T20:18:51.5602893Z Installing 7/9 atl:x64-windows@0...
2025-06-23T20:18:51.5605860Z Building atl:x64-windows@0...
2025-06-23T20:18:51.5942732Z -- Skipping post-build validation due to VCPKG_POLICY_EMPTY_PACKAGE
2025-06-23T20:18:51.5969888Z Elapsed time to handle atl:x64-windows: 37 ms
2025-06-23T20:18:51.5971134Z atl:x64-windows package ABI: 00c2ec0d92501baf73b36832a4cf6267281ce78714eab01bcc631fe906883872
2025-06-23T20:18:51.5972178Z Installing 8/9 atlmfc:x64-windows@0#3...
2025-06-23T20:18:51.5974873Z Building atlmfc:x64-windows@0#3...
2025-06-23T20:18:51.6347335Z -- Skipping post-build validation due to VCPKG_POLICY_EMPTY_PACKAGE
2025-06-23T20:18:51.6374654Z Elapsed time to handle atlmfc:x64-windows: 40.5 ms
2025-06-23T20:18:51.6375577Z atlmfc:x64-windows package ABI: eb110e8ab4abe86fa37c7f0085ad4fc46ce18802f978ea90d75ed1f56bb72837
2025-06-23T20:18:51.6376313Z Installing 9/9 soundtouch:x64-windows@2.3.3...
2025-06-23T20:18:51.6376714Z Building soundtouch:x64-windows@2.3.3...
2025-06-23T20:18:51.6760853Z Downloading https://codeberg.org/soundtouch/soundtouch/archive/2.3.3.tar.gz -> soundtouch-soundtouch-2.3.3.tar.gz
2025-06-23T20:18:52.5803648Z Successfully downloaded soundtouch-soundtouch-2.3.3.tar.gz
2025-06-23T20:18:52.5853431Z -- Extracting source D:/a/synthizer3d/synthizer3d/vcpkg/downloads/soundtouch-soundtouch-2.3.3.tar.gz
2025-06-23T20:18:52.7284518Z -- Using source at D:/a/synthizer3d/synthizer3d/vcpkg/buildtrees/soundtouch/src/2.3.3-309213044d.clean
2025-06-23T20:18:52.7395986Z -- Found external ninja('1.12.1').
2025-06-23T20:18:52.7435108Z -- Configuring x64-windows
2025-06-23T20:18:54.2337578Z -- Building x64-windows-dbg
2025-06-23T20:18:56.6400676Z -- Building x64-windows-rel
2025-06-23T20:18:58.8598916Z -- Fixing pkgconfig file: D:/a/synthizer3d/synthizer3d/vcpkg/packages/soundtouch_x64-windows/lib/pkgconfig/soundtouch.pc
2025-06-23T20:18:58.8796691Z Downloading msys2-mingw-w64-x86_64-pkgconf-1~2.3.0-1-any.pkg.tar.zst, trying https://mirror.msys2.org/mingw/mingw64/mingw-w64-x86_64-pkgconf-1~2.3.0-1-any.pkg.tar.zst
2025-06-23T20:18:59.4321891Z Successfully downloaded msys2-mingw-w64-x86_64-pkgconf-1~2.3.0-1-any.pkg.tar.zst
2025-06-23T20:18:59.4442727Z Downloading msys2-msys2-runtime-3.5.4-2-x86_64.pkg.tar.zst, trying https://mirror.msys2.org/msys/x86_64/msys2-runtime-3.5.4-2-x86_64.pkg.tar.zst
2025-06-23T20:19:00.3898508Z Successfully downloaded msys2-msys2-runtime-3.5.4-2-x86_64.pkg.tar.zst
2025-06-23T20:19:00.3925921Z -- Using msys root at D:/a/synthizer3d/synthizer3d/vcpkg/downloads/tools/msys2/21caed2f81ec917b
2025-06-23T20:19:00.3995049Z -- Fixing pkgconfig file: D:/a/synthizer3d/synthizer3d/vcpkg/packages/soundtouch_x64-windows/debug/lib/pkgconfig/soundtouch.pc
2025-06-23T20:19:00.4440387Z -- Installing: D:/a/synthizer3d/synthizer3d/vcpkg/packages/soundtouch_x64-windows/share/soundtouch/copyright
2025-06-23T20:19:00.4502996Z -- Performing post-build validation
2025-06-23T20:19:00.4735865Z Elapsed time to handle soundtouch:x64-windows: 8.8 s
2025-06-23T20:19:00.4736828Z soundtouch:x64-windows package ABI: cba299c175d42d095d98a381b7b4aa62179cb526de49043c0d1fb0751d841aaf
2025-06-23T20:19:00.4756258Z libogg provides CMake targets:
2025-06-23T20:19:00.4756577Z 
2025-06-23T20:19:00.4757021Z   # this is heuristically generated, and may not be correct
2025-06-23T20:19:00.4757655Z   find_package(Ogg CONFIG REQUIRED)
2025-06-23T20:19:00.4758146Z   target_link_libraries(main PRIVATE Ogg::ogg)
2025-06-23T20:19:00.4758471Z 
2025-06-23T20:19:00.4758641Z libogg provides pkg-config modules:
2025-06-23T20:19:00.4759474Z 
2025-06-23T20:19:00.4760077Z   # ogg is a library for manipulating ogg bitstreams
2025-06-23T20:19:00.4760985Z   ogg
2025-06-23T20:19:00.4761184Z 
2025-06-23T20:19:00.4766493Z The package libvorbis provides CMake targets:
2025-06-23T20:19:00.4767178Z 
2025-06-23T20:19:00.4767923Z     # Vorbis reference encoder and decoder, low-level API
2025-06-23T20:19:00.4769174Z     find_package(Vorbis CONFIG REQUIRED)
2025-06-23T20:19:00.4770423Z     target_link_libraries(main PRIVATE Vorbis::vorbis)
2025-06-23T20:19:00.4771078Z 
2025-06-23T20:19:00.4771616Z     # Audio stream decoding and basic manipulation, high-level API
2025-06-23T20:19:00.4772541Z     find_package(Vorbis CONFIG REQUIRED)
2025-06-23T20:19:00.4773725Z     target_link_libraries(main PRIVATE Vorbis::vorbisfile)
2025-06-23T20:19:00.4774260Z 
2025-06-23T20:19:00.4774797Z     # Convenience API for setting up an encoding environment
2025-06-23T20:19:00.4775502Z     find_package(Vorbis CONFIG REQUIRED)
2025-06-23T20:19:00.4776249Z     target_link_libraries(main PRIVATE Vorbis::vorbisenc)
2025-06-23T20:19:00.4776754Z 
2025-06-23T20:19:00.4777758Z opus provides CMake targets:
2025-06-23T20:19:00.4778095Z 
2025-06-23T20:19:00.4778920Z   # this is heuristically generated, and may not be correct
2025-06-23T20:19:00.4779916Z   find_package(Opus CONFIG REQUIRED)
2025-06-23T20:19:00.4780666Z   target_link_libraries(main PRIVATE Opus::opus)
2025-06-23T20:19:00.4781103Z 
2025-06-23T20:19:00.4781733Z opus provides pkg-config modules:
2025-06-23T20:19:00.4782105Z 
2025-06-23T20:19:00.4782730Z   # Opus IETF audio codec ( build)
2025-06-23T20:19:00.4783451Z   opus
2025-06-23T20:19:00.4783686Z 
2025-06-23T20:19:00.4799898Z The package opusfile provides CMake targets:
2025-06-23T20:19:00.4800519Z 
2025-06-23T20:19:00.4800888Z     find_package(OpusFile CONFIG REQUIRED)
2025-06-23T20:19:00.4802322Z     target_link_libraries(main PRIVATE OpusFile::opusfile)
2025-06-23T20:19:00.4802733Z 
2025-06-23T20:19:00.4802945Z     # To use the opusurl API
2025-06-23T20:19:00.4803489Z     target_link_libraries(main PRIVATE OpusFile::opusurl)
2025-06-23T20:19:00.4803817Z 
2025-06-23T20:19:00.4804051Z soundtouch provides CMake targets:
2025-06-23T20:19:00.4804665Z 
2025-06-23T20:19:00.4805041Z   # this is heuristically generated, and may not be correct
2025-06-23T20:19:00.4805648Z   find_package(SoundTouch CONFIG REQUIRED)
2025-06-23T20:19:00.4806306Z   target_link_libraries(main PRIVATE SoundTouch::SoundTouch)
2025-06-23T20:19:00.4806644Z 
2025-06-23T20:19:00.4806850Z soundtouch provides pkg-config modules:
2025-06-23T20:19:00.4807132Z 
2025-06-23T20:19:00.4807983Z   # SoundTouch is an open-source audio processing library for changing the Tempo, Pitch and Playback Rates of audio streams or files
2025-06-23T20:19:00.4808834Z   soundtouch
2025-06-23T20:19:00.4808993Z 
2025-06-23T20:19:00.4809363Z All requested installations completed successfully in: 52 s
2025-06-23T20:19:00.4810557Z ##[endgroup]
2025-06-23T20:19:00.4811126Z ‚è± elapsed: 62.977 seconds
2025-06-23T20:19:00.4811717Z ##[group]Set output environment variables
2025-06-23T20:19:00.4812935Z Set the workflow environment variable 'RUNVCPKG_VCPKG_ROOT' to value 'D:\a\synthizer3d\synthizer3d\vcpkg'
2025-06-23T20:19:00.4814041Z Set the workflow environment variable 'VCPKG_ROOT' to value 'D:\a\synthizer3d\synthizer3d\vcpkg'
2025-06-23T20:19:00.4816228Z Set the step output variable 'RUNVCPKG_VCPKG_ROOT_OUT' to value 'D:\a\synthizer3d\synthizer3d\vcpkg''
2025-06-23T20:19:00.4820906Z Set the workflow environment variable 'VCPKG_DEFAULT_TRIPLET' to value 'x64-windows'
2025-06-23T20:19:00.4823820Z Set the step output variable 'RUNVCPKG_VCPKG_DEFAULT_TRIPLET_OUT' to value 'x64-windows''
2025-06-23T20:19:00.4826483Z ##[endgroup]
2025-06-23T20:19:00.4826987Z ‚è± elapsed: 0.002 seconds
2025-06-23T20:19:00.4831400Z run-vcpkg action execution succeeded
2025-06-23T20:19:00.5026874Z ##[group]Run Write-Host "VCPKG_ROOT (tool directory from lukka/run-vcpkg) is $env:VCPKG_ROOT"
2025-06-23T20:19:00.5027644Z [36;1mWrite-Host "VCPKG_ROOT (tool directory from lukka/run-vcpkg) is $env:VCPKG_ROOT"[0m
2025-06-23T20:19:00.5028184Z [36;1mWrite-Host "VCPKG_DEFAULT_TRIPLET is $env:VCPKG_DEFAULT_TRIPLET"[0m
2025-06-23T20:19:00.5028631Z [36;1mWrite-Host "GITHUB_WORKSPACE is $env:GITHUB_WORKSPACE"[0m
2025-06-23T20:19:00.5029326Z [36;1mWrite-Host "Initial EFFECTIVE_VCPKG_INSTALLED_DIR_BASE (from job env, target for manifest install) is $env:EFFECTIVE_VCPKG_INSTALLED_DIR_BASE"[0m
2025-06-23T20:19:00.5029930Z [36;1m[0m
2025-06-23T20:19:00.5030118Z [36;1mif (-not $env:VCPKG_ROOT) {[0m
2025-06-23T20:19:00.5030544Z [36;1m  Write-Error "VCPKG_ROOT not set. This should be set by the lukka/run-vcpkg action."[0m
2025-06-23T20:19:00.5031661Z [36;1m  exit 1[0m
2025-06-23T20:19:00.5031832Z [36;1m}[0m
2025-06-23T20:19:00.5031985Z [36;1m[0m
2025-06-23T20:19:00.5032296Z [36;1m# Esegui vcpkg install. Se vcpkg.json √® in $env:GITHUB_WORKSPACE (CWD),[0m
2025-06-23T20:19:00.5032825Z [36;1m# installer√† in $env:GITHUB_WORKSPACE/vcpkg_installed/$env:VCPKG_DEFAULT_TRIPLET[0m
2025-06-23T20:19:00.5033393Z [36;1m# che corrisponde a $env:EFFECTIVE_VCPKG_INSTALLED_DIR_BASE/$env:VCPKG_DEFAULT_TRIPLET[0m
2025-06-23T20:19:00.5033933Z [36;1m# La CurrentWorkingDirectory per gli script eseguiti da 'run:' √® $GITHUB_WORKSPACE.[0m
2025-06-23T20:19:00.5034456Z [36;1m& "$env:VCPKG_ROOT\vcpkg.exe" install --triplet $env:VCPKG_DEFAULT_TRIPLET[0m
2025-06-23T20:19:00.5034848Z [36;1mWrite-Host "Finished vcpkg install command."[0m
2025-06-23T20:19:00.5035116Z [36;1m[0m
2025-06-23T20:19:00.5035440Z [36;1m# CMAKE_PREFIX_PATH deve puntare a dove vcpkg ha effettivamente installato i pacchetti.[0m
2025-06-23T20:19:00.5036035Z [36;1m# Con la modalit√† manifest, questo √® $env:EFFECTIVE_VCPKG_INSTALLED_DIR_BASE/$env:VCPKG_DEFAULT_TRIPLET.[0m
2025-06-23T20:19:00.5036695Z [36;1m$cmakePrefixPathValue = Join-Path $env:EFFECTIVE_VCPKG_INSTALLED_DIR_BASE $env:VCPKG_DEFAULT_TRIPLET[0m
2025-06-23T20:19:00.5037131Z [36;1m[0m
2025-06-23T20:19:00.5037446Z [36;1mWrite-Host "Verifying existence of target CMAKE_PREFIX_PATH: $cmakePrefixPathValue"[0m
2025-06-23T20:19:00.5037935Z [36;1mif (-not (Test-Path $cmakePrefixPathValue -PathType Container)) {[0m
2025-06-23T20:19:00.5038571Z [36;1m  Write-Warning "ATTENZIONE: La directory $cmakePrefixPathValue (target per CMAKE_PREFIX_PATH) NON esiste dopo vcpkg install."[0m
2025-06-23T20:19:00.5039262Z [36;1m  Write-Warning "Questo indica che vcpkg non ha installato nella posizione manifest attesa."[0m
2025-06-23T20:19:00.5039801Z [36;1m  Write-Warning "Contenuto di $env:EFFECTIVE_VCPKG_INSTALLED_DIR_BASE per debug:"[0m
2025-06-23T20:19:00.5040636Z [36;1m  Get-ChildItem -Path $env:EFFECTIVE_VCPKG_INSTALLED_DIR_BASE -ErrorAction SilentlyContinue -Depth 1 || Write-Warning "$env:EFFECTIVE_VCPKG_INSTALLED_DIR_BASE non esiste o √® vuoto."[0m
2025-06-23T20:19:00.5041310Z [36;1m  [0m
2025-06-23T20:19:00.5041631Z [36;1m  # Fallback per debug: controlla la directory di installazione classica di vcpkg[0m
2025-06-23T20:19:00.5042218Z [36;1m  $classicVcpkgInstalledPath = Join-Path (Join-Path $env:VCPKG_ROOT "installed") $env:VCPKG_DEFAULT_TRIPLET[0m
2025-06-23T20:19:00.5042909Z [36;1m  Write-Warning "Controllo del percorso di installazione classico di vcpkg per debug: $classicVcpkgInstalledPath"[0m
2025-06-23T20:19:00.5043471Z [36;1m  if(Test-Path $classicVcpkgInstalledPath -PathType Container){[0m
2025-06-23T20:19:00.5044130Z [36;1m      Write-Warning "Il percorso classico $classicVcpkgInstalledPath ESISTE. Questo √® fonte di confusione se era prevista la modalit√† manifest."[0m
2025-06-23T20:19:00.5044681Z [36;1m  } else {[0m
2025-06-23T20:19:00.5045018Z [36;1m      Write-Warning "Anche il percorso classico $classicVcpkgInstalledPath NON esiste."[0m
2025-06-23T20:19:00.5045376Z [36;1m  }[0m
2025-06-23T20:19:00.5046738Z [36;1m} else {[0m
2025-06-23T20:19:00.5047176Z [36;1m  Write-Host "Confermato: La directory target per CMAKE_PREFIX_PATH esiste: $cmakePrefixPathValue"[0m
2025-06-23T20:19:00.5047589Z [36;1m}[0m
2025-06-23T20:19:00.5047741Z [36;1m[0m
2025-06-23T20:19:00.5048131Z [36;1mecho "CMAKE_PREFIX_PATH=$cmakePrefixPathValue" | Out-File -FilePath $env:GITHUB_ENV -Encoding utf8 -Append[0m
2025-06-23T20:19:00.5048692Z [36;1mWrite-Host "CMAKE_PREFIX_PATH impostato a $cmakePrefixPathValue"[0m
2025-06-23T20:19:00.5049246Z [36;1m# EFFECTIVE_VCPKG_INSTALLED_DIR_BASE √® gi√† corretto dall'env del job, non serve aggiornarlo di nuovo in GITHUB_ENV[0m
2025-06-23T20:19:00.5049784Z [36;1m# se la nostra assunzione sulla modalit√† manifest √® corretta.[0m
2025-06-23T20:19:00.5083749Z shell: C:\Program Files\PowerShell\7\pwsh.EXE -command ". '{0}'"
2025-06-23T20:19:00.5084166Z env:
2025-06-23T20:19:00.5084330Z   PYVERSION: 3.9
2025-06-23T20:19:00.5084509Z   CI_ARCH_LOWER: x64
2025-06-23T20:19:00.5084686Z   CI_WINDOWS: 1
2025-06-23T20:19:00.5084848Z   CI_ARCH_ENV: x64
2025-06-23T20:19:00.5085032Z   VCPKG_DEFAULT_TRIPLET: x64-windows
2025-06-23T20:19:00.5085391Z   EFFECTIVE_VCPKG_INSTALLED_DIR_BASE: D:\a\synthizer3d\synthizer3d\vcpkg_installed
2025-06-23T20:19:00.5085829Z   pythonLocation: C:\hostedtoolcache\windows\Python\3.9.13\x64
2025-06-23T20:19:00.5086238Z   PKG_CONFIG_PATH: C:\hostedtoolcache\windows\Python\3.9.13\x64/lib/pkgconfig
2025-06-23T20:19:00.5086635Z   Python_ROOT_DIR: C:\hostedtoolcache\windows\Python\3.9.13\x64
2025-06-23T20:19:00.5086997Z   Python2_ROOT_DIR: C:\hostedtoolcache\windows\Python\3.9.13\x64
2025-06-23T20:19:00.5087357Z   Python3_ROOT_DIR: C:\hostedtoolcache\windows\Python\3.9.13\x64
2025-06-23T20:19:00.5087662Z   CommandPromptType: Native
2025-06-23T20:19:00.5087983Z   DevEnvDir: C:\Program Files\Microsoft Visual Studio\2022\Enterprise\Common7\IDE\
2025-06-23T20:19:00.5088460Z   ExtensionSdkDir: C:\Program Files (x86)\Microsoft SDKs\Windows Kits\10\ExtensionSDKs
2025-06-23T20:19:00.5090454Z   EXTERNAL_INCLUDE: C:\Program Files\Microsoft Visual Studio\2022\Enterprise\VC\Tools\MSVC\14.43.34808\include;C:\Program Files\Microsoft Visual Studio\2022\Enterprise\VC\Tools\MSVC\14.43.34808\ATLMFC\include;C:\Program Files\Microsoft Visual Studio\2022\Enterprise\VC\Auxiliary\VS\include;C:\Program Files (x86)\Windows Kits\10\include\10.0.26100.0\ucrt;C:\Program Files (x86)\Windows Kits\10\\include\10.0.26100.0\\um;C:\Program Files (x86)\Windows Kits\10\\include\10.0.26100.0\\shared;C:\Program Files (x86)\Windows Kits\10\\include\10.0.26100.0\\winrt;C:\Program Files (x86)\Windows Kits\10\\include\10.0.26100.0\\cppwinrt;C:\Program Files (x86)\Windows Kits\NETFXSDK\4.8\include\um
2025-06-23T20:19:00.5092332Z   Framework40Version: v4.0
2025-06-23T20:19:00.5092581Z   FrameworkDir: C:\Windows\Microsoft.NET\Framework64\
2025-06-23T20:19:00.5092897Z   FrameworkDir64: C:\Windows\Microsoft.NET\Framework64\
2025-06-23T20:19:00.5093165Z   FrameworkVersion: v4.0.30319
2025-06-23T20:19:00.5093383Z   FrameworkVersion64: v4.0.30319
2025-06-23T20:19:00.5093866Z   FSHARPINSTALLDIR: C:\Program Files\Microsoft Visual Studio\2022\Enterprise\Common7\IDE\CommonExtensions\Microsoft\FSharp\Tools
2025-06-23T20:19:00.5094406Z   HTMLHelpDir: C:\Program Files (x86)\HTML Help Workshop
2025-06-23T20:19:00.5094832Z   IFCPATH: C:\Program Files\Microsoft Visual Studio\2022\Enterprise\VC\Tools\MSVC\14.43.34808\ifc\x64
2025-06-23T20:19:00.5097438Z   INCLUDE: C:\Program Files\Microsoft Visual Studio\2022\Enterprise\VC\Tools\MSVC\14.43.34808\include;C:\Program Files\Microsoft Visual Studio\2022\Enterprise\VC\Tools\MSVC\14.43.34808\ATLMFC\include;C:\Program Files\Microsoft Visual Studio\2022\Enterprise\VC\Auxiliary\VS\include;C:\Program Files (x86)\Windows Kits\10\include\10.0.26100.0\ucrt;C:\Program Files (x86)\Windows Kits\10\\include\10.0.26100.0\\um;C:\Program Files (x86)\Windows Kits\10\\include\10.0.26100.0\\shared;C:\Program Files (x86)\Windows Kits\10\\include\10.0.26100.0\\winrt;C:\Program Files (x86)\Windows Kits\10\\include\10.0.26100.0\\cppwinrt;C:\Program Files (x86)\Windows Kits\NETFXSDK\4.8\include\um
2025-06-23T20:19:00.5099312Z   is_x64_arch: true
2025-06-23T20:19:00.5100363Z   LIB: C:\Program Files\Microsoft Visual Studio\2022\Enterprise\VC\Tools\MSVC\14.43.34808\ATLMFC\lib\x64;C:\Program Files\Microsoft Visual Studio\2022\Enterprise\VC\Tools\MSVC\14.43.34808\lib\x64;C:\Program Files (x86)\Windows Kits\NETFXSDK\4.8\lib\um\x64;C:\Program Files (x86)\Windows Kits\10\lib\10.0.26100.0\ucrt\x64;C:\Program Files (x86)\Windows Kits\10\\lib\10.0.26100.0\\um\x64
2025-06-23T20:19:00.5103426Z   LIBPATH: C:\Program Files\Microsoft Visual Studio\2022\Enterprise\VC\Tools\MSVC\14.43.34808\ATLMFC\lib\x64;C:\Program Files\Microsoft Visual Studio\2022\Enterprise\VC\Tools\MSVC\14.43.34808\lib\x64;C:\Program Files\Microsoft Visual Studio\2022\Enterprise\VC\Tools\MSVC\14.43.34808\lib\x86\store\references;C:\Program Files (x86)\Windows Kits\10\UnionMetadata\10.0.26100.0;C:\Program Files (x86)\Windows Kits\10\References\10.0.26100.0;C:\Windows\Microsoft.NET\Framework64\v4.0.30319
2025-06-23T20:19:00.5105054Z   NETFXSDKDir: C:\Program Files (x86)\Windows Kits\NETFXSDK\4.8\
2025-06-23T20:19:00.5117809Z   Path: C:\Program Files\Microsoft Visual Studio\2022\Enterprise\VC\Tools\MSVC\14.43.34808\bin\HostX64\x64;C:\Program Files\Microsoft Visual Studio\2022\Enterprise\Common7\IDE\VC\VCPackages;C:\Program Files\Microsoft Visual Studio\2022\Enterprise\Common7\IDE\CommonExtensions\Microsoft\TestWindow;C:\Program Files\Microsoft Visual Studio\2022\Enterprise\Common7\IDE\CommonExtensions\Microsoft\TeamFoundation\Team Explorer;C:\Program Files\Microsoft Visual Studio\2022\Enterprise\MSBuild\Current\bin\Roslyn;C:\Program Files (x86)\Microsoft SDKs\Windows\v10.0A\bin\NETFX 4.8 Tools\x64\;C:\Program Files (x86)\HTML Help Workshop;C:\Program Files\Microsoft Visual Studio\2022\Enterprise\Common7\IDE\CommonExtensions\Microsoft\FSharp\Tools;C:\Program Files\Microsoft Visual Studio\2022\Enterprise\Team Tools\DiagnosticsHub\Collector;C:\Program Files\Microsoft Visual Studio\2022\Enterprise\Common7\IDE\Extensions\Microsoft\CodeCoverage.Console;C:\Program Files (x86)\Windows Kits\10\bin\10.0.26100.0\\x64;C:\Program Files (x86)\Windows Kits\10\bin\\x64;C:\Program Files\Microsoft Visual Studio\2022\Enterprise\\MSBuild\Current\Bin\amd64;C:\Windows\Microsoft.NET\Framework64\v4.0.30319;C:\Program Files\Microsoft Visual Studio\2022\Enterprise\Common7\IDE\;C:\Program Files\Microsoft Visual Studio\2022\Enterprise\Common7\Tools\;C:\Users\runneradmin\AppData\Roaming\Python\Python39\Scripts;C:\hostedtoolcache\windows\Python\3.9.13\x64\Scripts;C:\hostedtoolcache\windows\Python\3.9.13\x64;C:\Program Files\MongoDB\Server\5.0\bin;C:\aliyun-cli;C:\vcpkg;C:\Program Files (x86)\NSIS\;C:\tools\zstd;C:\Program Files\Mercurial\;C:\hostedtoolcache\windows\stack\3.5.1\x64;C:\cabal\bin;C:\\ghcup\bin;C:\mingw64\bin;C:\Program Files\dotnet;C:\Program Files\MySQL\MySQL Server 8.0\bin;C:\Program Files\R\R-4.4.2\bin\x64;C:\SeleniumWebDrivers\GeckoDriver;C:\SeleniumWebDrivers\EdgeDriver\;C:\SeleniumWebDrivers\ChromeDriver;C:\Program Files (x86)\sbt\bin;C:\Program Files (x86)\GitHub CLI;C:\Program Files\Git\bin;C:\Program Files (x86)\pipx_bin;C:\npm\prefix;C:\hostedtoolcache\windows\go\1.24.3\x64\bin;C:\hostedtoolcache\windows\Ruby\3.3.8\x64\bin;C:\Program Files\OpenSSL\bin;C:\tools\kotlinc\bin;C:\hostedtoolcache\windows\Java_Temurin-Hotspot_jdk\8.0.452-9\x64\bin;C:\Program Files\ImageMagick-7.1.1-Q16-HDRI;C:\Program Files\Microsoft SDKs\Azure\CLI2\wbin;C:\ProgramData\kind;C:\ProgramData\Chocolatey\bin;C:\Windows\system32;C:\Windows;C:\Windows\System32\Wbem;C:\Windows\System32\WindowsPowerShell\v1.0\;C:\Windows\System32\OpenSSH\;C:\Program Files\dotnet\;C:\Program Files\PowerShell\7\;C:\Program Files\Microsoft\Web Platform Installer\;C:\Program Files\TortoiseSVN\bin;C:\Program Files\Microsoft SQL Server\Client SDK\ODBC\170\Tools\Binn\;C:\Program Files\Microsoft SQL Server\150\Tools\Binn\;C:\Program Files (x86)\Windows Kits\10\Windows Performance Toolkit\;C:\Program Files (x86)\WiX Toolset v3.14\bin;C:\Program Files\Microsoft SQL Server\130\DTS\Binn\;C:\Program Files\Microsoft SQL Server\140\DTS\Binn\;C:\Program Files\Microsoft SQL Server\150\DTS\Binn\;C:\Program Files\Microsoft SQL Server\160\DTS\Binn\;C:\Strawberry\c\bin;C:\Strawberry\perl\site\bin;C:\Strawberry\perl\bin;C:\ProgramData\chocolatey\lib\pulumi\tools\Pulumi\bin;C:\Program Files\CMake\bin;C:\ProgramData\chocolatey\lib\maven\apache-maven-3.9.9\bin;C:\Program Files\Microsoft Service Fabric\bin\Fabric\Fabric.Code;C:\Program Files\Microsoft SDKs\Service Fabric\Tools\ServiceFabricLocalClusterManager;C:\Program Files\nodejs\;C:\Program Files\Git\cmd;C:\Program Files\Git\mingw64\bin;C:\Program Files\Git\usr\bin;C:\Program Files\GitHub CLI\;c:\tools\php;C:\Program Files\Amazon\AWSCLIV2\;C:\Program Files\Amazon\SessionManagerPlugin\bin\;C:\Program Files\Amazon\AWSSAMCLI\bin\;C:\Program Files\Microsoft SQL Server\130\Tools\Binn\;C:\Program Files\LLVM\bin;C:\Users\runneradmin\.dotnet\tools;C:\Users\runneradmin\.cargo\bin;C:\Users\runneradmin\AppData\Local\Microsoft\WindowsApps;C:\Program Files (x86)\Microsoft Visual Studio\Installer;C:\Program Files\Microsoft Visual Studio\2022\Enterprise\VC\Tools\Llvm\x64\bin;C:\Program Files\Microsoft Visual Studio\2022\Enterprise\Common7\IDE\CommonExtensions\Microsoft\CMake\CMake\bin;C:\Program Files\Microsoft Visual Studio\2022\Enterprise\Common7\IDE\CommonExtensions\Microsoft\CMake\Ninja;C:\Program Files\Microsoft Visual Studio\2022\Enterprise\Common7\IDE\VC\Linux\bin\ConnectionManagerExe;C:\Program Files\Microsoft Visual Studio\2022\Enterprise\VC\vcpkg
2025-06-23T20:19:00.5130623Z   Platform: x64
2025-06-23T20:19:00.5130800Z   UCRTVersion: 10.0.26100.0
2025-06-23T20:19:00.5131064Z   UniversalCRTSdkDir: C:\Program Files (x86)\Windows Kits\10\
2025-06-23T20:19:00.5131506Z   VCIDEInstallDir: C:\Program Files\Microsoft Visual Studio\2022\Enterprise\Common7\IDE\VC\
2025-06-23T20:19:00.5131986Z   VCINSTALLDIR: C:\Program Files\Microsoft Visual Studio\2022\Enterprise\VC\
2025-06-23T20:19:00.5132375Z   VCPKG_ROOT: D:\a\synthizer3d\synthizer3d\vcpkg
2025-06-23T20:19:00.5132808Z   VCToolsInstallDir: C:\Program Files\Microsoft Visual Studio\2022\Enterprise\VC\Tools\MSVC\14.43.34808\
2025-06-23T20:19:00.5133408Z   VCToolsRedistDir: C:\Program Files\Microsoft Visual Studio\2022\Enterprise\VC\Redist\MSVC\14.42.34433\
2025-06-23T20:19:00.5133834Z   VCToolsVersion: 14.43.34808
2025-06-23T20:19:00.5134039Z   VisualStudioVersion: 17.0
2025-06-23T20:19:00.5134378Z   VS170COMNTOOLS: C:\Program Files\Microsoft Visual Studio\2022\Enterprise\Common7\Tools\
2025-06-23T20:19:00.5134746Z   VSCMD_ARG_app_plat: Desktop
2025-06-23T20:19:00.5134947Z   VSCMD_ARG_HOST_ARCH: x64
2025-06-23T20:19:00.5135133Z   VSCMD_ARG_TGT_ARCH: x64
2025-06-23T20:19:00.5135341Z   VSCMD_VER: 17.13.2
2025-06-23T20:19:00.5135618Z   VSINSTALLDIR: C:\Program Files\Microsoft Visual Studio\2022\Enterprise\
2025-06-23T20:19:00.5136049Z   VSSDK150INSTALL: C:\Program Files\Microsoft Visual Studio\2022\Enterprise\VSSDK
2025-06-23T20:19:00.5136514Z   VSSDKINSTALL: C:\Program Files\Microsoft Visual Studio\2022\Enterprise\VSSDK
2025-06-23T20:19:00.5137121Z   WindowsLibPath: C:\Program Files (x86)\Windows Kits\10\UnionMetadata\10.0.26100.0;C:\Program Files (x86)\Windows Kits\10\References\10.0.26100.0
2025-06-23T20:19:00.5137698Z   WindowsSdkBinPath: C:\Program Files (x86)\Windows Kits\10\bin\
2025-06-23T20:19:00.5138040Z   WindowsSdkDir: C:\Program Files (x86)\Windows Kits\10\
2025-06-23T20:19:00.5138321Z   WindowsSDKLibVersion: 10.0.26100.0\
2025-06-23T20:19:00.5138659Z   WindowsSdkVerBinPath: C:\Program Files (x86)\Windows Kits\10\bin\10.0.26100.0\
2025-06-23T20:19:00.5139003Z   WindowsSDKVersion: 10.0.26100.0\
2025-06-23T20:19:00.5139406Z   WindowsSDK_ExecutablePath_x64: C:\Program Files (x86)\Microsoft SDKs\Windows\v10.0A\bin\NETFX 4.8 Tools\x64\
2025-06-23T20:19:00.5140010Z   WindowsSDK_ExecutablePath_x86: C:\Program Files (x86)\Microsoft SDKs\Windows\v10.0A\bin\NETFX 4.8 Tools\
2025-06-23T20:19:00.5140411Z   __DOTNET_ADD_64BIT: 1
2025-06-23T20:19:00.5140676Z   __DOTNET_PREFERRED_BITNESS: 64
2025-06-23T20:19:00.5148531Z   __VSCMD_PREINIT_PATH: C:\Users\runneradmin\AppData\Roaming\Python\Python39\Scripts;C:\hostedtoolcache\windows\Python\3.9.13\x64\Scripts;C:\hostedtoolcache\windows\Python\3.9.13\x64;C:\Program Files\MongoDB\Server\5.0\bin;C:\aliyun-cli;C:\vcpkg;C:\Program Files (x86)\NSIS\;C:\tools\zstd;C:\Program Files\Mercurial\;C:\hostedtoolcache\windows\stack\3.5.1\x64;C:\cabal\bin;C:\\ghcup\bin;C:\mingw64\bin;C:\Program Files\dotnet;C:\Program Files\MySQL\MySQL Server 8.0\bin;C:\Program Files\R\R-4.4.2\bin\x64;C:\SeleniumWebDrivers\GeckoDriver;C:\SeleniumWebDrivers\EdgeDriver\;C:\SeleniumWebDrivers\ChromeDriver;C:\Program Files (x86)\sbt\bin;C:\Program Files (x86)\GitHub CLI;C:\Program Files\Git\bin;C:\Program Files (x86)\pipx_bin;C:\npm\prefix;C:\hostedtoolcache\windows\go\1.24.3\x64\bin;C:\hostedtoolcache\windows\Python\3.9.13\x64\Scripts;C:\hostedtoolcache\windows\Python\3.9.13\x64;C:\hostedtoolcache\windows\Ruby\3.3.8\x64\bin;C:\Program Files\OpenSSL\bin;C:\tools\kotlinc\bin;C:\hostedtoolcache\windows\Java_Temurin-Hotspot_jdk\8.0.452-9\x64\bin;C:\Program Files\ImageMagick-7.1.1-Q16-HDRI;C:\Program Files\Microsoft SDKs\Azure\CLI2\wbin;C:\ProgramData\kind;C:\ProgramData\Chocolatey\bin;C:\Windows\system32;C:\Windows;C:\Windows\System32\Wbem;C:\Windows\System32\WindowsPowerShell\v1.0\;C:\Windows\System32\OpenSSH\;C:\Program Files\dotnet\;C:\Program Files\PowerShell\7\;C:\Program Files\Microsoft\Web Platform Installer\;C:\Program Files\TortoiseSVN\bin;C:\Program Files\Microsoft SQL Server\Client SDK\ODBC\170\Tools\Binn\;C:\Program Files\Microsoft SQL Server\150\Tools\Binn\;C:\Program Files (x86)\Windows Kits\10\Windows Performance Toolkit\;C:\Program Files (x86)\WiX Toolset v3.14\bin;C:\Program Files\Microsoft SQL Server\130\DTS\Binn\;C:\Program Files\Microsoft SQL Server\140\DTS\Binn\;C:\Program Files\Microsoft SQL Server\150\DTS\Binn\;C:\Program Files\Microsoft SQL Server\160\DTS\Binn\;C:\Strawberry\c\bin;C:\Strawberry\perl\site\bin;C:\Strawberry\perl\bin;C:\ProgramData\chocolatey\lib\pulumi\tools\Pulumi\bin;C:\Program Files\CMake\bin;C:\ProgramData\chocolatey\lib\maven\apache-maven-3.9.9\bin;C:\Program Files\Microsoft Service Fabric\bin\Fabric\Fabric.Code;C:\Program Files\Microsoft SDKs\Service Fabric\Tools\ServiceFabricLocalClusterManager;C:\Program Files\nodejs\;C:\Program Files\Git\cmd;C:\Program Files\Git\mingw64\bin;C:\Program Files\Git\usr\bin;C:\Program Files\GitHub CLI\;c:\tools\php;C:\Program Files (x86)\sbt\bin;C:\Program Files\Amazon\AWSCLIV2\;C:\Program Files\Amazon\SessionManagerPlugin\bin\;C:\Program Files\Amazon\AWSSAMCLI\bin\;C:\Program Files\Microsoft SQL Server\130\Tools\Binn\;C:\Program Files\LLVM\bin;C:\Users\runneradmin\.dotnet\tools;C:\Users\runneradmin\.cargo\bin;C:\Users\runneradmin\AppData\Local\Microsoft\WindowsApps;C:\Program Files (x86)\Microsoft Visual Studio\Installer
2025-06-23T20:19:00.5156764Z   VCPKG_DEFAULT_BINARY_CACHE: D:/a/synthizer3d/synthizer3d/969f6665-88a2-4c98-938e-ca9259871fec/vcpkg_cache
2025-06-23T20:19:00.5157219Z   VCPKG_BINARY_SOURCES: clear;x-gha,readwrite
2025-06-23T20:19:00.5157771Z   ACTIONS_CACHE_URL: https://acghubeus2.actions.githubusercontent.com/bwbzopuV3oKlbowlUKWdOnf6KF0vjv7EYqCB3ZHqukKhTVgy74/
2025-06-23T20:19:00.5193374Z   ACTIONS_RUNTIME_TOKEN: ***
2025-06-23T20:19:00.5193649Z   RUNVCPKG_VCPKG_ROOT: D:\a\synthizer3d\synthizer3d\vcpkg
2025-06-23T20:19:00.5193924Z ##[endgroup]
2025-06-23T20:19:00.7857013Z VCPKG_ROOT (tool directory from lukka/run-vcpkg) is D:\a\synthizer3d\synthizer3d\vcpkg
2025-06-23T20:19:00.7862694Z VCPKG_DEFAULT_TRIPLET is x64-windows
2025-06-23T20:19:00.7868566Z GITHUB_WORKSPACE is D:\a\synthizer3d\synthizer3d
2025-06-23T20:19:00.7874273Z Initial EFFECTIVE_VCPKG_INSTALLED_DIR_BASE (from job env, target for manifest install) is D:\a\synthizer3d\synthizer3d\vcpkg_installed
2025-06-23T20:19:01.0014472Z Detecting compiler hash for triplet x64-windows...
2025-06-23T20:19:02.9944496Z Compiler found: C:/Program Files/Microsoft Visual Studio/2022/Enterprise/VC/Tools/MSVC/14.43.34808/bin/Hostx64/x64/cl.exe
2025-06-23T20:19:03.0058483Z The following packages will be built and installed:
2025-06-23T20:19:03.0059069Z   * atl:x64-windows@0
2025-06-23T20:19:03.0059446Z   * atlmfc:x64-windows@0#3
2025-06-23T20:19:03.0059836Z     libogg:x64-windows@1.3.5#2
2025-06-23T20:19:03.0060256Z     libvorbis:x64-windows@1.3.7#4
2025-06-23T20:19:03.0060782Z     opus:x64-windows@1.5.2
2025-06-23T20:19:03.0061441Z     opusfile:x64-windows@0.12+20221121#1
2025-06-23T20:19:03.0062267Z     soundtouch:x64-windows@2.3.3
2025-06-23T20:19:03.0062870Z   * vcpkg-cmake:x64-windows@2024-04-23
2025-06-23T20:19:03.0063488Z   * vcpkg-cmake-config:x64-windows@2024-05-23
2025-06-23T20:19:03.0064189Z Additional packages (*) will be modified to complete this operation.
2025-06-23T20:19:03.0066471Z %VCPKG_BINARY_SOURCES%: warning: The 'x-gha' binary caching backend has been removed. Consider using a NuGet-based binary caching provider instead, see extended documentation at https://learn.microsoft.com/vcpkg/users/binarycaching?WT.mc_id=vcpkg_inproduct_cli.
2025-06-23T20:19:03.0068385Z   on expression: clear;x-gha,readwrite
2025-06-23T20:19:03.0068798Z                                       ^
2025-06-23T20:19:03.0069312Z Installing 1/9 vcpkg-cmake-config:x64-windows@2024-05-23...
2025-06-23T20:19:03.0069946Z Building vcpkg-cmake-config:x64-windows@2024-05-23...
2025-06-23T20:19:03.0355162Z -- Installing: D:/a/synthizer3d/synthizer3d/vcpkg/packages/vcpkg-cmake-config_x64-windows/share/vcpkg-cmake-config/vcpkg_cmake_config_fixup.cmake
2025-06-23T20:19:03.0361147Z -- Installing: D:/a/synthizer3d/synthizer3d/vcpkg/packages/vcpkg-cmake-config_x64-windows/share/vcpkg-cmake-config/vcpkg-port-config.cmake
2025-06-23T20:19:03.0365915Z -- Installing: D:/a/synthizer3d/synthizer3d/vcpkg/packages/vcpkg-cmake-config_x64-windows/share/vcpkg-cmake-config/copyright
2025-06-23T20:19:03.0403790Z -- Skipping post-build validation due to VCPKG_POLICY_EMPTY_PACKAGE
2025-06-23T20:19:03.0432669Z Elapsed time to handle vcpkg-cmake-config:x64-windows: 37 ms
2025-06-23T20:19:03.0433561Z vcpkg-cmake-config:x64-windows package ABI: 842797583f0500a3cabbedf03fb083636fe11e4fd3fd19d9a475485e484445fb
2025-06-23T20:19:03.0434304Z Installing 2/9 vcpkg-cmake:x64-windows@2024-04-23...
2025-06-23T20:19:03.0434757Z Building vcpkg-cmake:x64-windows@2024-04-23...
2025-06-23T20:19:03.0712651Z -- Installing: D:/a/synthizer3d/synthizer3d/vcpkg/packages/vcpkg-cmake_x64-windows/share/vcpkg-cmake/vcpkg_cmake_configure.cmake
2025-06-23T20:19:03.0718482Z -- Installing: D:/a/synthizer3d/synthizer3d/vcpkg/packages/vcpkg-cmake_x64-windows/share/vcpkg-cmake/vcpkg_cmake_build.cmake
2025-06-23T20:19:03.0723145Z -- Installing: D:/a/synthizer3d/synthizer3d/vcpkg/packages/vcpkg-cmake_x64-windows/share/vcpkg-cmake/vcpkg_cmake_install.cmake
2025-06-23T20:19:03.0727675Z -- Installing: D:/a/synthizer3d/synthizer3d/vcpkg/packages/vcpkg-cmake_x64-windows/share/vcpkg-cmake/vcpkg-port-config.cmake
2025-06-23T20:19:03.0732491Z -- Installing: D:/a/synthizer3d/synthizer3d/vcpkg/packages/vcpkg-cmake_x64-windows/share/vcpkg-cmake/copyright
2025-06-23T20:19:03.0772073Z -- Performing post-build validation
2025-06-23T20:19:03.0810592Z Elapsed time to handle vcpkg-cmake:x64-windows: 37.8 ms
2025-06-23T20:19:03.0811564Z vcpkg-cmake:x64-windows package ABI: a500b93f9e0b831ca946128005613d551eeb943040c8f073dc3184f7e15c9834
2025-06-23T20:19:03.0812311Z Installing 3/9 libogg:x64-windows@1.3.5#2...
2025-06-23T20:19:03.0812752Z Building libogg:x64-windows@1.3.5#2...
2025-06-23T20:19:03.1220697Z Downloading https://gitlab.xiph.org/xiph/ogg/-/archive/v1.3.5/ogg-v1.3.5.tar.gz -> xiph-ogg-v1.3.5.tar.gz
2025-06-23T20:19:04.1511118Z Successfully downloaded xiph-ogg-v1.3.5.tar.gz
2025-06-23T20:19:04.3873610Z -- Extracting source D:/a/synthizer3d/synthizer3d/vcpkg/downloads/xiph-ogg-v1.3.5.tar.gz
2025-06-23T20:19:04.5322027Z -- Using source at D:/a/synthizer3d/synthizer3d/vcpkg/buildtrees/libogg/src/v1.3.5-1a4243fef9.clean
2025-06-23T20:19:04.5435596Z -- Found external ninja('1.12.1').
2025-06-23T20:19:04.5471451Z -- Configuring x64-windows
2025-06-23T20:19:10.5043655Z -- Building x64-windows-dbg
2025-06-23T20:19:10.8083125Z -- Building x64-windows-rel
2025-06-23T20:19:11.1240701Z -- Fixing pkgconfig file: D:/a/synthizer3d/synthizer3d/vcpkg/packages/libogg_x64-windows/lib/pkgconfig/ogg.pc
2025-06-23T20:19:11.1436786Z Downloading msys2-mingw-w64-x86_64-pkgconf-1~2.3.0-1-any.pkg.tar.zst, trying https://mirror.msys2.org/mingw/mingw64/mingw-w64-x86_64-pkgconf-1~2.3.0-1-any.pkg.tar.zst
2025-06-23T20:19:11.6938360Z Successfully downloaded msys2-mingw-w64-x86_64-pkgconf-1~2.3.0-1-any.pkg.tar.zst
2025-06-23T20:19:11.7148560Z Downloading msys2-msys2-runtime-3.5.4-2-x86_64.pkg.tar.zst, trying https://mirror.msys2.org/msys/x86_64/msys2-runtime-3.5.4-2-x86_64.pkg.tar.zst
2025-06-23T20:19:12.4188623Z Successfully downloaded msys2-msys2-runtime-3.5.4-2-x86_64.pkg.tar.zst
2025-06-23T20:19:12.4291239Z -- Using msys root at D:/a/synthizer3d/synthizer3d/vcpkg/downloads/tools/msys2/21caed2f81ec917b
2025-06-23T20:19:12.4364384Z -- Fixing pkgconfig file: D:/a/synthizer3d/synthizer3d/vcpkg/packages/libogg_x64-windows/debug/lib/pkgconfig/ogg.pc
2025-06-23T20:19:12.4440135Z -- Installing: D:/a/synthizer3d/synthizer3d/vcpkg/packages/libogg_x64-windows/share/libogg/copyright
2025-06-23T20:19:12.4504226Z -- Performing post-build validation
2025-06-23T20:19:12.4586763Z Elapsed time to handle libogg:x64-windows: 9.4 s
2025-06-23T20:19:12.4587797Z libogg:x64-windows package ABI: a0557943a3eb3893da4fede0807e4138b3f8e9736e60b3498faf762055851b8f
2025-06-23T20:19:12.4588809Z Installing 4/9 libvorbis:x64-windows@1.3.7#4...
2025-06-23T20:19:12.4589494Z Building libvorbis:x64-windows@1.3.7#4...
2025-06-23T20:19:12.4992055Z Downloading https://github.com/xiph/vorbis/archive/v1.3.7.tar.gz -> xiph-vorbis-v1.3.7.tar.gz
2025-06-23T20:19:12.6112283Z Successfully downloaded xiph-vorbis-v1.3.7.tar.gz
2025-06-23T20:19:12.6258548Z -- Extracting source D:/a/synthizer3d/synthizer3d/vcpkg/downloads/xiph-vorbis-v1.3.7.tar.gz
2025-06-23T20:19:12.8177600Z -- Applying patch 0001-Dont-export-vorbisenc-functions.patch
2025-06-23T20:19:12.8388500Z -- Applying patch 0002-Fixup-pkgconfig-libs.patch
2025-06-23T20:19:12.8590440Z -- Applying patch 0003-def-mingw-compat.patch
2025-06-23T20:19:12.8787698Z -- Applying patch 0004-ogg-find-dependency.patch
2025-06-23T20:19:12.8993668Z -- Using source at D:/a/synthizer3d/synthizer3d/vcpkg/buildtrees/libvorbis/src/v1.3.7-c32164610e.clean
2025-06-23T20:19:12.9102788Z -- Found external ninja('1.12.1').
2025-06-23T20:19:12.9137995Z -- Configuring x64-windows
2025-06-23T20:19:14.4140872Z -- Building x64-windows-dbg
2025-06-23T20:19:15.6079689Z -- Building x64-windows-rel
2025-06-23T20:19:18.0709817Z -- Fixing pkgconfig file: D:/a/synthizer3d/synthizer3d/vcpkg/packages/libvorbis_x64-windows/lib/pkgconfig/vorbis.pc
2025-06-23T20:19:18.0714179Z -- Fixing pkgconfig file: D:/a/synthizer3d/synthizer3d/vcpkg/packages/libvorbis_x64-windows/lib/pkgconfig/vorbisenc.pc
2025-06-23T20:19:18.0718626Z -- Fixing pkgconfig file: D:/a/synthizer3d/synthizer3d/vcpkg/packages/libvorbis_x64-windows/lib/pkgconfig/vorbisfile.pc
2025-06-23T20:19:18.0823535Z -- Using cached msys2-mingw-w64-x86_64-pkgconf-1~2.3.0-1-any.pkg.tar.zst
2025-06-23T20:19:18.0890322Z -- Using cached msys2-msys2-runtime-3.5.4-2-x86_64.pkg.tar.zst
2025-06-23T20:19:18.0894190Z -- Using msys root at D:/a/synthizer3d/synthizer3d/vcpkg/downloads/tools/msys2/21caed2f81ec917b
2025-06-23T20:19:18.1092515Z -- Fixing pkgconfig file: D:/a/synthizer3d/synthizer3d/vcpkg/packages/libvorbis_x64-windows/debug/lib/pkgconfig/vorbis.pc
2025-06-23T20:19:18.1097644Z -- Fixing pkgconfig file: D:/a/synthizer3d/synthizer3d/vcpkg/packages/libvorbis_x64-windows/debug/lib/pkgconfig/vorbisenc.pc
2025-06-23T20:19:18.1102587Z -- Fixing pkgconfig file: D:/a/synthizer3d/synthizer3d/vcpkg/packages/libvorbis_x64-windows/debug/lib/pkgconfig/vorbisfile.pc
2025-06-23T20:19:18.2362734Z -- Installing: D:/a/synthizer3d/synthizer3d/vcpkg/packages/libvorbis_x64-windows/share/libvorbis/usage
2025-06-23T20:19:18.2366048Z -- Installing: D:/a/synthizer3d/synthizer3d/vcpkg/packages/libvorbis_x64-windows/share/libvorbis/copyright
2025-06-23T20:19:18.2421486Z -- Performing post-build validation
2025-06-23T20:19:18.2513543Z Elapsed time to handle libvorbis:x64-windows: 5.8 s
2025-06-23T20:19:18.2514916Z libvorbis:x64-windows package ABI: d90efec2c9090f56a4508a9a4435f94eb42aca93d2a98ecfbdc3a996d623c61c
2025-06-23T20:19:18.2515565Z Installing 5/9 opus:x64-windows@1.5.2...
2025-06-23T20:19:18.2515916Z Building opus:x64-windows@1.5.2...
2025-06-23T20:19:18.2938929Z Downloading https://github.com/xiph/opus/archive/v1.5.2.tar.gz -> xiph-opus-v1.5.2.tar.gz
2025-06-23T20:19:18.4495184Z Successfully downloaded xiph-opus-v1.5.2.tar.gz
2025-06-23T20:19:18.4746420Z -- Extracting source D:/a/synthizer3d/synthizer3d/vcpkg/downloads/xiph-opus-v1.5.2.tar.gz
2025-06-23T20:19:18.7137463Z -- Applying patch fix-pkgconfig-version.patch
2025-06-23T20:19:18.7371338Z -- Using source at D:/a/synthizer3d/synthizer3d/vcpkg/buildtrees/opus/src/v1.5.2-81ed242155.clean
2025-06-23T20:19:18.7496859Z -- Found external ninja('1.12.1').
2025-06-23T20:19:18.7534211Z -- Configuring x64-windows
2025-06-23T20:19:23.2199679Z -- Building x64-windows-dbg
2025-06-23T20:19:28.3844994Z -- Building x64-windows-rel
2025-06-23T20:19:36.5083963Z -- Fixing pkgconfig file: D:/a/synthizer3d/synthizer3d/vcpkg/packages/opus_x64-windows/lib/pkgconfig/opus.pc
2025-06-23T20:19:36.5196045Z -- Using cached msys2-mingw-w64-x86_64-pkgconf-1~2.3.0-1-any.pkg.tar.zst
2025-06-23T20:19:36.5265507Z -- Using cached msys2-msys2-runtime-3.5.4-2-x86_64.pkg.tar.zst
2025-06-23T20:19:36.5269758Z -- Using msys root at D:/a/synthizer3d/synthizer3d/vcpkg/downloads/tools/msys2/21caed2f81ec917b
2025-06-23T20:19:36.5338092Z -- Fixing pkgconfig file: D:/a/synthizer3d/synthizer3d/vcpkg/packages/opus_x64-windows/debug/lib/pkgconfig/opus.pc
2025-06-23T20:19:36.5411903Z -- Installing: D:/a/synthizer3d/synthizer3d/vcpkg/packages/opus_x64-windows/share/opus/copyright
2025-06-23T20:19:36.5468734Z -- Performing post-build validation
2025-06-23T20:19:36.5542641Z Elapsed time to handle opus:x64-windows: 18 s
2025-06-23T20:19:36.5543906Z opus:x64-windows package ABI: 85472ea35b34b5b2cb87ab8fa93a3b878862ba2c74d619b262819f1046f3d06f
2025-06-23T20:19:36.5544953Z Installing 6/9 opusfile:x64-windows@0.12+20221121#1...
2025-06-23T20:19:36.5545671Z Building opusfile:x64-windows@0.12+20221121#1...
2025-06-23T20:19:36.5847859Z -- Note: opusfile only supports static library linkage. Building static library.
2025-06-23T20:19:36.5944538Z Downloading https://github.com/xiph/opusfile/archive/9d718345ce03b2fad5d7d28e0bcd1cc69ab2b166.tar.gz -> xiph-opusfile-9d718345ce03b2fad5d7d28e0bcd1cc69ab2b166.tar.gz
2025-06-23T20:19:36.6859759Z Successfully downloaded xiph-opusfile-9d718345ce03b2fad5d7d28e0bcd1cc69ab2b166.tar.gz
2025-06-23T20:19:36.6968283Z -- Extracting source D:/a/synthizer3d/synthizer3d/vcpkg/downloads/xiph-opusfile-9d718345ce03b2fad5d7d28e0bcd1cc69ab2b166.tar.gz
2025-06-23T20:19:36.8344651Z -- Using source at D:/a/synthizer3d/synthizer3d/vcpkg/buildtrees/opusfile/src/c69ab2b166-6cc7de23ec.clean
2025-06-23T20:19:36.8465560Z -- Found external ninja('1.12.1').
2025-06-23T20:19:36.8500701Z -- Configuring x64-windows
2025-06-23T20:19:38.3037819Z -- Building x64-windows-dbg
2025-06-23T20:19:38.6044153Z -- Building x64-windows-rel
2025-06-23T20:19:39.1882356Z -- Fixing pkgconfig file: D:/a/synthizer3d/synthizer3d/vcpkg/packages/opusfile_x64-windows/lib/pkgconfig/opusfile.pc
2025-06-23T20:19:39.2009412Z -- Using cached msys2-mingw-w64-x86_64-pkgconf-1~2.3.0-1-any.pkg.tar.zst
2025-06-23T20:19:39.2085337Z -- Using cached msys2-msys2-runtime-3.5.4-2-x86_64.pkg.tar.zst
2025-06-23T20:19:39.2090186Z -- Using msys root at D:/a/synthizer3d/synthizer3d/vcpkg/downloads/tools/msys2/21caed2f81ec917b
2025-06-23T20:19:39.2177814Z -- Fixing pkgconfig file: D:/a/synthizer3d/synthizer3d/vcpkg/packages/opusfile_x64-windows/debug/lib/pkgconfig/opusfile.pc
2025-06-23T20:19:39.2287640Z -- Installing: D:/a/synthizer3d/synthizer3d/vcpkg/packages/opusfile_x64-windows/share/opusfile/copyright
2025-06-23T20:19:39.2294472Z -- Installing: D:/a/synthizer3d/synthizer3d/vcpkg/packages/opusfile_x64-windows/share/opusfile/usage
2025-06-23T20:19:39.2352957Z -- Performing post-build validation
2025-06-23T20:19:39.2422262Z Elapsed time to handle opusfile:x64-windows: 2.7 s
2025-06-23T20:19:39.2423472Z opusfile:x64-windows package ABI: 393a65d651c7a2ecd7aa3929806afcb2252d03470cf3ab96d0a5a178ff8ac0ea
2025-06-23T20:19:39.2424401Z Installing 7/9 atl:x64-windows@0...
2025-06-23T20:19:39.2424950Z Building atl:x64-windows@0...
2025-06-23T20:19:39.2865843Z -- Skipping post-build validation due to VCPKG_POLICY_EMPTY_PACKAGE
2025-06-23T20:19:39.2890235Z Elapsed time to handle atl:x64-windows: 46.8 ms
2025-06-23T20:19:39.2891374Z atl:x64-windows package ABI: 00c2ec0d92501baf73b36832a4cf6267281ce78714eab01bcc631fe906883872
2025-06-23T20:19:39.2892408Z Installing 8/9 atlmfc:x64-windows@0#3...
2025-06-23T20:19:39.2893272Z Building atlmfc:x64-windows@0#3...
2025-06-23T20:19:39.3315032Z -- Skipping post-build validation due to VCPKG_POLICY_EMPTY_PACKAGE
2025-06-23T20:19:39.3341982Z Elapsed time to handle atlmfc:x64-windows: 45.1 ms
2025-06-23T20:19:39.3342674Z atlmfc:x64-windows package ABI: eb110e8ab4abe86fa37c7f0085ad4fc46ce18802f978ea90d75ed1f56bb72837
2025-06-23T20:19:39.3343234Z Installing 9/9 soundtouch:x64-windows@2.3.3...
2025-06-23T20:19:39.3343579Z Building soundtouch:x64-windows@2.3.3...
2025-06-23T20:19:39.3823175Z Downloading https://codeberg.org/soundtouch/soundtouch/archive/2.3.3.tar.gz -> soundtouch-soundtouch-2.3.3.tar.gz
2025-06-23T20:19:40.2767478Z Successfully downloaded soundtouch-soundtouch-2.3.3.tar.gz
2025-06-23T20:19:40.2891032Z -- Extracting source D:/a/synthizer3d/synthizer3d/vcpkg/downloads/soundtouch-soundtouch-2.3.3.tar.gz
2025-06-23T20:19:40.4431404Z -- Using source at D:/a/synthizer3d/synthizer3d/vcpkg/buildtrees/soundtouch/src/2.3.3-309213044d.clean
2025-06-23T20:19:40.4549398Z -- Found external ninja('1.12.1').
2025-06-23T20:19:40.4584200Z -- Configuring x64-windows
2025-06-23T20:19:41.8798640Z -- Building x64-windows-dbg
2025-06-23T20:19:43.9372832Z -- Building x64-windows-rel
2025-06-23T20:19:46.0070992Z -- Fixing pkgconfig file: D:/a/synthizer3d/synthizer3d/vcpkg/packages/soundtouch_x64-windows/lib/pkgconfig/soundtouch.pc
2025-06-23T20:19:46.0176359Z -- Using cached msys2-mingw-w64-x86_64-pkgconf-1~2.3.0-1-any.pkg.tar.zst
2025-06-23T20:19:46.0246925Z -- Using cached msys2-msys2-runtime-3.5.4-2-x86_64.pkg.tar.zst
2025-06-23T20:19:46.0251612Z -- Using msys root at D:/a/synthizer3d/synthizer3d/vcpkg/downloads/tools/msys2/21caed2f81ec917b
2025-06-23T20:19:46.0320758Z -- Fixing pkgconfig file: D:/a/synthizer3d/synthizer3d/vcpkg/packages/soundtouch_x64-windows/debug/lib/pkgconfig/soundtouch.pc
2025-06-23T20:19:46.0776319Z -- Installing: D:/a/synthizer3d/synthizer3d/vcpkg/packages/soundtouch_x64-windows/share/soundtouch/copyright
2025-06-23T20:19:46.0842636Z -- Performing post-build validation
2025-06-23T20:19:46.0925161Z Elapsed time to handle soundtouch:x64-windows: 6.8 s
2025-06-23T20:19:46.0925969Z soundtouch:x64-windows package ABI: cba299c175d42d095d98a381b7b4aa62179cb526de49043c0d1fb0751d841aaf
2025-06-23T20:19:46.0944928Z libogg provides CMake targets:
2025-06-23T20:19:46.0945203Z 
2025-06-23T20:19:46.0945579Z   # this is heuristically generated, and may not be correct
2025-06-23T20:19:46.0946225Z   find_package(Ogg CONFIG REQUIRED)
2025-06-23T20:19:46.0946919Z   target_link_libraries(main PRIVATE Ogg::ogg)
2025-06-23T20:19:46.0947568Z 
2025-06-23T20:19:46.0947877Z libogg provides pkg-config modules:
2025-06-23T20:19:46.0948223Z 
2025-06-23T20:19:46.0948586Z   # ogg is a library for manipulating ogg bitstreams
2025-06-23T20:19:46.0949095Z   ogg
2025-06-23T20:19:46.0949291Z 
2025-06-23T20:19:46.0949619Z The package libvorbis provides CMake targets:
2025-06-23T20:19:46.0949863Z 
2025-06-23T20:19:46.0951167Z     # Vorbis reference encoder and decoder, low-level API
2025-06-23T20:19:46.0951660Z     find_package(Vorbis CONFIG REQUIRED)
2025-06-23T20:19:46.0952261Z     target_link_libraries(main PRIVATE Vorbis::vorbis)
2025-06-23T20:19:46.0952688Z 
2025-06-23T20:19:46.0953131Z     # Audio stream decoding and basic manipulation, high-level API
2025-06-23T20:19:46.0953602Z     find_package(Vorbis CONFIG REQUIRED)
2025-06-23T20:19:46.0954278Z     target_link_libraries(main PRIVATE Vorbis::vorbisfile)
2025-06-23T20:19:46.0954749Z 
2025-06-23T20:19:46.0955202Z     # Convenience API for setting up an encoding environment
2025-06-23T20:19:46.0955655Z     find_package(Vorbis CONFIG REQUIRED)
2025-06-23T20:19:46.0956103Z     target_link_libraries(main PRIVATE Vorbis::vorbisenc)
2025-06-23T20:19:46.0956398Z 
2025-06-23T20:19:46.0956591Z opus provides CMake targets:
2025-06-23T20:19:46.0956963Z 
2025-06-23T20:19:46.0957404Z   # this is heuristically generated, and may not be correct
2025-06-23T20:19:46.0957856Z   find_package(Opus CONFIG REQUIRED)
2025-06-23T20:19:46.0958283Z   target_link_libraries(main PRIVATE Opus::opus)
2025-06-23T20:19:46.0958537Z 
2025-06-23T20:19:46.0958707Z opus provides pkg-config modules:
2025-06-23T20:19:46.0958914Z 
2025-06-23T20:19:46.0959076Z   # Opus IETF audio codec ( build)
2025-06-23T20:19:46.0959343Z   opus
2025-06-23T20:19:46.0959452Z 
2025-06-23T20:19:46.0959656Z The package opusfile provides CMake targets:
2025-06-23T20:19:46.0959893Z 
2025-06-23T20:19:46.0960080Z     find_package(OpusFile CONFIG REQUIRED)
2025-06-23T20:19:46.0960557Z     target_link_libraries(main PRIVATE OpusFile::opusfile)
2025-06-23T20:19:46.0960826Z 
2025-06-23T20:19:46.0960977Z     # To use the opusurl API
2025-06-23T20:19:46.0961392Z     target_link_libraries(main PRIVATE OpusFile::opusurl)
2025-06-23T20:19:46.0961665Z 
2025-06-23T20:19:46.0961844Z soundtouch provides CMake targets:
2025-06-23T20:19:46.0962046Z 
2025-06-23T20:19:46.0962302Z   # this is heuristically generated, and may not be correct
2025-06-23T20:19:46.0962774Z   find_package(SoundTouch CONFIG REQUIRED)
2025-06-23T20:19:46.0963274Z   target_link_libraries(main PRIVATE SoundTouch::SoundTouch)
2025-06-23T20:19:46.0963562Z 
2025-06-23T20:19:46.0963746Z soundtouch provides pkg-config modules:
2025-06-23T20:19:46.0963969Z 
2025-06-23T20:19:46.0964810Z   # SoundTouch is an open-source audio processing library for changing the Tempo, Pitch and Playback Rates of audio streams or files
2025-06-23T20:19:46.0965467Z   soundtouch
2025-06-23T20:19:46.0965587Z 
2025-06-23T20:19:46.0965877Z All requested installations completed successfully in: 43 s
2025-06-23T20:19:46.1080766Z Finished vcpkg install command.
2025-06-23T20:19:46.1389660Z Verifying existence of target CMAKE_PREFIX_PATH: D:\a\synthizer3d\synthizer3d\vcpkg_installed\x64-windows
2025-06-23T20:19:46.1429026Z Confermato: La directory target per CMAKE_PREFIX_PATH esiste: D:\a\synthizer3d\synthizer3d\vcpkg_installed\x64-windows
2025-06-23T20:19:46.1672270Z CMAKE_PREFIX_PATH impostato a D:\a\synthizer3d\synthizer3d\vcpkg_installed\x64-windows
2025-06-23T20:19:46.2055328Z ##[group]Run python -m pip install --upgrade pip
2025-06-23T20:19:46.2056593Z [36;1mpython -m pip install --upgrade pip[0m
2025-06-23T20:19:46.2057405Z [36;1mpip install ninja cmake wheel tomli setuptools packaging distro scikit-build cython build delvewheel[0m
2025-06-23T20:19:46.2094319Z shell: C:\Program Files\PowerShell\7\pwsh.EXE -command ". '{0}'"
2025-06-23T20:19:46.2094653Z env:
2025-06-23T20:19:46.2094818Z   PYVERSION: 3.9
2025-06-23T20:19:46.2094992Z   CI_ARCH_LOWER: x64
2025-06-23T20:19:46.2095167Z   CI_WINDOWS: 1
2025-06-23T20:19:46.2095323Z   CI_ARCH_ENV: x64
2025-06-23T20:19:46.2095505Z   VCPKG_DEFAULT_TRIPLET: x64-windows
2025-06-23T20:19:46.2095862Z   EFFECTIVE_VCPKG_INSTALLED_DIR_BASE: D:\a\synthizer3d\synthizer3d\vcpkg_installed
2025-06-23T20:19:46.2096319Z   pythonLocation: C:\hostedtoolcache\windows\Python\3.9.13\x64
2025-06-23T20:19:46.2096722Z   PKG_CONFIG_PATH: C:\hostedtoolcache\windows\Python\3.9.13\x64/lib/pkgconfig
2025-06-23T20:19:46.2097150Z   Python_ROOT_DIR: C:\hostedtoolcache\windows\Python\3.9.13\x64
2025-06-23T20:19:46.2097506Z   Python2_ROOT_DIR: C:\hostedtoolcache\windows\Python\3.9.13\x64
2025-06-23T20:19:46.2097879Z   Python3_ROOT_DIR: C:\hostedtoolcache\windows\Python\3.9.13\x64
2025-06-23T20:19:46.2098189Z   CommandPromptType: Native
2025-06-23T20:19:46.2098521Z   DevEnvDir: C:\Program Files\Microsoft Visual Studio\2022\Enterprise\Common7\IDE\
2025-06-23T20:19:46.2098998Z   ExtensionSdkDir: C:\Program Files (x86)\Microsoft SDKs\Windows Kits\10\ExtensionSDKs
2025-06-23T20:19:46.2101063Z   EXTERNAL_INCLUDE: C:\Program Files\Microsoft Visual Studio\2022\Enterprise\VC\Tools\MSVC\14.43.34808\include;C:\Program Files\Microsoft Visual Studio\2022\Enterprise\VC\Tools\MSVC\14.43.34808\ATLMFC\include;C:\Program Files\Microsoft Visual Studio\2022\Enterprise\VC\Auxiliary\VS\include;C:\Program Files (x86)\Windows Kits\10\include\10.0.26100.0\ucrt;C:\Program Files (x86)\Windows Kits\10\\include\10.0.26100.0\\um;C:\Program Files (x86)\Windows Kits\10\\include\10.0.26100.0\\shared;C:\Program Files (x86)\Windows Kits\10\\include\10.0.26100.0\\winrt;C:\Program Files (x86)\Windows Kits\10\\include\10.0.26100.0\\cppwinrt;C:\Program Files (x86)\Windows Kits\NETFXSDK\4.8\include\um
2025-06-23T20:19:46.2103163Z   Framework40Version: v4.0
2025-06-23T20:19:46.2103417Z   FrameworkDir: C:\Windows\Microsoft.NET\Framework64\
2025-06-23T20:19:46.2103740Z   FrameworkDir64: C:\Windows\Microsoft.NET\Framework64\
2025-06-23T20:19:46.2104024Z   FrameworkVersion: v4.0.30319
2025-06-23T20:19:46.2104235Z   FrameworkVersion64: v4.0.30319
2025-06-23T20:19:46.2104728Z   FSHARPINSTALLDIR: C:\Program Files\Microsoft Visual Studio\2022\Enterprise\Common7\IDE\CommonExtensions\Microsoft\FSharp\Tools
2025-06-23T20:19:46.2105283Z   HTMLHelpDir: C:\Program Files (x86)\HTML Help Workshop
2025-06-23T20:19:46.2105731Z   IFCPATH: C:\Program Files\Microsoft Visual Studio\2022\Enterprise\VC\Tools\MSVC\14.43.34808\ifc\x64
2025-06-23T20:19:46.2107798Z   INCLUDE: C:\Program Files\Microsoft Visual Studio\2022\Enterprise\VC\Tools\MSVC\14.43.34808\include;C:\Program Files\Microsoft Visual Studio\2022\Enterprise\VC\Tools\MSVC\14.43.34808\ATLMFC\include;C:\Program Files\Microsoft Visual Studio\2022\Enterprise\VC\Auxiliary\VS\include;C:\Program Files (x86)\Windows Kits\10\include\10.0.26100.0\ucrt;C:\Program Files (x86)\Windows Kits\10\\include\10.0.26100.0\\um;C:\Program Files (x86)\Windows Kits\10\\include\10.0.26100.0\\shared;C:\Program Files (x86)\Windows Kits\10\\include\10.0.26100.0\\winrt;C:\Program Files (x86)\Windows Kits\10\\include\10.0.26100.0\\cppwinrt;C:\Program Files (x86)\Windows Kits\NETFXSDK\4.8\include\um
2025-06-23T20:19:46.2109673Z   is_x64_arch: true
2025-06-23T20:19:46.2112436Z   LIB: C:\Program Files\Microsoft Visual Studio\2022\Enterprise\VC\Tools\MSVC\14.43.34808\ATLMFC\lib\x64;C:\Program Files\Microsoft Visual Studio\2022\Enterprise\VC\Tools\MSVC\14.43.34808\lib\x64;C:\Program Files (x86)\Windows Kits\NETFXSDK\4.8\lib\um\x64;C:\Program Files (x86)\Windows Kits\10\lib\10.0.26100.0\ucrt\x64;C:\Program Files (x86)\Windows Kits\10\\lib\10.0.26100.0\\um\x64
2025-06-23T20:19:46.2114801Z   LIBPATH: C:\Program Files\Microsoft Visual Studio\2022\Enterprise\VC\Tools\MSVC\14.43.34808\ATLMFC\lib\x64;C:\Program Files\Microsoft Visual Studio\2022\Enterprise\VC\Tools\MSVC\14.43.34808\lib\x64;C:\Program Files\Microsoft Visual Studio\2022\Enterprise\VC\Tools\MSVC\14.43.34808\lib\x86\store\references;C:\Program Files (x86)\Windows Kits\10\UnionMetadata\10.0.26100.0;C:\Program Files (x86)\Windows Kits\10\References\10.0.26100.0;C:\Windows\Microsoft.NET\Framework64\v4.0.30319
2025-06-23T20:19:46.2116264Z   NETFXSDKDir: C:\Program Files (x86)\Windows Kits\NETFXSDK\4.8\
2025-06-23T20:19:46.2129514Z   Path: C:\Program Files\Microsoft Visual Studio\2022\Enterprise\VC\Tools\MSVC\14.43.34808\bin\HostX64\x64;C:\Program Files\Microsoft Visual Studio\2022\Enterprise\Common7\IDE\VC\VCPackages;C:\Program Files\Microsoft Visual Studio\2022\Enterprise\Common7\IDE\CommonExtensions\Microsoft\TestWindow;C:\Program Files\Microsoft Visual Studio\2022\Enterprise\Common7\IDE\CommonExtensions\Microsoft\TeamFoundation\Team Explorer;C:\Program Files\Microsoft Visual Studio\2022\Enterprise\MSBuild\Current\bin\Roslyn;C:\Program Files (x86)\Microsoft SDKs\Windows\v10.0A\bin\NETFX 4.8 Tools\x64\;C:\Program Files (x86)\HTML Help Workshop;C:\Program Files\Microsoft Visual Studio\2022\Enterprise\Common7\IDE\CommonExtensions\Microsoft\FSharp\Tools;C:\Program Files\Microsoft Visual Studio\2022\Enterprise\Team Tools\DiagnosticsHub\Collector;C:\Program Files\Microsoft Visual Studio\2022\Enterprise\Common7\IDE\Extensions\Microsoft\CodeCoverage.Console;C:\Program Files (x86)\Windows Kits\10\bin\10.0.26100.0\\x64;C:\Program Files (x86)\Windows Kits\10\bin\\x64;C:\Program Files\Microsoft Visual Studio\2022\Enterprise\\MSBuild\Current\Bin\amd64;C:\Windows\Microsoft.NET\Framework64\v4.0.30319;C:\Program Files\Microsoft Visual Studio\2022\Enterprise\Common7\IDE\;C:\Program Files\Microsoft Visual Studio\2022\Enterprise\Common7\Tools\;C:\Users\runneradmin\AppData\Roaming\Python\Python39\Scripts;C:\hostedtoolcache\windows\Python\3.9.13\x64\Scripts;C:\hostedtoolcache\windows\Python\3.9.13\x64;C:\Program Files\MongoDB\Server\5.0\bin;C:\aliyun-cli;C:\vcpkg;C:\Program Files (x86)\NSIS\;C:\tools\zstd;C:\Program Files\Mercurial\;C:\hostedtoolcache\windows\stack\3.5.1\x64;C:\cabal\bin;C:\\ghcup\bin;C:\mingw64\bin;C:\Program Files\dotnet;C:\Program Files\MySQL\MySQL Server 8.0\bin;C:\Program Files\R\R-4.4.2\bin\x64;C:\SeleniumWebDrivers\GeckoDriver;C:\SeleniumWebDrivers\EdgeDriver\;C:\SeleniumWebDrivers\ChromeDriver;C:\Program Files (x86)\sbt\bin;C:\Program Files (x86)\GitHub CLI;C:\Program Files\Git\bin;C:\Program Files (x86)\pipx_bin;C:\npm\prefix;C:\hostedtoolcache\windows\go\1.24.3\x64\bin;C:\hostedtoolcache\windows\Ruby\3.3.8\x64\bin;C:\Program Files\OpenSSL\bin;C:\tools\kotlinc\bin;C:\hostedtoolcache\windows\Java_Temurin-Hotspot_jdk\8.0.452-9\x64\bin;C:\Program Files\ImageMagick-7.1.1-Q16-HDRI;C:\Program Files\Microsoft SDKs\Azure\CLI2\wbin;C:\ProgramData\kind;C:\ProgramData\Chocolatey\bin;C:\Windows\system32;C:\Windows;C:\Windows\System32\Wbem;C:\Windows\System32\WindowsPowerShell\v1.0\;C:\Windows\System32\OpenSSH\;C:\Program Files\dotnet\;C:\Program Files\PowerShell\7\;C:\Program Files\Microsoft\Web Platform Installer\;C:\Program Files\TortoiseSVN\bin;C:\Program Files\Microsoft SQL Server\Client SDK\ODBC\170\Tools\Binn\;C:\Program Files\Microsoft SQL Server\150\Tools\Binn\;C:\Program Files (x86)\Windows Kits\10\Windows Performance Toolkit\;C:\Program Files (x86)\WiX Toolset v3.14\bin;C:\Program Files\Microsoft SQL Server\130\DTS\Binn\;C:\Program Files\Microsoft SQL Server\140\DTS\Binn\;C:\Program Files\Microsoft SQL Server\150\DTS\Binn\;C:\Program Files\Microsoft SQL Server\160\DTS\Binn\;C:\Strawberry\c\bin;C:\Strawberry\perl\site\bin;C:\Strawberry\perl\bin;C:\ProgramData\chocolatey\lib\pulumi\tools\Pulumi\bin;C:\Program Files\CMake\bin;C:\ProgramData\chocolatey\lib\maven\apache-maven-3.9.9\bin;C:\Program Files\Microsoft Service Fabric\bin\Fabric\Fabric.Code;C:\Program Files\Microsoft SDKs\Service Fabric\Tools\ServiceFabricLocalClusterManager;C:\Program Files\nodejs\;C:\Program Files\Git\cmd;C:\Program Files\Git\mingw64\bin;C:\Program Files\Git\usr\bin;C:\Program Files\GitHub CLI\;c:\tools\php;C:\Program Files\Amazon\AWSCLIV2\;C:\Program Files\Amazon\SessionManagerPlugin\bin\;C:\Program Files\Amazon\AWSSAMCLI\bin\;C:\Program Files\Microsoft SQL Server\130\Tools\Binn\;C:\Program Files\LLVM\bin;C:\Users\runneradmin\.dotnet\tools;C:\Users\runneradmin\.cargo\bin;C:\Users\runneradmin\AppData\Local\Microsoft\WindowsApps;C:\Program Files (x86)\Microsoft Visual Studio\Installer;C:\Program Files\Microsoft Visual Studio\2022\Enterprise\VC\Tools\Llvm\x64\bin;C:\Program Files\Microsoft Visual Studio\2022\Enterprise\Common7\IDE\CommonExtensions\Microsoft\CMake\CMake\bin;C:\Program Files\Microsoft Visual Studio\2022\Enterprise\Common7\IDE\CommonExtensions\Microsoft\CMake\Ninja;C:\Program Files\Microsoft Visual Studio\2022\Enterprise\Common7\IDE\VC\Linux\bin\ConnectionManagerExe;C:\Program Files\Microsoft Visual Studio\2022\Enterprise\VC\vcpkg
2025-06-23T20:19:46.2142548Z   Platform: x64
2025-06-23T20:19:46.2142721Z   UCRTVersion: 10.0.26100.0
2025-06-23T20:19:46.2143001Z   UniversalCRTSdkDir: C:\Program Files (x86)\Windows Kits\10\
2025-06-23T20:19:46.2143447Z   VCIDEInstallDir: C:\Program Files\Microsoft Visual Studio\2022\Enterprise\Common7\IDE\VC\
2025-06-23T20:19:46.2143921Z   VCINSTALLDIR: C:\Program Files\Microsoft Visual Studio\2022\Enterprise\VC\
2025-06-23T20:19:46.2144278Z   VCPKG_ROOT: D:\a\synthizer3d\synthizer3d\vcpkg
2025-06-23T20:19:46.2144718Z   VCToolsInstallDir: C:\Program Files\Microsoft Visual Studio\2022\Enterprise\VC\Tools\MSVC\14.43.34808\
2025-06-23T20:19:46.2145308Z   VCToolsRedistDir: C:\Program Files\Microsoft Visual Studio\2022\Enterprise\VC\Redist\MSVC\14.42.34433\
2025-06-23T20:19:46.2145797Z   VCToolsVersion: 14.43.34808
2025-06-23T20:19:46.2146003Z   VisualStudioVersion: 17.0
2025-06-23T20:19:46.2146348Z   VS170COMNTOOLS: C:\Program Files\Microsoft Visual Studio\2022\Enterprise\Common7\Tools\
2025-06-23T20:19:46.2146714Z   VSCMD_ARG_app_plat: Desktop
2025-06-23T20:19:46.2146914Z   VSCMD_ARG_HOST_ARCH: x64
2025-06-23T20:19:46.2147099Z   VSCMD_ARG_TGT_ARCH: x64
2025-06-23T20:19:46.2147276Z   VSCMD_VER: 17.13.2
2025-06-23T20:19:46.2147546Z   VSINSTALLDIR: C:\Program Files\Microsoft Visual Studio\2022\Enterprise\
2025-06-23T20:19:46.2147983Z   VSSDK150INSTALL: C:\Program Files\Microsoft Visual Studio\2022\Enterprise\VSSDK
2025-06-23T20:19:46.2148425Z   VSSDKINSTALL: C:\Program Files\Microsoft Visual Studio\2022\Enterprise\VSSDK
2025-06-23T20:19:46.2149046Z   WindowsLibPath: C:\Program Files (x86)\Windows Kits\10\UnionMetadata\10.0.26100.0;C:\Program Files (x86)\Windows Kits\10\References\10.0.26100.0
2025-06-23T20:19:46.2149627Z   WindowsSdkBinPath: C:\Program Files (x86)\Windows Kits\10\bin\
2025-06-23T20:19:46.2149991Z   WindowsSdkDir: C:\Program Files (x86)\Windows Kits\10\
2025-06-23T20:19:46.2150276Z   WindowsSDKLibVersion: 10.0.26100.0\
2025-06-23T20:19:46.2150604Z   WindowsSdkVerBinPath: C:\Program Files (x86)\Windows Kits\10\bin\10.0.26100.0\
2025-06-23T20:19:46.2150949Z   WindowsSDKVersion: 10.0.26100.0\
2025-06-23T20:19:46.2151363Z   WindowsSDK_ExecutablePath_x64: C:\Program Files (x86)\Microsoft SDKs\Windows\v10.0A\bin\NETFX 4.8 Tools\x64\
2025-06-23T20:19:46.2151961Z   WindowsSDK_ExecutablePath_x86: C:\Program Files (x86)\Microsoft SDKs\Windows\v10.0A\bin\NETFX 4.8 Tools\
2025-06-23T20:19:46.2152362Z   __DOTNET_ADD_64BIT: 1
2025-06-23T20:19:46.2152555Z   __DOTNET_PREFERRED_BITNESS: 64
2025-06-23T20:19:46.2160518Z   __VSCMD_PREINIT_PATH: C:\Users\runneradmin\AppData\Roaming\Python\Python39\Scripts;C:\hostedtoolcache\windows\Python\3.9.13\x64\Scripts;C:\hostedtoolcache\windows\Python\3.9.13\x64;C:\Program Files\MongoDB\Server\5.0\bin;C:\aliyun-cli;C:\vcpkg;C:\Program Files (x86)\NSIS\;C:\tools\zstd;C:\Program Files\Mercurial\;C:\hostedtoolcache\windows\stack\3.5.1\x64;C:\cabal\bin;C:\\ghcup\bin;C:\mingw64\bin;C:\Program Files\dotnet;C:\Program Files\MySQL\MySQL Server 8.0\bin;C:\Program Files\R\R-4.4.2\bin\x64;C:\SeleniumWebDrivers\GeckoDriver;C:\SeleniumWebDrivers\EdgeDriver\;C:\SeleniumWebDrivers\ChromeDriver;C:\Program Files (x86)\sbt\bin;C:\Program Files (x86)\GitHub CLI;C:\Program Files\Git\bin;C:\Program Files (x86)\pipx_bin;C:\npm\prefix;C:\hostedtoolcache\windows\go\1.24.3\x64\bin;C:\hostedtoolcache\windows\Python\3.9.13\x64\Scripts;C:\hostedtoolcache\windows\Python\3.9.13\x64;C:\hostedtoolcache\windows\Ruby\3.3.8\x64\bin;C:\Program Files\OpenSSL\bin;C:\tools\kotlinc\bin;C:\hostedtoolcache\windows\Java_Temurin-Hotspot_jdk\8.0.452-9\x64\bin;C:\Program Files\ImageMagick-7.1.1-Q16-HDRI;C:\Program Files\Microsoft SDKs\Azure\CLI2\wbin;C:\ProgramData\kind;C:\ProgramData\Chocolatey\bin;C:\Windows\system32;C:\Windows;C:\Windows\System32\Wbem;C:\Windows\System32\WindowsPowerShell\v1.0\;C:\Windows\System32\OpenSSH\;C:\Program Files\dotnet\;C:\Program Files\PowerShell\7\;C:\Program Files\Microsoft\Web Platform Installer\;C:\Program Files\TortoiseSVN\bin;C:\Program Files\Microsoft SQL Server\Client SDK\ODBC\170\Tools\Binn\;C:\Program Files\Microsoft SQL Server\150\Tools\Binn\;C:\Program Files (x86)\Windows Kits\10\Windows Performance Toolkit\;C:\Program Files (x86)\WiX Toolset v3.14\bin;C:\Program Files\Microsoft SQL Server\130\DTS\Binn\;C:\Program Files\Microsoft SQL Server\140\DTS\Binn\;C:\Program Files\Microsoft SQL Server\150\DTS\Binn\;C:\Program Files\Microsoft SQL Server\160\DTS\Binn\;C:\Strawberry\c\bin;C:\Strawberry\perl\site\bin;C:\Strawberry\perl\bin;C:\ProgramData\chocolatey\lib\pulumi\tools\Pulumi\bin;C:\Program Files\CMake\bin;C:\ProgramData\chocolatey\lib\maven\apache-maven-3.9.9\bin;C:\Program Files\Microsoft Service Fabric\bin\Fabric\Fabric.Code;C:\Program Files\Microsoft SDKs\Service Fabric\Tools\ServiceFabricLocalClusterManager;C:\Program Files\nodejs\;C:\Program Files\Git\cmd;C:\Program Files\Git\mingw64\bin;C:\Program Files\Git\usr\bin;C:\Program Files\GitHub CLI\;c:\tools\php;C:\Program Files (x86)\sbt\bin;C:\Program Files\Amazon\AWSCLIV2\;C:\Program Files\Amazon\SessionManagerPlugin\bin\;C:\Program Files\Amazon\AWSSAMCLI\bin\;C:\Program Files\Microsoft SQL Server\130\Tools\Binn\;C:\Program Files\LLVM\bin;C:\Users\runneradmin\.dotnet\tools;C:\Users\runneradmin\.cargo\bin;C:\Users\runneradmin\AppData\Local\Microsoft\WindowsApps;C:\Program Files (x86)\Microsoft Visual Studio\Installer
2025-06-23T20:19:46.2168818Z   VCPKG_DEFAULT_BINARY_CACHE: D:/a/synthizer3d/synthizer3d/969f6665-88a2-4c98-938e-ca9259871fec/vcpkg_cache
2025-06-23T20:19:46.2169276Z   VCPKG_BINARY_SOURCES: clear;x-gha,readwrite
2025-06-23T20:19:46.2169838Z   ACTIONS_CACHE_URL: https://acghubeus2.actions.githubusercontent.com/bwbzopuV3oKlbowlUKWdOnf6KF0vjv7EYqCB3ZHqukKhTVgy74/
2025-06-23T20:19:46.2205504Z   ACTIONS_RUNTIME_TOKEN: ***
2025-06-23T20:19:46.2205780Z   RUNVCPKG_VCPKG_ROOT: D:\a\synthizer3d\synthizer3d\vcpkg
2025-06-23T20:19:46.2206160Z   CMAKE_PREFIX_PATH: D:\a\synthizer3d\synthizer3d\vcpkg_installed\x64-windows
2025-06-23T20:19:46.2206487Z ##[endgroup]
2025-06-23T20:19:47.3357058Z Requirement already satisfied: pip in c:\hostedtoolcache\windows\python\3.9.13\x64\lib\site-packages (25.1.1)
2025-06-23T20:19:48.4477537Z Collecting ninja
2025-06-23T20:19:48.4505522Z   Using cached ninja-1.11.1.4-py3-none-win_amd64.whl.metadata (5.0 kB)
2025-06-23T20:19:48.5973620Z Collecting cmake
2025-06-23T20:19:48.6003912Z   Using cached cmake-4.0.3-py3-none-win_amd64.whl.metadata (6.3 kB)
2025-06-23T20:19:48.6365608Z Collecting wheel
2025-06-23T20:19:48.6392760Z   Using cached wheel-0.45.1-py3-none-any.whl.metadata (2.3 kB)
2025-06-23T20:19:48.6414630Z Requirement already satisfied: tomli in c:\hostedtoolcache\windows\python\3.9.13\x64\lib\site-packages (2.2.1)
2025-06-23T20:19:48.6419033Z Requirement already satisfied: setuptools in c:\hostedtoolcache\windows\python\3.9.13\x64\lib\site-packages (58.1.0)
2025-06-23T20:19:48.6423232Z Requirement already satisfied: packaging in c:\hostedtoolcache\windows\python\3.9.13\x64\lib\site-packages (25.0)
2025-06-23T20:19:48.6643874Z Collecting distro
2025-06-23T20:19:48.6670108Z   Using cached distro-1.9.0-py3-none-any.whl.metadata (6.8 kB)
2025-06-23T20:19:48.6946539Z Collecting scikit-build
2025-06-23T20:19:48.6972436Z   Using cached scikit_build-0.18.1-py3-none-any.whl.metadata (18 kB)
2025-06-23T20:19:48.9337088Z Collecting cython
2025-06-23T20:19:48.9367828Z   Using cached cython-3.1.2-cp39-cp39-win_amd64.whl.metadata (6.0 kB)
2025-06-23T20:19:48.9629607Z Collecting build
2025-06-23T20:19:48.9656420Z   Using cached build-1.2.2.post1-py3-none-any.whl.metadata (6.5 kB)
2025-06-23T20:19:49.0053040Z Collecting delvewheel
2025-06-23T20:19:49.0080383Z   Using cached delvewheel-1.10.1-py3-none-any.whl.metadata (17 kB)
2025-06-23T20:19:49.0496809Z Collecting pyproject_hooks (from build)
2025-06-23T20:19:49.0523551Z   Using cached pyproject_hooks-1.2.0-py3-none-any.whl.metadata (1.3 kB)
2025-06-23T20:19:49.0543192Z Requirement already satisfied: colorama in c:\hostedtoolcache\windows\python\3.9.13\x64\lib\site-packages (from build) (0.4.6)
2025-06-23T20:19:49.0999952Z Collecting importlib-metadata>=4.6 (from build)
2025-06-23T20:19:49.1029109Z   Using cached importlib_metadata-8.7.0-py3-none-any.whl.metadata (4.8 kB)
2025-06-23T20:19:49.1281004Z Collecting pefile>=2024.8.26 (from delvewheel)
2025-06-23T20:19:49.1307022Z   Using cached pefile-2024.8.26-py3-none-any.whl.metadata (1.4 kB)
2025-06-23T20:19:49.1645865Z Collecting zipp>=3.20 (from importlib-metadata>=4.6->build)
2025-06-23T20:19:49.1671787Z   Using cached zipp-3.23.0-py3-none-any.whl.metadata (3.6 kB)
2025-06-23T20:19:49.1782460Z Using cached ninja-1.11.1.4-py3-none-win_amd64.whl (296 kB)
2025-06-23T20:19:49.1810009Z Using cached cmake-4.0.3-py3-none-win_amd64.whl (36.9 MB)
2025-06-23T20:19:49.2028488Z Using cached wheel-0.45.1-py3-none-any.whl (72 kB)
2025-06-23T20:19:49.2054799Z Using cached distro-1.9.0-py3-none-any.whl (20 kB)
2025-06-23T20:19:49.2078934Z Using cached scikit_build-0.18.1-py3-none-any.whl (85 kB)
2025-06-23T20:19:49.2103144Z Using cached cython-3.1.2-cp39-cp39-win_amd64.whl (2.7 MB)
2025-06-23T20:19:49.2141081Z Using cached build-1.2.2.post1-py3-none-any.whl (22 kB)
2025-06-23T20:19:49.2165061Z Using cached delvewheel-1.10.1-py3-none-any.whl (58 kB)
2025-06-23T20:19:49.2189356Z Using cached importlib_metadata-8.7.0-py3-none-any.whl (27 kB)
2025-06-23T20:19:49.2213413Z Using cached pefile-2024.8.26-py3-none-any.whl (74 kB)
2025-06-23T20:19:49.2237832Z Using cached zipp-3.23.0-py3-none-any.whl (10 kB)
2025-06-23T20:19:49.2262044Z Using cached pyproject_hooks-1.2.0-py3-none-any.whl (10 kB)
2025-06-23T20:19:49.4892806Z Installing collected packages: zipp, wheel, pyproject_hooks, pefile, ninja, distro, cython, cmake, scikit-build, importlib-metadata, delvewheel, build
2025-06-23T20:20:01.1186188Z 
2025-06-23T20:20:01.1264497Z Successfully installed build-1.2.2.post1 cmake-4.0.3 cython-3.1.2 delvewheel-1.10.1 distro-1.9.0 importlib-metadata-8.7.0 ninja-1.11.1.4 pefile-2024.8.26 pyproject_hooks-1.2.0 scikit-build-0.18.1 wheel-0.45.1 zipp-3.23.0
2025-06-23T20:20:01.3051872Z ##[group]Run Set-Location $Env:GITHUB_WORKSPACE
2025-06-23T20:20:01.3052336Z [36;1mSet-Location $Env:GITHUB_WORKSPACE[0m
2025-06-23T20:20:01.3052665Z [36;1mWrite-Host "Arch: x64"[0m
2025-06-23T20:20:01.3053119Z [36;1mWrite-Host "Current CMAKE_PREFIX_PATH for build is: $env:CMAKE_PREFIX_PATH"[0m
2025-06-23T20:20:01.3053865Z [36;1mWrite-Host "EFFECTIVE_VCPKG_INSTALLED_DIR_BASE for build is: $env:EFFECTIVE_VCPKG_INSTALLED_DIR_BASE"[0m
2025-06-23T20:20:01.3054816Z [36;1mWrite-Host "Synthizer expects vcpkg path (for debug/verification): $env:SYNTHIZER_EXPECTED_VCPKG_PATH_FOR_DEBUG"[0m
2025-06-23T20:20:01.3055480Z [36;1mpython -m build --wheel --no-isolation[0m
2025-06-23T20:20:01.3086066Z shell: C:\Windows\System32\WindowsPowerShell\v1.0\powershell.EXE -command ". '{0}'"
2025-06-23T20:20:01.3086495Z env:
2025-06-23T20:20:01.3086670Z   PYVERSION: 3.9
2025-06-23T20:20:01.3086848Z   CI_ARCH_LOWER: x64
2025-06-23T20:20:01.3087035Z   CI_WINDOWS: 1
2025-06-23T20:20:01.3087233Z   CI_ARCH_ENV: x64
2025-06-23T20:20:01.3087424Z   VCPKG_DEFAULT_TRIPLET: x64-windows
2025-06-23T20:20:01.3087805Z   EFFECTIVE_VCPKG_INSTALLED_DIR_BASE: D:\a\synthizer3d\synthizer3d\vcpkg_installed
2025-06-23T20:20:01.3088263Z   pythonLocation: C:\hostedtoolcache\windows\Python\3.9.13\x64
2025-06-23T20:20:01.3088686Z   PKG_CONFIG_PATH: C:\hostedtoolcache\windows\Python\3.9.13\x64/lib/pkgconfig
2025-06-23T20:20:01.3089114Z   Python_ROOT_DIR: C:\hostedtoolcache\windows\Python\3.9.13\x64
2025-06-23T20:20:01.3089517Z   Python2_ROOT_DIR: C:\hostedtoolcache\windows\Python\3.9.13\x64
2025-06-23T20:20:01.3089915Z   Python3_ROOT_DIR: C:\hostedtoolcache\windows\Python\3.9.13\x64
2025-06-23T20:20:01.3090250Z   CommandPromptType: Native
2025-06-23T20:20:01.3090621Z   DevEnvDir: C:\Program Files\Microsoft Visual Studio\2022\Enterprise\Common7\IDE\
2025-06-23T20:20:01.3091137Z   ExtensionSdkDir: C:\Program Files (x86)\Microsoft SDKs\Windows Kits\10\ExtensionSDKs
2025-06-23T20:20:01.3093332Z   EXTERNAL_INCLUDE: C:\Program Files\Microsoft Visual Studio\2022\Enterprise\VC\Tools\MSVC\14.43.34808\include;C:\Program Files\Microsoft Visual Studio\2022\Enterprise\VC\Tools\MSVC\14.43.34808\ATLMFC\include;C:\Program Files\Microsoft Visual Studio\2022\Enterprise\VC\Auxiliary\VS\include;C:\Program Files (x86)\Windows Kits\10\include\10.0.26100.0\ucrt;C:\Program Files (x86)\Windows Kits\10\\include\10.0.26100.0\\um;C:\Program Files (x86)\Windows Kits\10\\include\10.0.26100.0\\shared;C:\Program Files (x86)\Windows Kits\10\\include\10.0.26100.0\\winrt;C:\Program Files (x86)\Windows Kits\10\\include\10.0.26100.0\\cppwinrt;C:\Program Files (x86)\Windows Kits\NETFXSDK\4.8\include\um
2025-06-23T20:20:01.3095391Z   Framework40Version: v4.0
2025-06-23T20:20:01.3095820Z   FrameworkDir: C:\Windows\Microsoft.NET\Framework64\
2025-06-23T20:20:01.3096160Z   FrameworkDir64: C:\Windows\Microsoft.NET\Framework64\
2025-06-23T20:20:01.3096447Z   FrameworkVersion: v4.0.30319
2025-06-23T20:20:01.3096679Z   FrameworkVersion64: v4.0.30319
2025-06-23T20:20:01.3097196Z   FSHARPINSTALLDIR: C:\Program Files\Microsoft Visual Studio\2022\Enterprise\Common7\IDE\CommonExtensions\Microsoft\FSharp\Tools
2025-06-23T20:20:01.3097776Z   HTMLHelpDir: C:\Program Files (x86)\HTML Help Workshop
2025-06-23T20:20:01.3098246Z   IFCPATH: C:\Program Files\Microsoft Visual Studio\2022\Enterprise\VC\Tools\MSVC\14.43.34808\ifc\x64
2025-06-23T20:20:01.3102132Z   INCLUDE: C:\Program Files\Microsoft Visual Studio\2022\Enterprise\VC\Tools\MSVC\14.43.34808\include;C:\Program Files\Microsoft Visual Studio\2022\Enterprise\VC\Tools\MSVC\14.43.34808\ATLMFC\include;C:\Program Files\Microsoft Visual Studio\2022\Enterprise\VC\Auxiliary\VS\include;C:\Program Files (x86)\Windows Kits\10\include\10.0.26100.0\ucrt;C:\Program Files (x86)\Windows Kits\10\\include\10.0.26100.0\\um;C:\Program Files (x86)\Windows Kits\10\\include\10.0.26100.0\\shared;C:\Program Files (x86)\Windows Kits\10\\include\10.0.26100.0\\winrt;C:\Program Files (x86)\Windows Kits\10\\include\10.0.26100.0\\cppwinrt;C:\Program Files (x86)\Windows Kits\NETFXSDK\4.8\include\um
2025-06-23T20:20:01.3104494Z   is_x64_arch: true
2025-06-23T20:20:01.3105557Z   LIB: C:\Program Files\Microsoft Visual Studio\2022\Enterprise\VC\Tools\MSVC\14.43.34808\ATLMFC\lib\x64;C:\Program Files\Microsoft Visual Studio\2022\Enterprise\VC\Tools\MSVC\14.43.34808\lib\x64;C:\Program Files (x86)\Windows Kits\NETFXSDK\4.8\lib\um\x64;C:\Program Files (x86)\Windows Kits\10\lib\10.0.26100.0\ucrt\x64;C:\Program Files (x86)\Windows Kits\10\\lib\10.0.26100.0\\um\x64
2025-06-23T20:20:01.3107824Z   LIBPATH: C:\Program Files\Microsoft Visual Studio\2022\Enterprise\VC\Tools\MSVC\14.43.34808\ATLMFC\lib\x64;C:\Program Files\Microsoft Visual Studio\2022\Enterprise\VC\Tools\MSVC\14.43.34808\lib\x64;C:\Program Files\Microsoft Visual Studio\2022\Enterprise\VC\Tools\MSVC\14.43.34808\lib\x86\store\references;C:\Program Files (x86)\Windows Kits\10\UnionMetadata\10.0.26100.0;C:\Program Files (x86)\Windows Kits\10\References\10.0.26100.0;C:\Windows\Microsoft.NET\Framework64\v4.0.30319
2025-06-23T20:20:01.3109311Z   NETFXSDKDir: C:\Program Files (x86)\Windows Kits\NETFXSDK\4.8\
2025-06-23T20:20:01.3123008Z   Path: C:\Program Files\Microsoft Visual Studio\2022\Enterprise\VC\Tools\MSVC\14.43.34808\bin\HostX64\x64;C:\Program Files\Microsoft Visual Studio\2022\Enterprise\Common7\IDE\VC\VCPackages;C:\Program Files\Microsoft Visual Studio\2022\Enterprise\Common7\IDE\CommonExtensions\Microsoft\TestWindow;C:\Program Files\Microsoft Visual Studio\2022\Enterprise\Common7\IDE\CommonExtensions\Microsoft\TeamFoundation\Team Explorer;C:\Program Files\Microsoft Visual Studio\2022\Enterprise\MSBuild\Current\bin\Roslyn;C:\Program Files (x86)\Microsoft SDKs\Windows\v10.0A\bin\NETFX 4.8 Tools\x64\;C:\Program Files (x86)\HTML Help Workshop;C:\Program Files\Microsoft Visual Studio\2022\Enterprise\Common7\IDE\CommonExtensions\Microsoft\FSharp\Tools;C:\Program Files\Microsoft Visual Studio\2022\Enterprise\Team Tools\DiagnosticsHub\Collector;C:\Program Files\Microsoft Visual Studio\2022\Enterprise\Common7\IDE\Extensions\Microsoft\CodeCoverage.Console;C:\Program Files (x86)\Windows Kits\10\bin\10.0.26100.0\\x64;C:\Program Files (x86)\Windows Kits\10\bin\\x64;C:\Program Files\Microsoft Visual Studio\2022\Enterprise\\MSBuild\Current\Bin\amd64;C:\Windows\Microsoft.NET\Framework64\v4.0.30319;C:\Program Files\Microsoft Visual Studio\2022\Enterprise\Common7\IDE\;C:\Program Files\Microsoft Visual Studio\2022\Enterprise\Common7\Tools\;C:\Users\runneradmin\AppData\Roaming\Python\Python39\Scripts;C:\hostedtoolcache\windows\Python\3.9.13\x64\Scripts;C:\hostedtoolcache\windows\Python\3.9.13\x64;C:\Program Files\MongoDB\Server\5.0\bin;C:\aliyun-cli;C:\vcpkg;C:\Program Files (x86)\NSIS\;C:\tools\zstd;C:\Program Files\Mercurial\;C:\hostedtoolcache\windows\stack\3.5.1\x64;C:\cabal\bin;C:\\ghcup\bin;C:\mingw64\bin;C:\Program Files\dotnet;C:\Program Files\MySQL\MySQL Server 8.0\bin;C:\Program Files\R\R-4.4.2\bin\x64;C:\SeleniumWebDrivers\GeckoDriver;C:\SeleniumWebDrivers\EdgeDriver\;C:\SeleniumWebDrivers\ChromeDriver;C:\Program Files (x86)\sbt\bin;C:\Program Files (x86)\GitHub CLI;C:\Program Files\Git\bin;C:\Program Files (x86)\pipx_bin;C:\npm\prefix;C:\hostedtoolcache\windows\go\1.24.3\x64\bin;C:\hostedtoolcache\windows\Ruby\3.3.8\x64\bin;C:\Program Files\OpenSSL\bin;C:\tools\kotlinc\bin;C:\hostedtoolcache\windows\Java_Temurin-Hotspot_jdk\8.0.452-9\x64\bin;C:\Program Files\ImageMagick-7.1.1-Q16-HDRI;C:\Program Files\Microsoft SDKs\Azure\CLI2\wbin;C:\ProgramData\kind;C:\ProgramData\Chocolatey\bin;C:\Windows\system32;C:\Windows;C:\Windows\System32\Wbem;C:\Windows\System32\WindowsPowerShell\v1.0\;C:\Windows\System32\OpenSSH\;C:\Program Files\dotnet\;C:\Program Files\PowerShell\7\;C:\Program Files\Microsoft\Web Platform Installer\;C:\Program Files\TortoiseSVN\bin;C:\Program Files\Microsoft SQL Server\Client SDK\ODBC\170\Tools\Binn\;C:\Program Files\Microsoft SQL Server\150\Tools\Binn\;C:\Program Files (x86)\Windows Kits\10\Windows Performance Toolkit\;C:\Program Files (x86)\WiX Toolset v3.14\bin;C:\Program Files\Microsoft SQL Server\130\DTS\Binn\;C:\Program Files\Microsoft SQL Server\140\DTS\Binn\;C:\Program Files\Microsoft SQL Server\150\DTS\Binn\;C:\Program Files\Microsoft SQL Server\160\DTS\Binn\;C:\Strawberry\c\bin;C:\Strawberry\perl\site\bin;C:\Strawberry\perl\bin;C:\ProgramData\chocolatey\lib\pulumi\tools\Pulumi\bin;C:\Program Files\CMake\bin;C:\ProgramData\chocolatey\lib\maven\apache-maven-3.9.9\bin;C:\Program Files\Microsoft Service Fabric\bin\Fabric\Fabric.Code;C:\Program Files\Microsoft SDKs\Service Fabric\Tools\ServiceFabricLocalClusterManager;C:\Program Files\nodejs\;C:\Program Files\Git\cmd;C:\Program Files\Git\mingw64\bin;C:\Program Files\Git\usr\bin;C:\Program Files\GitHub CLI\;c:\tools\php;C:\Program Files\Amazon\AWSCLIV2\;C:\Program Files\Amazon\SessionManagerPlugin\bin\;C:\Program Files\Amazon\AWSSAMCLI\bin\;C:\Program Files\Microsoft SQL Server\130\Tools\Binn\;C:\Program Files\LLVM\bin;C:\Users\runneradmin\.dotnet\tools;C:\Users\runneradmin\.cargo\bin;C:\Users\runneradmin\AppData\Local\Microsoft\WindowsApps;C:\Program Files (x86)\Microsoft Visual Studio\Installer;C:\Program Files\Microsoft Visual Studio\2022\Enterprise\VC\Tools\Llvm\x64\bin;C:\Program Files\Microsoft Visual Studio\2022\Enterprise\Common7\IDE\CommonExtensions\Microsoft\CMake\CMake\bin;C:\Program Files\Microsoft Visual Studio\2022\Enterprise\Common7\IDE\CommonExtensions\Microsoft\CMake\Ninja;C:\Program Files\Microsoft Visual Studio\2022\Enterprise\Common7\IDE\VC\Linux\bin\ConnectionManagerExe;C:\Program Files\Microsoft Visual Studio\2022\Enterprise\VC\vcpkg
2025-06-23T20:20:01.3136412Z   Platform: x64
2025-06-23T20:20:01.3136597Z   UCRTVersion: 10.0.26100.0
2025-06-23T20:20:01.3136887Z   UniversalCRTSdkDir: C:\Program Files (x86)\Windows Kits\10\
2025-06-23T20:20:01.3137340Z   VCIDEInstallDir: C:\Program Files\Microsoft Visual Studio\2022\Enterprise\Common7\IDE\VC\
2025-06-23T20:20:01.3137824Z   VCINSTALLDIR: C:\Program Files\Microsoft Visual Studio\2022\Enterprise\VC\
2025-06-23T20:20:01.3138194Z   VCPKG_ROOT: D:\a\synthizer3d\synthizer3d\vcpkg
2025-06-23T20:20:01.3138640Z   VCToolsInstallDir: C:\Program Files\Microsoft Visual Studio\2022\Enterprise\VC\Tools\MSVC\14.43.34808\
2025-06-23T20:20:01.3139235Z   VCToolsRedistDir: C:\Program Files\Microsoft Visual Studio\2022\Enterprise\VC\Redist\MSVC\14.42.34433\
2025-06-23T20:20:01.3139652Z   VCToolsVersion: 14.43.34808
2025-06-23T20:20:01.3139867Z   VisualStudioVersion: 17.0
2025-06-23T20:20:01.3140205Z   VS170COMNTOOLS: C:\Program Files\Microsoft Visual Studio\2022\Enterprise\Common7\Tools\
2025-06-23T20:20:01.3140578Z   VSCMD_ARG_app_plat: Desktop
2025-06-23T20:20:01.3140787Z   VSCMD_ARG_HOST_ARCH: x64
2025-06-23T20:20:01.3140978Z   VSCMD_ARG_TGT_ARCH: x64
2025-06-23T20:20:01.3141157Z   VSCMD_VER: 17.13.2
2025-06-23T20:20:01.3141527Z   VSINSTALLDIR: C:\Program Files\Microsoft Visual Studio\2022\Enterprise\
2025-06-23T20:20:01.3141968Z   VSSDK150INSTALL: C:\Program Files\Microsoft Visual Studio\2022\Enterprise\VSSDK
2025-06-23T20:20:01.3142417Z   VSSDKINSTALL: C:\Program Files\Microsoft Visual Studio\2022\Enterprise\VSSDK
2025-06-23T20:20:01.3143025Z   WindowsLibPath: C:\Program Files (x86)\Windows Kits\10\UnionMetadata\10.0.26100.0;C:\Program Files (x86)\Windows Kits\10\References\10.0.26100.0
2025-06-23T20:20:01.3143601Z   WindowsSdkBinPath: C:\Program Files (x86)\Windows Kits\10\bin\
2025-06-23T20:20:01.3143951Z   WindowsSdkDir: C:\Program Files (x86)\Windows Kits\10\
2025-06-23T20:20:01.3144232Z   WindowsSDKLibVersion: 10.0.26100.0\
2025-06-23T20:20:01.3144565Z   WindowsSdkVerBinPath: C:\Program Files (x86)\Windows Kits\10\bin\10.0.26100.0\
2025-06-23T20:20:01.3144910Z   WindowsSDKVersion: 10.0.26100.0\
2025-06-23T20:20:01.3145320Z   WindowsSDK_ExecutablePath_x64: C:\Program Files (x86)\Microsoft SDKs\Windows\v10.0A\bin\NETFX 4.8 Tools\x64\
2025-06-23T20:20:01.3145927Z   WindowsSDK_ExecutablePath_x86: C:\Program Files (x86)\Microsoft SDKs\Windows\v10.0A\bin\NETFX 4.8 Tools\
2025-06-23T20:20:01.3146328Z   __DOTNET_ADD_64BIT: 1
2025-06-23T20:20:01.3146597Z   __DOTNET_PREFERRED_BITNESS: 64
2025-06-23T20:20:01.3154527Z   __VSCMD_PREINIT_PATH: C:\Users\runneradmin\AppData\Roaming\Python\Python39\Scripts;C:\hostedtoolcache\windows\Python\3.9.13\x64\Scripts;C:\hostedtoolcache\windows\Python\3.9.13\x64;C:\Program Files\MongoDB\Server\5.0\bin;C:\aliyun-cli;C:\vcpkg;C:\Program Files (x86)\NSIS\;C:\tools\zstd;C:\Program Files\Mercurial\;C:\hostedtoolcache\windows\stack\3.5.1\x64;C:\cabal\bin;C:\\ghcup\bin;C:\mingw64\bin;C:\Program Files\dotnet;C:\Program Files\MySQL\MySQL Server 8.0\bin;C:\Program Files\R\R-4.4.2\bin\x64;C:\SeleniumWebDrivers\GeckoDriver;C:\SeleniumWebDrivers\EdgeDriver\;C:\SeleniumWebDrivers\ChromeDriver;C:\Program Files (x86)\sbt\bin;C:\Program Files (x86)\GitHub CLI;C:\Program Files\Git\bin;C:\Program Files (x86)\pipx_bin;C:\npm\prefix;C:\hostedtoolcache\windows\go\1.24.3\x64\bin;C:\hostedtoolcache\windows\Python\3.9.13\x64\Scripts;C:\hostedtoolcache\windows\Python\3.9.13\x64;C:\hostedtoolcache\windows\Ruby\3.3.8\x64\bin;C:\Program Files\OpenSSL\bin;C:\tools\kotlinc\bin;C:\hostedtoolcache\windows\Java_Temurin-Hotspot_jdk\8.0.452-9\x64\bin;C:\Program Files\ImageMagick-7.1.1-Q16-HDRI;C:\Program Files\Microsoft SDKs\Azure\CLI2\wbin;C:\ProgramData\kind;C:\ProgramData\Chocolatey\bin;C:\Windows\system32;C:\Windows;C:\Windows\System32\Wbem;C:\Windows\System32\WindowsPowerShell\v1.0\;C:\Windows\System32\OpenSSH\;C:\Program Files\dotnet\;C:\Program Files\PowerShell\7\;C:\Program Files\Microsoft\Web Platform Installer\;C:\Program Files\TortoiseSVN\bin;C:\Program Files\Microsoft SQL Server\Client SDK\ODBC\170\Tools\Binn\;C:\Program Files\Microsoft SQL Server\150\Tools\Binn\;C:\Program Files (x86)\Windows Kits\10\Windows Performance Toolkit\;C:\Program Files (x86)\WiX Toolset v3.14\bin;C:\Program Files\Microsoft SQL Server\130\DTS\Binn\;C:\Program Files\Microsoft SQL Server\140\DTS\Binn\;C:\Program Files\Microsoft SQL Server\150\DTS\Binn\;C:\Program Files\Microsoft SQL Server\160\DTS\Binn\;C:\Strawberry\c\bin;C:\Strawberry\perl\site\bin;C:\Strawberry\perl\bin;C:\ProgramData\chocolatey\lib\pulumi\tools\Pulumi\bin;C:\Program Files\CMake\bin;C:\ProgramData\chocolatey\lib\maven\apache-maven-3.9.9\bin;C:\Program Files\Microsoft Service Fabric\bin\Fabric\Fabric.Code;C:\Program Files\Microsoft SDKs\Service Fabric\Tools\ServiceFabricLocalClusterManager;C:\Program Files\nodejs\;C:\Program Files\Git\cmd;C:\Program Files\Git\mingw64\bin;C:\Program Files\Git\usr\bin;C:\Program Files\GitHub CLI\;c:\tools\php;C:\Program Files (x86)\sbt\bin;C:\Program Files\Amazon\AWSCLIV2\;C:\Program Files\Amazon\SessionManagerPlugin\bin\;C:\Program Files\Amazon\AWSSAMCLI\bin\;C:\Program Files\Microsoft SQL Server\130\Tools\Binn\;C:\Program Files\LLVM\bin;C:\Users\runneradmin\.dotnet\tools;C:\Users\runneradmin\.cargo\bin;C:\Users\runneradmin\AppData\Local\Microsoft\WindowsApps;C:\Program Files (x86)\Microsoft Visual Studio\Installer
2025-06-23T20:20:01.3162896Z   VCPKG_DEFAULT_BINARY_CACHE: D:/a/synthizer3d/synthizer3d/969f6665-88a2-4c98-938e-ca9259871fec/vcpkg_cache
2025-06-23T20:20:01.3163360Z   VCPKG_BINARY_SOURCES: clear;x-gha,readwrite
2025-06-23T20:20:01.3163918Z   ACTIONS_CACHE_URL: https://acghubeus2.actions.githubusercontent.com/bwbzopuV3oKlbowlUKWdOnf6KF0vjv7EYqCB3ZHqukKhTVgy74/
2025-06-23T20:20:01.3199615Z   ACTIONS_RUNTIME_TOKEN: ***
2025-06-23T20:20:01.3199881Z   RUNVCPKG_VCPKG_ROOT: D:\a\synthizer3d\synthizer3d\vcpkg
2025-06-23T20:20:01.3200268Z   CMAKE_PREFIX_PATH: D:\a\synthizer3d\synthizer3d\vcpkg_installed\x64-windows
2025-06-23T20:20:01.3200768Z   SYNTHIZER_EXPECTED_VCPKG_PATH_FOR_DEBUG: D:\a\synthizer3d\synthizer3d\vcpkg_installed\x64-windows
2025-06-23T20:20:01.3201158Z ##[endgroup]
2025-06-23T20:20:01.6124571Z Arch: x64
2025-06-23T20:20:01.6142375Z Current CMAKE_PREFIX_PATH for build is: D:\a\synthizer3d\synthizer3d\vcpkg_installed\x64-windows
2025-06-23T20:20:01.6149566Z EFFECTIVE_VCPKG_INSTALLED_DIR_BASE for build is: D:\a\synthizer3d\synthizer3d\vcpkg_installed
2025-06-23T20:20:01.6157407Z Synthizer expects vcpkg path (for debug/verification): D:\a\synthizer3d\synthizer3d\vcpkg_installed\x64-windows
2025-06-23T20:20:01.8226631Z * Getting build dependencies for wheel...
2025-06-23T20:20:05.8707786Z Set VCPKG_INSTALLED_PATH to D:\a\synthizer3d\synthizer3d\vcpkg_installed\x64-windows
2025-06-23T20:20:05.8708184Z 
2025-06-23T20:20:05.8708191Z 
2025-06-23T20:20:05.8708535Z --------------------------------------------------------------------------------
2025-06-23T20:20:05.8709113Z -- Trying 'Ninja (Visual Studio 17 2022 x64 v144)' generator
2025-06-23T20:20:05.8709528Z --------------------------------
2025-06-23T20:20:05.8709830Z ---------------------------
2025-06-23T20:20:05.8710109Z ----------------------
2025-06-23T20:20:05.8710353Z -----------------
2025-06-23T20:20:05.8710549Z ------------
2025-06-23T20:20:05.8710785Z -------
2025-06-23T20:20:05.8710971Z --
2025-06-23T20:20:05.8838216Z Not searching for unused variables given on the command line.
2025-06-23T20:20:05.9866827Z CMake Deprecation Warning at CMakeLists.txt:1 (cmake_minimum_required):
2025-06-23T20:20:05.9867951Z   Compatibility with CMake < 3.10 will be removed from a future version of
2025-06-23T20:20:05.9868545Z   CMake.
2025-06-23T20:20:05.9868741Z 
2025-06-23T20:20:05.9869248Z   Update the VERSION argument <min> value.  Or, use the <min>...<max> syntax
2025-06-23T20:20:05.9870196Z   to tell CMake that the project requires at least <min> but has been updated
2025-06-23T20:20:05.9870995Z   to work with policies introduced by <max> or earlier.
2025-06-23T20:20:05.9871359Z 
2025-06-23T20:20:05.9871368Z 
2025-06-23T20:20:08.8842132Z -- The C compiler identification is MSVC 19.43.34808.0
2025-06-23T20:20:09.1587626Z -- Detecting C compiler ABI info
2025-06-23T20:20:10.5705523Z -- Detecting C compiler ABI info - done
2025-06-23T20:20:10.6111776Z -- Check for working C compiler: C:/Program Files/Microsoft Visual Studio/2022/Enterprise/VC/Tools/MSVC/14.43.34808/bin/Hostx86/x64/cl.exe - skipped
2025-06-23T20:20:10.6115838Z -- Detecting C compile features
2025-06-23T20:20:10.6122409Z -- Detecting C compile features - done
2025-06-23T20:20:11.5373292Z -- The CXX compiler identification is MSVC 19.43.34808.0
2025-06-23T20:20:11.5459387Z -- Detecting CXX compiler ABI info
2025-06-23T20:20:12.0898413Z -- Detecting CXX compiler ABI info - done
2025-06-23T20:20:12.1035235Z -- Check for working CXX compiler: C:/Program Files/Microsoft Visual Studio/2022/Enterprise/VC/Tools/MSVC/14.43.34808/bin/Hostx86/x64/cl.exe - skipped
2025-06-23T20:20:12.1039284Z -- Detecting CXX compile features
2025-06-23T20:20:12.1050984Z -- Detecting CXX compile features - done
2025-06-23T20:20:12.1079619Z -- Configuring done (6.2s)
2025-06-23T20:20:12.1228979Z -- Generating done (0.0s)
2025-06-23T20:20:12.1236661Z -- Build files have been written to: D:/a/synthizer3d/synthizer3d/_cmake_test_compile/build
2025-06-23T20:20:12.1300010Z --
2025-06-23T20:20:12.1300287Z -------
2025-06-23T20:20:12.1300515Z ------------
2025-06-23T20:20:12.1300828Z -----------------
2025-06-23T20:20:12.1301454Z ----------------------
2025-06-23T20:20:12.1301749Z ---------------------------
2025-06-23T20:20:12.1302025Z --------------------------------
2025-06-23T20:20:12.1302463Z -- Trying 'Ninja (Visual Studio 17 2022 x64 v144)' generator - success
2025-06-23T20:20:12.1302984Z --------------------------------------------------------------------------------
2025-06-23T20:20:12.1303244Z 
2025-06-23T20:20:12.1632514Z Configuring Project
2025-06-23T20:20:12.1632999Z   Working directory:
2025-06-23T20:20:12.1633814Z     D:\a\synthizer3d\synthizer3d\_skbuild\win-amd64-3.9\cmake-build
2025-06-23T20:20:12.1634248Z   Command:
2025-06-23T20:20:12.1646476Z     'C:\hostedtoolcache\windows\Python\3.9.13\x64\Lib\site-packages\cmake\data\bin/cmake.exe' 'D:\a\synthizer3d\synthizer3d\synthizer-vendored' -G Ninja '-DCMAKE_MAKE_PROGRAM:FILEPATH=C:\hostedtoolcache\windows\Python\3.9.13\x64\Scripts\ninja' -D_SKBUILD_FORCE_MSVC=1930 --no-warn-unused-cli '-DCMAKE_INSTALL_PREFIX:PATH=D:\a\synthizer3d\synthizer3d\_skbuild\win-amd64-3.9\cmake-install' -DPYTHON_VERSION_STRING:STRING=3.9.13 -DSKBUILD:INTERNAL=TRUE '-DCMAKE_MODULE_PATH:PATH=C:\hostedtoolcache\windows\Python\3.9.13\x64\lib\site-packages\skbuild\resources\cmake' '-DPYTHON_EXECUTABLE:PATH=C:\hostedtoolcache\windows\Python\3.9.13\x64\python.exe' '-DPYTHON_INCLUDE_DIR:PATH=C:\hostedtoolcache\windows\Python\3.9.13\x64\Include' '-DPYTHON_LIBRARY:PATH=C:\hostedtoolcache\windows\Python\3.9.13\x64\libs\python39.lib' '-DPython_EXECUTABLE:PATH=C:\hostedtoolcache\windows\Python\3.9.13\x64\python.exe' '-DPython_ROOT_DIR:PATH=C:\hostedtoolcache\windows\Python\3.9.13\x64' -DPython_FIND_REGISTRY:STRING=NEVER '-DPython_INCLUDE_DIR:PATH=C:\hostedtoolcache\windows\Python\3.9.13\x64\Include' '-DPython_LIBRARY:PATH=C:\hostedtoolcache\windows\Python\3.9.13\x64\libs\python39.lib' '-DPython3_EXECUTABLE:PATH=C:\hostedtoolcache\windows\Python\3.9.13\x64\python.exe' '-DPython3_ROOT_DIR:PATH=C:\hostedtoolcache\windows\Python\3.9.13\x64' -DPython3_FIND_REGISTRY:STRING=NEVER '-DPython3_INCLUDE_DIR:PATH=C:\hostedtoolcache\windows\Python\3.9.13\x64\Include' '-DPython3_LIBRARY:PATH=C:\hostedtoolcache\windows\Python\3.9.13\x64\libs\python39.lib' '-DCMAKE_MAKE_PROGRAM:FILEPATH=C:\hostedtoolcache\windows\Python\3.9.13\x64\Scripts\ninja' -DCMAKE_BUILD_TYPE=Release -DCMAKE_MSVC_RUNTIME_LIBRARY=MultiThreadedDLL -DSYZ_STATIC_RUNTIME=OFF -DCMAKE_POSITION_INDEPENDENT_CODE=TRUE -DSYZ_INTEGRATING=ON
2025-06-23T20:20:12.1656437Z 
2025-06-23T20:20:12.1768948Z Not searching for unused variables given on the command line.
2025-06-23T20:20:12.5704761Z -- The C compiler identification is MSVC 19.43.34808.0
2025-06-23T20:20:12.9174636Z -- The CXX compiler identification is MSVC 19.43.34808.0
2025-06-23T20:20:12.9632955Z -- Detecting C compiler ABI info
2025-06-23T20:20:13.5278835Z -- Detecting C compiler ABI info - done
2025-06-23T20:20:13.5418485Z -- Check for working C compiler: C:/Program Files/Microsoft Visual Studio/2022/Enterprise/VC/Tools/MSVC/14.43.34808/bin/Hostx86/x64/cl.exe - skipped
2025-06-23T20:20:13.5422320Z -- Detecting C compile features
2025-06-23T20:20:13.5428645Z -- Detecting C compile features - done
2025-06-23T20:20:13.5525386Z -- Detecting CXX compiler ABI info
2025-06-23T20:20:13.9502235Z -- Detecting CXX compiler ABI info - done
2025-06-23T20:20:13.9642859Z -- Check for working CXX compiler: C:/Program Files/Microsoft Visual Studio/2022/Enterprise/VC/Tools/MSVC/14.43.34808/bin/Hostx86/x64/cl.exe - skipped
2025-06-23T20:20:13.9646956Z -- Detecting CXX compile features
2025-06-23T20:20:13.9658324Z -- Detecting CXX compile features - done
2025-06-23T20:20:14.3099257Z -- Performing Test CMAKE_HAVE_LIBC_PTHREAD
2025-06-23T20:20:15.1366392Z -- Performing Test CMAKE_HAVE_LIBC_PTHREAD - Failed
2025-06-23T20:20:15.1367121Z -- Looking for pthread_create in pthreads
2025-06-23T20:20:15.2810383Z -- Looking for pthread_create in pthreads - not found
2025-06-23T20:20:15.2811310Z -- Looking for pthread_create in pthread
2025-06-23T20:20:15.4159088Z -- Looking for pthread_create in pthread - not found
2025-06-23T20:20:15.4170973Z -- Found Threads: TRUE
2025-06-23T20:20:15.5245728Z -- Found SoundTouch: D:/a/synthizer3d/synthizer3d/vcpkg_installed/x64-windows/debug/bin/SoundTouch.dll
2025-06-23T20:20:15.5251759Z -- Performing Test OP_READ_FLOAT_AVAILABLE
2025-06-23T20:20:16.3277524Z -- Performing Test OP_READ_FLOAT_AVAILABLE - Success
2025-06-23T20:20:16.3278063Z -- op_read_float is available
2025-06-23T20:20:20.4735267Z -- Performing Test FILESYSTEM_OK
2025-06-23T20:20:22.1979127Z -- Performing Test FILESYSTEM_OK - Success
2025-06-23T20:20:22.1979652Z -- Found C++17 filesystem support
2025-06-23T20:20:22.1990338Z -- Using vcpkg includes from VCPKG_INSTALLED_PATH: D:\a\synthizer3d\synthizer3d\vcpkg_installed\x64-windows/include
2025-06-23T20:20:23.1842495Z -- Math library not found
2025-06-23T20:20:23.1852934Z -- Configuring done (11.0s)
2025-06-23T20:20:23.2269725Z -- Generating done (0.0s)
2025-06-23T20:20:23.2279322Z -- Build files have been written to: D:/a/synthizer3d/synthizer3d/_skbuild/win-amd64-3.9/cmake-build
2025-06-23T20:20:26.8961984Z [1/28] Building CXX object CMakeFiles\synthizer.dir\src\base_object.cpp.obj
2025-06-23T20:20:26.9976669Z [2/28] Building CXX object CMakeFiles\synthizer.dir\src\c_api\unity.cpp.obj
2025-06-23T20:20:27.2026417Z FAILED: CMakeFiles/synthizer.dir/src/c_api/unity.cpp.obj 
2025-06-23T20:20:27.3761897Z C:\PROGRA~1\MICROS~2\2022\ENTERP~1\VC\Tools\MSVC\1443~1.348\bin\Hostx86\x64\cl.exe  /nologo /TP -DBUILDING_SYNTHIZER -DNOMINMAX -DOP_READ_FLOAT_AVAILABLE -DSYZ_MAJOR=0 -DSYZ_MINOR=1 -DSYZ_PATCH=9 -DSYZ_USE_FILESYSTEM -DWDL_RESAMPLE_TYPE=float -ID:\a\synthizer3d\synthizer3d\synthizer-vendored\include -ID:\a\synthizer3d\synthizer3d\synthizer-vendored\deps\deps\third_party\wdl -ID:\a\synthizer3d\synthizer3d\vcpkg_installed\x64-windows\include -ID:\a\synthizer3d\synthizer3d\synthizer-vendored\deps\deps\third_party\boost_partial -ID:\a\synthizer3d\synthizer3d\synthizer-vendored\deps\deps\third_party\concurrentqueue -ID:\a\synthizer3d\synthizer3d\synthizer-vendored\deps\deps\third_party\cpp11-on-multicore\common -ID:\a\synthizer3d\synthizer3d\synthizer-vendored\deps\deps\third_party\dr_libs -ID:\a\synthizer3d\synthizer3d\synthizer-vendored\deps\deps\third_party\hedley -ID:\a\synthizer3d\synthizer3d\synthizer-vendored\deps\deps\third_party\miniaudio -ID:\a\synthizer3d\synthizer3d\synthizer-vendored\deps\deps\third_party\pdqsort /DWIN32 /D_WINDOWS /GR /EHsc /O2 /Ob2 /DNDEBUG -std:c++17 -MD /wd4068 /wd5030 /wd4244 /wd4267 /Zc:preprocessor /wd5105 /wd4127 /experimental:external /external:W0 /external:anglebrackets /wd4702 /W4 /WX /showIncludes /FoCMakeFiles\synthizer.dir\src\c_api\unity.cpp.obj /FdCMakeFiles\synthizer.dir\synthizer.pdb /FS -c D:\a\synthizer3d\synthizer3d\synthizer-vendored\src\c_api\unity.cpp
2025-06-23T20:20:27.5280302Z ##[error]D:\a\synthizer3d\synthizer3d\synthizer-vendored\include\synthizer/generators/buffer.hpp(70): error C2059: syntax error: 'do'
2025-06-23T20:20:27.5952598Z ##[error]D:\a\synthizer3d\synthizer3d\synthizer-vendored\include\synthizer/generators/buffer.hpp(70): error C2334: unexpected token(s) preceding '{'; skipping apparent function body
2025-06-23T20:20:27.6280091Z ##[error]D:\a\synthizer3d\synthizer3d\synthizer-vendored\include\synthizer/generators/buffer.hpp(70): error C2059: syntax error: 'while'
2025-06-23T20:20:27.8127751Z ##[error]D:\a\synthizer3d\synthizer3d\synthizer-vendored\include\synthizer/generators/buffer.hpp(70): error C2334: unexpected token(s) preceding '{'; skipping apparent function body
2025-06-23T20:20:27.9376930Z ##[error]D:\a\synthizer3d\synthizer3d\synthizer-vendored\include\synthizer/generators/buffer.hpp(84): error C2059: syntax error: 'do'
2025-06-23T20:20:28.0179267Z ##[error]D:\a\synthizer3d\synthizer3d\synthizer-vendored\include\synthizer/generators/buffer.hpp(84): error C2334: unexpected token(s) preceding '{'; skipping apparent function body
2025-06-23T20:20:28.1418522Z ##[error]D:\a\synthizer3d\synthizer3d\synthizer-vendored\include\synthizer/generators/buffer.hpp(84): error C2059: syntax error: 'while'
2025-06-23T20:20:28.2197599Z ##[error]D:\a\synthizer3d\synthizer3d\synthizer-vendored\include\synthizer/generators/buffer.hpp(84): error C2334: unexpected token(s) preceding '{'; skipping apparent function body
2025-06-23T20:20:28.3445942Z ##[error]D:\a\synthizer3d\synthizer3d\synthizer-vendored\include\synthizer/generators/buffer.hpp(201): error C2589: 'do': illegal token on right side of '::'
2025-06-23T20:20:28.4226491Z ##[error]D:\a\synthizer3d\synthizer3d\synthizer-vendored\include\synthizer/generators/buffer.hpp(201): error C2059: syntax error: 'if'
2025-06-23T20:20:28.5602333Z ##[error]D:\a\synthizer3d\synthizer3d\synthizer-vendored\include\synthizer/generators/buffer.hpp(201): error C2059: syntax error: 'while'
2025-06-23T20:20:28.6265889Z ##[error]D:\a\synthizer3d\synthizer3d\synthizer-vendored\include\synthizer/generators/buffer.hpp(657): error C2589: 'do': illegal token on right side of '::'
2025-06-23T20:20:28.8147444Z ##[error]D:\a\synthizer3d\synthizer3d\synthizer-vendored\include\synthizer/generators/buffer.hpp(657): error C2059: syntax error: 'if'
2025-06-23T20:20:28.8325683Z ##[error]D:\a\synthizer3d\synthizer3d\synthizer-vendored\include\synthizer/generators/buffer.hpp(667): error C2589: 'do': illegal token on right side of '::'
2025-06-23T20:20:29.0170815Z ##[error]D:\a\synthizer3d\synthizer3d\synthizer-vendored\include\synthizer/generators/buffer.hpp(667): error C2059: syntax error: 'if'
2025-06-23T20:20:29.0363675Z ##[error]D:\a\synthizer3d\synthizer3d\synthizer-vendored\include\synthizer/generators/buffer.hpp(670): error C2046: illegal case
2025-06-23T20:20:29.1732167Z ##[error]D:\a\synthizer3d\synthizer3d\synthizer-vendored\include\synthizer/generators/buffer.hpp(676): error C2589: 'do': illegal token on right side of '::'
2025-06-23T20:20:29.2201902Z ##[error]D:\a\synthizer3d\synthizer3d\synthizer-vendored\include\synthizer/generators/buffer.hpp(676): error C2059: syntax error: 'if'
2025-06-23T20:20:29.4229591Z ##[error]D:\a\synthizer3d\synthizer3d\synthizer-vendored\include\synthizer/generators/buffer.hpp(668): error C2043: illegal break
2025-06-23T20:20:29.5333194Z ##[error]D:\a\synthizer3d\synthizer3d\synthizer-vendored\include\synthizer/generators/buffer.hpp(676): error C2059: syntax error: 'while'
2025-06-23T20:20:29.6276074Z ##[error]D:\a\synthizer3d\synthizer3d\synthizer-vendored\include\synthizer/generators/buffer.hpp(677): error C2059: syntax error: 'break'
2025-06-23T20:20:29.7364025Z ##[error]D:\a\synthizer3d\synthizer3d\synthizer-vendored\include\synthizer/generators/buffer.hpp(679): error C2059: syntax error: 'case'
2025-06-23T20:20:29.8302670Z ##[error]D:\a\synthizer3d\synthizer3d\synthizer-vendored\include\synthizer/generators/buffer.hpp(680): error C2059: syntax error: 'this'
2025-06-23T20:20:29.8306305Z ##[error]D:\a\synthizer3d\synthizer3d\synthizer-vendored\include\synthizer/generators/buffer.hpp(681): error C2059: syntax error: 'this'
2025-06-23T20:20:30.0115256Z ##[error]D:\a\synthizer3d\synthizer3d\synthizer-vendored\include\synthizer/generators/buffer.hpp(682): error C2059: syntax error: 'this'
2025-06-23T20:20:30.0331152Z ##[error]D:\a\synthizer3d\synthizer3d\synthizer-vendored\include\synthizer/generators/buffer.hpp(683): error C2059: syntax error: 'this'
2025-06-23T20:20:30.4917094Z ##[error]D:\a\synthizer3d\synthizer3d\synthizer-vendored\include\synthizer/generators/buffer.hpp(684): error C2059: syntax error: 'this'
2025-06-23T20:20:30.7998437Z ##[error]D:\a\synthizer3d\synthizer3d\synthizer-vendored\include\synthizer/generators/buffer.hpp(685): error C2589: 'do': illegal token on right side of '::'
2025-06-23T20:20:31.0994404Z ##[error]D:\a\synthizer3d\synthizer3d\synthizer-vendored\include\synthizer/generators/buffer.hpp(685): error C2059: syntax error: 'function-style cast'
2025-06-23T20:20:31.3984174Z ##[error]D:\a\synthizer3d\synthizer3d\synthizer-vendored\include\synthizer/generators/buffer.hpp(685): error C2143: syntax error: missing ';' before '{'
2025-06-23T20:20:31.6452306Z ##[error]D:\a\synthizer3d\synthizer3d\synthizer-vendored\include\synthizer/generators/buffer.hpp(685): error C2447: '{': missing function header (old-style formal list?)
2025-06-23T20:20:31.8478059Z ##[error]D:\a\synthizer3d\synthizer3d\synthizer-vendored\include\synthizer/generators/buffer.hpp(685): error C2059: syntax error: 'while'
2025-06-23T20:20:32.0661292Z ##[error]D:\a\synthizer3d\synthizer3d\synthizer-vendored\include\synthizer/generators/buffer.hpp(686): error C2059: syntax error: 'break'
2025-06-23T20:20:32.2695915Z ##[error]D:\a\synthizer3d\synthizer3d\synthizer-vendored\include\synthizer/generators/buffer.hpp(687): error C2059: syntax error: '}'
2025-06-23T20:20:32.4766915Z ##[error]D:\a\synthizer3d\synthizer3d\synthizer-vendored\include\synthizer/generators/buffer.hpp(687): error C2143: syntax error: missing ';' before '}'
2025-06-23T20:20:32.6954370Z ##[error]D:\a\synthizer3d\synthizer3d\synthizer-vendored\include\synthizer/generators/buffer.hpp(691): error C2059: syntax error: 'this'
2025-06-23T20:20:32.8800032Z ##[error]D:\a\synthizer3d\synthizer3d\synthizer-vendored\include\synthizer/generators/buffer.hpp(693): error C2059: syntax error: 'this'
2025-06-23T20:20:33.0671178Z ##[error]D:\a\synthizer3d\synthizer3d\synthizer-vendored\include\synthizer/generators/buffer.hpp(694): error C2059: syntax error: 'this'
2025-06-23T20:20:33.2870693Z ##[error]D:\a\synthizer3d\synthizer3d\synthizer-vendored\include\synthizer/generators/buffer.hpp(697): error C2059: syntax error: 'this'
2025-06-23T20:20:33.4611293Z ##[error]D:\a\synthizer3d\synthizer3d\synthizer-vendored\include\synthizer/generators/buffer.hpp(698): error C2059: syntax error: 'this'
2025-06-23T20:20:33.5214877Z ##[error]D:\a\synthizer3d\synthizer3d\synthizer-vendored\include\synthizer/generators/buffer.hpp(699): error C2059: syntax error: 'this'
2025-06-23T20:20:33.7087355Z ##[error]D:\a\synthizer3d\synthizer3d\synthizer-vendored\include\synthizer/generators/buffer.hpp(706): error C2059: syntax error: '}'
2025-06-23T20:20:33.7109447Z ##[error]D:\a\synthizer3d\synthizer3d\synthizer-vendored\include\synthizer/generators/buffer.hpp(706): error C2143: syntax error: missing ';' before '}'
2025-06-23T20:20:33.7272526Z ##[error]D:\a\synthizer3d\synthizer3d\synthizer-vendored\include\synthizer/generators/buffer.hpp(707): error C2143: syntax error: missing ';' before '}'
2025-06-23T20:20:33.7559993Z ##[error]D:\a\synthizer3d\synthizer3d\synthizer-vendored\include\synthizer/generators/buffer.hpp(707): error C2059: syntax error: '}'
2025-06-23T20:20:33.8832214Z ##[error]D:\a\synthizer3d\synthizer3d\synthizer-vendored\include\synthizer/generators/buffer.hpp(709): error C2143: syntax error: missing ';' before '{'
2025-06-23T20:20:33.8839900Z ##[error]D:\a\synthizer3d\synthizer3d\synthizer-vendored\include\synthizer/generators/buffer.hpp(709): error C2447: '{': missing function header (old-style formal list?)
2025-06-23T20:20:33.9126022Z ##[error]D:\a\synthizer3d\synthizer3d\synthizer-vendored\include\synthizer/generators/buffer.hpp(1206): error C2059: syntax error: '}'
2025-06-23T20:20:33.9129183Z ##[error]D:\a\synthizer3d\synthizer3d\synthizer-vendored\include\synthizer/generators/buffer.hpp(1206): error C2143: syntax error: missing ';' before '}'
2025-06-23T20:20:33.9132084Z ##[error]D:\a\synthizer3d\synthizer3d\synthizer-vendored\include\synthizer/fast_sine_bank.hpp(27): error C2143: syntax error: missing ';' before '{'
2025-06-23T20:20:33.9135086Z ##[error]D:\a\synthizer3d\synthizer3d\synthizer-vendored\include\synthizer/fast_sine_bank.hpp(27): error C2447: '{': missing function header (old-style formal list?)
2025-06-23T20:20:33.9138119Z ##[error]D:\a\synthizer3d\synthizer3d\synthizer-vendored\include\synthizer/generators/fast_sine_bank.hpp(33): error C3646: 'bank': unknown override specifier
2025-06-23T20:20:33.9141704Z ##[error]D:\a\synthizer3d\synthizer3d\synthizer-vendored\include\synthizer/generators/fast_sine_bank.hpp(33): error C4430: missing type specifier - int assumed. Note: C++ does not support default-int
2025-06-23T20:20:33.9146319Z ##[error]D:\a\synthizer3d\synthizer3d\synthizer-vendored\include\synthizer/generators/fast_sine_bank.hpp(38): error C2614: 'synthizer::FastSineBankGenerator': illegal member initialization: 'bank' is not a base or member
2025-06-23T20:20:33.9149797Z ##[error]D:\a\synthizer3d\synthizer3d\synthizer-vendored\include\synthizer/generators/fast_sine_bank.hpp(40): error C2065: 'SineWaveConfig': undeclared identifier
2025-06-23T20:20:33.9153039Z ##[error]D:\a\synthizer3d\synthizer3d\synthizer-vendored\include\synthizer/generators/fast_sine_bank.hpp(40): error C2146: syntax error: missing ';' before identifier 'wave'
2025-06-23T20:20:33.9156138Z ##[error]D:\a\synthizer3d\synthizer3d\synthizer-vendored\include\synthizer/generators/fast_sine_bank.hpp(40): error C2065: 'wave': undeclared identifier
2025-06-23T20:20:33.9159522Z ##[error]D:\a\synthizer3d\synthizer3d\synthizer-vendored\include\synthizer/generators/fast_sine_bank.hpp(41): error C2039: 'bank': is not a member of 'synthizer::FastSineBankGenerator'
2025-06-23T20:20:33.9163778Z D:\a\synthizer3d\synthizer3d\synthizer-vendored\include\synthizer/generators/fast_sine_bank.hpp(18): note: see declaration of 'synthizer::FastSineBankGenerator'
2025-06-23T20:20:33.9166279Z ##[error]D:\a\synthizer3d\synthizer3d\synthizer-vendored\include\synthizer/generators/fast_sine_bank.hpp(41): error C2065: 'wave': undeclared identifier
2025-06-23T20:20:33.9169580Z ##[error]D:\a\synthizer3d\synthizer3d\synthizer-vendored\include\synthizer/generators/fast_sine_bank.hpp(60): error C2039: 'bank': is not a member of 'synthizer::FastSineBankGenerator'
2025-06-23T20:20:33.9172535Z D:\a\synthizer3d\synthizer3d\synthizer-vendored\include\synthizer/generators/fast_sine_bank.hpp(18): note: see declaration of 'synthizer::FastSineBankGenerator'
2025-06-23T20:20:33.9175301Z ##[error]D:\a\synthizer3d\synthizer3d\synthizer-vendored\include\synthizer/generators/fast_sine_bank.hpp(61): error C2039: 'bank': is not a member of 'synthizer::FastSineBankGenerator'
2025-06-23T20:20:34.3049572Z D:\a\synthizer3d\synthizer3d\synthizer-vendored\include\synthizer/generators/fast_sine_bank.hpp(18): note: see declaration of 'synthizer::FastSineBankGenerator'
2025-06-23T20:20:34.3051126Z [3/28] Building CXX object CMakeFiles\synthizer.dir\src\byte_stream.cpp.obj
2025-06-23T20:20:34.3052068Z [4/28] Building CXX object CMakeFiles\synthizer.dir\src\audio_output.cpp.obj
2025-06-23T20:20:34.3053003Z [5/28] Building CXX object CMakeFiles\synthizer.dir\src\decoding.cpp.obj
2025-06-23T20:20:34.3053828Z cl : Command line warning D9025 : overriding '/WX' with '/WX-'
2025-06-23T20:20:34.3054868Z [6/28] Building C object CMakeFiles\synthizer_single_file_libs.dir\src\single_file_libs.c.obj
2025-06-23T20:20:34.3055877Z [7/28] Building CXX object CMakeFiles\synthizer.dir\src\context.cpp.obj
2025-06-23T20:20:34.3056789Z ninja: build stopped: subcommand failed.
2025-06-23T20:20:34.3097478Z Traceback (most recent call last):
2025-06-23T20:20:34.3098459Z   File "C:\hostedtoolcache\windows\Python\3.9.13\x64\lib\site-packages\pyproject_hooks\_in_process\_in_process.py", line 389, in <module>
2025-06-23T20:20:34.3143683Z     main()
2025-06-23T20:20:34.3144684Z   File "C:\hostedtoolcache\windows\Python\3.9.13\x64\lib\site-packages\pyproject_hooks\_in_process\_in_process.py", line 373, in main
2025-06-23T20:20:34.3146026Z     json_out["return_val"] = hook(**hook_input["kwargs"])
2025-06-23T20:20:34.3147508Z   File "C:\hostedtoolcache\windows\Python\3.9.13\x64\lib\site-packages\pyproject_hooks\_in_process\_in_process.py", line 143, in get_requires_for_build_wheel
2025-06-23T20:20:34.3148720Z     return hook(config_settings)
2025-06-23T20:20:34.3149624Z   File "C:\hostedtoolcache\windows\Python\3.9.13\x64\lib\site-packages\setuptools\build_meta.py", line 154, in get_requires_for_build_wheel
2025-06-23T20:20:34.3254384Z     return self._get_build_requires(
2025-06-23T20:20:34.3255849Z   File "C:\hostedtoolcache\windows\Python\3.9.13\x64\lib\site-packages\setuptools\build_meta.py", line 135, in _get_build_requires
2025-06-23T20:20:34.3257161Z     self.run_setup()
2025-06-23T20:20:34.3258096Z   File "C:\hostedtoolcache\windows\Python\3.9.13\x64\lib\site-packages\setuptools\build_meta.py", line 258, in run_setup
2025-06-23T20:20:34.3302527Z     super(_BuildMetaLegacyBackend,
2025-06-23T20:20:34.3303589Z   File "C:\hostedtoolcache\windows\Python\3.9.13\x64\lib\site-packages\setuptools\build_meta.py", line 150, in run_setup
2025-06-23T20:20:34.3305216Z     exec(compile(code, __file__, 'exec'), locals())
2025-06-23T20:20:34.3306079Z   File "setup.py", line 68, in <module>
2025-06-23T20:20:34.3306725Z     cmake.make()
2025-06-23T20:20:34.3307974Z   File "C:\hostedtoolcache\windows\Python\3.9.13\x64\lib\site-packages\skbuild\cmaker.py", line 696, in make
2025-06-23T20:20:34.3311327Z     self.make_impl(clargs=clargs, config=config, source_dir=source_dir, install_target=install_target, env=env)
2025-06-23T20:20:34.3312547Z   File "C:\hostedtoolcache\windows\Python\3.9.13\x64\lib\site-packages\skbuild\cmaker.py", line 741, in make_impl
2025-06-23T20:20:34.3313307Z     raise SKBuildError(msg)
2025-06-23T20:20:34.3314129Z skbuild.exceptions.SKBuildError: An error occurred while building with CMake.
2025-06-23T20:20:34.3314610Z   Command:
2025-06-23T20:20:34.3315452Z     'C:\hostedtoolcache\windows\Python\3.9.13\x64\Lib\site-packages\cmake\data\bin/cmake.exe' --build . --target install --config Release --
2025-06-23T20:20:34.3316168Z   Install target:
2025-06-23T20:20:34.3316387Z     install
2025-06-23T20:20:34.3316624Z   Source directory:
2025-06-23T20:20:34.3316927Z     D:\a\synthizer3d\synthizer3d
2025-06-23T20:20:34.3317246Z   Working directory:
2025-06-23T20:20:34.3317691Z     D:\a\synthizer3d\synthizer3d\_skbuild\win-amd64-3.9\cmake-build
2025-06-23T20:20:34.3318408Z Please check the install target is valid and see CMake's output for more information.
2025-06-23T20:20:34.3318814Z 
2025-06-23T20:20:34.3601050Z 
2025-06-23T20:20:34.3601882Z ERROR Backend subprocess exited when trying to invoke get_requires_for_build_wheel
2025-06-23T20:20:34.4085537Z ##[error]Process completed with exit code 1.
2025-06-23T20:20:34.4244893Z Post job cleanup.
2025-06-23T20:20:34.6764128Z [command]"C:\Program Files\Git\bin\git.exe" version
2025-06-23T20:20:34.7046416Z git version 2.49.0.windows.1
2025-06-23T20:20:34.7122608Z Temporarily overriding HOME='D:\a\_temp\9bd40845-51b3-4055-b96d-1761f0634038' before making global git config changes
2025-06-23T20:20:34.7123701Z Adding repository directory to the temporary git global config as a safe directory
2025-06-23T20:20:34.7135461Z [command]"C:\Program Files\Git\bin\git.exe" config --global --add safe.directory D:\a\synthizer3d\synthizer3d
2025-06-23T20:20:34.7381369Z [command]"C:\Program Files\Git\bin\git.exe" config --local --name-only --get-regexp core\.sshCommand
2025-06-23T20:20:34.7618433Z [command]"C:\Program Files\Git\bin\git.exe" submodule foreach --recursive "sh -c \"git config --local --name-only --get-regexp 'core\.sshCommand' && git config --local --unset-all 'core.sshCommand' || :\""
2025-06-23T20:20:35.1747597Z [command]"C:\Program Files\Git\bin\git.exe" config --local --name-only --get-regexp http\.https\:\/\/github\.com\/\.extraheader
2025-06-23T20:20:35.1945680Z http.https://github.com/.extraheader
2025-06-23T20:20:35.1984931Z [command]"C:\Program Files\Git\bin\git.exe" config --local --unset-all http.https://github.com/.extraheader
2025-06-23T20:20:35.2217244Z [command]"C:\Program Files\Git\bin\git.exe" submodule foreach --recursive "sh -c \"git config --local --name-only --get-regexp 'http\.https\:\/\/github\.com\/\.extraheader' && git config --local --unset-all 'http.https://github.com/.extraheader' || :\""
2025-06-23T20:20:35.6434064Z Cleaning up orphan processes
2025-06-23T20:20:35.7045397Z Terminate orphan process: pid (2044) (vctip)
2025-06-23T20:20:35.7212016Z Terminate orphan process: pid (2528) (mspdbsrv)